
SyntaxError: Unexpected identifier
    at Module._compile (module.js:439:25)
    at Object.Module._extensions..js (module.js:474:10)
    at Module.load (module.js:356:32)
    at Function.Module._load (module.js:312:12)
    at Module.require (module.js:364:17)
    at require (module.js:380:17)
    at Object.<anonymous> (/Users/clazinasteunenberg/Downloads/Pokemon-Showdown/command-parser.js:368:22)
    at Module._compile (module.js:456:26)
    at Object.Module._extensions..js (module.js:474:10)
    at Module.load (module.js:356:32)

Additional information:
user = realpresent
ip = 85.151.31.30
roomid = 
message = |/hotpatch chat

SyntaxError: Unexpected identifier
    at Module._compile (module.js:439:25)
    at Object.Module._extensions..js (module.js:474:10)
    at Module.load (module.js:356:32)
    at Function.Module._load (module.js:312:12)
    at Module.require (module.js:364:17)
    at require (module.js:380:17)
    at Object.<anonymous> (/Users/clazinasteunenberg/Downloads/Pokemon-Showdown/command-parser.js:368:22)
    at Module._compile (module.js:456:26)
    at Object.Module._extensions..js (module.js:474:10)
    at Module.load (module.js:356:32)

Additional information:
user = realpresent
ip = 85.151.31.30
roomid = 
message = |/hotpatch chat

SyntaxError: Unexpected identifier
    at Module._compile (module.js:439:25)
    at Object.Module._extensions..js (module.js:474:10)
    at Module.load (module.js:356:32)
    at Function.Module._load (module.js:312:12)
    at Module.require (module.js:364:17)
    at require (module.js:380:17)
    at Object.<anonymous> (/Users/clazinasteunenberg/Downloads/Pokemon-Showdown/command-parser.js:368:22)
    at Module._compile (module.js:456:26)
    at Object.Module._extensions..js (module.js:474:10)
    at Module.load (module.js:356:32)

Additional information:
user = realpresent
ip = 85.151.31.30
roomid = 
message = |/hotpatch chat

SyntaxError: Unexpected identifier
    at Module._compile (module.js:439:25)
    at Object.Module._extensions..js (module.js:474:10)
    at Module.load (module.js:356:32)
    at Function.Module._load (module.js:312:12)
    at Module.require (module.js:364:17)
    at require (module.js:380:17)
    at Object.<anonymous> (/Users/clazinasteunenberg/Downloads/Pokemon-Showdown/command-parser.js:368:22)
    at Module._compile (module.js:456:26)
    at Object.Module._extensions..js (module.js:474:10)
    at Module.load (module.js:356:32)

Additional information:
user = snaquaza
ip = 84.85.13.2
roomid = 
message = |/hotpatch chat

TypeError: Cannot read property 'rank' of undefined
    at Object.exports.commands.promote (/Users/clazinasteunenberg/Downloads/Pokemon-Showdown/commands.js:388:80)
    at Object.exports.parse (/Users/clazinasteunenberg/Downloads/Pokemon-Showdown/command-parser.js:192:31)
    at ChatRoom.chat (/Users/clazinasteunenberg/Downloads/Pokemon-Showdown/rooms.js:1277:27)
    at User.chat (/Users/clazinasteunenberg/Downloads/Pokemon-Showdown/users.js:1010:9)
    at /Users/clazinasteunenberg/Downloads/Pokemon-Showdown/app.js:418:10
    at Array.forEach (native)
    at SockJSConnection.<anonymous> (/Users/clazinasteunenberg/Downloads/Pokemon-Showdown/app.js:417:22)
    at SockJSConnection.EventEmitter.emit (events.js:95:17)
    at Session.didMessage (/Users/clazinasteunenberg/Downloads/Pokemon-Showdown/node_modules/sockjs/lib/transport.js:212:25)
    at WebSocketReceiver.didMessage (/Users/clazinasteunenberg/Downloads/Pokemon-Showdown/node_modules/sockjs/lib/trans-websocket.js:102:40)

Additional information:
user = realpresent
ip = 85.151.31.30
roomid = 
message = |/demote Yellowlord

TypeError: Cannot read property 'rank' of undefined
    at Object.exports.commands.promote (/Users/clazinasteunenberg/Downloads/Pokemon-Showdown/commands.js:388:80)
    at Object.exports.parse (/Users/clazinasteunenberg/Downloads/Pokemon-Showdown/command-parser.js:192:31)
    at ChatRoom.chat (/Users/clazinasteunenberg/Downloads/Pokemon-Showdown/rooms.js:1277:27)
    at User.chat (/Users/clazinasteunenberg/Downloads/Pokemon-Showdown/users.js:1010:9)
    at /Users/clazinasteunenberg/Downloads/Pokemon-Showdown/app.js:418:10
    at Array.forEach (native)
    at SockJSConnection.<anonymous> (/Users/clazinasteunenberg/Downloads/Pokemon-Showdown/app.js:417:22)
    at SockJSConnection.EventEmitter.emit (events.js:95:17)
    at Session.didMessage (/Users/clazinasteunenberg/Downloads/Pokemon-Showdown/node_modules/sockjs/lib/transport.js:212:25)
    at WebSocketReceiver.didMessage (/Users/clazinasteunenberg/Downloads/Pokemon-Showdown/node_modules/sockjs/lib/trans-websocket.js:102:40)

Additional information:
user = realpresent
ip = 85.151.31.30
roomid = 
message = |/promote Yellowlord,+

TypeError: Cannot read property 'rank' of undefined
    at Object.exports.commands.promote (/Users/clazinasteunenberg/Downloads/Pokemon-Showdown/commands.js:388:80)
    at Object.exports.parse (/Users/clazinasteunenberg/Downloads/Pokemon-Showdown/command-parser.js:192:31)
    at ChatRoom.chat (/Users/clazinasteunenberg/Downloads/Pokemon-Showdown/rooms.js:1277:27)
    at User.chat (/Users/clazinasteunenberg/Downloads/Pokemon-Showdown/users.js:1010:9)
    at /Users/clazinasteunenberg/Downloads/Pokemon-Showdown/app.js:418:10
    at Array.forEach (native)
    at SockJSConnection.<anonymous> (/Users/clazinasteunenberg/Downloads/Pokemon-Showdown/app.js:417:22)
    at SockJSConnection.EventEmitter.emit (events.js:95:17)
    at Session.didMessage (/Users/clazinasteunenberg/Downloads/Pokemon-Showdown/node_modules/sockjs/lib/transport.js:212:25)
    at WebSocketReceiver.didMessage (/Users/clazinasteunenberg/Downloads/Pokemon-Showdown/node_modules/sockjs/lib/trans-websocket.js:102:40)

Additional information:
user = snaquaza
ip = 84.85.13.2
roomid = 
message = |/demote Yellowlord

TypeError: Cannot read property 'rank' of undefined
    at Object.exports.commands.promote (/Users/clazinasteunenberg/Downloads/Pokemon-Showdown/commands.js:388:80)
    at Object.exports.parse (/Users/clazinasteunenberg/Downloads/Pokemon-Showdown/command-parser.js:192:31)
    at ChatRoom.chat (/Users/clazinasteunenberg/Downloads/Pokemon-Showdown/rooms.js:1277:27)
    at User.chat (/Users/clazinasteunenberg/Downloads/Pokemon-Showdown/users.js:1010:9)
    at /Users/clazinasteunenberg/Downloads/Pokemon-Showdown/app.js:418:10
    at Array.forEach (native)
    at SockJSConnection.<anonymous> (/Users/clazinasteunenberg/Downloads/Pokemon-Showdown/app.js:417:22)
    at SockJSConnection.EventEmitter.emit (events.js:95:17)
    at Session.didMessage (/Users/clazinasteunenberg/Downloads/Pokemon-Showdown/node_modules/sockjs/lib/transport.js:212:25)
    at WebSocketReceiver.didMessage (/Users/clazinasteunenberg/Downloads/Pokemon-Showdown/node_modules/sockjs/lib/trans-websocket.js:102:40)

Additional information:
user = realpresent
ip = 85.151.31.30
roomid = 
message = |/promote Young Xehanort,~

TypeError: Cannot read property 'rank' of undefined
    at Object.exports.commands.promote (/Users/clazinasteunenberg/Downloads/Pokemon-Showdown/commands.js:388:80)
    at Object.exports.parse (/Users/clazinasteunenberg/Downloads/Pokemon-Showdown/command-parser.js:192:31)
    at ChatRoom.chat (/Users/clazinasteunenberg/Downloads/Pokemon-Showdown/rooms.js:1277:27)
    at User.chat (/Users/clazinasteunenberg/Downloads/Pokemon-Showdown/users.js:1010:9)
    at /Users/clazinasteunenberg/Downloads/Pokemon-Showdown/app.js:418:10
    at Array.forEach (native)
    at SockJSConnection.<anonymous> (/Users/clazinasteunenberg/Downloads/Pokemon-Showdown/app.js:417:22)
    at SockJSConnection.EventEmitter.emit (events.js:95:17)
    at Session.didMessage (/Users/clazinasteunenberg/Downloads/Pokemon-Showdown/node_modules/sockjs/lib/transport.js:212:25)
    at WebSocketReceiver.didMessage (/Users/clazinasteunenberg/Downloads/Pokemon-Showdown/node_modules/sockjs/lib/trans-websocket.js:102:40)

Additional information:
user = realpresent
ip = 85.151.31.30
roomid = 
message = |/promote Yellowlord

SyntaxError: Unexpected token (
    at Module._compile (module.js:439:25)
    at Object.Module._extensions..js (module.js:474:10)
    at Module.load (module.js:356:32)
    at Function.Module._load (module.js:312:12)
    at Module.require (module.js:364:17)
    at require (module.js:380:17)
    at Object.<anonymous> (/Users/clazinasteunenberg/Downloads/Pokemon-Showdown/command-parser.js:368:22)
    at Module._compile (module.js:456:26)
    at Object.Module._extensions..js (module.js:474:10)
    at Module.load (module.js:356:32)

Additional information:
user = snaquaza
ip = 84.85.13.2
roomid = 
message = |/hotpatch chat

SyntaxError: Unexpected token (
    at Module._compile (module.js:439:25)
    at Object.Module._extensions..js (module.js:474:10)
    at Module.load (module.js:356:32)
    at Function.Module._load (module.js:312:12)
    at Module.require (module.js:364:17)
    at require (module.js:380:17)
    at Object.<anonymous> (/Users/clazinasteunenberg/Downloads/Pokemon-Showdown/command-parser.js:368:22)
    at Module._compile (module.js:456:26)
    at Object.Module._extensions..js (module.js:474:10)
    at Module.load (module.js:356:32)

Additional information:
user = realpresent
ip = 85.151.31.30
roomid = 
message = |/hotpatch chat

TypeError: Cannot read property 'rank' of undefined
    at Object.exports.commands.promote (/Users/clazinasteunenberg/Downloads/Pokemon-Showdown/commands.js:388:80)
    at Object.exports.parse (/Users/clazinasteunenberg/Downloads/Pokemon-Showdown/command-parser.js:192:31)
    at ChatRoom.chat (/Users/clazinasteunenberg/Downloads/Pokemon-Showdown/rooms.js:1277:27)
    at User.chat (/Users/clazinasteunenberg/Downloads/Pokemon-Showdown/users.js:1010:9)
    at /Users/clazinasteunenberg/Downloads/Pokemon-Showdown/app.js:418:10
    at Array.forEach (native)
    at SockJSConnection.<anonymous> (/Users/clazinasteunenberg/Downloads/Pokemon-Showdown/app.js:417:22)
    at SockJSConnection.EventEmitter.emit (events.js:95:17)
    at Session.didMessage (/Users/clazinasteunenberg/Downloads/Pokemon-Showdown/node_modules/sockjs/lib/transport.js:212:25)
    at WebSocketReceiver.didMessage (/Users/clazinasteunenberg/Downloads/Pokemon-Showdown/node_modules/sockjs/lib/trans-websocket.js:102:40)

Additional information:
user = realpresent
ip = 85.151.31.30
roomid = 
message = |/promote Young Xehanort,~

TypeError: Cannot read property 'rank' of undefined
    at Object.exports.commands.promote (/Users/clazinasteunenberg/Downloads/Pokemon-Showdown/commands.js:388:80)
    at Object.exports.parse (/Users/clazinasteunenberg/Downloads/Pokemon-Showdown/command-parser.js:192:31)
    at ChatRoom.chat (/Users/clazinasteunenberg/Downloads/Pokemon-Showdown/rooms.js:1277:27)
    at User.chat (/Users/clazinasteunenberg/Downloads/Pokemon-Showdown/users.js:1010:9)
    at /Users/clazinasteunenberg/Downloads/Pokemon-Showdown/app.js:418:10
    at Array.forEach (native)
    at SockJSConnection.<anonymous> (/Users/clazinasteunenberg/Downloads/Pokemon-Showdown/app.js:417:22)
    at SockJSConnection.EventEmitter.emit (events.js:95:17)
    at Session.didMessage (/Users/clazinasteunenberg/Downloads/Pokemon-Showdown/node_modules/sockjs/lib/transport.js:212:25)
    at WebSocketReceiver.didMessage (/Users/clazinasteunenberg/Downloads/Pokemon-Showdown/node_modules/sockjs/lib/trans-websocket.js:102:40)

Additional information:
user = realpresent
ip = 85.151.31.30
roomid = 
message = |/promote Young Xehanort,~

TypeError: Cannot read property 'rank' of undefined
    at Object.exports.commands.promote (/Users/clazinasteunenberg/Downloads/Pokemon-Showdown/commands.js:388:80)
    at Object.exports.parse (/Users/clazinasteunenberg/Downloads/Pokemon-Showdown/command-parser.js:192:31)
    at ChatRoom.chat (/Users/clazinasteunenberg/Downloads/Pokemon-Showdown/rooms.js:1277:27)
    at User.chat (/Users/clazinasteunenberg/Downloads/Pokemon-Showdown/users.js:1010:9)
    at /Users/clazinasteunenberg/Downloads/Pokemon-Showdown/app.js:418:10
    at Array.forEach (native)
    at SockJSConnection.<anonymous> (/Users/clazinasteunenberg/Downloads/Pokemon-Showdown/app.js:417:22)
    at SockJSConnection.EventEmitter.emit (events.js:95:17)
    at Session.didMessage (/Users/clazinasteunenberg/Downloads/Pokemon-Showdown/node_modules/sockjs/lib/transport.js:212:25)
    at WebSocketReceiver.didMessage (/Users/clazinasteunenberg/Downloads/Pokemon-Showdown/node_modules/sockjs/lib/trans-websocket.js:102:40)

Additional information:
user = realpresent
ip = 85.151.31.30
roomid = 
message = |/promote Young Xehanort

TypeError: Cannot read property 'rank' of undefined
    at Object.exports.commands.promote (/Users/clazinasteunenberg/Downloads/Pokemon-Showdown/commands.js:388:80)
    at Object.exports.parse (/Users/clazinasteunenberg/Downloads/Pokemon-Showdown/command-parser.js:192:31)
    at ChatRoom.chat (/Users/clazinasteunenberg/Downloads/Pokemon-Showdown/rooms.js:1277:27)
    at User.chat (/Users/clazinasteunenberg/Downloads/Pokemon-Showdown/users.js:1010:9)
    at /Users/clazinasteunenberg/Downloads/Pokemon-Showdown/app.js:418:10
    at Array.forEach (native)
    at SockJSConnection.<anonymous> (/Users/clazinasteunenberg/Downloads/Pokemon-Showdown/app.js:417:22)
    at SockJSConnection.EventEmitter.emit (events.js:95:17)
    at Session.didMessage (/Users/clazinasteunenberg/Downloads/Pokemon-Showdown/node_modules/sockjs/lib/transport.js:212:25)
    at WebSocketReceiver.didMessage (/Users/clazinasteunenberg/Downloads/Pokemon-Showdown/node_modules/sockjs/lib/trans-websocket.js:102:40)

Additional information:
user = snaquaza
ip = 84.85.13.2
roomid = 
message = |/promote Young Xehanort

TypeError: Cannot read property 'rank' of undefined
    at Object.exports.commands.promote (/Users/clazinasteunenberg/Downloads/Pokemon-Showdown/commands.js:388:80)
    at Object.exports.parse (/Users/clazinasteunenberg/Downloads/Pokemon-Showdown/command-parser.js:192:31)
    at ChatRoom.chat (/Users/clazinasteunenberg/Downloads/Pokemon-Showdown/rooms.js:1277:27)
    at User.chat (/Users/clazinasteunenberg/Downloads/Pokemon-Showdown/users.js:1010:9)
    at /Users/clazinasteunenberg/Downloads/Pokemon-Showdown/app.js:418:10
    at Array.forEach (native)
    at SockJSConnection.<anonymous> (/Users/clazinasteunenberg/Downloads/Pokemon-Showdown/app.js:417:22)
    at SockJSConnection.EventEmitter.emit (events.js:95:17)
    at Session.didMessage (/Users/clazinasteunenberg/Downloads/Pokemon-Showdown/node_modules/sockjs/lib/transport.js:212:25)
    at WebSocketReceiver.didMessage (/Users/clazinasteunenberg/Downloads/Pokemon-Showdown/node_modules/sockjs/lib/trans-websocket.js:102:40)

Additional information:
user = realpresent
ip = 85.151.31.30
roomid = 
message = |/demote Young Xehanort,+

TypeError: Cannot read property 'rank' of undefined
    at Object.exports.commands.promote (/Users/clazinasteunenberg/Downloads/Pokemon-Showdown/commands.js:388:80)
    at Object.exports.parse (/Users/clazinasteunenberg/Downloads/Pokemon-Showdown/command-parser.js:192:31)
    at ChatRoom.chat (/Users/clazinasteunenberg/Downloads/Pokemon-Showdown/rooms.js:1277:27)
    at User.chat (/Users/clazinasteunenberg/Downloads/Pokemon-Showdown/users.js:1010:9)
    at /Users/clazinasteunenberg/Downloads/Pokemon-Showdown/app.js:418:10
    at Array.forEach (native)
    at SockJSConnection.<anonymous> (/Users/clazinasteunenberg/Downloads/Pokemon-Showdown/app.js:417:22)
    at SockJSConnection.EventEmitter.emit (events.js:95:17)
    at Session.didMessage (/Users/clazinasteunenberg/Downloads/Pokemon-Showdown/node_modules/sockjs/lib/transport.js:212:25)
    at WebSocketReceiver.didMessage (/Users/clazinasteunenberg/Downloads/Pokemon-Showdown/node_modules/sockjs/lib/trans-websocket.js:102:40)

Additional information:
user = realpresent
ip = 85.151.31.30
roomid = 
message = |/demote ShadowMe

TypeError: Cannot read property 'rank' of undefined
    at Object.exports.commands.promote (/Users/clazinasteunenberg/Downloads/Pokemon-Showdown/commands.js:388:80)
    at Object.exports.parse (/Users/clazinasteunenberg/Downloads/Pokemon-Showdown/command-parser.js:192:31)
    at ChatRoom.chat (/Users/clazinasteunenberg/Downloads/Pokemon-Showdown/rooms.js:1277:27)
    at User.chat (/Users/clazinasteunenberg/Downloads/Pokemon-Showdown/users.js:1010:9)
    at /Users/clazinasteunenberg/Downloads/Pokemon-Showdown/app.js:418:10
    at Array.forEach (native)
    at SockJSConnection.<anonymous> (/Users/clazinasteunenberg/Downloads/Pokemon-Showdown/app.js:417:22)
    at SockJSConnection.EventEmitter.emit (events.js:95:17)
    at Session.didMessage (/Users/clazinasteunenberg/Downloads/Pokemon-Showdown/node_modules/sockjs/lib/transport.js:212:25)
    at WebSocketReceiver.didMessage (/Users/clazinasteunenberg/Downloads/Pokemon-Showdown/node_modules/sockjs/lib/trans-websocket.js:102:40)

Additional information:
user = snaquaza
ip = 84.85.13.2
roomid = 
message = |/demote Young Xehanort

SyntaxError: Unexpected token (
    at Module._compile (module.js:439:25)
    at Object.Module._extensions..js (module.js:474:10)
    at Module.load (module.js:356:32)
    at Function.Module._load (module.js:312:12)
    at Module.require (module.js:364:17)
    at require (module.js:380:17)
    at Object.<anonymous> (/Users/clazinasteunenberg/Downloads/Pokemon-Showdown/command-parser.js:368:22)
    at Module._compile (module.js:456:26)
    at Object.Module._extensions..js (module.js:474:10)
    at Module.load (module.js:356:32)

Additional information:
user = snaquaza
ip = 127.0.0.1
roomid = 
message = |/hotpatch chat

SyntaxError: Unexpected token (
    at Module._compile (module.js:439:25)
    at Object.Module._extensions..js (module.js:474:10)
    at Module.load (module.js:356:32)
    at Function.Module._load (module.js:312:12)
    at Module.require (module.js:364:17)
    at require (module.js:380:17)
    at Object.<anonymous> (/Users/clazinasteunenberg/Downloads/Pokemon-Showdown/command-parser.js:368:22)
    at Module._compile (module.js:456:26)
    at Object.Module._extensions..js (module.js:474:10)
    at Module.load (module.js:356:32)

Additional information:
user = snaquaza
ip = 127.0.0.1
roomid = 
message = |/hotpatch chat

TypeError: Cannot read property '0' of undefined
    at new User (/Users/clazinasteunenberg/Downloads/Pokemon-Showdown/users.js:169:36)
    at Object.connectUser (/Users/clazinasteunenberg/Downloads/Pokemon-Showdown/users.js:88:13)
    at Server.<anonymous> (/Users/clazinasteunenberg/Downloads/Pokemon-Showdown/app.js:448:21)
    at Server.EventEmitter.emit (events.js:95:17)
    at App.emit (/Users/clazinasteunenberg/Downloads/Pokemon-Showdown/node_modules/sockjs/lib/sockjs.js:182:27)
    at Session.emit_open (/Users/clazinasteunenberg/Downloads/Pokemon-Showdown/node_modules/sockjs/lib/transport.js:107:23)
    at process._tickCallback (node.js:415:13)

TypeError: Cannot read property 'user' of undefined
    at SockJSConnection.<anonymous> (/Users/clazinasteunenberg/Downloads/Pokemon-Showdown/app.js:412:25)
    at SockJSConnection.EventEmitter.emit (events.js:95:17)
    at Session.didMessage (/Users/clazinasteunenberg/Downloads/Pokemon-Showdown/node_modules/sockjs/lib/transport.js:212:25)
    at WebSocketReceiver.didMessage (/Users/clazinasteunenberg/Downloads/Pokemon-Showdown/node_modules/sockjs/lib/trans-websocket.js:102:40)
    at /Users/clazinasteunenberg/Downloads/Pokemon-Showdown/node_modules/sockjs/lib/trans-websocket.js:75:22
    at null.<anonymous> (/Users/clazinasteunenberg/Downloads/Pokemon-Showdown/node_modules/sockjs/node_modules/faye-websocket/lib/faye/websocket/api/event_target.js:41:7)
    at Array.forEach (native)
    at EventTarget.dispatchEvent (/Users/clazinasteunenberg/Downloads/Pokemon-Showdown/node_modules/sockjs/node_modules/faye-websocket/lib/faye/websocket/api/event_target.js:40:33)
    at API.receive (/Users/clazinasteunenberg/Downloads/Pokemon-Showdown/node_modules/sockjs/node_modules/faye-websocket/lib/faye/websocket/api.js:30:10)
    at instance._emitFrame (/Users/clazinasteunenberg/Downloads/Pokemon-Showdown/node_modules/sockjs/node_modules/faye-websocket/lib/faye/websocket/hybi_parser.js:284:44)

Additional information:
user = undefined
ip = 86.6.84.250
roomid = 
message = |/avatar 279,1

TypeError: Cannot read property 'user' of undefined
    at SockJSConnection.<anonymous> (/Users/clazinasteunenberg/Downloads/Pokemon-Showdown/app.js:443:24)
    at SockJSConnection.EventEmitter.emit (events.js:92:17)
    at Session.didTimeout (/Users/clazinasteunenberg/Downloads/Pokemon-Showdown/node_modules/sockjs/lib/transport.js:202:23)
    at WebSocketReceiver.GenericReceiver.didAbort (/Users/clazinasteunenberg/Downloads/Pokemon-Showdown/node_modules/sockjs/lib/transport.js:287:35)
    at thingy_end_cb (/Users/clazinasteunenberg/Downloads/Pokemon-Showdown/node_modules/sockjs/lib/transport.js:271:22)
    at null.<anonymous> (/Users/clazinasteunenberg/Downloads/Pokemon-Showdown/node_modules/sockjs/node_modules/faye-websocket/lib/faye/websocket/api/event_target.js:41:7)
    at Array.forEach (native)
    at EventTarget.dispatchEvent (/Users/clazinasteunenberg/Downloads/Pokemon-Showdown/node_modules/sockjs/node_modules/faye-websocket/lib/faye/websocket/api/event_target.js:40:33)
    at close (/Users/clazinasteunenberg/Downloads/Pokemon-Showdown/node_modules/sockjs/node_modules/faye-websocket/lib/faye/websocket/api.js:67:12)
    at API.close (/Users/clazinasteunenberg/Downloads/Pokemon-Showdown/node_modules/sockjs/node_modules/faye-websocket/lib/faye/websocket/api.js:75:13)

TypeError: Cannot read property '~' of undefined
    at User.can (/Users/clazinasteunenberg/Downloads/Pokemon-Showdown/users.js:234:32)
    at canTalk (/Users/clazinasteunenberg/Downloads/Pokemon-Showdown/command-parser.js:253:14)
    at Object.exports.parse (/Users/clazinasteunenberg/Downloads/Pokemon-Showdown/command-parser.js:214:12)
    at ChatRoom.chat (/Users/clazinasteunenberg/Downloads/Pokemon-Showdown/rooms.js:1277:27)
    at User.chat (/Users/clazinasteunenberg/Downloads/Pokemon-Showdown/users.js:1010:9)
    at /Users/clazinasteunenberg/Downloads/Pokemon-Showdown/app.js:418:10
    at Array.forEach (native)
    at SockJSConnection.<anonymous> (/Users/clazinasteunenberg/Downloads/Pokemon-Showdown/app.js:417:22)
    at SockJSConnection.EventEmitter.emit (events.js:95:17)
    at Session.didMessage (/Users/clazinasteunenberg/Downloads/Pokemon-Showdown/node_modules/sockjs/lib/transport.js:212:25)

Additional information:
user = realpresent
ip = 85.151.31.30
roomid = 
message = |.

TypeError: Cannot read property ' ' of undefined
    at User.can (/Users/clazinasteunenberg/Downloads/Pokemon-Showdown/users.js:234:32)
    at canTalk (/Users/clazinasteunenberg/Downloads/Pokemon-Showdown/command-parser.js:253:14)
    at Object.exports.parse (/Users/clazinasteunenberg/Downloads/Pokemon-Showdown/command-parser.js:214:12)
    at ChatRoom.chat (/Users/clazinasteunenberg/Downloads/Pokemon-Showdown/rooms.js:1277:27)
    at User.chat (/Users/clazinasteunenberg/Downloads/Pokemon-Showdown/users.js:1010:9)
    at /Users/clazinasteunenberg/Downloads/Pokemon-Showdown/app.js:418:10
    at Array.forEach (native)
    at SockJSConnection.<anonymous> (/Users/clazinasteunenberg/Downloads/Pokemon-Showdown/app.js:417:22)
    at SockJSConnection.EventEmitter.emit (events.js:95:17)
    at Session.didMessage (/Users/clazinasteunenberg/Downloads/Pokemon-Showdown/node_modules/sockjs/lib/transport.js:212:25)

Additional information:
user = mewtw
ip = 82.40.168.142
roomid = 
message = |.

TypeError: Cannot read property '0' of undefined
    at new User (/Users/clazinasteunenberg/Downloads/Pokemon-Showdown/users.js:169:36)
    at Object.connectUser (/Users/clazinasteunenberg/Downloads/Pokemon-Showdown/users.js:88:13)
    at Server.<anonymous> (/Users/clazinasteunenberg/Downloads/Pokemon-Showdown/app.js:448:21)
    at Server.EventEmitter.emit (events.js:95:17)
    at App.emit (/Users/clazinasteunenberg/Downloads/Pokemon-Showdown/node_modules/sockjs/lib/sockjs.js:182:27)
    at Session.emit_open (/Users/clazinasteunenberg/Downloads/Pokemon-Showdown/node_modules/sockjs/lib/transport.js:107:23)
    at process._tickCallback (node.js:415:13)

TypeError: Cannot read property 'user' of undefined
    at SockJSConnection.<anonymous> (/Users/clazinasteunenberg/Downloads/Pokemon-Showdown/app.js:412:25)
    at SockJSConnection.EventEmitter.emit (events.js:95:17)
    at Session.didMessage (/Users/clazinasteunenberg/Downloads/Pokemon-Showdown/node_modules/sockjs/lib/transport.js:212:25)
    at WebSocketReceiver.didMessage (/Users/clazinasteunenberg/Downloads/Pokemon-Showdown/node_modules/sockjs/lib/trans-websocket.js:102:40)
    at /Users/clazinasteunenberg/Downloads/Pokemon-Showdown/node_modules/sockjs/lib/trans-websocket.js:75:22
    at null.<anonymous> (/Users/clazinasteunenberg/Downloads/Pokemon-Showdown/node_modules/sockjs/node_modules/faye-websocket/lib/faye/websocket/api/event_target.js:41:7)
    at Array.forEach (native)
    at EventTarget.dispatchEvent (/Users/clazinasteunenberg/Downloads/Pokemon-Showdown/node_modules/sockjs/node_modules/faye-websocket/lib/faye/websocket/api/event_target.js:40:33)
    at API.receive (/Users/clazinasteunenberg/Downloads/Pokemon-Showdown/node_modules/sockjs/node_modules/faye-websocket/lib/faye/websocket/api.js:30:10)
    at instance._emitFrame (/Users/clazinasteunenberg/Downloads/Pokemon-Showdown/node_modules/sockjs/node_modules/faye-websocket/lib/faye/websocket/hybi_parser.js:284:44)

Additional information:
user = undefined
ip = 85.151.31.30
roomid = 
message = |/avatar 267,1

TypeError: Cannot read property 'user' of undefined
    at SockJSConnection.<anonymous> (/Users/clazinasteunenberg/Downloads/Pokemon-Showdown/app.js:443:24)
    at SockJSConnection.EventEmitter.emit (events.js:92:17)
    at Session.didTimeout (/Users/clazinasteunenberg/Downloads/Pokemon-Showdown/node_modules/sockjs/lib/transport.js:202:23)
    at WebSocketReceiver.GenericReceiver.didAbort (/Users/clazinasteunenberg/Downloads/Pokemon-Showdown/node_modules/sockjs/lib/transport.js:287:35)
    at thingy_end_cb (/Users/clazinasteunenberg/Downloads/Pokemon-Showdown/node_modules/sockjs/lib/transport.js:271:22)
    at null.<anonymous> (/Users/clazinasteunenberg/Downloads/Pokemon-Showdown/node_modules/sockjs/node_modules/faye-websocket/lib/faye/websocket/api/event_target.js:41:7)
    at Array.forEach (native)
    at EventTarget.dispatchEvent (/Users/clazinasteunenberg/Downloads/Pokemon-Showdown/node_modules/sockjs/node_modules/faye-websocket/lib/faye/websocket/api/event_target.js:40:33)
    at close (/Users/clazinasteunenberg/Downloads/Pokemon-Showdown/node_modules/sockjs/node_modules/faye-websocket/lib/faye/websocket/api.js:67:12)
    at API.close (/Users/clazinasteunenberg/Downloads/Pokemon-Showdown/node_modules/sockjs/node_modules/faye-websocket/lib/faye/websocket/api.js:75:13)

TypeError: Cannot read property '@' of undefined
    at User.can (/Users/clazinasteunenberg/Downloads/Pokemon-Showdown/users.js:234:32)
    at Object.exports.commands.query (/Users/clazinasteunenberg/Downloads/Pokemon-Showdown/config/commands.js:2575:34)
    at Object.exports.parse (/Users/clazinasteunenberg/Downloads/Pokemon-Showdown/command-parser.js:192:31)
    at ChatRoom.chat (/Users/clazinasteunenberg/Downloads/Pokemon-Showdown/rooms.js:1277:27)
    at User.chat (/Users/clazinasteunenberg/Downloads/Pokemon-Showdown/users.js:991:9)
    at /Users/clazinasteunenberg/Downloads/Pokemon-Showdown/app.js:418:10
    at Array.forEach (native)
    at SockJSConnection.<anonymous> (/Users/clazinasteunenberg/Downloads/Pokemon-Showdown/app.js:417:22)
    at SockJSConnection.EventEmitter.emit (events.js:95:17)
    at Session.didMessage (/Users/clazinasteunenberg/Downloads/Pokemon-Showdown/node_modules/sockjs/lib/transport.js:212:25)

Additional information:
user = oranberrys
ip = 86.13.48.134
roomid = 
message = |/cmd userdetails snaquaza

TypeError: Cannot read property '0' of undefined
    at new User (/Users/clazinasteunenberg/Downloads/Pokemon-Showdown/users.js:169:36)
    at Object.connectUser (/Users/clazinasteunenberg/Downloads/Pokemon-Showdown/users.js:88:13)
    at Server.<anonymous> (/Users/clazinasteunenberg/Downloads/Pokemon-Showdown/app.js:448:21)
    at Server.EventEmitter.emit (events.js:95:17)
    at App.emit (/Users/clazinasteunenberg/Downloads/Pokemon-Showdown/node_modules/sockjs/lib/sockjs.js:182:27)
    at Session.emit_open (/Users/clazinasteunenberg/Downloads/Pokemon-Showdown/node_modules/sockjs/lib/transport.js:107:23)
    at process._tickCallback (node.js:415:13)

TypeError: Cannot read property 'user' of undefined
    at SockJSConnection.<anonymous> (/Users/clazinasteunenberg/Downloads/Pokemon-Showdown/app.js:412:25)
    at SockJSConnection.EventEmitter.emit (events.js:95:17)
    at Session.didMessage (/Users/clazinasteunenberg/Downloads/Pokemon-Showdown/node_modules/sockjs/lib/transport.js:212:25)
    at WebSocketReceiver.didMessage (/Users/clazinasteunenberg/Downloads/Pokemon-Showdown/node_modules/sockjs/lib/trans-websocket.js:102:40)
    at /Users/clazinasteunenberg/Downloads/Pokemon-Showdown/node_modules/sockjs/lib/trans-websocket.js:75:22
    at null.<anonymous> (/Users/clazinasteunenberg/Downloads/Pokemon-Showdown/node_modules/sockjs/node_modules/faye-websocket/lib/faye/websocket/api/event_target.js:41:7)
    at Array.forEach (native)
    at EventTarget.dispatchEvent (/Users/clazinasteunenberg/Downloads/Pokemon-Showdown/node_modules/sockjs/node_modules/faye-websocket/lib/faye/websocket/api/event_target.js:40:33)
    at API.receive (/Users/clazinasteunenberg/Downloads/Pokemon-Showdown/node_modules/sockjs/node_modules/faye-websocket/lib/faye/websocket/api.js:30:10)
    at instance._emitFrame (/Users/clazinasteunenberg/Downloads/Pokemon-Showdown/node_modules/sockjs/node_modules/faye-websocket/lib/faye/websocket/hybi_parser.js:284:44)

Additional information:
user = undefined
ip = 86.13.48.134
roomid = 
message = |/avatar 179,1

TypeError: Cannot read property 'user' of undefined
    at SockJSConnection.<anonymous> (/Users/clazinasteunenberg/Downloads/Pokemon-Showdown/app.js:443:24)
    at SockJSConnection.EventEmitter.emit (events.js:92:17)
    at Session.didTimeout (/Users/clazinasteunenberg/Downloads/Pokemon-Showdown/node_modules/sockjs/lib/transport.js:202:23)
    at WebSocketReceiver.GenericReceiver.didAbort (/Users/clazinasteunenberg/Downloads/Pokemon-Showdown/node_modules/sockjs/lib/transport.js:287:35)
    at thingy_end_cb (/Users/clazinasteunenberg/Downloads/Pokemon-Showdown/node_modules/sockjs/lib/transport.js:271:22)
    at null.<anonymous> (/Users/clazinasteunenberg/Downloads/Pokemon-Showdown/node_modules/sockjs/node_modules/faye-websocket/lib/faye/websocket/api/event_target.js:41:7)
    at Array.forEach (native)
    at EventTarget.dispatchEvent (/Users/clazinasteunenberg/Downloads/Pokemon-Showdown/node_modules/sockjs/node_modules/faye-websocket/lib/faye/websocket/api/event_target.js:40:33)
    at close (/Users/clazinasteunenberg/Downloads/Pokemon-Showdown/node_modules/sockjs/node_modules/faye-websocket/lib/faye/websocket/api.js:67:12)
    at API.close (/Users/clazinasteunenberg/Downloads/Pokemon-Showdown/node_modules/sockjs/node_modules/faye-websocket/lib/faye/websocket/api.js:75:13)

TypeError: Cannot read property '0' of undefined
    at new User (/Users/clazinasteunenberg/Downloads/Pokemon-Showdown/users.js:169:36)
    at Object.connectUser (/Users/clazinasteunenberg/Downloads/Pokemon-Showdown/users.js:88:13)
    at Server.<anonymous> (/Users/clazinasteunenberg/Downloads/Pokemon-Showdown/app.js:448:21)
    at Server.EventEmitter.emit (events.js:95:17)
    at App.emit (/Users/clazinasteunenberg/Downloads/Pokemon-Showdown/node_modules/sockjs/lib/sockjs.js:182:27)
    at Session.emit_open (/Users/clazinasteunenberg/Downloads/Pokemon-Showdown/node_modules/sockjs/lib/transport.js:107:23)
    at process._tickCallback (node.js:415:13)

TypeError: Cannot read property 'user' of undefined
    at SockJSConnection.<anonymous> (/Users/clazinasteunenberg/Downloads/Pokemon-Showdown/app.js:412:25)
    at SockJSConnection.EventEmitter.emit (events.js:95:17)
    at Session.didMessage (/Users/clazinasteunenberg/Downloads/Pokemon-Showdown/node_modules/sockjs/lib/transport.js:212:25)
    at WebSocketReceiver.didMessage (/Users/clazinasteunenberg/Downloads/Pokemon-Showdown/node_modules/sockjs/lib/trans-websocket.js:102:40)
    at /Users/clazinasteunenberg/Downloads/Pokemon-Showdown/node_modules/sockjs/lib/trans-websocket.js:75:22
    at null.<anonymous> (/Users/clazinasteunenberg/Downloads/Pokemon-Showdown/node_modules/sockjs/node_modules/faye-websocket/lib/faye/websocket/api/event_target.js:41:7)
    at Array.forEach (native)
    at EventTarget.dispatchEvent (/Users/clazinasteunenberg/Downloads/Pokemon-Showdown/node_modules/sockjs/node_modules/faye-websocket/lib/faye/websocket/api/event_target.js:40:33)
    at API.receive (/Users/clazinasteunenberg/Downloads/Pokemon-Showdown/node_modules/sockjs/node_modules/faye-websocket/lib/faye/websocket/api.js:30:10)
    at instance._emitFrame (/Users/clazinasteunenberg/Downloads/Pokemon-Showdown/node_modules/sockjs/node_modules/faye-websocket/lib/faye/websocket/hybi_parser.js:284:44)

Additional information:
user = undefined
ip = 86.6.84.250
roomid = 
message = |/avatar 279,1

TypeError: Cannot read property '0' of undefined
    at new User (/Users/clazinasteunenberg/Downloads/Pokemon-Showdown/users.js:169:36)
    at Object.connectUser (/Users/clazinasteunenberg/Downloads/Pokemon-Showdown/users.js:88:13)
    at Server.<anonymous> (/Users/clazinasteunenberg/Downloads/Pokemon-Showdown/app.js:448:21)
    at Server.EventEmitter.emit (events.js:95:17)
    at App.emit (/Users/clazinasteunenberg/Downloads/Pokemon-Showdown/node_modules/sockjs/lib/sockjs.js:182:27)
    at Session.emit_open (/Users/clazinasteunenberg/Downloads/Pokemon-Showdown/node_modules/sockjs/lib/transport.js:107:23)
    at process._tickCallback (node.js:415:13)

TypeError: Cannot read property 'user' of undefined
    at SockJSConnection.<anonymous> (/Users/clazinasteunenberg/Downloads/Pokemon-Showdown/app.js:412:25)
    at SockJSConnection.EventEmitter.emit (events.js:95:17)
    at Session.didMessage (/Users/clazinasteunenberg/Downloads/Pokemon-Showdown/node_modules/sockjs/lib/transport.js:212:25)
    at WebSocketReceiver.didMessage (/Users/clazinasteunenberg/Downloads/Pokemon-Showdown/node_modules/sockjs/lib/trans-websocket.js:102:40)
    at /Users/clazinasteunenberg/Downloads/Pokemon-Showdown/node_modules/sockjs/lib/trans-websocket.js:75:22
    at null.<anonymous> (/Users/clazinasteunenberg/Downloads/Pokemon-Showdown/node_modules/sockjs/node_modules/faye-websocket/lib/faye/websocket/api/event_target.js:41:7)
    at Array.forEach (native)
    at EventTarget.dispatchEvent (/Users/clazinasteunenberg/Downloads/Pokemon-Showdown/node_modules/sockjs/node_modules/faye-websocket/lib/faye/websocket/api/event_target.js:40:33)
    at API.receive (/Users/clazinasteunenberg/Downloads/Pokemon-Showdown/node_modules/sockjs/node_modules/faye-websocket/lib/faye/websocket/api.js:30:10)
    at instance._emitFrame (/Users/clazinasteunenberg/Downloads/Pokemon-Showdown/node_modules/sockjs/node_modules/faye-websocket/lib/faye/websocket/hybi_parser.js:284:44)

Additional information:
user = undefined
ip = 86.13.48.134
roomid = 
message = |/avatar 179,1

TypeError: Cannot read property 'user' of undefined
    at SockJSConnection.<anonymous> (/Users/clazinasteunenberg/Downloads/Pokemon-Showdown/app.js:443:24)
    at SockJSConnection.EventEmitter.emit (events.js:92:17)
    at Session.didTimeout (/Users/clazinasteunenberg/Downloads/Pokemon-Showdown/node_modules/sockjs/lib/transport.js:202:23)
    at WebSocketReceiver.GenericReceiver.didAbort (/Users/clazinasteunenberg/Downloads/Pokemon-Showdown/node_modules/sockjs/lib/transport.js:287:35)
    at thingy_end_cb (/Users/clazinasteunenberg/Downloads/Pokemon-Showdown/node_modules/sockjs/lib/transport.js:271:22)
    at null.<anonymous> (/Users/clazinasteunenberg/Downloads/Pokemon-Showdown/node_modules/sockjs/node_modules/faye-websocket/lib/faye/websocket/api/event_target.js:41:7)
    at Array.forEach (native)
    at EventTarget.dispatchEvent (/Users/clazinasteunenberg/Downloads/Pokemon-Showdown/node_modules/sockjs/node_modules/faye-websocket/lib/faye/websocket/api/event_target.js:40:33)
    at close (/Users/clazinasteunenberg/Downloads/Pokemon-Showdown/node_modules/sockjs/node_modules/faye-websocket/lib/faye/websocket/api.js:67:12)
    at API.close (/Users/clazinasteunenberg/Downloads/Pokemon-Showdown/node_modules/sockjs/node_modules/faye-websocket/lib/faye/websocket/api.js:75:13)

TypeError: Cannot call method 'request' of undefined
    at Function.module.exports.LoginServer.request (/Users/clazinasteunenberg/Downloads/Pokemon-Showdown/loginserver.js:53:33)
    at GlobalRoom.reportUserStats (/Users/clazinasteunenberg/Downloads/Pokemon-Showdown/rooms.js:100:15)
    at wrapper [as _onTimeout] (timers.js:252:14)
    at Timer.listOnTimeout [as ontimeout] (timers.js:110:15)

TypeError: Cannot read property '0' of undefined
    at new User (/Users/clazinasteunenberg/Downloads/Pokemon-Showdown/users.js:169:36)
    at Object.connectUser (/Users/clazinasteunenberg/Downloads/Pokemon-Showdown/users.js:88:13)
    at Server.<anonymous> (/Users/clazinasteunenberg/Downloads/Pokemon-Showdown/app.js:448:21)
    at Server.EventEmitter.emit (events.js:95:17)
    at App.emit (/Users/clazinasteunenberg/Downloads/Pokemon-Showdown/node_modules/sockjs/lib/sockjs.js:182:27)
    at Session.emit_open (/Users/clazinasteunenberg/Downloads/Pokemon-Showdown/node_modules/sockjs/lib/transport.js:107:23)
    at process._tickCallback (node.js:415:13)

TypeError: Cannot read property 'user' of undefined
    at SockJSConnection.<anonymous> (/Users/clazinasteunenberg/Downloads/Pokemon-Showdown/app.js:412:25)
    at SockJSConnection.EventEmitter.emit (events.js:95:17)
    at Session.didMessage (/Users/clazinasteunenberg/Downloads/Pokemon-Showdown/node_modules/sockjs/lib/transport.js:212:25)
    at WebSocketReceiver.didMessage (/Users/clazinasteunenberg/Downloads/Pokemon-Showdown/node_modules/sockjs/lib/trans-websocket.js:102:40)
    at /Users/clazinasteunenberg/Downloads/Pokemon-Showdown/node_modules/sockjs/lib/trans-websocket.js:75:22
    at null.<anonymous> (/Users/clazinasteunenberg/Downloads/Pokemon-Showdown/node_modules/sockjs/node_modules/faye-websocket/lib/faye/websocket/api/event_target.js:41:7)
    at Array.forEach (native)
    at EventTarget.dispatchEvent (/Users/clazinasteunenberg/Downloads/Pokemon-Showdown/node_modules/sockjs/node_modules/faye-websocket/lib/faye/websocket/api/event_target.js:40:33)
    at API.receive (/Users/clazinasteunenberg/Downloads/Pokemon-Showdown/node_modules/sockjs/node_modules/faye-websocket/lib/faye/websocket/api.js:30:10)
    at instance._emitFrame (/Users/clazinasteunenberg/Downloads/Pokemon-Showdown/node_modules/sockjs/node_modules/faye-websocket/lib/faye/websocket/hybi_parser.js:284:44)

Additional information:
user = undefined
ip = 85.151.31.30
roomid = 
message = |/avatar 267,1

TypeError: Cannot read property 'user' of undefined
    at SockJSConnection.<anonymous> (/Users/clazinasteunenberg/Downloads/Pokemon-Showdown/app.js:443:24)
    at SockJSConnection.EventEmitter.emit (events.js:92:17)
    at Session.didTimeout (/Users/clazinasteunenberg/Downloads/Pokemon-Showdown/node_modules/sockjs/lib/transport.js:202:23)
    at WebSocketReceiver.GenericReceiver.didAbort (/Users/clazinasteunenberg/Downloads/Pokemon-Showdown/node_modules/sockjs/lib/transport.js:287:35)
    at thingy_end_cb (/Users/clazinasteunenberg/Downloads/Pokemon-Showdown/node_modules/sockjs/lib/transport.js:271:22)
    at null.<anonymous> (/Users/clazinasteunenberg/Downloads/Pokemon-Showdown/node_modules/sockjs/node_modules/faye-websocket/lib/faye/websocket/api/event_target.js:41:7)
    at Array.forEach (native)
    at EventTarget.dispatchEvent (/Users/clazinasteunenberg/Downloads/Pokemon-Showdown/node_modules/sockjs/node_modules/faye-websocket/lib/faye/websocket/api/event_target.js:40:33)
    at close (/Users/clazinasteunenberg/Downloads/Pokemon-Showdown/node_modules/sockjs/node_modules/faye-websocket/lib/faye/websocket/api.js:67:12)
    at API.close (/Users/clazinasteunenberg/Downloads/Pokemon-Showdown/node_modules/sockjs/node_modules/faye-websocket/lib/faye/websocket/api.js:75:13)

TypeError: Cannot read property '0' of undefined
    at new User (/Users/clazinasteunenberg/Downloads/Pokemon-Showdown/users.js:169:36)
    at Object.connectUser (/Users/clazinasteunenberg/Downloads/Pokemon-Showdown/users.js:88:13)
    at Server.<anonymous> (/Users/clazinasteunenberg/Downloads/Pokemon-Showdown/app.js:448:21)
    at Server.EventEmitter.emit (events.js:95:17)
    at App.emit (/Users/clazinasteunenberg/Downloads/Pokemon-Showdown/node_modules/sockjs/lib/sockjs.js:182:27)
    at Session.emit_open (/Users/clazinasteunenberg/Downloads/Pokemon-Showdown/node_modules/sockjs/lib/transport.js:107:23)
    at process._tickCallback (node.js:415:13)

TypeError: Cannot read property 'user' of undefined
    at SockJSConnection.<anonymous> (/Users/clazinasteunenberg/Downloads/Pokemon-Showdown/app.js:412:25)
    at SockJSConnection.EventEmitter.emit (events.js:95:17)
    at Session.didMessage (/Users/clazinasteunenberg/Downloads/Pokemon-Showdown/node_modules/sockjs/lib/transport.js:212:25)
    at WebSocketReceiver.didMessage (/Users/clazinasteunenberg/Downloads/Pokemon-Showdown/node_modules/sockjs/lib/trans-websocket.js:102:40)
    at /Users/clazinasteunenberg/Downloads/Pokemon-Showdown/node_modules/sockjs/lib/trans-websocket.js:75:22
    at null.<anonymous> (/Users/clazinasteunenberg/Downloads/Pokemon-Showdown/node_modules/sockjs/node_modules/faye-websocket/lib/faye/websocket/api/event_target.js:41:7)
    at Array.forEach (native)
    at EventTarget.dispatchEvent (/Users/clazinasteunenberg/Downloads/Pokemon-Showdown/node_modules/sockjs/node_modules/faye-websocket/lib/faye/websocket/api/event_target.js:40:33)
    at API.receive (/Users/clazinasteunenberg/Downloads/Pokemon-Showdown/node_modules/sockjs/node_modules/faye-websocket/lib/faye/websocket/api.js:30:10)
    at instance._emitFrame (/Users/clazinasteunenberg/Downloads/Pokemon-Showdown/node_modules/sockjs/node_modules/faye-websocket/lib/faye/websocket/hybi_parser.js:284:44)

Additional information:
user = undefined
ip = 86.6.84.250
roomid = 
message = |/avatar 279,1

TypeError: Cannot read property '0' of undefined
    at new User (/Users/clazinasteunenberg/Downloads/Pokemon-Showdown/users.js:169:36)
    at Object.connectUser (/Users/clazinasteunenberg/Downloads/Pokemon-Showdown/users.js:88:13)
    at Server.<anonymous> (/Users/clazinasteunenberg/Downloads/Pokemon-Showdown/app.js:448:21)
    at Server.EventEmitter.emit (events.js:95:17)
    at App.emit (/Users/clazinasteunenberg/Downloads/Pokemon-Showdown/node_modules/sockjs/lib/sockjs.js:182:27)
    at Session.emit_open (/Users/clazinasteunenberg/Downloads/Pokemon-Showdown/node_modules/sockjs/lib/transport.js:107:23)
    at process._tickCallback (node.js:415:13)

TypeError: Cannot read property 'user' of undefined
    at SockJSConnection.<anonymous> (/Users/clazinasteunenberg/Downloads/Pokemon-Showdown/app.js:412:25)
    at SockJSConnection.EventEmitter.emit (events.js:95:17)
    at Session.didMessage (/Users/clazinasteunenberg/Downloads/Pokemon-Showdown/node_modules/sockjs/lib/transport.js:212:25)
    at WebSocketReceiver.didMessage (/Users/clazinasteunenberg/Downloads/Pokemon-Showdown/node_modules/sockjs/lib/trans-websocket.js:102:40)
    at /Users/clazinasteunenberg/Downloads/Pokemon-Showdown/node_modules/sockjs/lib/trans-websocket.js:75:22
    at null.<anonymous> (/Users/clazinasteunenberg/Downloads/Pokemon-Showdown/node_modules/sockjs/node_modules/faye-websocket/lib/faye/websocket/api/event_target.js:41:7)
    at Array.forEach (native)
    at EventTarget.dispatchEvent (/Users/clazinasteunenberg/Downloads/Pokemon-Showdown/node_modules/sockjs/node_modules/faye-websocket/lib/faye/websocket/api/event_target.js:40:33)
    at API.receive (/Users/clazinasteunenberg/Downloads/Pokemon-Showdown/node_modules/sockjs/node_modules/faye-websocket/lib/faye/websocket/api.js:30:10)
    at instance._emitFrame (/Users/clazinasteunenberg/Downloads/Pokemon-Showdown/node_modules/sockjs/node_modules/faye-websocket/lib/faye/websocket/hybi_parser.js:284:44)

Additional information:
user = undefined
ip = 85.151.31.30
roomid = 
message = |/avatar 267,1

TypeError: Cannot read property 'user' of undefined
    at SockJSConnection.<anonymous> (/Users/clazinasteunenberg/Downloads/Pokemon-Showdown/app.js:443:24)
    at SockJSConnection.EventEmitter.emit (events.js:92:17)
    at Session.didTimeout (/Users/clazinasteunenberg/Downloads/Pokemon-Showdown/node_modules/sockjs/lib/transport.js:202:23)
    at WebSocketReceiver.GenericReceiver.didAbort (/Users/clazinasteunenberg/Downloads/Pokemon-Showdown/node_modules/sockjs/lib/transport.js:287:35)
    at thingy_end_cb (/Users/clazinasteunenberg/Downloads/Pokemon-Showdown/node_modules/sockjs/lib/transport.js:271:22)
    at null.<anonymous> (/Users/clazinasteunenberg/Downloads/Pokemon-Showdown/node_modules/sockjs/node_modules/faye-websocket/lib/faye/websocket/api/event_target.js:41:7)
    at Array.forEach (native)
    at EventTarget.dispatchEvent (/Users/clazinasteunenberg/Downloads/Pokemon-Showdown/node_modules/sockjs/node_modules/faye-websocket/lib/faye/websocket/api/event_target.js:40:33)
    at close (/Users/clazinasteunenberg/Downloads/Pokemon-Showdown/node_modules/sockjs/node_modules/faye-websocket/lib/faye/websocket/api.js:67:12)
    at API.close (/Users/clazinasteunenberg/Downloads/Pokemon-Showdown/node_modules/sockjs/node_modules/faye-websocket/lib/faye/websocket/api.js:75:13)

TypeError: Cannot read property '0' of undefined
    at new User (/Users/clazinasteunenberg/Downloads/Pokemon-Showdown/users.js:169:36)
    at Object.connectUser (/Users/clazinasteunenberg/Downloads/Pokemon-Showdown/users.js:88:13)
    at Server.<anonymous> (/Users/clazinasteunenberg/Downloads/Pokemon-Showdown/app.js:448:21)
    at Server.EventEmitter.emit (events.js:95:17)
    at App.emit (/Users/clazinasteunenberg/Downloads/Pokemon-Showdown/node_modules/sockjs/lib/sockjs.js:182:27)
    at Session.emit_open (/Users/clazinasteunenberg/Downloads/Pokemon-Showdown/node_modules/sockjs/lib/transport.js:107:23)
    at process._tickCallback (node.js:415:13)

TypeError: Cannot read property 'user' of undefined
    at SockJSConnection.<anonymous> (/Users/clazinasteunenberg/Downloads/Pokemon-Showdown/app.js:412:25)
    at SockJSConnection.EventEmitter.emit (events.js:95:17)
    at Session.didMessage (/Users/clazinasteunenberg/Downloads/Pokemon-Showdown/node_modules/sockjs/lib/transport.js:212:25)
    at WebSocketReceiver.didMessage (/Users/clazinasteunenberg/Downloads/Pokemon-Showdown/node_modules/sockjs/lib/trans-websocket.js:102:40)
    at /Users/clazinasteunenberg/Downloads/Pokemon-Showdown/node_modules/sockjs/lib/trans-websocket.js:75:22
    at null.<anonymous> (/Users/clazinasteunenberg/Downloads/Pokemon-Showdown/node_modules/sockjs/node_modules/faye-websocket/lib/faye/websocket/api/event_target.js:41:7)
    at Array.forEach (native)
    at EventTarget.dispatchEvent (/Users/clazinasteunenberg/Downloads/Pokemon-Showdown/node_modules/sockjs/node_modules/faye-websocket/lib/faye/websocket/api/event_target.js:40:33)
    at API.receive (/Users/clazinasteunenberg/Downloads/Pokemon-Showdown/node_modules/sockjs/node_modules/faye-websocket/lib/faye/websocket/api.js:30:10)
    at instance._emitFrame (/Users/clazinasteunenberg/Downloads/Pokemon-Showdown/node_modules/sockjs/node_modules/faye-websocket/lib/faye/websocket/hybi_parser.js:284:44)

Additional information:
user = undefined
ip = 85.151.31.30
roomid = 
message = |/avatar 267,1

TypeError: Cannot read property 'user' of undefined
    at SockJSConnection.<anonymous> (/Users/clazinasteunenberg/Downloads/Pokemon-Showdown/app.js:443:24)
    at SockJSConnection.EventEmitter.emit (events.js:92:17)
    at Session.didTimeout (/Users/clazinasteunenberg/Downloads/Pokemon-Showdown/node_modules/sockjs/lib/transport.js:202:23)
    at WebSocketReceiver.GenericReceiver.didAbort (/Users/clazinasteunenberg/Downloads/Pokemon-Showdown/node_modules/sockjs/lib/transport.js:287:35)
    at thingy_end_cb (/Users/clazinasteunenberg/Downloads/Pokemon-Showdown/node_modules/sockjs/lib/transport.js:271:22)
    at null.<anonymous> (/Users/clazinasteunenberg/Downloads/Pokemon-Showdown/node_modules/sockjs/node_modules/faye-websocket/lib/faye/websocket/api/event_target.js:41:7)
    at Array.forEach (native)
    at EventTarget.dispatchEvent (/Users/clazinasteunenberg/Downloads/Pokemon-Showdown/node_modules/sockjs/node_modules/faye-websocket/lib/faye/websocket/api/event_target.js:40:33)
    at close (/Users/clazinasteunenberg/Downloads/Pokemon-Showdown/node_modules/sockjs/node_modules/faye-websocket/lib/faye/websocket/api.js:67:12)
    at API.close (/Users/clazinasteunenberg/Downloads/Pokemon-Showdown/node_modules/sockjs/node_modules/faye-websocket/lib/faye/websocket/api.js:75:13)

TypeError: Cannot read property 'user' of undefined
    at SockJSConnection.<anonymous> (/Users/clazinasteunenberg/Downloads/Pokemon-Showdown/app.js:443:24)
    at SockJSConnection.EventEmitter.emit (events.js:92:17)
    at Session.didTimeout (/Users/clazinasteunenberg/Downloads/Pokemon-Showdown/node_modules/sockjs/lib/transport.js:202:23)
    at WebSocketReceiver.GenericReceiver.didAbort (/Users/clazinasteunenberg/Downloads/Pokemon-Showdown/node_modules/sockjs/lib/transport.js:287:35)
    at thingy_end_cb (/Users/clazinasteunenberg/Downloads/Pokemon-Showdown/node_modules/sockjs/lib/transport.js:271:22)
    at null.<anonymous> (/Users/clazinasteunenberg/Downloads/Pokemon-Showdown/node_modules/sockjs/node_modules/faye-websocket/lib/faye/websocket/api/event_target.js:41:7)
    at Array.forEach (native)
    at EventTarget.dispatchEvent (/Users/clazinasteunenberg/Downloads/Pokemon-Showdown/node_modules/sockjs/node_modules/faye-websocket/lib/faye/websocket/api/event_target.js:40:33)
    at close (/Users/clazinasteunenberg/Downloads/Pokemon-Showdown/node_modules/sockjs/node_modules/faye-websocket/lib/faye/websocket/api.js:67:12)
    at API.close (/Users/clazinasteunenberg/Downloads/Pokemon-Showdown/node_modules/sockjs/node_modules/faye-websocket/lib/faye/websocket/api.js:75:13)

TypeError: Cannot call method 'validateTeam' of undefined
    at Tools.module.exports.Tools.validateTeam (/Users/clazinasteunenberg/Downloads/Pokemon-Showdown/tools.js:692:28)
    at Object.exports.commands.challenge (/Users/clazinasteunenberg/Downloads/Pokemon-Showdown/commands.js:1027:24)
    at Object.exports.parse (/Users/clazinasteunenberg/Downloads/Pokemon-Showdown/command-parser.js:192:31)
    at ChatRoom.chat (/Users/clazinasteunenberg/Downloads/Pokemon-Showdown/rooms.js:1277:27)
    at User.processChatQueue (/Users/clazinasteunenberg/Downloads/Pokemon-Showdown/users.js:1042:13)
    at Timer.listOnTimeout [as ontimeout] (timers.js:110:15)

TypeError: Cannot call method 'validateTeam' of undefined
    at Tools.module.exports.Tools.validateTeam (/Users/clazinasteunenberg/Downloads/Pokemon-Showdown/tools.js:692:28)
    at Object.exports.commands.challenge (/Users/clazinasteunenberg/Downloads/Pokemon-Showdown/commands.js:1027:24)
    at Object.exports.parse (/Users/clazinasteunenberg/Downloads/Pokemon-Showdown/command-parser.js:192:31)
    at ChatRoom.chat (/Users/clazinasteunenberg/Downloads/Pokemon-Showdown/rooms.js:1277:27)
    at User.processChatQueue (/Users/clazinasteunenberg/Downloads/Pokemon-Showdown/users.js:1042:13)
    at Timer.listOnTimeout [as ontimeout] (timers.js:110:15)

TypeError: Cannot call method 'validateTeam' of undefined
    at Tools.module.exports.Tools.validateTeam (/Users/clazinasteunenberg/Downloads/Pokemon-Showdown/tools.js:692:28)
    at Object.exports.commands.challenge (/Users/clazinasteunenberg/Downloads/Pokemon-Showdown/commands.js:1027:24)
    at Object.exports.parse (/Users/clazinasteunenberg/Downloads/Pokemon-Showdown/command-parser.js:192:31)
    at ChatRoom.chat (/Users/clazinasteunenberg/Downloads/Pokemon-Showdown/rooms.js:1277:27)
    at User.processChatQueue (/Users/clazinasteunenberg/Downloads/Pokemon-Showdown/users.js:1042:13)
    at Timer.listOnTimeout [as ontimeout] (timers.js:110:15)

TypeError: Cannot call method 'validateTeam' of undefined
    at Tools.module.exports.Tools.validateTeam (/Users/clazinasteunenberg/Downloads/Pokemon-Showdown/tools.js:692:28)
    at Object.exports.commands.challenge (/Users/clazinasteunenberg/Downloads/Pokemon-Showdown/commands.js:1027:24)
    at Object.exports.parse (/Users/clazinasteunenberg/Downloads/Pokemon-Showdown/command-parser.js:192:31)
    at ChatRoom.chat (/Users/clazinasteunenberg/Downloads/Pokemon-Showdown/rooms.js:1277:27)
    at User.processChatQueue (/Users/clazinasteunenberg/Downloads/Pokemon-Showdown/users.js:1042:13)
    at Timer.listOnTimeout [as ontimeout] (timers.js:110:15)

TypeError: Cannot call method 'validateTeam' of undefined
    at Tools.module.exports.Tools.validateTeam (/Users/clazinasteunenberg/Downloads/Pokemon-Showdown/tools.js:692:28)
    at Object.exports.commands.challenge (/Users/clazinasteunenberg/Downloads/Pokemon-Showdown/commands.js:1027:24)
    at Object.exports.parse (/Users/clazinasteunenberg/Downloads/Pokemon-Showdown/command-parser.js:192:31)
    at ChatRoom.chat (/Users/clazinasteunenberg/Downloads/Pokemon-Showdown/rooms.js:1277:27)
    at User.processChatQueue (/Users/clazinasteunenberg/Downloads/Pokemon-Showdown/users.js:1042:13)
    at Timer.listOnTimeout [as ontimeout] (timers.js:110:15)

TypeError: Cannot call method 'validateTeam' of undefined
    at Tools.module.exports.Tools.validateTeam (/Users/clazinasteunenberg/Downloads/Pokemon-Showdown/tools.js:692:28)
    at Object.exports.commands.challenge (/Users/clazinasteunenberg/Downloads/Pokemon-Showdown/commands.js:1027:24)
    at Object.exports.parse (/Users/clazinasteunenberg/Downloads/Pokemon-Showdown/command-parser.js:192:31)
    at ChatRoom.chat (/Users/clazinasteunenberg/Downloads/Pokemon-Showdown/rooms.js:1277:27)
    at User.processChatQueue (/Users/clazinasteunenberg/Downloads/Pokemon-Showdown/users.js:1042:13)
    at Timer.listOnTimeout [as ontimeout] (timers.js:110:15)

SyntaxError: Invalid regular expression: missing /
    at Module._compile (module.js:439:25)
    at Object.Module._extensions..js (module.js:474:10)
    at Module.load (module.js:356:32)
    at Function.Module._load (module.js:312:12)
    at Module.require (module.js:364:17)
    at require (module.js:380:17)
    at Object.<anonymous> (/Users/clazinasteunenberg/Downloads/Pokemon-Showdown/command-parser.js:366:35)
    at Module._compile (module.js:456:26)
    at Object.Module._extensions..js (module.js:474:10)
    at Module.load (module.js:356:32)

Additional information:
user = snaquaza
ip = 127.0.0.1
roomid = 
message = |/hotpatch chat

TypeError: Cannot call method 'validateTeam' of undefined
    at Tools.module.exports.Tools.validateTeam (/Users/clazinasteunenberg/Downloads/Pokemon-Showdown/tools.js:692:28)
    at Object.exports.commands.challenge (/Users/clazinasteunenberg/Downloads/Pokemon-Showdown/commands.js:1027:24)
    at Object.exports.parse (/Users/clazinasteunenberg/Downloads/Pokemon-Showdown/command-parser.js:192:31)
    at ChatRoom.chat (/Users/clazinasteunenberg/Downloads/Pokemon-Showdown/rooms.js:1277:27)
    at User.processChatQueue (/Users/clazinasteunenberg/Downloads/Pokemon-Showdown/users.js:1042:13)
    at Timer.listOnTimeout [as ontimeout] (timers.js:110:15)

TypeError: Cannot read property 'hp' of undefined
    at Tools.exports.BattleScripts.randomCCTeam (/Users/clazinasteunenberg/Downloads/Pokemon-Showdown/data/scripts.js:528:21)
    at Tools.exports.BattleScripts.getTeam (/Users/clazinasteunenberg/Downloads/Pokemon-Showdown/data/scripts.js:485:35)
    at new BattleSide (/Users/clazinasteunenberg/Downloads/Pokemon-Showdown/battle-engine.js:1096:27)
    at Tools.Battle.join (/Users/clazinasteunenberg/Downloads/Pokemon-Showdown/battle-engine.js:3333:15)
    at Tools.Battle.receive (/Users/clazinasteunenberg/Downloads/Pokemon-Showdown/battle-engine.js:3390:9)
    at process.BattlePokemon.side (/Users/clazinasteunenberg/Downloads/Pokemon-Showdown/battle-engine.js:143:12)
    at process.EventEmitter.emit (events.js:98:17)
    at handleMessage (child_process.js:318:10)
    at Pipe.channel.onread (child_process.js:345:11)

Additional information:
message = battle-challengecup-24|join|p1|Snaquaza|101
currentRequest = 

Log:


TypeError: Cannot read property 'isActive' of null
    at Tools.Battle.makeRequest (/Users/clazinasteunenberg/Downloads/Pokemon-Showdown/battle-engine.js:1943:15)
    at process.BattlePokemon.side (/Users/clazinasteunenberg/Downloads/Pokemon-Showdown/battle-engine.js:157:13)
    at process.EventEmitter.emit (events.js:98:17)
    at handleMessage (child_process.js:318:10)
    at Pipe.channel.onread (child_process.js:345:11)

TypeError: Cannot read property 'hp' of undefined
    at Tools.exports.BattleScripts.randomCCTeam (/Users/clazinasteunenberg/Downloads/Pokemon-Showdown/data/scripts.js:528:21)
    at Tools.exports.BattleScripts.getTeam (/Users/clazinasteunenberg/Downloads/Pokemon-Showdown/data/scripts.js:485:35)
    at new BattleSide (/Users/clazinasteunenberg/Downloads/Pokemon-Showdown/battle-engine.js:1096:27)
    at Tools.Battle.join (/Users/clazinasteunenberg/Downloads/Pokemon-Showdown/battle-engine.js:3333:15)
    at Tools.Battle.receive (/Users/clazinasteunenberg/Downloads/Pokemon-Showdown/battle-engine.js:3390:9)
    at process.BattlePokemon.side (/Users/clazinasteunenberg/Downloads/Pokemon-Showdown/battle-engine.js:143:12)
    at process.EventEmitter.emit (events.js:98:17)
    at handleMessage (child_process.js:318:10)
    at Pipe.channel.onread (child_process.js:345:11)

Additional information:
message = battle-challengecup-24|join|p1|Snaquaza|101
currentRequest = 

Log:
|html|<div class="broadcast-red"><b>The battle crashed</b><br />You can keep playing but it might crash again.</div>

TypeError: Cannot read property 'isActive' of null
    at Tools.Battle.makeRequest (/Users/clazinasteunenberg/Downloads/Pokemon-Showdown/battle-engine.js:1943:15)
    at process.BattlePokemon.side (/Users/clazinasteunenberg/Downloads/Pokemon-Showdown/battle-engine.js:157:13)
    at process.EventEmitter.emit (events.js:98:17)
    at handleMessage (child_process.js:318:10)
    at Pipe.channel.onread (child_process.js:345:11)

TypeError: Cannot read property 'hp' of undefined
    at Tools.exports.BattleScripts.randomCCTeam (/Users/clazinasteunenberg/Downloads/Pokemon-Showdown/data/scripts.js:528:21)
    at Tools.exports.BattleScripts.getTeam (/Users/clazinasteunenberg/Downloads/Pokemon-Showdown/data/scripts.js:485:35)
    at new BattleSide (/Users/clazinasteunenberg/Downloads/Pokemon-Showdown/battle-engine.js:1096:27)
    at Tools.Battle.join (/Users/clazinasteunenberg/Downloads/Pokemon-Showdown/battle-engine.js:3333:15)
    at Tools.Battle.receive (/Users/clazinasteunenberg/Downloads/Pokemon-Showdown/battle-engine.js:3390:9)
    at process.BattlePokemon.side (/Users/clazinasteunenberg/Downloads/Pokemon-Showdown/battle-engine.js:143:12)
    at process.EventEmitter.emit (events.js:98:17)
    at handleMessage (child_process.js:318:10)
    at Pipe.channel.onread (child_process.js:345:11)

Additional information:
message = battle-challengecup-24|join|p1|Snaquaza|101
currentRequest = 

Log:
|html|<div class="broadcast-red"><b>The battle crashed</b><br />You can keep playing but it might crash again.</div>
|html|<div class="broadcast-red"><b>The battle crashed</b><br />You can keep playing but it might crash again.</div>

TypeError: Cannot read property 'isActive' of null
    at Tools.Battle.makeRequest (/Users/clazinasteunenberg/Downloads/Pokemon-Showdown/battle-engine.js:1943:15)
    at process.BattlePokemon.side (/Users/clazinasteunenberg/Downloads/Pokemon-Showdown/battle-engine.js:157:13)
    at process.EventEmitter.emit (events.js:98:17)
    at handleMessage (child_process.js:318:10)
    at Pipe.channel.onread (child_process.js:345:11)

TypeError: Cannot read property 'hp' of undefined
    at Tools.exports.BattleScripts.randomCCTeam (/Users/clazinasteunenberg/Downloads/Pokemon-Showdown/data/scripts.js:528:21)
    at Tools.exports.BattleScripts.getTeam (/Users/clazinasteunenberg/Downloads/Pokemon-Showdown/data/scripts.js:485:35)
    at new BattleSide (/Users/clazinasteunenberg/Downloads/Pokemon-Showdown/battle-engine.js:1096:27)
    at Tools.Battle.join (/Users/clazinasteunenberg/Downloads/Pokemon-Showdown/battle-engine.js:3333:15)
    at Tools.Battle.receive (/Users/clazinasteunenberg/Downloads/Pokemon-Showdown/battle-engine.js:3390:9)
    at process.BattlePokemon.side (/Users/clazinasteunenberg/Downloads/Pokemon-Showdown/battle-engine.js:143:12)
    at process.EventEmitter.emit (events.js:98:17)
    at handleMessage (child_process.js:318:10)
    at Pipe.channel.onread (child_process.js:345:11)

Additional information:
message = battle-challengecup-24|join|p1|Snaquaza|101
currentRequest = 

Log:
|html|<div class="broadcast-red"><b>The battle crashed</b><br />You can keep playing but it might crash again.</div>
|html|<div class="broadcast-red"><b>The battle crashed</b><br />You can keep playing but it might crash again.</div>
|html|<div class="broadcast-red"><b>The battle crashed</b><br />You can keep playing but it might crash again.</div>

TypeError: Cannot read property 'isActive' of null
    at Tools.Battle.makeRequest (/Users/clazinasteunenberg/Downloads/Pokemon-Showdown/battle-engine.js:1943:15)
    at process.BattlePokemon.side (/Users/clazinasteunenberg/Downloads/Pokemon-Showdown/battle-engine.js:157:13)
    at process.EventEmitter.emit (events.js:98:17)
    at handleMessage (child_process.js:318:10)
    at Pipe.channel.onread (child_process.js:345:11)

TypeError: Cannot read property 'hp' of undefined
    at Tools.exports.BattleScripts.randomCCTeam (/Users/clazinasteunenberg/Downloads/Pokemon-Showdown/data/scripts.js:528:21)
    at Tools.exports.BattleScripts.getTeam (/Users/clazinasteunenberg/Downloads/Pokemon-Showdown/data/scripts.js:485:35)
    at new BattleSide (/Users/clazinasteunenberg/Downloads/Pokemon-Showdown/battle-engine.js:1096:27)
    at Tools.Battle.join (/Users/clazinasteunenberg/Downloads/Pokemon-Showdown/battle-engine.js:3333:15)
    at Tools.Battle.receive (/Users/clazinasteunenberg/Downloads/Pokemon-Showdown/battle-engine.js:3390:9)
    at process.BattlePokemon.side (/Users/clazinasteunenberg/Downloads/Pokemon-Showdown/battle-engine.js:143:12)
    at process.EventEmitter.emit (events.js:98:17)
    at handleMessage (child_process.js:318:10)
    at Pipe.channel.onread (child_process.js:345:11)

Additional information:
message = battle-challengecup-24|join|p1|Snaquaza|101
currentRequest = 

Log:
|html|<div class="broadcast-red"><b>The battle crashed</b><br />You can keep playing but it might crash again.</div>
|html|<div class="broadcast-red"><b>The battle crashed</b><br />You can keep playing but it might crash again.</div>
|html|<div class="broadcast-red"><b>The battle crashed</b><br />You can keep playing but it might crash again.</div>
|html|<div class="broadcast-red"><b>The battle crashed</b><br />You can keep playing but it might crash again.</div>

TypeError: Cannot read property 'isActive' of null
    at Tools.Battle.makeRequest (/Users/clazinasteunenberg/Downloads/Pokemon-Showdown/battle-engine.js:1943:15)
    at process.BattlePokemon.side (/Users/clazinasteunenberg/Downloads/Pokemon-Showdown/battle-engine.js:157:13)
    at process.EventEmitter.emit (events.js:98:17)
    at handleMessage (child_process.js:318:10)
    at Pipe.channel.onread (child_process.js:345:11)

TypeError: Cannot read property 'hp' of undefined
    at Tools.exports.BattleScripts.randomCCTeam (/Users/clazinasteunenberg/Downloads/Pokemon-Showdown/data/scripts.js:528:21)
    at Tools.exports.BattleScripts.getTeam (/Users/clazinasteunenberg/Downloads/Pokemon-Showdown/data/scripts.js:485:35)
    at new BattleSide (/Users/clazinasteunenberg/Downloads/Pokemon-Showdown/battle-engine.js:1096:27)
    at Tools.Battle.join (/Users/clazinasteunenberg/Downloads/Pokemon-Showdown/battle-engine.js:3333:15)
    at Tools.Battle.receive (/Users/clazinasteunenberg/Downloads/Pokemon-Showdown/battle-engine.js:3390:9)
    at process.BattlePokemon.side (/Users/clazinasteunenberg/Downloads/Pokemon-Showdown/battle-engine.js:143:12)
    at process.EventEmitter.emit (events.js:98:17)
    at handleMessage (child_process.js:318:10)
    at Pipe.channel.onread (child_process.js:345:11)

Additional information:
message = battle-challengecup-24|join|p1|Snaquaza|101
currentRequest = 

Log:
|html|<div class="broadcast-red"><b>The battle crashed</b><br />You can keep playing but it might crash again.</div>
|html|<div class="broadcast-red"><b>The battle crashed</b><br />You can keep playing but it might crash again.</div>
|html|<div class="broadcast-red"><b>The battle crashed</b><br />You can keep playing but it might crash again.</div>
|html|<div class="broadcast-red"><b>The battle crashed</b><br />You can keep playing but it might crash again.</div>
|html|<div class="broadcast-red"><b>The battle crashed</b><br />You can keep playing but it might crash again.</div>

TypeError: Cannot read property 'isActive' of null
    at Tools.Battle.makeRequest (/Users/clazinasteunenberg/Downloads/Pokemon-Showdown/battle-engine.js:1943:15)
    at process.BattlePokemon.side (/Users/clazinasteunenberg/Downloads/Pokemon-Showdown/battle-engine.js:157:13)
    at process.EventEmitter.emit (events.js:98:17)
    at handleMessage (child_process.js:318:10)
    at Pipe.channel.onread (child_process.js:345:11)

TypeError: Cannot read property 'hp' of undefined
    at Tools.exports.BattleScripts.randomCCTeam (/Users/clazinasteunenberg/Downloads/Pokemon-Showdown/data/scripts.js:528:21)
    at Tools.exports.BattleScripts.getTeam (/Users/clazinasteunenberg/Downloads/Pokemon-Showdown/data/scripts.js:485:35)
    at new BattleSide (/Users/clazinasteunenberg/Downloads/Pokemon-Showdown/battle-engine.js:1096:27)
    at Tools.Battle.join (/Users/clazinasteunenberg/Downloads/Pokemon-Showdown/battle-engine.js:3333:15)
    at Tools.Battle.receive (/Users/clazinasteunenberg/Downloads/Pokemon-Showdown/battle-engine.js:3390:9)
    at process.BattlePokemon.side (/Users/clazinasteunenberg/Downloads/Pokemon-Showdown/battle-engine.js:143:12)
    at process.EventEmitter.emit (events.js:98:17)
    at handleMessage (child_process.js:318:10)
    at Pipe.channel.onread (child_process.js:345:11)

Additional information:
message = battle-challengecup-24|join|p1|Snaquaza|101
currentRequest = 

Log:
|html|<div class="broadcast-red"><b>The battle crashed</b><br />You can keep playing but it might crash again.</div>
|html|<div class="broadcast-red"><b>The battle crashed</b><br />You can keep playing but it might crash again.</div>
|html|<div class="broadcast-red"><b>The battle crashed</b><br />You can keep playing but it might crash again.</div>
|html|<div class="broadcast-red"><b>The battle crashed</b><br />You can keep playing but it might crash again.</div>
|html|<div class="broadcast-red"><b>The battle crashed</b><br />You can keep playing but it might crash again.</div>
|html|<div class="broadcast-red"><b>The battle crashed</b><br />You can keep playing but it might crash again.</div>

TypeError: Cannot read property 'isActive' of null
    at Tools.Battle.makeRequest (/Users/clazinasteunenberg/Downloads/Pokemon-Showdown/battle-engine.js:1943:15)
    at process.BattlePokemon.side (/Users/clazinasteunenberg/Downloads/Pokemon-Showdown/battle-engine.js:157:13)
    at process.EventEmitter.emit (events.js:98:17)
    at handleMessage (child_process.js:318:10)
    at Pipe.channel.onread (child_process.js:345:11)

TypeError: Cannot read property 'hp' of undefined
    at Tools.exports.BattleScripts.randomCCTeam (/Users/clazinasteunenberg/Downloads/Pokemon-Showdown/data/scripts.js:528:21)
    at Tools.exports.BattleScripts.getTeam (/Users/clazinasteunenberg/Downloads/Pokemon-Showdown/data/scripts.js:485:35)
    at new BattleSide (/Users/clazinasteunenberg/Downloads/Pokemon-Showdown/battle-engine.js:1096:27)
    at Tools.Battle.join (/Users/clazinasteunenberg/Downloads/Pokemon-Showdown/battle-engine.js:3333:15)
    at Tools.Battle.receive (/Users/clazinasteunenberg/Downloads/Pokemon-Showdown/battle-engine.js:3390:9)
    at process.BattlePokemon.side (/Users/clazinasteunenberg/Downloads/Pokemon-Showdown/battle-engine.js:143:12)
    at process.EventEmitter.emit (events.js:98:17)
    at handleMessage (child_process.js:318:10)
    at Pipe.channel.onread (child_process.js:345:11)

Additional information:
message = battle-challengecup-24|join|p1|Snaquaza|101
currentRequest = 

Log:
|html|<div class="broadcast-red"><b>The battle crashed</b><br />You can keep playing but it might crash again.</div>
|html|<div class="broadcast-red"><b>The battle crashed</b><br />You can keep playing but it might crash again.</div>
|html|<div class="broadcast-red"><b>The battle crashed</b><br />You can keep playing but it might crash again.</div>
|html|<div class="broadcast-red"><b>The battle crashed</b><br />You can keep playing but it might crash again.</div>
|html|<div class="broadcast-red"><b>The battle crashed</b><br />You can keep playing but it might crash again.</div>
|html|<div class="broadcast-red"><b>The battle crashed</b><br />You can keep playing but it might crash again.</div>
|html|<div class="broadcast-red"><b>The battle crashed</b><br />You can keep playing but it might crash again.</div>

TypeError: Cannot read property 'isActive' of null
    at Tools.Battle.makeRequest (/Users/clazinasteunenberg/Downloads/Pokemon-Showdown/battle-engine.js:1943:15)
    at process.BattlePokemon.side (/Users/clazinasteunenberg/Downloads/Pokemon-Showdown/battle-engine.js:157:13)
    at process.EventEmitter.emit (events.js:98:17)
    at handleMessage (child_process.js:318:10)
    at Pipe.channel.onread (child_process.js:345:11)

TypeError: Cannot read property 'hp' of undefined
    at Tools.exports.BattleScripts.randomCCTeam (/Users/clazinasteunenberg/Downloads/Pokemon-Showdown/data/scripts.js:528:21)
    at Tools.exports.BattleScripts.getTeam (/Users/clazinasteunenberg/Downloads/Pokemon-Showdown/data/scripts.js:485:35)
    at new BattleSide (/Users/clazinasteunenberg/Downloads/Pokemon-Showdown/battle-engine.js:1096:27)
    at Tools.Battle.join (/Users/clazinasteunenberg/Downloads/Pokemon-Showdown/battle-engine.js:3333:15)
    at Tools.Battle.receive (/Users/clazinasteunenberg/Downloads/Pokemon-Showdown/battle-engine.js:3390:9)
    at process.BattlePokemon.side (/Users/clazinasteunenberg/Downloads/Pokemon-Showdown/battle-engine.js:143:12)
    at process.EventEmitter.emit (events.js:98:17)
    at handleMessage (child_process.js:318:10)
    at Pipe.channel.onread (child_process.js:345:11)

Additional information:
message = battle-challengecup-24|join|p1|Snaquaza|101
currentRequest = 

Log:
|html|<div class="broadcast-red"><b>The battle crashed</b><br />You can keep playing but it might crash again.</div>
|html|<div class="broadcast-red"><b>The battle crashed</b><br />You can keep playing but it might crash again.</div>
|html|<div class="broadcast-red"><b>The battle crashed</b><br />You can keep playing but it might crash again.</div>
|html|<div class="broadcast-red"><b>The battle crashed</b><br />You can keep playing but it might crash again.</div>
|html|<div class="broadcast-red"><b>The battle crashed</b><br />You can keep playing but it might crash again.</div>
|html|<div class="broadcast-red"><b>The battle crashed</b><br />You can keep playing but it might crash again.</div>
|html|<div class="broadcast-red"><b>The battle crashed</b><br />You can keep playing but it might crash again.</div>
|html|<div class="broadcast-red"><b>The battle crashed</b><br />You can keep playing but it might crash again.</div>

TypeError: Cannot read property 'isActive' of null
    at Tools.Battle.makeRequest (/Users/clazinasteunenberg/Downloads/Pokemon-Showdown/battle-engine.js:1943:15)
    at process.BattlePokemon.side (/Users/clazinasteunenberg/Downloads/Pokemon-Showdown/battle-engine.js:157:13)
    at process.EventEmitter.emit (events.js:98:17)
    at handleMessage (child_process.js:318:10)
    at Pipe.channel.onread (child_process.js:345:11)

TypeError: Cannot read property 'hp' of undefined
    at Tools.exports.BattleScripts.randomCCTeam (/Users/clazinasteunenberg/Downloads/Pokemon-Showdown/data/scripts.js:528:21)
    at Tools.exports.BattleScripts.getTeam (/Users/clazinasteunenberg/Downloads/Pokemon-Showdown/data/scripts.js:485:35)
    at new BattleSide (/Users/clazinasteunenberg/Downloads/Pokemon-Showdown/battle-engine.js:1096:27)
    at Tools.Battle.join (/Users/clazinasteunenberg/Downloads/Pokemon-Showdown/battle-engine.js:3333:15)
    at Tools.Battle.receive (/Users/clazinasteunenberg/Downloads/Pokemon-Showdown/battle-engine.js:3390:9)
    at process.BattlePokemon.side (/Users/clazinasteunenberg/Downloads/Pokemon-Showdown/battle-engine.js:143:12)
    at process.EventEmitter.emit (events.js:98:17)
    at handleMessage (child_process.js:318:10)
    at Pipe.channel.onread (child_process.js:345:11)

Additional information:
message = battle-challengecup-24|join|p1|Snaquaza|101
currentRequest = 

Log:
|html|<div class="broadcast-red"><b>The battle crashed</b><br />You can keep playing but it might crash again.</div>
|html|<div class="broadcast-red"><b>The battle crashed</b><br />You can keep playing but it might crash again.</div>
|html|<div class="broadcast-red"><b>The battle crashed</b><br />You can keep playing but it might crash again.</div>
|html|<div class="broadcast-red"><b>The battle crashed</b><br />You can keep playing but it might crash again.</div>
|html|<div class="broadcast-red"><b>The battle crashed</b><br />You can keep playing but it might crash again.</div>
|html|<div class="broadcast-red"><b>The battle crashed</b><br />You can keep playing but it might crash again.</div>
|html|<div class="broadcast-red"><b>The battle crashed</b><br />You can keep playing but it might crash again.</div>
|html|<div class="broadcast-red"><b>The battle crashed</b><br />You can keep playing but it might crash again.</div>
|html|<div class="broadcast-red"><b>The battle crashed</b><br />You can keep playing but it might crash again.</div>

TypeError: Cannot read property 'isActive' of null
    at Tools.Battle.makeRequest (/Users/clazinasteunenberg/Downloads/Pokemon-Showdown/battle-engine.js:1943:15)
    at process.BattlePokemon.side (/Users/clazinasteunenberg/Downloads/Pokemon-Showdown/battle-engine.js:157:13)
    at process.EventEmitter.emit (events.js:98:17)
    at handleMessage (child_process.js:318:10)
    at Pipe.channel.onread (child_process.js:345:11)

TypeError: Cannot read property 'hp' of undefined
    at Tools.exports.BattleScripts.randomCCTeam (/Users/clazinasteunenberg/Downloads/Pokemon-Showdown/data/scripts.js:528:21)
    at Tools.exports.BattleScripts.getTeam (/Users/clazinasteunenberg/Downloads/Pokemon-Showdown/data/scripts.js:485:35)
    at new BattleSide (/Users/clazinasteunenberg/Downloads/Pokemon-Showdown/battle-engine.js:1096:27)
    at Tools.Battle.join (/Users/clazinasteunenberg/Downloads/Pokemon-Showdown/battle-engine.js:3333:15)
    at Tools.Battle.receive (/Users/clazinasteunenberg/Downloads/Pokemon-Showdown/battle-engine.js:3390:9)
    at process.BattlePokemon.side (/Users/clazinasteunenberg/Downloads/Pokemon-Showdown/battle-engine.js:143:12)
    at process.EventEmitter.emit (events.js:98:17)
    at handleMessage (child_process.js:318:10)
    at Pipe.channel.onread (child_process.js:345:11)

Additional information:
message = battle-challengecup-24|join|p1|Snaquaza|101
currentRequest = 

Log:
|html|<div class="broadcast-red"><b>The battle crashed</b><br />You can keep playing but it might crash again.</div>
|html|<div class="broadcast-red"><b>The battle crashed</b><br />You can keep playing but it might crash again.</div>
|html|<div class="broadcast-red"><b>The battle crashed</b><br />You can keep playing but it might crash again.</div>
|html|<div class="broadcast-red"><b>The battle crashed</b><br />You can keep playing but it might crash again.</div>
|html|<div class="broadcast-red"><b>The battle crashed</b><br />You can keep playing but it might crash again.</div>
|html|<div class="broadcast-red"><b>The battle crashed</b><br />You can keep playing but it might crash again.</div>
|html|<div class="broadcast-red"><b>The battle crashed</b><br />You can keep playing but it might crash again.</div>
|html|<div class="broadcast-red"><b>The battle crashed</b><br />You can keep playing but it might crash again.</div>
|html|<div class="broadcast-red"><b>The battle crashed</b><br />You can keep playing but it might crash again.</div>
|html|<div class="broadcast-red"><b>The battle crashed</b><br />You can keep playing but it might crash again.</div>

TypeError: Cannot read property 'isActive' of null
    at Tools.Battle.makeRequest (/Users/clazinasteunenberg/Downloads/Pokemon-Showdown/battle-engine.js:1943:15)
    at process.BattlePokemon.side (/Users/clazinasteunenberg/Downloads/Pokemon-Showdown/battle-engine.js:157:13)
    at process.EventEmitter.emit (events.js:98:17)
    at handleMessage (child_process.js:318:10)
    at Pipe.channel.onread (child_process.js:345:11)

TypeError: Cannot read property 'hp' of undefined
    at Tools.exports.BattleScripts.randomCCTeam (/Users/clazinasteunenberg/Downloads/Pokemon-Showdown/data/scripts.js:528:21)
    at Tools.exports.BattleScripts.getTeam (/Users/clazinasteunenberg/Downloads/Pokemon-Showdown/data/scripts.js:485:35)
    at new BattleSide (/Users/clazinasteunenberg/Downloads/Pokemon-Showdown/battle-engine.js:1096:27)
    at Tools.Battle.join (/Users/clazinasteunenberg/Downloads/Pokemon-Showdown/battle-engine.js:3333:15)
    at Tools.Battle.receive (/Users/clazinasteunenberg/Downloads/Pokemon-Showdown/battle-engine.js:3390:9)
    at process.BattlePokemon.side (/Users/clazinasteunenberg/Downloads/Pokemon-Showdown/battle-engine.js:143:12)
    at process.EventEmitter.emit (events.js:98:17)
    at handleMessage (child_process.js:318:10)
    at Pipe.channel.onread (child_process.js:345:11)

Additional information:
message = battle-challengecup-24|join|p1|Snaquaza|101
currentRequest = 

Log:
|html|<div class="broadcast-red"><b>The battle crashed</b><br />You can keep playing but it might crash again.</div>
|html|<div class="broadcast-red"><b>The battle crashed</b><br />You can keep playing but it might crash again.</div>
|html|<div class="broadcast-red"><b>The battle crashed</b><br />You can keep playing but it might crash again.</div>
|html|<div class="broadcast-red"><b>The battle crashed</b><br />You can keep playing but it might crash again.</div>
|html|<div class="broadcast-red"><b>The battle crashed</b><br />You can keep playing but it might crash again.</div>
|html|<div class="broadcast-red"><b>The battle crashed</b><br />You can keep playing but it might crash again.</div>
|html|<div class="broadcast-red"><b>The battle crashed</b><br />You can keep playing but it might crash again.</div>
|html|<div class="broadcast-red"><b>The battle crashed</b><br />You can keep playing but it might crash again.</div>
|html|<div class="broadcast-red"><b>The battle crashed</b><br />You can keep playing but it might crash again.</div>
|html|<div class="broadcast-red"><b>The battle crashed</b><br />You can keep playing but it might crash again.</div>
|html|<div class="broadcast-red"><b>The battle crashed</b><br />You can keep playing but it might crash again.</div>

TypeError: Cannot read property 'isActive' of null
    at Tools.Battle.makeRequest (/Users/clazinasteunenberg/Downloads/Pokemon-Showdown/battle-engine.js:1943:15)
    at process.BattlePokemon.side (/Users/clazinasteunenberg/Downloads/Pokemon-Showdown/battle-engine.js:157:13)
    at process.EventEmitter.emit (events.js:98:17)
    at handleMessage (child_process.js:318:10)
    at Pipe.channel.onread (child_process.js:345:11)

TypeError: Cannot read property 'hp' of undefined
    at Tools.exports.BattleScripts.randomCCTeam (/Users/clazinasteunenberg/Downloads/Pokemon-Showdown/data/scripts.js:528:21)
    at Tools.exports.BattleScripts.getTeam (/Users/clazinasteunenberg/Downloads/Pokemon-Showdown/data/scripts.js:485:35)
    at new BattleSide (/Users/clazinasteunenberg/Downloads/Pokemon-Showdown/battle-engine.js:1096:27)
    at Tools.Battle.join (/Users/clazinasteunenberg/Downloads/Pokemon-Showdown/battle-engine.js:3333:15)
    at Tools.Battle.receive (/Users/clazinasteunenberg/Downloads/Pokemon-Showdown/battle-engine.js:3390:9)
    at process.BattlePokemon.side (/Users/clazinasteunenberg/Downloads/Pokemon-Showdown/battle-engine.js:143:12)
    at process.EventEmitter.emit (events.js:98:17)
    at handleMessage (child_process.js:318:10)
    at Pipe.channel.onread (child_process.js:345:11)

Additional information:
message = battle-challengecup-24|join|p1|Snaquaza|101
currentRequest = 

Log:
|html|<div class="broadcast-red"><b>The battle crashed</b><br />You can keep playing but it might crash again.</div>
|html|<div class="broadcast-red"><b>The battle crashed</b><br />You can keep playing but it might crash again.</div>
|html|<div class="broadcast-red"><b>The battle crashed</b><br />You can keep playing but it might crash again.</div>
|html|<div class="broadcast-red"><b>The battle crashed</b><br />You can keep playing but it might crash again.</div>
|html|<div class="broadcast-red"><b>The battle crashed</b><br />You can keep playing but it might crash again.</div>
|html|<div class="broadcast-red"><b>The battle crashed</b><br />You can keep playing but it might crash again.</div>
|html|<div class="broadcast-red"><b>The battle crashed</b><br />You can keep playing but it might crash again.</div>
|html|<div class="broadcast-red"><b>The battle crashed</b><br />You can keep playing but it might crash again.</div>
|html|<div class="broadcast-red"><b>The battle crashed</b><br />You can keep playing but it might crash again.</div>
|html|<div class="broadcast-red"><b>The battle crashed</b><br />You can keep playing but it might crash again.</div>
|html|<div class="broadcast-red"><b>The battle crashed</b><br />You can keep playing but it might crash again.</div>
|html|<div class="broadcast-red"><b>The battle crashed</b><br />You can keep playing but it might crash again.</div>

TypeError: Cannot read property 'isActive' of null
    at Tools.Battle.makeRequest (/Users/clazinasteunenberg/Downloads/Pokemon-Showdown/battle-engine.js:1943:15)
    at process.BattlePokemon.side (/Users/clazinasteunenberg/Downloads/Pokemon-Showdown/battle-engine.js:157:13)
    at process.EventEmitter.emit (events.js:98:17)
    at handleMessage (child_process.js:318:10)
    at Pipe.channel.onread (child_process.js:345:11)

TypeError: Cannot read property 'hp' of undefined
    at Tools.exports.BattleScripts.randomCCTeam (/Users/clazinasteunenberg/Downloads/Pokemon-Showdown/data/scripts.js:528:21)
    at Tools.exports.BattleScripts.getTeam (/Users/clazinasteunenberg/Downloads/Pokemon-Showdown/data/scripts.js:485:35)
    at new BattleSide (/Users/clazinasteunenberg/Downloads/Pokemon-Showdown/battle-engine.js:1096:27)
    at Tools.Battle.join (/Users/clazinasteunenberg/Downloads/Pokemon-Showdown/battle-engine.js:3333:15)
    at Tools.Battle.receive (/Users/clazinasteunenberg/Downloads/Pokemon-Showdown/battle-engine.js:3390:9)
    at process.BattlePokemon.side (/Users/clazinasteunenberg/Downloads/Pokemon-Showdown/battle-engine.js:143:12)
    at process.EventEmitter.emit (events.js:98:17)
    at handleMessage (child_process.js:318:10)
    at Pipe.channel.onread (child_process.js:345:11)

Additional information:
message = battle-challengecup-24|join|p1|Snaquaza|101
currentRequest = 

Log:
|html|<div class="broadcast-red"><b>The battle crashed</b><br />You can keep playing but it might crash again.</div>
|html|<div class="broadcast-red"><b>The battle crashed</b><br />You can keep playing but it might crash again.</div>
|html|<div class="broadcast-red"><b>The battle crashed</b><br />You can keep playing but it might crash again.</div>
|html|<div class="broadcast-red"><b>The battle crashed</b><br />You can keep playing but it might crash again.</div>
|html|<div class="broadcast-red"><b>The battle crashed</b><br />You can keep playing but it might crash again.</div>
|html|<div class="broadcast-red"><b>The battle crashed</b><br />You can keep playing but it might crash again.</div>
|html|<div class="broadcast-red"><b>The battle crashed</b><br />You can keep playing but it might crash again.</div>
|html|<div class="broadcast-red"><b>The battle crashed</b><br />You can keep playing but it might crash again.</div>
|html|<div class="broadcast-red"><b>The battle crashed</b><br />You can keep playing but it might crash again.</div>
|html|<div class="broadcast-red"><b>The battle crashed</b><br />You can keep playing but it might crash again.</div>
|html|<div class="broadcast-red"><b>The battle crashed</b><br />You can keep playing but it might crash again.</div>
|html|<div class="broadcast-red"><b>The battle crashed</b><br />You can keep playing but it might crash again.</div>
|html|<div class="broadcast-red"><b>The battle crashed</b><br />You can keep playing but it might crash again.</div>

TypeError: Cannot read property 'isActive' of null
    at Tools.Battle.makeRequest (/Users/clazinasteunenberg/Downloads/Pokemon-Showdown/battle-engine.js:1943:15)
    at process.BattlePokemon.side (/Users/clazinasteunenberg/Downloads/Pokemon-Showdown/battle-engine.js:157:13)
    at process.EventEmitter.emit (events.js:98:17)
    at handleMessage (child_process.js:318:10)
    at Pipe.channel.onread (child_process.js:345:11)

TypeError: Cannot read property 'hp' of undefined
    at Tools.exports.BattleScripts.randomCCTeam (/Users/clazinasteunenberg/Downloads/Pokemon-Showdown/data/scripts.js:528:21)
    at Tools.exports.BattleScripts.getTeam (/Users/clazinasteunenberg/Downloads/Pokemon-Showdown/data/scripts.js:485:35)
    at new BattleSide (/Users/clazinasteunenberg/Downloads/Pokemon-Showdown/battle-engine.js:1096:27)
    at Tools.Battle.join (/Users/clazinasteunenberg/Downloads/Pokemon-Showdown/battle-engine.js:3333:15)
    at Tools.Battle.receive (/Users/clazinasteunenberg/Downloads/Pokemon-Showdown/battle-engine.js:3390:9)
    at process.BattlePokemon.side (/Users/clazinasteunenberg/Downloads/Pokemon-Showdown/battle-engine.js:143:12)
    at process.EventEmitter.emit (events.js:98:17)
    at handleMessage (child_process.js:318:10)
    at Pipe.channel.onread (child_process.js:345:11)

Additional information:
message = battle-challengecup-24|join|p1|Snaquaza|101
currentRequest = 

Log:
|html|<div class="broadcast-red"><b>The battle crashed</b><br />You can keep playing but it might crash again.</div>
|html|<div class="broadcast-red"><b>The battle crashed</b><br />You can keep playing but it might crash again.</div>
|html|<div class="broadcast-red"><b>The battle crashed</b><br />You can keep playing but it might crash again.</div>
|html|<div class="broadcast-red"><b>The battle crashed</b><br />You can keep playing but it might crash again.</div>
|html|<div class="broadcast-red"><b>The battle crashed</b><br />You can keep playing but it might crash again.</div>
|html|<div class="broadcast-red"><b>The battle crashed</b><br />You can keep playing but it might crash again.</div>
|html|<div class="broadcast-red"><b>The battle crashed</b><br />You can keep playing but it might crash again.</div>
|html|<div class="broadcast-red"><b>The battle crashed</b><br />You can keep playing but it might crash again.</div>
|html|<div class="broadcast-red"><b>The battle crashed</b><br />You can keep playing but it might crash again.</div>
|html|<div class="broadcast-red"><b>The battle crashed</b><br />You can keep playing but it might crash again.</div>
|html|<div class="broadcast-red"><b>The battle crashed</b><br />You can keep playing but it might crash again.</div>
|html|<div class="broadcast-red"><b>The battle crashed</b><br />You can keep playing but it might crash again.</div>
|html|<div class="broadcast-red"><b>The battle crashed</b><br />You can keep playing but it might crash again.</div>
|html|<div class="broadcast-red"><b>The battle crashed</b><br />You can keep playing but it might crash again.</div>

TypeError: Cannot read property 'isActive' of null
    at Tools.Battle.makeRequest (/Users/clazinasteunenberg/Downloads/Pokemon-Showdown/battle-engine.js:1943:15)
    at process.BattlePokemon.side (/Users/clazinasteunenberg/Downloads/Pokemon-Showdown/battle-engine.js:157:13)
    at process.EventEmitter.emit (events.js:98:17)
    at handleMessage (child_process.js:318:10)
    at Pipe.channel.onread (child_process.js:345:11)

TypeError: Cannot read property 'hp' of undefined
    at Tools.exports.BattleScripts.randomCCTeam (/Users/clazinasteunenberg/Downloads/Pokemon-Showdown/data/scripts.js:528:21)
    at Tools.exports.BattleScripts.getTeam (/Users/clazinasteunenberg/Downloads/Pokemon-Showdown/data/scripts.js:485:35)
    at new BattleSide (/Users/clazinasteunenberg/Downloads/Pokemon-Showdown/battle-engine.js:1096:27)
    at Tools.Battle.join (/Users/clazinasteunenberg/Downloads/Pokemon-Showdown/battle-engine.js:3333:15)
    at Tools.Battle.receive (/Users/clazinasteunenberg/Downloads/Pokemon-Showdown/battle-engine.js:3390:9)
    at process.BattlePokemon.side (/Users/clazinasteunenberg/Downloads/Pokemon-Showdown/battle-engine.js:143:12)
    at process.EventEmitter.emit (events.js:98:17)
    at handleMessage (child_process.js:318:10)
    at Pipe.channel.onread (child_process.js:345:11)

Additional information:
message = battle-challengecup-24|join|p1|Snaquaza|101
currentRequest = 

Log:
|html|<div class="broadcast-red"><b>The battle crashed</b><br />You can keep playing but it might crash again.</div>
|html|<div class="broadcast-red"><b>The battle crashed</b><br />You can keep playing but it might crash again.</div>
|html|<div class="broadcast-red"><b>The battle crashed</b><br />You can keep playing but it might crash again.</div>
|html|<div class="broadcast-red"><b>The battle crashed</b><br />You can keep playing but it might crash again.</div>
|html|<div class="broadcast-red"><b>The battle crashed</b><br />You can keep playing but it might crash again.</div>
|html|<div class="broadcast-red"><b>The battle crashed</b><br />You can keep playing but it might crash again.</div>
|html|<div class="broadcast-red"><b>The battle crashed</b><br />You can keep playing but it might crash again.</div>
|html|<div class="broadcast-red"><b>The battle crashed</b><br />You can keep playing but it might crash again.</div>
|html|<div class="broadcast-red"><b>The battle crashed</b><br />You can keep playing but it might crash again.</div>
|html|<div class="broadcast-red"><b>The battle crashed</b><br />You can keep playing but it might crash again.</div>
|html|<div class="broadcast-red"><b>The battle crashed</b><br />You can keep playing but it might crash again.</div>
|html|<div class="broadcast-red"><b>The battle crashed</b><br />You can keep playing but it might crash again.</div>
|html|<div class="broadcast-red"><b>The battle crashed</b><br />You can keep playing but it might crash again.</div>
|html|<div class="broadcast-red"><b>The battle crashed</b><br />You can keep playing but it might crash again.</div>
|html|<div class="broadcast-red"><b>The battle crashed</b><br />You can keep playing but it might crash again.</div>

TypeError: Cannot read property 'isActive' of null
    at Tools.Battle.makeRequest (/Users/clazinasteunenberg/Downloads/Pokemon-Showdown/battle-engine.js:1943:15)
    at process.BattlePokemon.side (/Users/clazinasteunenberg/Downloads/Pokemon-Showdown/battle-engine.js:157:13)
    at process.EventEmitter.emit (events.js:98:17)
    at handleMessage (child_process.js:318:10)
    at Pipe.channel.onread (child_process.js:345:11)

TypeError: Cannot read property 'hp' of undefined
    at Tools.exports.BattleScripts.randomCCTeam (/Users/clazinasteunenberg/Downloads/Pokemon-Showdown/data/scripts.js:528:21)
    at Tools.exports.BattleScripts.getTeam (/Users/clazinasteunenberg/Downloads/Pokemon-Showdown/data/scripts.js:485:35)
    at new BattleSide (/Users/clazinasteunenberg/Downloads/Pokemon-Showdown/battle-engine.js:1096:27)
    at Tools.Battle.join (/Users/clazinasteunenberg/Downloads/Pokemon-Showdown/battle-engine.js:3333:15)
    at Tools.Battle.receive (/Users/clazinasteunenberg/Downloads/Pokemon-Showdown/battle-engine.js:3390:9)
    at process.BattlePokemon.side (/Users/clazinasteunenberg/Downloads/Pokemon-Showdown/battle-engine.js:143:12)
    at process.EventEmitter.emit (events.js:98:17)
    at handleMessage (child_process.js:318:10)
    at Pipe.channel.onread (child_process.js:345:11)

Additional information:
message = battle-challengecup-24|join|p1|Snaquaza|101
currentRequest = 

Log:
|html|<div class="broadcast-red"><b>The battle crashed</b><br />You can keep playing but it might crash again.</div>
|html|<div class="broadcast-red"><b>The battle crashed</b><br />You can keep playing but it might crash again.</div>
|html|<div class="broadcast-red"><b>The battle crashed</b><br />You can keep playing but it might crash again.</div>
|html|<div class="broadcast-red"><b>The battle crashed</b><br />You can keep playing but it might crash again.</div>
|html|<div class="broadcast-red"><b>The battle crashed</b><br />You can keep playing but it might crash again.</div>
|html|<div class="broadcast-red"><b>The battle crashed</b><br />You can keep playing but it might crash again.</div>
|html|<div class="broadcast-red"><b>The battle crashed</b><br />You can keep playing but it might crash again.</div>
|html|<div class="broadcast-red"><b>The battle crashed</b><br />You can keep playing but it might crash again.</div>
|html|<div class="broadcast-red"><b>The battle crashed</b><br />You can keep playing but it might crash again.</div>
|html|<div class="broadcast-red"><b>The battle crashed</b><br />You can keep playing but it might crash again.</div>
|html|<div class="broadcast-red"><b>The battle crashed</b><br />You can keep playing but it might crash again.</div>
|html|<div class="broadcast-red"><b>The battle crashed</b><br />You can keep playing but it might crash again.</div>
|html|<div class="broadcast-red"><b>The battle crashed</b><br />You can keep playing but it might crash again.</div>
|html|<div class="broadcast-red"><b>The battle crashed</b><br />You can keep playing but it might crash again.</div>
|html|<div class="broadcast-red"><b>The battle crashed</b><br />You can keep playing but it might crash again.</div>
|html|<div class="broadcast-red"><b>The battle crashed</b><br />You can keep playing but it might crash again.</div>

TypeError: Cannot read property 'isActive' of null
    at Tools.Battle.makeRequest (/Users/clazinasteunenberg/Downloads/Pokemon-Showdown/battle-engine.js:1943:15)
    at process.BattlePokemon.side (/Users/clazinasteunenberg/Downloads/Pokemon-Showdown/battle-engine.js:157:13)
    at process.EventEmitter.emit (events.js:98:17)
    at handleMessage (child_process.js:318:10)
    at Pipe.channel.onread (child_process.js:345:11)

TypeError: Cannot read property 'hp' of undefined
    at Tools.exports.BattleScripts.randomCCTeam (/Users/clazinasteunenberg/Downloads/Pokemon-Showdown/data/scripts.js:528:21)
    at Tools.exports.BattleScripts.getTeam (/Users/clazinasteunenberg/Downloads/Pokemon-Showdown/data/scripts.js:485:35)
    at new BattleSide (/Users/clazinasteunenberg/Downloads/Pokemon-Showdown/battle-engine.js:1096:27)
    at Tools.Battle.join (/Users/clazinasteunenberg/Downloads/Pokemon-Showdown/battle-engine.js:3333:15)
    at Tools.Battle.receive (/Users/clazinasteunenberg/Downloads/Pokemon-Showdown/battle-engine.js:3390:9)
    at process.BattlePokemon.side (/Users/clazinasteunenberg/Downloads/Pokemon-Showdown/battle-engine.js:143:12)
    at process.EventEmitter.emit (events.js:98:17)
    at handleMessage (child_process.js:318:10)
    at Pipe.channel.onread (child_process.js:345:11)

Additional information:
message = battle-challengecup-24|join|p1|Snaquaza|101
currentRequest = 

Log:
|html|<div class="broadcast-red"><b>The battle crashed</b><br />You can keep playing but it might crash again.</div>
|html|<div class="broadcast-red"><b>The battle crashed</b><br />You can keep playing but it might crash again.</div>
|html|<div class="broadcast-red"><b>The battle crashed</b><br />You can keep playing but it might crash again.</div>
|html|<div class="broadcast-red"><b>The battle crashed</b><br />You can keep playing but it might crash again.</div>
|html|<div class="broadcast-red"><b>The battle crashed</b><br />You can keep playing but it might crash again.</div>
|html|<div class="broadcast-red"><b>The battle crashed</b><br />You can keep playing but it might crash again.</div>
|html|<div class="broadcast-red"><b>The battle crashed</b><br />You can keep playing but it might crash again.</div>
|html|<div class="broadcast-red"><b>The battle crashed</b><br />You can keep playing but it might crash again.</div>
|html|<div class="broadcast-red"><b>The battle crashed</b><br />You can keep playing but it might crash again.</div>
|html|<div class="broadcast-red"><b>The battle crashed</b><br />You can keep playing but it might crash again.</div>
|html|<div class="broadcast-red"><b>The battle crashed</b><br />You can keep playing but it might crash again.</div>
|html|<div class="broadcast-red"><b>The battle crashed</b><br />You can keep playing but it might crash again.</div>
|html|<div class="broadcast-red"><b>The battle crashed</b><br />You can keep playing but it might crash again.</div>
|html|<div class="broadcast-red"><b>The battle crashed</b><br />You can keep playing but it might crash again.</div>
|html|<div class="broadcast-red"><b>The battle crashed</b><br />You can keep playing but it might crash again.</div>
|html|<div class="broadcast-red"><b>The battle crashed</b><br />You can keep playing but it might crash again.</div>
|html|<div class="broadcast-red"><b>The battle crashed</b><br />You can keep playing but it might crash again.</div>

TypeError: Cannot read property 'isActive' of null
    at Tools.Battle.makeRequest (/Users/clazinasteunenberg/Downloads/Pokemon-Showdown/battle-engine.js:1943:15)
    at process.BattlePokemon.side (/Users/clazinasteunenberg/Downloads/Pokemon-Showdown/battle-engine.js:157:13)
    at process.EventEmitter.emit (events.js:98:17)
    at handleMessage (child_process.js:318:10)
    at Pipe.channel.onread (child_process.js:345:11)

TypeError: Cannot read property 'hp' of undefined
    at Tools.exports.BattleScripts.randomCCTeam (/Users/clazinasteunenberg/Downloads/Pokemon-Showdown/data/scripts.js:528:21)
    at Tools.exports.BattleScripts.getTeam (/Users/clazinasteunenberg/Downloads/Pokemon-Showdown/data/scripts.js:485:35)
    at new BattleSide (/Users/clazinasteunenberg/Downloads/Pokemon-Showdown/battle-engine.js:1096:27)
    at Tools.Battle.join (/Users/clazinasteunenberg/Downloads/Pokemon-Showdown/battle-engine.js:3333:15)
    at Tools.Battle.receive (/Users/clazinasteunenberg/Downloads/Pokemon-Showdown/battle-engine.js:3390:9)
    at process.BattlePokemon.side (/Users/clazinasteunenberg/Downloads/Pokemon-Showdown/battle-engine.js:143:12)
    at process.EventEmitter.emit (events.js:98:17)
    at handleMessage (child_process.js:318:10)
    at Pipe.channel.onread (child_process.js:345:11)

Additional information:
message = battle-challengecup-24|join|p1|Snaquaza|101
currentRequest = 

Log:
|html|<div class="broadcast-red"><b>The battle crashed</b><br />You can keep playing but it might crash again.</div>
|html|<div class="broadcast-red"><b>The battle crashed</b><br />You can keep playing but it might crash again.</div>
|html|<div class="broadcast-red"><b>The battle crashed</b><br />You can keep playing but it might crash again.</div>
|html|<div class="broadcast-red"><b>The battle crashed</b><br />You can keep playing but it might crash again.</div>
|html|<div class="broadcast-red"><b>The battle crashed</b><br />You can keep playing but it might crash again.</div>
|html|<div class="broadcast-red"><b>The battle crashed</b><br />You can keep playing but it might crash again.</div>
|html|<div class="broadcast-red"><b>The battle crashed</b><br />You can keep playing but it might crash again.</div>
|html|<div class="broadcast-red"><b>The battle crashed</b><br />You can keep playing but it might crash again.</div>
|html|<div class="broadcast-red"><b>The battle crashed</b><br />You can keep playing but it might crash again.</div>
|html|<div class="broadcast-red"><b>The battle crashed</b><br />You can keep playing but it might crash again.</div>
|html|<div class="broadcast-red"><b>The battle crashed</b><br />You can keep playing but it might crash again.</div>
|html|<div class="broadcast-red"><b>The battle crashed</b><br />You can keep playing but it might crash again.</div>
|html|<div class="broadcast-red"><b>The battle crashed</b><br />You can keep playing but it might crash again.</div>
|html|<div class="broadcast-red"><b>The battle crashed</b><br />You can keep playing but it might crash again.</div>
|html|<div class="broadcast-red"><b>The battle crashed</b><br />You can keep playing but it might crash again.</div>
|html|<div class="broadcast-red"><b>The battle crashed</b><br />You can keep playing but it might crash again.</div>
|html|<div class="broadcast-red"><b>The battle crashed</b><br />You can keep playing but it might crash again.</div>
|html|<div class="broadcast-red"><b>The battle crashed</b><br />You can keep playing but it might crash again.</div>

TypeError: Cannot read property 'isActive' of null
    at Tools.Battle.makeRequest (/Users/clazinasteunenberg/Downloads/Pokemon-Showdown/battle-engine.js:1943:15)
    at process.BattlePokemon.side (/Users/clazinasteunenberg/Downloads/Pokemon-Showdown/battle-engine.js:157:13)
    at process.EventEmitter.emit (events.js:98:17)
    at handleMessage (child_process.js:318:10)
    at Pipe.channel.onread (child_process.js:345:11)

TypeError: Cannot read property 'hp' of undefined
    at Tools.exports.BattleScripts.randomCCTeam (/Users/clazinasteunenberg/Downloads/Pokemon-Showdown/data/scripts.js:528:21)
    at Tools.exports.BattleScripts.getTeam (/Users/clazinasteunenberg/Downloads/Pokemon-Showdown/data/scripts.js:485:35)
    at new BattleSide (/Users/clazinasteunenberg/Downloads/Pokemon-Showdown/battle-engine.js:1096:27)
    at Tools.Battle.join (/Users/clazinasteunenberg/Downloads/Pokemon-Showdown/battle-engine.js:3333:15)
    at Tools.Battle.receive (/Users/clazinasteunenberg/Downloads/Pokemon-Showdown/battle-engine.js:3390:9)
    at process.BattlePokemon.side (/Users/clazinasteunenberg/Downloads/Pokemon-Showdown/battle-engine.js:143:12)
    at process.EventEmitter.emit (events.js:98:17)
    at handleMessage (child_process.js:318:10)
    at Pipe.channel.onread (child_process.js:345:11)

Additional information:
message = battle-challengecup-24|join|p1|Snaquaza|101
currentRequest = 

Log:
|html|<div class="broadcast-red"><b>The battle crashed</b><br />You can keep playing but it might crash again.</div>
|html|<div class="broadcast-red"><b>The battle crashed</b><br />You can keep playing but it might crash again.</div>
|html|<div class="broadcast-red"><b>The battle crashed</b><br />You can keep playing but it might crash again.</div>
|html|<div class="broadcast-red"><b>The battle crashed</b><br />You can keep playing but it might crash again.</div>
|html|<div class="broadcast-red"><b>The battle crashed</b><br />You can keep playing but it might crash again.</div>
|html|<div class="broadcast-red"><b>The battle crashed</b><br />You can keep playing but it might crash again.</div>
|html|<div class="broadcast-red"><b>The battle crashed</b><br />You can keep playing but it might crash again.</div>
|html|<div class="broadcast-red"><b>The battle crashed</b><br />You can keep playing but it might crash again.</div>
|html|<div class="broadcast-red"><b>The battle crashed</b><br />You can keep playing but it might crash again.</div>
|html|<div class="broadcast-red"><b>The battle crashed</b><br />You can keep playing but it might crash again.</div>
|html|<div class="broadcast-red"><b>The battle crashed</b><br />You can keep playing but it might crash again.</div>
|html|<div class="broadcast-red"><b>The battle crashed</b><br />You can keep playing but it might crash again.</div>
|html|<div class="broadcast-red"><b>The battle crashed</b><br />You can keep playing but it might crash again.</div>
|html|<div class="broadcast-red"><b>The battle crashed</b><br />You can keep playing but it might crash again.</div>
|html|<div class="broadcast-red"><b>The battle crashed</b><br />You can keep playing but it might crash again.</div>
|html|<div class="broadcast-red"><b>The battle crashed</b><br />You can keep playing but it might crash again.</div>
|html|<div class="broadcast-red"><b>The battle crashed</b><br />You can keep playing but it might crash again.</div>
|html|<div class="broadcast-red"><b>The battle crashed</b><br />You can keep playing but it might crash again.</div>
|html|<div class="broadcast-red"><b>The battle crashed</b><br />You can keep playing but it might crash again.</div>

TypeError: Cannot read property 'isActive' of null
    at Tools.Battle.makeRequest (/Users/clazinasteunenberg/Downloads/Pokemon-Showdown/battle-engine.js:1943:15)
    at process.BattlePokemon.side (/Users/clazinasteunenberg/Downloads/Pokemon-Showdown/battle-engine.js:157:13)
    at process.EventEmitter.emit (events.js:98:17)
    at handleMessage (child_process.js:318:10)
    at Pipe.channel.onread (child_process.js:345:11)

TypeError: Cannot read property 'hp' of undefined
    at Tools.exports.BattleScripts.randomCCTeam (/Users/clazinasteunenberg/Downloads/Pokemon-Showdown/data/scripts.js:528:21)
    at Tools.exports.BattleScripts.getTeam (/Users/clazinasteunenberg/Downloads/Pokemon-Showdown/data/scripts.js:485:35)
    at new BattleSide (/Users/clazinasteunenberg/Downloads/Pokemon-Showdown/battle-engine.js:1096:27)
    at Tools.Battle.join (/Users/clazinasteunenberg/Downloads/Pokemon-Showdown/battle-engine.js:3333:15)
    at Tools.Battle.receive (/Users/clazinasteunenberg/Downloads/Pokemon-Showdown/battle-engine.js:3390:9)
    at process.BattlePokemon.side (/Users/clazinasteunenberg/Downloads/Pokemon-Showdown/battle-engine.js:143:12)
    at process.EventEmitter.emit (events.js:98:17)
    at handleMessage (child_process.js:318:10)
    at Pipe.channel.onread (child_process.js:345:11)

Additional information:
message = battle-challengecup-24|join|p1|Snaquaza|101
currentRequest = 

Log:
|html|<div class="broadcast-red"><b>The battle crashed</b><br />You can keep playing but it might crash again.</div>
|html|<div class="broadcast-red"><b>The battle crashed</b><br />You can keep playing but it might crash again.</div>
|html|<div class="broadcast-red"><b>The battle crashed</b><br />You can keep playing but it might crash again.</div>
|html|<div class="broadcast-red"><b>The battle crashed</b><br />You can keep playing but it might crash again.</div>
|html|<div class="broadcast-red"><b>The battle crashed</b><br />You can keep playing but it might crash again.</div>
|html|<div class="broadcast-red"><b>The battle crashed</b><br />You can keep playing but it might crash again.</div>
|html|<div class="broadcast-red"><b>The battle crashed</b><br />You can keep playing but it might crash again.</div>
|html|<div class="broadcast-red"><b>The battle crashed</b><br />You can keep playing but it might crash again.</div>
|html|<div class="broadcast-red"><b>The battle crashed</b><br />You can keep playing but it might crash again.</div>
|html|<div class="broadcast-red"><b>The battle crashed</b><br />You can keep playing but it might crash again.</div>
|html|<div class="broadcast-red"><b>The battle crashed</b><br />You can keep playing but it might crash again.</div>
|html|<div class="broadcast-red"><b>The battle crashed</b><br />You can keep playing but it might crash again.</div>
|html|<div class="broadcast-red"><b>The battle crashed</b><br />You can keep playing but it might crash again.</div>
|html|<div class="broadcast-red"><b>The battle crashed</b><br />You can keep playing but it might crash again.</div>
|html|<div class="broadcast-red"><b>The battle crashed</b><br />You can keep playing but it might crash again.</div>
|html|<div class="broadcast-red"><b>The battle crashed</b><br />You can keep playing but it might crash again.</div>
|html|<div class="broadcast-red"><b>The battle crashed</b><br />You can keep playing but it might crash again.</div>
|html|<div class="broadcast-red"><b>The battle crashed</b><br />You can keep playing but it might crash again.</div>
|html|<div class="broadcast-red"><b>The battle crashed</b><br />You can keep playing but it might crash again.</div>
|html|<div class="broadcast-red"><b>The battle crashed</b><br />You can keep playing but it might crash again.</div>

TypeError: Cannot read property 'isActive' of null
    at Tools.Battle.makeRequest (/Users/clazinasteunenberg/Downloads/Pokemon-Showdown/battle-engine.js:1943:15)
    at process.BattlePokemon.side (/Users/clazinasteunenberg/Downloads/Pokemon-Showdown/battle-engine.js:157:13)
    at process.EventEmitter.emit (events.js:98:17)
    at handleMessage (child_process.js:318:10)
    at Pipe.channel.onread (child_process.js:345:11)

TypeError: Cannot read property 'hp' of undefined
    at Tools.exports.BattleScripts.randomCCTeam (/Users/clazinasteunenberg/Downloads/Pokemon-Showdown/data/scripts.js:528:21)
    at Tools.exports.BattleScripts.getTeam (/Users/clazinasteunenberg/Downloads/Pokemon-Showdown/data/scripts.js:485:35)
    at new BattleSide (/Users/clazinasteunenberg/Downloads/Pokemon-Showdown/battle-engine.js:1096:27)
    at Tools.Battle.join (/Users/clazinasteunenberg/Downloads/Pokemon-Showdown/battle-engine.js:3333:15)
    at Tools.Battle.receive (/Users/clazinasteunenberg/Downloads/Pokemon-Showdown/battle-engine.js:3390:9)
    at process.BattlePokemon.side (/Users/clazinasteunenberg/Downloads/Pokemon-Showdown/battle-engine.js:143:12)
    at process.EventEmitter.emit (events.js:98:17)
    at handleMessage (child_process.js:318:10)
    at Pipe.channel.onread (child_process.js:345:11)

Additional information:
message = battle-challengecup-24|join|p1|Snaquaza|101
currentRequest = 

Log:
|html|<div class="broadcast-red"><b>The battle crashed</b><br />You can keep playing but it might crash again.</div>
|html|<div class="broadcast-red"><b>The battle crashed</b><br />You can keep playing but it might crash again.</div>
|html|<div class="broadcast-red"><b>The battle crashed</b><br />You can keep playing but it might crash again.</div>
|html|<div class="broadcast-red"><b>The battle crashed</b><br />You can keep playing but it might crash again.</div>
|html|<div class="broadcast-red"><b>The battle crashed</b><br />You can keep playing but it might crash again.</div>
|html|<div class="broadcast-red"><b>The battle crashed</b><br />You can keep playing but it might crash again.</div>
|html|<div class="broadcast-red"><b>The battle crashed</b><br />You can keep playing but it might crash again.</div>
|html|<div class="broadcast-red"><b>The battle crashed</b><br />You can keep playing but it might crash again.</div>
|html|<div class="broadcast-red"><b>The battle crashed</b><br />You can keep playing but it might crash again.</div>
|html|<div class="broadcast-red"><b>The battle crashed</b><br />You can keep playing but it might crash again.</div>
|html|<div class="broadcast-red"><b>The battle crashed</b><br />You can keep playing but it might crash again.</div>
|html|<div class="broadcast-red"><b>The battle crashed</b><br />You can keep playing but it might crash again.</div>
|html|<div class="broadcast-red"><b>The battle crashed</b><br />You can keep playing but it might crash again.</div>
|html|<div class="broadcast-red"><b>The battle crashed</b><br />You can keep playing but it might crash again.</div>
|html|<div class="broadcast-red"><b>The battle crashed</b><br />You can keep playing but it might crash again.</div>
|html|<div class="broadcast-red"><b>The battle crashed</b><br />You can keep playing but it might crash again.</div>
|html|<div class="broadcast-red"><b>The battle crashed</b><br />You can keep playing but it might crash again.</div>
|html|<div class="broadcast-red"><b>The battle crashed</b><br />You can keep playing but it might crash again.</div>
|html|<div class="broadcast-red"><b>The battle crashed</b><br />You can keep playing but it might crash again.</div>
|html|<div class="broadcast-red"><b>The battle crashed</b><br />You can keep playing but it might crash again.</div>
|html|<div class="broadcast-red"><b>The battle crashed</b><br />You can keep playing but it might crash again.</div>

TypeError: Cannot read property 'isActive' of null
    at Tools.Battle.makeRequest (/Users/clazinasteunenberg/Downloads/Pokemon-Showdown/battle-engine.js:1943:15)
    at process.BattlePokemon.side (/Users/clazinasteunenberg/Downloads/Pokemon-Showdown/battle-engine.js:157:13)
    at process.EventEmitter.emit (events.js:98:17)
    at handleMessage (child_process.js:318:10)
    at Pipe.channel.onread (child_process.js:345:11)

TypeError: Cannot read property 'hp' of undefined
    at Tools.exports.BattleScripts.randomCCTeam (/Users/clazinasteunenberg/Downloads/Pokemon-Showdown/data/scripts.js:528:21)
    at Tools.exports.BattleScripts.getTeam (/Users/clazinasteunenberg/Downloads/Pokemon-Showdown/data/scripts.js:485:35)
    at new BattleSide (/Users/clazinasteunenberg/Downloads/Pokemon-Showdown/battle-engine.js:1096:27)
    at Tools.Battle.join (/Users/clazinasteunenberg/Downloads/Pokemon-Showdown/battle-engine.js:3333:15)
    at Tools.Battle.receive (/Users/clazinasteunenberg/Downloads/Pokemon-Showdown/battle-engine.js:3390:9)
    at process.BattlePokemon.side (/Users/clazinasteunenberg/Downloads/Pokemon-Showdown/battle-engine.js:143:12)
    at process.EventEmitter.emit (events.js:98:17)
    at handleMessage (child_process.js:318:10)
    at Pipe.channel.onread (child_process.js:345:11)

Additional information:
message = battle-challengecup-24|join|p1|Snaquaza|101
currentRequest = 

Log:
|html|<div class="broadcast-red"><b>The battle crashed</b><br />You can keep playing but it might crash again.</div>
|html|<div class="broadcast-red"><b>The battle crashed</b><br />You can keep playing but it might crash again.</div>
|html|<div class="broadcast-red"><b>The battle crashed</b><br />You can keep playing but it might crash again.</div>
|html|<div class="broadcast-red"><b>The battle crashed</b><br />You can keep playing but it might crash again.</div>
|html|<div class="broadcast-red"><b>The battle crashed</b><br />You can keep playing but it might crash again.</div>
|html|<div class="broadcast-red"><b>The battle crashed</b><br />You can keep playing but it might crash again.</div>
|html|<div class="broadcast-red"><b>The battle crashed</b><br />You can keep playing but it might crash again.</div>
|html|<div class="broadcast-red"><b>The battle crashed</b><br />You can keep playing but it might crash again.</div>
|html|<div class="broadcast-red"><b>The battle crashed</b><br />You can keep playing but it might crash again.</div>
|html|<div class="broadcast-red"><b>The battle crashed</b><br />You can keep playing but it might crash again.</div>
|html|<div class="broadcast-red"><b>The battle crashed</b><br />You can keep playing but it might crash again.</div>
|html|<div class="broadcast-red"><b>The battle crashed</b><br />You can keep playing but it might crash again.</div>
|html|<div class="broadcast-red"><b>The battle crashed</b><br />You can keep playing but it might crash again.</div>
|html|<div class="broadcast-red"><b>The battle crashed</b><br />You can keep playing but it might crash again.</div>
|html|<div class="broadcast-red"><b>The battle crashed</b><br />You can keep playing but it might crash again.</div>
|html|<div class="broadcast-red"><b>The battle crashed</b><br />You can keep playing but it might crash again.</div>
|html|<div class="broadcast-red"><b>The battle crashed</b><br />You can keep playing but it might crash again.</div>
|html|<div class="broadcast-red"><b>The battle crashed</b><br />You can keep playing but it might crash again.</div>
|html|<div class="broadcast-red"><b>The battle crashed</b><br />You can keep playing but it might crash again.</div>
|html|<div class="broadcast-red"><b>The battle crashed</b><br />You can keep playing but it might crash again.</div>
|html|<div class="broadcast-red"><b>The battle crashed</b><br />You can keep playing but it might crash again.</div>
|html|<div class="broadcast-red"><b>The battle crashed</b><br />You can keep playing but it might crash again.</div>

TypeError: Cannot read property 'isActive' of null
    at Tools.Battle.makeRequest (/Users/clazinasteunenberg/Downloads/Pokemon-Showdown/battle-engine.js:1943:15)
    at process.BattlePokemon.side (/Users/clazinasteunenberg/Downloads/Pokemon-Showdown/battle-engine.js:157:13)
    at process.EventEmitter.emit (events.js:98:17)
    at handleMessage (child_process.js:318:10)
    at Pipe.channel.onread (child_process.js:345:11)

TypeError: Cannot read property 'hp' of undefined
    at Tools.exports.BattleScripts.randomCCTeam (/Users/clazinasteunenberg/Downloads/Pokemon-Showdown/data/scripts.js:528:21)
    at Tools.exports.BattleScripts.getTeam (/Users/clazinasteunenberg/Downloads/Pokemon-Showdown/data/scripts.js:485:35)
    at new BattleSide (/Users/clazinasteunenberg/Downloads/Pokemon-Showdown/battle-engine.js:1096:27)
    at Tools.Battle.join (/Users/clazinasteunenberg/Downloads/Pokemon-Showdown/battle-engine.js:3333:15)
    at Tools.Battle.receive (/Users/clazinasteunenberg/Downloads/Pokemon-Showdown/battle-engine.js:3390:9)
    at process.BattlePokemon.side (/Users/clazinasteunenberg/Downloads/Pokemon-Showdown/battle-engine.js:143:12)
    at process.EventEmitter.emit (events.js:98:17)
    at handleMessage (child_process.js:318:10)
    at Pipe.channel.onread (child_process.js:345:11)

Additional information:
message = battle-challengecup-24|join|p1|Snaquaza|101
currentRequest = 

Log:
|html|<div class="broadcast-red"><b>The battle crashed</b><br />You can keep playing but it might crash again.</div>
|html|<div class="broadcast-red"><b>The battle crashed</b><br />You can keep playing but it might crash again.</div>
|html|<div class="broadcast-red"><b>The battle crashed</b><br />You can keep playing but it might crash again.</div>
|html|<div class="broadcast-red"><b>The battle crashed</b><br />You can keep playing but it might crash again.</div>
|html|<div class="broadcast-red"><b>The battle crashed</b><br />You can keep playing but it might crash again.</div>
|html|<div class="broadcast-red"><b>The battle crashed</b><br />You can keep playing but it might crash again.</div>
|html|<div class="broadcast-red"><b>The battle crashed</b><br />You can keep playing but it might crash again.</div>
|html|<div class="broadcast-red"><b>The battle crashed</b><br />You can keep playing but it might crash again.</div>
|html|<div class="broadcast-red"><b>The battle crashed</b><br />You can keep playing but it might crash again.</div>
|html|<div class="broadcast-red"><b>The battle crashed</b><br />You can keep playing but it might crash again.</div>
|html|<div class="broadcast-red"><b>The battle crashed</b><br />You can keep playing but it might crash again.</div>
|html|<div class="broadcast-red"><b>The battle crashed</b><br />You can keep playing but it might crash again.</div>
|html|<div class="broadcast-red"><b>The battle crashed</b><br />You can keep playing but it might crash again.</div>
|html|<div class="broadcast-red"><b>The battle crashed</b><br />You can keep playing but it might crash again.</div>
|html|<div class="broadcast-red"><b>The battle crashed</b><br />You can keep playing but it might crash again.</div>
|html|<div class="broadcast-red"><b>The battle crashed</b><br />You can keep playing but it might crash again.</div>
|html|<div class="broadcast-red"><b>The battle crashed</b><br />You can keep playing but it might crash again.</div>
|html|<div class="broadcast-red"><b>The battle crashed</b><br />You can keep playing but it might crash again.</div>
|html|<div class="broadcast-red"><b>The battle crashed</b><br />You can keep playing but it might crash again.</div>
|html|<div class="broadcast-red"><b>The battle crashed</b><br />You can keep playing but it might crash again.</div>
|html|<div class="broadcast-red"><b>The battle crashed</b><br />You can keep playing but it might crash again.</div>
|html|<div class="broadcast-red"><b>The battle crashed</b><br />You can keep playing but it might crash again.</div>
|html|<div class="broadcast-red"><b>The battle crashed</b><br />You can keep playing but it might crash again.</div>

TypeError: Cannot read property 'isActive' of null
    at Tools.Battle.makeRequest (/Users/clazinasteunenberg/Downloads/Pokemon-Showdown/battle-engine.js:1943:15)
    at process.BattlePokemon.side (/Users/clazinasteunenberg/Downloads/Pokemon-Showdown/battle-engine.js:157:13)
    at process.EventEmitter.emit (events.js:98:17)
    at handleMessage (child_process.js:318:10)
    at Pipe.channel.onread (child_process.js:345:11)

TypeError: Cannot read property 'hp' of undefined
    at Tools.exports.BattleScripts.randomCCTeam (/Users/clazinasteunenberg/Downloads/Pokemon-Showdown/data/scripts.js:528:21)
    at Tools.exports.BattleScripts.getTeam (/Users/clazinasteunenberg/Downloads/Pokemon-Showdown/data/scripts.js:485:35)
    at new BattleSide (/Users/clazinasteunenberg/Downloads/Pokemon-Showdown/battle-engine.js:1096:27)
    at Tools.Battle.join (/Users/clazinasteunenberg/Downloads/Pokemon-Showdown/battle-engine.js:3333:15)
    at Tools.Battle.receive (/Users/clazinasteunenberg/Downloads/Pokemon-Showdown/battle-engine.js:3390:9)
    at process.BattlePokemon.side (/Users/clazinasteunenberg/Downloads/Pokemon-Showdown/battle-engine.js:143:12)
    at process.EventEmitter.emit (events.js:98:17)
    at handleMessage (child_process.js:318:10)
    at Pipe.channel.onread (child_process.js:345:11)

Additional information:
message = battle-challengecup-24|join|p1|Snaquaza|101
currentRequest = 

Log:
|html|<div class="broadcast-red"><b>The battle crashed</b><br />You can keep playing but it might crash again.</div>
|html|<div class="broadcast-red"><b>The battle crashed</b><br />You can keep playing but it might crash again.</div>
|html|<div class="broadcast-red"><b>The battle crashed</b><br />You can keep playing but it might crash again.</div>
|html|<div class="broadcast-red"><b>The battle crashed</b><br />You can keep playing but it might crash again.</div>
|html|<div class="broadcast-red"><b>The battle crashed</b><br />You can keep playing but it might crash again.</div>
|html|<div class="broadcast-red"><b>The battle crashed</b><br />You can keep playing but it might crash again.</div>
|html|<div class="broadcast-red"><b>The battle crashed</b><br />You can keep playing but it might crash again.</div>
|html|<div class="broadcast-red"><b>The battle crashed</b><br />You can keep playing but it might crash again.</div>
|html|<div class="broadcast-red"><b>The battle crashed</b><br />You can keep playing but it might crash again.</div>
|html|<div class="broadcast-red"><b>The battle crashed</b><br />You can keep playing but it might crash again.</div>
|html|<div class="broadcast-red"><b>The battle crashed</b><br />You can keep playing but it might crash again.</div>
|html|<div class="broadcast-red"><b>The battle crashed</b><br />You can keep playing but it might crash again.</div>
|html|<div class="broadcast-red"><b>The battle crashed</b><br />You can keep playing but it might crash again.</div>
|html|<div class="broadcast-red"><b>The battle crashed</b><br />You can keep playing but it might crash again.</div>
|html|<div class="broadcast-red"><b>The battle crashed</b><br />You can keep playing but it might crash again.</div>
|html|<div class="broadcast-red"><b>The battle crashed</b><br />You can keep playing but it might crash again.</div>
|html|<div class="broadcast-red"><b>The battle crashed</b><br />You can keep playing but it might crash again.</div>
|html|<div class="broadcast-red"><b>The battle crashed</b><br />You can keep playing but it might crash again.</div>
|html|<div class="broadcast-red"><b>The battle crashed</b><br />You can keep playing but it might crash again.</div>
|html|<div class="broadcast-red"><b>The battle crashed</b><br />You can keep playing but it might crash again.</div>
|html|<div class="broadcast-red"><b>The battle crashed</b><br />You can keep playing but it might crash again.</div>
|html|<div class="broadcast-red"><b>The battle crashed</b><br />You can keep playing but it might crash again.</div>
|html|<div class="broadcast-red"><b>The battle crashed</b><br />You can keep playing but it might crash again.</div>
|html|<div class="broadcast-red"><b>The battle crashed</b><br />You can keep playing but it might crash again.</div>

TypeError: Cannot read property 'isActive' of null
    at Tools.Battle.makeRequest (/Users/clazinasteunenberg/Downloads/Pokemon-Showdown/battle-engine.js:1943:15)
    at process.BattlePokemon.side (/Users/clazinasteunenberg/Downloads/Pokemon-Showdown/battle-engine.js:157:13)
    at process.EventEmitter.emit (events.js:98:17)
    at handleMessage (child_process.js:318:10)
    at Pipe.channel.onread (child_process.js:345:11)

TypeError: Cannot read property 'hp' of undefined
    at Tools.exports.BattleScripts.randomCCTeam (/Users/clazinasteunenberg/Downloads/Pokemon-Showdown/data/scripts.js:528:21)
    at Tools.exports.BattleScripts.getTeam (/Users/clazinasteunenberg/Downloads/Pokemon-Showdown/data/scripts.js:485:35)
    at new BattleSide (/Users/clazinasteunenberg/Downloads/Pokemon-Showdown/battle-engine.js:1096:27)
    at Tools.Battle.join (/Users/clazinasteunenberg/Downloads/Pokemon-Showdown/battle-engine.js:3333:15)
    at Tools.Battle.receive (/Users/clazinasteunenberg/Downloads/Pokemon-Showdown/battle-engine.js:3390:9)
    at process.BattlePokemon.side (/Users/clazinasteunenberg/Downloads/Pokemon-Showdown/battle-engine.js:143:12)
    at process.EventEmitter.emit (events.js:98:17)
    at handleMessage (child_process.js:318:10)
    at Pipe.channel.onread (child_process.js:345:11)

Additional information:
message = battle-challengecup-24|join|p1|Snaquaza|101
currentRequest = 

Log:
|html|<div class="broadcast-red"><b>The battle crashed</b><br />You can keep playing but it might crash again.</div>
|html|<div class="broadcast-red"><b>The battle crashed</b><br />You can keep playing but it might crash again.</div>
|html|<div class="broadcast-red"><b>The battle crashed</b><br />You can keep playing but it might crash again.</div>
|html|<div class="broadcast-red"><b>The battle crashed</b><br />You can keep playing but it might crash again.</div>
|html|<div class="broadcast-red"><b>The battle crashed</b><br />You can keep playing but it might crash again.</div>
|html|<div class="broadcast-red"><b>The battle crashed</b><br />You can keep playing but it might crash again.</div>
|html|<div class="broadcast-red"><b>The battle crashed</b><br />You can keep playing but it might crash again.</div>
|html|<div class="broadcast-red"><b>The battle crashed</b><br />You can keep playing but it might crash again.</div>
|html|<div class="broadcast-red"><b>The battle crashed</b><br />You can keep playing but it might crash again.</div>
|html|<div class="broadcast-red"><b>The battle crashed</b><br />You can keep playing but it might crash again.</div>
|html|<div class="broadcast-red"><b>The battle crashed</b><br />You can keep playing but it might crash again.</div>
|html|<div class="broadcast-red"><b>The battle crashed</b><br />You can keep playing but it might crash again.</div>
|html|<div class="broadcast-red"><b>The battle crashed</b><br />You can keep playing but it might crash again.</div>
|html|<div class="broadcast-red"><b>The battle crashed</b><br />You can keep playing but it might crash again.</div>
|html|<div class="broadcast-red"><b>The battle crashed</b><br />You can keep playing but it might crash again.</div>
|html|<div class="broadcast-red"><b>The battle crashed</b><br />You can keep playing but it might crash again.</div>
|html|<div class="broadcast-red"><b>The battle crashed</b><br />You can keep playing but it might crash again.</div>
|html|<div class="broadcast-red"><b>The battle crashed</b><br />You can keep playing but it might crash again.</div>
|html|<div class="broadcast-red"><b>The battle crashed</b><br />You can keep playing but it might crash again.</div>
|html|<div class="broadcast-red"><b>The battle crashed</b><br />You can keep playing but it might crash again.</div>
|html|<div class="broadcast-red"><b>The battle crashed</b><br />You can keep playing but it might crash again.</div>
|html|<div class="broadcast-red"><b>The battle crashed</b><br />You can keep playing but it might crash again.</div>
|html|<div class="broadcast-red"><b>The battle crashed</b><br />You can keep playing but it might crash again.</div>
|html|<div class="broadcast-red"><b>The battle crashed</b><br />You can keep playing but it might crash again.</div>
|html|<div class="broadcast-red"><b>The battle crashed</b><br />You can keep playing but it might crash again.</div>

TypeError: Cannot read property 'isActive' of null
    at Tools.Battle.makeRequest (/Users/clazinasteunenberg/Downloads/Pokemon-Showdown/battle-engine.js:1943:15)
    at process.BattlePokemon.side (/Users/clazinasteunenberg/Downloads/Pokemon-Showdown/battle-engine.js:157:13)
    at process.EventEmitter.emit (events.js:98:17)
    at handleMessage (child_process.js:318:10)
    at Pipe.channel.onread (child_process.js:345:11)

TypeError: Cannot read property 'hp' of undefined
    at Tools.exports.BattleScripts.randomCCTeam (/Users/clazinasteunenberg/Downloads/Pokemon-Showdown/data/scripts.js:528:21)
    at Tools.exports.BattleScripts.getTeam (/Users/clazinasteunenberg/Downloads/Pokemon-Showdown/data/scripts.js:485:35)
    at new BattleSide (/Users/clazinasteunenberg/Downloads/Pokemon-Showdown/battle-engine.js:1096:27)
    at Tools.Battle.join (/Users/clazinasteunenberg/Downloads/Pokemon-Showdown/battle-engine.js:3333:15)
    at Tools.Battle.receive (/Users/clazinasteunenberg/Downloads/Pokemon-Showdown/battle-engine.js:3390:9)
    at process.BattlePokemon.side (/Users/clazinasteunenberg/Downloads/Pokemon-Showdown/battle-engine.js:143:12)
    at process.EventEmitter.emit (events.js:98:17)
    at handleMessage (child_process.js:318:10)
    at Pipe.channel.onread (child_process.js:345:11)

Additional information:
message = battle-challengecup-24|join|p1|Snaquaza|101
currentRequest = 

Log:
|html|<div class="broadcast-red"><b>The battle crashed</b><br />You can keep playing but it might crash again.</div>
|html|<div class="broadcast-red"><b>The battle crashed</b><br />You can keep playing but it might crash again.</div>
|html|<div class="broadcast-red"><b>The battle crashed</b><br />You can keep playing but it might crash again.</div>
|html|<div class="broadcast-red"><b>The battle crashed</b><br />You can keep playing but it might crash again.</div>
|html|<div class="broadcast-red"><b>The battle crashed</b><br />You can keep playing but it might crash again.</div>
|html|<div class="broadcast-red"><b>The battle crashed</b><br />You can keep playing but it might crash again.</div>
|html|<div class="broadcast-red"><b>The battle crashed</b><br />You can keep playing but it might crash again.</div>
|html|<div class="broadcast-red"><b>The battle crashed</b><br />You can keep playing but it might crash again.</div>
|html|<div class="broadcast-red"><b>The battle crashed</b><br />You can keep playing but it might crash again.</div>
|html|<div class="broadcast-red"><b>The battle crashed</b><br />You can keep playing but it might crash again.</div>
|html|<div class="broadcast-red"><b>The battle crashed</b><br />You can keep playing but it might crash again.</div>
|html|<div class="broadcast-red"><b>The battle crashed</b><br />You can keep playing but it might crash again.</div>
|html|<div class="broadcast-red"><b>The battle crashed</b><br />You can keep playing but it might crash again.</div>
|html|<div class="broadcast-red"><b>The battle crashed</b><br />You can keep playing but it might crash again.</div>
|html|<div class="broadcast-red"><b>The battle crashed</b><br />You can keep playing but it might crash again.</div>
|html|<div class="broadcast-red"><b>The battle crashed</b><br />You can keep playing but it might crash again.</div>
|html|<div class="broadcast-red"><b>The battle crashed</b><br />You can keep playing but it might crash again.</div>
|html|<div class="broadcast-red"><b>The battle crashed</b><br />You can keep playing but it might crash again.</div>
|html|<div class="broadcast-red"><b>The battle crashed</b><br />You can keep playing but it might crash again.</div>
|html|<div class="broadcast-red"><b>The battle crashed</b><br />You can keep playing but it might crash again.</div>
|html|<div class="broadcast-red"><b>The battle crashed</b><br />You can keep playing but it might crash again.</div>
|html|<div class="broadcast-red"><b>The battle crashed</b><br />You can keep playing but it might crash again.</div>
|html|<div class="broadcast-red"><b>The battle crashed</b><br />You can keep playing but it might crash again.</div>
|html|<div class="broadcast-red"><b>The battle crashed</b><br />You can keep playing but it might crash again.</div>
|html|<div class="broadcast-red"><b>The battle crashed</b><br />You can keep playing but it might crash again.</div>
|html|<div class="broadcast-red"><b>The battle crashed</b><br />You can keep playing but it might crash again.</div>

TypeError: Cannot read property 'isActive' of null
    at Tools.Battle.makeRequest (/Users/clazinasteunenberg/Downloads/Pokemon-Showdown/battle-engine.js:1943:15)
    at process.BattlePokemon.side (/Users/clazinasteunenberg/Downloads/Pokemon-Showdown/battle-engine.js:157:13)
    at process.EventEmitter.emit (events.js:98:17)
    at handleMessage (child_process.js:318:10)
    at Pipe.channel.onread (child_process.js:345:11)

TypeError: Cannot read property 'hp' of undefined
    at Tools.exports.BattleScripts.randomCCTeam (/Users/clazinasteunenberg/Downloads/Pokemon-Showdown/data/scripts.js:528:21)
    at Tools.exports.BattleScripts.getTeam (/Users/clazinasteunenberg/Downloads/Pokemon-Showdown/data/scripts.js:485:35)
    at new BattleSide (/Users/clazinasteunenberg/Downloads/Pokemon-Showdown/battle-engine.js:1096:27)
    at Tools.Battle.join (/Users/clazinasteunenberg/Downloads/Pokemon-Showdown/battle-engine.js:3333:15)
    at Tools.Battle.receive (/Users/clazinasteunenberg/Downloads/Pokemon-Showdown/battle-engine.js:3390:9)
    at process.BattlePokemon.side (/Users/clazinasteunenberg/Downloads/Pokemon-Showdown/battle-engine.js:143:12)
    at process.EventEmitter.emit (events.js:98:17)
    at handleMessage (child_process.js:318:10)
    at Pipe.channel.onread (child_process.js:345:11)

Additional information:
message = battle-challengecup-24|join|p1|Snaquaza|101
currentRequest = 

Log:
|html|<div class="broadcast-red"><b>The battle crashed</b><br />You can keep playing but it might crash again.</div>
|html|<div class="broadcast-red"><b>The battle crashed</b><br />You can keep playing but it might crash again.</div>
|html|<div class="broadcast-red"><b>The battle crashed</b><br />You can keep playing but it might crash again.</div>
|html|<div class="broadcast-red"><b>The battle crashed</b><br />You can keep playing but it might crash again.</div>
|html|<div class="broadcast-red"><b>The battle crashed</b><br />You can keep playing but it might crash again.</div>
|html|<div class="broadcast-red"><b>The battle crashed</b><br />You can keep playing but it might crash again.</div>
|html|<div class="broadcast-red"><b>The battle crashed</b><br />You can keep playing but it might crash again.</div>
|html|<div class="broadcast-red"><b>The battle crashed</b><br />You can keep playing but it might crash again.</div>
|html|<div class="broadcast-red"><b>The battle crashed</b><br />You can keep playing but it might crash again.</div>
|html|<div class="broadcast-red"><b>The battle crashed</b><br />You can keep playing but it might crash again.</div>
|html|<div class="broadcast-red"><b>The battle crashed</b><br />You can keep playing but it might crash again.</div>
|html|<div class="broadcast-red"><b>The battle crashed</b><br />You can keep playing but it might crash again.</div>
|html|<div class="broadcast-red"><b>The battle crashed</b><br />You can keep playing but it might crash again.</div>
|html|<div class="broadcast-red"><b>The battle crashed</b><br />You can keep playing but it might crash again.</div>
|html|<div class="broadcast-red"><b>The battle crashed</b><br />You can keep playing but it might crash again.</div>
|html|<div class="broadcast-red"><b>The battle crashed</b><br />You can keep playing but it might crash again.</div>
|html|<div class="broadcast-red"><b>The battle crashed</b><br />You can keep playing but it might crash again.</div>
|html|<div class="broadcast-red"><b>The battle crashed</b><br />You can keep playing but it might crash again.</div>
|html|<div class="broadcast-red"><b>The battle crashed</b><br />You can keep playing but it might crash again.</div>
|html|<div class="broadcast-red"><b>The battle crashed</b><br />You can keep playing but it might crash again.</div>
|html|<div class="broadcast-red"><b>The battle crashed</b><br />You can keep playing but it might crash again.</div>
|html|<div class="broadcast-red"><b>The battle crashed</b><br />You can keep playing but it might crash again.</div>
|html|<div class="broadcast-red"><b>The battle crashed</b><br />You can keep playing but it might crash again.</div>
|html|<div class="broadcast-red"><b>The battle crashed</b><br />You can keep playing but it might crash again.</div>
|html|<div class="broadcast-red"><b>The battle crashed</b><br />You can keep playing but it might crash again.</div>
|html|<div class="broadcast-red"><b>The battle crashed</b><br />You can keep playing but it might crash again.</div>
|html|<div class="broadcast-red"><b>The battle crashed</b><br />You can keep playing but it might crash again.</div>

TypeError: Cannot read property 'isActive' of null
    at Tools.Battle.makeRequest (/Users/clazinasteunenberg/Downloads/Pokemon-Showdown/battle-engine.js:1943:15)
    at process.BattlePokemon.side (/Users/clazinasteunenberg/Downloads/Pokemon-Showdown/battle-engine.js:157:13)
    at process.EventEmitter.emit (events.js:98:17)
    at handleMessage (child_process.js:318:10)
    at Pipe.channel.onread (child_process.js:345:11)

TypeError: Cannot read property 'hp' of undefined
    at Tools.exports.BattleScripts.randomCCTeam (/Users/clazinasteunenberg/Downloads/Pokemon-Showdown/data/scripts.js:528:21)
    at Tools.exports.BattleScripts.getTeam (/Users/clazinasteunenberg/Downloads/Pokemon-Showdown/data/scripts.js:485:35)
    at new BattleSide (/Users/clazinasteunenberg/Downloads/Pokemon-Showdown/battle-engine.js:1096:27)
    at Tools.Battle.join (/Users/clazinasteunenberg/Downloads/Pokemon-Showdown/battle-engine.js:3333:15)
    at Tools.Battle.receive (/Users/clazinasteunenberg/Downloads/Pokemon-Showdown/battle-engine.js:3390:9)
    at process.BattlePokemon.side (/Users/clazinasteunenberg/Downloads/Pokemon-Showdown/battle-engine.js:143:12)
    at process.EventEmitter.emit (events.js:98:17)
    at handleMessage (child_process.js:318:10)
    at Pipe.channel.onread (child_process.js:345:11)

Additional information:
message = battle-challengecup-24|join|p1|Snaquaza|101
currentRequest = 

Log:
|html|<div class="broadcast-red"><b>The battle crashed</b><br />You can keep playing but it might crash again.</div>
|html|<div class="broadcast-red"><b>The battle crashed</b><br />You can keep playing but it might crash again.</div>
|html|<div class="broadcast-red"><b>The battle crashed</b><br />You can keep playing but it might crash again.</div>
|html|<div class="broadcast-red"><b>The battle crashed</b><br />You can keep playing but it might crash again.</div>
|html|<div class="broadcast-red"><b>The battle crashed</b><br />You can keep playing but it might crash again.</div>
|html|<div class="broadcast-red"><b>The battle crashed</b><br />You can keep playing but it might crash again.</div>
|html|<div class="broadcast-red"><b>The battle crashed</b><br />You can keep playing but it might crash again.</div>
|html|<div class="broadcast-red"><b>The battle crashed</b><br />You can keep playing but it might crash again.</div>
|html|<div class="broadcast-red"><b>The battle crashed</b><br />You can keep playing but it might crash again.</div>
|html|<div class="broadcast-red"><b>The battle crashed</b><br />You can keep playing but it might crash again.</div>
|html|<div class="broadcast-red"><b>The battle crashed</b><br />You can keep playing but it might crash again.</div>
|html|<div class="broadcast-red"><b>The battle crashed</b><br />You can keep playing but it might crash again.</div>
|html|<div class="broadcast-red"><b>The battle crashed</b><br />You can keep playing but it might crash again.</div>
|html|<div class="broadcast-red"><b>The battle crashed</b><br />You can keep playing but it might crash again.</div>
|html|<div class="broadcast-red"><b>The battle crashed</b><br />You can keep playing but it might crash again.</div>
|html|<div class="broadcast-red"><b>The battle crashed</b><br />You can keep playing but it might crash again.</div>
|html|<div class="broadcast-red"><b>The battle crashed</b><br />You can keep playing but it might crash again.</div>
|html|<div class="broadcast-red"><b>The battle crashed</b><br />You can keep playing but it might crash again.</div>
|html|<div class="broadcast-red"><b>The battle crashed</b><br />You can keep playing but it might crash again.</div>
|html|<div class="broadcast-red"><b>The battle crashed</b><br />You can keep playing but it might crash again.</div>
|html|<div class="broadcast-red"><b>The battle crashed</b><br />You can keep playing but it might crash again.</div>
|html|<div class="broadcast-red"><b>The battle crashed</b><br />You can keep playing but it might crash again.</div>
|html|<div class="broadcast-red"><b>The battle crashed</b><br />You can keep playing but it might crash again.</div>
|html|<div class="broadcast-red"><b>The battle crashed</b><br />You can keep playing but it might crash again.</div>
|html|<div class="broadcast-red"><b>The battle crashed</b><br />You can keep playing but it might crash again.</div>
|html|<div class="broadcast-red"><b>The battle crashed</b><br />You can keep playing but it might crash again.</div>
|html|<div class="broadcast-red"><b>The battle crashed</b><br />You can keep playing but it might crash again.</div>
|html|<div class="broadcast-red"><b>The battle crashed</b><br />You can keep playing but it might crash again.</div>

TypeError: Cannot read property 'isActive' of null
    at Tools.Battle.makeRequest (/Users/clazinasteunenberg/Downloads/Pokemon-Showdown/battle-engine.js:1943:15)
    at process.BattlePokemon.side (/Users/clazinasteunenberg/Downloads/Pokemon-Showdown/battle-engine.js:157:13)
    at process.EventEmitter.emit (events.js:98:17)
    at handleMessage (child_process.js:318:10)
    at Pipe.channel.onread (child_process.js:345:11)

TypeError: Cannot read property 'hp' of undefined
    at Tools.exports.BattleScripts.randomCCTeam (/Users/clazinasteunenberg/Downloads/Pokemon-Showdown/data/scripts.js:528:21)
    at Tools.exports.BattleScripts.getTeam (/Users/clazinasteunenberg/Downloads/Pokemon-Showdown/data/scripts.js:485:35)
    at new BattleSide (/Users/clazinasteunenberg/Downloads/Pokemon-Showdown/battle-engine.js:1096:27)
    at Tools.Battle.join (/Users/clazinasteunenberg/Downloads/Pokemon-Showdown/battle-engine.js:3333:15)
    at Tools.Battle.receive (/Users/clazinasteunenberg/Downloads/Pokemon-Showdown/battle-engine.js:3390:9)
    at process.BattlePokemon.side (/Users/clazinasteunenberg/Downloads/Pokemon-Showdown/battle-engine.js:143:12)
    at process.EventEmitter.emit (events.js:98:17)
    at handleMessage (child_process.js:318:10)
    at Pipe.channel.onread (child_process.js:345:11)

Additional information:
message = battle-challengecup-24|join|p1|Snaquaza|101
currentRequest = 

Log:
|html|<div class="broadcast-red"><b>The battle crashed</b><br />You can keep playing but it might crash again.</div>
|html|<div class="broadcast-red"><b>The battle crashed</b><br />You can keep playing but it might crash again.</div>
|html|<div class="broadcast-red"><b>The battle crashed</b><br />You can keep playing but it might crash again.</div>
|html|<div class="broadcast-red"><b>The battle crashed</b><br />You can keep playing but it might crash again.</div>
|html|<div class="broadcast-red"><b>The battle crashed</b><br />You can keep playing but it might crash again.</div>
|html|<div class="broadcast-red"><b>The battle crashed</b><br />You can keep playing but it might crash again.</div>
|html|<div class="broadcast-red"><b>The battle crashed</b><br />You can keep playing but it might crash again.</div>
|html|<div class="broadcast-red"><b>The battle crashed</b><br />You can keep playing but it might crash again.</div>
|html|<div class="broadcast-red"><b>The battle crashed</b><br />You can keep playing but it might crash again.</div>
|html|<div class="broadcast-red"><b>The battle crashed</b><br />You can keep playing but it might crash again.</div>
|html|<div class="broadcast-red"><b>The battle crashed</b><br />You can keep playing but it might crash again.</div>
|html|<div class="broadcast-red"><b>The battle crashed</b><br />You can keep playing but it might crash again.</div>
|html|<div class="broadcast-red"><b>The battle crashed</b><br />You can keep playing but it might crash again.</div>
|html|<div class="broadcast-red"><b>The battle crashed</b><br />You can keep playing but it might crash again.</div>
|html|<div class="broadcast-red"><b>The battle crashed</b><br />You can keep playing but it might crash again.</div>
|html|<div class="broadcast-red"><b>The battle crashed</b><br />You can keep playing but it might crash again.</div>
|html|<div class="broadcast-red"><b>The battle crashed</b><br />You can keep playing but it might crash again.</div>
|html|<div class="broadcast-red"><b>The battle crashed</b><br />You can keep playing but it might crash again.</div>
|html|<div class="broadcast-red"><b>The battle crashed</b><br />You can keep playing but it might crash again.</div>
|html|<div class="broadcast-red"><b>The battle crashed</b><br />You can keep playing but it might crash again.</div>
|html|<div class="broadcast-red"><b>The battle crashed</b><br />You can keep playing but it might crash again.</div>
|html|<div class="broadcast-red"><b>The battle crashed</b><br />You can keep playing but it might crash again.</div>
|html|<div class="broadcast-red"><b>The battle crashed</b><br />You can keep playing but it might crash again.</div>
|html|<div class="broadcast-red"><b>The battle crashed</b><br />You can keep playing but it might crash again.</div>
|html|<div class="broadcast-red"><b>The battle crashed</b><br />You can keep playing but it might crash again.</div>
|html|<div class="broadcast-red"><b>The battle crashed</b><br />You can keep playing but it might crash again.</div>
|html|<div class="broadcast-red"><b>The battle crashed</b><br />You can keep playing but it might crash again.</div>
|html|<div class="broadcast-red"><b>The battle crashed</b><br />You can keep playing but it might crash again.</div>
|html|<div class="broadcast-red"><b>The battle crashed</b><br />You can keep playing but it might crash again.</div>

TypeError: Cannot read property 'isActive' of null
    at Tools.Battle.makeRequest (/Users/clazinasteunenberg/Downloads/Pokemon-Showdown/battle-engine.js:1943:15)
    at process.BattlePokemon.side (/Users/clazinasteunenberg/Downloads/Pokemon-Showdown/battle-engine.js:157:13)
    at process.EventEmitter.emit (events.js:98:17)
    at handleMessage (child_process.js:318:10)
    at Pipe.channel.onread (child_process.js:345:11)

TypeError: Cannot read property 'hp' of undefined
    at Tools.exports.BattleScripts.randomCCTeam (/Users/clazinasteunenberg/Downloads/Pokemon-Showdown/data/scripts.js:528:21)
    at Tools.exports.BattleScripts.getTeam (/Users/clazinasteunenberg/Downloads/Pokemon-Showdown/data/scripts.js:485:35)
    at new BattleSide (/Users/clazinasteunenberg/Downloads/Pokemon-Showdown/battle-engine.js:1096:27)
    at Tools.Battle.join (/Users/clazinasteunenberg/Downloads/Pokemon-Showdown/battle-engine.js:3333:15)
    at Tools.Battle.receive (/Users/clazinasteunenberg/Downloads/Pokemon-Showdown/battle-engine.js:3390:9)
    at process.BattlePokemon.side (/Users/clazinasteunenberg/Downloads/Pokemon-Showdown/battle-engine.js:143:12)
    at process.EventEmitter.emit (events.js:98:17)
    at handleMessage (child_process.js:318:10)
    at Pipe.channel.onread (child_process.js:345:11)

Additional information:
message = battle-challengecup-24|join|p1|Snaquaza|101
currentRequest = 

Log:
|html|<div class="broadcast-red"><b>The battle crashed</b><br />You can keep playing but it might crash again.</div>
|html|<div class="broadcast-red"><b>The battle crashed</b><br />You can keep playing but it might crash again.</div>
|html|<div class="broadcast-red"><b>The battle crashed</b><br />You can keep playing but it might crash again.</div>
|html|<div class="broadcast-red"><b>The battle crashed</b><br />You can keep playing but it might crash again.</div>
|html|<div class="broadcast-red"><b>The battle crashed</b><br />You can keep playing but it might crash again.</div>
|html|<div class="broadcast-red"><b>The battle crashed</b><br />You can keep playing but it might crash again.</div>
|html|<div class="broadcast-red"><b>The battle crashed</b><br />You can keep playing but it might crash again.</div>
|html|<div class="broadcast-red"><b>The battle crashed</b><br />You can keep playing but it might crash again.</div>
|html|<div class="broadcast-red"><b>The battle crashed</b><br />You can keep playing but it might crash again.</div>
|html|<div class="broadcast-red"><b>The battle crashed</b><br />You can keep playing but it might crash again.</div>
|html|<div class="broadcast-red"><b>The battle crashed</b><br />You can keep playing but it might crash again.</div>
|html|<div class="broadcast-red"><b>The battle crashed</b><br />You can keep playing but it might crash again.</div>
|html|<div class="broadcast-red"><b>The battle crashed</b><br />You can keep playing but it might crash again.</div>
|html|<div class="broadcast-red"><b>The battle crashed</b><br />You can keep playing but it might crash again.</div>
|html|<div class="broadcast-red"><b>The battle crashed</b><br />You can keep playing but it might crash again.</div>
|html|<div class="broadcast-red"><b>The battle crashed</b><br />You can keep playing but it might crash again.</div>
|html|<div class="broadcast-red"><b>The battle crashed</b><br />You can keep playing but it might crash again.</div>
|html|<div class="broadcast-red"><b>The battle crashed</b><br />You can keep playing but it might crash again.</div>
|html|<div class="broadcast-red"><b>The battle crashed</b><br />You can keep playing but it might crash again.</div>
|html|<div class="broadcast-red"><b>The battle crashed</b><br />You can keep playing but it might crash again.</div>
|html|<div class="broadcast-red"><b>The battle crashed</b><br />You can keep playing but it might crash again.</div>
|html|<div class="broadcast-red"><b>The battle crashed</b><br />You can keep playing but it might crash again.</div>
|html|<div class="broadcast-red"><b>The battle crashed</b><br />You can keep playing but it might crash again.</div>
|html|<div class="broadcast-red"><b>The battle crashed</b><br />You can keep playing but it might crash again.</div>
|html|<div class="broadcast-red"><b>The battle crashed</b><br />You can keep playing but it might crash again.</div>
|html|<div class="broadcast-red"><b>The battle crashed</b><br />You can keep playing but it might crash again.</div>
|html|<div class="broadcast-red"><b>The battle crashed</b><br />You can keep playing but it might crash again.</div>
|html|<div class="broadcast-red"><b>The battle crashed</b><br />You can keep playing but it might crash again.</div>
|html|<div class="broadcast-red"><b>The battle crashed</b><br />You can keep playing but it might crash again.</div>
|html|<div class="broadcast-red"><b>The battle crashed</b><br />You can keep playing but it might crash again.</div>

TypeError: Cannot read property 'isActive' of null
    at Tools.Battle.makeRequest (/Users/clazinasteunenberg/Downloads/Pokemon-Showdown/battle-engine.js:1943:15)
    at process.BattlePokemon.side (/Users/clazinasteunenberg/Downloads/Pokemon-Showdown/battle-engine.js:157:13)
    at process.EventEmitter.emit (events.js:98:17)
    at handleMessage (child_process.js:318:10)
    at Pipe.channel.onread (child_process.js:345:11)

TypeError: Cannot read property 'hp' of undefined
    at Tools.exports.BattleScripts.randomCCTeam (/Users/clazinasteunenberg/Downloads/Pokemon-Showdown/data/scripts.js:528:21)
    at Tools.exports.BattleScripts.getTeam (/Users/clazinasteunenberg/Downloads/Pokemon-Showdown/data/scripts.js:485:35)
    at new BattleSide (/Users/clazinasteunenberg/Downloads/Pokemon-Showdown/battle-engine.js:1096:27)
    at Tools.Battle.join (/Users/clazinasteunenberg/Downloads/Pokemon-Showdown/battle-engine.js:3333:15)
    at Tools.Battle.receive (/Users/clazinasteunenberg/Downloads/Pokemon-Showdown/battle-engine.js:3390:9)
    at process.BattlePokemon.side (/Users/clazinasteunenberg/Downloads/Pokemon-Showdown/battle-engine.js:143:12)
    at process.EventEmitter.emit (events.js:98:17)
    at handleMessage (child_process.js:318:10)
    at Pipe.channel.onread (child_process.js:345:11)

Additional information:
message = battle-challengecup-24|join|p1|Snaquaza|101
currentRequest = 

Log:
|html|<div class="broadcast-red"><b>The battle crashed</b><br />You can keep playing but it might crash again.</div>
|html|<div class="broadcast-red"><b>The battle crashed</b><br />You can keep playing but it might crash again.</div>
|html|<div class="broadcast-red"><b>The battle crashed</b><br />You can keep playing but it might crash again.</div>
|html|<div class="broadcast-red"><b>The battle crashed</b><br />You can keep playing but it might crash again.</div>
|html|<div class="broadcast-red"><b>The battle crashed</b><br />You can keep playing but it might crash again.</div>
|html|<div class="broadcast-red"><b>The battle crashed</b><br />You can keep playing but it might crash again.</div>
|html|<div class="broadcast-red"><b>The battle crashed</b><br />You can keep playing but it might crash again.</div>
|html|<div class="broadcast-red"><b>The battle crashed</b><br />You can keep playing but it might crash again.</div>
|html|<div class="broadcast-red"><b>The battle crashed</b><br />You can keep playing but it might crash again.</div>
|html|<div class="broadcast-red"><b>The battle crashed</b><br />You can keep playing but it might crash again.</div>
|html|<div class="broadcast-red"><b>The battle crashed</b><br />You can keep playing but it might crash again.</div>
|html|<div class="broadcast-red"><b>The battle crashed</b><br />You can keep playing but it might crash again.</div>
|html|<div class="broadcast-red"><b>The battle crashed</b><br />You can keep playing but it might crash again.</div>
|html|<div class="broadcast-red"><b>The battle crashed</b><br />You can keep playing but it might crash again.</div>
|html|<div class="broadcast-red"><b>The battle crashed</b><br />You can keep playing but it might crash again.</div>
|html|<div class="broadcast-red"><b>The battle crashed</b><br />You can keep playing but it might crash again.</div>
|html|<div class="broadcast-red"><b>The battle crashed</b><br />You can keep playing but it might crash again.</div>
|html|<div class="broadcast-red"><b>The battle crashed</b><br />You can keep playing but it might crash again.</div>
|html|<div class="broadcast-red"><b>The battle crashed</b><br />You can keep playing but it might crash again.</div>
|html|<div class="broadcast-red"><b>The battle crashed</b><br />You can keep playing but it might crash again.</div>
|html|<div class="broadcast-red"><b>The battle crashed</b><br />You can keep playing but it might crash again.</div>
|html|<div class="broadcast-red"><b>The battle crashed</b><br />You can keep playing but it might crash again.</div>
|html|<div class="broadcast-red"><b>The battle crashed</b><br />You can keep playing but it might crash again.</div>
|html|<div class="broadcast-red"><b>The battle crashed</b><br />You can keep playing but it might crash again.</div>
|html|<div class="broadcast-red"><b>The battle crashed</b><br />You can keep playing but it might crash again.</div>
|html|<div class="broadcast-red"><b>The battle crashed</b><br />You can keep playing but it might crash again.</div>
|html|<div class="broadcast-red"><b>The battle crashed</b><br />You can keep playing but it might crash again.</div>
|html|<div class="broadcast-red"><b>The battle crashed</b><br />You can keep playing but it might crash again.</div>
|html|<div class="broadcast-red"><b>The battle crashed</b><br />You can keep playing but it might crash again.</div>
|html|<div class="broadcast-red"><b>The battle crashed</b><br />You can keep playing but it might crash again.</div>
|html|<div class="broadcast-red"><b>The battle crashed</b><br />You can keep playing but it might crash again.</div>

TypeError: Cannot read property 'isActive' of null
    at Tools.Battle.makeRequest (/Users/clazinasteunenberg/Downloads/Pokemon-Showdown/battle-engine.js:1943:15)
    at process.BattlePokemon.side (/Users/clazinasteunenberg/Downloads/Pokemon-Showdown/battle-engine.js:157:13)
    at process.EventEmitter.emit (events.js:98:17)
    at handleMessage (child_process.js:318:10)
    at Pipe.channel.onread (child_process.js:345:11)

TypeError: Cannot read property 'hp' of undefined
    at Tools.exports.BattleScripts.randomCCTeam (/Users/clazinasteunenberg/Downloads/Pokemon-Showdown/data/scripts.js:528:21)
    at Tools.exports.BattleScripts.getTeam (/Users/clazinasteunenberg/Downloads/Pokemon-Showdown/data/scripts.js:485:35)
    at new BattleSide (/Users/clazinasteunenberg/Downloads/Pokemon-Showdown/battle-engine.js:1096:27)
    at Tools.Battle.join (/Users/clazinasteunenberg/Downloads/Pokemon-Showdown/battle-engine.js:3333:15)
    at Tools.Battle.receive (/Users/clazinasteunenberg/Downloads/Pokemon-Showdown/battle-engine.js:3390:9)
    at process.BattlePokemon.side (/Users/clazinasteunenberg/Downloads/Pokemon-Showdown/battle-engine.js:143:12)
    at process.EventEmitter.emit (events.js:98:17)
    at handleMessage (child_process.js:318:10)
    at Pipe.channel.onread (child_process.js:345:11)

Additional information:
message = battle-challengecup-24|join|p1|Snaquaza|101
currentRequest = 

Log:
|html|<div class="broadcast-red"><b>The battle crashed</b><br />You can keep playing but it might crash again.</div>
|html|<div class="broadcast-red"><b>The battle crashed</b><br />You can keep playing but it might crash again.</div>
|html|<div class="broadcast-red"><b>The battle crashed</b><br />You can keep playing but it might crash again.</div>
|html|<div class="broadcast-red"><b>The battle crashed</b><br />You can keep playing but it might crash again.</div>
|html|<div class="broadcast-red"><b>The battle crashed</b><br />You can keep playing but it might crash again.</div>
|html|<div class="broadcast-red"><b>The battle crashed</b><br />You can keep playing but it might crash again.</div>
|html|<div class="broadcast-red"><b>The battle crashed</b><br />You can keep playing but it might crash again.</div>
|html|<div class="broadcast-red"><b>The battle crashed</b><br />You can keep playing but it might crash again.</div>
|html|<div class="broadcast-red"><b>The battle crashed</b><br />You can keep playing but it might crash again.</div>
|html|<div class="broadcast-red"><b>The battle crashed</b><br />You can keep playing but it might crash again.</div>
|html|<div class="broadcast-red"><b>The battle crashed</b><br />You can keep playing but it might crash again.</div>
|html|<div class="broadcast-red"><b>The battle crashed</b><br />You can keep playing but it might crash again.</div>
|html|<div class="broadcast-red"><b>The battle crashed</b><br />You can keep playing but it might crash again.</div>
|html|<div class="broadcast-red"><b>The battle crashed</b><br />You can keep playing but it might crash again.</div>
|html|<div class="broadcast-red"><b>The battle crashed</b><br />You can keep playing but it might crash again.</div>
|html|<div class="broadcast-red"><b>The battle crashed</b><br />You can keep playing but it might crash again.</div>
|html|<div class="broadcast-red"><b>The battle crashed</b><br />You can keep playing but it might crash again.</div>
|html|<div class="broadcast-red"><b>The battle crashed</b><br />You can keep playing but it might crash again.</div>
|html|<div class="broadcast-red"><b>The battle crashed</b><br />You can keep playing but it might crash again.</div>
|html|<div class="broadcast-red"><b>The battle crashed</b><br />You can keep playing but it might crash again.</div>
|html|<div class="broadcast-red"><b>The battle crashed</b><br />You can keep playing but it might crash again.</div>
|html|<div class="broadcast-red"><b>The battle crashed</b><br />You can keep playing but it might crash again.</div>
|html|<div class="broadcast-red"><b>The battle crashed</b><br />You can keep playing but it might crash again.</div>
|html|<div class="broadcast-red"><b>The battle crashed</b><br />You can keep playing but it might crash again.</div>
|html|<div class="broadcast-red"><b>The battle crashed</b><br />You can keep playing but it might crash again.</div>
|html|<div class="broadcast-red"><b>The battle crashed</b><br />You can keep playing but it might crash again.</div>
|html|<div class="broadcast-red"><b>The battle crashed</b><br />You can keep playing but it might crash again.</div>
|html|<div class="broadcast-red"><b>The battle crashed</b><br />You can keep playing but it might crash again.</div>
|html|<div class="broadcast-red"><b>The battle crashed</b><br />You can keep playing but it might crash again.</div>
|html|<div class="broadcast-red"><b>The battle crashed</b><br />You can keep playing but it might crash again.</div>
|html|<div class="broadcast-red"><b>The battle crashed</b><br />You can keep playing but it might crash again.</div>
|html|<div class="broadcast-red"><b>The battle crashed</b><br />You can keep playing but it might crash again.</div>

TypeError: Cannot read property 'isActive' of null
    at Tools.Battle.makeRequest (/Users/clazinasteunenberg/Downloads/Pokemon-Showdown/battle-engine.js:1943:15)
    at process.BattlePokemon.side (/Users/clazinasteunenberg/Downloads/Pokemon-Showdown/battle-engine.js:157:13)
    at process.EventEmitter.emit (events.js:98:17)
    at handleMessage (child_process.js:318:10)
    at Pipe.channel.onread (child_process.js:345:11)

TypeError: Cannot read property 'hp' of undefined
    at Tools.exports.BattleScripts.randomCCTeam (/Users/clazinasteunenberg/Downloads/Pokemon-Showdown/data/scripts.js:528:21)
    at Tools.exports.BattleScripts.getTeam (/Users/clazinasteunenberg/Downloads/Pokemon-Showdown/data/scripts.js:485:35)
    at new BattleSide (/Users/clazinasteunenberg/Downloads/Pokemon-Showdown/battle-engine.js:1096:27)
    at Tools.Battle.join (/Users/clazinasteunenberg/Downloads/Pokemon-Showdown/battle-engine.js:3333:15)
    at Tools.Battle.receive (/Users/clazinasteunenberg/Downloads/Pokemon-Showdown/battle-engine.js:3390:9)
    at process.BattlePokemon.side (/Users/clazinasteunenberg/Downloads/Pokemon-Showdown/battle-engine.js:143:12)
    at process.EventEmitter.emit (events.js:98:17)
    at handleMessage (child_process.js:318:10)
    at Pipe.channel.onread (child_process.js:345:11)

Additional information:
message = battle-challengecup-24|join|p1|Snaquaza|101
currentRequest = 

Log:
|html|<div class="broadcast-red"><b>The battle crashed</b><br />You can keep playing but it might crash again.</div>
|html|<div class="broadcast-red"><b>The battle crashed</b><br />You can keep playing but it might crash again.</div>
|html|<div class="broadcast-red"><b>The battle crashed</b><br />You can keep playing but it might crash again.</div>
|html|<div class="broadcast-red"><b>The battle crashed</b><br />You can keep playing but it might crash again.</div>
|html|<div class="broadcast-red"><b>The battle crashed</b><br />You can keep playing but it might crash again.</div>
|html|<div class="broadcast-red"><b>The battle crashed</b><br />You can keep playing but it might crash again.</div>
|html|<div class="broadcast-red"><b>The battle crashed</b><br />You can keep playing but it might crash again.</div>
|html|<div class="broadcast-red"><b>The battle crashed</b><br />You can keep playing but it might crash again.</div>
|html|<div class="broadcast-red"><b>The battle crashed</b><br />You can keep playing but it might crash again.</div>
|html|<div class="broadcast-red"><b>The battle crashed</b><br />You can keep playing but it might crash again.</div>
|html|<div class="broadcast-red"><b>The battle crashed</b><br />You can keep playing but it might crash again.</div>
|html|<div class="broadcast-red"><b>The battle crashed</b><br />You can keep playing but it might crash again.</div>
|html|<div class="broadcast-red"><b>The battle crashed</b><br />You can keep playing but it might crash again.</div>
|html|<div class="broadcast-red"><b>The battle crashed</b><br />You can keep playing but it might crash again.</div>
|html|<div class="broadcast-red"><b>The battle crashed</b><br />You can keep playing but it might crash again.</div>
|html|<div class="broadcast-red"><b>The battle crashed</b><br />You can keep playing but it might crash again.</div>
|html|<div class="broadcast-red"><b>The battle crashed</b><br />You can keep playing but it might crash again.</div>
|html|<div class="broadcast-red"><b>The battle crashed</b><br />You can keep playing but it might crash again.</div>
|html|<div class="broadcast-red"><b>The battle crashed</b><br />You can keep playing but it might crash again.</div>
|html|<div class="broadcast-red"><b>The battle crashed</b><br />You can keep playing but it might crash again.</div>
|html|<div class="broadcast-red"><b>The battle crashed</b><br />You can keep playing but it might crash again.</div>
|html|<div class="broadcast-red"><b>The battle crashed</b><br />You can keep playing but it might crash again.</div>
|html|<div class="broadcast-red"><b>The battle crashed</b><br />You can keep playing but it might crash again.</div>
|html|<div class="broadcast-red"><b>The battle crashed</b><br />You can keep playing but it might crash again.</div>
|html|<div class="broadcast-red"><b>The battle crashed</b><br />You can keep playing but it might crash again.</div>
|html|<div class="broadcast-red"><b>The battle crashed</b><br />You can keep playing but it might crash again.</div>
|html|<div class="broadcast-red"><b>The battle crashed</b><br />You can keep playing but it might crash again.</div>
|html|<div class="broadcast-red"><b>The battle crashed</b><br />You can keep playing but it might crash again.</div>
|html|<div class="broadcast-red"><b>The battle crashed</b><br />You can keep playing but it might crash again.</div>
|html|<div class="broadcast-red"><b>The battle crashed</b><br />You can keep playing but it might crash again.</div>
|html|<div class="broadcast-red"><b>The battle crashed</b><br />You can keep playing but it might crash again.</div>
|html|<div class="broadcast-red"><b>The battle crashed</b><br />You can keep playing but it might crash again.</div>
|html|<div class="broadcast-red"><b>The battle crashed</b><br />You can keep playing but it might crash again.</div>

TypeError: Cannot read property 'isActive' of null
    at Tools.Battle.makeRequest (/Users/clazinasteunenberg/Downloads/Pokemon-Showdown/battle-engine.js:1943:15)
    at process.BattlePokemon.side (/Users/clazinasteunenberg/Downloads/Pokemon-Showdown/battle-engine.js:157:13)
    at process.EventEmitter.emit (events.js:98:17)
    at handleMessage (child_process.js:318:10)
    at Pipe.channel.onread (child_process.js:345:11)

TypeError: Cannot read property 'hp' of undefined
    at Tools.exports.BattleScripts.randomCCTeam (/Users/clazinasteunenberg/Downloads/Pokemon-Showdown/data/scripts.js:528:21)
    at Tools.exports.BattleScripts.getTeam (/Users/clazinasteunenberg/Downloads/Pokemon-Showdown/data/scripts.js:485:35)
    at new BattleSide (/Users/clazinasteunenberg/Downloads/Pokemon-Showdown/battle-engine.js:1096:27)
    at Tools.Battle.join (/Users/clazinasteunenberg/Downloads/Pokemon-Showdown/battle-engine.js:3333:15)
    at Tools.Battle.receive (/Users/clazinasteunenberg/Downloads/Pokemon-Showdown/battle-engine.js:3390:9)
    at process.BattlePokemon.side (/Users/clazinasteunenberg/Downloads/Pokemon-Showdown/battle-engine.js:143:12)
    at process.EventEmitter.emit (events.js:98:17)
    at handleMessage (child_process.js:318:10)
    at Pipe.channel.onread (child_process.js:345:11)

Additional information:
message = battle-challengecup-24|join|p1|Snaquaza|101
currentRequest = 

Log:
|html|<div class="broadcast-red"><b>The battle crashed</b><br />You can keep playing but it might crash again.</div>
|html|<div class="broadcast-red"><b>The battle crashed</b><br />You can keep playing but it might crash again.</div>
|html|<div class="broadcast-red"><b>The battle crashed</b><br />You can keep playing but it might crash again.</div>
|html|<div class="broadcast-red"><b>The battle crashed</b><br />You can keep playing but it might crash again.</div>
|html|<div class="broadcast-red"><b>The battle crashed</b><br />You can keep playing but it might crash again.</div>
|html|<div class="broadcast-red"><b>The battle crashed</b><br />You can keep playing but it might crash again.</div>
|html|<div class="broadcast-red"><b>The battle crashed</b><br />You can keep playing but it might crash again.</div>
|html|<div class="broadcast-red"><b>The battle crashed</b><br />You can keep playing but it might crash again.</div>
|html|<div class="broadcast-red"><b>The battle crashed</b><br />You can keep playing but it might crash again.</div>
|html|<div class="broadcast-red"><b>The battle crashed</b><br />You can keep playing but it might crash again.</div>
|html|<div class="broadcast-red"><b>The battle crashed</b><br />You can keep playing but it might crash again.</div>
|html|<div class="broadcast-red"><b>The battle crashed</b><br />You can keep playing but it might crash again.</div>
|html|<div class="broadcast-red"><b>The battle crashed</b><br />You can keep playing but it might crash again.</div>
|html|<div class="broadcast-red"><b>The battle crashed</b><br />You can keep playing but it might crash again.</div>
|html|<div class="broadcast-red"><b>The battle crashed</b><br />You can keep playing but it might crash again.</div>
|html|<div class="broadcast-red"><b>The battle crashed</b><br />You can keep playing but it might crash again.</div>
|html|<div class="broadcast-red"><b>The battle crashed</b><br />You can keep playing but it might crash again.</div>
|html|<div class="broadcast-red"><b>The battle crashed</b><br />You can keep playing but it might crash again.</div>
|html|<div class="broadcast-red"><b>The battle crashed</b><br />You can keep playing but it might crash again.</div>
|html|<div class="broadcast-red"><b>The battle crashed</b><br />You can keep playing but it might crash again.</div>
|html|<div class="broadcast-red"><b>The battle crashed</b><br />You can keep playing but it might crash again.</div>
|html|<div class="broadcast-red"><b>The battle crashed</b><br />You can keep playing but it might crash again.</div>
|html|<div class="broadcast-red"><b>The battle crashed</b><br />You can keep playing but it might crash again.</div>
|html|<div class="broadcast-red"><b>The battle crashed</b><br />You can keep playing but it might crash again.</div>
|html|<div class="broadcast-red"><b>The battle crashed</b><br />You can keep playing but it might crash again.</div>
|html|<div class="broadcast-red"><b>The battle crashed</b><br />You can keep playing but it might crash again.</div>
|html|<div class="broadcast-red"><b>The battle crashed</b><br />You can keep playing but it might crash again.</div>
|html|<div class="broadcast-red"><b>The battle crashed</b><br />You can keep playing but it might crash again.</div>
|html|<div class="broadcast-red"><b>The battle crashed</b><br />You can keep playing but it might crash again.</div>
|html|<div class="broadcast-red"><b>The battle crashed</b><br />You can keep playing but it might crash again.</div>
|html|<div class="broadcast-red"><b>The battle crashed</b><br />You can keep playing but it might crash again.</div>
|html|<div class="broadcast-red"><b>The battle crashed</b><br />You can keep playing but it might crash again.</div>
|html|<div class="broadcast-red"><b>The battle crashed</b><br />You can keep playing but it might crash again.</div>
|html|<div class="broadcast-red"><b>The battle crashed</b><br />You can keep playing but it might crash again.</div>

TypeError: Cannot read property 'isActive' of null
    at Tools.Battle.makeRequest (/Users/clazinasteunenberg/Downloads/Pokemon-Showdown/battle-engine.js:1943:15)
    at process.BattlePokemon.side (/Users/clazinasteunenberg/Downloads/Pokemon-Showdown/battle-engine.js:157:13)
    at process.EventEmitter.emit (events.js:98:17)
    at handleMessage (child_process.js:318:10)
    at Pipe.channel.onread (child_process.js:345:11)

TypeError: Cannot read property 'hp' of undefined
    at Tools.exports.BattleScripts.randomCCTeam (/Users/clazinasteunenberg/Downloads/Pokemon-Showdown/data/scripts.js:528:21)
    at Tools.exports.BattleScripts.getTeam (/Users/clazinasteunenberg/Downloads/Pokemon-Showdown/data/scripts.js:485:35)
    at new BattleSide (/Users/clazinasteunenberg/Downloads/Pokemon-Showdown/battle-engine.js:1096:27)
    at Tools.Battle.join (/Users/clazinasteunenberg/Downloads/Pokemon-Showdown/battle-engine.js:3333:15)
    at Tools.Battle.receive (/Users/clazinasteunenberg/Downloads/Pokemon-Showdown/battle-engine.js:3390:9)
    at process.BattlePokemon.side (/Users/clazinasteunenberg/Downloads/Pokemon-Showdown/battle-engine.js:143:12)
    at process.EventEmitter.emit (events.js:98:17)
    at handleMessage (child_process.js:318:10)
    at Pipe.channel.onread (child_process.js:345:11)

Additional information:
message = battle-challengecup-24|join|p1|Snaquaza|101
currentRequest = 

Log:
|html|<div class="broadcast-red"><b>The battle crashed</b><br />You can keep playing but it might crash again.</div>
|html|<div class="broadcast-red"><b>The battle crashed</b><br />You can keep playing but it might crash again.</div>
|html|<div class="broadcast-red"><b>The battle crashed</b><br />You can keep playing but it might crash again.</div>
|html|<div class="broadcast-red"><b>The battle crashed</b><br />You can keep playing but it might crash again.</div>
|html|<div class="broadcast-red"><b>The battle crashed</b><br />You can keep playing but it might crash again.</div>
|html|<div class="broadcast-red"><b>The battle crashed</b><br />You can keep playing but it might crash again.</div>
|html|<div class="broadcast-red"><b>The battle crashed</b><br />You can keep playing but it might crash again.</div>
|html|<div class="broadcast-red"><b>The battle crashed</b><br />You can keep playing but it might crash again.</div>
|html|<div class="broadcast-red"><b>The battle crashed</b><br />You can keep playing but it might crash again.</div>
|html|<div class="broadcast-red"><b>The battle crashed</b><br />You can keep playing but it might crash again.</div>
|html|<div class="broadcast-red"><b>The battle crashed</b><br />You can keep playing but it might crash again.</div>
|html|<div class="broadcast-red"><b>The battle crashed</b><br />You can keep playing but it might crash again.</div>
|html|<div class="broadcast-red"><b>The battle crashed</b><br />You can keep playing but it might crash again.</div>
|html|<div class="broadcast-red"><b>The battle crashed</b><br />You can keep playing but it might crash again.</div>
|html|<div class="broadcast-red"><b>The battle crashed</b><br />You can keep playing but it might crash again.</div>
|html|<div class="broadcast-red"><b>The battle crashed</b><br />You can keep playing but it might crash again.</div>
|html|<div class="broadcast-red"><b>The battle crashed</b><br />You can keep playing but it might crash again.</div>
|html|<div class="broadcast-red"><b>The battle crashed</b><br />You can keep playing but it might crash again.</div>
|html|<div class="broadcast-red"><b>The battle crashed</b><br />You can keep playing but it might crash again.</div>
|html|<div class="broadcast-red"><b>The battle crashed</b><br />You can keep playing but it might crash again.</div>
|html|<div class="broadcast-red"><b>The battle crashed</b><br />You can keep playing but it might crash again.</div>
|html|<div class="broadcast-red"><b>The battle crashed</b><br />You can keep playing but it might crash again.</div>
|html|<div class="broadcast-red"><b>The battle crashed</b><br />You can keep playing but it might crash again.</div>
|html|<div class="broadcast-red"><b>The battle crashed</b><br />You can keep playing but it might crash again.</div>
|html|<div class="broadcast-red"><b>The battle crashed</b><br />You can keep playing but it might crash again.</div>
|html|<div class="broadcast-red"><b>The battle crashed</b><br />You can keep playing but it might crash again.</div>
|html|<div class="broadcast-red"><b>The battle crashed</b><br />You can keep playing but it might crash again.</div>
|html|<div class="broadcast-red"><b>The battle crashed</b><br />You can keep playing but it might crash again.</div>
|html|<div class="broadcast-red"><b>The battle crashed</b><br />You can keep playing but it might crash again.</div>
|html|<div class="broadcast-red"><b>The battle crashed</b><br />You can keep playing but it might crash again.</div>
|html|<div class="broadcast-red"><b>The battle crashed</b><br />You can keep playing but it might crash again.</div>
|html|<div class="broadcast-red"><b>The battle crashed</b><br />You can keep playing but it might crash again.</div>
|html|<div class="broadcast-red"><b>The battle crashed</b><br />You can keep playing but it might crash again.</div>
|html|<div class="broadcast-red"><b>The battle crashed</b><br />You can keep playing but it might crash again.</div>
|html|<div class="broadcast-red"><b>The battle crashed</b><br />You can keep playing but it might crash again.</div>

TypeError: Cannot read property 'isActive' of null
    at Tools.Battle.makeRequest (/Users/clazinasteunenberg/Downloads/Pokemon-Showdown/battle-engine.js:1943:15)
    at process.BattlePokemon.side (/Users/clazinasteunenberg/Downloads/Pokemon-Showdown/battle-engine.js:157:13)
    at process.EventEmitter.emit (events.js:98:17)
    at handleMessage (child_process.js:318:10)
    at Pipe.channel.onread (child_process.js:345:11)

TypeError: Cannot read property 'hp' of undefined
    at Tools.exports.BattleScripts.randomCCTeam (/Users/clazinasteunenberg/Downloads/Pokemon-Showdown/data/scripts.js:528:21)
    at Tools.exports.BattleScripts.getTeam (/Users/clazinasteunenberg/Downloads/Pokemon-Showdown/data/scripts.js:485:35)
    at new BattleSide (/Users/clazinasteunenberg/Downloads/Pokemon-Showdown/battle-engine.js:1096:27)
    at Tools.Battle.join (/Users/clazinasteunenberg/Downloads/Pokemon-Showdown/battle-engine.js:3333:15)
    at Tools.Battle.receive (/Users/clazinasteunenberg/Downloads/Pokemon-Showdown/battle-engine.js:3390:9)
    at process.BattlePokemon.side (/Users/clazinasteunenberg/Downloads/Pokemon-Showdown/battle-engine.js:143:12)
    at process.EventEmitter.emit (events.js:98:17)
    at handleMessage (child_process.js:318:10)
    at Pipe.channel.onread (child_process.js:345:11)

Additional information:
message = battle-challengecup-24|join|p1|Snaquaza|101
currentRequest = 

Log:
|html|<div class="broadcast-red"><b>The battle crashed</b><br />You can keep playing but it might crash again.</div>
|html|<div class="broadcast-red"><b>The battle crashed</b><br />You can keep playing but it might crash again.</div>
|html|<div class="broadcast-red"><b>The battle crashed</b><br />You can keep playing but it might crash again.</div>
|html|<div class="broadcast-red"><b>The battle crashed</b><br />You can keep playing but it might crash again.</div>
|html|<div class="broadcast-red"><b>The battle crashed</b><br />You can keep playing but it might crash again.</div>
|html|<div class="broadcast-red"><b>The battle crashed</b><br />You can keep playing but it might crash again.</div>
|html|<div class="broadcast-red"><b>The battle crashed</b><br />You can keep playing but it might crash again.</div>
|html|<div class="broadcast-red"><b>The battle crashed</b><br />You can keep playing but it might crash again.</div>
|html|<div class="broadcast-red"><b>The battle crashed</b><br />You can keep playing but it might crash again.</div>
|html|<div class="broadcast-red"><b>The battle crashed</b><br />You can keep playing but it might crash again.</div>
|html|<div class="broadcast-red"><b>The battle crashed</b><br />You can keep playing but it might crash again.</div>
|html|<div class="broadcast-red"><b>The battle crashed</b><br />You can keep playing but it might crash again.</div>
|html|<div class="broadcast-red"><b>The battle crashed</b><br />You can keep playing but it might crash again.</div>
|html|<div class="broadcast-red"><b>The battle crashed</b><br />You can keep playing but it might crash again.</div>
|html|<div class="broadcast-red"><b>The battle crashed</b><br />You can keep playing but it might crash again.</div>
|html|<div class="broadcast-red"><b>The battle crashed</b><br />You can keep playing but it might crash again.</div>
|html|<div class="broadcast-red"><b>The battle crashed</b><br />You can keep playing but it might crash again.</div>
|html|<div class="broadcast-red"><b>The battle crashed</b><br />You can keep playing but it might crash again.</div>
|html|<div class="broadcast-red"><b>The battle crashed</b><br />You can keep playing but it might crash again.</div>
|html|<div class="broadcast-red"><b>The battle crashed</b><br />You can keep playing but it might crash again.</div>
|html|<div class="broadcast-red"><b>The battle crashed</b><br />You can keep playing but it might crash again.</div>
|html|<div class="broadcast-red"><b>The battle crashed</b><br />You can keep playing but it might crash again.</div>
|html|<div class="broadcast-red"><b>The battle crashed</b><br />You can keep playing but it might crash again.</div>
|html|<div class="broadcast-red"><b>The battle crashed</b><br />You can keep playing but it might crash again.</div>
|html|<div class="broadcast-red"><b>The battle crashed</b><br />You can keep playing but it might crash again.</div>
|html|<div class="broadcast-red"><b>The battle crashed</b><br />You can keep playing but it might crash again.</div>
|html|<div class="broadcast-red"><b>The battle crashed</b><br />You can keep playing but it might crash again.</div>
|html|<div class="broadcast-red"><b>The battle crashed</b><br />You can keep playing but it might crash again.</div>
|html|<div class="broadcast-red"><b>The battle crashed</b><br />You can keep playing but it might crash again.</div>
|html|<div class="broadcast-red"><b>The battle crashed</b><br />You can keep playing but it might crash again.</div>
|html|<div class="broadcast-red"><b>The battle crashed</b><br />You can keep playing but it might crash again.</div>
|html|<div class="broadcast-red"><b>The battle crashed</b><br />You can keep playing but it might crash again.</div>
|html|<div class="broadcast-red"><b>The battle crashed</b><br />You can keep playing but it might crash again.</div>
|html|<div class="broadcast-red"><b>The battle crashed</b><br />You can keep playing but it might crash again.</div>
|html|<div class="broadcast-red"><b>The battle crashed</b><br />You can keep playing but it might crash again.</div>
|html|<div class="broadcast-red"><b>The battle crashed</b><br />You can keep playing but it might crash again.</div>

TypeError: Cannot read property 'isActive' of null
    at Tools.Battle.makeRequest (/Users/clazinasteunenberg/Downloads/Pokemon-Showdown/battle-engine.js:1943:15)
    at process.BattlePokemon.side (/Users/clazinasteunenberg/Downloads/Pokemon-Showdown/battle-engine.js:157:13)
    at process.EventEmitter.emit (events.js:98:17)
    at handleMessage (child_process.js:318:10)
    at Pipe.channel.onread (child_process.js:345:11)

TypeError: Cannot read property 'hp' of undefined
    at Tools.exports.BattleScripts.randomCCTeam (/Users/clazinasteunenberg/Downloads/Pokemon-Showdown/data/scripts.js:528:21)
    at Tools.exports.BattleScripts.getTeam (/Users/clazinasteunenberg/Downloads/Pokemon-Showdown/data/scripts.js:485:35)
    at new BattleSide (/Users/clazinasteunenberg/Downloads/Pokemon-Showdown/battle-engine.js:1096:27)
    at Tools.Battle.join (/Users/clazinasteunenberg/Downloads/Pokemon-Showdown/battle-engine.js:3333:15)
    at Tools.Battle.receive (/Users/clazinasteunenberg/Downloads/Pokemon-Showdown/battle-engine.js:3390:9)
    at process.BattlePokemon.side (/Users/clazinasteunenberg/Downloads/Pokemon-Showdown/battle-engine.js:143:12)
    at process.EventEmitter.emit (events.js:98:17)
    at handleMessage (child_process.js:318:10)
    at Pipe.channel.onread (child_process.js:345:11)

Additional information:
message = battle-challengecup-24|join|p1|Snaquaza|101
currentRequest = 

Log:
|html|<div class="broadcast-red"><b>The battle crashed</b><br />You can keep playing but it might crash again.</div>
|html|<div class="broadcast-red"><b>The battle crashed</b><br />You can keep playing but it might crash again.</div>
|html|<div class="broadcast-red"><b>The battle crashed</b><br />You can keep playing but it might crash again.</div>
|html|<div class="broadcast-red"><b>The battle crashed</b><br />You can keep playing but it might crash again.</div>
|html|<div class="broadcast-red"><b>The battle crashed</b><br />You can keep playing but it might crash again.</div>
|html|<div class="broadcast-red"><b>The battle crashed</b><br />You can keep playing but it might crash again.</div>
|html|<div class="broadcast-red"><b>The battle crashed</b><br />You can keep playing but it might crash again.</div>
|html|<div class="broadcast-red"><b>The battle crashed</b><br />You can keep playing but it might crash again.</div>
|html|<div class="broadcast-red"><b>The battle crashed</b><br />You can keep playing but it might crash again.</div>
|html|<div class="broadcast-red"><b>The battle crashed</b><br />You can keep playing but it might crash again.</div>
|html|<div class="broadcast-red"><b>The battle crashed</b><br />You can keep playing but it might crash again.</div>
|html|<div class="broadcast-red"><b>The battle crashed</b><br />You can keep playing but it might crash again.</div>
|html|<div class="broadcast-red"><b>The battle crashed</b><br />You can keep playing but it might crash again.</div>
|html|<div class="broadcast-red"><b>The battle crashed</b><br />You can keep playing but it might crash again.</div>
|html|<div class="broadcast-red"><b>The battle crashed</b><br />You can keep playing but it might crash again.</div>
|html|<div class="broadcast-red"><b>The battle crashed</b><br />You can keep playing but it might crash again.</div>
|html|<div class="broadcast-red"><b>The battle crashed</b><br />You can keep playing but it might crash again.</div>
|html|<div class="broadcast-red"><b>The battle crashed</b><br />You can keep playing but it might crash again.</div>
|html|<div class="broadcast-red"><b>The battle crashed</b><br />You can keep playing but it might crash again.</div>
|html|<div class="broadcast-red"><b>The battle crashed</b><br />You can keep playing but it might crash again.</div>
|html|<div class="broadcast-red"><b>The battle crashed</b><br />You can keep playing but it might crash again.</div>
|html|<div class="broadcast-red"><b>The battle crashed</b><br />You can keep playing but it might crash again.</div>
|html|<div class="broadcast-red"><b>The battle crashed</b><br />You can keep playing but it might crash again.</div>
|html|<div class="broadcast-red"><b>The battle crashed</b><br />You can keep playing but it might crash again.</div>
|html|<div class="broadcast-red"><b>The battle crashed</b><br />You can keep playing but it might crash again.</div>
|html|<div class="broadcast-red"><b>The battle crashed</b><br />You can keep playing but it might crash again.</div>
|html|<div class="broadcast-red"><b>The battle crashed</b><br />You can keep playing but it might crash again.</div>
|html|<div class="broadcast-red"><b>The battle crashed</b><br />You can keep playing but it might crash again.</div>
|html|<div class="broadcast-red"><b>The battle crashed</b><br />You can keep playing but it might crash again.</div>
|html|<div class="broadcast-red"><b>The battle crashed</b><br />You can keep playing but it might crash again.</div>
|html|<div class="broadcast-red"><b>The battle crashed</b><br />You can keep playing but it might crash again.</div>
|html|<div class="broadcast-red"><b>The battle crashed</b><br />You can keep playing but it might crash again.</div>
|html|<div class="broadcast-red"><b>The battle crashed</b><br />You can keep playing but it might crash again.</div>
|html|<div class="broadcast-red"><b>The battle crashed</b><br />You can keep playing but it might crash again.</div>
|html|<div class="broadcast-red"><b>The battle crashed</b><br />You can keep playing but it might crash again.</div>
|html|<div class="broadcast-red"><b>The battle crashed</b><br />You can keep playing but it might crash again.</div>
|html|<div class="broadcast-red"><b>The battle crashed</b><br />You can keep playing but it might crash again.</div>

TypeError: Cannot read property 'isActive' of null
    at Tools.Battle.makeRequest (/Users/clazinasteunenberg/Downloads/Pokemon-Showdown/battle-engine.js:1943:15)
    at process.BattlePokemon.side (/Users/clazinasteunenberg/Downloads/Pokemon-Showdown/battle-engine.js:157:13)
    at process.EventEmitter.emit (events.js:98:17)
    at handleMessage (child_process.js:318:10)
    at Pipe.channel.onread (child_process.js:345:11)

TypeError: Cannot read property 'hp' of undefined
    at Tools.exports.BattleScripts.randomCCTeam (/Users/clazinasteunenberg/Downloads/Pokemon-Showdown/data/scripts.js:528:21)
    at Tools.exports.BattleScripts.getTeam (/Users/clazinasteunenberg/Downloads/Pokemon-Showdown/data/scripts.js:485:35)
    at new BattleSide (/Users/clazinasteunenberg/Downloads/Pokemon-Showdown/battle-engine.js:1096:27)
    at Tools.Battle.join (/Users/clazinasteunenberg/Downloads/Pokemon-Showdown/battle-engine.js:3333:15)
    at Tools.Battle.receive (/Users/clazinasteunenberg/Downloads/Pokemon-Showdown/battle-engine.js:3390:9)
    at process.BattlePokemon.side (/Users/clazinasteunenberg/Downloads/Pokemon-Showdown/battle-engine.js:143:12)
    at process.EventEmitter.emit (events.js:98:17)
    at handleMessage (child_process.js:318:10)
    at Pipe.channel.onread (child_process.js:345:11)

Additional information:
message = battle-challengecup-24|join|p1|Snaquaza|101
currentRequest = 

Log:
|html|<div class="broadcast-red"><b>The battle crashed</b><br />You can keep playing but it might crash again.</div>
|html|<div class="broadcast-red"><b>The battle crashed</b><br />You can keep playing but it might crash again.</div>
|html|<div class="broadcast-red"><b>The battle crashed</b><br />You can keep playing but it might crash again.</div>
|html|<div class="broadcast-red"><b>The battle crashed</b><br />You can keep playing but it might crash again.</div>
|html|<div class="broadcast-red"><b>The battle crashed</b><br />You can keep playing but it might crash again.</div>
|html|<div class="broadcast-red"><b>The battle crashed</b><br />You can keep playing but it might crash again.</div>
|html|<div class="broadcast-red"><b>The battle crashed</b><br />You can keep playing but it might crash again.</div>
|html|<div class="broadcast-red"><b>The battle crashed</b><br />You can keep playing but it might crash again.</div>
|html|<div class="broadcast-red"><b>The battle crashed</b><br />You can keep playing but it might crash again.</div>
|html|<div class="broadcast-red"><b>The battle crashed</b><br />You can keep playing but it might crash again.</div>
|html|<div class="broadcast-red"><b>The battle crashed</b><br />You can keep playing but it might crash again.</div>
|html|<div class="broadcast-red"><b>The battle crashed</b><br />You can keep playing but it might crash again.</div>
|html|<div class="broadcast-red"><b>The battle crashed</b><br />You can keep playing but it might crash again.</div>
|html|<div class="broadcast-red"><b>The battle crashed</b><br />You can keep playing but it might crash again.</div>
|html|<div class="broadcast-red"><b>The battle crashed</b><br />You can keep playing but it might crash again.</div>
|html|<div class="broadcast-red"><b>The battle crashed</b><br />You can keep playing but it might crash again.</div>
|html|<div class="broadcast-red"><b>The battle crashed</b><br />You can keep playing but it might crash again.</div>
|html|<div class="broadcast-red"><b>The battle crashed</b><br />You can keep playing but it might crash again.</div>
|html|<div class="broadcast-red"><b>The battle crashed</b><br />You can keep playing but it might crash again.</div>
|html|<div class="broadcast-red"><b>The battle crashed</b><br />You can keep playing but it might crash again.</div>
|html|<div class="broadcast-red"><b>The battle crashed</b><br />You can keep playing but it might crash again.</div>
|html|<div class="broadcast-red"><b>The battle crashed</b><br />You can keep playing but it might crash again.</div>
|html|<div class="broadcast-red"><b>The battle crashed</b><br />You can keep playing but it might crash again.</div>
|html|<div class="broadcast-red"><b>The battle crashed</b><br />You can keep playing but it might crash again.</div>
|html|<div class="broadcast-red"><b>The battle crashed</b><br />You can keep playing but it might crash again.</div>
|html|<div class="broadcast-red"><b>The battle crashed</b><br />You can keep playing but it might crash again.</div>
|html|<div class="broadcast-red"><b>The battle crashed</b><br />You can keep playing but it might crash again.</div>
|html|<div class="broadcast-red"><b>The battle crashed</b><br />You can keep playing but it might crash again.</div>
|html|<div class="broadcast-red"><b>The battle crashed</b><br />You can keep playing but it might crash again.</div>
|html|<div class="broadcast-red"><b>The battle crashed</b><br />You can keep playing but it might crash again.</div>
|html|<div class="broadcast-red"><b>The battle crashed</b><br />You can keep playing but it might crash again.</div>
|html|<div class="broadcast-red"><b>The battle crashed</b><br />You can keep playing but it might crash again.</div>
|html|<div class="broadcast-red"><b>The battle crashed</b><br />You can keep playing but it might crash again.</div>
|html|<div class="broadcast-red"><b>The battle crashed</b><br />You can keep playing but it might crash again.</div>
|html|<div class="broadcast-red"><b>The battle crashed</b><br />You can keep playing but it might crash again.</div>
|html|<div class="broadcast-red"><b>The battle crashed</b><br />You can keep playing but it might crash again.</div>
|html|<div class="broadcast-red"><b>The battle crashed</b><br />You can keep playing but it might crash again.</div>
|html|<div class="broadcast-red"><b>The battle crashed</b><br />You can keep playing but it might crash again.</div>

TypeError: Cannot read property 'isActive' of null
    at Tools.Battle.makeRequest (/Users/clazinasteunenberg/Downloads/Pokemon-Showdown/battle-engine.js:1943:15)
    at process.BattlePokemon.side (/Users/clazinasteunenberg/Downloads/Pokemon-Showdown/battle-engine.js:157:13)
    at process.EventEmitter.emit (events.js:98:17)
    at handleMessage (child_process.js:318:10)
    at Pipe.channel.onread (child_process.js:345:11)

TypeError: Cannot read property 'hp' of undefined
    at Tools.exports.BattleScripts.randomCCTeam (/Users/clazinasteunenberg/Downloads/Pokemon-Showdown/data/scripts.js:528:21)
    at Tools.exports.BattleScripts.getTeam (/Users/clazinasteunenberg/Downloads/Pokemon-Showdown/data/scripts.js:485:35)
    at new BattleSide (/Users/clazinasteunenberg/Downloads/Pokemon-Showdown/battle-engine.js:1096:27)
    at Tools.Battle.join (/Users/clazinasteunenberg/Downloads/Pokemon-Showdown/battle-engine.js:3333:15)
    at Tools.Battle.receive (/Users/clazinasteunenberg/Downloads/Pokemon-Showdown/battle-engine.js:3390:9)
    at process.BattlePokemon.side (/Users/clazinasteunenberg/Downloads/Pokemon-Showdown/battle-engine.js:143:12)
    at process.EventEmitter.emit (events.js:98:17)
    at handleMessage (child_process.js:318:10)
    at Pipe.channel.onread (child_process.js:345:11)

Additional information:
message = battle-challengecup-24|join|p1|Snaquaza|101
currentRequest = 

Log:
|html|<div class="broadcast-red"><b>The battle crashed</b><br />You can keep playing but it might crash again.</div>
|html|<div class="broadcast-red"><b>The battle crashed</b><br />You can keep playing but it might crash again.</div>
|html|<div class="broadcast-red"><b>The battle crashed</b><br />You can keep playing but it might crash again.</div>
|html|<div class="broadcast-red"><b>The battle crashed</b><br />You can keep playing but it might crash again.</div>
|html|<div class="broadcast-red"><b>The battle crashed</b><br />You can keep playing but it might crash again.</div>
|html|<div class="broadcast-red"><b>The battle crashed</b><br />You can keep playing but it might crash again.</div>
|html|<div class="broadcast-red"><b>The battle crashed</b><br />You can keep playing but it might crash again.</div>
|html|<div class="broadcast-red"><b>The battle crashed</b><br />You can keep playing but it might crash again.</div>
|html|<div class="broadcast-red"><b>The battle crashed</b><br />You can keep playing but it might crash again.</div>
|html|<div class="broadcast-red"><b>The battle crashed</b><br />You can keep playing but it might crash again.</div>
|html|<div class="broadcast-red"><b>The battle crashed</b><br />You can keep playing but it might crash again.</div>
|html|<div class="broadcast-red"><b>The battle crashed</b><br />You can keep playing but it might crash again.</div>
|html|<div class="broadcast-red"><b>The battle crashed</b><br />You can keep playing but it might crash again.</div>
|html|<div class="broadcast-red"><b>The battle crashed</b><br />You can keep playing but it might crash again.</div>
|html|<div class="broadcast-red"><b>The battle crashed</b><br />You can keep playing but it might crash again.</div>
|html|<div class="broadcast-red"><b>The battle crashed</b><br />You can keep playing but it might crash again.</div>
|html|<div class="broadcast-red"><b>The battle crashed</b><br />You can keep playing but it might crash again.</div>
|html|<div class="broadcast-red"><b>The battle crashed</b><br />You can keep playing but it might crash again.</div>
|html|<div class="broadcast-red"><b>The battle crashed</b><br />You can keep playing but it might crash again.</div>
|html|<div class="broadcast-red"><b>The battle crashed</b><br />You can keep playing but it might crash again.</div>
|html|<div class="broadcast-red"><b>The battle crashed</b><br />You can keep playing but it might crash again.</div>
|html|<div class="broadcast-red"><b>The battle crashed</b><br />You can keep playing but it might crash again.</div>
|html|<div class="broadcast-red"><b>The battle crashed</b><br />You can keep playing but it might crash again.</div>
|html|<div class="broadcast-red"><b>The battle crashed</b><br />You can keep playing but it might crash again.</div>
|html|<div class="broadcast-red"><b>The battle crashed</b><br />You can keep playing but it might crash again.</div>
|html|<div class="broadcast-red"><b>The battle crashed</b><br />You can keep playing but it might crash again.</div>
|html|<div class="broadcast-red"><b>The battle crashed</b><br />You can keep playing but it might crash again.</div>
|html|<div class="broadcast-red"><b>The battle crashed</b><br />You can keep playing but it might crash again.</div>
|html|<div class="broadcast-red"><b>The battle crashed</b><br />You can keep playing but it might crash again.</div>
|html|<div class="broadcast-red"><b>The battle crashed</b><br />You can keep playing but it might crash again.</div>
|html|<div class="broadcast-red"><b>The battle crashed</b><br />You can keep playing but it might crash again.</div>
|html|<div class="broadcast-red"><b>The battle crashed</b><br />You can keep playing but it might crash again.</div>
|html|<div class="broadcast-red"><b>The battle crashed</b><br />You can keep playing but it might crash again.</div>
|html|<div class="broadcast-red"><b>The battle crashed</b><br />You can keep playing but it might crash again.</div>
|html|<div class="broadcast-red"><b>The battle crashed</b><br />You can keep playing but it might crash again.</div>
|html|<div class="broadcast-red"><b>The battle crashed</b><br />You can keep playing but it might crash again.</div>
|html|<div class="broadcast-red"><b>The battle crashed</b><br />You can keep playing but it might crash again.</div>
|html|<div class="broadcast-red"><b>The battle crashed</b><br />You can keep playing but it might crash again.</div>
|html|<div class="broadcast-red"><b>The battle crashed</b><br />You can keep playing but it might crash again.</div>

TypeError: Cannot read property 'isActive' of null
    at Tools.Battle.makeRequest (/Users/clazinasteunenberg/Downloads/Pokemon-Showdown/battle-engine.js:1943:15)
    at process.BattlePokemon.side (/Users/clazinasteunenberg/Downloads/Pokemon-Showdown/battle-engine.js:157:13)
    at process.EventEmitter.emit (events.js:98:17)
    at handleMessage (child_process.js:318:10)
    at Pipe.channel.onread (child_process.js:345:11)

TypeError: Cannot read property 'hp' of undefined
    at Tools.exports.BattleScripts.randomCCTeam (/Users/clazinasteunenberg/Downloads/Pokemon-Showdown/data/scripts.js:528:21)
    at Tools.exports.BattleScripts.getTeam (/Users/clazinasteunenberg/Downloads/Pokemon-Showdown/data/scripts.js:485:35)
    at new BattleSide (/Users/clazinasteunenberg/Downloads/Pokemon-Showdown/battle-engine.js:1096:27)
    at Tools.Battle.join (/Users/clazinasteunenberg/Downloads/Pokemon-Showdown/battle-engine.js:3333:15)
    at Tools.Battle.receive (/Users/clazinasteunenberg/Downloads/Pokemon-Showdown/battle-engine.js:3390:9)
    at process.BattlePokemon.side (/Users/clazinasteunenberg/Downloads/Pokemon-Showdown/battle-engine.js:143:12)
    at process.EventEmitter.emit (events.js:98:17)
    at handleMessage (child_process.js:318:10)
    at Pipe.channel.onread (child_process.js:345:11)

Additional information:
message = battle-challengecup-24|join|p1|Snaquaza|101
currentRequest = 

Log:
|html|<div class="broadcast-red"><b>The battle crashed</b><br />You can keep playing but it might crash again.</div>
|html|<div class="broadcast-red"><b>The battle crashed</b><br />You can keep playing but it might crash again.</div>
|html|<div class="broadcast-red"><b>The battle crashed</b><br />You can keep playing but it might crash again.</div>
|html|<div class="broadcast-red"><b>The battle crashed</b><br />You can keep playing but it might crash again.</div>
|html|<div class="broadcast-red"><b>The battle crashed</b><br />You can keep playing but it might crash again.</div>
|html|<div class="broadcast-red"><b>The battle crashed</b><br />You can keep playing but it might crash again.</div>
|html|<div class="broadcast-red"><b>The battle crashed</b><br />You can keep playing but it might crash again.</div>
|html|<div class="broadcast-red"><b>The battle crashed</b><br />You can keep playing but it might crash again.</div>
|html|<div class="broadcast-red"><b>The battle crashed</b><br />You can keep playing but it might crash again.</div>
|html|<div class="broadcast-red"><b>The battle crashed</b><br />You can keep playing but it might crash again.</div>
|html|<div class="broadcast-red"><b>The battle crashed</b><br />You can keep playing but it might crash again.</div>
|html|<div class="broadcast-red"><b>The battle crashed</b><br />You can keep playing but it might crash again.</div>
|html|<div class="broadcast-red"><b>The battle crashed</b><br />You can keep playing but it might crash again.</div>
|html|<div class="broadcast-red"><b>The battle crashed</b><br />You can keep playing but it might crash again.</div>
|html|<div class="broadcast-red"><b>The battle crashed</b><br />You can keep playing but it might crash again.</div>
|html|<div class="broadcast-red"><b>The battle crashed</b><br />You can keep playing but it might crash again.</div>
|html|<div class="broadcast-red"><b>The battle crashed</b><br />You can keep playing but it might crash again.</div>
|html|<div class="broadcast-red"><b>The battle crashed</b><br />You can keep playing but it might crash again.</div>
|html|<div class="broadcast-red"><b>The battle crashed</b><br />You can keep playing but it might crash again.</div>
|html|<div class="broadcast-red"><b>The battle crashed</b><br />You can keep playing but it might crash again.</div>
|html|<div class="broadcast-red"><b>The battle crashed</b><br />You can keep playing but it might crash again.</div>
|html|<div class="broadcast-red"><b>The battle crashed</b><br />You can keep playing but it might crash again.</div>
|html|<div class="broadcast-red"><b>The battle crashed</b><br />You can keep playing but it might crash again.</div>
|html|<div class="broadcast-red"><b>The battle crashed</b><br />You can keep playing but it might crash again.</div>
|html|<div class="broadcast-red"><b>The battle crashed</b><br />You can keep playing but it might crash again.</div>
|html|<div class="broadcast-red"><b>The battle crashed</b><br />You can keep playing but it might crash again.</div>
|html|<div class="broadcast-red"><b>The battle crashed</b><br />You can keep playing but it might crash again.</div>
|html|<div class="broadcast-red"><b>The battle crashed</b><br />You can keep playing but it might crash again.</div>
|html|<div class="broadcast-red"><b>The battle crashed</b><br />You can keep playing but it might crash again.</div>
|html|<div class="broadcast-red"><b>The battle crashed</b><br />You can keep playing but it might crash again.</div>
|html|<div class="broadcast-red"><b>The battle crashed</b><br />You can keep playing but it might crash again.</div>
|html|<div class="broadcast-red"><b>The battle crashed</b><br />You can keep playing but it might crash again.</div>
|html|<div class="broadcast-red"><b>The battle crashed</b><br />You can keep playing but it might crash again.</div>
|html|<div class="broadcast-red"><b>The battle crashed</b><br />You can keep playing but it might crash again.</div>
|html|<div class="broadcast-red"><b>The battle crashed</b><br />You can keep playing but it might crash again.</div>
|html|<div class="broadcast-red"><b>The battle crashed</b><br />You can keep playing but it might crash again.</div>
|html|<div class="broadcast-red"><b>The battle crashed</b><br />You can keep playing but it might crash again.</div>
|html|<div class="broadcast-red"><b>The battle crashed</b><br />You can keep playing but it might crash again.</div>
|html|<div class="broadcast-red"><b>The battle crashed</b><br />You can keep playing but it might crash again.</div>
|html|<div class="broadcast-red"><b>The battle crashed</b><br />You can keep playing but it might crash again.</div>

TypeError: Cannot read property 'isActive' of null
    at Tools.Battle.makeRequest (/Users/clazinasteunenberg/Downloads/Pokemon-Showdown/battle-engine.js:1943:15)
    at process.BattlePokemon.side (/Users/clazinasteunenberg/Downloads/Pokemon-Showdown/battle-engine.js:157:13)
    at process.EventEmitter.emit (events.js:98:17)
    at handleMessage (child_process.js:318:10)
    at Pipe.channel.onread (child_process.js:345:11)

TypeError: Cannot read property 'hp' of undefined
    at Tools.exports.BattleScripts.randomCCTeam (/Users/clazinasteunenberg/Downloads/Pokemon-Showdown/data/scripts.js:528:21)
    at Tools.exports.BattleScripts.getTeam (/Users/clazinasteunenberg/Downloads/Pokemon-Showdown/data/scripts.js:485:35)
    at new BattleSide (/Users/clazinasteunenberg/Downloads/Pokemon-Showdown/battle-engine.js:1096:27)
    at Tools.Battle.join (/Users/clazinasteunenberg/Downloads/Pokemon-Showdown/battle-engine.js:3333:15)
    at Tools.Battle.receive (/Users/clazinasteunenberg/Downloads/Pokemon-Showdown/battle-engine.js:3390:9)
    at process.BattlePokemon.side (/Users/clazinasteunenberg/Downloads/Pokemon-Showdown/battle-engine.js:143:12)
    at process.EventEmitter.emit (events.js:98:17)
    at handleMessage (child_process.js:318:10)
    at Pipe.channel.onread (child_process.js:345:11)

Additional information:
message = battle-challengecup-24|join|p1|Snaquaza|101
currentRequest = 

Log:
|html|<div class="broadcast-red"><b>The battle crashed</b><br />You can keep playing but it might crash again.</div>
|html|<div class="broadcast-red"><b>The battle crashed</b><br />You can keep playing but it might crash again.</div>
|html|<div class="broadcast-red"><b>The battle crashed</b><br />You can keep playing but it might crash again.</div>
|html|<div class="broadcast-red"><b>The battle crashed</b><br />You can keep playing but it might crash again.</div>
|html|<div class="broadcast-red"><b>The battle crashed</b><br />You can keep playing but it might crash again.</div>
|html|<div class="broadcast-red"><b>The battle crashed</b><br />You can keep playing but it might crash again.</div>
|html|<div class="broadcast-red"><b>The battle crashed</b><br />You can keep playing but it might crash again.</div>
|html|<div class="broadcast-red"><b>The battle crashed</b><br />You can keep playing but it might crash again.</div>
|html|<div class="broadcast-red"><b>The battle crashed</b><br />You can keep playing but it might crash again.</div>
|html|<div class="broadcast-red"><b>The battle crashed</b><br />You can keep playing but it might crash again.</div>
|html|<div class="broadcast-red"><b>The battle crashed</b><br />You can keep playing but it might crash again.</div>
|html|<div class="broadcast-red"><b>The battle crashed</b><br />You can keep playing but it might crash again.</div>
|html|<div class="broadcast-red"><b>The battle crashed</b><br />You can keep playing but it might crash again.</div>
|html|<div class="broadcast-red"><b>The battle crashed</b><br />You can keep playing but it might crash again.</div>
|html|<div class="broadcast-red"><b>The battle crashed</b><br />You can keep playing but it might crash again.</div>
|html|<div class="broadcast-red"><b>The battle crashed</b><br />You can keep playing but it might crash again.</div>
|html|<div class="broadcast-red"><b>The battle crashed</b><br />You can keep playing but it might crash again.</div>
|html|<div class="broadcast-red"><b>The battle crashed</b><br />You can keep playing but it might crash again.</div>
|html|<div class="broadcast-red"><b>The battle crashed</b><br />You can keep playing but it might crash again.</div>
|html|<div class="broadcast-red"><b>The battle crashed</b><br />You can keep playing but it might crash again.</div>
|html|<div class="broadcast-red"><b>The battle crashed</b><br />You can keep playing but it might crash again.</div>
|html|<div class="broadcast-red"><b>The battle crashed</b><br />You can keep playing but it might crash again.</div>
|html|<div class="broadcast-red"><b>The battle crashed</b><br />You can keep playing but it might crash again.</div>
|html|<div class="broadcast-red"><b>The battle crashed</b><br />You can keep playing but it might crash again.</div>
|html|<div class="broadcast-red"><b>The battle crashed</b><br />You can keep playing but it might crash again.</div>
|html|<div class="broadcast-red"><b>The battle crashed</b><br />You can keep playing but it might crash again.</div>
|html|<div class="broadcast-red"><b>The battle crashed</b><br />You can keep playing but it might crash again.</div>
|html|<div class="broadcast-red"><b>The battle crashed</b><br />You can keep playing but it might crash again.</div>
|html|<div class="broadcast-red"><b>The battle crashed</b><br />You can keep playing but it might crash again.</div>
|html|<div class="broadcast-red"><b>The battle crashed</b><br />You can keep playing but it might crash again.</div>
|html|<div class="broadcast-red"><b>The battle crashed</b><br />You can keep playing but it might crash again.</div>
|html|<div class="broadcast-red"><b>The battle crashed</b><br />You can keep playing but it might crash again.</div>
|html|<div class="broadcast-red"><b>The battle crashed</b><br />You can keep playing but it might crash again.</div>
|html|<div class="broadcast-red"><b>The battle crashed</b><br />You can keep playing but it might crash again.</div>
|html|<div class="broadcast-red"><b>The battle crashed</b><br />You can keep playing but it might crash again.</div>
|html|<div class="broadcast-red"><b>The battle crashed</b><br />You can keep playing but it might crash again.</div>
|html|<div class="broadcast-red"><b>The battle crashed</b><br />You can keep playing but it might crash again.</div>
|html|<div class="broadcast-red"><b>The battle crashed</b><br />You can keep playing but it might crash again.</div>
|html|<div class="broadcast-red"><b>The battle crashed</b><br />You can keep playing but it might crash again.</div>
|html|<div class="broadcast-red"><b>The battle crashed</b><br />You can keep playing but it might crash again.</div>
|html|<div class="broadcast-red"><b>The battle crashed</b><br />You can keep playing but it might crash again.</div>

TypeError: Cannot read property 'isActive' of null
    at Tools.Battle.makeRequest (/Users/clazinasteunenberg/Downloads/Pokemon-Showdown/battle-engine.js:1943:15)
    at process.BattlePokemon.side (/Users/clazinasteunenberg/Downloads/Pokemon-Showdown/battle-engine.js:157:13)
    at process.EventEmitter.emit (events.js:98:17)
    at handleMessage (child_process.js:318:10)
    at Pipe.channel.onread (child_process.js:345:11)

TypeError: Cannot read property 'hp' of undefined
    at Tools.exports.BattleScripts.randomCCTeam (/Users/clazinasteunenberg/Downloads/Pokemon-Showdown/data/scripts.js:528:21)
    at Tools.exports.BattleScripts.getTeam (/Users/clazinasteunenberg/Downloads/Pokemon-Showdown/data/scripts.js:485:35)
    at new BattleSide (/Users/clazinasteunenberg/Downloads/Pokemon-Showdown/battle-engine.js:1096:27)
    at Tools.Battle.join (/Users/clazinasteunenberg/Downloads/Pokemon-Showdown/battle-engine.js:3333:15)
    at Tools.Battle.receive (/Users/clazinasteunenberg/Downloads/Pokemon-Showdown/battle-engine.js:3390:9)
    at process.BattlePokemon.side (/Users/clazinasteunenberg/Downloads/Pokemon-Showdown/battle-engine.js:143:12)
    at process.EventEmitter.emit (events.js:98:17)
    at handleMessage (child_process.js:318:10)
    at Pipe.channel.onread (child_process.js:345:11)

Additional information:
message = battle-challengecup-24|join|p1|Snaquaza|101
currentRequest = 

Log:
|html|<div class="broadcast-red"><b>The battle crashed</b><br />You can keep playing but it might crash again.</div>
|html|<div class="broadcast-red"><b>The battle crashed</b><br />You can keep playing but it might crash again.</div>
|html|<div class="broadcast-red"><b>The battle crashed</b><br />You can keep playing but it might crash again.</div>
|html|<div class="broadcast-red"><b>The battle crashed</b><br />You can keep playing but it might crash again.</div>
|html|<div class="broadcast-red"><b>The battle crashed</b><br />You can keep playing but it might crash again.</div>
|html|<div class="broadcast-red"><b>The battle crashed</b><br />You can keep playing but it might crash again.</div>
|html|<div class="broadcast-red"><b>The battle crashed</b><br />You can keep playing but it might crash again.</div>
|html|<div class="broadcast-red"><b>The battle crashed</b><br />You can keep playing but it might crash again.</div>
|html|<div class="broadcast-red"><b>The battle crashed</b><br />You can keep playing but it might crash again.</div>
|html|<div class="broadcast-red"><b>The battle crashed</b><br />You can keep playing but it might crash again.</div>
|html|<div class="broadcast-red"><b>The battle crashed</b><br />You can keep playing but it might crash again.</div>
|html|<div class="broadcast-red"><b>The battle crashed</b><br />You can keep playing but it might crash again.</div>
|html|<div class="broadcast-red"><b>The battle crashed</b><br />You can keep playing but it might crash again.</div>
|html|<div class="broadcast-red"><b>The battle crashed</b><br />You can keep playing but it might crash again.</div>
|html|<div class="broadcast-red"><b>The battle crashed</b><br />You can keep playing but it might crash again.</div>
|html|<div class="broadcast-red"><b>The battle crashed</b><br />You can keep playing but it might crash again.</div>
|html|<div class="broadcast-red"><b>The battle crashed</b><br />You can keep playing but it might crash again.</div>
|html|<div class="broadcast-red"><b>The battle crashed</b><br />You can keep playing but it might crash again.</div>
|html|<div class="broadcast-red"><b>The battle crashed</b><br />You can keep playing but it might crash again.</div>
|html|<div class="broadcast-red"><b>The battle crashed</b><br />You can keep playing but it might crash again.</div>
|html|<div class="broadcast-red"><b>The battle crashed</b><br />You can keep playing but it might crash again.</div>
|html|<div class="broadcast-red"><b>The battle crashed</b><br />You can keep playing but it might crash again.</div>
|html|<div class="broadcast-red"><b>The battle crashed</b><br />You can keep playing but it might crash again.</div>
|html|<div class="broadcast-red"><b>The battle crashed</b><br />You can keep playing but it might crash again.</div>
|html|<div class="broadcast-red"><b>The battle crashed</b><br />You can keep playing but it might crash again.</div>
|html|<div class="broadcast-red"><b>The battle crashed</b><br />You can keep playing but it might crash again.</div>
|html|<div class="broadcast-red"><b>The battle crashed</b><br />You can keep playing but it might crash again.</div>
|html|<div class="broadcast-red"><b>The battle crashed</b><br />You can keep playing but it might crash again.</div>
|html|<div class="broadcast-red"><b>The battle crashed</b><br />You can keep playing but it might crash again.</div>
|html|<div class="broadcast-red"><b>The battle crashed</b><br />You can keep playing but it might crash again.</div>
|html|<div class="broadcast-red"><b>The battle crashed</b><br />You can keep playing but it might crash again.</div>
|html|<div class="broadcast-red"><b>The battle crashed</b><br />You can keep playing but it might crash again.</div>
|html|<div class="broadcast-red"><b>The battle crashed</b><br />You can keep playing but it might crash again.</div>
|html|<div class="broadcast-red"><b>The battle crashed</b><br />You can keep playing but it might crash again.</div>
|html|<div class="broadcast-red"><b>The battle crashed</b><br />You can keep playing but it might crash again.</div>
|html|<div class="broadcast-red"><b>The battle crashed</b><br />You can keep playing but it might crash again.</div>
|html|<div class="broadcast-red"><b>The battle crashed</b><br />You can keep playing but it might crash again.</div>
|html|<div class="broadcast-red"><b>The battle crashed</b><br />You can keep playing but it might crash again.</div>
|html|<div class="broadcast-red"><b>The battle crashed</b><br />You can keep playing but it might crash again.</div>
|html|<div class="broadcast-red"><b>The battle crashed</b><br />You can keep playing but it might crash again.</div>
|html|<div class="broadcast-red"><b>The battle crashed</b><br />You can keep playing but it might crash again.</div>
|html|<div class="broadcast-red"><b>The battle crashed</b><br />You can keep playing but it might crash again.</div>

TypeError: Cannot read property 'isActive' of null
    at Tools.Battle.makeRequest (/Users/clazinasteunenberg/Downloads/Pokemon-Showdown/battle-engine.js:1943:15)
    at process.BattlePokemon.side (/Users/clazinasteunenberg/Downloads/Pokemon-Showdown/battle-engine.js:157:13)
    at process.EventEmitter.emit (events.js:98:17)
    at handleMessage (child_process.js:318:10)
    at Pipe.channel.onread (child_process.js:345:11)

TypeError: Cannot read property 'hp' of undefined
    at Tools.exports.BattleScripts.randomCCTeam (/Users/clazinasteunenberg/Downloads/Pokemon-Showdown/data/scripts.js:528:21)
    at Tools.exports.BattleScripts.getTeam (/Users/clazinasteunenberg/Downloads/Pokemon-Showdown/data/scripts.js:485:35)
    at new BattleSide (/Users/clazinasteunenberg/Downloads/Pokemon-Showdown/battle-engine.js:1096:27)
    at Tools.Battle.join (/Users/clazinasteunenberg/Downloads/Pokemon-Showdown/battle-engine.js:3333:15)
    at Tools.Battle.receive (/Users/clazinasteunenberg/Downloads/Pokemon-Showdown/battle-engine.js:3390:9)
    at process.BattlePokemon.side (/Users/clazinasteunenberg/Downloads/Pokemon-Showdown/battle-engine.js:143:12)
    at process.EventEmitter.emit (events.js:98:17)
    at handleMessage (child_process.js:318:10)
    at Pipe.channel.onread (child_process.js:345:11)

Additional information:
message = battle-challengecup-24|join|p1|Snaquaza|101
currentRequest = 

Log:
|html|<div class="broadcast-red"><b>The battle crashed</b><br />You can keep playing but it might crash again.</div>
|html|<div class="broadcast-red"><b>The battle crashed</b><br />You can keep playing but it might crash again.</div>
|html|<div class="broadcast-red"><b>The battle crashed</b><br />You can keep playing but it might crash again.</div>
|html|<div class="broadcast-red"><b>The battle crashed</b><br />You can keep playing but it might crash again.</div>
|html|<div class="broadcast-red"><b>The battle crashed</b><br />You can keep playing but it might crash again.</div>
|html|<div class="broadcast-red"><b>The battle crashed</b><br />You can keep playing but it might crash again.</div>
|html|<div class="broadcast-red"><b>The battle crashed</b><br />You can keep playing but it might crash again.</div>
|html|<div class="broadcast-red"><b>The battle crashed</b><br />You can keep playing but it might crash again.</div>
|html|<div class="broadcast-red"><b>The battle crashed</b><br />You can keep playing but it might crash again.</div>
|html|<div class="broadcast-red"><b>The battle crashed</b><br />You can keep playing but it might crash again.</div>
|html|<div class="broadcast-red"><b>The battle crashed</b><br />You can keep playing but it might crash again.</div>
|html|<div class="broadcast-red"><b>The battle crashed</b><br />You can keep playing but it might crash again.</div>
|html|<div class="broadcast-red"><b>The battle crashed</b><br />You can keep playing but it might crash again.</div>
|html|<div class="broadcast-red"><b>The battle crashed</b><br />You can keep playing but it might crash again.</div>
|html|<div class="broadcast-red"><b>The battle crashed</b><br />You can keep playing but it might crash again.</div>
|html|<div class="broadcast-red"><b>The battle crashed</b><br />You can keep playing but it might crash again.</div>
|html|<div class="broadcast-red"><b>The battle crashed</b><br />You can keep playing but it might crash again.</div>
|html|<div class="broadcast-red"><b>The battle crashed</b><br />You can keep playing but it might crash again.</div>
|html|<div class="broadcast-red"><b>The battle crashed</b><br />You can keep playing but it might crash again.</div>
|html|<div class="broadcast-red"><b>The battle crashed</b><br />You can keep playing but it might crash again.</div>
|html|<div class="broadcast-red"><b>The battle crashed</b><br />You can keep playing but it might crash again.</div>
|html|<div class="broadcast-red"><b>The battle crashed</b><br />You can keep playing but it might crash again.</div>
|html|<div class="broadcast-red"><b>The battle crashed</b><br />You can keep playing but it might crash again.</div>
|html|<div class="broadcast-red"><b>The battle crashed</b><br />You can keep playing but it might crash again.</div>
|html|<div class="broadcast-red"><b>The battle crashed</b><br />You can keep playing but it might crash again.</div>
|html|<div class="broadcast-red"><b>The battle crashed</b><br />You can keep playing but it might crash again.</div>
|html|<div class="broadcast-red"><b>The battle crashed</b><br />You can keep playing but it might crash again.</div>
|html|<div class="broadcast-red"><b>The battle crashed</b><br />You can keep playing but it might crash again.</div>
|html|<div class="broadcast-red"><b>The battle crashed</b><br />You can keep playing but it might crash again.</div>
|html|<div class="broadcast-red"><b>The battle crashed</b><br />You can keep playing but it might crash again.</div>
|html|<div class="broadcast-red"><b>The battle crashed</b><br />You can keep playing but it might crash again.</div>
|html|<div class="broadcast-red"><b>The battle crashed</b><br />You can keep playing but it might crash again.</div>
|html|<div class="broadcast-red"><b>The battle crashed</b><br />You can keep playing but it might crash again.</div>
|html|<div class="broadcast-red"><b>The battle crashed</b><br />You can keep playing but it might crash again.</div>
|html|<div class="broadcast-red"><b>The battle crashed</b><br />You can keep playing but it might crash again.</div>
|html|<div class="broadcast-red"><b>The battle crashed</b><br />You can keep playing but it might crash again.</div>
|html|<div class="broadcast-red"><b>The battle crashed</b><br />You can keep playing but it might crash again.</div>
|html|<div class="broadcast-red"><b>The battle crashed</b><br />You can keep playing but it might crash again.</div>
|html|<div class="broadcast-red"><b>The battle crashed</b><br />You can keep playing but it might crash again.</div>
|html|<div class="broadcast-red"><b>The battle crashed</b><br />You can keep playing but it might crash again.</div>
|html|<div class="broadcast-red"><b>The battle crashed</b><br />You can keep playing but it might crash again.</div>
|html|<div class="broadcast-red"><b>The battle crashed</b><br />You can keep playing but it might crash again.</div>
|html|<div class="broadcast-red"><b>The battle crashed</b><br />You can keep playing but it might crash again.</div>

TypeError: Cannot read property 'isActive' of null
    at Tools.Battle.makeRequest (/Users/clazinasteunenberg/Downloads/Pokemon-Showdown/battle-engine.js:1943:15)
    at process.BattlePokemon.side (/Users/clazinasteunenberg/Downloads/Pokemon-Showdown/battle-engine.js:157:13)
    at process.EventEmitter.emit (events.js:98:17)
    at handleMessage (child_process.js:318:10)
    at Pipe.channel.onread (child_process.js:345:11)

TypeError: Cannot call method 'validateTeam' of undefined
    at Tools.module.exports.Tools.validateTeam (/Users/clazinasteunenberg/Downloads/Pokemon-Showdown/tools.js:692:28)
    at Object.exports.commands.challenge (/Users/clazinasteunenberg/Downloads/Pokemon-Showdown/commands.js:1027:24)
    at Object.exports.parse (/Users/clazinasteunenberg/Downloads/Pokemon-Showdown/command-parser.js:192:31)
    at ChatRoom.chat (/Users/clazinasteunenberg/Downloads/Pokemon-Showdown/rooms.js:1277:27)
    at User.processChatQueue (/Users/clazinasteunenberg/Downloads/Pokemon-Showdown/users.js:1042:13)
    at Timer.listOnTimeout [as ontimeout] (timers.js:110:15)

TypeError: Cannot call method 'validateTeam' of undefined
    at Tools.module.exports.Tools.validateTeam (/Users/clazinasteunenberg/Downloads/Pokemon-Showdown/tools.js:692:28)
    at Object.exports.commands.challenge (/Users/clazinasteunenberg/Downloads/Pokemon-Showdown/commands.js:1027:24)
    at Object.exports.parse (/Users/clazinasteunenberg/Downloads/Pokemon-Showdown/command-parser.js:192:31)
    at ChatRoom.chat (/Users/clazinasteunenberg/Downloads/Pokemon-Showdown/rooms.js:1277:27)
    at User.processChatQueue (/Users/clazinasteunenberg/Downloads/Pokemon-Showdown/users.js:1042:13)
    at Timer.listOnTimeout [as ontimeout] (timers.js:110:15)

SyntaxError: Unexpected token ILLEGAL
    at Module._compile (module.js:439:25)
    at Object.Module._extensions..js (module.js:474:10)
    at Module.load (module.js:356:32)
    at Function.Module._load (module.js:312:12)
    at Module.require (module.js:364:17)
    at require (module.js:380:17)
    at Object.<anonymous> (/Users/clazinasteunenberg/Downloads/Pokemon-Showdown/command-parser.js:368:22)
    at Module._compile (module.js:456:26)
    at Object.Module._extensions..js (module.js:474:10)
    at Module.load (module.js:356:32)

Additional information:
user = snaquaza
ip = 127.0.0.1
roomid = 
message = |/hotpatch chat

TypeError: Cannot call method 'validateTeam' of undefined
    at Tools.module.exports.Tools.validateTeam (/Users/clazinasteunenberg/Downloads/Pokemon-Showdown/tools.js:692:28)
    at Object.exports.commands.challenge (/Users/clazinasteunenberg/Downloads/Pokemon-Showdown/commands.js:1027:24)
    at Object.exports.parse (/Users/clazinasteunenberg/Downloads/Pokemon-Showdown/command-parser.js:192:31)
    at ChatRoom.chat (/Users/clazinasteunenberg/Downloads/Pokemon-Showdown/rooms.js:1277:27)
    at User.processChatQueue (/Users/clazinasteunenberg/Downloads/Pokemon-Showdown/users.js:1042:13)
    at Timer.listOnTimeout [as ontimeout] (timers.js:110:15)

TypeError: Cannot read property 'hp' of undefined
    at Tools.exports.BattleScripts.randomCCTeam (/Users/clazinasteunenberg/Downloads/Pokemon-Showdown/data/scripts.js:528:21)
    at Tools.exports.BattleScripts.getTeam (/Users/clazinasteunenberg/Downloads/Pokemon-Showdown/data/scripts.js:485:35)
    at new BattleSide (/Users/clazinasteunenberg/Downloads/Pokemon-Showdown/battle-engine.js:1096:27)
    at Tools.Battle.join (/Users/clazinasteunenberg/Downloads/Pokemon-Showdown/battle-engine.js:3333:15)
    at Tools.Battle.receive (/Users/clazinasteunenberg/Downloads/Pokemon-Showdown/battle-engine.js:3390:9)
    at process.BattlePokemon.side (/Users/clazinasteunenberg/Downloads/Pokemon-Showdown/battle-engine.js:143:12)
    at process.EventEmitter.emit (events.js:98:17)
    at handleMessage (child_process.js:318:10)
    at Pipe.channel.onread (child_process.js:345:11)

Additional information:
message = battle-doubleschallengecup-17|join|p1|Snaquaza|101
currentRequest = 

Log:


TypeError: Cannot read property 'isActive' of null
    at Tools.Battle.makeRequest (/Users/clazinasteunenberg/Downloads/Pokemon-Showdown/battle-engine.js:1943:15)
    at process.BattlePokemon.side (/Users/clazinasteunenberg/Downloads/Pokemon-Showdown/battle-engine.js:157:13)
    at process.EventEmitter.emit (events.js:98:17)
    at handleMessage (child_process.js:318:10)
    at Pipe.channel.onread (child_process.js:345:11)

TypeError: Cannot read property 'hp' of undefined
    at Tools.exports.BattleScripts.randomCCTeam (/Users/clazinasteunenberg/Downloads/Pokemon-Showdown/data/scripts.js:528:21)
    at Tools.exports.BattleScripts.getTeam (/Users/clazinasteunenberg/Downloads/Pokemon-Showdown/data/scripts.js:485:35)
    at new BattleSide (/Users/clazinasteunenberg/Downloads/Pokemon-Showdown/battle-engine.js:1096:27)
    at Tools.Battle.join (/Users/clazinasteunenberg/Downloads/Pokemon-Showdown/battle-engine.js:3333:15)
    at Tools.Battle.receive (/Users/clazinasteunenberg/Downloads/Pokemon-Showdown/battle-engine.js:3390:9)
    at process.BattlePokemon.side (/Users/clazinasteunenberg/Downloads/Pokemon-Showdown/battle-engine.js:143:12)
    at process.EventEmitter.emit (events.js:98:17)
    at handleMessage (child_process.js:318:10)
    at Pipe.channel.onread (child_process.js:345:11)

Additional information:
message = battle-doubleschallengecup-17|join|p1|Snaquaza|101
currentRequest = 

Log:
|html|<div class="broadcast-red"><b>The battle crashed</b><br />You can keep playing but it might crash again.</div>

TypeError: Cannot read property 'isActive' of null
    at Tools.Battle.makeRequest (/Users/clazinasteunenberg/Downloads/Pokemon-Showdown/battle-engine.js:1943:15)
    at process.BattlePokemon.side (/Users/clazinasteunenberg/Downloads/Pokemon-Showdown/battle-engine.js:157:13)
    at process.EventEmitter.emit (events.js:98:17)
    at handleMessage (child_process.js:318:10)
    at Pipe.channel.onread (child_process.js:345:11)

TypeError: Cannot read property 'hp' of undefined
    at Tools.exports.BattleScripts.randomCCTeam (/Users/clazinasteunenberg/Downloads/Pokemon-Showdown/data/scripts.js:528:21)
    at Tools.exports.BattleScripts.getTeam (/Users/clazinasteunenberg/Downloads/Pokemon-Showdown/data/scripts.js:485:35)
    at new BattleSide (/Users/clazinasteunenberg/Downloads/Pokemon-Showdown/battle-engine.js:1096:27)
    at Tools.Battle.join (/Users/clazinasteunenberg/Downloads/Pokemon-Showdown/battle-engine.js:3333:15)
    at Tools.Battle.receive (/Users/clazinasteunenberg/Downloads/Pokemon-Showdown/battle-engine.js:3390:9)
    at process.BattlePokemon.side (/Users/clazinasteunenberg/Downloads/Pokemon-Showdown/battle-engine.js:143:12)
    at process.EventEmitter.emit (events.js:98:17)
    at handleMessage (child_process.js:318:10)
    at Pipe.channel.onread (child_process.js:345:11)

Additional information:
message = battle-doubleschallengecup-17|join|p1|Snaquaza|101
currentRequest = 

Log:
|html|<div class="broadcast-red"><b>The battle crashed</b><br />You can keep playing but it might crash again.</div>
|html|<div class="broadcast-red"><b>The battle crashed</b><br />You can keep playing but it might crash again.</div>

TypeError: Cannot read property 'isActive' of null
    at Tools.Battle.makeRequest (/Users/clazinasteunenberg/Downloads/Pokemon-Showdown/battle-engine.js:1943:15)
    at process.BattlePokemon.side (/Users/clazinasteunenberg/Downloads/Pokemon-Showdown/battle-engine.js:157:13)
    at process.EventEmitter.emit (events.js:98:17)
    at handleMessage (child_process.js:318:10)
    at Pipe.channel.onread (child_process.js:345:11)

TypeError: Cannot read property 'hp' of undefined
    at Tools.exports.BattleScripts.randomCCTeam (/Users/clazinasteunenberg/Downloads/Pokemon-Showdown/data/scripts.js:528:21)
    at Tools.exports.BattleScripts.getTeam (/Users/clazinasteunenberg/Downloads/Pokemon-Showdown/data/scripts.js:485:35)
    at new BattleSide (/Users/clazinasteunenberg/Downloads/Pokemon-Showdown/battle-engine.js:1096:27)
    at Tools.Battle.join (/Users/clazinasteunenberg/Downloads/Pokemon-Showdown/battle-engine.js:3333:15)
    at Tools.Battle.receive (/Users/clazinasteunenberg/Downloads/Pokemon-Showdown/battle-engine.js:3390:9)
    at process.BattlePokemon.side (/Users/clazinasteunenberg/Downloads/Pokemon-Showdown/battle-engine.js:143:12)
    at process.EventEmitter.emit (events.js:98:17)
    at handleMessage (child_process.js:318:10)
    at Pipe.channel.onread (child_process.js:345:11)

Additional information:
message = battle-doubleschallengecup-17|join|p1|Snaquaza|101
currentRequest = 

Log:
|html|<div class="broadcast-red"><b>The battle crashed</b><br />You can keep playing but it might crash again.</div>
|html|<div class="broadcast-red"><b>The battle crashed</b><br />You can keep playing but it might crash again.</div>
|html|<div class="broadcast-red"><b>The battle crashed</b><br />You can keep playing but it might crash again.</div>

TypeError: Cannot read property 'isActive' of null
    at Tools.Battle.makeRequest (/Users/clazinasteunenberg/Downloads/Pokemon-Showdown/battle-engine.js:1943:15)
    at process.BattlePokemon.side (/Users/clazinasteunenberg/Downloads/Pokemon-Showdown/battle-engine.js:157:13)
    at process.EventEmitter.emit (events.js:98:17)
    at handleMessage (child_process.js:318:10)
    at Pipe.channel.onread (child_process.js:345:11)

TypeError: Cannot read property 'hp' of undefined
    at Tools.exports.BattleScripts.randomCCTeam (/Users/clazinasteunenberg/Downloads/Pokemon-Showdown/data/scripts.js:528:21)
    at Tools.exports.BattleScripts.getTeam (/Users/clazinasteunenberg/Downloads/Pokemon-Showdown/data/scripts.js:485:35)
    at new BattleSide (/Users/clazinasteunenberg/Downloads/Pokemon-Showdown/battle-engine.js:1096:27)
    at Tools.Battle.join (/Users/clazinasteunenberg/Downloads/Pokemon-Showdown/battle-engine.js:3333:15)
    at Tools.Battle.receive (/Users/clazinasteunenberg/Downloads/Pokemon-Showdown/battle-engine.js:3390:9)
    at process.BattlePokemon.side (/Users/clazinasteunenberg/Downloads/Pokemon-Showdown/battle-engine.js:143:12)
    at process.EventEmitter.emit (events.js:98:17)
    at handleMessage (child_process.js:318:10)
    at Pipe.channel.onread (child_process.js:345:11)

Additional information:
message = battle-doubleschallengecup-17|join|p1|Snaquaza|101
currentRequest = 

Log:
|html|<div class="broadcast-red"><b>The battle crashed</b><br />You can keep playing but it might crash again.</div>
|html|<div class="broadcast-red"><b>The battle crashed</b><br />You can keep playing but it might crash again.</div>
|html|<div class="broadcast-red"><b>The battle crashed</b><br />You can keep playing but it might crash again.</div>
|html|<div class="broadcast-red"><b>The battle crashed</b><br />You can keep playing but it might crash again.</div>

TypeError: Cannot read property 'isActive' of null
    at Tools.Battle.makeRequest (/Users/clazinasteunenberg/Downloads/Pokemon-Showdown/battle-engine.js:1943:15)
    at process.BattlePokemon.side (/Users/clazinasteunenberg/Downloads/Pokemon-Showdown/battle-engine.js:157:13)
    at process.EventEmitter.emit (events.js:98:17)
    at handleMessage (child_process.js:318:10)
    at Pipe.channel.onread (child_process.js:345:11)

TypeError: Cannot read property 'hp' of undefined
    at Tools.exports.BattleScripts.randomCCTeam (/Users/clazinasteunenberg/Downloads/Pokemon-Showdown/data/scripts.js:528:21)
    at Tools.exports.BattleScripts.getTeam (/Users/clazinasteunenberg/Downloads/Pokemon-Showdown/data/scripts.js:485:35)
    at new BattleSide (/Users/clazinasteunenberg/Downloads/Pokemon-Showdown/battle-engine.js:1096:27)
    at Tools.Battle.join (/Users/clazinasteunenberg/Downloads/Pokemon-Showdown/battle-engine.js:3333:15)
    at Tools.Battle.receive (/Users/clazinasteunenberg/Downloads/Pokemon-Showdown/battle-engine.js:3390:9)
    at process.BattlePokemon.side (/Users/clazinasteunenberg/Downloads/Pokemon-Showdown/battle-engine.js:143:12)
    at process.EventEmitter.emit (events.js:98:17)
    at handleMessage (child_process.js:318:10)
    at Pipe.channel.onread (child_process.js:345:11)

Additional information:
message = battle-doubleschallengecup-17|join|p1|Snaquaza|101
currentRequest = 

Log:
|html|<div class="broadcast-red"><b>The battle crashed</b><br />You can keep playing but it might crash again.</div>
|html|<div class="broadcast-red"><b>The battle crashed</b><br />You can keep playing but it might crash again.</div>
|html|<div class="broadcast-red"><b>The battle crashed</b><br />You can keep playing but it might crash again.</div>
|html|<div class="broadcast-red"><b>The battle crashed</b><br />You can keep playing but it might crash again.</div>
|html|<div class="broadcast-red"><b>The battle crashed</b><br />You can keep playing but it might crash again.</div>

TypeError: Cannot read property 'isActive' of null
    at Tools.Battle.makeRequest (/Users/clazinasteunenberg/Downloads/Pokemon-Showdown/battle-engine.js:1943:15)
    at process.BattlePokemon.side (/Users/clazinasteunenberg/Downloads/Pokemon-Showdown/battle-engine.js:157:13)
    at process.EventEmitter.emit (events.js:98:17)
    at handleMessage (child_process.js:318:10)
    at Pipe.channel.onread (child_process.js:345:11)

TypeError: Cannot read property 'hp' of undefined
    at Tools.exports.BattleScripts.randomCCTeam (/Users/clazinasteunenberg/Downloads/Pokemon-Showdown/data/scripts.js:528:21)
    at Tools.exports.BattleScripts.getTeam (/Users/clazinasteunenberg/Downloads/Pokemon-Showdown/data/scripts.js:485:35)
    at new BattleSide (/Users/clazinasteunenberg/Downloads/Pokemon-Showdown/battle-engine.js:1096:27)
    at Tools.Battle.join (/Users/clazinasteunenberg/Downloads/Pokemon-Showdown/battle-engine.js:3333:15)
    at Tools.Battle.receive (/Users/clazinasteunenberg/Downloads/Pokemon-Showdown/battle-engine.js:3390:9)
    at process.BattlePokemon.side (/Users/clazinasteunenberg/Downloads/Pokemon-Showdown/battle-engine.js:143:12)
    at process.EventEmitter.emit (events.js:98:17)
    at handleMessage (child_process.js:318:10)
    at Pipe.channel.onread (child_process.js:345:11)

Additional information:
message = battle-doubleschallengecup-17|join|p1|Snaquaza|101
currentRequest = 

Log:
|html|<div class="broadcast-red"><b>The battle crashed</b><br />You can keep playing but it might crash again.</div>
|html|<div class="broadcast-red"><b>The battle crashed</b><br />You can keep playing but it might crash again.</div>
|html|<div class="broadcast-red"><b>The battle crashed</b><br />You can keep playing but it might crash again.</div>
|html|<div class="broadcast-red"><b>The battle crashed</b><br />You can keep playing but it might crash again.</div>
|html|<div class="broadcast-red"><b>The battle crashed</b><br />You can keep playing but it might crash again.</div>
|html|<div class="broadcast-red"><b>The battle crashed</b><br />You can keep playing but it might crash again.</div>

TypeError: Cannot read property 'isActive' of null
    at Tools.Battle.makeRequest (/Users/clazinasteunenberg/Downloads/Pokemon-Showdown/battle-engine.js:1943:15)
    at process.BattlePokemon.side (/Users/clazinasteunenberg/Downloads/Pokemon-Showdown/battle-engine.js:157:13)
    at process.EventEmitter.emit (events.js:98:17)
    at handleMessage (child_process.js:318:10)
    at Pipe.channel.onread (child_process.js:345:11)

TypeError: Cannot read property 'hp' of undefined
    at Tools.exports.BattleScripts.randomCCTeam (/Users/clazinasteunenberg/Downloads/Pokemon-Showdown/data/scripts.js:528:21)
    at Tools.exports.BattleScripts.getTeam (/Users/clazinasteunenberg/Downloads/Pokemon-Showdown/data/scripts.js:485:35)
    at new BattleSide (/Users/clazinasteunenberg/Downloads/Pokemon-Showdown/battle-engine.js:1096:27)
    at Tools.Battle.join (/Users/clazinasteunenberg/Downloads/Pokemon-Showdown/battle-engine.js:3333:15)
    at Tools.Battle.receive (/Users/clazinasteunenberg/Downloads/Pokemon-Showdown/battle-engine.js:3390:9)
    at process.BattlePokemon.side (/Users/clazinasteunenberg/Downloads/Pokemon-Showdown/battle-engine.js:143:12)
    at process.EventEmitter.emit (events.js:98:17)
    at handleMessage (child_process.js:318:10)
    at Pipe.channel.onread (child_process.js:345:11)

Additional information:
message = battle-doubleschallengecup-17|join|p1|Snaquaza|101
currentRequest = 

Log:
|html|<div class="broadcast-red"><b>The battle crashed</b><br />You can keep playing but it might crash again.</div>
|html|<div class="broadcast-red"><b>The battle crashed</b><br />You can keep playing but it might crash again.</div>
|html|<div class="broadcast-red"><b>The battle crashed</b><br />You can keep playing but it might crash again.</div>
|html|<div class="broadcast-red"><b>The battle crashed</b><br />You can keep playing but it might crash again.</div>
|html|<div class="broadcast-red"><b>The battle crashed</b><br />You can keep playing but it might crash again.</div>
|html|<div class="broadcast-red"><b>The battle crashed</b><br />You can keep playing but it might crash again.</div>
|html|<div class="broadcast-red"><b>The battle crashed</b><br />You can keep playing but it might crash again.</div>

TypeError: Cannot read property 'isActive' of null
    at Tools.Battle.makeRequest (/Users/clazinasteunenberg/Downloads/Pokemon-Showdown/battle-engine.js:1943:15)
    at process.BattlePokemon.side (/Users/clazinasteunenberg/Downloads/Pokemon-Showdown/battle-engine.js:157:13)
    at process.EventEmitter.emit (events.js:98:17)
    at handleMessage (child_process.js:318:10)
    at Pipe.channel.onread (child_process.js:345:11)

TypeError: Cannot read property 'hp' of undefined
    at Tools.exports.BattleScripts.randomCCTeam (/Users/clazinasteunenberg/Downloads/Pokemon-Showdown/data/scripts.js:528:21)
    at Tools.exports.BattleScripts.getTeam (/Users/clazinasteunenberg/Downloads/Pokemon-Showdown/data/scripts.js:485:35)
    at new BattleSide (/Users/clazinasteunenberg/Downloads/Pokemon-Showdown/battle-engine.js:1096:27)
    at Tools.Battle.join (/Users/clazinasteunenberg/Downloads/Pokemon-Showdown/battle-engine.js:3333:15)
    at Tools.Battle.receive (/Users/clazinasteunenberg/Downloads/Pokemon-Showdown/battle-engine.js:3390:9)
    at process.BattlePokemon.side (/Users/clazinasteunenberg/Downloads/Pokemon-Showdown/battle-engine.js:143:12)
    at process.EventEmitter.emit (events.js:98:17)
    at handleMessage (child_process.js:318:10)
    at Pipe.channel.onread (child_process.js:345:11)

Additional information:
message = battle-doubleschallengecup-17|join|p1|Snaquaza|101
currentRequest = 

Log:
|html|<div class="broadcast-red"><b>The battle crashed</b><br />You can keep playing but it might crash again.</div>
|html|<div class="broadcast-red"><b>The battle crashed</b><br />You can keep playing but it might crash again.</div>
|html|<div class="broadcast-red"><b>The battle crashed</b><br />You can keep playing but it might crash again.</div>
|html|<div class="broadcast-red"><b>The battle crashed</b><br />You can keep playing but it might crash again.</div>
|html|<div class="broadcast-red"><b>The battle crashed</b><br />You can keep playing but it might crash again.</div>
|html|<div class="broadcast-red"><b>The battle crashed</b><br />You can keep playing but it might crash again.</div>
|html|<div class="broadcast-red"><b>The battle crashed</b><br />You can keep playing but it might crash again.</div>
|html|<div class="broadcast-red"><b>The battle crashed</b><br />You can keep playing but it might crash again.</div>

TypeError: Cannot read property 'isActive' of null
    at Tools.Battle.makeRequest (/Users/clazinasteunenberg/Downloads/Pokemon-Showdown/battle-engine.js:1943:15)
    at process.BattlePokemon.side (/Users/clazinasteunenberg/Downloads/Pokemon-Showdown/battle-engine.js:157:13)
    at process.EventEmitter.emit (events.js:98:17)
    at handleMessage (child_process.js:318:10)
    at Pipe.channel.onread (child_process.js:345:11)

TypeError: Cannot read property 'hp' of undefined
    at Tools.exports.BattleScripts.randomCCTeam (/Users/clazinasteunenberg/Downloads/Pokemon-Showdown/data/scripts.js:528:21)
    at Tools.exports.BattleScripts.getTeam (/Users/clazinasteunenberg/Downloads/Pokemon-Showdown/data/scripts.js:485:35)
    at new BattleSide (/Users/clazinasteunenberg/Downloads/Pokemon-Showdown/battle-engine.js:1096:27)
    at Tools.Battle.join (/Users/clazinasteunenberg/Downloads/Pokemon-Showdown/battle-engine.js:3333:15)
    at Tools.Battle.receive (/Users/clazinasteunenberg/Downloads/Pokemon-Showdown/battle-engine.js:3390:9)
    at process.BattlePokemon.side (/Users/clazinasteunenberg/Downloads/Pokemon-Showdown/battle-engine.js:143:12)
    at process.EventEmitter.emit (events.js:98:17)
    at handleMessage (child_process.js:318:10)
    at Pipe.channel.onread (child_process.js:345:11)

Additional information:
message = battle-doubleschallengecup-17|join|p1|Snaquaza|101
currentRequest = 

Log:
|html|<div class="broadcast-red"><b>The battle crashed</b><br />You can keep playing but it might crash again.</div>
|html|<div class="broadcast-red"><b>The battle crashed</b><br />You can keep playing but it might crash again.</div>
|html|<div class="broadcast-red"><b>The battle crashed</b><br />You can keep playing but it might crash again.</div>
|html|<div class="broadcast-red"><b>The battle crashed</b><br />You can keep playing but it might crash again.</div>
|html|<div class="broadcast-red"><b>The battle crashed</b><br />You can keep playing but it might crash again.</div>
|html|<div class="broadcast-red"><b>The battle crashed</b><br />You can keep playing but it might crash again.</div>
|html|<div class="broadcast-red"><b>The battle crashed</b><br />You can keep playing but it might crash again.</div>
|html|<div class="broadcast-red"><b>The battle crashed</b><br />You can keep playing but it might crash again.</div>
|html|<div class="broadcast-red"><b>The battle crashed</b><br />You can keep playing but it might crash again.</div>

TypeError: Cannot read property 'isActive' of null
    at Tools.Battle.makeRequest (/Users/clazinasteunenberg/Downloads/Pokemon-Showdown/battle-engine.js:1943:15)
    at process.BattlePokemon.side (/Users/clazinasteunenberg/Downloads/Pokemon-Showdown/battle-engine.js:157:13)
    at process.EventEmitter.emit (events.js:98:17)
    at handleMessage (child_process.js:318:10)
    at Pipe.channel.onread (child_process.js:345:11)

TypeError: Cannot read property 'hp' of undefined
    at Tools.exports.BattleScripts.randomCCTeam (/Users/clazinasteunenberg/Downloads/Pokemon-Showdown/data/scripts.js:528:21)
    at Tools.exports.BattleScripts.getTeam (/Users/clazinasteunenberg/Downloads/Pokemon-Showdown/data/scripts.js:485:35)
    at new BattleSide (/Users/clazinasteunenberg/Downloads/Pokemon-Showdown/battle-engine.js:1096:27)
    at Tools.Battle.join (/Users/clazinasteunenberg/Downloads/Pokemon-Showdown/battle-engine.js:3333:15)
    at Tools.Battle.receive (/Users/clazinasteunenberg/Downloads/Pokemon-Showdown/battle-engine.js:3390:9)
    at process.BattlePokemon.side (/Users/clazinasteunenberg/Downloads/Pokemon-Showdown/battle-engine.js:143:12)
    at process.EventEmitter.emit (events.js:98:17)
    at handleMessage (child_process.js:318:10)
    at Pipe.channel.onread (child_process.js:345:11)

Additional information:
message = battle-doubleschallengecup-17|join|p1|Snaquaza|101
currentRequest = 

Log:
|html|<div class="broadcast-red"><b>The battle crashed</b><br />You can keep playing but it might crash again.</div>
|html|<div class="broadcast-red"><b>The battle crashed</b><br />You can keep playing but it might crash again.</div>
|html|<div class="broadcast-red"><b>The battle crashed</b><br />You can keep playing but it might crash again.</div>
|html|<div class="broadcast-red"><b>The battle crashed</b><br />You can keep playing but it might crash again.</div>
|html|<div class="broadcast-red"><b>The battle crashed</b><br />You can keep playing but it might crash again.</div>
|html|<div class="broadcast-red"><b>The battle crashed</b><br />You can keep playing but it might crash again.</div>
|html|<div class="broadcast-red"><b>The battle crashed</b><br />You can keep playing but it might crash again.</div>
|html|<div class="broadcast-red"><b>The battle crashed</b><br />You can keep playing but it might crash again.</div>
|html|<div class="broadcast-red"><b>The battle crashed</b><br />You can keep playing but it might crash again.</div>
|html|<div class="broadcast-red"><b>The battle crashed</b><br />You can keep playing but it might crash again.</div>

TypeError: Cannot read property 'isActive' of null
    at Tools.Battle.makeRequest (/Users/clazinasteunenberg/Downloads/Pokemon-Showdown/battle-engine.js:1943:15)
    at process.BattlePokemon.side (/Users/clazinasteunenberg/Downloads/Pokemon-Showdown/battle-engine.js:157:13)
    at process.EventEmitter.emit (events.js:98:17)
    at handleMessage (child_process.js:318:10)
    at Pipe.channel.onread (child_process.js:345:11)

TypeError: Cannot read property 'hp' of undefined
    at Tools.exports.BattleScripts.randomCCTeam (/Users/clazinasteunenberg/Downloads/Pokemon-Showdown/data/scripts.js:528:21)
    at Tools.exports.BattleScripts.getTeam (/Users/clazinasteunenberg/Downloads/Pokemon-Showdown/data/scripts.js:485:35)
    at new BattleSide (/Users/clazinasteunenberg/Downloads/Pokemon-Showdown/battle-engine.js:1096:27)
    at Tools.Battle.join (/Users/clazinasteunenberg/Downloads/Pokemon-Showdown/battle-engine.js:3333:15)
    at Tools.Battle.receive (/Users/clazinasteunenberg/Downloads/Pokemon-Showdown/battle-engine.js:3390:9)
    at process.BattlePokemon.side (/Users/clazinasteunenberg/Downloads/Pokemon-Showdown/battle-engine.js:143:12)
    at process.EventEmitter.emit (events.js:98:17)
    at handleMessage (child_process.js:318:10)
    at Pipe.channel.onread (child_process.js:345:11)

Additional information:
message = battle-doubleschallengecup-17|join|p1|Snaquaza|101
currentRequest = 

Log:
|html|<div class="broadcast-red"><b>The battle crashed</b><br />You can keep playing but it might crash again.</div>
|html|<div class="broadcast-red"><b>The battle crashed</b><br />You can keep playing but it might crash again.</div>
|html|<div class="broadcast-red"><b>The battle crashed</b><br />You can keep playing but it might crash again.</div>
|html|<div class="broadcast-red"><b>The battle crashed</b><br />You can keep playing but it might crash again.</div>
|html|<div class="broadcast-red"><b>The battle crashed</b><br />You can keep playing but it might crash again.</div>
|html|<div class="broadcast-red"><b>The battle crashed</b><br />You can keep playing but it might crash again.</div>
|html|<div class="broadcast-red"><b>The battle crashed</b><br />You can keep playing but it might crash again.</div>
|html|<div class="broadcast-red"><b>The battle crashed</b><br />You can keep playing but it might crash again.</div>
|html|<div class="broadcast-red"><b>The battle crashed</b><br />You can keep playing but it might crash again.</div>
|html|<div class="broadcast-red"><b>The battle crashed</b><br />You can keep playing but it might crash again.</div>
|html|<div class="broadcast-red"><b>The battle crashed</b><br />You can keep playing but it might crash again.</div>

TypeError: Cannot read property 'isActive' of null
    at Tools.Battle.makeRequest (/Users/clazinasteunenberg/Downloads/Pokemon-Showdown/battle-engine.js:1943:15)
    at process.BattlePokemon.side (/Users/clazinasteunenberg/Downloads/Pokemon-Showdown/battle-engine.js:157:13)
    at process.EventEmitter.emit (events.js:98:17)
    at handleMessage (child_process.js:318:10)
    at Pipe.channel.onread (child_process.js:345:11)

TypeError: Cannot read property 'hp' of undefined
    at Tools.exports.BattleScripts.randomCCTeam (/Users/clazinasteunenberg/Downloads/Pokemon-Showdown/data/scripts.js:528:21)
    at Tools.exports.BattleScripts.getTeam (/Users/clazinasteunenberg/Downloads/Pokemon-Showdown/data/scripts.js:485:35)
    at new BattleSide (/Users/clazinasteunenberg/Downloads/Pokemon-Showdown/battle-engine.js:1096:27)
    at Tools.Battle.join (/Users/clazinasteunenberg/Downloads/Pokemon-Showdown/battle-engine.js:3333:15)
    at Tools.Battle.receive (/Users/clazinasteunenberg/Downloads/Pokemon-Showdown/battle-engine.js:3390:9)
    at process.BattlePokemon.side (/Users/clazinasteunenberg/Downloads/Pokemon-Showdown/battle-engine.js:143:12)
    at process.EventEmitter.emit (events.js:98:17)
    at handleMessage (child_process.js:318:10)
    at Pipe.channel.onread (child_process.js:345:11)

Additional information:
message = battle-doubleschallengecup-17|join|p1|Snaquaza|101
currentRequest = 

Log:
|html|<div class="broadcast-red"><b>The battle crashed</b><br />You can keep playing but it might crash again.</div>
|html|<div class="broadcast-red"><b>The battle crashed</b><br />You can keep playing but it might crash again.</div>
|html|<div class="broadcast-red"><b>The battle crashed</b><br />You can keep playing but it might crash again.</div>
|html|<div class="broadcast-red"><b>The battle crashed</b><br />You can keep playing but it might crash again.</div>
|html|<div class="broadcast-red"><b>The battle crashed</b><br />You can keep playing but it might crash again.</div>
|html|<div class="broadcast-red"><b>The battle crashed</b><br />You can keep playing but it might crash again.</div>
|html|<div class="broadcast-red"><b>The battle crashed</b><br />You can keep playing but it might crash again.</div>
|html|<div class="broadcast-red"><b>The battle crashed</b><br />You can keep playing but it might crash again.</div>
|html|<div class="broadcast-red"><b>The battle crashed</b><br />You can keep playing but it might crash again.</div>
|html|<div class="broadcast-red"><b>The battle crashed</b><br />You can keep playing but it might crash again.</div>
|html|<div class="broadcast-red"><b>The battle crashed</b><br />You can keep playing but it might crash again.</div>
|html|<div class="broadcast-red"><b>The battle crashed</b><br />You can keep playing but it might crash again.</div>

TypeError: Cannot read property 'isActive' of null
    at Tools.Battle.makeRequest (/Users/clazinasteunenberg/Downloads/Pokemon-Showdown/battle-engine.js:1943:15)
    at process.BattlePokemon.side (/Users/clazinasteunenberg/Downloads/Pokemon-Showdown/battle-engine.js:157:13)
    at process.EventEmitter.emit (events.js:98:17)
    at handleMessage (child_process.js:318:10)
    at Pipe.channel.onread (child_process.js:345:11)

TypeError: Cannot read property 'hp' of undefined
    at Tools.exports.BattleScripts.randomCCTeam (/Users/clazinasteunenberg/Downloads/Pokemon-Showdown/data/scripts.js:528:21)
    at Tools.exports.BattleScripts.getTeam (/Users/clazinasteunenberg/Downloads/Pokemon-Showdown/data/scripts.js:485:35)
    at new BattleSide (/Users/clazinasteunenberg/Downloads/Pokemon-Showdown/battle-engine.js:1096:27)
    at Tools.Battle.join (/Users/clazinasteunenberg/Downloads/Pokemon-Showdown/battle-engine.js:3333:15)
    at Tools.Battle.receive (/Users/clazinasteunenberg/Downloads/Pokemon-Showdown/battle-engine.js:3390:9)
    at process.BattlePokemon.side (/Users/clazinasteunenberg/Downloads/Pokemon-Showdown/battle-engine.js:143:12)
    at process.EventEmitter.emit (events.js:98:17)
    at handleMessage (child_process.js:318:10)
    at Pipe.channel.onread (child_process.js:345:11)

Additional information:
message = battle-doubleschallengecup-17|join|p1|Snaquaza|101
currentRequest = 

Log:
|html|<div class="broadcast-red"><b>The battle crashed</b><br />You can keep playing but it might crash again.</div>
|html|<div class="broadcast-red"><b>The battle crashed</b><br />You can keep playing but it might crash again.</div>
|html|<div class="broadcast-red"><b>The battle crashed</b><br />You can keep playing but it might crash again.</div>
|html|<div class="broadcast-red"><b>The battle crashed</b><br />You can keep playing but it might crash again.</div>
|html|<div class="broadcast-red"><b>The battle crashed</b><br />You can keep playing but it might crash again.</div>
|html|<div class="broadcast-red"><b>The battle crashed</b><br />You can keep playing but it might crash again.</div>
|html|<div class="broadcast-red"><b>The battle crashed</b><br />You can keep playing but it might crash again.</div>
|html|<div class="broadcast-red"><b>The battle crashed</b><br />You can keep playing but it might crash again.</div>
|html|<div class="broadcast-red"><b>The battle crashed</b><br />You can keep playing but it might crash again.</div>
|html|<div class="broadcast-red"><b>The battle crashed</b><br />You can keep playing but it might crash again.</div>
|html|<div class="broadcast-red"><b>The battle crashed</b><br />You can keep playing but it might crash again.</div>
|html|<div class="broadcast-red"><b>The battle crashed</b><br />You can keep playing but it might crash again.</div>
|html|<div class="broadcast-red"><b>The battle crashed</b><br />You can keep playing but it might crash again.</div>

TypeError: Cannot read property 'isActive' of null
    at Tools.Battle.makeRequest (/Users/clazinasteunenberg/Downloads/Pokemon-Showdown/battle-engine.js:1943:15)
    at process.BattlePokemon.side (/Users/clazinasteunenberg/Downloads/Pokemon-Showdown/battle-engine.js:157:13)
    at process.EventEmitter.emit (events.js:98:17)
    at handleMessage (child_process.js:318:10)
    at Pipe.channel.onread (child_process.js:345:11)

TypeError: Cannot read property 'hp' of undefined
    at Tools.exports.BattleScripts.randomCCTeam (/Users/clazinasteunenberg/Downloads/Pokemon-Showdown/data/scripts.js:528:21)
    at Tools.exports.BattleScripts.getTeam (/Users/clazinasteunenberg/Downloads/Pokemon-Showdown/data/scripts.js:485:35)
    at new BattleSide (/Users/clazinasteunenberg/Downloads/Pokemon-Showdown/battle-engine.js:1096:27)
    at Tools.Battle.join (/Users/clazinasteunenberg/Downloads/Pokemon-Showdown/battle-engine.js:3333:15)
    at Tools.Battle.receive (/Users/clazinasteunenberg/Downloads/Pokemon-Showdown/battle-engine.js:3390:9)
    at process.BattlePokemon.side (/Users/clazinasteunenberg/Downloads/Pokemon-Showdown/battle-engine.js:143:12)
    at process.EventEmitter.emit (events.js:98:17)
    at handleMessage (child_process.js:318:10)
    at Pipe.channel.onread (child_process.js:345:11)

Additional information:
message = battle-doubleschallengecup-17|join|p1|Snaquaza|101
currentRequest = 

Log:
|html|<div class="broadcast-red"><b>The battle crashed</b><br />You can keep playing but it might crash again.</div>
|html|<div class="broadcast-red"><b>The battle crashed</b><br />You can keep playing but it might crash again.</div>
|html|<div class="broadcast-red"><b>The battle crashed</b><br />You can keep playing but it might crash again.</div>
|html|<div class="broadcast-red"><b>The battle crashed</b><br />You can keep playing but it might crash again.</div>
|html|<div class="broadcast-red"><b>The battle crashed</b><br />You can keep playing but it might crash again.</div>
|html|<div class="broadcast-red"><b>The battle crashed</b><br />You can keep playing but it might crash again.</div>
|html|<div class="broadcast-red"><b>The battle crashed</b><br />You can keep playing but it might crash again.</div>
|html|<div class="broadcast-red"><b>The battle crashed</b><br />You can keep playing but it might crash again.</div>
|html|<div class="broadcast-red"><b>The battle crashed</b><br />You can keep playing but it might crash again.</div>
|html|<div class="broadcast-red"><b>The battle crashed</b><br />You can keep playing but it might crash again.</div>
|html|<div class="broadcast-red"><b>The battle crashed</b><br />You can keep playing but it might crash again.</div>
|html|<div class="broadcast-red"><b>The battle crashed</b><br />You can keep playing but it might crash again.</div>
|html|<div class="broadcast-red"><b>The battle crashed</b><br />You can keep playing but it might crash again.</div>
|html|<div class="broadcast-red"><b>The battle crashed</b><br />You can keep playing but it might crash again.</div>

TypeError: Cannot read property 'isActive' of null
    at Tools.Battle.makeRequest (/Users/clazinasteunenberg/Downloads/Pokemon-Showdown/battle-engine.js:1943:15)
    at process.BattlePokemon.side (/Users/clazinasteunenberg/Downloads/Pokemon-Showdown/battle-engine.js:157:13)
    at process.EventEmitter.emit (events.js:98:17)
    at handleMessage (child_process.js:318:10)
    at Pipe.channel.onread (child_process.js:345:11)

TypeError: Cannot read property 'hp' of undefined
    at Tools.exports.BattleScripts.randomCCTeam (/Users/clazinasteunenberg/Downloads/Pokemon-Showdown/data/scripts.js:528:21)
    at Tools.exports.BattleScripts.getTeam (/Users/clazinasteunenberg/Downloads/Pokemon-Showdown/data/scripts.js:485:35)
    at new BattleSide (/Users/clazinasteunenberg/Downloads/Pokemon-Showdown/battle-engine.js:1096:27)
    at Tools.Battle.join (/Users/clazinasteunenberg/Downloads/Pokemon-Showdown/battle-engine.js:3333:15)
    at Tools.Battle.receive (/Users/clazinasteunenberg/Downloads/Pokemon-Showdown/battle-engine.js:3390:9)
    at process.BattlePokemon.side (/Users/clazinasteunenberg/Downloads/Pokemon-Showdown/battle-engine.js:143:12)
    at process.EventEmitter.emit (events.js:98:17)
    at handleMessage (child_process.js:318:10)
    at Pipe.channel.onread (child_process.js:345:11)

Additional information:
message = battle-doubleschallengecup-17|join|p1|Snaquaza|101
currentRequest = 

Log:
|html|<div class="broadcast-red"><b>The battle crashed</b><br />You can keep playing but it might crash again.</div>
|html|<div class="broadcast-red"><b>The battle crashed</b><br />You can keep playing but it might crash again.</div>
|html|<div class="broadcast-red"><b>The battle crashed</b><br />You can keep playing but it might crash again.</div>
|html|<div class="broadcast-red"><b>The battle crashed</b><br />You can keep playing but it might crash again.</div>
|html|<div class="broadcast-red"><b>The battle crashed</b><br />You can keep playing but it might crash again.</div>
|html|<div class="broadcast-red"><b>The battle crashed</b><br />You can keep playing but it might crash again.</div>
|html|<div class="broadcast-red"><b>The battle crashed</b><br />You can keep playing but it might crash again.</div>
|html|<div class="broadcast-red"><b>The battle crashed</b><br />You can keep playing but it might crash again.</div>
|html|<div class="broadcast-red"><b>The battle crashed</b><br />You can keep playing but it might crash again.</div>
|html|<div class="broadcast-red"><b>The battle crashed</b><br />You can keep playing but it might crash again.</div>
|html|<div class="broadcast-red"><b>The battle crashed</b><br />You can keep playing but it might crash again.</div>
|html|<div class="broadcast-red"><b>The battle crashed</b><br />You can keep playing but it might crash again.</div>
|html|<div class="broadcast-red"><b>The battle crashed</b><br />You can keep playing but it might crash again.</div>
|html|<div class="broadcast-red"><b>The battle crashed</b><br />You can keep playing but it might crash again.</div>
|html|<div class="broadcast-red"><b>The battle crashed</b><br />You can keep playing but it might crash again.</div>

TypeError: Cannot read property 'isActive' of null
    at Tools.Battle.makeRequest (/Users/clazinasteunenberg/Downloads/Pokemon-Showdown/battle-engine.js:1943:15)
    at process.BattlePokemon.side (/Users/clazinasteunenberg/Downloads/Pokemon-Showdown/battle-engine.js:157:13)
    at process.EventEmitter.emit (events.js:98:17)
    at handleMessage (child_process.js:318:10)
    at Pipe.channel.onread (child_process.js:345:11)

TypeError: Cannot read property 'hp' of undefined
    at Tools.exports.BattleScripts.randomCCTeam (/Users/clazinasteunenberg/Downloads/Pokemon-Showdown/data/scripts.js:528:21)
    at Tools.exports.BattleScripts.getTeam (/Users/clazinasteunenberg/Downloads/Pokemon-Showdown/data/scripts.js:485:35)
    at new BattleSide (/Users/clazinasteunenberg/Downloads/Pokemon-Showdown/battle-engine.js:1096:27)
    at Tools.Battle.join (/Users/clazinasteunenberg/Downloads/Pokemon-Showdown/battle-engine.js:3333:15)
    at Tools.Battle.receive (/Users/clazinasteunenberg/Downloads/Pokemon-Showdown/battle-engine.js:3390:9)
    at process.BattlePokemon.side (/Users/clazinasteunenberg/Downloads/Pokemon-Showdown/battle-engine.js:143:12)
    at process.EventEmitter.emit (events.js:98:17)
    at handleMessage (child_process.js:318:10)
    at Pipe.channel.onread (child_process.js:345:11)

Additional information:
message = battle-doubleschallengecup-17|join|p1|Snaquaza|101
currentRequest = 

Log:
|html|<div class="broadcast-red"><b>The battle crashed</b><br />You can keep playing but it might crash again.</div>
|html|<div class="broadcast-red"><b>The battle crashed</b><br />You can keep playing but it might crash again.</div>
|html|<div class="broadcast-red"><b>The battle crashed</b><br />You can keep playing but it might crash again.</div>
|html|<div class="broadcast-red"><b>The battle crashed</b><br />You can keep playing but it might crash again.</div>
|html|<div class="broadcast-red"><b>The battle crashed</b><br />You can keep playing but it might crash again.</div>
|html|<div class="broadcast-red"><b>The battle crashed</b><br />You can keep playing but it might crash again.</div>
|html|<div class="broadcast-red"><b>The battle crashed</b><br />You can keep playing but it might crash again.</div>
|html|<div class="broadcast-red"><b>The battle crashed</b><br />You can keep playing but it might crash again.</div>
|html|<div class="broadcast-red"><b>The battle crashed</b><br />You can keep playing but it might crash again.</div>
|html|<div class="broadcast-red"><b>The battle crashed</b><br />You can keep playing but it might crash again.</div>
|html|<div class="broadcast-red"><b>The battle crashed</b><br />You can keep playing but it might crash again.</div>
|html|<div class="broadcast-red"><b>The battle crashed</b><br />You can keep playing but it might crash again.</div>
|html|<div class="broadcast-red"><b>The battle crashed</b><br />You can keep playing but it might crash again.</div>
|html|<div class="broadcast-red"><b>The battle crashed</b><br />You can keep playing but it might crash again.</div>
|html|<div class="broadcast-red"><b>The battle crashed</b><br />You can keep playing but it might crash again.</div>
|html|<div class="broadcast-red"><b>The battle crashed</b><br />You can keep playing but it might crash again.</div>

TypeError: Cannot read property 'isActive' of null
    at Tools.Battle.makeRequest (/Users/clazinasteunenberg/Downloads/Pokemon-Showdown/battle-engine.js:1943:15)
    at process.BattlePokemon.side (/Users/clazinasteunenberg/Downloads/Pokemon-Showdown/battle-engine.js:157:13)
    at process.EventEmitter.emit (events.js:98:17)
    at handleMessage (child_process.js:318:10)
    at Pipe.channel.onread (child_process.js:345:11)

TypeError: Cannot read property 'hp' of undefined
    at Tools.exports.BattleScripts.randomCCTeam (/Users/clazinasteunenberg/Downloads/Pokemon-Showdown/data/scripts.js:528:21)
    at Tools.exports.BattleScripts.getTeam (/Users/clazinasteunenberg/Downloads/Pokemon-Showdown/data/scripts.js:485:35)
    at new BattleSide (/Users/clazinasteunenberg/Downloads/Pokemon-Showdown/battle-engine.js:1096:27)
    at Tools.Battle.join (/Users/clazinasteunenberg/Downloads/Pokemon-Showdown/battle-engine.js:3333:15)
    at Tools.Battle.receive (/Users/clazinasteunenberg/Downloads/Pokemon-Showdown/battle-engine.js:3390:9)
    at process.BattlePokemon.side (/Users/clazinasteunenberg/Downloads/Pokemon-Showdown/battle-engine.js:143:12)
    at process.EventEmitter.emit (events.js:98:17)
    at handleMessage (child_process.js:318:10)
    at Pipe.channel.onread (child_process.js:345:11)

Additional information:
message = battle-doubleschallengecup-17|join|p1|Snaquaza|101
currentRequest = 

Log:
|html|<div class="broadcast-red"><b>The battle crashed</b><br />You can keep playing but it might crash again.</div>
|html|<div class="broadcast-red"><b>The battle crashed</b><br />You can keep playing but it might crash again.</div>
|html|<div class="broadcast-red"><b>The battle crashed</b><br />You can keep playing but it might crash again.</div>
|html|<div class="broadcast-red"><b>The battle crashed</b><br />You can keep playing but it might crash again.</div>
|html|<div class="broadcast-red"><b>The battle crashed</b><br />You can keep playing but it might crash again.</div>
|html|<div class="broadcast-red"><b>The battle crashed</b><br />You can keep playing but it might crash again.</div>
|html|<div class="broadcast-red"><b>The battle crashed</b><br />You can keep playing but it might crash again.</div>
|html|<div class="broadcast-red"><b>The battle crashed</b><br />You can keep playing but it might crash again.</div>
|html|<div class="broadcast-red"><b>The battle crashed</b><br />You can keep playing but it might crash again.</div>
|html|<div class="broadcast-red"><b>The battle crashed</b><br />You can keep playing but it might crash again.</div>
|html|<div class="broadcast-red"><b>The battle crashed</b><br />You can keep playing but it might crash again.</div>
|html|<div class="broadcast-red"><b>The battle crashed</b><br />You can keep playing but it might crash again.</div>
|html|<div class="broadcast-red"><b>The battle crashed</b><br />You can keep playing but it might crash again.</div>
|html|<div class="broadcast-red"><b>The battle crashed</b><br />You can keep playing but it might crash again.</div>
|html|<div class="broadcast-red"><b>The battle crashed</b><br />You can keep playing but it might crash again.</div>
|html|<div class="broadcast-red"><b>The battle crashed</b><br />You can keep playing but it might crash again.</div>
|html|<div class="broadcast-red"><b>The battle crashed</b><br />You can keep playing but it might crash again.</div>

TypeError: Cannot read property 'isActive' of null
    at Tools.Battle.makeRequest (/Users/clazinasteunenberg/Downloads/Pokemon-Showdown/battle-engine.js:1943:15)
    at process.BattlePokemon.side (/Users/clazinasteunenberg/Downloads/Pokemon-Showdown/battle-engine.js:157:13)
    at process.EventEmitter.emit (events.js:98:17)
    at handleMessage (child_process.js:318:10)
    at Pipe.channel.onread (child_process.js:345:11)

TypeError: Cannot read property 'hp' of undefined
    at Tools.exports.BattleScripts.randomCCTeam (/Users/clazinasteunenberg/Downloads/Pokemon-Showdown/data/scripts.js:528:21)
    at Tools.exports.BattleScripts.getTeam (/Users/clazinasteunenberg/Downloads/Pokemon-Showdown/data/scripts.js:485:35)
    at new BattleSide (/Users/clazinasteunenberg/Downloads/Pokemon-Showdown/battle-engine.js:1096:27)
    at Tools.Battle.join (/Users/clazinasteunenberg/Downloads/Pokemon-Showdown/battle-engine.js:3333:15)
    at Tools.Battle.receive (/Users/clazinasteunenberg/Downloads/Pokemon-Showdown/battle-engine.js:3390:9)
    at process.BattlePokemon.side (/Users/clazinasteunenberg/Downloads/Pokemon-Showdown/battle-engine.js:143:12)
    at process.EventEmitter.emit (events.js:98:17)
    at handleMessage (child_process.js:318:10)
    at Pipe.channel.onread (child_process.js:345:11)

Additional information:
message = battle-doubleschallengecup-17|join|p1|Snaquaza|101
currentRequest = 

Log:
|html|<div class="broadcast-red"><b>The battle crashed</b><br />You can keep playing but it might crash again.</div>
|html|<div class="broadcast-red"><b>The battle crashed</b><br />You can keep playing but it might crash again.</div>
|html|<div class="broadcast-red"><b>The battle crashed</b><br />You can keep playing but it might crash again.</div>
|html|<div class="broadcast-red"><b>The battle crashed</b><br />You can keep playing but it might crash again.</div>
|html|<div class="broadcast-red"><b>The battle crashed</b><br />You can keep playing but it might crash again.</div>
|html|<div class="broadcast-red"><b>The battle crashed</b><br />You can keep playing but it might crash again.</div>
|html|<div class="broadcast-red"><b>The battle crashed</b><br />You can keep playing but it might crash again.</div>
|html|<div class="broadcast-red"><b>The battle crashed</b><br />You can keep playing but it might crash again.</div>
|html|<div class="broadcast-red"><b>The battle crashed</b><br />You can keep playing but it might crash again.</div>
|html|<div class="broadcast-red"><b>The battle crashed</b><br />You can keep playing but it might crash again.</div>
|html|<div class="broadcast-red"><b>The battle crashed</b><br />You can keep playing but it might crash again.</div>
|html|<div class="broadcast-red"><b>The battle crashed</b><br />You can keep playing but it might crash again.</div>
|html|<div class="broadcast-red"><b>The battle crashed</b><br />You can keep playing but it might crash again.</div>
|html|<div class="broadcast-red"><b>The battle crashed</b><br />You can keep playing but it might crash again.</div>
|html|<div class="broadcast-red"><b>The battle crashed</b><br />You can keep playing but it might crash again.</div>
|html|<div class="broadcast-red"><b>The battle crashed</b><br />You can keep playing but it might crash again.</div>
|html|<div class="broadcast-red"><b>The battle crashed</b><br />You can keep playing but it might crash again.</div>
|html|<div class="broadcast-red"><b>The battle crashed</b><br />You can keep playing but it might crash again.</div>

TypeError: Cannot read property 'isActive' of null
    at Tools.Battle.makeRequest (/Users/clazinasteunenberg/Downloads/Pokemon-Showdown/battle-engine.js:1943:15)
    at process.BattlePokemon.side (/Users/clazinasteunenberg/Downloads/Pokemon-Showdown/battle-engine.js:157:13)
    at process.EventEmitter.emit (events.js:98:17)
    at handleMessage (child_process.js:318:10)
    at Pipe.channel.onread (child_process.js:345:11)

TypeError: Cannot read property 'hp' of undefined
    at Tools.exports.BattleScripts.randomCCTeam (/Users/clazinasteunenberg/Downloads/Pokemon-Showdown/data/scripts.js:528:21)
    at Tools.exports.BattleScripts.getTeam (/Users/clazinasteunenberg/Downloads/Pokemon-Showdown/data/scripts.js:485:35)
    at new BattleSide (/Users/clazinasteunenberg/Downloads/Pokemon-Showdown/battle-engine.js:1096:27)
    at Tools.Battle.join (/Users/clazinasteunenberg/Downloads/Pokemon-Showdown/battle-engine.js:3333:15)
    at Tools.Battle.receive (/Users/clazinasteunenberg/Downloads/Pokemon-Showdown/battle-engine.js:3390:9)
    at process.BattlePokemon.side (/Users/clazinasteunenberg/Downloads/Pokemon-Showdown/battle-engine.js:143:12)
    at process.EventEmitter.emit (events.js:98:17)
    at handleMessage (child_process.js:318:10)
    at Pipe.channel.onread (child_process.js:345:11)

Additional information:
message = battle-doubleschallengecup-17|join|p1|Snaquaza|101
currentRequest = 

Log:
|html|<div class="broadcast-red"><b>The battle crashed</b><br />You can keep playing but it might crash again.</div>
|html|<div class="broadcast-red"><b>The battle crashed</b><br />You can keep playing but it might crash again.</div>
|html|<div class="broadcast-red"><b>The battle crashed</b><br />You can keep playing but it might crash again.</div>
|html|<div class="broadcast-red"><b>The battle crashed</b><br />You can keep playing but it might crash again.</div>
|html|<div class="broadcast-red"><b>The battle crashed</b><br />You can keep playing but it might crash again.</div>
|html|<div class="broadcast-red"><b>The battle crashed</b><br />You can keep playing but it might crash again.</div>
|html|<div class="broadcast-red"><b>The battle crashed</b><br />You can keep playing but it might crash again.</div>
|html|<div class="broadcast-red"><b>The battle crashed</b><br />You can keep playing but it might crash again.</div>
|html|<div class="broadcast-red"><b>The battle crashed</b><br />You can keep playing but it might crash again.</div>
|html|<div class="broadcast-red"><b>The battle crashed</b><br />You can keep playing but it might crash again.</div>
|html|<div class="broadcast-red"><b>The battle crashed</b><br />You can keep playing but it might crash again.</div>
|html|<div class="broadcast-red"><b>The battle crashed</b><br />You can keep playing but it might crash again.</div>
|html|<div class="broadcast-red"><b>The battle crashed</b><br />You can keep playing but it might crash again.</div>
|html|<div class="broadcast-red"><b>The battle crashed</b><br />You can keep playing but it might crash again.</div>
|html|<div class="broadcast-red"><b>The battle crashed</b><br />You can keep playing but it might crash again.</div>
|html|<div class="broadcast-red"><b>The battle crashed</b><br />You can keep playing but it might crash again.</div>
|html|<div class="broadcast-red"><b>The battle crashed</b><br />You can keep playing but it might crash again.</div>
|html|<div class="broadcast-red"><b>The battle crashed</b><br />You can keep playing but it might crash again.</div>
|html|<div class="broadcast-red"><b>The battle crashed</b><br />You can keep playing but it might crash again.</div>

TypeError: Cannot read property 'isActive' of null
    at Tools.Battle.makeRequest (/Users/clazinasteunenberg/Downloads/Pokemon-Showdown/battle-engine.js:1943:15)
    at process.BattlePokemon.side (/Users/clazinasteunenberg/Downloads/Pokemon-Showdown/battle-engine.js:157:13)
    at process.EventEmitter.emit (events.js:98:17)
    at handleMessage (child_process.js:318:10)
    at Pipe.channel.onread (child_process.js:345:11)

TypeError: Cannot read property 'hp' of undefined
    at Tools.exports.BattleScripts.randomCCTeam (/Users/clazinasteunenberg/Downloads/Pokemon-Showdown/data/scripts.js:528:21)
    at Tools.exports.BattleScripts.getTeam (/Users/clazinasteunenberg/Downloads/Pokemon-Showdown/data/scripts.js:485:35)
    at new BattleSide (/Users/clazinasteunenberg/Downloads/Pokemon-Showdown/battle-engine.js:1096:27)
    at Tools.Battle.join (/Users/clazinasteunenberg/Downloads/Pokemon-Showdown/battle-engine.js:3333:15)
    at Tools.Battle.receive (/Users/clazinasteunenberg/Downloads/Pokemon-Showdown/battle-engine.js:3390:9)
    at process.BattlePokemon.side (/Users/clazinasteunenberg/Downloads/Pokemon-Showdown/battle-engine.js:143:12)
    at process.EventEmitter.emit (events.js:98:17)
    at handleMessage (child_process.js:318:10)
    at Pipe.channel.onread (child_process.js:345:11)

Additional information:
message = battle-doubleschallengecup-17|join|p1|Snaquaza|101
currentRequest = 

Log:
|html|<div class="broadcast-red"><b>The battle crashed</b><br />You can keep playing but it might crash again.</div>
|html|<div class="broadcast-red"><b>The battle crashed</b><br />You can keep playing but it might crash again.</div>
|html|<div class="broadcast-red"><b>The battle crashed</b><br />You can keep playing but it might crash again.</div>
|html|<div class="broadcast-red"><b>The battle crashed</b><br />You can keep playing but it might crash again.</div>
|html|<div class="broadcast-red"><b>The battle crashed</b><br />You can keep playing but it might crash again.</div>
|html|<div class="broadcast-red"><b>The battle crashed</b><br />You can keep playing but it might crash again.</div>
|html|<div class="broadcast-red"><b>The battle crashed</b><br />You can keep playing but it might crash again.</div>
|html|<div class="broadcast-red"><b>The battle crashed</b><br />You can keep playing but it might crash again.</div>
|html|<div class="broadcast-red"><b>The battle crashed</b><br />You can keep playing but it might crash again.</div>
|html|<div class="broadcast-red"><b>The battle crashed</b><br />You can keep playing but it might crash again.</div>
|html|<div class="broadcast-red"><b>The battle crashed</b><br />You can keep playing but it might crash again.</div>
|html|<div class="broadcast-red"><b>The battle crashed</b><br />You can keep playing but it might crash again.</div>
|html|<div class="broadcast-red"><b>The battle crashed</b><br />You can keep playing but it might crash again.</div>
|html|<div class="broadcast-red"><b>The battle crashed</b><br />You can keep playing but it might crash again.</div>
|html|<div class="broadcast-red"><b>The battle crashed</b><br />You can keep playing but it might crash again.</div>
|html|<div class="broadcast-red"><b>The battle crashed</b><br />You can keep playing but it might crash again.</div>
|html|<div class="broadcast-red"><b>The battle crashed</b><br />You can keep playing but it might crash again.</div>
|html|<div class="broadcast-red"><b>The battle crashed</b><br />You can keep playing but it might crash again.</div>
|html|<div class="broadcast-red"><b>The battle crashed</b><br />You can keep playing but it might crash again.</div>
|html|<div class="broadcast-red"><b>The battle crashed</b><br />You can keep playing but it might crash again.</div>

TypeError: Cannot read property 'isActive' of null
    at Tools.Battle.makeRequest (/Users/clazinasteunenberg/Downloads/Pokemon-Showdown/battle-engine.js:1943:15)
    at process.BattlePokemon.side (/Users/clazinasteunenberg/Downloads/Pokemon-Showdown/battle-engine.js:157:13)
    at process.EventEmitter.emit (events.js:98:17)
    at handleMessage (child_process.js:318:10)
    at Pipe.channel.onread (child_process.js:345:11)

TypeError: Cannot read property 'hp' of undefined
    at Tools.exports.BattleScripts.randomCCTeam (/Users/clazinasteunenberg/Downloads/Pokemon-Showdown/data/scripts.js:528:21)
    at Tools.exports.BattleScripts.getTeam (/Users/clazinasteunenberg/Downloads/Pokemon-Showdown/data/scripts.js:485:35)
    at new BattleSide (/Users/clazinasteunenberg/Downloads/Pokemon-Showdown/battle-engine.js:1096:27)
    at Tools.Battle.join (/Users/clazinasteunenberg/Downloads/Pokemon-Showdown/battle-engine.js:3333:15)
    at Tools.Battle.receive (/Users/clazinasteunenberg/Downloads/Pokemon-Showdown/battle-engine.js:3390:9)
    at process.BattlePokemon.side (/Users/clazinasteunenberg/Downloads/Pokemon-Showdown/battle-engine.js:143:12)
    at process.EventEmitter.emit (events.js:98:17)
    at handleMessage (child_process.js:318:10)
    at Pipe.channel.onread (child_process.js:345:11)

Additional information:
message = battle-doubleschallengecup-17|join|p1|Snaquaza|101
currentRequest = 

Log:
|html|<div class="broadcast-red"><b>The battle crashed</b><br />You can keep playing but it might crash again.</div>
|html|<div class="broadcast-red"><b>The battle crashed</b><br />You can keep playing but it might crash again.</div>
|html|<div class="broadcast-red"><b>The battle crashed</b><br />You can keep playing but it might crash again.</div>
|html|<div class="broadcast-red"><b>The battle crashed</b><br />You can keep playing but it might crash again.</div>
|html|<div class="broadcast-red"><b>The battle crashed</b><br />You can keep playing but it might crash again.</div>
|html|<div class="broadcast-red"><b>The battle crashed</b><br />You can keep playing but it might crash again.</div>
|html|<div class="broadcast-red"><b>The battle crashed</b><br />You can keep playing but it might crash again.</div>
|html|<div class="broadcast-red"><b>The battle crashed</b><br />You can keep playing but it might crash again.</div>
|html|<div class="broadcast-red"><b>The battle crashed</b><br />You can keep playing but it might crash again.</div>
|html|<div class="broadcast-red"><b>The battle crashed</b><br />You can keep playing but it might crash again.</div>
|html|<div class="broadcast-red"><b>The battle crashed</b><br />You can keep playing but it might crash again.</div>
|html|<div class="broadcast-red"><b>The battle crashed</b><br />You can keep playing but it might crash again.</div>
|html|<div class="broadcast-red"><b>The battle crashed</b><br />You can keep playing but it might crash again.</div>
|html|<div class="broadcast-red"><b>The battle crashed</b><br />You can keep playing but it might crash again.</div>
|html|<div class="broadcast-red"><b>The battle crashed</b><br />You can keep playing but it might crash again.</div>
|html|<div class="broadcast-red"><b>The battle crashed</b><br />You can keep playing but it might crash again.</div>
|html|<div class="broadcast-red"><b>The battle crashed</b><br />You can keep playing but it might crash again.</div>
|html|<div class="broadcast-red"><b>The battle crashed</b><br />You can keep playing but it might crash again.</div>
|html|<div class="broadcast-red"><b>The battle crashed</b><br />You can keep playing but it might crash again.</div>
|html|<div class="broadcast-red"><b>The battle crashed</b><br />You can keep playing but it might crash again.</div>
|html|<div class="broadcast-red"><b>The battle crashed</b><br />You can keep playing but it might crash again.</div>

TypeError: Cannot read property 'isActive' of null
    at Tools.Battle.makeRequest (/Users/clazinasteunenberg/Downloads/Pokemon-Showdown/battle-engine.js:1943:15)
    at process.BattlePokemon.side (/Users/clazinasteunenberg/Downloads/Pokemon-Showdown/battle-engine.js:157:13)
    at process.EventEmitter.emit (events.js:98:17)
    at handleMessage (child_process.js:318:10)
    at Pipe.channel.onread (child_process.js:345:11)

TypeError: Cannot read property 'hp' of undefined
    at Tools.exports.BattleScripts.randomCCTeam (/Users/clazinasteunenberg/Downloads/Pokemon-Showdown/data/scripts.js:528:21)
    at Tools.exports.BattleScripts.getTeam (/Users/clazinasteunenberg/Downloads/Pokemon-Showdown/data/scripts.js:485:35)
    at new BattleSide (/Users/clazinasteunenberg/Downloads/Pokemon-Showdown/battle-engine.js:1096:27)
    at Tools.Battle.join (/Users/clazinasteunenberg/Downloads/Pokemon-Showdown/battle-engine.js:3333:15)
    at Tools.Battle.receive (/Users/clazinasteunenberg/Downloads/Pokemon-Showdown/battle-engine.js:3390:9)
    at process.BattlePokemon.side (/Users/clazinasteunenberg/Downloads/Pokemon-Showdown/battle-engine.js:143:12)
    at process.EventEmitter.emit (events.js:98:17)
    at handleMessage (child_process.js:318:10)
    at Pipe.channel.onread (child_process.js:345:11)

Additional information:
message = battle-doubleschallengecup-17|join|p1|Snaquaza|101
currentRequest = 

Log:
|html|<div class="broadcast-red"><b>The battle crashed</b><br />You can keep playing but it might crash again.</div>
|html|<div class="broadcast-red"><b>The battle crashed</b><br />You can keep playing but it might crash again.</div>
|html|<div class="broadcast-red"><b>The battle crashed</b><br />You can keep playing but it might crash again.</div>
|html|<div class="broadcast-red"><b>The battle crashed</b><br />You can keep playing but it might crash again.</div>
|html|<div class="broadcast-red"><b>The battle crashed</b><br />You can keep playing but it might crash again.</div>
|html|<div class="broadcast-red"><b>The battle crashed</b><br />You can keep playing but it might crash again.</div>
|html|<div class="broadcast-red"><b>The battle crashed</b><br />You can keep playing but it might crash again.</div>
|html|<div class="broadcast-red"><b>The battle crashed</b><br />You can keep playing but it might crash again.</div>
|html|<div class="broadcast-red"><b>The battle crashed</b><br />You can keep playing but it might crash again.</div>
|html|<div class="broadcast-red"><b>The battle crashed</b><br />You can keep playing but it might crash again.</div>
|html|<div class="broadcast-red"><b>The battle crashed</b><br />You can keep playing but it might crash again.</div>
|html|<div class="broadcast-red"><b>The battle crashed</b><br />You can keep playing but it might crash again.</div>
|html|<div class="broadcast-red"><b>The battle crashed</b><br />You can keep playing but it might crash again.</div>
|html|<div class="broadcast-red"><b>The battle crashed</b><br />You can keep playing but it might crash again.</div>
|html|<div class="broadcast-red"><b>The battle crashed</b><br />You can keep playing but it might crash again.</div>
|html|<div class="broadcast-red"><b>The battle crashed</b><br />You can keep playing but it might crash again.</div>
|html|<div class="broadcast-red"><b>The battle crashed</b><br />You can keep playing but it might crash again.</div>
|html|<div class="broadcast-red"><b>The battle crashed</b><br />You can keep playing but it might crash again.</div>
|html|<div class="broadcast-red"><b>The battle crashed</b><br />You can keep playing but it might crash again.</div>
|html|<div class="broadcast-red"><b>The battle crashed</b><br />You can keep playing but it might crash again.</div>
|html|<div class="broadcast-red"><b>The battle crashed</b><br />You can keep playing but it might crash again.</div>
|html|<div class="broadcast-red"><b>The battle crashed</b><br />You can keep playing but it might crash again.</div>

TypeError: Cannot read property 'isActive' of null
    at Tools.Battle.makeRequest (/Users/clazinasteunenberg/Downloads/Pokemon-Showdown/battle-engine.js:1943:15)
    at process.BattlePokemon.side (/Users/clazinasteunenberg/Downloads/Pokemon-Showdown/battle-engine.js:157:13)
    at process.EventEmitter.emit (events.js:98:17)
    at handleMessage (child_process.js:318:10)
    at Pipe.channel.onread (child_process.js:345:11)

TypeError: Cannot read property 'hp' of undefined
    at Tools.exports.BattleScripts.randomCCTeam (/Users/clazinasteunenberg/Downloads/Pokemon-Showdown/data/scripts.js:528:21)
    at Tools.exports.BattleScripts.getTeam (/Users/clazinasteunenberg/Downloads/Pokemon-Showdown/data/scripts.js:485:35)
    at new BattleSide (/Users/clazinasteunenberg/Downloads/Pokemon-Showdown/battle-engine.js:1096:27)
    at Tools.Battle.join (/Users/clazinasteunenberg/Downloads/Pokemon-Showdown/battle-engine.js:3333:15)
    at Tools.Battle.receive (/Users/clazinasteunenberg/Downloads/Pokemon-Showdown/battle-engine.js:3390:9)
    at process.BattlePokemon.side (/Users/clazinasteunenberg/Downloads/Pokemon-Showdown/battle-engine.js:143:12)
    at process.EventEmitter.emit (events.js:98:17)
    at handleMessage (child_process.js:318:10)
    at Pipe.channel.onread (child_process.js:345:11)

Additional information:
message = battle-doubleschallengecup-17|join|p1|Snaquaza|101
currentRequest = 

Log:
|html|<div class="broadcast-red"><b>The battle crashed</b><br />You can keep playing but it might crash again.</div>
|html|<div class="broadcast-red"><b>The battle crashed</b><br />You can keep playing but it might crash again.</div>
|html|<div class="broadcast-red"><b>The battle crashed</b><br />You can keep playing but it might crash again.</div>
|html|<div class="broadcast-red"><b>The battle crashed</b><br />You can keep playing but it might crash again.</div>
|html|<div class="broadcast-red"><b>The battle crashed</b><br />You can keep playing but it might crash again.</div>
|html|<div class="broadcast-red"><b>The battle crashed</b><br />You can keep playing but it might crash again.</div>
|html|<div class="broadcast-red"><b>The battle crashed</b><br />You can keep playing but it might crash again.</div>
|html|<div class="broadcast-red"><b>The battle crashed</b><br />You can keep playing but it might crash again.</div>
|html|<div class="broadcast-red"><b>The battle crashed</b><br />You can keep playing but it might crash again.</div>
|html|<div class="broadcast-red"><b>The battle crashed</b><br />You can keep playing but it might crash again.</div>
|html|<div class="broadcast-red"><b>The battle crashed</b><br />You can keep playing but it might crash again.</div>
|html|<div class="broadcast-red"><b>The battle crashed</b><br />You can keep playing but it might crash again.</div>
|html|<div class="broadcast-red"><b>The battle crashed</b><br />You can keep playing but it might crash again.</div>
|html|<div class="broadcast-red"><b>The battle crashed</b><br />You can keep playing but it might crash again.</div>
|html|<div class="broadcast-red"><b>The battle crashed</b><br />You can keep playing but it might crash again.</div>
|html|<div class="broadcast-red"><b>The battle crashed</b><br />You can keep playing but it might crash again.</div>
|html|<div class="broadcast-red"><b>The battle crashed</b><br />You can keep playing but it might crash again.</div>
|html|<div class="broadcast-red"><b>The battle crashed</b><br />You can keep playing but it might crash again.</div>
|html|<div class="broadcast-red"><b>The battle crashed</b><br />You can keep playing but it might crash again.</div>
|html|<div class="broadcast-red"><b>The battle crashed</b><br />You can keep playing but it might crash again.</div>
|html|<div class="broadcast-red"><b>The battle crashed</b><br />You can keep playing but it might crash again.</div>
|html|<div class="broadcast-red"><b>The battle crashed</b><br />You can keep playing but it might crash again.</div>
|html|<div class="broadcast-red"><b>The battle crashed</b><br />You can keep playing but it might crash again.</div>

TypeError: Cannot read property 'isActive' of null
    at Tools.Battle.makeRequest (/Users/clazinasteunenberg/Downloads/Pokemon-Showdown/battle-engine.js:1943:15)
    at process.BattlePokemon.side (/Users/clazinasteunenberg/Downloads/Pokemon-Showdown/battle-engine.js:157:13)
    at process.EventEmitter.emit (events.js:98:17)
    at handleMessage (child_process.js:318:10)
    at Pipe.channel.onread (child_process.js:345:11)

TypeError: Cannot read property 'hp' of undefined
    at Tools.exports.BattleScripts.randomCCTeam (/Users/clazinasteunenberg/Downloads/Pokemon-Showdown/data/scripts.js:528:21)
    at Tools.exports.BattleScripts.getTeam (/Users/clazinasteunenberg/Downloads/Pokemon-Showdown/data/scripts.js:485:35)
    at new BattleSide (/Users/clazinasteunenberg/Downloads/Pokemon-Showdown/battle-engine.js:1096:27)
    at Tools.Battle.join (/Users/clazinasteunenberg/Downloads/Pokemon-Showdown/battle-engine.js:3333:15)
    at Tools.Battle.receive (/Users/clazinasteunenberg/Downloads/Pokemon-Showdown/battle-engine.js:3390:9)
    at process.BattlePokemon.side (/Users/clazinasteunenberg/Downloads/Pokemon-Showdown/battle-engine.js:143:12)
    at process.EventEmitter.emit (events.js:98:17)
    at handleMessage (child_process.js:318:10)
    at Pipe.channel.onread (child_process.js:345:11)

Additional information:
message = battle-doubleschallengecup-17|join|p1|Snaquaza|101
currentRequest = 

Log:
|html|<div class="broadcast-red"><b>The battle crashed</b><br />You can keep playing but it might crash again.</div>
|html|<div class="broadcast-red"><b>The battle crashed</b><br />You can keep playing but it might crash again.</div>
|html|<div class="broadcast-red"><b>The battle crashed</b><br />You can keep playing but it might crash again.</div>
|html|<div class="broadcast-red"><b>The battle crashed</b><br />You can keep playing but it might crash again.</div>
|html|<div class="broadcast-red"><b>The battle crashed</b><br />You can keep playing but it might crash again.</div>
|html|<div class="broadcast-red"><b>The battle crashed</b><br />You can keep playing but it might crash again.</div>
|html|<div class="broadcast-red"><b>The battle crashed</b><br />You can keep playing but it might crash again.</div>
|html|<div class="broadcast-red"><b>The battle crashed</b><br />You can keep playing but it might crash again.</div>
|html|<div class="broadcast-red"><b>The battle crashed</b><br />You can keep playing but it might crash again.</div>
|html|<div class="broadcast-red"><b>The battle crashed</b><br />You can keep playing but it might crash again.</div>
|html|<div class="broadcast-red"><b>The battle crashed</b><br />You can keep playing but it might crash again.</div>
|html|<div class="broadcast-red"><b>The battle crashed</b><br />You can keep playing but it might crash again.</div>
|html|<div class="broadcast-red"><b>The battle crashed</b><br />You can keep playing but it might crash again.</div>
|html|<div class="broadcast-red"><b>The battle crashed</b><br />You can keep playing but it might crash again.</div>
|html|<div class="broadcast-red"><b>The battle crashed</b><br />You can keep playing but it might crash again.</div>
|html|<div class="broadcast-red"><b>The battle crashed</b><br />You can keep playing but it might crash again.</div>
|html|<div class="broadcast-red"><b>The battle crashed</b><br />You can keep playing but it might crash again.</div>
|html|<div class="broadcast-red"><b>The battle crashed</b><br />You can keep playing but it might crash again.</div>
|html|<div class="broadcast-red"><b>The battle crashed</b><br />You can keep playing but it might crash again.</div>
|html|<div class="broadcast-red"><b>The battle crashed</b><br />You can keep playing but it might crash again.</div>
|html|<div class="broadcast-red"><b>The battle crashed</b><br />You can keep playing but it might crash again.</div>
|html|<div class="broadcast-red"><b>The battle crashed</b><br />You can keep playing but it might crash again.</div>
|html|<div class="broadcast-red"><b>The battle crashed</b><br />You can keep playing but it might crash again.</div>
|html|<div class="broadcast-red"><b>The battle crashed</b><br />You can keep playing but it might crash again.</div>

TypeError: Cannot read property 'isActive' of null
    at Tools.Battle.makeRequest (/Users/clazinasteunenberg/Downloads/Pokemon-Showdown/battle-engine.js:1943:15)
    at process.BattlePokemon.side (/Users/clazinasteunenberg/Downloads/Pokemon-Showdown/battle-engine.js:157:13)
    at process.EventEmitter.emit (events.js:98:17)
    at handleMessage (child_process.js:318:10)
    at Pipe.channel.onread (child_process.js:345:11)

TypeError: Cannot read property 'hp' of undefined
    at Tools.exports.BattleScripts.randomCCTeam (/Users/clazinasteunenberg/Downloads/Pokemon-Showdown/data/scripts.js:528:21)
    at Tools.exports.BattleScripts.getTeam (/Users/clazinasteunenberg/Downloads/Pokemon-Showdown/data/scripts.js:485:35)
    at new BattleSide (/Users/clazinasteunenberg/Downloads/Pokemon-Showdown/battle-engine.js:1096:27)
    at Tools.Battle.join (/Users/clazinasteunenberg/Downloads/Pokemon-Showdown/battle-engine.js:3333:15)
    at Tools.Battle.receive (/Users/clazinasteunenberg/Downloads/Pokemon-Showdown/battle-engine.js:3390:9)
    at process.BattlePokemon.side (/Users/clazinasteunenberg/Downloads/Pokemon-Showdown/battle-engine.js:143:12)
    at process.EventEmitter.emit (events.js:98:17)
    at handleMessage (child_process.js:318:10)
    at Pipe.channel.onread (child_process.js:345:11)

Additional information:
message = battle-doubleschallengecup-17|join|p1|Snaquaza|101
currentRequest = 

Log:
|html|<div class="broadcast-red"><b>The battle crashed</b><br />You can keep playing but it might crash again.</div>
|html|<div class="broadcast-red"><b>The battle crashed</b><br />You can keep playing but it might crash again.</div>
|html|<div class="broadcast-red"><b>The battle crashed</b><br />You can keep playing but it might crash again.</div>
|html|<div class="broadcast-red"><b>The battle crashed</b><br />You can keep playing but it might crash again.</div>
|html|<div class="broadcast-red"><b>The battle crashed</b><br />You can keep playing but it might crash again.</div>
|html|<div class="broadcast-red"><b>The battle crashed</b><br />You can keep playing but it might crash again.</div>
|html|<div class="broadcast-red"><b>The battle crashed</b><br />You can keep playing but it might crash again.</div>
|html|<div class="broadcast-red"><b>The battle crashed</b><br />You can keep playing but it might crash again.</div>
|html|<div class="broadcast-red"><b>The battle crashed</b><br />You can keep playing but it might crash again.</div>
|html|<div class="broadcast-red"><b>The battle crashed</b><br />You can keep playing but it might crash again.</div>
|html|<div class="broadcast-red"><b>The battle crashed</b><br />You can keep playing but it might crash again.</div>
|html|<div class="broadcast-red"><b>The battle crashed</b><br />You can keep playing but it might crash again.</div>
|html|<div class="broadcast-red"><b>The battle crashed</b><br />You can keep playing but it might crash again.</div>
|html|<div class="broadcast-red"><b>The battle crashed</b><br />You can keep playing but it might crash again.</div>
|html|<div class="broadcast-red"><b>The battle crashed</b><br />You can keep playing but it might crash again.</div>
|html|<div class="broadcast-red"><b>The battle crashed</b><br />You can keep playing but it might crash again.</div>
|html|<div class="broadcast-red"><b>The battle crashed</b><br />You can keep playing but it might crash again.</div>
|html|<div class="broadcast-red"><b>The battle crashed</b><br />You can keep playing but it might crash again.</div>
|html|<div class="broadcast-red"><b>The battle crashed</b><br />You can keep playing but it might crash again.</div>
|html|<div class="broadcast-red"><b>The battle crashed</b><br />You can keep playing but it might crash again.</div>
|html|<div class="broadcast-red"><b>The battle crashed</b><br />You can keep playing but it might crash again.</div>
|html|<div class="broadcast-red"><b>The battle crashed</b><br />You can keep playing but it might crash again.</div>
|html|<div class="broadcast-red"><b>The battle crashed</b><br />You can keep playing but it might crash again.</div>
|html|<div class="broadcast-red"><b>The battle crashed</b><br />You can keep playing but it might crash again.</div>
|html|<div class="broadcast-red"><b>The battle crashed</b><br />You can keep playing but it might crash again.</div>

TypeError: Cannot read property 'isActive' of null
    at Tools.Battle.makeRequest (/Users/clazinasteunenberg/Downloads/Pokemon-Showdown/battle-engine.js:1943:15)
    at process.BattlePokemon.side (/Users/clazinasteunenberg/Downloads/Pokemon-Showdown/battle-engine.js:157:13)
    at process.EventEmitter.emit (events.js:98:17)
    at handleMessage (child_process.js:318:10)
    at Pipe.channel.onread (child_process.js:345:11)

TypeError: Cannot read property 'hp' of undefined
    at Tools.exports.BattleScripts.randomCCTeam (/Users/clazinasteunenberg/Downloads/Pokemon-Showdown/data/scripts.js:528:21)
    at Tools.exports.BattleScripts.getTeam (/Users/clazinasteunenberg/Downloads/Pokemon-Showdown/data/scripts.js:485:35)
    at new BattleSide (/Users/clazinasteunenberg/Downloads/Pokemon-Showdown/battle-engine.js:1096:27)
    at Tools.Battle.join (/Users/clazinasteunenberg/Downloads/Pokemon-Showdown/battle-engine.js:3333:15)
    at Tools.Battle.receive (/Users/clazinasteunenberg/Downloads/Pokemon-Showdown/battle-engine.js:3390:9)
    at process.BattlePokemon.side (/Users/clazinasteunenberg/Downloads/Pokemon-Showdown/battle-engine.js:143:12)
    at process.EventEmitter.emit (events.js:98:17)
    at handleMessage (child_process.js:318:10)
    at Pipe.channel.onread (child_process.js:345:11)

Additional information:
message = battle-doubleschallengecup-17|join|p1|Snaquaza|101
currentRequest = 

Log:
|html|<div class="broadcast-red"><b>The battle crashed</b><br />You can keep playing but it might crash again.</div>
|html|<div class="broadcast-red"><b>The battle crashed</b><br />You can keep playing but it might crash again.</div>
|html|<div class="broadcast-red"><b>The battle crashed</b><br />You can keep playing but it might crash again.</div>
|html|<div class="broadcast-red"><b>The battle crashed</b><br />You can keep playing but it might crash again.</div>
|html|<div class="broadcast-red"><b>The battle crashed</b><br />You can keep playing but it might crash again.</div>
|html|<div class="broadcast-red"><b>The battle crashed</b><br />You can keep playing but it might crash again.</div>
|html|<div class="broadcast-red"><b>The battle crashed</b><br />You can keep playing but it might crash again.</div>
|html|<div class="broadcast-red"><b>The battle crashed</b><br />You can keep playing but it might crash again.</div>
|html|<div class="broadcast-red"><b>The battle crashed</b><br />You can keep playing but it might crash again.</div>
|html|<div class="broadcast-red"><b>The battle crashed</b><br />You can keep playing but it might crash again.</div>
|html|<div class="broadcast-red"><b>The battle crashed</b><br />You can keep playing but it might crash again.</div>
|html|<div class="broadcast-red"><b>The battle crashed</b><br />You can keep playing but it might crash again.</div>
|html|<div class="broadcast-red"><b>The battle crashed</b><br />You can keep playing but it might crash again.</div>
|html|<div class="broadcast-red"><b>The battle crashed</b><br />You can keep playing but it might crash again.</div>
|html|<div class="broadcast-red"><b>The battle crashed</b><br />You can keep playing but it might crash again.</div>
|html|<div class="broadcast-red"><b>The battle crashed</b><br />You can keep playing but it might crash again.</div>
|html|<div class="broadcast-red"><b>The battle crashed</b><br />You can keep playing but it might crash again.</div>
|html|<div class="broadcast-red"><b>The battle crashed</b><br />You can keep playing but it might crash again.</div>
|html|<div class="broadcast-red"><b>The battle crashed</b><br />You can keep playing but it might crash again.</div>
|html|<div class="broadcast-red"><b>The battle crashed</b><br />You can keep playing but it might crash again.</div>
|html|<div class="broadcast-red"><b>The battle crashed</b><br />You can keep playing but it might crash again.</div>
|html|<div class="broadcast-red"><b>The battle crashed</b><br />You can keep playing but it might crash again.</div>
|html|<div class="broadcast-red"><b>The battle crashed</b><br />You can keep playing but it might crash again.</div>
|html|<div class="broadcast-red"><b>The battle crashed</b><br />You can keep playing but it might crash again.</div>
|html|<div class="broadcast-red"><b>The battle crashed</b><br />You can keep playing but it might crash again.</div>
|html|<div class="broadcast-red"><b>The battle crashed</b><br />You can keep playing but it might crash again.</div>

TypeError: Cannot read property 'isActive' of null
    at Tools.Battle.makeRequest (/Users/clazinasteunenberg/Downloads/Pokemon-Showdown/battle-engine.js:1943:15)
    at process.BattlePokemon.side (/Users/clazinasteunenberg/Downloads/Pokemon-Showdown/battle-engine.js:157:13)
    at process.EventEmitter.emit (events.js:98:17)
    at handleMessage (child_process.js:318:10)
    at Pipe.channel.onread (child_process.js:345:11)

TypeError: Cannot read property 'hp' of undefined
    at Tools.exports.BattleScripts.randomCCTeam (/Users/clazinasteunenberg/Downloads/Pokemon-Showdown/data/scripts.js:528:21)
    at Tools.exports.BattleScripts.getTeam (/Users/clazinasteunenberg/Downloads/Pokemon-Showdown/data/scripts.js:485:35)
    at new BattleSide (/Users/clazinasteunenberg/Downloads/Pokemon-Showdown/battle-engine.js:1096:27)
    at Tools.Battle.join (/Users/clazinasteunenberg/Downloads/Pokemon-Showdown/battle-engine.js:3333:15)
    at Tools.Battle.receive (/Users/clazinasteunenberg/Downloads/Pokemon-Showdown/battle-engine.js:3390:9)
    at process.BattlePokemon.side (/Users/clazinasteunenberg/Downloads/Pokemon-Showdown/battle-engine.js:143:12)
    at process.EventEmitter.emit (events.js:98:17)
    at handleMessage (child_process.js:318:10)
    at Pipe.channel.onread (child_process.js:345:11)

Additional information:
message = battle-doubleschallengecup-17|join|p1|Snaquaza|101
currentRequest = 

Log:
|html|<div class="broadcast-red"><b>The battle crashed</b><br />You can keep playing but it might crash again.</div>
|html|<div class="broadcast-red"><b>The battle crashed</b><br />You can keep playing but it might crash again.</div>
|html|<div class="broadcast-red"><b>The battle crashed</b><br />You can keep playing but it might crash again.</div>
|html|<div class="broadcast-red"><b>The battle crashed</b><br />You can keep playing but it might crash again.</div>
|html|<div class="broadcast-red"><b>The battle crashed</b><br />You can keep playing but it might crash again.</div>
|html|<div class="broadcast-red"><b>The battle crashed</b><br />You can keep playing but it might crash again.</div>
|html|<div class="broadcast-red"><b>The battle crashed</b><br />You can keep playing but it might crash again.</div>
|html|<div class="broadcast-red"><b>The battle crashed</b><br />You can keep playing but it might crash again.</div>
|html|<div class="broadcast-red"><b>The battle crashed</b><br />You can keep playing but it might crash again.</div>
|html|<div class="broadcast-red"><b>The battle crashed</b><br />You can keep playing but it might crash again.</div>
|html|<div class="broadcast-red"><b>The battle crashed</b><br />You can keep playing but it might crash again.</div>
|html|<div class="broadcast-red"><b>The battle crashed</b><br />You can keep playing but it might crash again.</div>
|html|<div class="broadcast-red"><b>The battle crashed</b><br />You can keep playing but it might crash again.</div>
|html|<div class="broadcast-red"><b>The battle crashed</b><br />You can keep playing but it might crash again.</div>
|html|<div class="broadcast-red"><b>The battle crashed</b><br />You can keep playing but it might crash again.</div>
|html|<div class="broadcast-red"><b>The battle crashed</b><br />You can keep playing but it might crash again.</div>
|html|<div class="broadcast-red"><b>The battle crashed</b><br />You can keep playing but it might crash again.</div>
|html|<div class="broadcast-red"><b>The battle crashed</b><br />You can keep playing but it might crash again.</div>
|html|<div class="broadcast-red"><b>The battle crashed</b><br />You can keep playing but it might crash again.</div>
|html|<div class="broadcast-red"><b>The battle crashed</b><br />You can keep playing but it might crash again.</div>
|html|<div class="broadcast-red"><b>The battle crashed</b><br />You can keep playing but it might crash again.</div>
|html|<div class="broadcast-red"><b>The battle crashed</b><br />You can keep playing but it might crash again.</div>
|html|<div class="broadcast-red"><b>The battle crashed</b><br />You can keep playing but it might crash again.</div>
|html|<div class="broadcast-red"><b>The battle crashed</b><br />You can keep playing but it might crash again.</div>
|html|<div class="broadcast-red"><b>The battle crashed</b><br />You can keep playing but it might crash again.</div>
|html|<div class="broadcast-red"><b>The battle crashed</b><br />You can keep playing but it might crash again.</div>
|html|<div class="broadcast-red"><b>The battle crashed</b><br />You can keep playing but it might crash again.</div>

TypeError: Cannot read property 'isActive' of null
    at Tools.Battle.makeRequest (/Users/clazinasteunenberg/Downloads/Pokemon-Showdown/battle-engine.js:1943:15)
    at process.BattlePokemon.side (/Users/clazinasteunenberg/Downloads/Pokemon-Showdown/battle-engine.js:157:13)
    at process.EventEmitter.emit (events.js:98:17)
    at handleMessage (child_process.js:318:10)
    at Pipe.channel.onread (child_process.js:345:11)

TypeError: Cannot read property 'hp' of undefined
    at Tools.exports.BattleScripts.randomCCTeam (/Users/clazinasteunenberg/Downloads/Pokemon-Showdown/data/scripts.js:528:21)
    at Tools.exports.BattleScripts.getTeam (/Users/clazinasteunenberg/Downloads/Pokemon-Showdown/data/scripts.js:485:35)
    at new BattleSide (/Users/clazinasteunenberg/Downloads/Pokemon-Showdown/battle-engine.js:1096:27)
    at Tools.Battle.join (/Users/clazinasteunenberg/Downloads/Pokemon-Showdown/battle-engine.js:3333:15)
    at Tools.Battle.receive (/Users/clazinasteunenberg/Downloads/Pokemon-Showdown/battle-engine.js:3390:9)
    at process.BattlePokemon.side (/Users/clazinasteunenberg/Downloads/Pokemon-Showdown/battle-engine.js:143:12)
    at process.EventEmitter.emit (events.js:98:17)
    at handleMessage (child_process.js:318:10)
    at Pipe.channel.onread (child_process.js:345:11)

Additional information:
message = battle-doubleschallengecup-17|join|p1|Snaquaza|101
currentRequest = 

Log:
|html|<div class="broadcast-red"><b>The battle crashed</b><br />You can keep playing but it might crash again.</div>
|html|<div class="broadcast-red"><b>The battle crashed</b><br />You can keep playing but it might crash again.</div>
|html|<div class="broadcast-red"><b>The battle crashed</b><br />You can keep playing but it might crash again.</div>
|html|<div class="broadcast-red"><b>The battle crashed</b><br />You can keep playing but it might crash again.</div>
|html|<div class="broadcast-red"><b>The battle crashed</b><br />You can keep playing but it might crash again.</div>
|html|<div class="broadcast-red"><b>The battle crashed</b><br />You can keep playing but it might crash again.</div>
|html|<div class="broadcast-red"><b>The battle crashed</b><br />You can keep playing but it might crash again.</div>
|html|<div class="broadcast-red"><b>The battle crashed</b><br />You can keep playing but it might crash again.</div>
|html|<div class="broadcast-red"><b>The battle crashed</b><br />You can keep playing but it might crash again.</div>
|html|<div class="broadcast-red"><b>The battle crashed</b><br />You can keep playing but it might crash again.</div>
|html|<div class="broadcast-red"><b>The battle crashed</b><br />You can keep playing but it might crash again.</div>
|html|<div class="broadcast-red"><b>The battle crashed</b><br />You can keep playing but it might crash again.</div>
|html|<div class="broadcast-red"><b>The battle crashed</b><br />You can keep playing but it might crash again.</div>
|html|<div class="broadcast-red"><b>The battle crashed</b><br />You can keep playing but it might crash again.</div>
|html|<div class="broadcast-red"><b>The battle crashed</b><br />You can keep playing but it might crash again.</div>
|html|<div class="broadcast-red"><b>The battle crashed</b><br />You can keep playing but it might crash again.</div>
|html|<div class="broadcast-red"><b>The battle crashed</b><br />You can keep playing but it might crash again.</div>
|html|<div class="broadcast-red"><b>The battle crashed</b><br />You can keep playing but it might crash again.</div>
|html|<div class="broadcast-red"><b>The battle crashed</b><br />You can keep playing but it might crash again.</div>
|html|<div class="broadcast-red"><b>The battle crashed</b><br />You can keep playing but it might crash again.</div>
|html|<div class="broadcast-red"><b>The battle crashed</b><br />You can keep playing but it might crash again.</div>
|html|<div class="broadcast-red"><b>The battle crashed</b><br />You can keep playing but it might crash again.</div>
|html|<div class="broadcast-red"><b>The battle crashed</b><br />You can keep playing but it might crash again.</div>
|html|<div class="broadcast-red"><b>The battle crashed</b><br />You can keep playing but it might crash again.</div>
|html|<div class="broadcast-red"><b>The battle crashed</b><br />You can keep playing but it might crash again.</div>
|html|<div class="broadcast-red"><b>The battle crashed</b><br />You can keep playing but it might crash again.</div>
|html|<div class="broadcast-red"><b>The battle crashed</b><br />You can keep playing but it might crash again.</div>
|html|<div class="broadcast-red"><b>The battle crashed</b><br />You can keep playing but it might crash again.</div>

TypeError: Cannot read property 'isActive' of null
    at Tools.Battle.makeRequest (/Users/clazinasteunenberg/Downloads/Pokemon-Showdown/battle-engine.js:1943:15)
    at process.BattlePokemon.side (/Users/clazinasteunenberg/Downloads/Pokemon-Showdown/battle-engine.js:157:13)
    at process.EventEmitter.emit (events.js:98:17)
    at handleMessage (child_process.js:318:10)
    at Pipe.channel.onread (child_process.js:345:11)

TypeError: Cannot read property 'hp' of undefined
    at Tools.exports.BattleScripts.randomCCTeam (/Users/clazinasteunenberg/Downloads/Pokemon-Showdown/data/scripts.js:528:21)
    at Tools.exports.BattleScripts.getTeam (/Users/clazinasteunenberg/Downloads/Pokemon-Showdown/data/scripts.js:485:35)
    at new BattleSide (/Users/clazinasteunenberg/Downloads/Pokemon-Showdown/battle-engine.js:1096:27)
    at Tools.Battle.join (/Users/clazinasteunenberg/Downloads/Pokemon-Showdown/battle-engine.js:3333:15)
    at Tools.Battle.receive (/Users/clazinasteunenberg/Downloads/Pokemon-Showdown/battle-engine.js:3390:9)
    at process.BattlePokemon.side (/Users/clazinasteunenberg/Downloads/Pokemon-Showdown/battle-engine.js:143:12)
    at process.EventEmitter.emit (events.js:98:17)
    at handleMessage (child_process.js:318:10)
    at Pipe.channel.onread (child_process.js:345:11)

Additional information:
message = battle-doubleschallengecup-17|join|p1|Snaquaza|101
currentRequest = 

Log:
|html|<div class="broadcast-red"><b>The battle crashed</b><br />You can keep playing but it might crash again.</div>
|html|<div class="broadcast-red"><b>The battle crashed</b><br />You can keep playing but it might crash again.</div>
|html|<div class="broadcast-red"><b>The battle crashed</b><br />You can keep playing but it might crash again.</div>
|html|<div class="broadcast-red"><b>The battle crashed</b><br />You can keep playing but it might crash again.</div>
|html|<div class="broadcast-red"><b>The battle crashed</b><br />You can keep playing but it might crash again.</div>
|html|<div class="broadcast-red"><b>The battle crashed</b><br />You can keep playing but it might crash again.</div>
|html|<div class="broadcast-red"><b>The battle crashed</b><br />You can keep playing but it might crash again.</div>
|html|<div class="broadcast-red"><b>The battle crashed</b><br />You can keep playing but it might crash again.</div>
|html|<div class="broadcast-red"><b>The battle crashed</b><br />You can keep playing but it might crash again.</div>
|html|<div class="broadcast-red"><b>The battle crashed</b><br />You can keep playing but it might crash again.</div>
|html|<div class="broadcast-red"><b>The battle crashed</b><br />You can keep playing but it might crash again.</div>
|html|<div class="broadcast-red"><b>The battle crashed</b><br />You can keep playing but it might crash again.</div>
|html|<div class="broadcast-red"><b>The battle crashed</b><br />You can keep playing but it might crash again.</div>
|html|<div class="broadcast-red"><b>The battle crashed</b><br />You can keep playing but it might crash again.</div>
|html|<div class="broadcast-red"><b>The battle crashed</b><br />You can keep playing but it might crash again.</div>
|html|<div class="broadcast-red"><b>The battle crashed</b><br />You can keep playing but it might crash again.</div>
|html|<div class="broadcast-red"><b>The battle crashed</b><br />You can keep playing but it might crash again.</div>
|html|<div class="broadcast-red"><b>The battle crashed</b><br />You can keep playing but it might crash again.</div>
|html|<div class="broadcast-red"><b>The battle crashed</b><br />You can keep playing but it might crash again.</div>
|html|<div class="broadcast-red"><b>The battle crashed</b><br />You can keep playing but it might crash again.</div>
|html|<div class="broadcast-red"><b>The battle crashed</b><br />You can keep playing but it might crash again.</div>
|html|<div class="broadcast-red"><b>The battle crashed</b><br />You can keep playing but it might crash again.</div>
|html|<div class="broadcast-red"><b>The battle crashed</b><br />You can keep playing but it might crash again.</div>
|html|<div class="broadcast-red"><b>The battle crashed</b><br />You can keep playing but it might crash again.</div>
|html|<div class="broadcast-red"><b>The battle crashed</b><br />You can keep playing but it might crash again.</div>
|html|<div class="broadcast-red"><b>The battle crashed</b><br />You can keep playing but it might crash again.</div>
|html|<div class="broadcast-red"><b>The battle crashed</b><br />You can keep playing but it might crash again.</div>
|html|<div class="broadcast-red"><b>The battle crashed</b><br />You can keep playing but it might crash again.</div>
|html|<div class="broadcast-red"><b>The battle crashed</b><br />You can keep playing but it might crash again.</div>

TypeError: Cannot read property 'isActive' of null
    at Tools.Battle.makeRequest (/Users/clazinasteunenberg/Downloads/Pokemon-Showdown/battle-engine.js:1943:15)
    at process.BattlePokemon.side (/Users/clazinasteunenberg/Downloads/Pokemon-Showdown/battle-engine.js:157:13)
    at process.EventEmitter.emit (events.js:98:17)
    at handleMessage (child_process.js:318:10)
    at Pipe.channel.onread (child_process.js:345:11)

TypeError: Cannot read property 'hp' of undefined
    at Tools.exports.BattleScripts.randomCCTeam (/Users/clazinasteunenberg/Downloads/Pokemon-Showdown/data/scripts.js:528:21)
    at Tools.exports.BattleScripts.getTeam (/Users/clazinasteunenberg/Downloads/Pokemon-Showdown/data/scripts.js:485:35)
    at new BattleSide (/Users/clazinasteunenberg/Downloads/Pokemon-Showdown/battle-engine.js:1096:27)
    at Tools.Battle.join (/Users/clazinasteunenberg/Downloads/Pokemon-Showdown/battle-engine.js:3333:15)
    at Tools.Battle.receive (/Users/clazinasteunenberg/Downloads/Pokemon-Showdown/battle-engine.js:3390:9)
    at process.BattlePokemon.side (/Users/clazinasteunenberg/Downloads/Pokemon-Showdown/battle-engine.js:143:12)
    at process.EventEmitter.emit (events.js:98:17)
    at handleMessage (child_process.js:318:10)
    at Pipe.channel.onread (child_process.js:345:11)

Additional information:
message = battle-doubleschallengecup-17|join|p1|Snaquaza|101
currentRequest = 

Log:
|html|<div class="broadcast-red"><b>The battle crashed</b><br />You can keep playing but it might crash again.</div>
|html|<div class="broadcast-red"><b>The battle crashed</b><br />You can keep playing but it might crash again.</div>
|html|<div class="broadcast-red"><b>The battle crashed</b><br />You can keep playing but it might crash again.</div>
|html|<div class="broadcast-red"><b>The battle crashed</b><br />You can keep playing but it might crash again.</div>
|html|<div class="broadcast-red"><b>The battle crashed</b><br />You can keep playing but it might crash again.</div>
|html|<div class="broadcast-red"><b>The battle crashed</b><br />You can keep playing but it might crash again.</div>
|html|<div class="broadcast-red"><b>The battle crashed</b><br />You can keep playing but it might crash again.</div>
|html|<div class="broadcast-red"><b>The battle crashed</b><br />You can keep playing but it might crash again.</div>
|html|<div class="broadcast-red"><b>The battle crashed</b><br />You can keep playing but it might crash again.</div>
|html|<div class="broadcast-red"><b>The battle crashed</b><br />You can keep playing but it might crash again.</div>
|html|<div class="broadcast-red"><b>The battle crashed</b><br />You can keep playing but it might crash again.</div>
|html|<div class="broadcast-red"><b>The battle crashed</b><br />You can keep playing but it might crash again.</div>
|html|<div class="broadcast-red"><b>The battle crashed</b><br />You can keep playing but it might crash again.</div>
|html|<div class="broadcast-red"><b>The battle crashed</b><br />You can keep playing but it might crash again.</div>
|html|<div class="broadcast-red"><b>The battle crashed</b><br />You can keep playing but it might crash again.</div>
|html|<div class="broadcast-red"><b>The battle crashed</b><br />You can keep playing but it might crash again.</div>
|html|<div class="broadcast-red"><b>The battle crashed</b><br />You can keep playing but it might crash again.</div>
|html|<div class="broadcast-red"><b>The battle crashed</b><br />You can keep playing but it might crash again.</div>
|html|<div class="broadcast-red"><b>The battle crashed</b><br />You can keep playing but it might crash again.</div>
|html|<div class="broadcast-red"><b>The battle crashed</b><br />You can keep playing but it might crash again.</div>
|html|<div class="broadcast-red"><b>The battle crashed</b><br />You can keep playing but it might crash again.</div>
|html|<div class="broadcast-red"><b>The battle crashed</b><br />You can keep playing but it might crash again.</div>
|html|<div class="broadcast-red"><b>The battle crashed</b><br />You can keep playing but it might crash again.</div>
|html|<div class="broadcast-red"><b>The battle crashed</b><br />You can keep playing but it might crash again.</div>
|html|<div class="broadcast-red"><b>The battle crashed</b><br />You can keep playing but it might crash again.</div>
|html|<div class="broadcast-red"><b>The battle crashed</b><br />You can keep playing but it might crash again.</div>
|html|<div class="broadcast-red"><b>The battle crashed</b><br />You can keep playing but it might crash again.</div>
|html|<div class="broadcast-red"><b>The battle crashed</b><br />You can keep playing but it might crash again.</div>
|html|<div class="broadcast-red"><b>The battle crashed</b><br />You can keep playing but it might crash again.</div>
|html|<div class="broadcast-red"><b>The battle crashed</b><br />You can keep playing but it might crash again.</div>

TypeError: Cannot read property 'isActive' of null
    at Tools.Battle.makeRequest (/Users/clazinasteunenberg/Downloads/Pokemon-Showdown/battle-engine.js:1943:15)
    at process.BattlePokemon.side (/Users/clazinasteunenberg/Downloads/Pokemon-Showdown/battle-engine.js:157:13)
    at process.EventEmitter.emit (events.js:98:17)
    at handleMessage (child_process.js:318:10)
    at Pipe.channel.onread (child_process.js:345:11)

TypeError: Cannot read property 'hp' of undefined
    at Tools.exports.BattleScripts.randomCCTeam (/Users/clazinasteunenberg/Downloads/Pokemon-Showdown/data/scripts.js:528:21)
    at Tools.exports.BattleScripts.getTeam (/Users/clazinasteunenberg/Downloads/Pokemon-Showdown/data/scripts.js:485:35)
    at new BattleSide (/Users/clazinasteunenberg/Downloads/Pokemon-Showdown/battle-engine.js:1096:27)
    at Tools.Battle.join (/Users/clazinasteunenberg/Downloads/Pokemon-Showdown/battle-engine.js:3333:15)
    at Tools.Battle.receive (/Users/clazinasteunenberg/Downloads/Pokemon-Showdown/battle-engine.js:3390:9)
    at process.BattlePokemon.side (/Users/clazinasteunenberg/Downloads/Pokemon-Showdown/battle-engine.js:143:12)
    at process.EventEmitter.emit (events.js:98:17)
    at handleMessage (child_process.js:318:10)
    at Pipe.channel.onread (child_process.js:345:11)

Additional information:
message = battle-doubleschallengecup-17|join|p1|Snaquaza|101
currentRequest = 

Log:
|html|<div class="broadcast-red"><b>The battle crashed</b><br />You can keep playing but it might crash again.</div>
|html|<div class="broadcast-red"><b>The battle crashed</b><br />You can keep playing but it might crash again.</div>
|html|<div class="broadcast-red"><b>The battle crashed</b><br />You can keep playing but it might crash again.</div>
|html|<div class="broadcast-red"><b>The battle crashed</b><br />You can keep playing but it might crash again.</div>
|html|<div class="broadcast-red"><b>The battle crashed</b><br />You can keep playing but it might crash again.</div>
|html|<div class="broadcast-red"><b>The battle crashed</b><br />You can keep playing but it might crash again.</div>
|html|<div class="broadcast-red"><b>The battle crashed</b><br />You can keep playing but it might crash again.</div>
|html|<div class="broadcast-red"><b>The battle crashed</b><br />You can keep playing but it might crash again.</div>
|html|<div class="broadcast-red"><b>The battle crashed</b><br />You can keep playing but it might crash again.</div>
|html|<div class="broadcast-red"><b>The battle crashed</b><br />You can keep playing but it might crash again.</div>
|html|<div class="broadcast-red"><b>The battle crashed</b><br />You can keep playing but it might crash again.</div>
|html|<div class="broadcast-red"><b>The battle crashed</b><br />You can keep playing but it might crash again.</div>
|html|<div class="broadcast-red"><b>The battle crashed</b><br />You can keep playing but it might crash again.</div>
|html|<div class="broadcast-red"><b>The battle crashed</b><br />You can keep playing but it might crash again.</div>
|html|<div class="broadcast-red"><b>The battle crashed</b><br />You can keep playing but it might crash again.</div>
|html|<div class="broadcast-red"><b>The battle crashed</b><br />You can keep playing but it might crash again.</div>
|html|<div class="broadcast-red"><b>The battle crashed</b><br />You can keep playing but it might crash again.</div>
|html|<div class="broadcast-red"><b>The battle crashed</b><br />You can keep playing but it might crash again.</div>
|html|<div class="broadcast-red"><b>The battle crashed</b><br />You can keep playing but it might crash again.</div>
|html|<div class="broadcast-red"><b>The battle crashed</b><br />You can keep playing but it might crash again.</div>
|html|<div class="broadcast-red"><b>The battle crashed</b><br />You can keep playing but it might crash again.</div>
|html|<div class="broadcast-red"><b>The battle crashed</b><br />You can keep playing but it might crash again.</div>
|html|<div class="broadcast-red"><b>The battle crashed</b><br />You can keep playing but it might crash again.</div>
|html|<div class="broadcast-red"><b>The battle crashed</b><br />You can keep playing but it might crash again.</div>
|html|<div class="broadcast-red"><b>The battle crashed</b><br />You can keep playing but it might crash again.</div>
|html|<div class="broadcast-red"><b>The battle crashed</b><br />You can keep playing but it might crash again.</div>
|html|<div class="broadcast-red"><b>The battle crashed</b><br />You can keep playing but it might crash again.</div>
|html|<div class="broadcast-red"><b>The battle crashed</b><br />You can keep playing but it might crash again.</div>
|html|<div class="broadcast-red"><b>The battle crashed</b><br />You can keep playing but it might crash again.</div>
|html|<div class="broadcast-red"><b>The battle crashed</b><br />You can keep playing but it might crash again.</div>
|html|<div class="broadcast-red"><b>The battle crashed</b><br />You can keep playing but it might crash again.</div>

TypeError: Cannot read property 'isActive' of null
    at Tools.Battle.makeRequest (/Users/clazinasteunenberg/Downloads/Pokemon-Showdown/battle-engine.js:1943:15)
    at process.BattlePokemon.side (/Users/clazinasteunenberg/Downloads/Pokemon-Showdown/battle-engine.js:157:13)
    at process.EventEmitter.emit (events.js:98:17)
    at handleMessage (child_process.js:318:10)
    at Pipe.channel.onread (child_process.js:345:11)

TypeError: Cannot read property 'hp' of undefined
    at Tools.exports.BattleScripts.randomCCTeam (/Users/clazinasteunenberg/Downloads/Pokemon-Showdown/data/scripts.js:528:21)
    at Tools.exports.BattleScripts.getTeam (/Users/clazinasteunenberg/Downloads/Pokemon-Showdown/data/scripts.js:485:35)
    at new BattleSide (/Users/clazinasteunenberg/Downloads/Pokemon-Showdown/battle-engine.js:1096:27)
    at Tools.Battle.join (/Users/clazinasteunenberg/Downloads/Pokemon-Showdown/battle-engine.js:3333:15)
    at Tools.Battle.receive (/Users/clazinasteunenberg/Downloads/Pokemon-Showdown/battle-engine.js:3390:9)
    at process.BattlePokemon.side (/Users/clazinasteunenberg/Downloads/Pokemon-Showdown/battle-engine.js:143:12)
    at process.EventEmitter.emit (events.js:98:17)
    at handleMessage (child_process.js:318:10)
    at Pipe.channel.onread (child_process.js:345:11)

Additional information:
message = battle-doubleschallengecup-17|join|p1|Snaquaza|101
currentRequest = 

Log:
|html|<div class="broadcast-red"><b>The battle crashed</b><br />You can keep playing but it might crash again.</div>
|html|<div class="broadcast-red"><b>The battle crashed</b><br />You can keep playing but it might crash again.</div>
|html|<div class="broadcast-red"><b>The battle crashed</b><br />You can keep playing but it might crash again.</div>
|html|<div class="broadcast-red"><b>The battle crashed</b><br />You can keep playing but it might crash again.</div>
|html|<div class="broadcast-red"><b>The battle crashed</b><br />You can keep playing but it might crash again.</div>
|html|<div class="broadcast-red"><b>The battle crashed</b><br />You can keep playing but it might crash again.</div>
|html|<div class="broadcast-red"><b>The battle crashed</b><br />You can keep playing but it might crash again.</div>
|html|<div class="broadcast-red"><b>The battle crashed</b><br />You can keep playing but it might crash again.</div>
|html|<div class="broadcast-red"><b>The battle crashed</b><br />You can keep playing but it might crash again.</div>
|html|<div class="broadcast-red"><b>The battle crashed</b><br />You can keep playing but it might crash again.</div>
|html|<div class="broadcast-red"><b>The battle crashed</b><br />You can keep playing but it might crash again.</div>
|html|<div class="broadcast-red"><b>The battle crashed</b><br />You can keep playing but it might crash again.</div>
|html|<div class="broadcast-red"><b>The battle crashed</b><br />You can keep playing but it might crash again.</div>
|html|<div class="broadcast-red"><b>The battle crashed</b><br />You can keep playing but it might crash again.</div>
|html|<div class="broadcast-red"><b>The battle crashed</b><br />You can keep playing but it might crash again.</div>
|html|<div class="broadcast-red"><b>The battle crashed</b><br />You can keep playing but it might crash again.</div>
|html|<div class="broadcast-red"><b>The battle crashed</b><br />You can keep playing but it might crash again.</div>
|html|<div class="broadcast-red"><b>The battle crashed</b><br />You can keep playing but it might crash again.</div>
|html|<div class="broadcast-red"><b>The battle crashed</b><br />You can keep playing but it might crash again.</div>
|html|<div class="broadcast-red"><b>The battle crashed</b><br />You can keep playing but it might crash again.</div>
|html|<div class="broadcast-red"><b>The battle crashed</b><br />You can keep playing but it might crash again.</div>
|html|<div class="broadcast-red"><b>The battle crashed</b><br />You can keep playing but it might crash again.</div>
|html|<div class="broadcast-red"><b>The battle crashed</b><br />You can keep playing but it might crash again.</div>
|html|<div class="broadcast-red"><b>The battle crashed</b><br />You can keep playing but it might crash again.</div>
|html|<div class="broadcast-red"><b>The battle crashed</b><br />You can keep playing but it might crash again.</div>
|html|<div class="broadcast-red"><b>The battle crashed</b><br />You can keep playing but it might crash again.</div>
|html|<div class="broadcast-red"><b>The battle crashed</b><br />You can keep playing but it might crash again.</div>
|html|<div class="broadcast-red"><b>The battle crashed</b><br />You can keep playing but it might crash again.</div>
|html|<div class="broadcast-red"><b>The battle crashed</b><br />You can keep playing but it might crash again.</div>
|html|<div class="broadcast-red"><b>The battle crashed</b><br />You can keep playing but it might crash again.</div>
|html|<div class="broadcast-red"><b>The battle crashed</b><br />You can keep playing but it might crash again.</div>
|html|<div class="broadcast-red"><b>The battle crashed</b><br />You can keep playing but it might crash again.</div>

TypeError: Cannot read property 'isActive' of null
    at Tools.Battle.makeRequest (/Users/clazinasteunenberg/Downloads/Pokemon-Showdown/battle-engine.js:1943:15)
    at process.BattlePokemon.side (/Users/clazinasteunenberg/Downloads/Pokemon-Showdown/battle-engine.js:157:13)
    at process.EventEmitter.emit (events.js:98:17)
    at handleMessage (child_process.js:318:10)
    at Pipe.channel.onread (child_process.js:345:11)

TypeError: Cannot read property 'hp' of undefined
    at Tools.exports.BattleScripts.randomCCTeam (/Users/clazinasteunenberg/Downloads/Pokemon-Showdown/data/scripts.js:528:21)
    at Tools.exports.BattleScripts.getTeam (/Users/clazinasteunenberg/Downloads/Pokemon-Showdown/data/scripts.js:485:35)
    at new BattleSide (/Users/clazinasteunenberg/Downloads/Pokemon-Showdown/battle-engine.js:1096:27)
    at Tools.Battle.join (/Users/clazinasteunenberg/Downloads/Pokemon-Showdown/battle-engine.js:3333:15)
    at Tools.Battle.receive (/Users/clazinasteunenberg/Downloads/Pokemon-Showdown/battle-engine.js:3390:9)
    at process.BattlePokemon.side (/Users/clazinasteunenberg/Downloads/Pokemon-Showdown/battle-engine.js:143:12)
    at process.EventEmitter.emit (events.js:98:17)
    at handleMessage (child_process.js:318:10)
    at Pipe.channel.onread (child_process.js:345:11)

Additional information:
message = battle-challengecup-18|join|p1|Snaquaza|101
currentRequest = 

Log:


TypeError: Cannot read property 'isActive' of null
    at Tools.Battle.makeRequest (/Users/clazinasteunenberg/Downloads/Pokemon-Showdown/battle-engine.js:1943:15)
    at process.BattlePokemon.side (/Users/clazinasteunenberg/Downloads/Pokemon-Showdown/battle-engine.js:157:13)
    at process.EventEmitter.emit (events.js:98:17)
    at handleMessage (child_process.js:318:10)
    at Pipe.channel.onread (child_process.js:345:11)

TypeError: Cannot read property 'hp' of undefined
    at Tools.exports.BattleScripts.randomCCTeam (/Users/clazinasteunenberg/Downloads/Pokemon-Showdown/data/scripts.js:528:21)
    at Tools.exports.BattleScripts.getTeam (/Users/clazinasteunenberg/Downloads/Pokemon-Showdown/data/scripts.js:485:35)
    at new BattleSide (/Users/clazinasteunenberg/Downloads/Pokemon-Showdown/battle-engine.js:1096:27)
    at Tools.Battle.join (/Users/clazinasteunenberg/Downloads/Pokemon-Showdown/battle-engine.js:3333:15)
    at Tools.Battle.receive (/Users/clazinasteunenberg/Downloads/Pokemon-Showdown/battle-engine.js:3390:9)
    at process.BattlePokemon.side (/Users/clazinasteunenberg/Downloads/Pokemon-Showdown/battle-engine.js:143:12)
    at process.EventEmitter.emit (events.js:98:17)
    at handleMessage (child_process.js:318:10)
    at Pipe.channel.onread (child_process.js:345:11)

Additional information:
message = battle-challengecup-18|join|p1|Snaquaza|101
currentRequest = 

Log:
|html|<div class="broadcast-red"><b>The battle crashed</b><br />You can keep playing but it might crash again.</div>

TypeError: Cannot read property 'isActive' of null
    at Tools.Battle.makeRequest (/Users/clazinasteunenberg/Downloads/Pokemon-Showdown/battle-engine.js:1943:15)
    at process.BattlePokemon.side (/Users/clazinasteunenberg/Downloads/Pokemon-Showdown/battle-engine.js:157:13)
    at process.EventEmitter.emit (events.js:98:17)
    at handleMessage (child_process.js:318:10)
    at Pipe.channel.onread (child_process.js:345:11)

TypeError: Cannot read property 'hp' of undefined
    at Tools.exports.BattleScripts.randomCCTeam (/Users/clazinasteunenberg/Downloads/Pokemon-Showdown/data/scripts.js:528:21)
    at Tools.exports.BattleScripts.getTeam (/Users/clazinasteunenberg/Downloads/Pokemon-Showdown/data/scripts.js:485:35)
    at new BattleSide (/Users/clazinasteunenberg/Downloads/Pokemon-Showdown/battle-engine.js:1096:27)
    at Tools.Battle.join (/Users/clazinasteunenberg/Downloads/Pokemon-Showdown/battle-engine.js:3333:15)
    at Tools.Battle.receive (/Users/clazinasteunenberg/Downloads/Pokemon-Showdown/battle-engine.js:3390:9)
    at process.BattlePokemon.side (/Users/clazinasteunenberg/Downloads/Pokemon-Showdown/battle-engine.js:143:12)
    at process.EventEmitter.emit (events.js:98:17)
    at handleMessage (child_process.js:318:10)
    at Pipe.channel.onread (child_process.js:345:11)

Additional information:
message = battle-challengecup-18|join|p1|Snaquaza|101
currentRequest = 

Log:
|html|<div class="broadcast-red"><b>The battle crashed</b><br />You can keep playing but it might crash again.</div>
|html|<div class="broadcast-red"><b>The battle crashed</b><br />You can keep playing but it might crash again.</div>

TypeError: Cannot read property 'isActive' of null
    at Tools.Battle.makeRequest (/Users/clazinasteunenberg/Downloads/Pokemon-Showdown/battle-engine.js:1943:15)
    at process.BattlePokemon.side (/Users/clazinasteunenberg/Downloads/Pokemon-Showdown/battle-engine.js:157:13)
    at process.EventEmitter.emit (events.js:98:17)
    at handleMessage (child_process.js:318:10)
    at Pipe.channel.onread (child_process.js:345:11)

TypeError: Cannot read property 'hp' of undefined
    at Tools.exports.BattleScripts.randomCCTeam (/Users/clazinasteunenberg/Downloads/Pokemon-Showdown/data/scripts.js:528:21)
    at Tools.exports.BattleScripts.getTeam (/Users/clazinasteunenberg/Downloads/Pokemon-Showdown/data/scripts.js:485:35)
    at new BattleSide (/Users/clazinasteunenberg/Downloads/Pokemon-Showdown/battle-engine.js:1096:27)
    at Tools.Battle.join (/Users/clazinasteunenberg/Downloads/Pokemon-Showdown/battle-engine.js:3333:15)
    at Tools.Battle.receive (/Users/clazinasteunenberg/Downloads/Pokemon-Showdown/battle-engine.js:3390:9)
    at process.BattlePokemon.side (/Users/clazinasteunenberg/Downloads/Pokemon-Showdown/battle-engine.js:143:12)
    at process.EventEmitter.emit (events.js:98:17)
    at handleMessage (child_process.js:318:10)
    at Pipe.channel.onread (child_process.js:345:11)

Additional information:
message = battle-challengecup-18|join|p1|Snaquaza|101
currentRequest = 

Log:
|html|<div class="broadcast-red"><b>The battle crashed</b><br />You can keep playing but it might crash again.</div>
|html|<div class="broadcast-red"><b>The battle crashed</b><br />You can keep playing but it might crash again.</div>
|html|<div class="broadcast-red"><b>The battle crashed</b><br />You can keep playing but it might crash again.</div>

TypeError: Cannot read property 'isActive' of null
    at Tools.Battle.makeRequest (/Users/clazinasteunenberg/Downloads/Pokemon-Showdown/battle-engine.js:1943:15)
    at process.BattlePokemon.side (/Users/clazinasteunenberg/Downloads/Pokemon-Showdown/battle-engine.js:157:13)
    at process.EventEmitter.emit (events.js:98:17)
    at handleMessage (child_process.js:318:10)
    at Pipe.channel.onread (child_process.js:345:11)

TypeError: Cannot read property 'hp' of undefined
    at Tools.exports.BattleScripts.randomCCTeam (/Users/clazinasteunenberg/Downloads/Pokemon-Showdown/data/scripts.js:528:21)
    at Tools.exports.BattleScripts.getTeam (/Users/clazinasteunenberg/Downloads/Pokemon-Showdown/data/scripts.js:485:35)
    at new BattleSide (/Users/clazinasteunenberg/Downloads/Pokemon-Showdown/battle-engine.js:1096:27)
    at Tools.Battle.join (/Users/clazinasteunenberg/Downloads/Pokemon-Showdown/battle-engine.js:3333:15)
    at Tools.Battle.receive (/Users/clazinasteunenberg/Downloads/Pokemon-Showdown/battle-engine.js:3390:9)
    at process.BattlePokemon.side (/Users/clazinasteunenberg/Downloads/Pokemon-Showdown/battle-engine.js:143:12)
    at process.EventEmitter.emit (events.js:98:17)
    at handleMessage (child_process.js:318:10)
    at Pipe.channel.onread (child_process.js:345:11)

Additional information:
message = battle-challengecup-18|join|p1|Snaquaza|101
currentRequest = 

Log:
|html|<div class="broadcast-red"><b>The battle crashed</b><br />You can keep playing but it might crash again.</div>
|html|<div class="broadcast-red"><b>The battle crashed</b><br />You can keep playing but it might crash again.</div>
|html|<div class="broadcast-red"><b>The battle crashed</b><br />You can keep playing but it might crash again.</div>
|html|<div class="broadcast-red"><b>The battle crashed</b><br />You can keep playing but it might crash again.</div>

TypeError: Cannot read property 'isActive' of null
    at Tools.Battle.makeRequest (/Users/clazinasteunenberg/Downloads/Pokemon-Showdown/battle-engine.js:1943:15)
    at process.BattlePokemon.side (/Users/clazinasteunenberg/Downloads/Pokemon-Showdown/battle-engine.js:157:13)
    at process.EventEmitter.emit (events.js:98:17)
    at handleMessage (child_process.js:318:10)
    at Pipe.channel.onread (child_process.js:345:11)

TypeError: Cannot read property 'hp' of undefined
    at Tools.exports.BattleScripts.randomCCTeam (/Users/clazinasteunenberg/Downloads/Pokemon-Showdown/data/scripts.js:528:21)
    at Tools.exports.BattleScripts.getTeam (/Users/clazinasteunenberg/Downloads/Pokemon-Showdown/data/scripts.js:485:35)
    at new BattleSide (/Users/clazinasteunenberg/Downloads/Pokemon-Showdown/battle-engine.js:1096:27)
    at Tools.Battle.join (/Users/clazinasteunenberg/Downloads/Pokemon-Showdown/battle-engine.js:3333:15)
    at Tools.Battle.receive (/Users/clazinasteunenberg/Downloads/Pokemon-Showdown/battle-engine.js:3390:9)
    at process.BattlePokemon.side (/Users/clazinasteunenberg/Downloads/Pokemon-Showdown/battle-engine.js:143:12)
    at process.EventEmitter.emit (events.js:98:17)
    at handleMessage (child_process.js:318:10)
    at Pipe.channel.onread (child_process.js:345:11)

Additional information:
message = battle-challengecup-18|join|p1|Snaquaza|101
currentRequest = 

Log:
|html|<div class="broadcast-red"><b>The battle crashed</b><br />You can keep playing but it might crash again.</div>
|html|<div class="broadcast-red"><b>The battle crashed</b><br />You can keep playing but it might crash again.</div>
|html|<div class="broadcast-red"><b>The battle crashed</b><br />You can keep playing but it might crash again.</div>
|html|<div class="broadcast-red"><b>The battle crashed</b><br />You can keep playing but it might crash again.</div>
|html|<div class="broadcast-red"><b>The battle crashed</b><br />You can keep playing but it might crash again.</div>

TypeError: Cannot read property 'isActive' of null
    at Tools.Battle.makeRequest (/Users/clazinasteunenberg/Downloads/Pokemon-Showdown/battle-engine.js:1943:15)
    at process.BattlePokemon.side (/Users/clazinasteunenberg/Downloads/Pokemon-Showdown/battle-engine.js:157:13)
    at process.EventEmitter.emit (events.js:98:17)
    at handleMessage (child_process.js:318:10)
    at Pipe.channel.onread (child_process.js:345:11)

TypeError: Cannot read property 'hp' of undefined
    at Tools.exports.BattleScripts.randomCCTeam (/Users/clazinasteunenberg/Downloads/Pokemon-Showdown/data/scripts.js:528:21)
    at Tools.exports.BattleScripts.getTeam (/Users/clazinasteunenberg/Downloads/Pokemon-Showdown/data/scripts.js:485:35)
    at new BattleSide (/Users/clazinasteunenberg/Downloads/Pokemon-Showdown/battle-engine.js:1096:27)
    at Tools.Battle.join (/Users/clazinasteunenberg/Downloads/Pokemon-Showdown/battle-engine.js:3333:15)
    at Tools.Battle.receive (/Users/clazinasteunenberg/Downloads/Pokemon-Showdown/battle-engine.js:3390:9)
    at process.BattlePokemon.side (/Users/clazinasteunenberg/Downloads/Pokemon-Showdown/battle-engine.js:143:12)
    at process.EventEmitter.emit (events.js:98:17)
    at handleMessage (child_process.js:318:10)
    at Pipe.channel.onread (child_process.js:345:11)

Additional information:
message = battle-challengecup-18|join|p1|Snaquaza|101
currentRequest = 

Log:
|html|<div class="broadcast-red"><b>The battle crashed</b><br />You can keep playing but it might crash again.</div>
|html|<div class="broadcast-red"><b>The battle crashed</b><br />You can keep playing but it might crash again.</div>
|html|<div class="broadcast-red"><b>The battle crashed</b><br />You can keep playing but it might crash again.</div>
|html|<div class="broadcast-red"><b>The battle crashed</b><br />You can keep playing but it might crash again.</div>
|html|<div class="broadcast-red"><b>The battle crashed</b><br />You can keep playing but it might crash again.</div>
|html|<div class="broadcast-red"><b>The battle crashed</b><br />You can keep playing but it might crash again.</div>

TypeError: Cannot read property 'isActive' of null
    at Tools.Battle.makeRequest (/Users/clazinasteunenberg/Downloads/Pokemon-Showdown/battle-engine.js:1943:15)
    at process.BattlePokemon.side (/Users/clazinasteunenberg/Downloads/Pokemon-Showdown/battle-engine.js:157:13)
    at process.EventEmitter.emit (events.js:98:17)
    at handleMessage (child_process.js:318:10)
    at Pipe.channel.onread (child_process.js:345:11)

TypeError: Cannot read property 'hp' of undefined
    at Tools.exports.BattleScripts.randomCCTeam (/Users/clazinasteunenberg/Downloads/Pokemon-Showdown/data/scripts.js:528:21)
    at Tools.exports.BattleScripts.getTeam (/Users/clazinasteunenberg/Downloads/Pokemon-Showdown/data/scripts.js:485:35)
    at new BattleSide (/Users/clazinasteunenberg/Downloads/Pokemon-Showdown/battle-engine.js:1096:27)
    at Tools.Battle.join (/Users/clazinasteunenberg/Downloads/Pokemon-Showdown/battle-engine.js:3333:15)
    at Tools.Battle.receive (/Users/clazinasteunenberg/Downloads/Pokemon-Showdown/battle-engine.js:3390:9)
    at process.BattlePokemon.side (/Users/clazinasteunenberg/Downloads/Pokemon-Showdown/battle-engine.js:143:12)
    at process.EventEmitter.emit (events.js:98:17)
    at handleMessage (child_process.js:318:10)
    at Pipe.channel.onread (child_process.js:345:11)

Additional information:
message = battle-challengecup-18|join|p1|Snaquaza|101
currentRequest = 

Log:
|html|<div class="broadcast-red"><b>The battle crashed</b><br />You can keep playing but it might crash again.</div>
|html|<div class="broadcast-red"><b>The battle crashed</b><br />You can keep playing but it might crash again.</div>
|html|<div class="broadcast-red"><b>The battle crashed</b><br />You can keep playing but it might crash again.</div>
|html|<div class="broadcast-red"><b>The battle crashed</b><br />You can keep playing but it might crash again.</div>
|html|<div class="broadcast-red"><b>The battle crashed</b><br />You can keep playing but it might crash again.</div>
|html|<div class="broadcast-red"><b>The battle crashed</b><br />You can keep playing but it might crash again.</div>
|html|<div class="broadcast-red"><b>The battle crashed</b><br />You can keep playing but it might crash again.</div>

TypeError: Cannot read property 'isActive' of null
    at Tools.Battle.makeRequest (/Users/clazinasteunenberg/Downloads/Pokemon-Showdown/battle-engine.js:1943:15)
    at process.BattlePokemon.side (/Users/clazinasteunenberg/Downloads/Pokemon-Showdown/battle-engine.js:157:13)
    at process.EventEmitter.emit (events.js:98:17)
    at handleMessage (child_process.js:318:10)
    at Pipe.channel.onread (child_process.js:345:11)

TypeError: Cannot read property 'hp' of undefined
    at Tools.exports.BattleScripts.randomCCTeam (/Users/clazinasteunenberg/Downloads/Pokemon-Showdown/data/scripts.js:528:21)
    at Tools.exports.BattleScripts.getTeam (/Users/clazinasteunenberg/Downloads/Pokemon-Showdown/data/scripts.js:485:35)
    at new BattleSide (/Users/clazinasteunenberg/Downloads/Pokemon-Showdown/battle-engine.js:1096:27)
    at Tools.Battle.join (/Users/clazinasteunenberg/Downloads/Pokemon-Showdown/battle-engine.js:3333:15)
    at Tools.Battle.receive (/Users/clazinasteunenberg/Downloads/Pokemon-Showdown/battle-engine.js:3390:9)
    at process.BattlePokemon.side (/Users/clazinasteunenberg/Downloads/Pokemon-Showdown/battle-engine.js:143:12)
    at process.EventEmitter.emit (events.js:98:17)
    at handleMessage (child_process.js:318:10)
    at Pipe.channel.onread (child_process.js:345:11)

Additional information:
message = battle-challengecup-18|join|p1|Snaquaza|101
currentRequest = 

Log:
|html|<div class="broadcast-red"><b>The battle crashed</b><br />You can keep playing but it might crash again.</div>
|html|<div class="broadcast-red"><b>The battle crashed</b><br />You can keep playing but it might crash again.</div>
|html|<div class="broadcast-red"><b>The battle crashed</b><br />You can keep playing but it might crash again.</div>
|html|<div class="broadcast-red"><b>The battle crashed</b><br />You can keep playing but it might crash again.</div>
|html|<div class="broadcast-red"><b>The battle crashed</b><br />You can keep playing but it might crash again.</div>
|html|<div class="broadcast-red"><b>The battle crashed</b><br />You can keep playing but it might crash again.</div>
|html|<div class="broadcast-red"><b>The battle crashed</b><br />You can keep playing but it might crash again.</div>
|html|<div class="broadcast-red"><b>The battle crashed</b><br />You can keep playing but it might crash again.</div>

TypeError: Cannot read property 'isActive' of null
    at Tools.Battle.makeRequest (/Users/clazinasteunenberg/Downloads/Pokemon-Showdown/battle-engine.js:1943:15)
    at process.BattlePokemon.side (/Users/clazinasteunenberg/Downloads/Pokemon-Showdown/battle-engine.js:157:13)
    at process.EventEmitter.emit (events.js:98:17)
    at handleMessage (child_process.js:318:10)
    at Pipe.channel.onread (child_process.js:345:11)

TypeError: Cannot read property 'hp' of undefined
    at Tools.exports.BattleScripts.randomCCTeam (/Users/clazinasteunenberg/Downloads/Pokemon-Showdown/data/scripts.js:528:21)
    at Tools.exports.BattleScripts.getTeam (/Users/clazinasteunenberg/Downloads/Pokemon-Showdown/data/scripts.js:485:35)
    at new BattleSide (/Users/clazinasteunenberg/Downloads/Pokemon-Showdown/battle-engine.js:1096:27)
    at Tools.Battle.join (/Users/clazinasteunenberg/Downloads/Pokemon-Showdown/battle-engine.js:3333:15)
    at Tools.Battle.receive (/Users/clazinasteunenberg/Downloads/Pokemon-Showdown/battle-engine.js:3390:9)
    at process.BattlePokemon.side (/Users/clazinasteunenberg/Downloads/Pokemon-Showdown/battle-engine.js:143:12)
    at process.EventEmitter.emit (events.js:98:17)
    at handleMessage (child_process.js:318:10)
    at Pipe.channel.onread (child_process.js:345:11)

Additional information:
message = battle-challengecup-18|join|p1|Snaquaza|101
currentRequest = 

Log:
|html|<div class="broadcast-red"><b>The battle crashed</b><br />You can keep playing but it might crash again.</div>
|html|<div class="broadcast-red"><b>The battle crashed</b><br />You can keep playing but it might crash again.</div>
|html|<div class="broadcast-red"><b>The battle crashed</b><br />You can keep playing but it might crash again.</div>
|html|<div class="broadcast-red"><b>The battle crashed</b><br />You can keep playing but it might crash again.</div>
|html|<div class="broadcast-red"><b>The battle crashed</b><br />You can keep playing but it might crash again.</div>
|html|<div class="broadcast-red"><b>The battle crashed</b><br />You can keep playing but it might crash again.</div>
|html|<div class="broadcast-red"><b>The battle crashed</b><br />You can keep playing but it might crash again.</div>
|html|<div class="broadcast-red"><b>The battle crashed</b><br />You can keep playing but it might crash again.</div>
|html|<div class="broadcast-red"><b>The battle crashed</b><br />You can keep playing but it might crash again.</div>

TypeError: Cannot read property 'isActive' of null
    at Tools.Battle.makeRequest (/Users/clazinasteunenberg/Downloads/Pokemon-Showdown/battle-engine.js:1943:15)
    at process.BattlePokemon.side (/Users/clazinasteunenberg/Downloads/Pokemon-Showdown/battle-engine.js:157:13)
    at process.EventEmitter.emit (events.js:98:17)
    at handleMessage (child_process.js:318:10)
    at Pipe.channel.onread (child_process.js:345:11)

TypeError: Cannot read property 'hp' of undefined
    at Tools.exports.BattleScripts.randomCCTeam (/Users/clazinasteunenberg/Downloads/Pokemon-Showdown/data/scripts.js:528:21)
    at Tools.exports.BattleScripts.getTeam (/Users/clazinasteunenberg/Downloads/Pokemon-Showdown/data/scripts.js:485:35)
    at new BattleSide (/Users/clazinasteunenberg/Downloads/Pokemon-Showdown/battle-engine.js:1096:27)
    at Tools.Battle.join (/Users/clazinasteunenberg/Downloads/Pokemon-Showdown/battle-engine.js:3333:15)
    at Tools.Battle.receive (/Users/clazinasteunenberg/Downloads/Pokemon-Showdown/battle-engine.js:3390:9)
    at process.BattlePokemon.side (/Users/clazinasteunenberg/Downloads/Pokemon-Showdown/battle-engine.js:143:12)
    at process.EventEmitter.emit (events.js:98:17)
    at handleMessage (child_process.js:318:10)
    at Pipe.channel.onread (child_process.js:345:11)

Additional information:
message = battle-challengecup-18|join|p1|Snaquaza|101
currentRequest = 

Log:
|html|<div class="broadcast-red"><b>The battle crashed</b><br />You can keep playing but it might crash again.</div>
|html|<div class="broadcast-red"><b>The battle crashed</b><br />You can keep playing but it might crash again.</div>
|html|<div class="broadcast-red"><b>The battle crashed</b><br />You can keep playing but it might crash again.</div>
|html|<div class="broadcast-red"><b>The battle crashed</b><br />You can keep playing but it might crash again.</div>
|html|<div class="broadcast-red"><b>The battle crashed</b><br />You can keep playing but it might crash again.</div>
|html|<div class="broadcast-red"><b>The battle crashed</b><br />You can keep playing but it might crash again.</div>
|html|<div class="broadcast-red"><b>The battle crashed</b><br />You can keep playing but it might crash again.</div>
|html|<div class="broadcast-red"><b>The battle crashed</b><br />You can keep playing but it might crash again.</div>
|html|<div class="broadcast-red"><b>The battle crashed</b><br />You can keep playing but it might crash again.</div>
|html|<div class="broadcast-red"><b>The battle crashed</b><br />You can keep playing but it might crash again.</div>

TypeError: Cannot read property 'isActive' of null
    at Tools.Battle.makeRequest (/Users/clazinasteunenberg/Downloads/Pokemon-Showdown/battle-engine.js:1943:15)
    at process.BattlePokemon.side (/Users/clazinasteunenberg/Downloads/Pokemon-Showdown/battle-engine.js:157:13)
    at process.EventEmitter.emit (events.js:98:17)
    at handleMessage (child_process.js:318:10)
    at Pipe.channel.onread (child_process.js:345:11)

TypeError: Cannot read property 'hp' of undefined
    at Tools.exports.BattleScripts.randomCCTeam (/Users/clazinasteunenberg/Downloads/Pokemon-Showdown/data/scripts.js:528:21)
    at Tools.exports.BattleScripts.getTeam (/Users/clazinasteunenberg/Downloads/Pokemon-Showdown/data/scripts.js:485:35)
    at new BattleSide (/Users/clazinasteunenberg/Downloads/Pokemon-Showdown/battle-engine.js:1096:27)
    at Tools.Battle.join (/Users/clazinasteunenberg/Downloads/Pokemon-Showdown/battle-engine.js:3333:15)
    at Tools.Battle.receive (/Users/clazinasteunenberg/Downloads/Pokemon-Showdown/battle-engine.js:3390:9)
    at process.BattlePokemon.side (/Users/clazinasteunenberg/Downloads/Pokemon-Showdown/battle-engine.js:143:12)
    at process.EventEmitter.emit (events.js:98:17)
    at handleMessage (child_process.js:318:10)
    at Pipe.channel.onread (child_process.js:345:11)

Additional information:
message = battle-challengecup-18|join|p1|Snaquaza|101
currentRequest = 

Log:
|html|<div class="broadcast-red"><b>The battle crashed</b><br />You can keep playing but it might crash again.</div>
|html|<div class="broadcast-red"><b>The battle crashed</b><br />You can keep playing but it might crash again.</div>
|html|<div class="broadcast-red"><b>The battle crashed</b><br />You can keep playing but it might crash again.</div>
|html|<div class="broadcast-red"><b>The battle crashed</b><br />You can keep playing but it might crash again.</div>
|html|<div class="broadcast-red"><b>The battle crashed</b><br />You can keep playing but it might crash again.</div>
|html|<div class="broadcast-red"><b>The battle crashed</b><br />You can keep playing but it might crash again.</div>
|html|<div class="broadcast-red"><b>The battle crashed</b><br />You can keep playing but it might crash again.</div>
|html|<div class="broadcast-red"><b>The battle crashed</b><br />You can keep playing but it might crash again.</div>
|html|<div class="broadcast-red"><b>The battle crashed</b><br />You can keep playing but it might crash again.</div>
|html|<div class="broadcast-red"><b>The battle crashed</b><br />You can keep playing but it might crash again.</div>
|html|<div class="broadcast-red"><b>The battle crashed</b><br />You can keep playing but it might crash again.</div>

TypeError: Cannot read property 'isActive' of null
    at Tools.Battle.makeRequest (/Users/clazinasteunenberg/Downloads/Pokemon-Showdown/battle-engine.js:1943:15)
    at process.BattlePokemon.side (/Users/clazinasteunenberg/Downloads/Pokemon-Showdown/battle-engine.js:157:13)
    at process.EventEmitter.emit (events.js:98:17)
    at handleMessage (child_process.js:318:10)
    at Pipe.channel.onread (child_process.js:345:11)

TypeError: Cannot read property 'hp' of undefined
    at Tools.exports.BattleScripts.randomCCTeam (/Users/clazinasteunenberg/Downloads/Pokemon-Showdown/data/scripts.js:528:21)
    at Tools.exports.BattleScripts.getTeam (/Users/clazinasteunenberg/Downloads/Pokemon-Showdown/data/scripts.js:485:35)
    at new BattleSide (/Users/clazinasteunenberg/Downloads/Pokemon-Showdown/battle-engine.js:1096:27)
    at Tools.Battle.join (/Users/clazinasteunenberg/Downloads/Pokemon-Showdown/battle-engine.js:3333:15)
    at Tools.Battle.receive (/Users/clazinasteunenberg/Downloads/Pokemon-Showdown/battle-engine.js:3390:9)
    at process.BattlePokemon.side (/Users/clazinasteunenberg/Downloads/Pokemon-Showdown/battle-engine.js:143:12)
    at process.EventEmitter.emit (events.js:98:17)
    at handleMessage (child_process.js:318:10)
    at Pipe.channel.onread (child_process.js:345:11)

Additional information:
message = battle-challengecup-18|join|p1|Snaquaza|101
currentRequest = 

Log:
|html|<div class="broadcast-red"><b>The battle crashed</b><br />You can keep playing but it might crash again.</div>
|html|<div class="broadcast-red"><b>The battle crashed</b><br />You can keep playing but it might crash again.</div>
|html|<div class="broadcast-red"><b>The battle crashed</b><br />You can keep playing but it might crash again.</div>
|html|<div class="broadcast-red"><b>The battle crashed</b><br />You can keep playing but it might crash again.</div>
|html|<div class="broadcast-red"><b>The battle crashed</b><br />You can keep playing but it might crash again.</div>
|html|<div class="broadcast-red"><b>The battle crashed</b><br />You can keep playing but it might crash again.</div>
|html|<div class="broadcast-red"><b>The battle crashed</b><br />You can keep playing but it might crash again.</div>
|html|<div class="broadcast-red"><b>The battle crashed</b><br />You can keep playing but it might crash again.</div>
|html|<div class="broadcast-red"><b>The battle crashed</b><br />You can keep playing but it might crash again.</div>
|html|<div class="broadcast-red"><b>The battle crashed</b><br />You can keep playing but it might crash again.</div>
|html|<div class="broadcast-red"><b>The battle crashed</b><br />You can keep playing but it might crash again.</div>
|html|<div class="broadcast-red"><b>The battle crashed</b><br />You can keep playing but it might crash again.</div>

TypeError: Cannot read property 'isActive' of null
    at Tools.Battle.makeRequest (/Users/clazinasteunenberg/Downloads/Pokemon-Showdown/battle-engine.js:1943:15)
    at process.BattlePokemon.side (/Users/clazinasteunenberg/Downloads/Pokemon-Showdown/battle-engine.js:157:13)
    at process.EventEmitter.emit (events.js:98:17)
    at handleMessage (child_process.js:318:10)
    at Pipe.channel.onread (child_process.js:345:11)

TypeError: Cannot call method 'validateTeam' of undefined
    at Tools.module.exports.Tools.validateTeam (/Users/clazinasteunenberg/Downloads/Pokemon-Showdown/tools.js:692:28)
    at Object.exports.commands.challenge (/Users/clazinasteunenberg/Downloads/Pokemon-Showdown/commands.js:1027:24)
    at Object.exports.parse (/Users/clazinasteunenberg/Downloads/Pokemon-Showdown/command-parser.js:192:31)
    at ChatRoom.chat (/Users/clazinasteunenberg/Downloads/Pokemon-Showdown/rooms.js:1277:27)
    at User.processChatQueue (/Users/clazinasteunenberg/Downloads/Pokemon-Showdown/users.js:1042:13)
    at Timer.listOnTimeout [as ontimeout] (timers.js:110:15)

TypeError: Cannot call method 'validateTeam' of undefined
    at Tools.module.exports.Tools.validateTeam (/Users/clazinasteunenberg/Downloads/Pokemon-Showdown/tools.js:692:28)
    at Object.exports.commands.challenge (/Users/clazinasteunenberg/Downloads/Pokemon-Showdown/commands.js:1027:24)
    at Object.exports.parse (/Users/clazinasteunenberg/Downloads/Pokemon-Showdown/command-parser.js:192:31)
    at ChatRoom.chat (/Users/clazinasteunenberg/Downloads/Pokemon-Showdown/rooms.js:1277:27)
    at User.processChatQueue (/Users/clazinasteunenberg/Downloads/Pokemon-Showdown/users.js:1042:13)
    at Timer.listOnTimeout [as ontimeout] (timers.js:110:15)

TypeError: Cannot call method 'validateTeam' of undefined
    at Tools.module.exports.Tools.validateTeam (/Users/clazinasteunenberg/Downloads/Pokemon-Showdown/tools.js:692:28)
    at Object.exports.commands.challenge (/Users/clazinasteunenberg/Downloads/Pokemon-Showdown/commands.js:1027:24)
    at Object.exports.parse (/Users/clazinasteunenberg/Downloads/Pokemon-Showdown/command-parser.js:192:31)
    at ChatRoom.chat (/Users/clazinasteunenberg/Downloads/Pokemon-Showdown/rooms.js:1277:27)
    at User.processChatQueue (/Users/clazinasteunenberg/Downloads/Pokemon-Showdown/users.js:1042:13)
    at Timer.listOnTimeout [as ontimeout] (timers.js:110:15)

SyntaxError: Unexpected identifier
    at Module._compile (module.js:439:25)
    at Object.Module._extensions..js (module.js:474:10)
    at Module.load (module.js:356:32)
    at Function.Module._load (module.js:312:12)
    at Module.require (module.js:364:17)
    at require (module.js:380:17)
    at Object.<anonymous> (/Users/clazinasteunenberg/Downloads/Pokemon-Showdown/command-parser.js:366:35)
    at Module._compile (module.js:456:26)
    at Object.Module._extensions..js (module.js:474:10)
    at Module.load (module.js:356:32)

Additional information:
user = snaquaza
ip = 127.0.0.1
roomid = 
message = |/hotpatch chat

SyntaxError: Unexpected identifier
    at Module._compile (module.js:439:25)
    at Object.Module._extensions..js (module.js:474:10)
    at Module.load (module.js:356:32)
    at Function.Module._load (module.js:312:12)
    at Module.require (module.js:364:17)
    at require (module.js:380:17)
    at Object.<anonymous> (/Users/clazinasteunenberg/Downloads/Pokemon-Showdown/command-parser.js:366:35)
    at Module._compile (module.js:456:26)
    at Object.Module._extensions..js (module.js:474:10)
    at Module.load (module.js:356:32)

Additional information:
user = snaquaza
ip = 127.0.0.1
roomid = 
message = |/hotpatch chat

SyntaxError: Unexpected identifier
    at Module._compile (module.js:439:25)
    at Object.Module._extensions..js (module.js:474:10)
    at Module.load (module.js:356:32)
    at Function.Module._load (module.js:312:12)
    at Module.require (module.js:364:17)
    at require (module.js:380:17)
    at Object.<anonymous> (/Users/clazinasteunenberg/Downloads/Pokemon-Showdown/command-parser.js:366:35)
    at Module._compile (module.js:456:26)
    at Object.Module._extensions..js (module.js:474:10)
    at Module.load (module.js:356:32)

Additional information:
user = snaquaza
ip = 127.0.0.1
roomid = 
message = |/hotpatch chat

TypeError: Cannot call method 'validateTeam' of undefined
    at Tools.module.exports.Tools.validateTeam (/Users/clazinasteunenberg/Downloads/Pokemon-Showdown/tools.js:692:28)
    at GlobalRoom.searchBattle (/Users/clazinasteunenberg/Downloads/Pokemon-Showdown/rooms.js:217:24)
    at Object.exports.commands.search (/Users/clazinasteunenberg/Downloads/Pokemon-Showdown/commands.js:1010:17)
    at Object.exports.parse (/Users/clazinasteunenberg/Downloads/Pokemon-Showdown/command-parser.js:192:31)
    at ChatRoom.chat (/Users/clazinasteunenberg/Downloads/Pokemon-Showdown/rooms.js:1277:27)
    at User.processChatQueue (/Users/clazinasteunenberg/Downloads/Pokemon-Showdown/users.js:1042:13)
    at Timer.listOnTimeout [as ontimeout] (timers.js:110:15)

TypeError: Cannot call method 'validateTeam' of undefined
    at Tools.module.exports.Tools.validateTeam (/Users/clazinasteunenberg/Downloads/Pokemon-Showdown/tools.js:692:28)
    at GlobalRoom.searchBattle (/Users/clazinasteunenberg/Downloads/Pokemon-Showdown/rooms.js:217:24)
    at Object.exports.commands.search (/Users/clazinasteunenberg/Downloads/Pokemon-Showdown/commands.js:1010:17)
    at Object.exports.parse (/Users/clazinasteunenberg/Downloads/Pokemon-Showdown/command-parser.js:192:31)
    at ChatRoom.chat (/Users/clazinasteunenberg/Downloads/Pokemon-Showdown/rooms.js:1277:27)
    at User.processChatQueue (/Users/clazinasteunenberg/Downloads/Pokemon-Showdown/users.js:1042:13)
    at Timer.listOnTimeout [as ontimeout] (timers.js:110:15)

TypeError: Cannot read property 'hp' of undefined
    at Tools.exports.BattleScripts.randomCCTeam (/Users/clazinasteunenberg/Downloads/Pokemon-Showdown/data/scripts.js:528:21)
    at Tools.exports.BattleScripts.getTeam (/Users/clazinasteunenberg/Downloads/Pokemon-Showdown/data/scripts.js:485:35)
    at new BattleSide (/Users/clazinasteunenberg/Downloads/Pokemon-Showdown/battle-engine.js:1096:27)
    at Tools.Battle.join (/Users/clazinasteunenberg/Downloads/Pokemon-Showdown/battle-engine.js:3333:15)
    at Tools.Battle.receive (/Users/clazinasteunenberg/Downloads/Pokemon-Showdown/battle-engine.js:3390:9)
    at process.BattlePokemon.side (/Users/clazinasteunenberg/Downloads/Pokemon-Showdown/battle-engine.js:143:12)
    at process.EventEmitter.emit (events.js:98:17)
    at handleMessage (child_process.js:318:10)
    at Pipe.channel.onread (child_process.js:345:11)

Additional information:
message = battle-challengecup-18|join|p1|Brunoo|1
currentRequest = 

Log:


TypeError: Cannot read property 'isActive' of null
    at Tools.Battle.makeRequest (/Users/clazinasteunenberg/Downloads/Pokemon-Showdown/battle-engine.js:1943:15)
    at process.BattlePokemon.side (/Users/clazinasteunenberg/Downloads/Pokemon-Showdown/battle-engine.js:157:13)
    at process.EventEmitter.emit (events.js:98:17)
    at handleMessage (child_process.js:318:10)
    at Pipe.channel.onread (child_process.js:345:11)

TypeError: Cannot read property 'hp' of undefined
    at Tools.exports.BattleScripts.randomCCTeam (/Users/clazinasteunenberg/Downloads/Pokemon-Showdown/data/scripts.js:528:21)
    at Tools.exports.BattleScripts.getTeam (/Users/clazinasteunenberg/Downloads/Pokemon-Showdown/data/scripts.js:485:35)
    at new BattleSide (/Users/clazinasteunenberg/Downloads/Pokemon-Showdown/battle-engine.js:1096:27)
    at Tools.Battle.join (/Users/clazinasteunenberg/Downloads/Pokemon-Showdown/battle-engine.js:3333:15)
    at Tools.Battle.receive (/Users/clazinasteunenberg/Downloads/Pokemon-Showdown/battle-engine.js:3390:9)
    at process.BattlePokemon.side (/Users/clazinasteunenberg/Downloads/Pokemon-Showdown/battle-engine.js:143:12)
    at process.EventEmitter.emit (events.js:98:17)
    at handleMessage (child_process.js:318:10)
    at Pipe.channel.onread (child_process.js:345:11)

Additional information:
message = battle-challengecup-18|join|p1|Brunoo|1
currentRequest = 

Log:
|html|<div class="broadcast-red"><b>The battle crashed</b><br />You can keep playing but it might crash again.</div>

TypeError: Cannot read property 'isActive' of null
    at Tools.Battle.makeRequest (/Users/clazinasteunenberg/Downloads/Pokemon-Showdown/battle-engine.js:1943:15)
    at process.BattlePokemon.side (/Users/clazinasteunenberg/Downloads/Pokemon-Showdown/battle-engine.js:157:13)
    at process.EventEmitter.emit (events.js:98:17)
    at handleMessage (child_process.js:318:10)
    at Pipe.channel.onread (child_process.js:345:11)

TypeError: Cannot read property 'hp' of undefined
    at Tools.exports.BattleScripts.randomCCTeam (/Users/clazinasteunenberg/Downloads/Pokemon-Showdown/data/scripts.js:528:21)
    at Tools.exports.BattleScripts.getTeam (/Users/clazinasteunenberg/Downloads/Pokemon-Showdown/data/scripts.js:485:35)
    at new BattleSide (/Users/clazinasteunenberg/Downloads/Pokemon-Showdown/battle-engine.js:1096:27)
    at Tools.Battle.join (/Users/clazinasteunenberg/Downloads/Pokemon-Showdown/battle-engine.js:3333:15)
    at Tools.Battle.receive (/Users/clazinasteunenberg/Downloads/Pokemon-Showdown/battle-engine.js:3390:9)
    at process.BattlePokemon.side (/Users/clazinasteunenberg/Downloads/Pokemon-Showdown/battle-engine.js:143:12)
    at process.EventEmitter.emit (events.js:98:17)
    at handleMessage (child_process.js:318:10)
    at Pipe.channel.onread (child_process.js:345:11)

Additional information:
message = battle-challengecup-18|join|p1|Brunoo|1
currentRequest = 

Log:
|html|<div class="broadcast-red"><b>The battle crashed</b><br />You can keep playing but it might crash again.</div>
|html|<div class="broadcast-red"><b>The battle crashed</b><br />You can keep playing but it might crash again.</div>

TypeError: Cannot read property 'isActive' of null
    at Tools.Battle.makeRequest (/Users/clazinasteunenberg/Downloads/Pokemon-Showdown/battle-engine.js:1943:15)
    at process.BattlePokemon.side (/Users/clazinasteunenberg/Downloads/Pokemon-Showdown/battle-engine.js:157:13)
    at process.EventEmitter.emit (events.js:98:17)
    at handleMessage (child_process.js:318:10)
    at Pipe.channel.onread (child_process.js:345:11)

TypeError: Cannot read property 'hp' of undefined
    at Tools.exports.BattleScripts.randomCCTeam (/Users/clazinasteunenberg/Downloads/Pokemon-Showdown/data/scripts.js:528:21)
    at Tools.exports.BattleScripts.getTeam (/Users/clazinasteunenberg/Downloads/Pokemon-Showdown/data/scripts.js:485:35)
    at new BattleSide (/Users/clazinasteunenberg/Downloads/Pokemon-Showdown/battle-engine.js:1096:27)
    at Tools.Battle.join (/Users/clazinasteunenberg/Downloads/Pokemon-Showdown/battle-engine.js:3333:15)
    at Tools.Battle.receive (/Users/clazinasteunenberg/Downloads/Pokemon-Showdown/battle-engine.js:3390:9)
    at process.BattlePokemon.side (/Users/clazinasteunenberg/Downloads/Pokemon-Showdown/battle-engine.js:143:12)
    at process.EventEmitter.emit (events.js:98:17)
    at handleMessage (child_process.js:318:10)
    at Pipe.channel.onread (child_process.js:345:11)

Additional information:
message = battle-challengecup-18|join|p1|Brunoo|1
currentRequest = 

Log:
|html|<div class="broadcast-red"><b>The battle crashed</b><br />You can keep playing but it might crash again.</div>
|html|<div class="broadcast-red"><b>The battle crashed</b><br />You can keep playing but it might crash again.</div>
|html|<div class="broadcast-red"><b>The battle crashed</b><br />You can keep playing but it might crash again.</div>

TypeError: Cannot read property 'isActive' of null
    at Tools.Battle.makeRequest (/Users/clazinasteunenberg/Downloads/Pokemon-Showdown/battle-engine.js:1943:15)
    at process.BattlePokemon.side (/Users/clazinasteunenberg/Downloads/Pokemon-Showdown/battle-engine.js:157:13)
    at process.EventEmitter.emit (events.js:98:17)
    at handleMessage (child_process.js:318:10)
    at Pipe.channel.onread (child_process.js:345:11)

TypeError: Cannot read property 'hp' of undefined
    at Tools.exports.BattleScripts.randomCCTeam (/Users/clazinasteunenberg/Downloads/Pokemon-Showdown/data/scripts.js:528:21)
    at Tools.exports.BattleScripts.getTeam (/Users/clazinasteunenberg/Downloads/Pokemon-Showdown/data/scripts.js:485:35)
    at new BattleSide (/Users/clazinasteunenberg/Downloads/Pokemon-Showdown/battle-engine.js:1096:27)
    at Tools.Battle.join (/Users/clazinasteunenberg/Downloads/Pokemon-Showdown/battle-engine.js:3333:15)
    at Tools.Battle.receive (/Users/clazinasteunenberg/Downloads/Pokemon-Showdown/battle-engine.js:3390:9)
    at process.BattlePokemon.side (/Users/clazinasteunenberg/Downloads/Pokemon-Showdown/battle-engine.js:143:12)
    at process.EventEmitter.emit (events.js:98:17)
    at handleMessage (child_process.js:318:10)
    at Pipe.channel.onread (child_process.js:345:11)

Additional information:
message = battle-challengecup-18|join|p1|Brunoo|1
currentRequest = 

Log:
|html|<div class="broadcast-red"><b>The battle crashed</b><br />You can keep playing but it might crash again.</div>
|html|<div class="broadcast-red"><b>The battle crashed</b><br />You can keep playing but it might crash again.</div>
|html|<div class="broadcast-red"><b>The battle crashed</b><br />You can keep playing but it might crash again.</div>
|html|<div class="broadcast-red"><b>The battle crashed</b><br />You can keep playing but it might crash again.</div>

TypeError: Cannot read property 'isActive' of null
    at Tools.Battle.makeRequest (/Users/clazinasteunenberg/Downloads/Pokemon-Showdown/battle-engine.js:1943:15)
    at process.BattlePokemon.side (/Users/clazinasteunenberg/Downloads/Pokemon-Showdown/battle-engine.js:157:13)
    at process.EventEmitter.emit (events.js:98:17)
    at handleMessage (child_process.js:318:10)
    at Pipe.channel.onread (child_process.js:345:11)

ReferenceError: sigh is not defined
    at Object.exports.commands.sigh (/Users/clazinasteunenberg/Downloads/Pokemon-Showdown/config/commands.js:401:12)
    at Object.exports.parse (/Users/clazinasteunenberg/Downloads/Pokemon-Showdown/command-parser.js:192:31)
    at ChatRoom.chat (/Users/clazinasteunenberg/Downloads/Pokemon-Showdown/rooms.js:1277:27)
    at User.chat (/Users/clazinasteunenberg/Downloads/Pokemon-Showdown/users.js:1028:9)
    at /Users/clazinasteunenberg/Downloads/Pokemon-Showdown/app.js:418:10
    at Array.forEach (native)
    at SockJSConnection.<anonymous> (/Users/clazinasteunenberg/Downloads/Pokemon-Showdown/app.js:417:22)
    at SockJSConnection.EventEmitter.emit (events.js:95:17)
    at Session.didMessage (/Users/clazinasteunenberg/Downloads/Pokemon-Showdown/node_modules/sockjs/lib/transport.js:212:25)
    at WebSocketReceiver.didMessage (/Users/clazinasteunenberg/Downloads/Pokemon-Showdown/node_modules/sockjs/lib/trans-websocket.js:102:40)

Additional information:
user = snaquaza
ip = 127.0.0.1
roomid = 
message = |/sigh

ReferenceError: canpet is not defined
    at Object.exports.commands.pet (/Users/clazinasteunenberg/Downloads/Pokemon-Showdown/config/commands.js:332:4)
    at Object.exports.parse (/Users/clazinasteunenberg/Downloads/Pokemon-Showdown/command-parser.js:192:31)
    at ChatRoom.chat (/Users/clazinasteunenberg/Downloads/Pokemon-Showdown/rooms.js:1277:27)
    at User.chat (/Users/clazinasteunenberg/Downloads/Pokemon-Showdown/users.js:1028:9)
    at /Users/clazinasteunenberg/Downloads/Pokemon-Showdown/app.js:418:10
    at Array.forEach (native)
    at SockJSConnection.<anonymous> (/Users/clazinasteunenberg/Downloads/Pokemon-Showdown/app.js:417:22)
    at SockJSConnection.EventEmitter.emit (events.js:95:17)
    at Session.didMessage (/Users/clazinasteunenberg/Downloads/Pokemon-Showdown/node_modules/sockjs/lib/transport.js:212:25)
    at WebSocketReceiver.didMessage (/Users/clazinasteunenberg/Downloads/Pokemon-Showdown/node_modules/sockjs/lib/trans-websocket.js:102:40)

Additional information:
user = snaquaza
ip = 127.0.0.1
roomid = 
message = |/pet

ReferenceError: canpet is not defined
    at Object.exports.commands.pet (/Users/clazinasteunenberg/Downloads/Pokemon-Showdown/config/commands.js:332:4)
    at Object.exports.parse (/Users/clazinasteunenberg/Downloads/Pokemon-Showdown/command-parser.js:192:31)
    at ChatRoom.chat (/Users/clazinasteunenberg/Downloads/Pokemon-Showdown/rooms.js:1277:27)
    at User.chat (/Users/clazinasteunenberg/Downloads/Pokemon-Showdown/users.js:1028:9)
    at /Users/clazinasteunenberg/Downloads/Pokemon-Showdown/app.js:418:10
    at Array.forEach (native)
    at SockJSConnection.<anonymous> (/Users/clazinasteunenberg/Downloads/Pokemon-Showdown/app.js:417:22)
    at SockJSConnection.EventEmitter.emit (events.js:95:17)
    at Session.didMessage (/Users/clazinasteunenberg/Downloads/Pokemon-Showdown/node_modules/sockjs/lib/transport.js:212:25)
    at WebSocketReceiver.didMessage (/Users/clazinasteunenberg/Downloads/Pokemon-Showdown/node_modules/sockjs/lib/trans-websocket.js:102:40)

Additional information:
user = namin
ip = 85.151.31.30
roomid = 
message = |/pet SpartanMalice

SyntaxError: Unexpected token :
    at Module._compile (module.js:439:25)
    at Object.Module._extensions..js (module.js:474:10)
    at Module.load (module.js:356:32)
    at Function.Module._load (module.js:312:12)
    at Module.require (module.js:364:17)
    at require (module.js:380:17)
    at Object.<anonymous> (/Users/clazinasteunenberg/Downloads/Pokemon-Showdown/command-parser.js:368:22)
    at Module._compile (module.js:456:26)
    at Object.Module._extensions..js (module.js:474:10)
    at Module.load (module.js:356:32)

Additional information:
user = snaquaza
ip = 127.0.0.1
roomid = 
message = |/hotpatch chat

ReferenceError: canpet is not defined
    at Object.exports.commands.pet (/Users/clazinasteunenberg/Downloads/Pokemon-Showdown/config/commands.js:332:4)
    at Object.exports.parse (/Users/clazinasteunenberg/Downloads/Pokemon-Showdown/command-parser.js:192:31)
    at ChatRoom.chat (/Users/clazinasteunenberg/Downloads/Pokemon-Showdown/rooms.js:1277:27)
    at User.chat (/Users/clazinasteunenberg/Downloads/Pokemon-Showdown/users.js:1028:9)
    at /Users/clazinasteunenberg/Downloads/Pokemon-Showdown/app.js:418:10
    at Array.forEach (native)
    at SockJSConnection.<anonymous> (/Users/clazinasteunenberg/Downloads/Pokemon-Showdown/app.js:417:22)
    at SockJSConnection.EventEmitter.emit (events.js:95:17)
    at Session.didMessage (/Users/clazinasteunenberg/Downloads/Pokemon-Showdown/node_modules/sockjs/lib/transport.js:212:25)
    at WebSocketReceiver.didMessage (/Users/clazinasteunenberg/Downloads/Pokemon-Showdown/node_modules/sockjs/lib/trans-websocket.js:102:40)

Additional information:
user = snaquaza
ip = 127.0.0.1
roomid = 
message = |/pet

ReferenceError: canpet is not defined
    at Object.exports.commands.pet (/Users/clazinasteunenberg/Downloads/Pokemon-Showdown/config/commands.js:332:4)
    at Object.exports.parse (/Users/clazinasteunenberg/Downloads/Pokemon-Showdown/command-parser.js:192:31)
    at ChatRoom.chat (/Users/clazinasteunenberg/Downloads/Pokemon-Showdown/rooms.js:1277:27)
    at User.chat (/Users/clazinasteunenberg/Downloads/Pokemon-Showdown/users.js:1028:9)
    at /Users/clazinasteunenberg/Downloads/Pokemon-Showdown/app.js:418:10
    at Array.forEach (native)
    at SockJSConnection.<anonymous> (/Users/clazinasteunenberg/Downloads/Pokemon-Showdown/app.js:417:22)
    at SockJSConnection.EventEmitter.emit (events.js:95:17)
    at Session.didMessage (/Users/clazinasteunenberg/Downloads/Pokemon-Showdown/node_modules/sockjs/lib/transport.js:212:25)
    at WebSocketReceiver.didMessage (/Users/clazinasteunenberg/Downloads/Pokemon-Showdown/node_modules/sockjs/lib/trans-websocket.js:102:40)

Additional information:
user = realpresent
ip = 85.151.31.30
roomid = 
message = |/pet 

SyntaxError: Unexpected token :
    at Module._compile (module.js:439:25)
    at Object.Module._extensions..js (module.js:474:10)
    at Module.load (module.js:356:32)
    at Function.Module._load (module.js:312:12)
    at Module.require (module.js:364:17)
    at require (module.js:380:17)
    at Object.<anonymous> (/Users/clazinasteunenberg/Downloads/Pokemon-Showdown/command-parser.js:368:22)
    at Module._compile (module.js:456:26)
    at Object.Module._extensions..js (module.js:474:10)
    at Module.load (module.js:356:32)

Additional information:
user = realpresent
ip = 85.151.31.30
roomid = private
message = private|/hotpatch chat

SyntaxError: Unexpected identifier
    at Module._compile (module.js:439:25)
    at Object.Module._extensions..js (module.js:474:10)
    at Module.load (module.js:356:32)
    at Function.Module._load (module.js:312:12)
    at Module.require (module.js:364:17)
    at require (module.js:380:17)
    at Object.<anonymous> (/Users/clazinasteunenberg/Downloads/Pokemon-Showdown/command-parser.js:368:22)
    at Module._compile (module.js:456:26)
    at Object.Module._extensions..js (module.js:474:10)
    at Module.load (module.js:356:32)

Additional information:
user = snaquaza
ip = 127.0.0.1
roomid = 
message = |/hotpatch chat

SyntaxError: Unexpected token <
    at Module._compile (module.js:439:25)
    at Object.Module._extensions..js (module.js:474:10)
    at Module.load (module.js:356:32)
    at Function.Module._load (module.js:312:12)
    at Module.require (module.js:364:17)
    at require (module.js:380:17)
    at Object.<anonymous> (/Users/clazinasteunenberg/Downloads/Pokemon-Showdown/command-parser.js:368:22)
    at Module._compile (module.js:456:26)
    at Object.Module._extensions..js (module.js:474:10)
    at Module.load (module.js:356:32)

Additional information:
user = snaquaza
ip = 127.0.0.1
roomid = 
message = |/hotpatch chat

SyntaxError: Unexpected token <
    at Module._compile (module.js:439:25)
    at Object.Module._extensions..js (module.js:474:10)
    at Module.load (module.js:356:32)
    at Function.Module._load (module.js:312:12)
    at Module.require (module.js:364:17)
    at require (module.js:380:17)
    at Object.<anonymous> (/Users/clazinasteunenberg/Downloads/Pokemon-Showdown/command-parser.js:368:22)
    at Module._compile (module.js:456:26)
    at Object.Module._extensions..js (module.js:474:10)
    at Module.load (module.js:356:32)

Additional information:
user = snaquaza
ip = 127.0.0.1
roomid = 
message = |/hotpatch chat

SyntaxError: Unexpected token <
    at Module._compile (module.js:439:25)
    at Object.Module._extensions..js (module.js:474:10)
    at Module.load (module.js:356:32)
    at Function.Module._load (module.js:312:12)
    at Module.require (module.js:364:17)
    at require (module.js:380:17)
    at Object.<anonymous> (/Users/clazinasteunenberg/Downloads/Pokemon-Showdown/command-parser.js:368:22)
    at Module._compile (module.js:456:26)
    at Object.Module._extensions..js (module.js:474:10)
    at Module.load (module.js:356:32)

Additional information:
user = snaquaza
ip = 127.0.0.1
roomid = 
message = |/hotpatch chat

SyntaxError: Unexpected token <
    at Module._compile (module.js:439:25)
    at Object.Module._extensions..js (module.js:474:10)
    at Module.load (module.js:356:32)
    at Function.Module._load (module.js:312:12)
    at Module.require (module.js:364:17)
    at require (module.js:380:17)
    at Object.<anonymous> (/Users/clazinasteunenberg/Downloads/Pokemon-Showdown/command-parser.js:368:22)
    at Module._compile (module.js:456:26)
    at Object.Module._extensions..js (module.js:474:10)
    at Module.load (module.js:356:32)

Additional information:
user = snaquaza
ip = 127.0.0.1
roomid = 
message = |/hotpatch chat

SyntaxError: Unexpected identifier
    at Module._compile (module.js:439:25)
    at Object.Module._extensions..js (module.js:474:10)
    at Module.load (module.js:356:32)
    at Function.Module._load (module.js:312:12)
    at Module.require (module.js:364:17)
    at require (module.js:380:17)
    at Object.<anonymous> (/Users/clazinasteunenberg/Downloads/Pokemon-Showdown/command-parser.js:368:22)
    at Module._compile (module.js:456:26)
    at Object.Module._extensions..js (module.js:474:10)
    at Module.load (module.js:356:32)

Additional information:
user = snaquaza
ip = 127.0.0.1
roomid = 
message = |/hotpatch chat

SyntaxError: Unexpected identifier
    at Module._compile (module.js:439:25)
    at Object.Module._extensions..js (module.js:474:10)
    at Module.load (module.js:356:32)
    at Function.Module._load (module.js:312:12)
    at Module.require (module.js:364:17)
    at require (module.js:380:17)
    at Object.<anonymous> (/Users/clazinasteunenberg/Downloads/Pokemon-Showdown/command-parser.js:368:22)
    at Module._compile (module.js:456:26)
    at Object.Module._extensions..js (module.js:474:10)
    at Module.load (module.js:356:32)

Additional information:
user = snaquaza
ip = 127.0.0.1
roomid = 
message = |/hotpatch chat

SyntaxError: Unexpected identifier
    at Module._compile (module.js:439:25)
    at Object.Module._extensions..js (module.js:474:10)
    at Module.load (module.js:356:32)
    at Function.Module._load (module.js:312:12)
    at Module.require (module.js:364:17)
    at require (module.js:380:17)
    at Object.<anonymous> (/Users/clazinasteunenberg/Downloads/Pokemon-Showdown/command-parser.js:368:22)
    at Module._compile (module.js:456:26)
    at Object.Module._extensions..js (module.js:474:10)
    at Module.load (module.js:356:32)

Additional information:
user = snaquaza
ip = 127.0.0.1
roomid = 
message = |/hotpatch chat

SyntaxError: Unexpected identifier
    at Module._compile (module.js:439:25)
    at Object.Module._extensions..js (module.js:474:10)
    at Module.load (module.js:356:32)
    at Function.Module._load (module.js:312:12)
    at Module.require (module.js:364:17)
    at require (module.js:380:17)
    at Object.<anonymous> (/Users/clazinasteunenberg/Downloads/Pokemon-Showdown/command-parser.js:368:22)
    at Module._compile (module.js:456:26)
    at Object.Module._extensions..js (module.js:474:10)
    at Module.load (module.js:356:32)

Additional information:
user = snaquaza
ip = 127.0.0.1
roomid = 
message = |/hotpatch chat

SyntaxError: Unexpected token <
    at Module._compile (module.js:439:25)
    at Object.Module._extensions..js (module.js:474:10)
    at Module.load (module.js:356:32)
    at Function.Module._load (module.js:312:12)
    at Module.require (module.js:364:17)
    at require (module.js:380:17)
    at Object.<anonymous> (/Users/clazinasteunenberg/Downloads/Pokemon-Showdown/command-parser.js:368:22)
    at Module._compile (module.js:456:26)
    at Object.Module._extensions..js (module.js:474:10)
    at Module.load (module.js:356:32)

Additional information:
user = snaquaza
ip = 127.0.0.1
roomid = 
message = |/hotpatch chat

SyntaxError: Unexpected identifier
    at Module._compile (module.js:439:25)
    at Object.Module._extensions..js (module.js:474:10)
    at Module.load (module.js:356:32)
    at Function.Module._load (module.js:312:12)
    at Module.require (module.js:364:17)
    at require (module.js:380:17)
    at Object.<anonymous> (/Users/clazinasteunenberg/Downloads/Pokemon-Showdown/command-parser.js:368:22)
    at Module._compile (module.js:456:26)
    at Object.Module._extensions..js (module.js:474:10)
    at Module.load (module.js:356:32)

Additional information:
user = snaquaza
ip = 127.0.0.1
roomid = 
message = |/hotpatch chat

SyntaxError: Unexpected token (
    at Module._compile (module.js:439:25)
    at Object.Module._extensions..js (module.js:474:10)
    at Module.load (module.js:356:32)
    at Function.Module._load (module.js:312:12)
    at Module.require (module.js:364:17)
    at require (module.js:380:17)
    at Object.<anonymous> (/Users/clazinasteunenberg/Downloads/Pokemon-Showdown/command-parser.js:368:22)
    at Module._compile (module.js:456:26)
    at Object.Module._extensions..js (module.js:474:10)
    at Module.load (module.js:356:32)

Additional information:
user = snaquaza
ip = 127.0.0.1
roomid = 
message = |/hotpatch chat

SyntaxError: Unexpected token (
    at Module._compile (module.js:439:25)
    at Object.Module._extensions..js (module.js:474:10)
    at Module.load (module.js:356:32)
    at Function.Module._load (module.js:312:12)
    at Module.require (module.js:364:17)
    at require (module.js:380:17)
    at Object.<anonymous> (/Users/clazinasteunenberg/Downloads/Pokemon-Showdown/command-parser.js:366:35)
    at Module._compile (module.js:456:26)
    at Object.Module._extensions..js (module.js:474:10)
    at Module.load (module.js:356:32)

Additional information:
user = snaquaza
ip = 127.0.0.1
roomid = 
message = |/hotpatch chat

ReferenceError: tour is not defined
    at Object.exports.commands.tour (/Users/clazinasteunenberg/Downloads/Pokemon-Showdown/commands.js:25:7)
    at Object.exports.parse (/Users/clazinasteunenberg/Downloads/Pokemon-Showdown/command-parser.js:192:31)
    at ChatRoom.chat (/Users/clazinasteunenberg/Downloads/Pokemon-Showdown/rooms.js:1277:27)
    at User.chat (/Users/clazinasteunenberg/Downloads/Pokemon-Showdown/users.js:1028:9)
    at /Users/clazinasteunenberg/Downloads/Pokemon-Showdown/app.js:418:10
    at Array.forEach (native)
    at SockJSConnection.<anonymous> (/Users/clazinasteunenberg/Downloads/Pokemon-Showdown/app.js:417:22)
    at SockJSConnection.EventEmitter.emit (events.js:95:17)
    at Session.didMessage (/Users/clazinasteunenberg/Downloads/Pokemon-Showdown/node_modules/sockjs/lib/transport.js:212:25)
    at WebSocketReceiver.didMessage (/Users/clazinasteunenberg/Downloads/Pokemon-Showdown/node_modules/sockjs/lib/trans-websocket.js:102:40)

Additional information:
user = snaquaza
ip = 127.0.0.1
roomid = 
message = |/tour tervariou, 4

ReferenceError: tour is not defined
    at Object.exports.commands.tour (/Users/clazinasteunenberg/Downloads/Pokemon-Showdown/commands.js:25:7)
    at Object.exports.parse (/Users/clazinasteunenberg/Downloads/Pokemon-Showdown/command-parser.js:192:31)
    at ChatRoom.chat (/Users/clazinasteunenberg/Downloads/Pokemon-Showdown/rooms.js:1277:27)
    at User.chat (/Users/clazinasteunenberg/Downloads/Pokemon-Showdown/users.js:1028:9)
    at /Users/clazinasteunenberg/Downloads/Pokemon-Showdown/app.js:418:10
    at Array.forEach (native)
    at SockJSConnection.<anonymous> (/Users/clazinasteunenberg/Downloads/Pokemon-Showdown/app.js:417:22)
    at SockJSConnection.EventEmitter.emit (events.js:95:17)
    at Session.didMessage (/Users/clazinasteunenberg/Downloads/Pokemon-Showdown/node_modules/sockjs/lib/transport.js:212:25)
    at WebSocketReceiver.didMessage (/Users/clazinasteunenberg/Downloads/Pokemon-Showdown/node_modules/sockjs/lib/trans-websocket.js:102:40)

Additional information:
user = snaquaza
ip = 127.0.0.1
roomid = 
message = |/tour ou, 4

ReferenceError: cangr is not defined
    at Object.exports.commands.gr (/Users/clazinasteunenberg/Downloads/Pokemon-Showdown/commands.js:824:13)
    at Object.exports.parse (/Users/clazinasteunenberg/Downloads/Pokemon-Showdown/command-parser.js:192:31)
    at ChatRoom.chat (/Users/clazinasteunenberg/Downloads/Pokemon-Showdown/rooms.js:1277:27)
    at User.chat (/Users/clazinasteunenberg/Downloads/Pokemon-Showdown/users.js:1028:9)
    at /Users/clazinasteunenberg/Downloads/Pokemon-Showdown/app.js:418:10
    at Array.forEach (native)
    at SockJSConnection.<anonymous> (/Users/clazinasteunenberg/Downloads/Pokemon-Showdown/app.js:417:22)
    at SockJSConnection.EventEmitter.emit (events.js:95:17)
    at Session.didMessage (/Users/clazinasteunenberg/Downloads/Pokemon-Showdown/node_modules/sockjs/lib/transport.js:212:25)
    at WebSocketReceiver.didMessage (/Users/clazinasteunenberg/Downloads/Pokemon-Showdown/node_modules/sockjs/lib/trans-websocket.js:102:40)

Additional information:
user = snaquaza
ip = 127.0.0.1
roomid = 
message = |/gr PokermansCoach

ReferenceError: cangr is not defined
    at Object.exports.commands.gr (/Users/clazinasteunenberg/Downloads/Pokemon-Showdown/commands.js:824:13)
    at Object.exports.parse (/Users/clazinasteunenberg/Downloads/Pokemon-Showdown/command-parser.js:192:31)
    at ChatRoom.chat (/Users/clazinasteunenberg/Downloads/Pokemon-Showdown/rooms.js:1277:27)
    at User.chat (/Users/clazinasteunenberg/Downloads/Pokemon-Showdown/users.js:1028:9)
    at /Users/clazinasteunenberg/Downloads/Pokemon-Showdown/app.js:418:10
    at Array.forEach (native)
    at SockJSConnection.<anonymous> (/Users/clazinasteunenberg/Downloads/Pokemon-Showdown/app.js:417:22)
    at SockJSConnection.EventEmitter.emit (events.js:95:17)
    at Session.didMessage (/Users/clazinasteunenberg/Downloads/Pokemon-Showdown/node_modules/sockjs/lib/transport.js:212:25)
    at WebSocketReceiver.didMessage (/Users/clazinasteunenberg/Downloads/Pokemon-Showdown/node_modules/sockjs/lib/trans-websocket.js:102:40)

Additional information:
user = snaquaza
ip = 127.0.0.1
roomid = 
message = |/gr PokermansCoach

ReferenceError: cangr is not defined
    at Object.exports.commands.gron (/Users/clazinasteunenberg/Downloads/Pokemon-Showdown/commands.js:796:7)
    at Object.exports.parse (/Users/clazinasteunenberg/Downloads/Pokemon-Showdown/command-parser.js:192:31)
    at ChatRoom.chat (/Users/clazinasteunenberg/Downloads/Pokemon-Showdown/rooms.js:1277:27)
    at User.chat (/Users/clazinasteunenberg/Downloads/Pokemon-Showdown/users.js:1028:9)
    at /Users/clazinasteunenberg/Downloads/Pokemon-Showdown/app.js:418:10
    at Array.forEach (native)
    at SockJSConnection.<anonymous> (/Users/clazinasteunenberg/Downloads/Pokemon-Showdown/app.js:417:22)
    at SockJSConnection.EventEmitter.emit (events.js:95:17)
    at Session.didMessage (/Users/clazinasteunenberg/Downloads/Pokemon-Showdown/node_modules/sockjs/lib/transport.js:212:25)
    at WebSocketReceiver.didMessage (/Users/clazinasteunenberg/Downloads/Pokemon-Showdown/node_modules/sockjs/lib/trans-websocket.js:102:40)

Additional information:
user = snaquaza
ip = 127.0.0.1
roomid = 
message = |/gron

ReferenceError: hashColor is not defined
    at Object.exports.commands.cpoof (/Users/clazinasteunenberg/Downloads/Pokemon-Showdown/commands.js:793:37)
    at Object.exports.parse (/Users/clazinasteunenberg/Downloads/Pokemon-Showdown/command-parser.js:192:31)
    at ChatRoom.chat (/Users/clazinasteunenberg/Downloads/Pokemon-Showdown/rooms.js:1277:27)
    at User.chat (/Users/clazinasteunenberg/Downloads/Pokemon-Showdown/users.js:1028:9)
    at /Users/clazinasteunenberg/Downloads/Pokemon-Showdown/app.js:418:10
    at Array.forEach (native)
    at SockJSConnection.<anonymous> (/Users/clazinasteunenberg/Downloads/Pokemon-Showdown/app.js:417:22)
    at SockJSConnection.EventEmitter.emit (events.js:95:17)
    at Session.didMessage (/Users/clazinasteunenberg/Downloads/Pokemon-Showdown/node_modules/sockjs/lib/transport.js:212:25)
    at WebSocketReceiver.didMessage (/Users/clazinasteunenberg/Downloads/Pokemon-Showdown/node_modules/sockjs/lib/trans-websocket.js:102:40)

Additional information:
user = snaquaza
ip = 127.0.0.1
roomid = 
message = |/cpoof test

ReferenceError: hashColor is not defined
    at Object.exports.commands.d (/Users/clazinasteunenberg/Downloads/Pokemon-Showdown/commands.js:737:36)
    at Object.exports.parse (/Users/clazinasteunenberg/Downloads/Pokemon-Showdown/command-parser.js:192:31)
    at ChatRoom.chat (/Users/clazinasteunenberg/Downloads/Pokemon-Showdown/rooms.js:1277:27)
    at User.chat (/Users/clazinasteunenberg/Downloads/Pokemon-Showdown/users.js:1028:9)
    at /Users/clazinasteunenberg/Downloads/Pokemon-Showdown/app.js:418:10
    at Array.forEach (native)
    at SockJSConnection.<anonymous> (/Users/clazinasteunenberg/Downloads/Pokemon-Showdown/app.js:417:22)
    at SockJSConnection.EventEmitter.emit (events.js:95:17)
    at Session.didMessage (/Users/clazinasteunenberg/Downloads/Pokemon-Showdown/node_modules/sockjs/lib/transport.js:212:25)
    at WebSocketReceiver.didMessage (/Users/clazinasteunenberg/Downloads/Pokemon-Showdown/node_modules/sockjs/lib/trans-websocket.js:102:40)

Additional information:
user = kalenz
ip = 201.230.232.228
roomid = 
message = |/poof

TypeError: Object #<Object> has no method 'sendReplyNobox'
    at Object.exports.commands.vr (/Users/clazinasteunenberg/Downloads/Pokemon-Showdown/commands.js:486:8)
    at Object.exports.parse (/Users/clazinasteunenberg/Downloads/Pokemon-Showdown/command-parser.js:192:31)
    at ChatRoom.chat (/Users/clazinasteunenberg/Downloads/Pokemon-Showdown/rooms.js:1277:27)
    at User.chat (/Users/clazinasteunenberg/Downloads/Pokemon-Showdown/users.js:1028:9)
    at /Users/clazinasteunenberg/Downloads/Pokemon-Showdown/app.js:418:10
    at Array.forEach (native)
    at SockJSConnection.<anonymous> (/Users/clazinasteunenberg/Downloads/Pokemon-Showdown/app.js:417:22)
    at SockJSConnection.EventEmitter.emit (events.js:95:17)
    at Session.didMessage (/Users/clazinasteunenberg/Downloads/Pokemon-Showdown/node_modules/sockjs/lib/transport.js:212:25)
    at WebSocketReceiver.didMessage (/Users/clazinasteunenberg/Downloads/Pokemon-Showdown/node_modules/sockjs/lib/trans-websocket.js:102:40)

Additional information:
user = snaquaza
ip = 127.0.0.1
roomid = 
message = |/vr

ReferenceError: hashColor is not defined
    at Object.exports.commands.d (/Users/clazinasteunenberg/Downloads/Pokemon-Showdown/commands.js:737:36)
    at Object.exports.parse (/Users/clazinasteunenberg/Downloads/Pokemon-Showdown/command-parser.js:192:31)
    at ChatRoom.chat (/Users/clazinasteunenberg/Downloads/Pokemon-Showdown/rooms.js:1277:27)
    at User.chat (/Users/clazinasteunenberg/Downloads/Pokemon-Showdown/users.js:1028:9)
    at /Users/clazinasteunenberg/Downloads/Pokemon-Showdown/app.js:418:10
    at Array.forEach (native)
    at SockJSConnection.<anonymous> (/Users/clazinasteunenberg/Downloads/Pokemon-Showdown/app.js:417:22)
    at SockJSConnection.EventEmitter.emit (events.js:95:17)
    at Session.didMessage (/Users/clazinasteunenberg/Downloads/Pokemon-Showdown/node_modules/sockjs/lib/transport.js:212:25)
    at WebSocketReceiver.didMessage (/Users/clazinasteunenberg/Downloads/Pokemon-Showdown/node_modules/sockjs/lib/trans-websocket.js:102:40)

Additional information:
user = snaquaza
ip = 127.0.0.1
roomid = 
message = |/poof

ReferenceError: hashColor is not defined
    at Object.exports.commands.cpoof (/Users/clazinasteunenberg/Downloads/Pokemon-Showdown/commands.js:792:37)
    at Object.exports.parse (/Users/clazinasteunenberg/Downloads/Pokemon-Showdown/command-parser.js:192:31)
    at ChatRoom.chat (/Users/clazinasteunenberg/Downloads/Pokemon-Showdown/rooms.js:1277:27)
    at User.chat (/Users/clazinasteunenberg/Downloads/Pokemon-Showdown/users.js:1028:9)
    at /Users/clazinasteunenberg/Downloads/Pokemon-Showdown/app.js:418:10
    at Array.forEach (native)
    at SockJSConnection.<anonymous> (/Users/clazinasteunenberg/Downloads/Pokemon-Showdown/app.js:417:22)
    at SockJSConnection.EventEmitter.emit (events.js:95:17)
    at Session.didMessage (/Users/clazinasteunenberg/Downloads/Pokemon-Showdown/node_modules/sockjs/lib/transport.js:212:25)
    at WebSocketReceiver.didMessage (/Users/clazinasteunenberg/Downloads/Pokemon-Showdown/node_modules/sockjs/lib/trans-websocket.js:102:40)

Additional information:
user = snaquaza
ip = 127.0.0.1
roomid = 
message = |/cpoof

ReferenceError: cangr is not defined
    at Object.exports.commands.gr (/Users/clazinasteunenberg/Downloads/Pokemon-Showdown/commands.js:819:20)
    at Object.exports.parse (/Users/clazinasteunenberg/Downloads/Pokemon-Showdown/command-parser.js:192:31)
    at ChatRoom.chat (/Users/clazinasteunenberg/Downloads/Pokemon-Showdown/rooms.js:1277:27)
    at User.chat (/Users/clazinasteunenberg/Downloads/Pokemon-Showdown/users.js:1028:9)
    at /Users/clazinasteunenberg/Downloads/Pokemon-Showdown/app.js:418:10
    at Array.forEach (native)
    at SockJSConnection.<anonymous> (/Users/clazinasteunenberg/Downloads/Pokemon-Showdown/app.js:417:22)
    at SockJSConnection.EventEmitter.emit (events.js:95:17)
    at Session.didMessage (/Users/clazinasteunenberg/Downloads/Pokemon-Showdown/node_modules/sockjs/lib/transport.js:212:25)
    at WebSocketReceiver.didMessage (/Users/clazinasteunenberg/Downloads/Pokemon-Showdown/node_modules/sockjs/lib/trans-websocket.js:102:40)

Additional information:
user = snaquaza
ip = 127.0.0.1
roomid = 
message = |/gr RealPresent

ReferenceError: cangr is not defined
    at Object.exports.commands.gr (/Users/clazinasteunenberg/Downloads/Pokemon-Showdown/commands.js:819:20)
    at Object.exports.parse (/Users/clazinasteunenberg/Downloads/Pokemon-Showdown/command-parser.js:192:31)
    at ChatRoom.chat (/Users/clazinasteunenberg/Downloads/Pokemon-Showdown/rooms.js:1277:27)
    at User.chat (/Users/clazinasteunenberg/Downloads/Pokemon-Showdown/users.js:1028:9)
    at /Users/clazinasteunenberg/Downloads/Pokemon-Showdown/app.js:418:10
    at Array.forEach (native)
    at SockJSConnection.<anonymous> (/Users/clazinasteunenberg/Downloads/Pokemon-Showdown/app.js:417:22)
    at SockJSConnection.EventEmitter.emit (events.js:95:17)
    at Session.didMessage (/Users/clazinasteunenberg/Downloads/Pokemon-Showdown/node_modules/sockjs/lib/transport.js:212:25)
    at WebSocketReceiver.didMessage (/Users/clazinasteunenberg/Downloads/Pokemon-Showdown/node_modules/sockjs/lib/trans-websocket.js:102:40)

Additional information:
user = snaquaza
ip = 127.0.0.1
roomid = 
message = |/gr

ReferenceError: cangr is not defined
    at Object.exports.commands.gron (/Users/clazinasteunenberg/Downloads/Pokemon-Showdown/commands.js:793:28)
    at Object.exports.parse (/Users/clazinasteunenberg/Downloads/Pokemon-Showdown/command-parser.js:192:31)
    at ChatRoom.chat (/Users/clazinasteunenberg/Downloads/Pokemon-Showdown/rooms.js:1277:27)
    at User.chat (/Users/clazinasteunenberg/Downloads/Pokemon-Showdown/users.js:1028:9)
    at /Users/clazinasteunenberg/Downloads/Pokemon-Showdown/app.js:418:10
    at Array.forEach (native)
    at SockJSConnection.<anonymous> (/Users/clazinasteunenberg/Downloads/Pokemon-Showdown/app.js:417:22)
    at SockJSConnection.EventEmitter.emit (events.js:95:17)
    at Session.didMessage (/Users/clazinasteunenberg/Downloads/Pokemon-Showdown/node_modules/sockjs/lib/transport.js:212:25)
    at WebSocketReceiver.didMessage (/Users/clazinasteunenberg/Downloads/Pokemon-Showdown/node_modules/sockjs/lib/trans-websocket.js:102:40)

Additional information:
user = snaquaza
ip = 127.0.0.1
roomid = 
message = |/gron

SyntaxError: Unexpected identifier
    at Module._compile (module.js:439:25)
    at Object.Module._extensions..js (module.js:474:10)
    at Module.load (module.js:356:32)
    at Function.Module._load (module.js:312:12)
    at Module.require (module.js:364:17)
    at require (module.js:380:17)
    at Object.<anonymous> (/Users/clazinasteunenberg/Downloads/Pokemon-Showdown/command-parser.js:366:35)
    at Module._compile (module.js:456:26)
    at Object.Module._extensions..js (module.js:474:10)
    at Module.load (module.js:356:32)

Additional information:
user = snaquaza
ip = 127.0.0.1
roomid = 
message = |/hotpatch chat

SyntaxError: Unexpected identifier
    at Module._compile (module.js:439:25)
    at Object.Module._extensions..js (module.js:474:10)
    at Module.load (module.js:356:32)
    at Function.Module._load (module.js:312:12)
    at Module.require (module.js:364:17)
    at require (module.js:380:17)
    at Object.<anonymous> (/Users/clazinasteunenberg/Downloads/Pokemon-Showdown/command-parser.js:366:35)
    at Module._compile (module.js:456:26)
    at Object.Module._extensions..js (module.js:474:10)
    at Module.load (module.js:356:32)

Additional information:
user = snaquaza
ip = 127.0.0.1
roomid = 
message = |/hotpatch chat

SyntaxError: Unexpected identifier
    at Module._compile (module.js:439:25)
    at Object.Module._extensions..js (module.js:474:10)
    at Module.load (module.js:356:32)
    at Function.Module._load (module.js:312:12)
    at Module.require (module.js:364:17)
    at require (module.js:380:17)
    at Object.<anonymous> (/Users/clazinasteunenberg/Downloads/Pokemon-Showdown/command-parser.js:366:35)
    at Module._compile (module.js:456:26)
    at Object.Module._extensions..js (module.js:474:10)
    at Module.load (module.js:356:32)

Additional information:
user = snaquaza
ip = 127.0.0.1
roomid = 
message = |/hotpatch chat

TypeError: Object #<Object> has no method 'sendReplyNobox'
    at Object.exports.commands.vr (/Users/clazinasteunenberg/Downloads/Pokemon-Showdown/commands.js:486:8)
    at Object.exports.parse (/Users/clazinasteunenberg/Downloads/Pokemon-Showdown/command-parser.js:192:31)
    at ChatRoom.chat (/Users/clazinasteunenberg/Downloads/Pokemon-Showdown/rooms.js:1277:27)
    at User.chat (/Users/clazinasteunenberg/Downloads/Pokemon-Showdown/users.js:1028:9)
    at /Users/clazinasteunenberg/Downloads/Pokemon-Showdown/app.js:418:10
    at Array.forEach (native)
    at SockJSConnection.<anonymous> (/Users/clazinasteunenberg/Downloads/Pokemon-Showdown/app.js:417:22)
    at SockJSConnection.EventEmitter.emit (events.js:95:17)
    at Session.didMessage (/Users/clazinasteunenberg/Downloads/Pokemon-Showdown/node_modules/sockjs/lib/transport.js:212:25)
    at WebSocketReceiver.didMessage (/Users/clazinasteunenberg/Downloads/Pokemon-Showdown/node_modules/sockjs/lib/trans-websocket.js:102:40)

Additional information:
user = snaquaza
ip = 127.0.0.1
roomid = 
message = |/vr

TypeError: Object #<Object> has no method 'sendReplyNobox'
    at Object.exports.commands.vr (/Users/clazinasteunenberg/Downloads/Pokemon-Showdown/commands.js:486:8)
    at Object.exports.parse (/Users/clazinasteunenberg/Downloads/Pokemon-Showdown/command-parser.js:192:31)
    at ChatRoom.chat (/Users/clazinasteunenberg/Downloads/Pokemon-Showdown/rooms.js:1277:27)
    at User.chat (/Users/clazinasteunenberg/Downloads/Pokemon-Showdown/users.js:1028:9)
    at /Users/clazinasteunenberg/Downloads/Pokemon-Showdown/app.js:418:10
    at Array.forEach (native)
    at SockJSConnection.<anonymous> (/Users/clazinasteunenberg/Downloads/Pokemon-Showdown/app.js:417:22)
    at SockJSConnection.EventEmitter.emit (events.js:95:17)
    at Session.didMessage (/Users/clazinasteunenberg/Downloads/Pokemon-Showdown/node_modules/sockjs/lib/transport.js:212:25)
    at WebSocketReceiver.didMessage (/Users/clazinasteunenberg/Downloads/Pokemon-Showdown/node_modules/sockjs/lib/trans-websocket.js:102:40)

Additional information:
user = snaquaza
ip = 127.0.0.1
roomid = 
message = |/vr

TypeError: Cannot read property 'status' of undefined
    at Object.exports.commands.dq (/Users/clazinasteunenberg/Downloads/Pokemon-Showdown/commands.js:497:20)
    at Object.exports.parse (/Users/clazinasteunenberg/Downloads/Pokemon-Showdown/command-parser.js:192:31)
    at BattleRoom.chat (/Users/clazinasteunenberg/Downloads/Pokemon-Showdown/rooms.js:970:27)
    at User.chat (/Users/clazinasteunenberg/Downloads/Pokemon-Showdown/users.js:1028:9)
    at /Users/clazinasteunenberg/Downloads/Pokemon-Showdown/app.js:418:10
    at Array.forEach (native)
    at SockJSConnection.<anonymous> (/Users/clazinasteunenberg/Downloads/Pokemon-Showdown/app.js:417:22)
    at SockJSConnection.EventEmitter.emit (events.js:95:17)
    at Session.didMessage (/Users/clazinasteunenberg/Downloads/Pokemon-Showdown/node_modules/sockjs/lib/transport.js:212:25)
    at WebSocketReceiver.didMessage (/Users/clazinasteunenberg/Downloads/Pokemon-Showdown/node_modules/sockjs/lib/trans-websocket.js:102:40)

Additional information:
user = snaquaza
ip = 127.0.0.1
roomid = battle-ru-102
message = battle-ru-102|/dq Snaquaza

TypeError: Object #<Object> has no method 'sendReplyNobox'
    at Object.exports.commands.vr (/Users/clazinasteunenberg/Downloads/Pokemon-Showdown/commands.js:486:8)
    at Object.exports.parse (/Users/clazinasteunenberg/Downloads/Pokemon-Showdown/command-parser.js:192:31)
    at ChatRoom.chat (/Users/clazinasteunenberg/Downloads/Pokemon-Showdown/rooms.js:1429:27)
    at User.chat (/Users/clazinasteunenberg/Downloads/Pokemon-Showdown/users.js:1028:9)
    at /Users/clazinasteunenberg/Downloads/Pokemon-Showdown/app.js:418:10
    at Array.forEach (native)
    at SockJSConnection.<anonymous> (/Users/clazinasteunenberg/Downloads/Pokemon-Showdown/app.js:417:22)
    at SockJSConnection.EventEmitter.emit (events.js:95:17)
    at Session.didMessage (/Users/clazinasteunenberg/Downloads/Pokemon-Showdown/node_modules/sockjs/lib/transport.js:212:25)
    at WebSocketReceiver.didMessage (/Users/clazinasteunenberg/Downloads/Pokemon-Showdown/node_modules/sockjs/lib/trans-websocket.js:102:40)

Additional information:
user = snaquaza
ip = 127.0.0.1
roomid = 
message = |/vr

TypeError: Object #<Object> has no method 'sendReplyNobox'
    at Object.exports.commands.vr (/Users/clazinasteunenberg/Downloads/Pokemon-Showdown/commands.js:486:8)
    at Object.exports.parse (/Users/clazinasteunenberg/Downloads/Pokemon-Showdown/command-parser.js:192:31)
    at ChatRoom.chat (/Users/clazinasteunenberg/Downloads/Pokemon-Showdown/rooms.js:1429:27)
    at User.chat (/Users/clazinasteunenberg/Downloads/Pokemon-Showdown/users.js:1028:9)
    at /Users/clazinasteunenberg/Downloads/Pokemon-Showdown/app.js:418:10
    at Array.forEach (native)
    at SockJSConnection.<anonymous> (/Users/clazinasteunenberg/Downloads/Pokemon-Showdown/app.js:417:22)
    at SockJSConnection.EventEmitter.emit (events.js:95:17)
    at Session.didMessage (/Users/clazinasteunenberg/Downloads/Pokemon-Showdown/node_modules/sockjs/lib/transport.js:212:25)
    at WebSocketReceiver.didMessage (/Users/clazinasteunenberg/Downloads/Pokemon-Showdown/node_modules/sockjs/lib/trans-websocket.js:102:40)

Additional information:
user = oiawesome
ip = 50.159.57.193
roomid = 
message = |/vr

TypeError: Cannot read property '0' of undefined
    at BattleRoom.win (/Users/clazinasteunenberg/Downloads/Pokemon-Showdown/rooms.js:538:33)
    at Simulator.receive (/Users/clazinasteunenberg/Downloads/Pokemon-Showdown/simulator.js:154:14)
    at ChildProcess.<anonymous> (/Users/clazinasteunenberg/Downloads/Pokemon-Showdown/simulator.js:23:9)
    at ChildProcess.EventEmitter.emit (events.js:98:17)
    at handleMessage (child_process.js:318:10)
    at Pipe.channel.onread (child_process.js:345:11)

TypeError: Cannot read property '0' of undefined
    at BattleRoom.win (/Users/clazinasteunenberg/Downloads/Pokemon-Showdown/rooms.js:538:33)
    at Simulator.receive (/Users/clazinasteunenberg/Downloads/Pokemon-Showdown/simulator.js:154:14)
    at ChildProcess.<anonymous> (/Users/clazinasteunenberg/Downloads/Pokemon-Showdown/simulator.js:23:9)
    at ChildProcess.EventEmitter.emit (events.js:98:17)
    at handleMessage (child_process.js:318:10)
    at Pipe.channel.onread (child_process.js:345:11)

TypeError: Cannot read property '0' of undefined
    at BattleRoom.win (/Users/clazinasteunenberg/Downloads/Pokemon-Showdown/rooms.js:538:33)
    at Simulator.receive (/Users/clazinasteunenberg/Downloads/Pokemon-Showdown/simulator.js:154:14)
    at ChildProcess.<anonymous> (/Users/clazinasteunenberg/Downloads/Pokemon-Showdown/simulator.js:23:9)
    at ChildProcess.EventEmitter.emit (events.js:98:17)
    at handleMessage (child_process.js:318:10)
    at Pipe.channel.onread (child_process.js:345:11)

TypeError: Cannot read property '0' of undefined
    at BattleRoom.win (/Users/clazinasteunenberg/Downloads/Pokemon-Showdown/rooms.js:538:33)
    at Simulator.receive (/Users/clazinasteunenberg/Downloads/Pokemon-Showdown/simulator.js:154:14)
    at ChildProcess.<anonymous> (/Users/clazinasteunenberg/Downloads/Pokemon-Showdown/simulator.js:23:9)
    at ChildProcess.EventEmitter.emit (events.js:98:17)
    at handleMessage (child_process.js:318:10)
    at Pipe.channel.onread (child_process.js:345:11)

TypeError: Cannot read property '0' of undefined
    at BattleRoom.win (/Users/clazinasteunenberg/Downloads/Pokemon-Showdown/rooms.js:538:33)
    at Simulator.receive (/Users/clazinasteunenberg/Downloads/Pokemon-Showdown/simulator.js:154:14)
    at ChildProcess.<anonymous> (/Users/clazinasteunenberg/Downloads/Pokemon-Showdown/simulator.js:23:9)
    at ChildProcess.EventEmitter.emit (events.js:98:17)
    at handleMessage (child_process.js:318:10)
    at Pipe.channel.onread (child_process.js:345:11)

TypeError: Cannot read property '0' of undefined
    at BattleRoom.win (/Users/clazinasteunenberg/Downloads/Pokemon-Showdown/rooms.js:538:33)
    at Simulator.receive (/Users/clazinasteunenberg/Downloads/Pokemon-Showdown/simulator.js:154:14)
    at ChildProcess.<anonymous> (/Users/clazinasteunenberg/Downloads/Pokemon-Showdown/simulator.js:23:9)
    at ChildProcess.EventEmitter.emit (events.js:98:17)
    at handleMessage (child_process.js:318:10)
    at Pipe.channel.onread (child_process.js:345:11)

TypeError: Cannot read property '0' of undefined
    at BattleRoom.win (/Users/clazinasteunenberg/Downloads/Pokemon-Showdown/rooms.js:538:33)
    at Simulator.receive (/Users/clazinasteunenberg/Downloads/Pokemon-Showdown/simulator.js:154:14)
    at ChildProcess.<anonymous> (/Users/clazinasteunenberg/Downloads/Pokemon-Showdown/simulator.js:23:9)
    at ChildProcess.EventEmitter.emit (events.js:98:17)
    at handleMessage (child_process.js:318:10)
    at Pipe.channel.onread (child_process.js:345:11)

TypeError: Cannot read property '0' of undefined
    at BattleRoom.win (/Users/clazinasteunenberg/Downloads/Pokemon-Showdown/rooms.js:538:33)
    at Simulator.receive (/Users/clazinasteunenberg/Downloads/Pokemon-Showdown/simulator.js:154:14)
    at ChildProcess.<anonymous> (/Users/clazinasteunenberg/Downloads/Pokemon-Showdown/simulator.js:23:9)
    at ChildProcess.EventEmitter.emit (events.js:98:17)
    at handleMessage (child_process.js:318:10)
    at Pipe.channel.onread (child_process.js:345:11)

TypeError: Cannot read property '0' of undefined
    at BattleRoom.win (/Users/clazinasteunenberg/Downloads/Pokemon-Showdown/rooms.js:538:33)
    at Simulator.receive (/Users/clazinasteunenberg/Downloads/Pokemon-Showdown/simulator.js:154:14)
    at ChildProcess.<anonymous> (/Users/clazinasteunenberg/Downloads/Pokemon-Showdown/simulator.js:23:9)
    at ChildProcess.EventEmitter.emit (events.js:98:17)
    at handleMessage (child_process.js:318:10)
    at Pipe.channel.onread (child_process.js:345:11)

TypeError: Cannot read property '0' of undefined
    at BattleRoom.win (/Users/clazinasteunenberg/Downloads/Pokemon-Showdown/rooms.js:538:33)
    at Simulator.receive (/Users/clazinasteunenberg/Downloads/Pokemon-Showdown/simulator.js:154:14)
    at ChildProcess.<anonymous> (/Users/clazinasteunenberg/Downloads/Pokemon-Showdown/simulator.js:23:9)
    at ChildProcess.EventEmitter.emit (events.js:98:17)
    at handleMessage (child_process.js:318:10)
    at Pipe.channel.onread (child_process.js:345:11)

TypeError: Cannot read property '0' of undefined
    at BattleRoom.win (/Users/clazinasteunenberg/Downloads/Pokemon-Showdown/rooms.js:538:33)
    at Simulator.receive (/Users/clazinasteunenberg/Downloads/Pokemon-Showdown/simulator.js:154:14)
    at ChildProcess.<anonymous> (/Users/clazinasteunenberg/Downloads/Pokemon-Showdown/simulator.js:23:9)
    at ChildProcess.EventEmitter.emit (events.js:98:17)
    at handleMessage (child_process.js:318:10)
    at Pipe.channel.onread (child_process.js:345:11)

TypeError: Cannot read property '0' of undefined
    at BattleRoom.win (/Users/clazinasteunenberg/Downloads/Pokemon-Showdown/rooms.js:538:33)
    at Simulator.receive (/Users/clazinasteunenberg/Downloads/Pokemon-Showdown/simulator.js:154:14)
    at ChildProcess.<anonymous> (/Users/clazinasteunenberg/Downloads/Pokemon-Showdown/simulator.js:23:9)
    at ChildProcess.EventEmitter.emit (events.js:98:17)
    at handleMessage (child_process.js:318:10)
    at Pipe.channel.onread (child_process.js:345:11)

ReferenceError: hashColor is not defined
    at Object.exports.commands.cpoof (/Users/clazinasteunenberg/Downloads/Pokemon-Showdown/commands.js:1142:37)
    at Object.exports.parse (/Users/clazinasteunenberg/Downloads/Pokemon-Showdown/command-parser.js:192:31)
    at ChatRoom.chat (/Users/clazinasteunenberg/Downloads/Pokemon-Showdown/rooms.js:1429:27)
    at User.chat (/Users/clazinasteunenberg/Downloads/Pokemon-Showdown/users.js:1028:9)
    at /Users/clazinasteunenberg/Downloads/Pokemon-Showdown/app.js:418:10
    at Array.forEach (native)
    at SockJSConnection.<anonymous> (/Users/clazinasteunenberg/Downloads/Pokemon-Showdown/app.js:417:22)
    at SockJSConnection.EventEmitter.emit (events.js:95:17)
    at Session.didMessage (/Users/clazinasteunenberg/Downloads/Pokemon-Showdown/node_modules/sockjs/lib/transport.js:212:25)
    at WebSocketReceiver.didMessage (/Users/clazinasteunenberg/Downloads/Pokemon-Showdown/node_modules/sockjs/lib/trans-websocket.js:102:40)

Additional information:
user = snaquaza
ip = 127.0.0.1
roomid = 
message = |/cpoof

ReferenceError: hashColor is not defined
    at Object.exports.commands.d (/Users/clazinasteunenberg/Downloads/Pokemon-Showdown/commands.js:1086:36)
    at Object.exports.parse (/Users/clazinasteunenberg/Downloads/Pokemon-Showdown/command-parser.js:192:31)
    at ChatRoom.chat (/Users/clazinasteunenberg/Downloads/Pokemon-Showdown/rooms.js:1429:27)
    at User.chat (/Users/clazinasteunenberg/Downloads/Pokemon-Showdown/users.js:1028:9)
    at /Users/clazinasteunenberg/Downloads/Pokemon-Showdown/app.js:418:10
    at Array.forEach (native)
    at SockJSConnection.<anonymous> (/Users/clazinasteunenberg/Downloads/Pokemon-Showdown/app.js:417:22)
    at SockJSConnection.EventEmitter.emit (events.js:95:17)
    at Session.didMessage (/Users/clazinasteunenberg/Downloads/Pokemon-Showdown/node_modules/sockjs/lib/transport.js:212:25)
    at WebSocketReceiver.didMessage (/Users/clazinasteunenberg/Downloads/Pokemon-Showdown/node_modules/sockjs/lib/trans-websocket.js:102:40)

Additional information:
user = angelkeldeo
ip = 86.6.84.250
roomid = 
message = |/poof

ReferenceError: hashColor is not defined
    at Object.exports.commands.d (/Users/clazinasteunenberg/Downloads/Pokemon-Showdown/commands.js:1086:36)
    at Object.exports.parse (/Users/clazinasteunenberg/Downloads/Pokemon-Showdown/command-parser.js:192:31)
    at ChatRoom.chat (/Users/clazinasteunenberg/Downloads/Pokemon-Showdown/rooms.js:1429:27)
    at User.chat (/Users/clazinasteunenberg/Downloads/Pokemon-Showdown/users.js:1028:9)
    at /Users/clazinasteunenberg/Downloads/Pokemon-Showdown/app.js:418:10
    at Array.forEach (native)
    at SockJSConnection.<anonymous> (/Users/clazinasteunenberg/Downloads/Pokemon-Showdown/app.js:417:22)
    at SockJSConnection.EventEmitter.emit (events.js:95:17)
    at Session.didMessage (/Users/clazinasteunenberg/Downloads/Pokemon-Showdown/node_modules/sockjs/lib/transport.js:212:25)
    at WebSocketReceiver.didMessage (/Users/clazinasteunenberg/Downloads/Pokemon-Showdown/node_modules/sockjs/lib/trans-websocket.js:102:40)

Additional information:
user = angelkeldeo
ip = 86.6.84.250
roomid = 
message = |/poof

ReferenceError: hashColor is not defined
    at Object.exports.commands.d (/Users/clazinasteunenberg/Downloads/Pokemon-Showdown/commands.js:1086:36)
    at Object.exports.parse (/Users/clazinasteunenberg/Downloads/Pokemon-Showdown/command-parser.js:192:31)
    at ChatRoom.chat (/Users/clazinasteunenberg/Downloads/Pokemon-Showdown/rooms.js:1429:27)
    at User.chat (/Users/clazinasteunenberg/Downloads/Pokemon-Showdown/users.js:1028:9)
    at /Users/clazinasteunenberg/Downloads/Pokemon-Showdown/app.js:418:10
    at Array.forEach (native)
    at SockJSConnection.<anonymous> (/Users/clazinasteunenberg/Downloads/Pokemon-Showdown/app.js:417:22)
    at SockJSConnection.EventEmitter.emit (events.js:95:17)
    at Session.didMessage (/Users/clazinasteunenberg/Downloads/Pokemon-Showdown/node_modules/sockjs/lib/transport.js:212:25)
    at WebSocketReceiver.didMessage (/Users/clazinasteunenberg/Downloads/Pokemon-Showdown/node_modules/sockjs/lib/trans-websocket.js:102:40)

Additional information:
user = angelkeldeo
ip = 86.6.84.250
roomid = 
message = |/poof

ReferenceError: hashColor is not defined
    at Object.exports.commands.d (/Users/clazinasteunenberg/Downloads/Pokemon-Showdown/commands.js:1086:36)
    at Object.exports.parse (/Users/clazinasteunenberg/Downloads/Pokemon-Showdown/command-parser.js:192:31)
    at ChatRoom.chat (/Users/clazinasteunenberg/Downloads/Pokemon-Showdown/rooms.js:1429:27)
    at User.chat (/Users/clazinasteunenberg/Downloads/Pokemon-Showdown/users.js:1028:9)
    at /Users/clazinasteunenberg/Downloads/Pokemon-Showdown/app.js:418:10
    at Array.forEach (native)
    at SockJSConnection.<anonymous> (/Users/clazinasteunenberg/Downloads/Pokemon-Showdown/app.js:417:22)
    at SockJSConnection.EventEmitter.emit (events.js:95:17)
    at Session.didMessage (/Users/clazinasteunenberg/Downloads/Pokemon-Showdown/node_modules/sockjs/lib/transport.js:212:25)
    at WebSocketReceiver.didMessage (/Users/clazinasteunenberg/Downloads/Pokemon-Showdown/node_modules/sockjs/lib/trans-websocket.js:102:40)

Additional information:
user = angelkeldeo
ip = 86.6.84.250
roomid = 
message = |/poof

ReferenceError: hashColor is not defined
    at Object.exports.commands.d (/Users/clazinasteunenberg/Downloads/Pokemon-Showdown/commands.js:1086:36)
    at Object.exports.parse (/Users/clazinasteunenberg/Downloads/Pokemon-Showdown/command-parser.js:192:31)
    at ChatRoom.chat (/Users/clazinasteunenberg/Downloads/Pokemon-Showdown/rooms.js:1429:27)
    at User.chat (/Users/clazinasteunenberg/Downloads/Pokemon-Showdown/users.js:1028:9)
    at /Users/clazinasteunenberg/Downloads/Pokemon-Showdown/app.js:418:10
    at Array.forEach (native)
    at SockJSConnection.<anonymous> (/Users/clazinasteunenberg/Downloads/Pokemon-Showdown/app.js:417:22)
    at SockJSConnection.EventEmitter.emit (events.js:95:17)
    at Session.didMessage (/Users/clazinasteunenberg/Downloads/Pokemon-Showdown/node_modules/sockjs/lib/transport.js:212:25)
    at WebSocketReceiver.didMessage (/Users/clazinasteunenberg/Downloads/Pokemon-Showdown/node_modules/sockjs/lib/trans-websocket.js:102:40)

Additional information:
user = angelkeldeo
ip = 86.6.84.250
roomid = 
message = |/poof

TypeError: Object capv2 has no method 'call'
    at Object.exports.parse (/Users/clazinasteunenberg/Downloads/Pokemon-Showdown/command-parser.js:192:31)
    at ChatRoom.chat (/Users/clazinasteunenberg/Downloads/Pokemon-Showdown/rooms.js:1429:27)
    at User.chat (/Users/clazinasteunenberg/Downloads/Pokemon-Showdown/users.js:1028:9)
    at /Users/clazinasteunenberg/Downloads/Pokemon-Showdown/app.js:418:10
    at Array.forEach (native)
    at SockJSConnection.<anonymous> (/Users/clazinasteunenberg/Downloads/Pokemon-Showdown/app.js:417:22)
    at SockJSConnection.EventEmitter.emit (events.js:95:17)
    at Session.didMessage (/Users/clazinasteunenberg/Downloads/Pokemon-Showdown/node_modules/sockjs/lib/transport.js:212:25)
    at WebSocketReceiver.didMessage (/Users/clazinasteunenberg/Downloads/Pokemon-Showdown/node_modules/sockjs/lib/trans-websocket.js:102:40)
    at /Users/clazinasteunenberg/Downloads/Pokemon-Showdown/node_modules/sockjs/lib/trans-websocket.js:75:22

Additional information:
user = snaquaza
ip = 127.0.0.1
roomid = 
message = |!capv2

TypeError: Object capv2 has no method 'call'
    at Object.exports.parse (/Users/clazinasteunenberg/Downloads/Pokemon-Showdown/command-parser.js:192:31)
    at ChatRoom.chat (/Users/clazinasteunenberg/Downloads/Pokemon-Showdown/rooms.js:1429:27)
    at User.chat (/Users/clazinasteunenberg/Downloads/Pokemon-Showdown/users.js:1028:9)
    at /Users/clazinasteunenberg/Downloads/Pokemon-Showdown/app.js:418:10
    at Array.forEach (native)
    at SockJSConnection.<anonymous> (/Users/clazinasteunenberg/Downloads/Pokemon-Showdown/app.js:417:22)
    at SockJSConnection.EventEmitter.emit (events.js:95:17)
    at Session.didMessage (/Users/clazinasteunenberg/Downloads/Pokemon-Showdown/node_modules/sockjs/lib/transport.js:212:25)
    at WebSocketReceiver.didMessage (/Users/clazinasteunenberg/Downloads/Pokemon-Showdown/node_modules/sockjs/lib/trans-websocket.js:102:40)
    at /Users/clazinasteunenberg/Downloads/Pokemon-Showdown/node_modules/sockjs/lib/trans-websocket.js:75:22

Additional information:
user = snaquaza
ip = 127.0.0.1
roomid = 
message = |!capv2

TypeError: Cannot call method 'validateTeam' of undefined
    at Tools.module.exports.Tools.validateTeam (/Users/clazinasteunenberg/Downloads/Pokemon-Showdown/tools.js:692:28)
    at GlobalRoom.searchBattle (/Users/clazinasteunenberg/Downloads/Pokemon-Showdown/rooms.js:235:24)
    at Object.exports.commands.search (/Users/clazinasteunenberg/Downloads/Pokemon-Showdown/commands.js:1947:17)
    at Object.exports.parse (/Users/clazinasteunenberg/Downloads/Pokemon-Showdown/command-parser.js:192:31)
    at ChatRoom.chat (/Users/clazinasteunenberg/Downloads/Pokemon-Showdown/rooms.js:1429:27)
    at User.processChatQueue (/Users/clazinasteunenberg/Downloads/Pokemon-Showdown/users.js:1042:13)
    at Timer.listOnTimeout [as ontimeout] (timers.js:110:15)

TypeError: Cannot call method 'validateTeam' of undefined
    at Tools.module.exports.Tools.validateTeam (/Users/clazinasteunenberg/Downloads/Pokemon-Showdown/tools.js:692:28)
    at GlobalRoom.searchBattle (/Users/clazinasteunenberg/Downloads/Pokemon-Showdown/rooms.js:235:24)
    at Object.exports.commands.search (/Users/clazinasteunenberg/Downloads/Pokemon-Showdown/commands.js:1947:17)
    at Object.exports.parse (/Users/clazinasteunenberg/Downloads/Pokemon-Showdown/command-parser.js:192:31)
    at ChatRoom.chat (/Users/clazinasteunenberg/Downloads/Pokemon-Showdown/rooms.js:1429:27)
    at User.processChatQueue (/Users/clazinasteunenberg/Downloads/Pokemon-Showdown/users.js:1042:13)
    at Timer.listOnTimeout [as ontimeout] (timers.js:110:15)

TypeError: Cannot call method 'validateTeam' of undefined
    at Tools.module.exports.Tools.validateTeam (/Users/clazinasteunenberg/Downloads/Pokemon-Showdown/tools.js:692:28)
    at GlobalRoom.searchBattle (/Users/clazinasteunenberg/Downloads/Pokemon-Showdown/rooms.js:235:24)
    at Object.exports.commands.search (/Users/clazinasteunenberg/Downloads/Pokemon-Showdown/commands.js:1947:17)
    at Object.exports.parse (/Users/clazinasteunenberg/Downloads/Pokemon-Showdown/command-parser.js:192:31)
    at ChatRoom.chat (/Users/clazinasteunenberg/Downloads/Pokemon-Showdown/rooms.js:1429:27)
    at User.processChatQueue (/Users/clazinasteunenberg/Downloads/Pokemon-Showdown/users.js:1042:13)
    at Timer.listOnTimeout [as ontimeout] (timers.js:110:15)

TypeError: Cannot call method 'validateTeam' of undefined
    at Tools.module.exports.Tools.validateTeam (/Users/clazinasteunenberg/Downloads/Pokemon-Showdown/tools.js:692:28)
    at GlobalRoom.searchBattle (/Users/clazinasteunenberg/Downloads/Pokemon-Showdown/rooms.js:235:24)
    at Object.exports.commands.search (/Users/clazinasteunenberg/Downloads/Pokemon-Showdown/commands.js:1947:17)
    at Object.exports.parse (/Users/clazinasteunenberg/Downloads/Pokemon-Showdown/command-parser.js:192:31)
    at ChatRoom.chat (/Users/clazinasteunenberg/Downloads/Pokemon-Showdown/rooms.js:1429:27)
    at User.processChatQueue (/Users/clazinasteunenberg/Downloads/Pokemon-Showdown/users.js:1042:13)
    at Timer.listOnTimeout [as ontimeout] (timers.js:110:15)

TypeError: Cannot call method 'validateTeam' of undefined
    at Tools.module.exports.Tools.validateTeam (/Users/clazinasteunenberg/Downloads/Pokemon-Showdown/tools.js:692:28)
    at GlobalRoom.searchBattle (/Users/clazinasteunenberg/Downloads/Pokemon-Showdown/rooms.js:235:24)
    at Object.exports.commands.search (/Users/clazinasteunenberg/Downloads/Pokemon-Showdown/commands.js:1947:17)
    at Object.exports.parse (/Users/clazinasteunenberg/Downloads/Pokemon-Showdown/command-parser.js:192:31)
    at ChatRoom.chat (/Users/clazinasteunenberg/Downloads/Pokemon-Showdown/rooms.js:1429:27)
    at User.processChatQueue (/Users/clazinasteunenberg/Downloads/Pokemon-Showdown/users.js:1042:13)
    at Timer.listOnTimeout [as ontimeout] (timers.js:110:15)

ReferenceError: name is not defined
    at Tools.exports.BattleFormats.bluntmons.validateSet (/Users/clazinasteunenberg/Downloads/Pokemon-Showdown/data/formats.js:854:27)
    at Tools.module.exports.Tools.validateSet (/Users/clazinasteunenberg/Downloads/Pokemon-Showdown/tools.js:1008:50)
    at Tools.module.exports.Tools.validateTeam (/Users/clazinasteunenberg/Downloads/Pokemon-Showdown/tools.js:713:27)
    at GlobalRoom.searchBattle (/Users/clazinasteunenberg/Downloads/Pokemon-Showdown/rooms.js:235:24)
    at Object.exports.commands.search (/Users/clazinasteunenberg/Downloads/Pokemon-Showdown/commands.js:1947:17)
    at Object.exports.parse (/Users/clazinasteunenberg/Downloads/Pokemon-Showdown/command-parser.js:192:31)
    at ChatRoom.chat (/Users/clazinasteunenberg/Downloads/Pokemon-Showdown/rooms.js:1429:27)
    at User.processChatQueue (/Users/clazinasteunenberg/Downloads/Pokemon-Showdown/users.js:1042:13)
    at Timer.listOnTimeout [as ontimeout] (timers.js:110:15)

TypeError: Cannot read property 'isActive' of null
    at Tools.Battle.makeRequest (/Users/clazinasteunenberg/Downloads/Pokemon-Showdown/battle-engine.js:1943:15)
    at process.BattlePokemon.side (/Users/clazinasteunenberg/Downloads/Pokemon-Showdown/battle-engine.js:157:13)
    at process.EventEmitter.emit (events.js:98:17)
    at handleMessage (child_process.js:318:10)
    at Pipe.channel.onread (child_process.js:345:11)

TypeError: Object Battle: doubleschallengecup2v2 has no method 'getTeam'
    at new BattleSide (/Users/clazinasteunenberg/Downloads/Pokemon-Showdown/battle-engine.js:1096:27)
    at Tools.Battle.join (/Users/clazinasteunenberg/Downloads/Pokemon-Showdown/battle-engine.js:3333:15)
    at Tools.Battle.receive (/Users/clazinasteunenberg/Downloads/Pokemon-Showdown/battle-engine.js:3390:9)
    at process.BattlePokemon.side (/Users/clazinasteunenberg/Downloads/Pokemon-Showdown/battle-engine.js:143:12)
    at process.EventEmitter.emit (events.js:98:17)
    at handleMessage (child_process.js:318:10)
    at Pipe.channel.onread (child_process.js:345:11)

Additional information:
message = battle-doubleschallengecup2v2-225|join|p1|sadoldporygon|101
currentRequest = 

Log:


TypeError: Object Battle: doubleschallengecup2v2 has no method 'getTeam'
    at new BattleSide (/Users/clazinasteunenberg/Downloads/Pokemon-Showdown/battle-engine.js:1096:27)
    at Tools.Battle.join (/Users/clazinasteunenberg/Downloads/Pokemon-Showdown/battle-engine.js:3333:15)
    at Tools.Battle.receive (/Users/clazinasteunenberg/Downloads/Pokemon-Showdown/battle-engine.js:3390:9)
    at process.BattlePokemon.side (/Users/clazinasteunenberg/Downloads/Pokemon-Showdown/battle-engine.js:143:12)
    at process.EventEmitter.emit (events.js:98:17)
    at handleMessage (child_process.js:318:10)
    at Pipe.channel.onread (child_process.js:345:11)

Additional information:
message = battle-doubleschallengecup2v2-225|join|p1|sadoldporygon|101
currentRequest = 

Log:
|html|<div class="broadcast-red"><b>The battle crashed</b><br />You can keep playing but it might crash again.</div>

TypeError: Cannot read property 'isActive' of null
    at Tools.Battle.makeRequest (/Users/clazinasteunenberg/Downloads/Pokemon-Showdown/battle-engine.js:1943:15)
    at process.BattlePokemon.side (/Users/clazinasteunenberg/Downloads/Pokemon-Showdown/battle-engine.js:157:13)
    at process.EventEmitter.emit (events.js:98:17)
    at handleMessage (child_process.js:318:10)
    at Pipe.channel.onread (child_process.js:345:11)

TypeError: Object Battle: doubleschallengecup2v2 has no method 'getTeam'
    at new BattleSide (/Users/clazinasteunenberg/Downloads/Pokemon-Showdown/battle-engine.js:1096:27)
    at Tools.Battle.join (/Users/clazinasteunenberg/Downloads/Pokemon-Showdown/battle-engine.js:3333:15)
    at Tools.Battle.receive (/Users/clazinasteunenberg/Downloads/Pokemon-Showdown/battle-engine.js:3390:9)
    at process.BattlePokemon.side (/Users/clazinasteunenberg/Downloads/Pokemon-Showdown/battle-engine.js:143:12)
    at process.EventEmitter.emit (events.js:98:17)
    at handleMessage (child_process.js:318:10)
    at Pipe.channel.onread (child_process.js:345:11)

Additional information:
message = battle-doubleschallengecup2v2-225|join|p1|sadoldporygon|101
currentRequest = 

Log:
|html|<div class="broadcast-red"><b>The battle crashed</b><br />You can keep playing but it might crash again.</div>
|html|<div class="broadcast-red"><b>The battle crashed</b><br />You can keep playing but it might crash again.</div>

TypeError: Cannot read property 'isActive' of null
    at Tools.Battle.makeRequest (/Users/clazinasteunenberg/Downloads/Pokemon-Showdown/battle-engine.js:1943:15)
    at process.BattlePokemon.side (/Users/clazinasteunenberg/Downloads/Pokemon-Showdown/battle-engine.js:157:13)
    at process.EventEmitter.emit (events.js:98:17)
    at handleMessage (child_process.js:318:10)
    at Pipe.channel.onread (child_process.js:345:11)

TypeError: Object Battle: doubleschallengecup2v2 has no method 'getTeam'
    at new BattleSide (/Users/clazinasteunenberg/Downloads/Pokemon-Showdown/battle-engine.js:1096:27)
    at Tools.Battle.join (/Users/clazinasteunenberg/Downloads/Pokemon-Showdown/battle-engine.js:3333:15)
    at Tools.Battle.receive (/Users/clazinasteunenberg/Downloads/Pokemon-Showdown/battle-engine.js:3390:9)
    at process.BattlePokemon.side (/Users/clazinasteunenberg/Downloads/Pokemon-Showdown/battle-engine.js:143:12)
    at process.EventEmitter.emit (events.js:98:17)
    at handleMessage (child_process.js:318:10)
    at Pipe.channel.onread (child_process.js:345:11)

Additional information:
message = battle-doubleschallengecup2v2-225|join|p1|sadoldporygon|101
currentRequest = 

Log:
|html|<div class="broadcast-red"><b>The battle crashed</b><br />You can keep playing but it might crash again.</div>
|html|<div class="broadcast-red"><b>The battle crashed</b><br />You can keep playing but it might crash again.</div>
|html|<div class="broadcast-red"><b>The battle crashed</b><br />You can keep playing but it might crash again.</div>

TypeError: Cannot read property 'isActive' of null
    at Tools.Battle.makeRequest (/Users/clazinasteunenberg/Downloads/Pokemon-Showdown/battle-engine.js:1943:15)
    at process.BattlePokemon.side (/Users/clazinasteunenberg/Downloads/Pokemon-Showdown/battle-engine.js:157:13)
    at process.EventEmitter.emit (events.js:98:17)
    at handleMessage (child_process.js:318:10)
    at Pipe.channel.onread (child_process.js:345:11)

TypeError: Object Battle: doubleschallengecup2v2 has no method 'getTeam'
    at new BattleSide (/Users/clazinasteunenberg/Downloads/Pokemon-Showdown/battle-engine.js:1096:27)
    at Tools.Battle.join (/Users/clazinasteunenberg/Downloads/Pokemon-Showdown/battle-engine.js:3333:15)
    at Tools.Battle.receive (/Users/clazinasteunenberg/Downloads/Pokemon-Showdown/battle-engine.js:3390:9)
    at process.BattlePokemon.side (/Users/clazinasteunenberg/Downloads/Pokemon-Showdown/battle-engine.js:143:12)
    at process.EventEmitter.emit (events.js:98:17)
    at handleMessage (child_process.js:318:10)
    at Pipe.channel.onread (child_process.js:345:11)

Additional information:
message = battle-doubleschallengecup2v2-225|join|p1|sadoldporygon|101
currentRequest = 

Log:
|html|<div class="broadcast-red"><b>The battle crashed</b><br />You can keep playing but it might crash again.</div>
|html|<div class="broadcast-red"><b>The battle crashed</b><br />You can keep playing but it might crash again.</div>
|html|<div class="broadcast-red"><b>The battle crashed</b><br />You can keep playing but it might crash again.</div>
|html|<div class="broadcast-red"><b>The battle crashed</b><br />You can keep playing but it might crash again.</div>

TypeError: Cannot read property 'isActive' of null
    at Tools.Battle.makeRequest (/Users/clazinasteunenberg/Downloads/Pokemon-Showdown/battle-engine.js:1943:15)
    at process.BattlePokemon.side (/Users/clazinasteunenberg/Downloads/Pokemon-Showdown/battle-engine.js:157:13)
    at process.EventEmitter.emit (events.js:98:17)
    at handleMessage (child_process.js:318:10)
    at Pipe.channel.onread (child_process.js:345:11)

TypeError: Object Battle: doubleschallengecup2v2 has no method 'getTeam'
    at new BattleSide (/Users/clazinasteunenberg/Downloads/Pokemon-Showdown/battle-engine.js:1096:27)
    at Tools.Battle.join (/Users/clazinasteunenberg/Downloads/Pokemon-Showdown/battle-engine.js:3333:15)
    at Tools.Battle.receive (/Users/clazinasteunenberg/Downloads/Pokemon-Showdown/battle-engine.js:3390:9)
    at process.BattlePokemon.side (/Users/clazinasteunenberg/Downloads/Pokemon-Showdown/battle-engine.js:143:12)
    at process.EventEmitter.emit (events.js:98:17)
    at handleMessage (child_process.js:318:10)
    at Pipe.channel.onread (child_process.js:345:11)

Additional information:
message = battle-doubleschallengecup2v2-225|join|p1|sadoldporygon|101
currentRequest = 

Log:
|html|<div class="broadcast-red"><b>The battle crashed</b><br />You can keep playing but it might crash again.</div>
|html|<div class="broadcast-red"><b>The battle crashed</b><br />You can keep playing but it might crash again.</div>
|html|<div class="broadcast-red"><b>The battle crashed</b><br />You can keep playing but it might crash again.</div>
|html|<div class="broadcast-red"><b>The battle crashed</b><br />You can keep playing but it might crash again.</div>
|html|<div class="broadcast-red"><b>The battle crashed</b><br />You can keep playing but it might crash again.</div>

TypeError: Cannot read property 'isActive' of null
    at Tools.Battle.makeRequest (/Users/clazinasteunenberg/Downloads/Pokemon-Showdown/battle-engine.js:1943:15)
    at process.BattlePokemon.side (/Users/clazinasteunenberg/Downloads/Pokemon-Showdown/battle-engine.js:157:13)
    at process.EventEmitter.emit (events.js:98:17)
    at handleMessage (child_process.js:318:10)
    at Pipe.channel.onread (child_process.js:345:11)

TypeError: Object Battle: doubleschallengecup2v2 has no method 'getTeam'
    at new BattleSide (/Users/clazinasteunenberg/Downloads/Pokemon-Showdown/battle-engine.js:1096:27)
    at Tools.Battle.join (/Users/clazinasteunenberg/Downloads/Pokemon-Showdown/battle-engine.js:3333:15)
    at Tools.Battle.receive (/Users/clazinasteunenberg/Downloads/Pokemon-Showdown/battle-engine.js:3390:9)
    at process.BattlePokemon.side (/Users/clazinasteunenberg/Downloads/Pokemon-Showdown/battle-engine.js:143:12)
    at process.EventEmitter.emit (events.js:98:17)
    at handleMessage (child_process.js:318:10)
    at Pipe.channel.onread (child_process.js:345:11)

Additional information:
message = battle-doubleschallengecup2v2-225|join|p1|sadoldporygon|101
currentRequest = 

Log:
|html|<div class="broadcast-red"><b>The battle crashed</b><br />You can keep playing but it might crash again.</div>
|html|<div class="broadcast-red"><b>The battle crashed</b><br />You can keep playing but it might crash again.</div>
|html|<div class="broadcast-red"><b>The battle crashed</b><br />You can keep playing but it might crash again.</div>
|html|<div class="broadcast-red"><b>The battle crashed</b><br />You can keep playing but it might crash again.</div>
|html|<div class="broadcast-red"><b>The battle crashed</b><br />You can keep playing but it might crash again.</div>
|html|<div class="broadcast-red"><b>The battle crashed</b><br />You can keep playing but it might crash again.</div>

TypeError: Cannot read property 'isActive' of null
    at Tools.Battle.makeRequest (/Users/clazinasteunenberg/Downloads/Pokemon-Showdown/battle-engine.js:1943:15)
    at process.BattlePokemon.side (/Users/clazinasteunenberg/Downloads/Pokemon-Showdown/battle-engine.js:157:13)
    at process.EventEmitter.emit (events.js:98:17)
    at handleMessage (child_process.js:318:10)
    at Pipe.channel.onread (child_process.js:345:11)

TypeError: Object Battle: doubleschallengecup2v2 has no method 'getTeam'
    at new BattleSide (/Users/clazinasteunenberg/Downloads/Pokemon-Showdown/battle-engine.js:1096:27)
    at Tools.Battle.join (/Users/clazinasteunenberg/Downloads/Pokemon-Showdown/battle-engine.js:3333:15)
    at Tools.Battle.receive (/Users/clazinasteunenberg/Downloads/Pokemon-Showdown/battle-engine.js:3390:9)
    at process.BattlePokemon.side (/Users/clazinasteunenberg/Downloads/Pokemon-Showdown/battle-engine.js:143:12)
    at process.EventEmitter.emit (events.js:98:17)
    at handleMessage (child_process.js:318:10)
    at Pipe.channel.onread (child_process.js:345:11)

Additional information:
message = battle-doubleschallengecup2v2-225|join|p1|sadoldporygon|101
currentRequest = 

Log:
|html|<div class="broadcast-red"><b>The battle crashed</b><br />You can keep playing but it might crash again.</div>
|html|<div class="broadcast-red"><b>The battle crashed</b><br />You can keep playing but it might crash again.</div>
|html|<div class="broadcast-red"><b>The battle crashed</b><br />You can keep playing but it might crash again.</div>
|html|<div class="broadcast-red"><b>The battle crashed</b><br />You can keep playing but it might crash again.</div>
|html|<div class="broadcast-red"><b>The battle crashed</b><br />You can keep playing but it might crash again.</div>
|html|<div class="broadcast-red"><b>The battle crashed</b><br />You can keep playing but it might crash again.</div>
|html|<div class="broadcast-red"><b>The battle crashed</b><br />You can keep playing but it might crash again.</div>

TypeError: Cannot read property 'isActive' of null
    at Tools.Battle.makeRequest (/Users/clazinasteunenberg/Downloads/Pokemon-Showdown/battle-engine.js:1943:15)
    at process.BattlePokemon.side (/Users/clazinasteunenberg/Downloads/Pokemon-Showdown/battle-engine.js:157:13)
    at process.EventEmitter.emit (events.js:98:17)
    at handleMessage (child_process.js:318:10)
    at Pipe.channel.onread (child_process.js:345:11)

TypeError: Object Battle: doubleschallengecup2v2 has no method 'getTeam'
    at new BattleSide (/Users/clazinasteunenberg/Downloads/Pokemon-Showdown/battle-engine.js:1096:27)
    at Tools.Battle.join (/Users/clazinasteunenberg/Downloads/Pokemon-Showdown/battle-engine.js:3333:15)
    at Tools.Battle.receive (/Users/clazinasteunenberg/Downloads/Pokemon-Showdown/battle-engine.js:3390:9)
    at process.BattlePokemon.side (/Users/clazinasteunenberg/Downloads/Pokemon-Showdown/battle-engine.js:143:12)
    at process.EventEmitter.emit (events.js:98:17)
    at handleMessage (child_process.js:318:10)
    at Pipe.channel.onread (child_process.js:345:11)

Additional information:
message = battle-doubleschallengecup2v2-225|join|p1|sadoldporygon|101
currentRequest = 

Log:
|html|<div class="broadcast-red"><b>The battle crashed</b><br />You can keep playing but it might crash again.</div>
|html|<div class="broadcast-red"><b>The battle crashed</b><br />You can keep playing but it might crash again.</div>
|html|<div class="broadcast-red"><b>The battle crashed</b><br />You can keep playing but it might crash again.</div>
|html|<div class="broadcast-red"><b>The battle crashed</b><br />You can keep playing but it might crash again.</div>
|html|<div class="broadcast-red"><b>The battle crashed</b><br />You can keep playing but it might crash again.</div>
|html|<div class="broadcast-red"><b>The battle crashed</b><br />You can keep playing but it might crash again.</div>
|html|<div class="broadcast-red"><b>The battle crashed</b><br />You can keep playing but it might crash again.</div>
|html|<div class="broadcast-red"><b>The battle crashed</b><br />You can keep playing but it might crash again.</div>

TypeError: Cannot read property 'isActive' of null
    at Tools.Battle.makeRequest (/Users/clazinasteunenberg/Downloads/Pokemon-Showdown/battle-engine.js:1943:15)
    at process.BattlePokemon.side (/Users/clazinasteunenberg/Downloads/Pokemon-Showdown/battle-engine.js:157:13)
    at process.EventEmitter.emit (events.js:98:17)
    at handleMessage (child_process.js:318:10)
    at Pipe.channel.onread (child_process.js:345:11)

TypeError: Object Battle: haxmons has no method 'getTeam'
    at new BattleSide (/Users/clazinasteunenberg/Downloads/Pokemon-Showdown/battle-engine.js:1096:27)
    at Tools.Battle.join (/Users/clazinasteunenberg/Downloads/Pokemon-Showdown/battle-engine.js:3333:15)
    at Tools.Battle.receive (/Users/clazinasteunenberg/Downloads/Pokemon-Showdown/battle-engine.js:3390:9)
    at process.BattlePokemon.side (/Users/clazinasteunenberg/Downloads/Pokemon-Showdown/battle-engine.js:143:12)
    at process.EventEmitter.emit (events.js:98:17)
    at handleMessage (child_process.js:318:10)
    at Pipe.channel.onread (child_process.js:345:11)

Additional information:
message = battle-haxmons-227|join|p1|RealPresent|267
currentRequest = 

Log:


TypeError: Cannot read property 'isActive' of null
    at Tools.Battle.makeRequest (/Users/clazinasteunenberg/Downloads/Pokemon-Showdown/battle-engine.js:1943:15)
    at process.BattlePokemon.side (/Users/clazinasteunenberg/Downloads/Pokemon-Showdown/battle-engine.js:157:13)
    at process.EventEmitter.emit (events.js:98:17)
    at handleMessage (child_process.js:318:10)
    at Pipe.channel.onread (child_process.js:345:11)

TypeError: Object Battle: haxmons has no method 'getTeam'
    at new BattleSide (/Users/clazinasteunenberg/Downloads/Pokemon-Showdown/battle-engine.js:1096:27)
    at Tools.Battle.join (/Users/clazinasteunenberg/Downloads/Pokemon-Showdown/battle-engine.js:3333:15)
    at Tools.Battle.receive (/Users/clazinasteunenberg/Downloads/Pokemon-Showdown/battle-engine.js:3390:9)
    at process.BattlePokemon.side (/Users/clazinasteunenberg/Downloads/Pokemon-Showdown/battle-engine.js:143:12)
    at process.EventEmitter.emit (events.js:98:17)
    at handleMessage (child_process.js:318:10)
    at Pipe.channel.onread (child_process.js:345:11)

Additional information:
message = battle-haxmons-227|join|p1|RealPresent|267
currentRequest = 

Log:
|html|<div class="broadcast-red"><b>The battle crashed</b><br />You can keep playing but it might crash again.</div>

TypeError: Cannot read property 'isActive' of null
    at Tools.Battle.makeRequest (/Users/clazinasteunenberg/Downloads/Pokemon-Showdown/battle-engine.js:1943:15)
    at process.BattlePokemon.side (/Users/clazinasteunenberg/Downloads/Pokemon-Showdown/battle-engine.js:157:13)
    at process.EventEmitter.emit (events.js:98:17)
    at handleMessage (child_process.js:318:10)
    at Pipe.channel.onread (child_process.js:345:11)

TypeError: Object Battle: haxmons has no method 'getTeam'
    at new BattleSide (/Users/clazinasteunenberg/Downloads/Pokemon-Showdown/battle-engine.js:1096:27)
    at Tools.Battle.join (/Users/clazinasteunenberg/Downloads/Pokemon-Showdown/battle-engine.js:3333:15)
    at Tools.Battle.receive (/Users/clazinasteunenberg/Downloads/Pokemon-Showdown/battle-engine.js:3390:9)
    at process.BattlePokemon.side (/Users/clazinasteunenberg/Downloads/Pokemon-Showdown/battle-engine.js:143:12)
    at process.EventEmitter.emit (events.js:98:17)
    at handleMessage (child_process.js:318:10)
    at Pipe.channel.onread (child_process.js:345:11)

Additional information:
message = battle-haxmons-227|join|p1|RealPresent|267
currentRequest = 

Log:
|html|<div class="broadcast-red"><b>The battle crashed</b><br />You can keep playing but it might crash again.</div>
|html|<div class="broadcast-red"><b>The battle crashed</b><br />You can keep playing but it might crash again.</div>

TypeError: Cannot read property 'isActive' of null
    at Tools.Battle.makeRequest (/Users/clazinasteunenberg/Downloads/Pokemon-Showdown/battle-engine.js:1943:15)
    at process.BattlePokemon.side (/Users/clazinasteunenberg/Downloads/Pokemon-Showdown/battle-engine.js:157:13)
    at process.EventEmitter.emit (events.js:98:17)
    at handleMessage (child_process.js:318:10)
    at Pipe.channel.onread (child_process.js:345:11)

TypeError: Object Battle: haxmons has no method 'getTeam'
    at new BattleSide (/Users/clazinasteunenberg/Downloads/Pokemon-Showdown/battle-engine.js:1096:27)
    at Tools.Battle.join (/Users/clazinasteunenberg/Downloads/Pokemon-Showdown/battle-engine.js:3333:15)
    at Tools.Battle.receive (/Users/clazinasteunenberg/Downloads/Pokemon-Showdown/battle-engine.js:3390:9)
    at process.BattlePokemon.side (/Users/clazinasteunenberg/Downloads/Pokemon-Showdown/battle-engine.js:143:12)
    at process.EventEmitter.emit (events.js:98:17)
    at handleMessage (child_process.js:318:10)
    at Pipe.channel.onread (child_process.js:345:11)

Additional information:
message = battle-haxmons-227|join|p1|RealPresent|267
currentRequest = 

Log:
|html|<div class="broadcast-red"><b>The battle crashed</b><br />You can keep playing but it might crash again.</div>
|html|<div class="broadcast-red"><b>The battle crashed</b><br />You can keep playing but it might crash again.</div>
|html|<div class="broadcast-red"><b>The battle crashed</b><br />You can keep playing but it might crash again.</div>

TypeError: Cannot read property 'isActive' of null
    at Tools.Battle.makeRequest (/Users/clazinasteunenberg/Downloads/Pokemon-Showdown/battle-engine.js:1943:15)
    at process.BattlePokemon.side (/Users/clazinasteunenberg/Downloads/Pokemon-Showdown/battle-engine.js:157:13)
    at process.EventEmitter.emit (events.js:98:17)
    at handleMessage (child_process.js:318:10)
    at Pipe.channel.onread (child_process.js:345:11)

TypeError: Object Battle: haxmons has no method 'getTeam'
    at new BattleSide (/Users/clazinasteunenberg/Downloads/Pokemon-Showdown/battle-engine.js:1096:27)
    at Tools.Battle.join (/Users/clazinasteunenberg/Downloads/Pokemon-Showdown/battle-engine.js:3333:15)
    at Tools.Battle.receive (/Users/clazinasteunenberg/Downloads/Pokemon-Showdown/battle-engine.js:3390:9)
    at process.BattlePokemon.side (/Users/clazinasteunenberg/Downloads/Pokemon-Showdown/battle-engine.js:143:12)
    at process.EventEmitter.emit (events.js:98:17)
    at handleMessage (child_process.js:318:10)
    at Pipe.channel.onread (child_process.js:345:11)

Additional information:
message = battle-haxmons-227|join|p1|RealPresent|267
currentRequest = 

Log:
|html|<div class="broadcast-red"><b>The battle crashed</b><br />You can keep playing but it might crash again.</div>
|html|<div class="broadcast-red"><b>The battle crashed</b><br />You can keep playing but it might crash again.</div>
|html|<div class="broadcast-red"><b>The battle crashed</b><br />You can keep playing but it might crash again.</div>
|html|<div class="broadcast-red"><b>The battle crashed</b><br />You can keep playing but it might crash again.</div>

TypeError: Cannot read property 'isActive' of null
    at Tools.Battle.makeRequest (/Users/clazinasteunenberg/Downloads/Pokemon-Showdown/battle-engine.js:1943:15)
    at process.BattlePokemon.side (/Users/clazinasteunenberg/Downloads/Pokemon-Showdown/battle-engine.js:157:13)
    at process.EventEmitter.emit (events.js:98:17)
    at handleMessage (child_process.js:318:10)
    at Pipe.channel.onread (child_process.js:345:11)

TypeError: Object Battle: haxmons has no method 'getTeam'
    at new BattleSide (/Users/clazinasteunenberg/Downloads/Pokemon-Showdown/battle-engine.js:1096:27)
    at Tools.Battle.join (/Users/clazinasteunenberg/Downloads/Pokemon-Showdown/battle-engine.js:3333:15)
    at Tools.Battle.receive (/Users/clazinasteunenberg/Downloads/Pokemon-Showdown/battle-engine.js:3390:9)
    at process.BattlePokemon.side (/Users/clazinasteunenberg/Downloads/Pokemon-Showdown/battle-engine.js:143:12)
    at process.EventEmitter.emit (events.js:98:17)
    at handleMessage (child_process.js:318:10)
    at Pipe.channel.onread (child_process.js:345:11)

Additional information:
message = battle-haxmons-227|join|p1|RealPresent|267
currentRequest = 

Log:
|html|<div class="broadcast-red"><b>The battle crashed</b><br />You can keep playing but it might crash again.</div>
|html|<div class="broadcast-red"><b>The battle crashed</b><br />You can keep playing but it might crash again.</div>
|html|<div class="broadcast-red"><b>The battle crashed</b><br />You can keep playing but it might crash again.</div>
|html|<div class="broadcast-red"><b>The battle crashed</b><br />You can keep playing but it might crash again.</div>
|html|<div class="broadcast-red"><b>The battle crashed</b><br />You can keep playing but it might crash again.</div>

TypeError: Cannot read property 'isActive' of null
    at Tools.Battle.makeRequest (/Users/clazinasteunenberg/Downloads/Pokemon-Showdown/battle-engine.js:1943:15)
    at process.BattlePokemon.side (/Users/clazinasteunenberg/Downloads/Pokemon-Showdown/battle-engine.js:157:13)
    at process.EventEmitter.emit (events.js:98:17)
    at handleMessage (child_process.js:318:10)
    at Pipe.channel.onread (child_process.js:345:11)

TypeError: Object Battle: haxmons has no method 'getTeam'
    at new BattleSide (/Users/clazinasteunenberg/Downloads/Pokemon-Showdown/battle-engine.js:1096:27)
    at Tools.Battle.join (/Users/clazinasteunenberg/Downloads/Pokemon-Showdown/battle-engine.js:3333:15)
    at Tools.Battle.receive (/Users/clazinasteunenberg/Downloads/Pokemon-Showdown/battle-engine.js:3390:9)
    at process.BattlePokemon.side (/Users/clazinasteunenberg/Downloads/Pokemon-Showdown/battle-engine.js:143:12)
    at process.EventEmitter.emit (events.js:98:17)
    at handleMessage (child_process.js:318:10)
    at Pipe.channel.onread (child_process.js:345:11)

Additional information:
message = battle-haxmons-227|join|p1|RealPresent|267
currentRequest = 

Log:
|html|<div class="broadcast-red"><b>The battle crashed</b><br />You can keep playing but it might crash again.</div>
|html|<div class="broadcast-red"><b>The battle crashed</b><br />You can keep playing but it might crash again.</div>
|html|<div class="broadcast-red"><b>The battle crashed</b><br />You can keep playing but it might crash again.</div>
|html|<div class="broadcast-red"><b>The battle crashed</b><br />You can keep playing but it might crash again.</div>
|html|<div class="broadcast-red"><b>The battle crashed</b><br />You can keep playing but it might crash again.</div>
|html|<div class="broadcast-red"><b>The battle crashed</b><br />You can keep playing but it might crash again.</div>

TypeError: Cannot read property 'isActive' of null
    at Tools.Battle.makeRequest (/Users/clazinasteunenberg/Downloads/Pokemon-Showdown/battle-engine.js:1943:15)
    at process.BattlePokemon.side (/Users/clazinasteunenberg/Downloads/Pokemon-Showdown/battle-engine.js:157:13)
    at process.EventEmitter.emit (events.js:98:17)
    at handleMessage (child_process.js:318:10)
    at Pipe.channel.onread (child_process.js:345:11)

TypeError: Object Battle: haxmons has no method 'getTeam'
    at new BattleSide (/Users/clazinasteunenberg/Downloads/Pokemon-Showdown/battle-engine.js:1096:27)
    at Tools.Battle.join (/Users/clazinasteunenberg/Downloads/Pokemon-Showdown/battle-engine.js:3333:15)
    at Tools.Battle.receive (/Users/clazinasteunenberg/Downloads/Pokemon-Showdown/battle-engine.js:3390:9)
    at process.BattlePokemon.side (/Users/clazinasteunenberg/Downloads/Pokemon-Showdown/battle-engine.js:143:12)
    at process.EventEmitter.emit (events.js:98:17)
    at handleMessage (child_process.js:318:10)
    at Pipe.channel.onread (child_process.js:345:11)

Additional information:
message = battle-haxmons-227|join|p1|RealPresent|267
currentRequest = 

Log:
|html|<div class="broadcast-red"><b>The battle crashed</b><br />You can keep playing but it might crash again.</div>
|html|<div class="broadcast-red"><b>The battle crashed</b><br />You can keep playing but it might crash again.</div>
|html|<div class="broadcast-red"><b>The battle crashed</b><br />You can keep playing but it might crash again.</div>
|html|<div class="broadcast-red"><b>The battle crashed</b><br />You can keep playing but it might crash again.</div>
|html|<div class="broadcast-red"><b>The battle crashed</b><br />You can keep playing but it might crash again.</div>
|html|<div class="broadcast-red"><b>The battle crashed</b><br />You can keep playing but it might crash again.</div>
|html|<div class="broadcast-red"><b>The battle crashed</b><br />You can keep playing but it might crash again.</div>

TypeError: Cannot read property 'isActive' of null
    at Tools.Battle.makeRequest (/Users/clazinasteunenberg/Downloads/Pokemon-Showdown/battle-engine.js:1943:15)
    at process.BattlePokemon.side (/Users/clazinasteunenberg/Downloads/Pokemon-Showdown/battle-engine.js:157:13)
    at process.EventEmitter.emit (events.js:98:17)
    at handleMessage (child_process.js:318:10)
    at Pipe.channel.onread (child_process.js:345:11)

TypeError: Object Battle: haxmons has no method 'getTeam'
    at new BattleSide (/Users/clazinasteunenberg/Downloads/Pokemon-Showdown/battle-engine.js:1096:27)
    at Tools.Battle.join (/Users/clazinasteunenberg/Downloads/Pokemon-Showdown/battle-engine.js:3333:15)
    at Tools.Battle.receive (/Users/clazinasteunenberg/Downloads/Pokemon-Showdown/battle-engine.js:3390:9)
    at process.BattlePokemon.side (/Users/clazinasteunenberg/Downloads/Pokemon-Showdown/battle-engine.js:143:12)
    at process.EventEmitter.emit (events.js:98:17)
    at handleMessage (child_process.js:318:10)
    at Pipe.channel.onread (child_process.js:345:11)

Additional information:
message = battle-haxmons-227|join|p1|RealPresent|267
currentRequest = 

Log:
|html|<div class="broadcast-red"><b>The battle crashed</b><br />You can keep playing but it might crash again.</div>
|html|<div class="broadcast-red"><b>The battle crashed</b><br />You can keep playing but it might crash again.</div>
|html|<div class="broadcast-red"><b>The battle crashed</b><br />You can keep playing but it might crash again.</div>
|html|<div class="broadcast-red"><b>The battle crashed</b><br />You can keep playing but it might crash again.</div>
|html|<div class="broadcast-red"><b>The battle crashed</b><br />You can keep playing but it might crash again.</div>
|html|<div class="broadcast-red"><b>The battle crashed</b><br />You can keep playing but it might crash again.</div>
|html|<div class="broadcast-red"><b>The battle crashed</b><br />You can keep playing but it might crash again.</div>
|html|<div class="broadcast-red"><b>The battle crashed</b><br />You can keep playing but it might crash again.</div>

TypeError: Cannot read property 'isActive' of null
    at Tools.Battle.makeRequest (/Users/clazinasteunenberg/Downloads/Pokemon-Showdown/battle-engine.js:1943:15)
    at process.BattlePokemon.side (/Users/clazinasteunenberg/Downloads/Pokemon-Showdown/battle-engine.js:157:13)
    at process.EventEmitter.emit (events.js:98:17)
    at handleMessage (child_process.js:318:10)
    at Pipe.channel.onread (child_process.js:345:11)

TypeError: Object Battle: doubleschallengecup2v2 has no method 'getTeam'
    at new BattleSide (/Users/clazinasteunenberg/Downloads/Pokemon-Showdown/battle-engine.js:1096:27)
    at Tools.Battle.join (/Users/clazinasteunenberg/Downloads/Pokemon-Showdown/battle-engine.js:3333:15)
    at Tools.Battle.receive (/Users/clazinasteunenberg/Downloads/Pokemon-Showdown/battle-engine.js:3390:9)
    at process.BattlePokemon.side (/Users/clazinasteunenberg/Downloads/Pokemon-Showdown/battle-engine.js:143:12)
    at process.EventEmitter.emit (events.js:98:17)
    at handleMessage (child_process.js:318:10)
    at Pipe.channel.onread (child_process.js:345:11)

Additional information:
message = battle-doubleschallengecup2v2-225|join|p1|sadoldporygon|101
currentRequest = 

Log:
|html|<div class="broadcast-red"><b>The battle crashed</b><br />You can keep playing but it might crash again.</div>
|html|<div class="broadcast-red"><b>The battle crashed</b><br />You can keep playing but it might crash again.</div>
|html|<div class="broadcast-red"><b>The battle crashed</b><br />You can keep playing but it might crash again.</div>
|html|<div class="broadcast-red"><b>The battle crashed</b><br />You can keep playing but it might crash again.</div>
|html|<div class="broadcast-red"><b>The battle crashed</b><br />You can keep playing but it might crash again.</div>
|html|<div class="broadcast-red"><b>The battle crashed</b><br />You can keep playing but it might crash again.</div>
|html|<div class="broadcast-red"><b>The battle crashed</b><br />You can keep playing but it might crash again.</div>
|html|<div class="broadcast-red"><b>The battle crashed</b><br />You can keep playing but it might crash again.</div>
|html|<div class="broadcast-red"><b>The battle crashed</b><br />You can keep playing but it might crash again.</div>

TypeError: Cannot read property 'isActive' of null
    at Tools.Battle.makeRequest (/Users/clazinasteunenberg/Downloads/Pokemon-Showdown/battle-engine.js:1943:15)
    at process.BattlePokemon.side (/Users/clazinasteunenberg/Downloads/Pokemon-Showdown/battle-engine.js:157:13)
    at process.EventEmitter.emit (events.js:98:17)
    at handleMessage (child_process.js:318:10)
    at Pipe.channel.onread (child_process.js:345:11)

TypeError: Object Battle: doubleschallengecup2v2 has no method 'getTeam'
    at new BattleSide (/Users/clazinasteunenberg/Downloads/Pokemon-Showdown/battle-engine.js:1096:27)
    at Tools.Battle.join (/Users/clazinasteunenberg/Downloads/Pokemon-Showdown/battle-engine.js:3333:15)
    at Tools.Battle.receive (/Users/clazinasteunenberg/Downloads/Pokemon-Showdown/battle-engine.js:3390:9)
    at process.BattlePokemon.side (/Users/clazinasteunenberg/Downloads/Pokemon-Showdown/battle-engine.js:143:12)
    at process.EventEmitter.emit (events.js:98:17)
    at handleMessage (child_process.js:318:10)
    at Pipe.channel.onread (child_process.js:345:11)

Additional information:
message = battle-doubleschallengecup2v2-225|join|p1|sadoldporygon|101
currentRequest = 

Log:
|html|<div class="broadcast-red"><b>The battle crashed</b><br />You can keep playing but it might crash again.</div>
|html|<div class="broadcast-red"><b>The battle crashed</b><br />You can keep playing but it might crash again.</div>
|html|<div class="broadcast-red"><b>The battle crashed</b><br />You can keep playing but it might crash again.</div>
|html|<div class="broadcast-red"><b>The battle crashed</b><br />You can keep playing but it might crash again.</div>
|html|<div class="broadcast-red"><b>The battle crashed</b><br />You can keep playing but it might crash again.</div>
|html|<div class="broadcast-red"><b>The battle crashed</b><br />You can keep playing but it might crash again.</div>
|html|<div class="broadcast-red"><b>The battle crashed</b><br />You can keep playing but it might crash again.</div>
|html|<div class="broadcast-red"><b>The battle crashed</b><br />You can keep playing but it might crash again.</div>
|html|<div class="broadcast-red"><b>The battle crashed</b><br />You can keep playing but it might crash again.</div>
|html|<div class="broadcast-red"><b>The battle crashed</b><br />You can keep playing but it might crash again.</div>

TypeError: Cannot read property 'isActive' of null
    at Tools.Battle.makeRequest (/Users/clazinasteunenberg/Downloads/Pokemon-Showdown/battle-engine.js:1943:15)
    at process.BattlePokemon.side (/Users/clazinasteunenberg/Downloads/Pokemon-Showdown/battle-engine.js:157:13)
    at process.EventEmitter.emit (events.js:98:17)
    at handleMessage (child_process.js:318:10)
    at Pipe.channel.onread (child_process.js:345:11)

TypeError: Object Battle: haxmons has no method 'getTeam'
    at new BattleSide (/Users/clazinasteunenberg/Downloads/Pokemon-Showdown/battle-engine.js:1096:27)
    at Tools.Battle.join (/Users/clazinasteunenberg/Downloads/Pokemon-Showdown/battle-engine.js:3333:15)
    at Tools.Battle.receive (/Users/clazinasteunenberg/Downloads/Pokemon-Showdown/battle-engine.js:3390:9)
    at process.BattlePokemon.side (/Users/clazinasteunenberg/Downloads/Pokemon-Showdown/battle-engine.js:143:12)
    at process.EventEmitter.emit (events.js:98:17)
    at handleMessage (child_process.js:318:10)
    at Pipe.channel.onread (child_process.js:345:11)

Additional information:
message = battle-haxmons-227|join|p1|RealPresent|267
currentRequest = 

Log:
|html|<div class="broadcast-red"><b>The battle crashed</b><br />You can keep playing but it might crash again.</div>
|html|<div class="broadcast-red"><b>The battle crashed</b><br />You can keep playing but it might crash again.</div>
|html|<div class="broadcast-red"><b>The battle crashed</b><br />You can keep playing but it might crash again.</div>
|html|<div class="broadcast-red"><b>The battle crashed</b><br />You can keep playing but it might crash again.</div>
|html|<div class="broadcast-red"><b>The battle crashed</b><br />You can keep playing but it might crash again.</div>
|html|<div class="broadcast-red"><b>The battle crashed</b><br />You can keep playing but it might crash again.</div>
|html|<div class="broadcast-red"><b>The battle crashed</b><br />You can keep playing but it might crash again.</div>
|html|<div class="broadcast-red"><b>The battle crashed</b><br />You can keep playing but it might crash again.</div>
|html|<div class="broadcast-red"><b>The battle crashed</b><br />You can keep playing but it might crash again.</div>

TypeError: Cannot read property 'isActive' of null
    at Tools.Battle.makeRequest (/Users/clazinasteunenberg/Downloads/Pokemon-Showdown/battle-engine.js:1943:15)
    at process.BattlePokemon.side (/Users/clazinasteunenberg/Downloads/Pokemon-Showdown/battle-engine.js:157:13)
    at process.EventEmitter.emit (events.js:98:17)
    at handleMessage (child_process.js:318:10)
    at Pipe.channel.onread (child_process.js:345:11)

TypeError: Object Battle: haxmons has no method 'getTeam'
    at new BattleSide (/Users/clazinasteunenberg/Downloads/Pokemon-Showdown/battle-engine.js:1096:27)
    at Tools.Battle.join (/Users/clazinasteunenberg/Downloads/Pokemon-Showdown/battle-engine.js:3333:15)
    at Tools.Battle.receive (/Users/clazinasteunenberg/Downloads/Pokemon-Showdown/battle-engine.js:3390:9)
    at process.BattlePokemon.side (/Users/clazinasteunenberg/Downloads/Pokemon-Showdown/battle-engine.js:143:12)
    at process.EventEmitter.emit (events.js:98:17)
    at handleMessage (child_process.js:318:10)
    at Pipe.channel.onread (child_process.js:345:11)

Additional information:
message = battle-haxmons-227|join|p1|RealPresent|267
currentRequest = 

Log:
|html|<div class="broadcast-red"><b>The battle crashed</b><br />You can keep playing but it might crash again.</div>
|html|<div class="broadcast-red"><b>The battle crashed</b><br />You can keep playing but it might crash again.</div>
|html|<div class="broadcast-red"><b>The battle crashed</b><br />You can keep playing but it might crash again.</div>
|html|<div class="broadcast-red"><b>The battle crashed</b><br />You can keep playing but it might crash again.</div>
|html|<div class="broadcast-red"><b>The battle crashed</b><br />You can keep playing but it might crash again.</div>
|html|<div class="broadcast-red"><b>The battle crashed</b><br />You can keep playing but it might crash again.</div>
|html|<div class="broadcast-red"><b>The battle crashed</b><br />You can keep playing but it might crash again.</div>
|html|<div class="broadcast-red"><b>The battle crashed</b><br />You can keep playing but it might crash again.</div>
|html|<div class="broadcast-red"><b>The battle crashed</b><br />You can keep playing but it might crash again.</div>
|html|<div class="broadcast-red"><b>The battle crashed</b><br />You can keep playing but it might crash again.</div>

TypeError: Cannot read property 'isActive' of null
    at Tools.Battle.makeRequest (/Users/clazinasteunenberg/Downloads/Pokemon-Showdown/battle-engine.js:1943:15)
    at process.BattlePokemon.side (/Users/clazinasteunenberg/Downloads/Pokemon-Showdown/battle-engine.js:157:13)
    at process.EventEmitter.emit (events.js:98:17)
    at handleMessage (child_process.js:318:10)
    at Pipe.channel.onread (child_process.js:345:11)

TypeError: Object Battle: haxmons has no method 'getTeam'
    at new BattleSide (/Users/clazinasteunenberg/Downloads/Pokemon-Showdown/battle-engine.js:1096:27)
    at Tools.Battle.join (/Users/clazinasteunenberg/Downloads/Pokemon-Showdown/battle-engine.js:3333:15)
    at Tools.Battle.receive (/Users/clazinasteunenberg/Downloads/Pokemon-Showdown/battle-engine.js:3390:9)
    at process.BattlePokemon.side (/Users/clazinasteunenberg/Downloads/Pokemon-Showdown/battle-engine.js:143:12)
    at process.EventEmitter.emit (events.js:98:17)
    at handleMessage (child_process.js:318:10)
    at Pipe.channel.onread (child_process.js:345:11)

Additional information:
message = battle-haxmons-227|join|p1|RealPresent|267
currentRequest = 

Log:
|html|<div class="broadcast-red"><b>The battle crashed</b><br />You can keep playing but it might crash again.</div>
|html|<div class="broadcast-red"><b>The battle crashed</b><br />You can keep playing but it might crash again.</div>
|html|<div class="broadcast-red"><b>The battle crashed</b><br />You can keep playing but it might crash again.</div>
|html|<div class="broadcast-red"><b>The battle crashed</b><br />You can keep playing but it might crash again.</div>
|html|<div class="broadcast-red"><b>The battle crashed</b><br />You can keep playing but it might crash again.</div>
|html|<div class="broadcast-red"><b>The battle crashed</b><br />You can keep playing but it might crash again.</div>
|html|<div class="broadcast-red"><b>The battle crashed</b><br />You can keep playing but it might crash again.</div>
|html|<div class="broadcast-red"><b>The battle crashed</b><br />You can keep playing but it might crash again.</div>
|html|<div class="broadcast-red"><b>The battle crashed</b><br />You can keep playing but it might crash again.</div>
|html|<div class="broadcast-red"><b>The battle crashed</b><br />You can keep playing but it might crash again.</div>
|html|<div class="broadcast-red"><b>The battle crashed</b><br />You can keep playing but it might crash again.</div>

TypeError: Cannot read property 'isActive' of null
    at Tools.Battle.makeRequest (/Users/clazinasteunenberg/Downloads/Pokemon-Showdown/battle-engine.js:1943:15)
    at process.BattlePokemon.side (/Users/clazinasteunenberg/Downloads/Pokemon-Showdown/battle-engine.js:157:13)
    at process.EventEmitter.emit (events.js:98:17)
    at handleMessage (child_process.js:318:10)
    at Pipe.channel.onread (child_process.js:345:11)

TypeError: Object Battle: haxmons has no method 'getTeam'
    at new BattleSide (/Users/clazinasteunenberg/Downloads/Pokemon-Showdown/battle-engine.js:1096:27)
    at Tools.Battle.join (/Users/clazinasteunenberg/Downloads/Pokemon-Showdown/battle-engine.js:3333:15)
    at Tools.Battle.receive (/Users/clazinasteunenberg/Downloads/Pokemon-Showdown/battle-engine.js:3390:9)
    at process.BattlePokemon.side (/Users/clazinasteunenberg/Downloads/Pokemon-Showdown/battle-engine.js:143:12)
    at process.EventEmitter.emit (events.js:98:17)
    at handleMessage (child_process.js:318:10)
    at Pipe.channel.onread (child_process.js:345:11)

Additional information:
message = battle-haxmons-227|join|p1|RealPresent|267
currentRequest = 

Log:
|html|<div class="broadcast-red"><b>The battle crashed</b><br />You can keep playing but it might crash again.</div>
|html|<div class="broadcast-red"><b>The battle crashed</b><br />You can keep playing but it might crash again.</div>
|html|<div class="broadcast-red"><b>The battle crashed</b><br />You can keep playing but it might crash again.</div>
|html|<div class="broadcast-red"><b>The battle crashed</b><br />You can keep playing but it might crash again.</div>
|html|<div class="broadcast-red"><b>The battle crashed</b><br />You can keep playing but it might crash again.</div>
|html|<div class="broadcast-red"><b>The battle crashed</b><br />You can keep playing but it might crash again.</div>
|html|<div class="broadcast-red"><b>The battle crashed</b><br />You can keep playing but it might crash again.</div>
|html|<div class="broadcast-red"><b>The battle crashed</b><br />You can keep playing but it might crash again.</div>
|html|<div class="broadcast-red"><b>The battle crashed</b><br />You can keep playing but it might crash again.</div>
|html|<div class="broadcast-red"><b>The battle crashed</b><br />You can keep playing but it might crash again.</div>
|html|<div class="broadcast-red"><b>The battle crashed</b><br />You can keep playing but it might crash again.</div>
|html|<div class="broadcast-red"><b>The battle crashed</b><br />You can keep playing but it might crash again.</div>

TypeError: Cannot read property 'isActive' of null
    at Tools.Battle.makeRequest (/Users/clazinasteunenberg/Downloads/Pokemon-Showdown/battle-engine.js:1943:15)
    at process.BattlePokemon.side (/Users/clazinasteunenberg/Downloads/Pokemon-Showdown/battle-engine.js:157:13)
    at process.EventEmitter.emit (events.js:98:17)
    at handleMessage (child_process.js:318:10)
    at Pipe.channel.onread (child_process.js:345:11)

TypeError: Object Battle: haxmons has no method 'getTeam'
    at new BattleSide (/Users/clazinasteunenberg/Downloads/Pokemon-Showdown/battle-engine.js:1096:27)
    at Tools.Battle.join (/Users/clazinasteunenberg/Downloads/Pokemon-Showdown/battle-engine.js:3333:15)
    at Tools.Battle.receive (/Users/clazinasteunenberg/Downloads/Pokemon-Showdown/battle-engine.js:3390:9)
    at process.BattlePokemon.side (/Users/clazinasteunenberg/Downloads/Pokemon-Showdown/battle-engine.js:143:12)
    at process.EventEmitter.emit (events.js:98:17)
    at handleMessage (child_process.js:318:10)
    at Pipe.channel.onread (child_process.js:345:11)

Additional information:
message = battle-haxmons-227|join|p1|RealPresent|267
currentRequest = 

Log:
|html|<div class="broadcast-red"><b>The battle crashed</b><br />You can keep playing but it might crash again.</div>
|html|<div class="broadcast-red"><b>The battle crashed</b><br />You can keep playing but it might crash again.</div>
|html|<div class="broadcast-red"><b>The battle crashed</b><br />You can keep playing but it might crash again.</div>
|html|<div class="broadcast-red"><b>The battle crashed</b><br />You can keep playing but it might crash again.</div>
|html|<div class="broadcast-red"><b>The battle crashed</b><br />You can keep playing but it might crash again.</div>
|html|<div class="broadcast-red"><b>The battle crashed</b><br />You can keep playing but it might crash again.</div>
|html|<div class="broadcast-red"><b>The battle crashed</b><br />You can keep playing but it might crash again.</div>
|html|<div class="broadcast-red"><b>The battle crashed</b><br />You can keep playing but it might crash again.</div>
|html|<div class="broadcast-red"><b>The battle crashed</b><br />You can keep playing but it might crash again.</div>
|html|<div class="broadcast-red"><b>The battle crashed</b><br />You can keep playing but it might crash again.</div>
|html|<div class="broadcast-red"><b>The battle crashed</b><br />You can keep playing but it might crash again.</div>
|html|<div class="broadcast-red"><b>The battle crashed</b><br />You can keep playing but it might crash again.</div>
|html|<div class="broadcast-red"><b>The battle crashed</b><br />You can keep playing but it might crash again.</div>

TypeError: Cannot read property 'isActive' of null
    at Tools.Battle.makeRequest (/Users/clazinasteunenberg/Downloads/Pokemon-Showdown/battle-engine.js:1943:15)
    at process.BattlePokemon.side (/Users/clazinasteunenberg/Downloads/Pokemon-Showdown/battle-engine.js:157:13)
    at process.EventEmitter.emit (events.js:98:17)
    at handleMessage (child_process.js:318:10)
    at Pipe.channel.onread (child_process.js:345:11)

TypeError: Object Battle: haxmons has no method 'getTeam'
    at new BattleSide (/Users/clazinasteunenberg/Downloads/Pokemon-Showdown/battle-engine.js:1096:27)
    at Tools.Battle.join (/Users/clazinasteunenberg/Downloads/Pokemon-Showdown/battle-engine.js:3333:15)
    at Tools.Battle.receive (/Users/clazinasteunenberg/Downloads/Pokemon-Showdown/battle-engine.js:3390:9)
    at process.BattlePokemon.side (/Users/clazinasteunenberg/Downloads/Pokemon-Showdown/battle-engine.js:143:12)
    at process.EventEmitter.emit (events.js:98:17)
    at handleMessage (child_process.js:318:10)
    at Pipe.channel.onread (child_process.js:345:11)

Additional information:
message = battle-haxmons-227|join|p1|RealPresent|267
currentRequest = 

Log:
|html|<div class="broadcast-red"><b>The battle crashed</b><br />You can keep playing but it might crash again.</div>
|html|<div class="broadcast-red"><b>The battle crashed</b><br />You can keep playing but it might crash again.</div>
|html|<div class="broadcast-red"><b>The battle crashed</b><br />You can keep playing but it might crash again.</div>
|html|<div class="broadcast-red"><b>The battle crashed</b><br />You can keep playing but it might crash again.</div>
|html|<div class="broadcast-red"><b>The battle crashed</b><br />You can keep playing but it might crash again.</div>
|html|<div class="broadcast-red"><b>The battle crashed</b><br />You can keep playing but it might crash again.</div>
|html|<div class="broadcast-red"><b>The battle crashed</b><br />You can keep playing but it might crash again.</div>
|html|<div class="broadcast-red"><b>The battle crashed</b><br />You can keep playing but it might crash again.</div>
|html|<div class="broadcast-red"><b>The battle crashed</b><br />You can keep playing but it might crash again.</div>
|html|<div class="broadcast-red"><b>The battle crashed</b><br />You can keep playing but it might crash again.</div>
|html|<div class="broadcast-red"><b>The battle crashed</b><br />You can keep playing but it might crash again.</div>
|html|<div class="broadcast-red"><b>The battle crashed</b><br />You can keep playing but it might crash again.</div>
|html|<div class="broadcast-red"><b>The battle crashed</b><br />You can keep playing but it might crash again.</div>
|html|<div class="broadcast-red"><b>The battle crashed</b><br />You can keep playing but it might crash again.</div>

TypeError: Cannot read property 'isActive' of null
    at Tools.Battle.makeRequest (/Users/clazinasteunenberg/Downloads/Pokemon-Showdown/battle-engine.js:1943:15)
    at process.BattlePokemon.side (/Users/clazinasteunenberg/Downloads/Pokemon-Showdown/battle-engine.js:157:13)
    at process.EventEmitter.emit (events.js:98:17)
    at handleMessage (child_process.js:318:10)
    at Pipe.channel.onread (child_process.js:345:11)

TypeError: Object Battle: haxmons has no method 'getTeam'
    at new BattleSide (/Users/clazinasteunenberg/Downloads/Pokemon-Showdown/battle-engine.js:1096:27)
    at Tools.Battle.join (/Users/clazinasteunenberg/Downloads/Pokemon-Showdown/battle-engine.js:3333:15)
    at Tools.Battle.receive (/Users/clazinasteunenberg/Downloads/Pokemon-Showdown/battle-engine.js:3390:9)
    at process.BattlePokemon.side (/Users/clazinasteunenberg/Downloads/Pokemon-Showdown/battle-engine.js:143:12)
    at process.EventEmitter.emit (events.js:98:17)
    at handleMessage (child_process.js:318:10)
    at Pipe.channel.onread (child_process.js:345:11)

Additional information:
message = battle-haxmons-230|join|p1|Naminé|70
currentRequest = 

Log:


TypeError: Cannot read property 'isActive' of null
    at Tools.Battle.makeRequest (/Users/clazinasteunenberg/Downloads/Pokemon-Showdown/battle-engine.js:1943:15)
    at process.BattlePokemon.side (/Users/clazinasteunenberg/Downloads/Pokemon-Showdown/battle-engine.js:157:13)
    at process.EventEmitter.emit (events.js:98:17)
    at handleMessage (child_process.js:318:10)
    at Pipe.channel.onread (child_process.js:345:11)

TypeError: Object Battle: haxmons has no method 'getTeam'
    at new BattleSide (/Users/clazinasteunenberg/Downloads/Pokemon-Showdown/battle-engine.js:1096:27)
    at Tools.Battle.join (/Users/clazinasteunenberg/Downloads/Pokemon-Showdown/battle-engine.js:3333:15)
    at Tools.Battle.receive (/Users/clazinasteunenberg/Downloads/Pokemon-Showdown/battle-engine.js:3390:9)
    at process.BattlePokemon.side (/Users/clazinasteunenberg/Downloads/Pokemon-Showdown/battle-engine.js:143:12)
    at process.EventEmitter.emit (events.js:98:17)
    at handleMessage (child_process.js:318:10)
    at Pipe.channel.onread (child_process.js:345:11)

Additional information:
message = battle-haxmons-230|join|p1|Naminé|70
currentRequest = 

Log:
|html|<div class="broadcast-red"><b>The battle crashed</b><br />You can keep playing but it might crash again.</div>

TypeError: Cannot read property 'isActive' of null
    at Tools.Battle.makeRequest (/Users/clazinasteunenberg/Downloads/Pokemon-Showdown/battle-engine.js:1943:15)
    at process.BattlePokemon.side (/Users/clazinasteunenberg/Downloads/Pokemon-Showdown/battle-engine.js:157:13)
    at process.EventEmitter.emit (events.js:98:17)
    at handleMessage (child_process.js:318:10)
    at Pipe.channel.onread (child_process.js:345:11)

TypeError: Object Battle: haxmons has no method 'getTeam'
    at new BattleSide (/Users/clazinasteunenberg/Downloads/Pokemon-Showdown/battle-engine.js:1096:27)
    at Tools.Battle.join (/Users/clazinasteunenberg/Downloads/Pokemon-Showdown/battle-engine.js:3333:15)
    at Tools.Battle.receive (/Users/clazinasteunenberg/Downloads/Pokemon-Showdown/battle-engine.js:3390:9)
    at process.BattlePokemon.side (/Users/clazinasteunenberg/Downloads/Pokemon-Showdown/battle-engine.js:143:12)
    at process.EventEmitter.emit (events.js:98:17)
    at handleMessage (child_process.js:318:10)
    at Pipe.channel.onread (child_process.js:345:11)

Additional information:
message = battle-haxmons-230|join|p1|Naminé|70
currentRequest = 

Log:
|html|<div class="broadcast-red"><b>The battle crashed</b><br />You can keep playing but it might crash again.</div>
|html|<div class="broadcast-red"><b>The battle crashed</b><br />You can keep playing but it might crash again.</div>

TypeError: Cannot read property 'isActive' of null
    at Tools.Battle.makeRequest (/Users/clazinasteunenberg/Downloads/Pokemon-Showdown/battle-engine.js:1943:15)
    at process.BattlePokemon.side (/Users/clazinasteunenberg/Downloads/Pokemon-Showdown/battle-engine.js:157:13)
    at process.EventEmitter.emit (events.js:98:17)
    at handleMessage (child_process.js:318:10)
    at Pipe.channel.onread (child_process.js:345:11)

TypeError: Object Battle: haxmons has no method 'getTeam'
    at new BattleSide (/Users/clazinasteunenberg/Downloads/Pokemon-Showdown/battle-engine.js:1096:27)
    at Tools.Battle.join (/Users/clazinasteunenberg/Downloads/Pokemon-Showdown/battle-engine.js:3333:15)
    at Tools.Battle.receive (/Users/clazinasteunenberg/Downloads/Pokemon-Showdown/battle-engine.js:3390:9)
    at process.BattlePokemon.side (/Users/clazinasteunenberg/Downloads/Pokemon-Showdown/battle-engine.js:143:12)
    at process.EventEmitter.emit (events.js:98:17)
    at handleMessage (child_process.js:318:10)
    at Pipe.channel.onread (child_process.js:345:11)

Additional information:
message = battle-haxmons-230|join|p1|Naminé|70
currentRequest = 

Log:
|html|<div class="broadcast-red"><b>The battle crashed</b><br />You can keep playing but it might crash again.</div>
|html|<div class="broadcast-red"><b>The battle crashed</b><br />You can keep playing but it might crash again.</div>
|html|<div class="broadcast-red"><b>The battle crashed</b><br />You can keep playing but it might crash again.</div>

TypeError: Cannot read property 'isActive' of null
    at Tools.Battle.makeRequest (/Users/clazinasteunenberg/Downloads/Pokemon-Showdown/battle-engine.js:1943:15)
    at process.BattlePokemon.side (/Users/clazinasteunenberg/Downloads/Pokemon-Showdown/battle-engine.js:157:13)
    at process.EventEmitter.emit (events.js:98:17)
    at handleMessage (child_process.js:318:10)
    at Pipe.channel.onread (child_process.js:345:11)

TypeError: Cannot read property 'isActive' of null
    at Tools.Battle.makeRequest (/Users/clazinasteunenberg/Downloads/Pokemon-Showdown/battle-engine.js:1943:15)
    at process.BattlePokemon.side (/Users/clazinasteunenberg/Downloads/Pokemon-Showdown/battle-engine.js:157:13)
    at process.EventEmitter.emit (events.js:98:17)
    at handleMessage (child_process.js:318:10)
    at Pipe.channel.onread (child_process.js:345:11)

TypeError: Object Battle: haxmons has no method 'getTeam'
    at new BattleSide (/Users/clazinasteunenberg/Downloads/Pokemon-Showdown/battle-engine.js:1096:27)
    at Tools.Battle.join (/Users/clazinasteunenberg/Downloads/Pokemon-Showdown/battle-engine.js:3333:15)
    at Tools.Battle.receive (/Users/clazinasteunenberg/Downloads/Pokemon-Showdown/battle-engine.js:3390:9)
    at process.BattlePokemon.side (/Users/clazinasteunenberg/Downloads/Pokemon-Showdown/battle-engine.js:143:12)
    at process.EventEmitter.emit (events.js:98:17)
    at handleMessage (child_process.js:318:10)
    at Pipe.channel.onread (child_process.js:345:11)

Additional information:
message = battle-haxmons-230|join|p1|Naminé|70
currentRequest = 

Log:
|html|<div class="broadcast-red"><b>The battle crashed</b><br />You can keep playing but it might crash again.</div>
|html|<div class="broadcast-red"><b>The battle crashed</b><br />You can keep playing but it might crash again.</div>
|html|<div class="broadcast-red"><b>The battle crashed</b><br />You can keep playing but it might crash again.</div>
|html|<div class="broadcast-red"><b>The battle crashed</b><br />You can keep playing but it might crash again.</div>

TypeError: Object Battle: haxmons has no method 'getTeam'
    at new BattleSide (/Users/clazinasteunenberg/Downloads/Pokemon-Showdown/battle-engine.js:1096:27)
    at Tools.Battle.join (/Users/clazinasteunenberg/Downloads/Pokemon-Showdown/battle-engine.js:3333:15)
    at Tools.Battle.receive (/Users/clazinasteunenberg/Downloads/Pokemon-Showdown/battle-engine.js:3390:9)
    at process.BattlePokemon.side (/Users/clazinasteunenberg/Downloads/Pokemon-Showdown/battle-engine.js:143:12)
    at process.EventEmitter.emit (events.js:98:17)
    at handleMessage (child_process.js:318:10)
    at Pipe.channel.onread (child_process.js:345:11)

Additional information:
message = battle-haxmons-230|join|p1|Naminé|70
currentRequest = 

Log:
|html|<div class="broadcast-red"><b>The battle crashed</b><br />You can keep playing but it might crash again.</div>
|html|<div class="broadcast-red"><b>The battle crashed</b><br />You can keep playing but it might crash again.</div>
|html|<div class="broadcast-red"><b>The battle crashed</b><br />You can keep playing but it might crash again.</div>
|html|<div class="broadcast-red"><b>The battle crashed</b><br />You can keep playing but it might crash again.</div>
|html|<div class="broadcast-red"><b>The battle crashed</b><br />You can keep playing but it might crash again.</div>

TypeError: Cannot read property 'isActive' of null
    at Tools.Battle.makeRequest (/Users/clazinasteunenberg/Downloads/Pokemon-Showdown/battle-engine.js:1943:15)
    at process.BattlePokemon.side (/Users/clazinasteunenberg/Downloads/Pokemon-Showdown/battle-engine.js:157:13)
    at process.EventEmitter.emit (events.js:98:17)
    at handleMessage (child_process.js:318:10)
    at Pipe.channel.onread (child_process.js:345:11)

TypeError: Object Battle: haxmons has no method 'getTeam'
    at new BattleSide (/Users/clazinasteunenberg/Downloads/Pokemon-Showdown/battle-engine.js:1096:27)
    at Tools.Battle.join (/Users/clazinasteunenberg/Downloads/Pokemon-Showdown/battle-engine.js:3333:15)
    at Tools.Battle.receive (/Users/clazinasteunenberg/Downloads/Pokemon-Showdown/battle-engine.js:3390:9)
    at process.BattlePokemon.side (/Users/clazinasteunenberg/Downloads/Pokemon-Showdown/battle-engine.js:143:12)
    at process.EventEmitter.emit (events.js:98:17)
    at handleMessage (child_process.js:318:10)
    at Pipe.channel.onread (child_process.js:345:11)

Additional information:
message = battle-haxmons-230|join|p1|Naminé|70
currentRequest = 

Log:
|html|<div class="broadcast-red"><b>The battle crashed</b><br />You can keep playing but it might crash again.</div>
|html|<div class="broadcast-red"><b>The battle crashed</b><br />You can keep playing but it might crash again.</div>
|html|<div class="broadcast-red"><b>The battle crashed</b><br />You can keep playing but it might crash again.</div>
|html|<div class="broadcast-red"><b>The battle crashed</b><br />You can keep playing but it might crash again.</div>
|html|<div class="broadcast-red"><b>The battle crashed</b><br />You can keep playing but it might crash again.</div>
|html|<div class="broadcast-red"><b>The battle crashed</b><br />You can keep playing but it might crash again.</div>

TypeError: Cannot read property 'isActive' of null
    at Tools.Battle.makeRequest (/Users/clazinasteunenberg/Downloads/Pokemon-Showdown/battle-engine.js:1943:15)
    at process.BattlePokemon.side (/Users/clazinasteunenberg/Downloads/Pokemon-Showdown/battle-engine.js:157:13)
    at process.EventEmitter.emit (events.js:98:17)
    at handleMessage (child_process.js:318:10)
    at Pipe.channel.onread (child_process.js:345:11)

TypeError: Object Battle: haxmons has no method 'getTeam'
    at new BattleSide (/Users/clazinasteunenberg/Downloads/Pokemon-Showdown/battle-engine.js:1096:27)
    at Tools.Battle.join (/Users/clazinasteunenberg/Downloads/Pokemon-Showdown/battle-engine.js:3333:15)
    at Tools.Battle.receive (/Users/clazinasteunenberg/Downloads/Pokemon-Showdown/battle-engine.js:3390:9)
    at process.BattlePokemon.side (/Users/clazinasteunenberg/Downloads/Pokemon-Showdown/battle-engine.js:143:12)
    at process.EventEmitter.emit (events.js:98:17)
    at handleMessage (child_process.js:318:10)
    at Pipe.channel.onread (child_process.js:345:11)

Additional information:
message = battle-haxmons-230|join|p1|Naminé|70
currentRequest = 

Log:
|html|<div class="broadcast-red"><b>The battle crashed</b><br />You can keep playing but it might crash again.</div>
|html|<div class="broadcast-red"><b>The battle crashed</b><br />You can keep playing but it might crash again.</div>
|html|<div class="broadcast-red"><b>The battle crashed</b><br />You can keep playing but it might crash again.</div>
|html|<div class="broadcast-red"><b>The battle crashed</b><br />You can keep playing but it might crash again.</div>
|html|<div class="broadcast-red"><b>The battle crashed</b><br />You can keep playing but it might crash again.</div>
|html|<div class="broadcast-red"><b>The battle crashed</b><br />You can keep playing but it might crash again.</div>
|html|<div class="broadcast-red"><b>The battle crashed</b><br />You can keep playing but it might crash again.</div>

TypeError: Cannot read property 'isActive' of null
    at Tools.Battle.makeRequest (/Users/clazinasteunenberg/Downloads/Pokemon-Showdown/battle-engine.js:1943:15)
    at process.BattlePokemon.side (/Users/clazinasteunenberg/Downloads/Pokemon-Showdown/battle-engine.js:157:13)
    at process.EventEmitter.emit (events.js:98:17)
    at handleMessage (child_process.js:318:10)
    at Pipe.channel.onread (child_process.js:345:11)

TypeError: Object Battle: haxmons has no method 'getTeam'
    at new BattleSide (/Users/clazinasteunenberg/Downloads/Pokemon-Showdown/battle-engine.js:1096:27)
    at Tools.Battle.join (/Users/clazinasteunenberg/Downloads/Pokemon-Showdown/battle-engine.js:3333:15)
    at Tools.Battle.receive (/Users/clazinasteunenberg/Downloads/Pokemon-Showdown/battle-engine.js:3390:9)
    at process.BattlePokemon.side (/Users/clazinasteunenberg/Downloads/Pokemon-Showdown/battle-engine.js:143:12)
    at process.EventEmitter.emit (events.js:98:17)
    at handleMessage (child_process.js:318:10)
    at Pipe.channel.onread (child_process.js:345:11)

Additional information:
message = battle-haxmons-230|join|p1|Naminé|70
currentRequest = 

Log:
|html|<div class="broadcast-red"><b>The battle crashed</b><br />You can keep playing but it might crash again.</div>
|html|<div class="broadcast-red"><b>The battle crashed</b><br />You can keep playing but it might crash again.</div>
|html|<div class="broadcast-red"><b>The battle crashed</b><br />You can keep playing but it might crash again.</div>
|html|<div class="broadcast-red"><b>The battle crashed</b><br />You can keep playing but it might crash again.</div>
|html|<div class="broadcast-red"><b>The battle crashed</b><br />You can keep playing but it might crash again.</div>
|html|<div class="broadcast-red"><b>The battle crashed</b><br />You can keep playing but it might crash again.</div>
|html|<div class="broadcast-red"><b>The battle crashed</b><br />You can keep playing but it might crash again.</div>
|html|<div class="broadcast-red"><b>The battle crashed</b><br />You can keep playing but it might crash again.</div>

TypeError: Cannot read property 'isActive' of null
    at Tools.Battle.makeRequest (/Users/clazinasteunenberg/Downloads/Pokemon-Showdown/battle-engine.js:1943:15)
    at process.BattlePokemon.side (/Users/clazinasteunenberg/Downloads/Pokemon-Showdown/battle-engine.js:157:13)
    at process.EventEmitter.emit (events.js:98:17)
    at handleMessage (child_process.js:318:10)
    at Pipe.channel.onread (child_process.js:345:11)

TypeError: Object Battle: haxmons has no method 'getTeam'
    at new BattleSide (/Users/clazinasteunenberg/Downloads/Pokemon-Showdown/battle-engine.js:1096:27)
    at Tools.Battle.join (/Users/clazinasteunenberg/Downloads/Pokemon-Showdown/battle-engine.js:3333:15)
    at Tools.Battle.receive (/Users/clazinasteunenberg/Downloads/Pokemon-Showdown/battle-engine.js:3390:9)
    at process.BattlePokemon.side (/Users/clazinasteunenberg/Downloads/Pokemon-Showdown/battle-engine.js:143:12)
    at process.EventEmitter.emit (events.js:98:17)
    at handleMessage (child_process.js:318:10)
    at Pipe.channel.onread (child_process.js:345:11)

Additional information:
message = battle-haxmons-230|join|p1|Naminé|70
currentRequest = 

Log:
|html|<div class="broadcast-red"><b>The battle crashed</b><br />You can keep playing but it might crash again.</div>
|html|<div class="broadcast-red"><b>The battle crashed</b><br />You can keep playing but it might crash again.</div>
|html|<div class="broadcast-red"><b>The battle crashed</b><br />You can keep playing but it might crash again.</div>
|html|<div class="broadcast-red"><b>The battle crashed</b><br />You can keep playing but it might crash again.</div>
|html|<div class="broadcast-red"><b>The battle crashed</b><br />You can keep playing but it might crash again.</div>
|html|<div class="broadcast-red"><b>The battle crashed</b><br />You can keep playing but it might crash again.</div>
|html|<div class="broadcast-red"><b>The battle crashed</b><br />You can keep playing but it might crash again.</div>
|html|<div class="broadcast-red"><b>The battle crashed</b><br />You can keep playing but it might crash again.</div>
|html|<div class="broadcast-red"><b>The battle crashed</b><br />You can keep playing but it might crash again.</div>

TypeError: Cannot read property 'isActive' of null
    at Tools.Battle.makeRequest (/Users/clazinasteunenberg/Downloads/Pokemon-Showdown/battle-engine.js:1943:15)
    at process.BattlePokemon.side (/Users/clazinasteunenberg/Downloads/Pokemon-Showdown/battle-engine.js:157:13)
    at process.EventEmitter.emit (events.js:98:17)
    at handleMessage (child_process.js:318:10)
    at Pipe.channel.onread (child_process.js:345:11)

TypeError: Object Battle: haxmons has no method 'getTeam'
    at new BattleSide (/Users/clazinasteunenberg/Downloads/Pokemon-Showdown/battle-engine.js:1096:27)
    at Tools.Battle.join (/Users/clazinasteunenberg/Downloads/Pokemon-Showdown/battle-engine.js:3333:15)
    at Tools.Battle.receive (/Users/clazinasteunenberg/Downloads/Pokemon-Showdown/battle-engine.js:3390:9)
    at process.BattlePokemon.side (/Users/clazinasteunenberg/Downloads/Pokemon-Showdown/battle-engine.js:143:12)
    at process.EventEmitter.emit (events.js:98:17)
    at handleMessage (child_process.js:318:10)
    at Pipe.channel.onread (child_process.js:345:11)

Additional information:
message = battle-haxmons-230|join|p1|Naminé|70
currentRequest = 

Log:
|html|<div class="broadcast-red"><b>The battle crashed</b><br />You can keep playing but it might crash again.</div>
|html|<div class="broadcast-red"><b>The battle crashed</b><br />You can keep playing but it might crash again.</div>
|html|<div class="broadcast-red"><b>The battle crashed</b><br />You can keep playing but it might crash again.</div>
|html|<div class="broadcast-red"><b>The battle crashed</b><br />You can keep playing but it might crash again.</div>
|html|<div class="broadcast-red"><b>The battle crashed</b><br />You can keep playing but it might crash again.</div>
|html|<div class="broadcast-red"><b>The battle crashed</b><br />You can keep playing but it might crash again.</div>
|html|<div class="broadcast-red"><b>The battle crashed</b><br />You can keep playing but it might crash again.</div>
|html|<div class="broadcast-red"><b>The battle crashed</b><br />You can keep playing but it might crash again.</div>
|html|<div class="broadcast-red"><b>The battle crashed</b><br />You can keep playing but it might crash again.</div>
|html|<div class="broadcast-red"><b>The battle crashed</b><br />You can keep playing but it might crash again.</div>

TypeError: Cannot read property 'isActive' of null
    at Tools.Battle.makeRequest (/Users/clazinasteunenberg/Downloads/Pokemon-Showdown/battle-engine.js:1943:15)
    at process.BattlePokemon.side (/Users/clazinasteunenberg/Downloads/Pokemon-Showdown/battle-engine.js:157:13)
    at process.EventEmitter.emit (events.js:98:17)
    at handleMessage (child_process.js:318:10)
    at Pipe.channel.onread (child_process.js:345:11)

TypeError: Object Battle: haxmons has no method 'getTeam'
    at new BattleSide (/Users/clazinasteunenberg/Downloads/Pokemon-Showdown/battle-engine.js:1096:27)
    at Tools.Battle.join (/Users/clazinasteunenberg/Downloads/Pokemon-Showdown/battle-engine.js:3333:15)
    at Tools.Battle.receive (/Users/clazinasteunenberg/Downloads/Pokemon-Showdown/battle-engine.js:3390:9)
    at process.BattlePokemon.side (/Users/clazinasteunenberg/Downloads/Pokemon-Showdown/battle-engine.js:143:12)
    at process.EventEmitter.emit (events.js:98:17)
    at handleMessage (child_process.js:318:10)
    at Pipe.channel.onread (child_process.js:345:11)

Additional information:
message = battle-haxmons-227|join|p1|RealPresent|267
currentRequest = 

Log:
|html|<div class="broadcast-red"><b>The battle crashed</b><br />You can keep playing but it might crash again.</div>
|html|<div class="broadcast-red"><b>The battle crashed</b><br />You can keep playing but it might crash again.</div>
|html|<div class="broadcast-red"><b>The battle crashed</b><br />You can keep playing but it might crash again.</div>
|html|<div class="broadcast-red"><b>The battle crashed</b><br />You can keep playing but it might crash again.</div>
|html|<div class="broadcast-red"><b>The battle crashed</b><br />You can keep playing but it might crash again.</div>
|html|<div class="broadcast-red"><b>The battle crashed</b><br />You can keep playing but it might crash again.</div>
|html|<div class="broadcast-red"><b>The battle crashed</b><br />You can keep playing but it might crash again.</div>
|html|<div class="broadcast-red"><b>The battle crashed</b><br />You can keep playing but it might crash again.</div>
|html|<div class="broadcast-red"><b>The battle crashed</b><br />You can keep playing but it might crash again.</div>
|html|<div class="broadcast-red"><b>The battle crashed</b><br />You can keep playing but it might crash again.</div>
|html|<div class="broadcast-red"><b>The battle crashed</b><br />You can keep playing but it might crash again.</div>
|html|<div class="broadcast-red"><b>The battle crashed</b><br />You can keep playing but it might crash again.</div>
|html|<div class="broadcast-red"><b>The battle crashed</b><br />You can keep playing but it might crash again.</div>
|html|<div class="broadcast-red"><b>The battle crashed</b><br />You can keep playing but it might crash again.</div>
|html|<div class="broadcast-red"><b>The battle crashed</b><br />You can keep playing but it might crash again.</div>

TypeError: Cannot read property 'isActive' of null
    at Tools.Battle.makeRequest (/Users/clazinasteunenberg/Downloads/Pokemon-Showdown/battle-engine.js:1943:15)
    at process.BattlePokemon.side (/Users/clazinasteunenberg/Downloads/Pokemon-Showdown/battle-engine.js:157:13)
    at process.EventEmitter.emit (events.js:98:17)
    at handleMessage (child_process.js:318:10)
    at Pipe.channel.onread (child_process.js:345:11)

TypeError: Object Battle: haxmons has no method 'getTeam'
    at new BattleSide (/Users/clazinasteunenberg/Downloads/Pokemon-Showdown/battle-engine.js:1096:27)
    at Tools.Battle.join (/Users/clazinasteunenberg/Downloads/Pokemon-Showdown/battle-engine.js:3333:15)
    at Tools.Battle.receive (/Users/clazinasteunenberg/Downloads/Pokemon-Showdown/battle-engine.js:3390:9)
    at process.BattlePokemon.side (/Users/clazinasteunenberg/Downloads/Pokemon-Showdown/battle-engine.js:143:12)
    at process.EventEmitter.emit (events.js:98:17)
    at handleMessage (child_process.js:318:10)
    at Pipe.channel.onread (child_process.js:345:11)

Additional information:
message = battle-haxmons-227|join|p1|RealPresent|267
currentRequest = 

Log:
|html|<div class="broadcast-red"><b>The battle crashed</b><br />You can keep playing but it might crash again.</div>
|html|<div class="broadcast-red"><b>The battle crashed</b><br />You can keep playing but it might crash again.</div>
|html|<div class="broadcast-red"><b>The battle crashed</b><br />You can keep playing but it might crash again.</div>
|html|<div class="broadcast-red"><b>The battle crashed</b><br />You can keep playing but it might crash again.</div>
|html|<div class="broadcast-red"><b>The battle crashed</b><br />You can keep playing but it might crash again.</div>
|html|<div class="broadcast-red"><b>The battle crashed</b><br />You can keep playing but it might crash again.</div>
|html|<div class="broadcast-red"><b>The battle crashed</b><br />You can keep playing but it might crash again.</div>
|html|<div class="broadcast-red"><b>The battle crashed</b><br />You can keep playing but it might crash again.</div>
|html|<div class="broadcast-red"><b>The battle crashed</b><br />You can keep playing but it might crash again.</div>
|html|<div class="broadcast-red"><b>The battle crashed</b><br />You can keep playing but it might crash again.</div>
|html|<div class="broadcast-red"><b>The battle crashed</b><br />You can keep playing but it might crash again.</div>
|html|<div class="broadcast-red"><b>The battle crashed</b><br />You can keep playing but it might crash again.</div>
|html|<div class="broadcast-red"><b>The battle crashed</b><br />You can keep playing but it might crash again.</div>
|html|<div class="broadcast-red"><b>The battle crashed</b><br />You can keep playing but it might crash again.</div>
|html|<div class="broadcast-red"><b>The battle crashed</b><br />You can keep playing but it might crash again.</div>
|html|<div class="broadcast-red"><b>The battle crashed</b><br />You can keep playing but it might crash again.</div>

TypeError: Cannot read property 'isActive' of null
    at Tools.Battle.makeRequest (/Users/clazinasteunenberg/Downloads/Pokemon-Showdown/battle-engine.js:1943:15)
    at process.BattlePokemon.side (/Users/clazinasteunenberg/Downloads/Pokemon-Showdown/battle-engine.js:157:13)
    at process.EventEmitter.emit (events.js:98:17)
    at handleMessage (child_process.js:318:10)
    at Pipe.channel.onread (child_process.js:345:11)

TypeError: Object Battle: haxmons has no method 'getTeam'
    at new BattleSide (/Users/clazinasteunenberg/Downloads/Pokemon-Showdown/battle-engine.js:1096:27)
    at Tools.Battle.join (/Users/clazinasteunenberg/Downloads/Pokemon-Showdown/battle-engine.js:3333:15)
    at Tools.Battle.receive (/Users/clazinasteunenberg/Downloads/Pokemon-Showdown/battle-engine.js:3390:9)
    at process.BattlePokemon.side (/Users/clazinasteunenberg/Downloads/Pokemon-Showdown/battle-engine.js:143:12)
    at process.EventEmitter.emit (events.js:98:17)
    at handleMessage (child_process.js:318:10)
    at Pipe.channel.onread (child_process.js:345:11)

Additional information:
message = battle-haxmons-230|join|p1|Naminé|70
currentRequest = 

Log:
|html|<div class="broadcast-red"><b>The battle crashed</b><br />You can keep playing but it might crash again.</div>
|html|<div class="broadcast-red"><b>The battle crashed</b><br />You can keep playing but it might crash again.</div>
|html|<div class="broadcast-red"><b>The battle crashed</b><br />You can keep playing but it might crash again.</div>
|html|<div class="broadcast-red"><b>The battle crashed</b><br />You can keep playing but it might crash again.</div>
|html|<div class="broadcast-red"><b>The battle crashed</b><br />You can keep playing but it might crash again.</div>
|html|<div class="broadcast-red"><b>The battle crashed</b><br />You can keep playing but it might crash again.</div>
|html|<div class="broadcast-red"><b>The battle crashed</b><br />You can keep playing but it might crash again.</div>
|html|<div class="broadcast-red"><b>The battle crashed</b><br />You can keep playing but it might crash again.</div>
|html|<div class="broadcast-red"><b>The battle crashed</b><br />You can keep playing but it might crash again.</div>
|html|<div class="broadcast-red"><b>The battle crashed</b><br />You can keep playing but it might crash again.</div>
|html|<div class="broadcast-red"><b>The battle crashed</b><br />You can keep playing but it might crash again.</div>

TypeError: Cannot read property 'isActive' of null
    at Tools.Battle.makeRequest (/Users/clazinasteunenberg/Downloads/Pokemon-Showdown/battle-engine.js:1943:15)
    at process.BattlePokemon.side (/Users/clazinasteunenberg/Downloads/Pokemon-Showdown/battle-engine.js:157:13)
    at process.EventEmitter.emit (events.js:98:17)
    at handleMessage (child_process.js:318:10)
    at Pipe.channel.onread (child_process.js:345:11)

TypeError: Object Battle: randombattle has no method 'getTeam'
    at new BattleSide (/Users/clazinasteunenberg/Downloads/Pokemon-Showdown/battle-engine.js:1096:27)
    at Tools.Battle.join (/Users/clazinasteunenberg/Downloads/Pokemon-Showdown/battle-engine.js:3333:15)
    at Tools.Battle.receive (/Users/clazinasteunenberg/Downloads/Pokemon-Showdown/battle-engine.js:3390:9)
    at process.BattlePokemon.side (/Users/clazinasteunenberg/Downloads/Pokemon-Showdown/battle-engine.js:143:12)
    at process.EventEmitter.emit (events.js:98:17)
    at handleMessage (child_process.js:318:10)
    at Pipe.channel.onread (child_process.js:345:11)

Additional information:
message = battle-randombattle-232|join|p1|mrSmellyfeet100|269
currentRequest = 

Log:


TypeError: Cannot read property 'isActive' of null
    at Tools.Battle.makeRequest (/Users/clazinasteunenberg/Downloads/Pokemon-Showdown/battle-engine.js:1943:15)
    at process.BattlePokemon.side (/Users/clazinasteunenberg/Downloads/Pokemon-Showdown/battle-engine.js:157:13)
    at process.EventEmitter.emit (events.js:98:17)
    at handleMessage (child_process.js:318:10)
    at Pipe.channel.onread (child_process.js:345:11)

TypeError: Object Battle: randombattle has no method 'getTeam'
    at new BattleSide (/Users/clazinasteunenberg/Downloads/Pokemon-Showdown/battle-engine.js:1096:27)
    at Tools.Battle.join (/Users/clazinasteunenberg/Downloads/Pokemon-Showdown/battle-engine.js:3333:15)
    at Tools.Battle.receive (/Users/clazinasteunenberg/Downloads/Pokemon-Showdown/battle-engine.js:3390:9)
    at process.BattlePokemon.side (/Users/clazinasteunenberg/Downloads/Pokemon-Showdown/battle-engine.js:143:12)
    at process.EventEmitter.emit (events.js:98:17)
    at handleMessage (child_process.js:318:10)
    at Pipe.channel.onread (child_process.js:345:11)

Additional information:
message = battle-randombattle-232|join|p1|mrSmellyfeet100|269
currentRequest = 

Log:
|html|<div class="broadcast-red"><b>The battle crashed</b><br />You can keep playing but it might crash again.</div>

TypeError: Cannot read property 'isActive' of null
    at Tools.Battle.makeRequest (/Users/clazinasteunenberg/Downloads/Pokemon-Showdown/battle-engine.js:1943:15)
    at process.BattlePokemon.side (/Users/clazinasteunenberg/Downloads/Pokemon-Showdown/battle-engine.js:157:13)
    at process.EventEmitter.emit (events.js:98:17)
    at handleMessage (child_process.js:318:10)
    at Pipe.channel.onread (child_process.js:345:11)

TypeError: Object Battle: randombattle has no method 'getTeam'
    at new BattleSide (/Users/clazinasteunenberg/Downloads/Pokemon-Showdown/battle-engine.js:1096:27)
    at Tools.Battle.join (/Users/clazinasteunenberg/Downloads/Pokemon-Showdown/battle-engine.js:3333:15)
    at Tools.Battle.receive (/Users/clazinasteunenberg/Downloads/Pokemon-Showdown/battle-engine.js:3390:9)
    at process.BattlePokemon.side (/Users/clazinasteunenberg/Downloads/Pokemon-Showdown/battle-engine.js:143:12)
    at process.EventEmitter.emit (events.js:98:17)
    at handleMessage (child_process.js:318:10)
    at Pipe.channel.onread (child_process.js:345:11)

Additional information:
message = battle-randombattle-232|join|p1|mrSmellyfeet100|269
currentRequest = 

Log:
|html|<div class="broadcast-red"><b>The battle crashed</b><br />You can keep playing but it might crash again.</div>
|html|<div class="broadcast-red"><b>The battle crashed</b><br />You can keep playing but it might crash again.</div>

TypeError: Cannot read property 'isActive' of null
    at Tools.Battle.makeRequest (/Users/clazinasteunenberg/Downloads/Pokemon-Showdown/battle-engine.js:1943:15)
    at process.BattlePokemon.side (/Users/clazinasteunenberg/Downloads/Pokemon-Showdown/battle-engine.js:157:13)
    at process.EventEmitter.emit (events.js:98:17)
    at handleMessage (child_process.js:318:10)
    at Pipe.channel.onread (child_process.js:345:11)

TypeError: Object Battle: randombattle has no method 'getTeam'
    at new BattleSide (/Users/clazinasteunenberg/Downloads/Pokemon-Showdown/battle-engine.js:1096:27)
    at Tools.Battle.join (/Users/clazinasteunenberg/Downloads/Pokemon-Showdown/battle-engine.js:3333:15)
    at Tools.Battle.receive (/Users/clazinasteunenberg/Downloads/Pokemon-Showdown/battle-engine.js:3390:9)
    at process.BattlePokemon.side (/Users/clazinasteunenberg/Downloads/Pokemon-Showdown/battle-engine.js:143:12)
    at process.EventEmitter.emit (events.js:98:17)
    at handleMessage (child_process.js:318:10)
    at Pipe.channel.onread (child_process.js:345:11)

Additional information:
message = battle-randombattle-232|join|p1|mrSmellyfeet100|269
currentRequest = 

Log:
|html|<div class="broadcast-red"><b>The battle crashed</b><br />You can keep playing but it might crash again.</div>
|html|<div class="broadcast-red"><b>The battle crashed</b><br />You can keep playing but it might crash again.</div>
|html|<div class="broadcast-red"><b>The battle crashed</b><br />You can keep playing but it might crash again.</div>

TypeError: Cannot read property 'isActive' of null
    at Tools.Battle.makeRequest (/Users/clazinasteunenberg/Downloads/Pokemon-Showdown/battle-engine.js:1943:15)
    at process.BattlePokemon.side (/Users/clazinasteunenberg/Downloads/Pokemon-Showdown/battle-engine.js:157:13)
    at process.EventEmitter.emit (events.js:98:17)
    at handleMessage (child_process.js:318:10)
    at Pipe.channel.onread (child_process.js:345:11)

TypeError: Object Battle: randombattle has no method 'getTeam'
    at new BattleSide (/Users/clazinasteunenberg/Downloads/Pokemon-Showdown/battle-engine.js:1096:27)
    at Tools.Battle.join (/Users/clazinasteunenberg/Downloads/Pokemon-Showdown/battle-engine.js:3333:15)
    at Tools.Battle.receive (/Users/clazinasteunenberg/Downloads/Pokemon-Showdown/battle-engine.js:3390:9)
    at process.BattlePokemon.side (/Users/clazinasteunenberg/Downloads/Pokemon-Showdown/battle-engine.js:143:12)
    at process.EventEmitter.emit (events.js:98:17)
    at handleMessage (child_process.js:318:10)
    at Pipe.channel.onread (child_process.js:345:11)

Additional information:
message = battle-randombattle-232|join|p1|mrSmellyfeet100|269
currentRequest = 

Log:
|html|<div class="broadcast-red"><b>The battle crashed</b><br />You can keep playing but it might crash again.</div>
|html|<div class="broadcast-red"><b>The battle crashed</b><br />You can keep playing but it might crash again.</div>
|html|<div class="broadcast-red"><b>The battle crashed</b><br />You can keep playing but it might crash again.</div>
|html|<div class="broadcast-red"><b>The battle crashed</b><br />You can keep playing but it might crash again.</div>

TypeError: Cannot read property 'isActive' of null
    at Tools.Battle.makeRequest (/Users/clazinasteunenberg/Downloads/Pokemon-Showdown/battle-engine.js:1943:15)
    at process.BattlePokemon.side (/Users/clazinasteunenberg/Downloads/Pokemon-Showdown/battle-engine.js:157:13)
    at process.EventEmitter.emit (events.js:98:17)
    at handleMessage (child_process.js:318:10)
    at Pipe.channel.onread (child_process.js:345:11)

TypeError: Object Battle: randombattle has no method 'getTeam'
    at new BattleSide (/Users/clazinasteunenberg/Downloads/Pokemon-Showdown/battle-engine.js:1096:27)
    at Tools.Battle.join (/Users/clazinasteunenberg/Downloads/Pokemon-Showdown/battle-engine.js:3333:15)
    at Tools.Battle.receive (/Users/clazinasteunenberg/Downloads/Pokemon-Showdown/battle-engine.js:3390:9)
    at process.BattlePokemon.side (/Users/clazinasteunenberg/Downloads/Pokemon-Showdown/battle-engine.js:143:12)
    at process.EventEmitter.emit (events.js:98:17)
    at handleMessage (child_process.js:318:10)
    at Pipe.channel.onread (child_process.js:345:11)

Additional information:
message = battle-randombattle-232|join|p1|mrSmellyfeet100|269
currentRequest = 

Log:
|html|<div class="broadcast-red"><b>The battle crashed</b><br />You can keep playing but it might crash again.</div>
|html|<div class="broadcast-red"><b>The battle crashed</b><br />You can keep playing but it might crash again.</div>
|html|<div class="broadcast-red"><b>The battle crashed</b><br />You can keep playing but it might crash again.</div>
|html|<div class="broadcast-red"><b>The battle crashed</b><br />You can keep playing but it might crash again.</div>
|html|<div class="broadcast-red"><b>The battle crashed</b><br />You can keep playing but it might crash again.</div>

TypeError: Cannot read property 'isActive' of null
    at Tools.Battle.makeRequest (/Users/clazinasteunenberg/Downloads/Pokemon-Showdown/battle-engine.js:1943:15)
    at process.BattlePokemon.side (/Users/clazinasteunenberg/Downloads/Pokemon-Showdown/battle-engine.js:157:13)
    at process.EventEmitter.emit (events.js:98:17)
    at handleMessage (child_process.js:318:10)
    at Pipe.channel.onread (child_process.js:345:11)

TypeError: Object Battle: randombattle has no method 'getTeam'
    at new BattleSide (/Users/clazinasteunenberg/Downloads/Pokemon-Showdown/battle-engine.js:1096:27)
    at Tools.Battle.join (/Users/clazinasteunenberg/Downloads/Pokemon-Showdown/battle-engine.js:3333:15)
    at Tools.Battle.receive (/Users/clazinasteunenberg/Downloads/Pokemon-Showdown/battle-engine.js:3390:9)
    at process.BattlePokemon.side (/Users/clazinasteunenberg/Downloads/Pokemon-Showdown/battle-engine.js:143:12)
    at process.EventEmitter.emit (events.js:98:17)
    at handleMessage (child_process.js:318:10)
    at Pipe.channel.onread (child_process.js:345:11)

Additional information:
message = battle-randombattle-232|join|p1|mrSmellyfeet100|269
currentRequest = 

Log:
|html|<div class="broadcast-red"><b>The battle crashed</b><br />You can keep playing but it might crash again.</div>
|html|<div class="broadcast-red"><b>The battle crashed</b><br />You can keep playing but it might crash again.</div>
|html|<div class="broadcast-red"><b>The battle crashed</b><br />You can keep playing but it might crash again.</div>
|html|<div class="broadcast-red"><b>The battle crashed</b><br />You can keep playing but it might crash again.</div>
|html|<div class="broadcast-red"><b>The battle crashed</b><br />You can keep playing but it might crash again.</div>
|html|<div class="broadcast-red"><b>The battle crashed</b><br />You can keep playing but it might crash again.</div>

TypeError: Cannot read property 'isActive' of null
    at Tools.Battle.makeRequest (/Users/clazinasteunenberg/Downloads/Pokemon-Showdown/battle-engine.js:1943:15)
    at process.BattlePokemon.side (/Users/clazinasteunenberg/Downloads/Pokemon-Showdown/battle-engine.js:157:13)
    at process.EventEmitter.emit (events.js:98:17)
    at handleMessage (child_process.js:318:10)
    at Pipe.channel.onread (child_process.js:345:11)

TypeError: Object Battle: randombattle has no method 'getTeam'
    at new BattleSide (/Users/clazinasteunenberg/Downloads/Pokemon-Showdown/battle-engine.js:1096:27)
    at Tools.Battle.join (/Users/clazinasteunenberg/Downloads/Pokemon-Showdown/battle-engine.js:3333:15)
    at Tools.Battle.receive (/Users/clazinasteunenberg/Downloads/Pokemon-Showdown/battle-engine.js:3390:9)
    at process.BattlePokemon.side (/Users/clazinasteunenberg/Downloads/Pokemon-Showdown/battle-engine.js:143:12)
    at process.EventEmitter.emit (events.js:98:17)
    at handleMessage (child_process.js:318:10)
    at Pipe.channel.onread (child_process.js:345:11)

Additional information:
message = battle-randombattle-232|join|p1|mrSmellyfeet100|269
currentRequest = 

Log:
|html|<div class="broadcast-red"><b>The battle crashed</b><br />You can keep playing but it might crash again.</div>
|html|<div class="broadcast-red"><b>The battle crashed</b><br />You can keep playing but it might crash again.</div>
|html|<div class="broadcast-red"><b>The battle crashed</b><br />You can keep playing but it might crash again.</div>
|html|<div class="broadcast-red"><b>The battle crashed</b><br />You can keep playing but it might crash again.</div>
|html|<div class="broadcast-red"><b>The battle crashed</b><br />You can keep playing but it might crash again.</div>
|html|<div class="broadcast-red"><b>The battle crashed</b><br />You can keep playing but it might crash again.</div>
|html|<div class="broadcast-red"><b>The battle crashed</b><br />You can keep playing but it might crash again.</div>

TypeError: Cannot read property 'isActive' of null
    at Tools.Battle.makeRequest (/Users/clazinasteunenberg/Downloads/Pokemon-Showdown/battle-engine.js:1943:15)
    at process.BattlePokemon.side (/Users/clazinasteunenberg/Downloads/Pokemon-Showdown/battle-engine.js:157:13)
    at process.EventEmitter.emit (events.js:98:17)
    at handleMessage (child_process.js:318:10)
    at Pipe.channel.onread (child_process.js:345:11)

TypeError: Object Battle: randombattle has no method 'getTeam'
    at new BattleSide (/Users/clazinasteunenberg/Downloads/Pokemon-Showdown/battle-engine.js:1096:27)
    at Tools.Battle.join (/Users/clazinasteunenberg/Downloads/Pokemon-Showdown/battle-engine.js:3333:15)
    at Tools.Battle.receive (/Users/clazinasteunenberg/Downloads/Pokemon-Showdown/battle-engine.js:3390:9)
    at process.BattlePokemon.side (/Users/clazinasteunenberg/Downloads/Pokemon-Showdown/battle-engine.js:143:12)
    at process.EventEmitter.emit (events.js:98:17)
    at handleMessage (child_process.js:318:10)
    at Pipe.channel.onread (child_process.js:345:11)

Additional information:
message = battle-randombattle-232|join|p1|mrSmellyfeet100|269
currentRequest = 

Log:
|html|<div class="broadcast-red"><b>The battle crashed</b><br />You can keep playing but it might crash again.</div>
|html|<div class="broadcast-red"><b>The battle crashed</b><br />You can keep playing but it might crash again.</div>
|html|<div class="broadcast-red"><b>The battle crashed</b><br />You can keep playing but it might crash again.</div>
|html|<div class="broadcast-red"><b>The battle crashed</b><br />You can keep playing but it might crash again.</div>
|html|<div class="broadcast-red"><b>The battle crashed</b><br />You can keep playing but it might crash again.</div>
|html|<div class="broadcast-red"><b>The battle crashed</b><br />You can keep playing but it might crash again.</div>
|html|<div class="broadcast-red"><b>The battle crashed</b><br />You can keep playing but it might crash again.</div>
|html|<div class="broadcast-red"><b>The battle crashed</b><br />You can keep playing but it might crash again.</div>

TypeError: Cannot read property 'isActive' of null
    at Tools.Battle.makeRequest (/Users/clazinasteunenberg/Downloads/Pokemon-Showdown/battle-engine.js:1943:15)
    at process.BattlePokemon.side (/Users/clazinasteunenberg/Downloads/Pokemon-Showdown/battle-engine.js:157:13)
    at process.EventEmitter.emit (events.js:98:17)
    at handleMessage (child_process.js:318:10)
    at Pipe.channel.onread (child_process.js:345:11)

TypeError: Object Battle: haxmons has no method 'getTeam'
    at new BattleSide (/Users/clazinasteunenberg/Downloads/Pokemon-Showdown/battle-engine.js:1096:27)
    at Tools.Battle.join (/Users/clazinasteunenberg/Downloads/Pokemon-Showdown/battle-engine.js:3333:15)
    at Tools.Battle.receive (/Users/clazinasteunenberg/Downloads/Pokemon-Showdown/battle-engine.js:3390:9)
    at process.BattlePokemon.side (/Users/clazinasteunenberg/Downloads/Pokemon-Showdown/battle-engine.js:143:12)
    at process.EventEmitter.emit (events.js:98:17)
    at handleMessage (child_process.js:318:10)
    at Pipe.channel.onread (child_process.js:345:11)

Additional information:
message = battle-haxmons-230|join|p1|Naminé|70
currentRequest = 

Log:
|html|<div class="broadcast-red"><b>The battle crashed</b><br />You can keep playing but it might crash again.</div>
|html|<div class="broadcast-red"><b>The battle crashed</b><br />You can keep playing but it might crash again.</div>
|html|<div class="broadcast-red"><b>The battle crashed</b><br />You can keep playing but it might crash again.</div>
|html|<div class="broadcast-red"><b>The battle crashed</b><br />You can keep playing but it might crash again.</div>
|html|<div class="broadcast-red"><b>The battle crashed</b><br />You can keep playing but it might crash again.</div>
|html|<div class="broadcast-red"><b>The battle crashed</b><br />You can keep playing but it might crash again.</div>
|html|<div class="broadcast-red"><b>The battle crashed</b><br />You can keep playing but it might crash again.</div>
|html|<div class="broadcast-red"><b>The battle crashed</b><br />You can keep playing but it might crash again.</div>
|html|<div class="broadcast-red"><b>The battle crashed</b><br />You can keep playing but it might crash again.</div>
|html|<div class="broadcast-red"><b>The battle crashed</b><br />You can keep playing but it might crash again.</div>
|html|<div class="broadcast-red"><b>The battle crashed</b><br />You can keep playing but it might crash again.</div>
|html|<div class="broadcast-red"><b>The battle crashed</b><br />You can keep playing but it might crash again.</div>

TypeError: Cannot read property 'isActive' of null
    at Tools.Battle.makeRequest (/Users/clazinasteunenberg/Downloads/Pokemon-Showdown/battle-engine.js:1943:15)
    at process.BattlePokemon.side (/Users/clazinasteunenberg/Downloads/Pokemon-Showdown/battle-engine.js:157:13)
    at process.EventEmitter.emit (events.js:98:17)
    at handleMessage (child_process.js:318:10)
    at Pipe.channel.onread (child_process.js:345:11)

TypeError: Object Battle: randombattle has no method 'getTeam'
    at new BattleSide (/Users/clazinasteunenberg/Downloads/Pokemon-Showdown/battle-engine.js:1096:27)
    at Tools.Battle.join (/Users/clazinasteunenberg/Downloads/Pokemon-Showdown/battle-engine.js:3333:15)
    at Tools.Battle.receive (/Users/clazinasteunenberg/Downloads/Pokemon-Showdown/battle-engine.js:3390:9)
    at process.BattlePokemon.side (/Users/clazinasteunenberg/Downloads/Pokemon-Showdown/battle-engine.js:143:12)
    at process.EventEmitter.emit (events.js:98:17)
    at handleMessage (child_process.js:318:10)
    at Pipe.channel.onread (child_process.js:345:11)

Additional information:
message = battle-randombattle-232|join|p1|mrSmellyfeet100|269
currentRequest = 

Log:
|html|<div class="broadcast-red"><b>The battle crashed</b><br />You can keep playing but it might crash again.</div>
|html|<div class="broadcast-red"><b>The battle crashed</b><br />You can keep playing but it might crash again.</div>
|html|<div class="broadcast-red"><b>The battle crashed</b><br />You can keep playing but it might crash again.</div>
|html|<div class="broadcast-red"><b>The battle crashed</b><br />You can keep playing but it might crash again.</div>
|html|<div class="broadcast-red"><b>The battle crashed</b><br />You can keep playing but it might crash again.</div>
|html|<div class="broadcast-red"><b>The battle crashed</b><br />You can keep playing but it might crash again.</div>
|html|<div class="broadcast-red"><b>The battle crashed</b><br />You can keep playing but it might crash again.</div>
|html|<div class="broadcast-red"><b>The battle crashed</b><br />You can keep playing but it might crash again.</div>
|html|<div class="broadcast-red"><b>The battle crashed</b><br />You can keep playing but it might crash again.</div>

TypeError: Cannot read property 'isActive' of null
    at Tools.Battle.makeRequest (/Users/clazinasteunenberg/Downloads/Pokemon-Showdown/battle-engine.js:1943:15)
    at process.BattlePokemon.side (/Users/clazinasteunenberg/Downloads/Pokemon-Showdown/battle-engine.js:157:13)
    at process.EventEmitter.emit (events.js:98:17)
    at handleMessage (child_process.js:318:10)
    at Pipe.channel.onread (child_process.js:345:11)

ReferenceError: add is not defined
    at Tools.exports.BattleFormats.tormentmons.validateSet (/Users/clazinasteunenberg/Downloads/Pokemon-Showdown/data/formats.js:793:4)
    at Tools.module.exports.Tools.validateSet (/Users/clazinasteunenberg/Downloads/Pokemon-Showdown/tools.js:1008:50)
    at Tools.module.exports.Tools.validateTeam (/Users/clazinasteunenberg/Downloads/Pokemon-Showdown/tools.js:713:27)
    at Object.exports.commands.challenge (/Users/clazinasteunenberg/Downloads/Pokemon-Showdown/commands.js:1964:24)
    at Object.exports.parse (/Users/clazinasteunenberg/Downloads/Pokemon-Showdown/command-parser.js:192:31)
    at ChatRoom.chat (/Users/clazinasteunenberg/Downloads/Pokemon-Showdown/rooms.js:1429:27)
    at User.processChatQueue (/Users/clazinasteunenberg/Downloads/Pokemon-Showdown/users.js:1042:13)
    at Timer.listOnTimeout [as ontimeout] (timers.js:110:15)

TypeError: Cannot read property '0' of undefined
    at BattleRoom.win (/Users/clazinasteunenberg/Downloads/Pokemon-Showdown/rooms.js:538:33)
    at Simulator.receive (/Users/clazinasteunenberg/Downloads/Pokemon-Showdown/simulator.js:154:14)
    at ChildProcess.<anonymous> (/Users/clazinasteunenberg/Downloads/Pokemon-Showdown/simulator.js:23:9)
    at ChildProcess.EventEmitter.emit (events.js:98:17)
    at handleMessage (child_process.js:318:10)
    at Pipe.channel.onread (child_process.js:345:11)

TypeError: Cannot read property '0' of undefined
    at BattleRoom.win (/Users/clazinasteunenberg/Downloads/Pokemon-Showdown/rooms.js:538:33)
    at Simulator.receive (/Users/clazinasteunenberg/Downloads/Pokemon-Showdown/simulator.js:154:14)
    at ChildProcess.<anonymous> (/Users/clazinasteunenberg/Downloads/Pokemon-Showdown/simulator.js:23:9)
    at ChildProcess.EventEmitter.emit (events.js:98:17)
    at handleMessage (child_process.js:318:10)
    at Pipe.channel.onread (child_process.js:345:11)

TypeError: Cannot read property '0' of undefined
    at BattleRoom.win (/Users/clazinasteunenberg/Downloads/Test/rooms.js:538:33)
    at Simulator.receive (/Users/clazinasteunenberg/Downloads/Test/simulator.js:154:14)
    at ChildProcess.<anonymous> (/Users/clazinasteunenberg/Downloads/Test/simulator.js:23:9)
    at ChildProcess.EventEmitter.emit (events.js:98:17)
    at handleMessage (child_process.js:318:10)
    at Pipe.channel.onread (child_process.js:345:11)

TypeError: Cannot call method 'indexOf' of undefined
    at Tools.module.exports.Tools.getBanlistTable (/Users/clazinasteunenberg/Downloads/Test/tools.js:653:41)
    at Tools.module.exports.Tools.getFormat (/Users/clazinasteunenberg/Downloads/Test/tools.js:307:9)
    at Tools.module.exports.Tools.validateTeam (/Users/clazinasteunenberg/Downloads/Test/tools.js:690:17)
    at Object.exports.commands.challenge (/Users/clazinasteunenberg/Downloads/Test/commands.js:1964:24)
    at Object.exports.parse (/Users/clazinasteunenberg/Downloads/Test/command-parser.js:192:31)
    at ChatRoom.chat (/Users/clazinasteunenberg/Downloads/Test/rooms.js:1429:27)
    at User.processChatQueue (/Users/clazinasteunenberg/Downloads/Test/users.js:1042:13)
    at Timer.listOnTimeout [as ontimeout] (timers.js:110:15)

ReferenceError: winmessageu is not defined
    at Tools.exports.BattleFormats.lolclause.onFaint (/Users/clazinasteunenberg/Downloads/Test/data/formats.js:1372:25)
    at Tools.Battle.runEvent (/Users/clazinasteunenberg/Downloads/Test/battle-engine.js:1767:38)
    at Tools.Battle.faintMessages (/Users/clazinasteunenberg/Downloads/Test/battle-engine.js:2688:10)
    at Tools.Battle.runDecision (/Users/clazinasteunenberg/Downloads/Test/battle-engine.js:2971:8)
    at Tools.Battle.go (/Users/clazinasteunenberg/Downloads/Test/battle-engine.js:3024:9)
    at Tools.Battle.commitDecisions (/Users/clazinasteunenberg/Downloads/Test/battle-engine.js:3102:8)
    at Tools.Battle.choose (/Users/clazinasteunenberg/Downloads/Test/battle-engine.js:3084:9)
    at Tools.Battle.receive (/Users/clazinasteunenberg/Downloads/Test/battle-engine.js:3411:9)
    at process.BattlePokemon.side (/Users/clazinasteunenberg/Downloads/Test/battle-engine.js:143:12)
    at process.EventEmitter.emit (events.js:98:17)

Additional information:
message = battle-usermons-328|choose|p1|move Fire Blast 1,switch 6|1
currentRequest = move

Log:
|player|p1|Glistering Aeon|285
|player|p2|Oiawesome|265
|gametype|doubles
|tier|Usermons!
|rule|Sleep Clause Mod: Limit one foe put to sleep
|rule|Species Clause: Limit one of each Pokemon
|rule|OHKO Clause: OHKO moves are banned
|rule|Moody Clause: Moody is banned
|rule|Evasion Moves Clause: Evasion moves are banned
|rule|HP Percentage Mod: HP is reported as percentages
|
|start
|split
|switch|p1a: Heatran|Heatran, F|323/323
|switch|p1a: Heatran|Heatran, F|100/100
|switch|p1a: Heatran|Heatran, F|100/100
|switch|p1a: Heatran|Heatran, F|323/323
|split
|switch|p1b: Virizion|Virizion|324/324
|switch|p1b: Virizion|Virizion|100/100
|switch|p1b: Virizion|Virizion|100/100
|switch|p1b: Virizion|Virizion|324/324
|split
|switch|p2a: Politoed|Politoed, M|100/100
|switch|p2a: Politoed|Politoed, M|322/322
|switch|p2a: Politoed|Politoed, M|100/100
|switch|p2a: Politoed|Politoed, M|322/322
|split
|switch|p2b: Gyarados|Gyarados, M|100/100
|switch|p2b: Gyarados|Gyarados, M|332/332
|switch|p2b: Gyarados|Gyarados, M|100/100
|switch|p2b: Gyarados|Gyarados, M|332/332
|-weather|RainDance|[from] ability: Drizzle|[of] p2a: Politoed
|-item|p1a: Heatran|Air Balloon
|turn|1
|callback|decision
|chat|Oiawesome|oh cool
|chat|Oiawesome|usermons doubles
|chat|Oiawesome|I copy pasted the doubles one instead
|chat|Oiawesome|lol
|chat|Glistering Aeon|lol
|chat|Oiawesome|DON'T attack
|chat|Oiawesome|and keep heatran in
|chat|Glistering Aeon|ummm
|chat|Oiawesome|I need to test LOL clause
|chat|Glistering Aeon|Heatran only has attacking moves
|chat|Oiawesome|jsut do fire blaston poli
|chat|Glistering Aeon|Should I switch virizion or SD?
|chat|Oiawesome|switch
|
|split
|switch|p1b: Skarmory|Skarmory, M|334/334
|switch|p1b: Skarmory|Skarmory, M|100/100
|switch|p1b: Skarmory|Skarmory, M|100/100
|switch|p1b: Skarmory|Skarmory, M|334/334
|move|p2a: Politoed|Surf|p1b: Skarmory
|-resisted|p2b: Gyarados
|split
|-damage|p2b: Gyarados|79/100
|-damage|p2b: Gyarados|262/332
|-damage|p2b: Gyarados|79/100
|-damage|p2b: Gyarados|262/332
|-supereffective|p1a: Heatran
|split
|-damage|p1a: Heatran|51/323
|-damage|p1a: Heatran|16/100
|-damage|p1a: Heatran|16/100
|-damage|p1a: Heatran|51/323
|-enditem|p1a: Heatran|Air Balloon
|split
|-damage|p1b: Skarmory|129/334
|-damage|p1b: Skarmory|39/100
|-damage|p1b: Skarmory|39/100
|-damage|p1b: Skarmory|129/334
|move|p1a: Heatran|Fire Blast|p2a: Politoed
|-crit|p2a: Politoed
|-resisted|p2a: Politoed
|split
|-damage|p2a: Politoed|69/100
|-damage|p2a: Politoed|219/322
|-damage|p2a: Politoed|69/100
|-damage|p2a: Politoed|219/322
|move|p2b: Gyarados|Waterfall|p1a: Heatran
|-supereffective|p1a: Heatran
|split
|-damage|p1a: Heatran|0 fnt
|-damage|p1a: Heatran|0 fnt
|-damage|p1a: Heatran|0 fnt
|-damage|p1a: Heatran|0 fnt
|faint|p1a: Heatran
|-boost|p2b: Gyarados|atk|1|[from] ability: Moxie

TypeError: Cannot read property 'status' of undefined
    at Object.exports.commands.j (/Users/clazinasteunenberg/Downloads/Test/commands.js:320:20)
    at Object.exports.parse (/Users/clazinasteunenberg/Downloads/Test/command-parser.js:192:31)
    at BattleRoom.chat (/Users/clazinasteunenberg/Downloads/Test/rooms.js:1103:27)
    at User.chat (/Users/clazinasteunenberg/Downloads/Test/users.js:1028:9)
    at /Users/clazinasteunenberg/Downloads/Test/app.js:418:10
    at Array.forEach (native)
    at SockJSConnection.<anonymous> (/Users/clazinasteunenberg/Downloads/Test/app.js:417:22)
    at SockJSConnection.EventEmitter.emit (events.js:95:17)
    at Session.didMessage (/Users/clazinasteunenberg/Downloads/Test/node_modules/sockjs/lib/transport.js:212:25)
    at WebSocketReceiver.didMessage (/Users/clazinasteunenberg/Downloads/Test/node_modules/sockjs/lib/trans-websocket.js:102:40)

Additional information:
user = realpresent
ip = 85.151.31.30
roomid = battle-nohaxmons-262
message = battle-nohaxmons-262|/j

TypeError: Cannot read property 'status' of undefined
    at Object.exports.commands.dq (/Users/clazinasteunenberg/Downloads/Test/commands.js:505:20)
    at Object.exports.parse (/Users/clazinasteunenberg/Downloads/Test/command-parser.js:192:31)
    at BattleRoom.chat (/Users/clazinasteunenberg/Downloads/Test/rooms.js:1103:27)
    at User.chat (/Users/clazinasteunenberg/Downloads/Test/users.js:1028:9)
    at /Users/clazinasteunenberg/Downloads/Test/app.js:418:10
    at Array.forEach (native)
    at SockJSConnection.<anonymous> (/Users/clazinasteunenberg/Downloads/Test/app.js:417:22)
    at SockJSConnection.EventEmitter.emit (events.js:95:17)
    at Session.didMessage (/Users/clazinasteunenberg/Downloads/Test/node_modules/sockjs/lib/transport.js:212:25)
    at WebSocketReceiver.didMessage (/Users/clazinasteunenberg/Downloads/Test/node_modules/sockjs/lib/trans-websocket.js:102:40)

Additional information:
user = snaquaza
ip = 127.0.0.1
roomid = battle-nohaxmons-262
message = battle-nohaxmons-262|/dq Snaquaza

SyntaxError: Unexpected token :
    at Module._compile (module.js:439:25)
    at Object.Module._extensions..js (module.js:474:10)
    at Module.load (module.js:356:32)
    at Function.Module._load (module.js:312:12)
    at Module.require (module.js:364:17)
    at require (module.js:380:17)
    at Object.<anonymous> (/Users/clazinasteunenberg/Downloads/Test/command-parser.js:368:22)
    at Module._compile (module.js:456:26)
    at Object.Module._extensions..js (module.js:474:10)
    at Module.load (module.js:356:32)

Additional information:
user = snaquaza
ip = 127.0.0.1
roomid = 
message = |/hotpatch chat

TypeError: Cannot call method 'indexOf' of undefined
    at Tools.module.exports.Tools.getBanlistTable (/Users/clazinasteunenberg/Downloads/Test/tools.js:653:41)
    at Tools.module.exports.Tools.getFormat (/Users/clazinasteunenberg/Downloads/Test/tools.js:307:9)
    at Tools.module.exports.Tools.validateTeam (/Users/clazinasteunenberg/Downloads/Test/tools.js:690:17)
    at Object.exports.commands.challenge (/Users/clazinasteunenberg/Downloads/Test/commands.js:1964:24)
    at Object.exports.parse (/Users/clazinasteunenberg/Downloads/Test/command-parser.js:192:31)
    at ChatRoom.chat (/Users/clazinasteunenberg/Downloads/Test/rooms.js:1429:27)
    at User.processChatQueue (/Users/clazinasteunenberg/Downloads/Test/users.js:1042:13)
    at Timer.listOnTimeout [as ontimeout] (timers.js:110:15)

TypeError: Cannot call method 'indexOf' of undefined
    at Tools.module.exports.Tools.getBanlistTable (/Users/clazinasteunenberg/Downloads/Test/tools.js:653:41)
    at Tools.module.exports.Tools.getFormat (/Users/clazinasteunenberg/Downloads/Test/tools.js:307:9)
    at Tools.module.exports.Tools.mod (/Users/clazinasteunenberg/Downloads/Test/tools.js:102:15)
    at /Users/clazinasteunenberg/Downloads/Test/battle-engine.js:1234:23
    at Object.Battle [as construct] (/Users/clazinasteunenberg/Downloads/Test/battle-engine.js:1243:6)
    at process.BattlePokemon.side (/Users/clazinasteunenberg/Downloads/Test/battle-engine.js:120:31)
    at process.EventEmitter.emit (events.js:98:17)
    at handleMessage (child_process.js:318:10)
    at Pipe.channel.onread (child_process.js:345:11)

Additional information:
message = battle-haxmons-265|init|haxmons|

TypeError: Cannot call method 'indexOf' of undefined
    at Tools.module.exports.Tools.getBanlistTable (/Users/clazinasteunenberg/Downloads/Test/tools.js:653:41)
    at Tools.module.exports.Tools.getFormat (/Users/clazinasteunenberg/Downloads/Test/tools.js:307:9)
    at Tools.module.exports.Tools.validateTeam (/Users/clazinasteunenberg/Downloads/Test/tools.js:690:17)
    at Object.exports.commands.challenge (/Users/clazinasteunenberg/Downloads/Test/commands.js:1964:24)
    at Object.exports.parse (/Users/clazinasteunenberg/Downloads/Test/command-parser.js:192:31)
    at ChatRoom.chat (/Users/clazinasteunenberg/Downloads/Test/rooms.js:1429:27)
    at User.processChatQueue (/Users/clazinasteunenberg/Downloads/Test/users.js:1042:13)
    at Timer.listOnTimeout [as ontimeout] (timers.js:110:15)

TypeError: Cannot call method 'indexOf' of undefined
    at Tools.module.exports.Tools.getBanlistTable (/Users/clazinasteunenberg/Downloads/Test/tools.js:653:41)
    at Tools.module.exports.Tools.getFormat (/Users/clazinasteunenberg/Downloads/Test/tools.js:307:9)
    at Tools.module.exports.Tools.mod (/Users/clazinasteunenberg/Downloads/Test/tools.js:102:15)
    at /Users/clazinasteunenberg/Downloads/Test/battle-engine.js:1234:23
    at Object.Battle [as construct] (/Users/clazinasteunenberg/Downloads/Test/battle-engine.js:1243:6)
    at process.BattlePokemon.side (/Users/clazinasteunenberg/Downloads/Test/battle-engine.js:120:31)
    at process.EventEmitter.emit (events.js:98:17)
    at handleMessage (child_process.js:318:10)
    at Pipe.channel.onread (child_process.js:345:11)

Additional information:
message = battle-haxmons-266|init|haxmons|

TypeError: Cannot call method 'indexOf' of undefined
    at Tools.module.exports.Tools.getBanlistTable (/Users/clazinasteunenberg/Downloads/Test/tools.js:653:41)
    at Tools.module.exports.Tools.getFormat (/Users/clazinasteunenberg/Downloads/Test/tools.js:307:9)
    at Tools.module.exports.Tools.validateTeam (/Users/clazinasteunenberg/Downloads/Test/tools.js:690:17)
    at Object.exports.commands.challenge (/Users/clazinasteunenberg/Downloads/Test/commands.js:1964:24)
    at Object.exports.parse (/Users/clazinasteunenberg/Downloads/Test/command-parser.js:192:31)
    at ChatRoom.chat (/Users/clazinasteunenberg/Downloads/Test/rooms.js:1429:27)
    at User.processChatQueue (/Users/clazinasteunenberg/Downloads/Test/users.js:1042:13)
    at Timer.listOnTimeout [as ontimeout] (timers.js:110:15)

TypeError: Cannot call method 'indexOf' of undefined
    at Tools.module.exports.Tools.getBanlistTable (/Users/clazinasteunenberg/Downloads/Test/tools.js:653:41)
    at Tools.module.exports.Tools.getFormat (/Users/clazinasteunenberg/Downloads/Test/tools.js:307:9)
    at Tools.module.exports.Tools.validateTeam (/Users/clazinasteunenberg/Downloads/Test/tools.js:690:17)
    at Object.exports.commands.challenge (/Users/clazinasteunenberg/Downloads/Test/commands.js:1964:24)
    at Object.exports.parse (/Users/clazinasteunenberg/Downloads/Test/command-parser.js:192:31)
    at ChatRoom.chat (/Users/clazinasteunenberg/Downloads/Test/rooms.js:1429:27)
    at User.processChatQueue (/Users/clazinasteunenberg/Downloads/Test/users.js:1042:13)
    at Timer.listOnTimeout [as ontimeout] (timers.js:110:15)

TypeError: Object Battle: lessbasepower has no method 'getTeam'
    at new BattleSide (/Users/clazinasteunenberg/Downloads/Test/battle-engine.js:1096:27)
    at Tools.Battle.join (/Users/clazinasteunenberg/Downloads/Test/battle-engine.js:3333:15)
    at Tools.Battle.receive (/Users/clazinasteunenberg/Downloads/Test/battle-engine.js:3390:9)
    at process.BattlePokemon.side (/Users/clazinasteunenberg/Downloads/Test/battle-engine.js:143:12)
    at process.EventEmitter.emit (events.js:98:17)
    at handleMessage (child_process.js:318:10)
    at Pipe.channel.onread (child_process.js:345:11)

Additional information:
message = battle-lessbasepower-295|join|p1|Snaquaza|101
currentRequest = 

Log:


TypeError: Object Battle: lessbasepower has no method 'getTeam'
    at new BattleSide (/Users/clazinasteunenberg/Downloads/Test/battle-engine.js:1096:27)
    at Tools.Battle.join (/Users/clazinasteunenberg/Downloads/Test/battle-engine.js:3333:15)
    at Tools.Battle.receive (/Users/clazinasteunenberg/Downloads/Test/battle-engine.js:3390:9)
    at process.BattlePokemon.side (/Users/clazinasteunenberg/Downloads/Test/battle-engine.js:143:12)
    at process.EventEmitter.emit (events.js:98:17)
    at handleMessage (child_process.js:318:10)
    at Pipe.channel.onread (child_process.js:345:11)

Additional information:
message = battle-lessbasepower-295|join|p1|Snaquaza|101
currentRequest = 

Log:
|html|<div class="broadcast-red"><b>The battle crashed</b><br />You can keep playing but it might crash again.</div>

TypeError: Cannot read property 'isActive' of null
    at Tools.Battle.makeRequest (/Users/clazinasteunenberg/Downloads/Test/battle-engine.js:1943:15)
    at process.BattlePokemon.side (/Users/clazinasteunenberg/Downloads/Test/battle-engine.js:157:13)
    at process.EventEmitter.emit (events.js:98:17)
    at handleMessage (child_process.js:318:10)
    at Pipe.channel.onread (child_process.js:345:11)

TypeError: Cannot read property 'isActive' of null
    at Tools.Battle.makeRequest (/Users/clazinasteunenberg/Downloads/Test/battle-engine.js:1943:15)
    at process.BattlePokemon.side (/Users/clazinasteunenberg/Downloads/Test/battle-engine.js:157:13)
    at process.EventEmitter.emit (events.js:98:17)
    at handleMessage (child_process.js:318:10)
    at Pipe.channel.onread (child_process.js:345:11)

TypeError: Object Battle: lessbasepower has no method 'getTeam'
    at new BattleSide (/Users/clazinasteunenberg/Downloads/Test/battle-engine.js:1096:27)
    at Tools.Battle.join (/Users/clazinasteunenberg/Downloads/Test/battle-engine.js:3333:15)
    at Tools.Battle.receive (/Users/clazinasteunenberg/Downloads/Test/battle-engine.js:3390:9)
    at process.BattlePokemon.side (/Users/clazinasteunenberg/Downloads/Test/battle-engine.js:143:12)
    at process.EventEmitter.emit (events.js:98:17)
    at handleMessage (child_process.js:318:10)
    at Pipe.channel.onread (child_process.js:345:11)

Additional information:
message = battle-lessbasepower-295|join|p1|Snaquaza|101
currentRequest = 

Log:
|html|<div class="broadcast-red"><b>The battle crashed</b><br />You can keep playing but it might crash again.</div>
|html|<div class="broadcast-red"><b>The battle crashed</b><br />You can keep playing but it might crash again.</div>

TypeError: Cannot read property 'isActive' of null
    at Tools.Battle.makeRequest (/Users/clazinasteunenberg/Downloads/Test/battle-engine.js:1943:15)
    at process.BattlePokemon.side (/Users/clazinasteunenberg/Downloads/Test/battle-engine.js:157:13)
    at process.EventEmitter.emit (events.js:98:17)
    at handleMessage (child_process.js:318:10)
    at Pipe.channel.onread (child_process.js:345:11)

TypeError: Object Battle: lessbasepower has no method 'getTeam'
    at new BattleSide (/Users/clazinasteunenberg/Downloads/Test/battle-engine.js:1096:27)
    at Tools.Battle.join (/Users/clazinasteunenberg/Downloads/Test/battle-engine.js:3333:15)
    at Tools.Battle.receive (/Users/clazinasteunenberg/Downloads/Test/battle-engine.js:3390:9)
    at process.BattlePokemon.side (/Users/clazinasteunenberg/Downloads/Test/battle-engine.js:143:12)
    at process.EventEmitter.emit (events.js:98:17)
    at handleMessage (child_process.js:318:10)
    at Pipe.channel.onread (child_process.js:345:11)

Additional information:
message = battle-lessbasepower-295|join|p1|Snaquaza|101
currentRequest = 

Log:
|html|<div class="broadcast-red"><b>The battle crashed</b><br />You can keep playing but it might crash again.</div>
|html|<div class="broadcast-red"><b>The battle crashed</b><br />You can keep playing but it might crash again.</div>
|html|<div class="broadcast-red"><b>The battle crashed</b><br />You can keep playing but it might crash again.</div>

TypeError: Cannot read property 'isActive' of null
    at Tools.Battle.makeRequest (/Users/clazinasteunenberg/Downloads/Test/battle-engine.js:1943:15)
    at process.BattlePokemon.side (/Users/clazinasteunenberg/Downloads/Test/battle-engine.js:157:13)
    at process.EventEmitter.emit (events.js:98:17)
    at handleMessage (child_process.js:318:10)
    at Pipe.channel.onread (child_process.js:345:11)

TypeError: Object Battle: lessbasepower has no method 'getTeam'
    at new BattleSide (/Users/clazinasteunenberg/Downloads/Test/battle-engine.js:1096:27)
    at Tools.Battle.join (/Users/clazinasteunenberg/Downloads/Test/battle-engine.js:3333:15)
    at Tools.Battle.receive (/Users/clazinasteunenberg/Downloads/Test/battle-engine.js:3390:9)
    at process.BattlePokemon.side (/Users/clazinasteunenberg/Downloads/Test/battle-engine.js:143:12)
    at process.EventEmitter.emit (events.js:98:17)
    at handleMessage (child_process.js:318:10)
    at Pipe.channel.onread (child_process.js:345:11)

Additional information:
message = battle-lessbasepower-295|join|p1|Snaquaza|101
currentRequest = 

Log:
|html|<div class="broadcast-red"><b>The battle crashed</b><br />You can keep playing but it might crash again.</div>
|html|<div class="broadcast-red"><b>The battle crashed</b><br />You can keep playing but it might crash again.</div>
|html|<div class="broadcast-red"><b>The battle crashed</b><br />You can keep playing but it might crash again.</div>
|html|<div class="broadcast-red"><b>The battle crashed</b><br />You can keep playing but it might crash again.</div>

TypeError: Cannot read property 'isActive' of null
    at Tools.Battle.makeRequest (/Users/clazinasteunenberg/Downloads/Test/battle-engine.js:1943:15)
    at process.BattlePokemon.side (/Users/clazinasteunenberg/Downloads/Test/battle-engine.js:157:13)
    at process.EventEmitter.emit (events.js:98:17)
    at handleMessage (child_process.js:318:10)
    at Pipe.channel.onread (child_process.js:345:11)

TypeError: Object Battle: randombattle has no method 'getTeam'
    at new BattleSide (/Users/clazinasteunenberg/Downloads/Test/battle-engine.js:1096:27)
    at Tools.Battle.join (/Users/clazinasteunenberg/Downloads/Test/battle-engine.js:3333:15)
    at Tools.Battle.receive (/Users/clazinasteunenberg/Downloads/Test/battle-engine.js:3390:9)
    at process.BattlePokemon.side (/Users/clazinasteunenberg/Downloads/Test/battle-engine.js:143:12)
    at process.EventEmitter.emit (events.js:98:17)
    at handleMessage (child_process.js:318:10)
    at Pipe.channel.onread (child_process.js:345:11)

Additional information:
message = battle-randombattle-296|join|p1|Angry Raspberry|63
currentRequest = 

Log:


TypeError: Cannot read property 'isActive' of null
    at Tools.Battle.makeRequest (/Users/clazinasteunenberg/Downloads/Test/battle-engine.js:1943:15)
    at process.BattlePokemon.side (/Users/clazinasteunenberg/Downloads/Test/battle-engine.js:157:13)
    at process.EventEmitter.emit (events.js:98:17)
    at handleMessage (child_process.js:318:10)
    at Pipe.channel.onread (child_process.js:345:11)

TypeError: Object Battle: randombattle has no method 'getTeam'
    at new BattleSide (/Users/clazinasteunenberg/Downloads/Test/battle-engine.js:1096:27)
    at Tools.Battle.join (/Users/clazinasteunenberg/Downloads/Test/battle-engine.js:3333:15)
    at Tools.Battle.receive (/Users/clazinasteunenberg/Downloads/Test/battle-engine.js:3390:9)
    at process.BattlePokemon.side (/Users/clazinasteunenberg/Downloads/Test/battle-engine.js:143:12)
    at process.EventEmitter.emit (events.js:98:17)
    at handleMessage (child_process.js:318:10)
    at Pipe.channel.onread (child_process.js:345:11)

Additional information:
message = battle-randombattle-296|join|p1|Angry Raspberry|63
currentRequest = 

Log:
|html|<div class="broadcast-red"><b>The battle crashed</b><br />You can keep playing but it might crash again.</div>

TypeError: Cannot read property 'isActive' of null
    at Tools.Battle.makeRequest (/Users/clazinasteunenberg/Downloads/Test/battle-engine.js:1943:15)
    at process.BattlePokemon.side (/Users/clazinasteunenberg/Downloads/Test/battle-engine.js:157:13)
    at process.EventEmitter.emit (events.js:98:17)
    at handleMessage (child_process.js:318:10)
    at Pipe.channel.onread (child_process.js:345:11)

TypeError: Object Battle: randombattle has no method 'getTeam'
    at new BattleSide (/Users/clazinasteunenberg/Downloads/Test/battle-engine.js:1096:27)
    at Tools.Battle.join (/Users/clazinasteunenberg/Downloads/Test/battle-engine.js:3333:15)
    at Tools.Battle.receive (/Users/clazinasteunenberg/Downloads/Test/battle-engine.js:3390:9)
    at process.BattlePokemon.side (/Users/clazinasteunenberg/Downloads/Test/battle-engine.js:143:12)
    at process.EventEmitter.emit (events.js:98:17)
    at handleMessage (child_process.js:318:10)
    at Pipe.channel.onread (child_process.js:345:11)

Additional information:
message = battle-randombattle-296|join|p1|Angry Raspberry|63
currentRequest = 

Log:
|html|<div class="broadcast-red"><b>The battle crashed</b><br />You can keep playing but it might crash again.</div>
|html|<div class="broadcast-red"><b>The battle crashed</b><br />You can keep playing but it might crash again.</div>

TypeError: Cannot read property 'isActive' of null
    at Tools.Battle.makeRequest (/Users/clazinasteunenberg/Downloads/Test/battle-engine.js:1943:15)
    at process.BattlePokemon.side (/Users/clazinasteunenberg/Downloads/Test/battle-engine.js:157:13)
    at process.EventEmitter.emit (events.js:98:17)
    at handleMessage (child_process.js:318:10)
    at Pipe.channel.onread (child_process.js:345:11)

TypeError: Object Battle: randombattle has no method 'getTeam'
    at new BattleSide (/Users/clazinasteunenberg/Downloads/Test/battle-engine.js:1096:27)
    at Tools.Battle.join (/Users/clazinasteunenberg/Downloads/Test/battle-engine.js:3333:15)
    at Tools.Battle.receive (/Users/clazinasteunenberg/Downloads/Test/battle-engine.js:3390:9)
    at process.BattlePokemon.side (/Users/clazinasteunenberg/Downloads/Test/battle-engine.js:143:12)
    at process.EventEmitter.emit (events.js:98:17)
    at handleMessage (child_process.js:318:10)
    at Pipe.channel.onread (child_process.js:345:11)

Additional information:
message = battle-randombattle-296|join|p1|Angry Raspberry|63
currentRequest = 

Log:
|html|<div class="broadcast-red"><b>The battle crashed</b><br />You can keep playing but it might crash again.</div>
|html|<div class="broadcast-red"><b>The battle crashed</b><br />You can keep playing but it might crash again.</div>
|html|<div class="broadcast-red"><b>The battle crashed</b><br />You can keep playing but it might crash again.</div>

TypeError: Cannot read property 'isActive' of null
    at Tools.Battle.makeRequest (/Users/clazinasteunenberg/Downloads/Test/battle-engine.js:1943:15)
    at process.BattlePokemon.side (/Users/clazinasteunenberg/Downloads/Test/battle-engine.js:157:13)
    at process.EventEmitter.emit (events.js:98:17)
    at handleMessage (child_process.js:318:10)
    at Pipe.channel.onread (child_process.js:345:11)

TypeError: Object Battle: randombattle has no method 'getTeam'
    at new BattleSide (/Users/clazinasteunenberg/Downloads/Test/battle-engine.js:1096:27)
    at Tools.Battle.join (/Users/clazinasteunenberg/Downloads/Test/battle-engine.js:3333:15)
    at Tools.Battle.receive (/Users/clazinasteunenberg/Downloads/Test/battle-engine.js:3390:9)
    at process.BattlePokemon.side (/Users/clazinasteunenberg/Downloads/Test/battle-engine.js:143:12)
    at process.EventEmitter.emit (events.js:98:17)
    at handleMessage (child_process.js:318:10)
    at Pipe.channel.onread (child_process.js:345:11)

Additional information:
message = battle-randombattle-296|join|p1|Angry Raspberry|63
currentRequest = 

Log:
|html|<div class="broadcast-red"><b>The battle crashed</b><br />You can keep playing but it might crash again.</div>
|html|<div class="broadcast-red"><b>The battle crashed</b><br />You can keep playing but it might crash again.</div>
|html|<div class="broadcast-red"><b>The battle crashed</b><br />You can keep playing but it might crash again.</div>
|html|<div class="broadcast-red"><b>The battle crashed</b><br />You can keep playing but it might crash again.</div>

TypeError: Cannot read property 'isActive' of null
    at Tools.Battle.makeRequest (/Users/clazinasteunenberg/Downloads/Test/battle-engine.js:1943:15)
    at process.BattlePokemon.side (/Users/clazinasteunenberg/Downloads/Test/battle-engine.js:157:13)
    at process.EventEmitter.emit (events.js:98:17)
    at handleMessage (child_process.js:318:10)
    at Pipe.channel.onread (child_process.js:345:11)

TypeError: Object Battle: randombattle has no method 'getTeam'
    at new BattleSide (/Users/clazinasteunenberg/Downloads/Test/battle-engine.js:1096:27)
    at Tools.Battle.join (/Users/clazinasteunenberg/Downloads/Test/battle-engine.js:3333:15)
    at Tools.Battle.receive (/Users/clazinasteunenberg/Downloads/Test/battle-engine.js:3390:9)
    at process.BattlePokemon.side (/Users/clazinasteunenberg/Downloads/Test/battle-engine.js:143:12)
    at process.EventEmitter.emit (events.js:98:17)
    at handleMessage (child_process.js:318:10)
    at Pipe.channel.onread (child_process.js:345:11)

Additional information:
message = battle-randombattle-296|join|p1|Angry Raspberry|63
currentRequest = 

Log:
|html|<div class="broadcast-red"><b>The battle crashed</b><br />You can keep playing but it might crash again.</div>
|html|<div class="broadcast-red"><b>The battle crashed</b><br />You can keep playing but it might crash again.</div>
|html|<div class="broadcast-red"><b>The battle crashed</b><br />You can keep playing but it might crash again.</div>
|html|<div class="broadcast-red"><b>The battle crashed</b><br />You can keep playing but it might crash again.</div>
|html|<div class="broadcast-red"><b>The battle crashed</b><br />You can keep playing but it might crash again.</div>

TypeError: Cannot read property 'isActive' of null
    at Tools.Battle.makeRequest (/Users/clazinasteunenberg/Downloads/Test/battle-engine.js:1943:15)
    at process.BattlePokemon.side (/Users/clazinasteunenberg/Downloads/Test/battle-engine.js:157:13)
    at process.EventEmitter.emit (events.js:98:17)
    at handleMessage (child_process.js:318:10)
    at Pipe.channel.onread (child_process.js:345:11)

TypeError: Object Battle: randombattle has no method 'getTeam'
    at new BattleSide (/Users/clazinasteunenberg/Downloads/Test/battle-engine.js:1096:27)
    at Tools.Battle.join (/Users/clazinasteunenberg/Downloads/Test/battle-engine.js:3333:15)
    at Tools.Battle.receive (/Users/clazinasteunenberg/Downloads/Test/battle-engine.js:3390:9)
    at process.BattlePokemon.side (/Users/clazinasteunenberg/Downloads/Test/battle-engine.js:143:12)
    at process.EventEmitter.emit (events.js:98:17)
    at handleMessage (child_process.js:318:10)
    at Pipe.channel.onread (child_process.js:345:11)

Additional information:
message = battle-randombattle-296|join|p1|Angry Raspberry|63
currentRequest = 

Log:
|html|<div class="broadcast-red"><b>The battle crashed</b><br />You can keep playing but it might crash again.</div>
|html|<div class="broadcast-red"><b>The battle crashed</b><br />You can keep playing but it might crash again.</div>
|html|<div class="broadcast-red"><b>The battle crashed</b><br />You can keep playing but it might crash again.</div>
|html|<div class="broadcast-red"><b>The battle crashed</b><br />You can keep playing but it might crash again.</div>
|html|<div class="broadcast-red"><b>The battle crashed</b><br />You can keep playing but it might crash again.</div>
|html|<div class="broadcast-red"><b>The battle crashed</b><br />You can keep playing but it might crash again.</div>

TypeError: Cannot read property 'isActive' of null
    at Tools.Battle.makeRequest (/Users/clazinasteunenberg/Downloads/Test/battle-engine.js:1943:15)
    at process.BattlePokemon.side (/Users/clazinasteunenberg/Downloads/Test/battle-engine.js:157:13)
    at process.EventEmitter.emit (events.js:98:17)
    at handleMessage (child_process.js:318:10)
    at Pipe.channel.onread (child_process.js:345:11)

TypeError: Object Battle: randombattle has no method 'getTeam'
    at new BattleSide (/Users/clazinasteunenberg/Downloads/Test/battle-engine.js:1096:27)
    at Tools.Battle.join (/Users/clazinasteunenberg/Downloads/Test/battle-engine.js:3333:15)
    at Tools.Battle.receive (/Users/clazinasteunenberg/Downloads/Test/battle-engine.js:3390:9)
    at process.BattlePokemon.side (/Users/clazinasteunenberg/Downloads/Test/battle-engine.js:143:12)
    at process.EventEmitter.emit (events.js:98:17)
    at handleMessage (child_process.js:318:10)
    at Pipe.channel.onread (child_process.js:345:11)

Additional information:
message = battle-randombattle-296|join|p1|Angry Raspberry|63
currentRequest = 

Log:
|html|<div class="broadcast-red"><b>The battle crashed</b><br />You can keep playing but it might crash again.</div>
|html|<div class="broadcast-red"><b>The battle crashed</b><br />You can keep playing but it might crash again.</div>
|html|<div class="broadcast-red"><b>The battle crashed</b><br />You can keep playing but it might crash again.</div>
|html|<div class="broadcast-red"><b>The battle crashed</b><br />You can keep playing but it might crash again.</div>
|html|<div class="broadcast-red"><b>The battle crashed</b><br />You can keep playing but it might crash again.</div>
|html|<div class="broadcast-red"><b>The battle crashed</b><br />You can keep playing but it might crash again.</div>
|html|<div class="broadcast-red"><b>The battle crashed</b><br />You can keep playing but it might crash again.</div>

TypeError: Cannot read property 'isActive' of null
    at Tools.Battle.makeRequest (/Users/clazinasteunenberg/Downloads/Test/battle-engine.js:1943:15)
    at process.BattlePokemon.side (/Users/clazinasteunenberg/Downloads/Test/battle-engine.js:157:13)
    at process.EventEmitter.emit (events.js:98:17)
    at handleMessage (child_process.js:318:10)
    at Pipe.channel.onread (child_process.js:345:11)

TypeError: Object Battle: randombattle has no method 'getTeam'
    at new BattleSide (/Users/clazinasteunenberg/Downloads/Test/battle-engine.js:1096:27)
    at Tools.Battle.join (/Users/clazinasteunenberg/Downloads/Test/battle-engine.js:3333:15)
    at Tools.Battle.receive (/Users/clazinasteunenberg/Downloads/Test/battle-engine.js:3390:9)
    at process.BattlePokemon.side (/Users/clazinasteunenberg/Downloads/Test/battle-engine.js:143:12)
    at process.EventEmitter.emit (events.js:98:17)
    at handleMessage (child_process.js:318:10)
    at Pipe.channel.onread (child_process.js:345:11)

Additional information:
message = battle-randombattle-296|join|p1|Angry Raspberry|63
currentRequest = 

Log:
|html|<div class="broadcast-red"><b>The battle crashed</b><br />You can keep playing but it might crash again.</div>
|html|<div class="broadcast-red"><b>The battle crashed</b><br />You can keep playing but it might crash again.</div>
|html|<div class="broadcast-red"><b>The battle crashed</b><br />You can keep playing but it might crash again.</div>
|html|<div class="broadcast-red"><b>The battle crashed</b><br />You can keep playing but it might crash again.</div>
|html|<div class="broadcast-red"><b>The battle crashed</b><br />You can keep playing but it might crash again.</div>
|html|<div class="broadcast-red"><b>The battle crashed</b><br />You can keep playing but it might crash again.</div>
|html|<div class="broadcast-red"><b>The battle crashed</b><br />You can keep playing but it might crash again.</div>
|html|<div class="broadcast-red"><b>The battle crashed</b><br />You can keep playing but it might crash again.</div>

TypeError: Cannot read property 'isActive' of null
    at Tools.Battle.makeRequest (/Users/clazinasteunenberg/Downloads/Test/battle-engine.js:1943:15)
    at process.BattlePokemon.side (/Users/clazinasteunenberg/Downloads/Test/battle-engine.js:157:13)
    at process.EventEmitter.emit (events.js:98:17)
    at handleMessage (child_process.js:318:10)
    at Pipe.channel.onread (child_process.js:345:11)

TypeError: Object Battle: randombattle has no method 'getTeam'
    at new BattleSide (/Users/clazinasteunenberg/Downloads/Test/battle-engine.js:1096:27)
    at Tools.Battle.join (/Users/clazinasteunenberg/Downloads/Test/battle-engine.js:3333:15)
    at Tools.Battle.receive (/Users/clazinasteunenberg/Downloads/Test/battle-engine.js:3390:9)
    at process.BattlePokemon.side (/Users/clazinasteunenberg/Downloads/Test/battle-engine.js:143:12)
    at process.EventEmitter.emit (events.js:98:17)
    at handleMessage (child_process.js:318:10)
    at Pipe.channel.onread (child_process.js:345:11)

Additional information:
message = battle-randombattle-296|join|p1|Angry Raspberry|63
currentRequest = 

Log:
|html|<div class="broadcast-red"><b>The battle crashed</b><br />You can keep playing but it might crash again.</div>
|html|<div class="broadcast-red"><b>The battle crashed</b><br />You can keep playing but it might crash again.</div>
|html|<div class="broadcast-red"><b>The battle crashed</b><br />You can keep playing but it might crash again.</div>
|html|<div class="broadcast-red"><b>The battle crashed</b><br />You can keep playing but it might crash again.</div>
|html|<div class="broadcast-red"><b>The battle crashed</b><br />You can keep playing but it might crash again.</div>
|html|<div class="broadcast-red"><b>The battle crashed</b><br />You can keep playing but it might crash again.</div>
|html|<div class="broadcast-red"><b>The battle crashed</b><br />You can keep playing but it might crash again.</div>
|html|<div class="broadcast-red"><b>The battle crashed</b><br />You can keep playing but it might crash again.</div>
|html|<div class="broadcast-red"><b>The battle crashed</b><br />You can keep playing but it might crash again.</div>

TypeError: Cannot read property 'isActive' of null
    at Tools.Battle.makeRequest (/Users/clazinasteunenberg/Downloads/Test/battle-engine.js:1943:15)
    at process.BattlePokemon.side (/Users/clazinasteunenberg/Downloads/Test/battle-engine.js:157:13)
    at process.EventEmitter.emit (events.js:98:17)
    at handleMessage (child_process.js:318:10)
    at Pipe.channel.onread (child_process.js:345:11)

TypeError: Object Battle: randombattle has no method 'getTeam'
    at new BattleSide (/Users/clazinasteunenberg/Downloads/Test/battle-engine.js:1096:27)
    at Tools.Battle.join (/Users/clazinasteunenberg/Downloads/Test/battle-engine.js:3333:15)
    at Tools.Battle.receive (/Users/clazinasteunenberg/Downloads/Test/battle-engine.js:3390:9)
    at process.BattlePokemon.side (/Users/clazinasteunenberg/Downloads/Test/battle-engine.js:143:12)
    at process.EventEmitter.emit (events.js:98:17)
    at handleMessage (child_process.js:318:10)
    at Pipe.channel.onread (child_process.js:345:11)

Additional information:
message = battle-randombattle-296|join|p1|Angry Raspberry|63
currentRequest = 

Log:
|html|<div class="broadcast-red"><b>The battle crashed</b><br />You can keep playing but it might crash again.</div>
|html|<div class="broadcast-red"><b>The battle crashed</b><br />You can keep playing but it might crash again.</div>
|html|<div class="broadcast-red"><b>The battle crashed</b><br />You can keep playing but it might crash again.</div>
|html|<div class="broadcast-red"><b>The battle crashed</b><br />You can keep playing but it might crash again.</div>
|html|<div class="broadcast-red"><b>The battle crashed</b><br />You can keep playing but it might crash again.</div>
|html|<div class="broadcast-red"><b>The battle crashed</b><br />You can keep playing but it might crash again.</div>
|html|<div class="broadcast-red"><b>The battle crashed</b><br />You can keep playing but it might crash again.</div>
|html|<div class="broadcast-red"><b>The battle crashed</b><br />You can keep playing but it might crash again.</div>
|html|<div class="broadcast-red"><b>The battle crashed</b><br />You can keep playing but it might crash again.</div>
|html|<div class="broadcast-red"><b>The battle crashed</b><br />You can keep playing but it might crash again.</div>

TypeError: Cannot read property 'isActive' of null
    at Tools.Battle.makeRequest (/Users/clazinasteunenberg/Downloads/Test/battle-engine.js:1943:15)
    at process.BattlePokemon.side (/Users/clazinasteunenberg/Downloads/Test/battle-engine.js:157:13)
    at process.EventEmitter.emit (events.js:98:17)
    at handleMessage (child_process.js:318:10)
    at Pipe.channel.onread (child_process.js:345:11)

TypeError: Object Battle: randombattle has no method 'getTeam'
    at new BattleSide (/Users/clazinasteunenberg/Downloads/Test/battle-engine.js:1096:27)
    at Tools.Battle.join (/Users/clazinasteunenberg/Downloads/Test/battle-engine.js:3333:15)
    at Tools.Battle.receive (/Users/clazinasteunenberg/Downloads/Test/battle-engine.js:3390:9)
    at process.BattlePokemon.side (/Users/clazinasteunenberg/Downloads/Test/battle-engine.js:143:12)
    at process.EventEmitter.emit (events.js:98:17)
    at handleMessage (child_process.js:318:10)
    at Pipe.channel.onread (child_process.js:345:11)

Additional information:
message = battle-randombattle-296|join|p1|Angry Raspberry|63
currentRequest = 

Log:
|html|<div class="broadcast-red"><b>The battle crashed</b><br />You can keep playing but it might crash again.</div>
|html|<div class="broadcast-red"><b>The battle crashed</b><br />You can keep playing but it might crash again.</div>
|html|<div class="broadcast-red"><b>The battle crashed</b><br />You can keep playing but it might crash again.</div>
|html|<div class="broadcast-red"><b>The battle crashed</b><br />You can keep playing but it might crash again.</div>
|html|<div class="broadcast-red"><b>The battle crashed</b><br />You can keep playing but it might crash again.</div>
|html|<div class="broadcast-red"><b>The battle crashed</b><br />You can keep playing but it might crash again.</div>
|html|<div class="broadcast-red"><b>The battle crashed</b><br />You can keep playing but it might crash again.</div>
|html|<div class="broadcast-red"><b>The battle crashed</b><br />You can keep playing but it might crash again.</div>
|html|<div class="broadcast-red"><b>The battle crashed</b><br />You can keep playing but it might crash again.</div>
|html|<div class="broadcast-red"><b>The battle crashed</b><br />You can keep playing but it might crash again.</div>
|html|<div class="broadcast-red"><b>The battle crashed</b><br />You can keep playing but it might crash again.</div>

TypeError: Cannot read property 'isActive' of null
    at Tools.Battle.makeRequest (/Users/clazinasteunenberg/Downloads/Test/battle-engine.js:1943:15)
    at process.BattlePokemon.side (/Users/clazinasteunenberg/Downloads/Test/battle-engine.js:157:13)
    at process.EventEmitter.emit (events.js:98:17)
    at handleMessage (child_process.js:318:10)
    at Pipe.channel.onread (child_process.js:345:11)

TypeError: Object Battle: randombattle has no method 'getTeam'
    at new BattleSide (/Users/clazinasteunenberg/Downloads/Test/battle-engine.js:1096:27)
    at Tools.Battle.join (/Users/clazinasteunenberg/Downloads/Test/battle-engine.js:3333:15)
    at Tools.Battle.receive (/Users/clazinasteunenberg/Downloads/Test/battle-engine.js:3390:9)
    at process.BattlePokemon.side (/Users/clazinasteunenberg/Downloads/Test/battle-engine.js:143:12)
    at process.EventEmitter.emit (events.js:98:17)
    at handleMessage (child_process.js:318:10)
    at Pipe.channel.onread (child_process.js:345:11)

Additional information:
message = battle-randombattle-296|join|p1|Angry Raspberry|63
currentRequest = 

Log:
|html|<div class="broadcast-red"><b>The battle crashed</b><br />You can keep playing but it might crash again.</div>
|html|<div class="broadcast-red"><b>The battle crashed</b><br />You can keep playing but it might crash again.</div>
|html|<div class="broadcast-red"><b>The battle crashed</b><br />You can keep playing but it might crash again.</div>
|html|<div class="broadcast-red"><b>The battle crashed</b><br />You can keep playing but it might crash again.</div>
|html|<div class="broadcast-red"><b>The battle crashed</b><br />You can keep playing but it might crash again.</div>
|html|<div class="broadcast-red"><b>The battle crashed</b><br />You can keep playing but it might crash again.</div>
|html|<div class="broadcast-red"><b>The battle crashed</b><br />You can keep playing but it might crash again.</div>
|html|<div class="broadcast-red"><b>The battle crashed</b><br />You can keep playing but it might crash again.</div>
|html|<div class="broadcast-red"><b>The battle crashed</b><br />You can keep playing but it might crash again.</div>
|html|<div class="broadcast-red"><b>The battle crashed</b><br />You can keep playing but it might crash again.</div>
|html|<div class="broadcast-red"><b>The battle crashed</b><br />You can keep playing but it might crash again.</div>
|html|<div class="broadcast-red"><b>The battle crashed</b><br />You can keep playing but it might crash again.</div>

TypeError: Cannot read property 'isActive' of null
    at Tools.Battle.makeRequest (/Users/clazinasteunenberg/Downloads/Test/battle-engine.js:1943:15)
    at process.BattlePokemon.side (/Users/clazinasteunenberg/Downloads/Test/battle-engine.js:157:13)
    at process.EventEmitter.emit (events.js:98:17)
    at handleMessage (child_process.js:318:10)
    at Pipe.channel.onread (child_process.js:345:11)

TypeError: Object Battle: randombattle has no method 'getTeam'
    at new BattleSide (/Users/clazinasteunenberg/Downloads/Test/battle-engine.js:1096:27)
    at Tools.Battle.join (/Users/clazinasteunenberg/Downloads/Test/battle-engine.js:3333:15)
    at Tools.Battle.receive (/Users/clazinasteunenberg/Downloads/Test/battle-engine.js:3390:9)
    at process.BattlePokemon.side (/Users/clazinasteunenberg/Downloads/Test/battle-engine.js:143:12)
    at process.EventEmitter.emit (events.js:98:17)
    at handleMessage (child_process.js:318:10)
    at Pipe.channel.onread (child_process.js:345:11)

Additional information:
message = battle-randombattle-296|join|p1|Angry Raspberry|63
currentRequest = 

Log:
|html|<div class="broadcast-red"><b>The battle crashed</b><br />You can keep playing but it might crash again.</div>
|html|<div class="broadcast-red"><b>The battle crashed</b><br />You can keep playing but it might crash again.</div>
|html|<div class="broadcast-red"><b>The battle crashed</b><br />You can keep playing but it might crash again.</div>
|html|<div class="broadcast-red"><b>The battle crashed</b><br />You can keep playing but it might crash again.</div>
|html|<div class="broadcast-red"><b>The battle crashed</b><br />You can keep playing but it might crash again.</div>
|html|<div class="broadcast-red"><b>The battle crashed</b><br />You can keep playing but it might crash again.</div>
|html|<div class="broadcast-red"><b>The battle crashed</b><br />You can keep playing but it might crash again.</div>
|html|<div class="broadcast-red"><b>The battle crashed</b><br />You can keep playing but it might crash again.</div>
|html|<div class="broadcast-red"><b>The battle crashed</b><br />You can keep playing but it might crash again.</div>
|html|<div class="broadcast-red"><b>The battle crashed</b><br />You can keep playing but it might crash again.</div>
|html|<div class="broadcast-red"><b>The battle crashed</b><br />You can keep playing but it might crash again.</div>
|html|<div class="broadcast-red"><b>The battle crashed</b><br />You can keep playing but it might crash again.</div>
|html|<div class="broadcast-red"><b>The battle crashed</b><br />You can keep playing but it might crash again.</div>

TypeError: Cannot read property 'isActive' of null
    at Tools.Battle.makeRequest (/Users/clazinasteunenberg/Downloads/Test/battle-engine.js:1943:15)
    at process.BattlePokemon.side (/Users/clazinasteunenberg/Downloads/Test/battle-engine.js:157:13)
    at process.EventEmitter.emit (events.js:98:17)
    at handleMessage (child_process.js:318:10)
    at Pipe.channel.onread (child_process.js:345:11)

TypeError: Object Battle: randombattle has no method 'getTeam'
    at new BattleSide (/Users/clazinasteunenberg/Downloads/Test/battle-engine.js:1096:27)
    at Tools.Battle.join (/Users/clazinasteunenberg/Downloads/Test/battle-engine.js:3333:15)
    at Tools.Battle.receive (/Users/clazinasteunenberg/Downloads/Test/battle-engine.js:3390:9)
    at process.BattlePokemon.side (/Users/clazinasteunenberg/Downloads/Test/battle-engine.js:143:12)
    at process.EventEmitter.emit (events.js:98:17)
    at handleMessage (child_process.js:318:10)
    at Pipe.channel.onread (child_process.js:345:11)

Additional information:
message = battle-randombattle-296|join|p1|Angry Raspberry|63
currentRequest = 

Log:
|html|<div class="broadcast-red"><b>The battle crashed</b><br />You can keep playing but it might crash again.</div>
|html|<div class="broadcast-red"><b>The battle crashed</b><br />You can keep playing but it might crash again.</div>
|html|<div class="broadcast-red"><b>The battle crashed</b><br />You can keep playing but it might crash again.</div>
|html|<div class="broadcast-red"><b>The battle crashed</b><br />You can keep playing but it might crash again.</div>
|html|<div class="broadcast-red"><b>The battle crashed</b><br />You can keep playing but it might crash again.</div>
|html|<div class="broadcast-red"><b>The battle crashed</b><br />You can keep playing but it might crash again.</div>
|html|<div class="broadcast-red"><b>The battle crashed</b><br />You can keep playing but it might crash again.</div>
|html|<div class="broadcast-red"><b>The battle crashed</b><br />You can keep playing but it might crash again.</div>
|html|<div class="broadcast-red"><b>The battle crashed</b><br />You can keep playing but it might crash again.</div>
|html|<div class="broadcast-red"><b>The battle crashed</b><br />You can keep playing but it might crash again.</div>
|html|<div class="broadcast-red"><b>The battle crashed</b><br />You can keep playing but it might crash again.</div>
|html|<div class="broadcast-red"><b>The battle crashed</b><br />You can keep playing but it might crash again.</div>
|html|<div class="broadcast-red"><b>The battle crashed</b><br />You can keep playing but it might crash again.</div>
|html|<div class="broadcast-red"><b>The battle crashed</b><br />You can keep playing but it might crash again.</div>

TypeError: Cannot read property 'isActive' of null
    at Tools.Battle.makeRequest (/Users/clazinasteunenberg/Downloads/Test/battle-engine.js:1943:15)
    at process.BattlePokemon.side (/Users/clazinasteunenberg/Downloads/Test/battle-engine.js:157:13)
    at process.EventEmitter.emit (events.js:98:17)
    at handleMessage (child_process.js:318:10)
    at Pipe.channel.onread (child_process.js:345:11)

TypeError: Object Battle: randombattle has no method 'getTeam'
    at new BattleSide (/Users/clazinasteunenberg/Downloads/Test/battle-engine.js:1096:27)
    at Tools.Battle.join (/Users/clazinasteunenberg/Downloads/Test/battle-engine.js:3333:15)
    at Tools.Battle.receive (/Users/clazinasteunenberg/Downloads/Test/battle-engine.js:3390:9)
    at process.BattlePokemon.side (/Users/clazinasteunenberg/Downloads/Test/battle-engine.js:143:12)
    at process.EventEmitter.emit (events.js:98:17)
    at handleMessage (child_process.js:318:10)
    at Pipe.channel.onread (child_process.js:345:11)

Additional information:
message = battle-randombattle-296|join|p1|Angry Raspberry|63
currentRequest = 

Log:
|html|<div class="broadcast-red"><b>The battle crashed</b><br />You can keep playing but it might crash again.</div>
|html|<div class="broadcast-red"><b>The battle crashed</b><br />You can keep playing but it might crash again.</div>
|html|<div class="broadcast-red"><b>The battle crashed</b><br />You can keep playing but it might crash again.</div>
|html|<div class="broadcast-red"><b>The battle crashed</b><br />You can keep playing but it might crash again.</div>
|html|<div class="broadcast-red"><b>The battle crashed</b><br />You can keep playing but it might crash again.</div>
|html|<div class="broadcast-red"><b>The battle crashed</b><br />You can keep playing but it might crash again.</div>
|html|<div class="broadcast-red"><b>The battle crashed</b><br />You can keep playing but it might crash again.</div>
|html|<div class="broadcast-red"><b>The battle crashed</b><br />You can keep playing but it might crash again.</div>
|html|<div class="broadcast-red"><b>The battle crashed</b><br />You can keep playing but it might crash again.</div>
|html|<div class="broadcast-red"><b>The battle crashed</b><br />You can keep playing but it might crash again.</div>
|html|<div class="broadcast-red"><b>The battle crashed</b><br />You can keep playing but it might crash again.</div>
|html|<div class="broadcast-red"><b>The battle crashed</b><br />You can keep playing but it might crash again.</div>
|html|<div class="broadcast-red"><b>The battle crashed</b><br />You can keep playing but it might crash again.</div>
|html|<div class="broadcast-red"><b>The battle crashed</b><br />You can keep playing but it might crash again.</div>
|html|<div class="broadcast-red"><b>The battle crashed</b><br />You can keep playing but it might crash again.</div>

TypeError: Cannot read property 'isActive' of null
    at Tools.Battle.makeRequest (/Users/clazinasteunenberg/Downloads/Test/battle-engine.js:1943:15)
    at process.BattlePokemon.side (/Users/clazinasteunenberg/Downloads/Test/battle-engine.js:157:13)
    at process.EventEmitter.emit (events.js:98:17)
    at handleMessage (child_process.js:318:10)
    at Pipe.channel.onread (child_process.js:345:11)

TypeError: Object Battle: randombattle has no method 'getTeam'
    at new BattleSide (/Users/clazinasteunenberg/Downloads/Test/battle-engine.js:1096:27)
    at Tools.Battle.join (/Users/clazinasteunenberg/Downloads/Test/battle-engine.js:3333:15)
    at Tools.Battle.receive (/Users/clazinasteunenberg/Downloads/Test/battle-engine.js:3390:9)
    at process.BattlePokemon.side (/Users/clazinasteunenberg/Downloads/Test/battle-engine.js:143:12)
    at process.EventEmitter.emit (events.js:98:17)
    at handleMessage (child_process.js:318:10)
    at Pipe.channel.onread (child_process.js:345:11)

Additional information:
message = battle-randombattle-296|join|p1|Angry Raspberry|63
currentRequest = 

Log:
|html|<div class="broadcast-red"><b>The battle crashed</b><br />You can keep playing but it might crash again.</div>
|html|<div class="broadcast-red"><b>The battle crashed</b><br />You can keep playing but it might crash again.</div>
|html|<div class="broadcast-red"><b>The battle crashed</b><br />You can keep playing but it might crash again.</div>
|html|<div class="broadcast-red"><b>The battle crashed</b><br />You can keep playing but it might crash again.</div>
|html|<div class="broadcast-red"><b>The battle crashed</b><br />You can keep playing but it might crash again.</div>
|html|<div class="broadcast-red"><b>The battle crashed</b><br />You can keep playing but it might crash again.</div>
|html|<div class="broadcast-red"><b>The battle crashed</b><br />You can keep playing but it might crash again.</div>
|html|<div class="broadcast-red"><b>The battle crashed</b><br />You can keep playing but it might crash again.</div>
|html|<div class="broadcast-red"><b>The battle crashed</b><br />You can keep playing but it might crash again.</div>
|html|<div class="broadcast-red"><b>The battle crashed</b><br />You can keep playing but it might crash again.</div>
|html|<div class="broadcast-red"><b>The battle crashed</b><br />You can keep playing but it might crash again.</div>
|html|<div class="broadcast-red"><b>The battle crashed</b><br />You can keep playing but it might crash again.</div>
|html|<div class="broadcast-red"><b>The battle crashed</b><br />You can keep playing but it might crash again.</div>
|html|<div class="broadcast-red"><b>The battle crashed</b><br />You can keep playing but it might crash again.</div>
|html|<div class="broadcast-red"><b>The battle crashed</b><br />You can keep playing but it might crash again.</div>
|html|<div class="broadcast-red"><b>The battle crashed</b><br />You can keep playing but it might crash again.</div>

TypeError: Cannot read property 'isActive' of null
    at Tools.Battle.makeRequest (/Users/clazinasteunenberg/Downloads/Test/battle-engine.js:1943:15)
    at process.BattlePokemon.side (/Users/clazinasteunenberg/Downloads/Test/battle-engine.js:157:13)
    at process.EventEmitter.emit (events.js:98:17)
    at handleMessage (child_process.js:318:10)
    at Pipe.channel.onread (child_process.js:345:11)

TypeError: Object Battle: randombattle has no method 'getTeam'
    at new BattleSide (/Users/clazinasteunenberg/Downloads/Test/battle-engine.js:1096:27)
    at Tools.Battle.join (/Users/clazinasteunenberg/Downloads/Test/battle-engine.js:3333:15)
    at Tools.Battle.receive (/Users/clazinasteunenberg/Downloads/Test/battle-engine.js:3390:9)
    at process.BattlePokemon.side (/Users/clazinasteunenberg/Downloads/Test/battle-engine.js:143:12)
    at process.EventEmitter.emit (events.js:98:17)
    at handleMessage (child_process.js:318:10)
    at Pipe.channel.onread (child_process.js:345:11)

Additional information:
message = battle-randombattle-296|join|p1|Angry Raspberry|63
currentRequest = 

Log:
|html|<div class="broadcast-red"><b>The battle crashed</b><br />You can keep playing but it might crash again.</div>
|html|<div class="broadcast-red"><b>The battle crashed</b><br />You can keep playing but it might crash again.</div>
|html|<div class="broadcast-red"><b>The battle crashed</b><br />You can keep playing but it might crash again.</div>
|html|<div class="broadcast-red"><b>The battle crashed</b><br />You can keep playing but it might crash again.</div>
|html|<div class="broadcast-red"><b>The battle crashed</b><br />You can keep playing but it might crash again.</div>
|html|<div class="broadcast-red"><b>The battle crashed</b><br />You can keep playing but it might crash again.</div>
|html|<div class="broadcast-red"><b>The battle crashed</b><br />You can keep playing but it might crash again.</div>
|html|<div class="broadcast-red"><b>The battle crashed</b><br />You can keep playing but it might crash again.</div>
|html|<div class="broadcast-red"><b>The battle crashed</b><br />You can keep playing but it might crash again.</div>
|html|<div class="broadcast-red"><b>The battle crashed</b><br />You can keep playing but it might crash again.</div>
|html|<div class="broadcast-red"><b>The battle crashed</b><br />You can keep playing but it might crash again.</div>
|html|<div class="broadcast-red"><b>The battle crashed</b><br />You can keep playing but it might crash again.</div>
|html|<div class="broadcast-red"><b>The battle crashed</b><br />You can keep playing but it might crash again.</div>
|html|<div class="broadcast-red"><b>The battle crashed</b><br />You can keep playing but it might crash again.</div>
|html|<div class="broadcast-red"><b>The battle crashed</b><br />You can keep playing but it might crash again.</div>
|html|<div class="broadcast-red"><b>The battle crashed</b><br />You can keep playing but it might crash again.</div>
|html|<div class="broadcast-red"><b>The battle crashed</b><br />You can keep playing but it might crash again.</div>

TypeError: Cannot read property 'isActive' of null
    at Tools.Battle.makeRequest (/Users/clazinasteunenberg/Downloads/Test/battle-engine.js:1943:15)
    at process.BattlePokemon.side (/Users/clazinasteunenberg/Downloads/Test/battle-engine.js:157:13)
    at process.EventEmitter.emit (events.js:98:17)
    at handleMessage (child_process.js:318:10)
    at Pipe.channel.onread (child_process.js:345:11)

TypeError: Object Battle: capv2 has no method 'getTeam'
    at new BattleSide (/Users/clazinasteunenberg/Downloads/Test/battle-engine.js:1096:27)
    at Tools.Battle.join (/Users/clazinasteunenberg/Downloads/Test/battle-engine.js:3333:15)
    at Tools.Battle.receive (/Users/clazinasteunenberg/Downloads/Test/battle-engine.js:3390:9)
    at process.BattlePokemon.side (/Users/clazinasteunenberg/Downloads/Test/battle-engine.js:143:12)
    at process.EventEmitter.emit (events.js:98:17)
    at handleMessage (child_process.js:318:10)
    at Pipe.channel.onread (child_process.js:345:11)

Additional information:
message = battle-capv2-261|join|p1|Eagle5|1
currentRequest = 

Log:


TypeError: Cannot read property 'isActive' of null
    at Tools.Battle.makeRequest (/Users/clazinasteunenberg/Downloads/Test/battle-engine.js:1943:15)
    at process.BattlePokemon.side (/Users/clazinasteunenberg/Downloads/Test/battle-engine.js:157:13)
    at process.EventEmitter.emit (events.js:98:17)
    at handleMessage (child_process.js:318:10)
    at Pipe.channel.onread (child_process.js:345:11)

TypeError: Object Battle: capv2 has no method 'getTeam'
    at new BattleSide (/Users/clazinasteunenberg/Downloads/Test/battle-engine.js:1096:27)
    at Tools.Battle.join (/Users/clazinasteunenberg/Downloads/Test/battle-engine.js:3333:15)
    at Tools.Battle.receive (/Users/clazinasteunenberg/Downloads/Test/battle-engine.js:3390:9)
    at process.BattlePokemon.side (/Users/clazinasteunenberg/Downloads/Test/battle-engine.js:143:12)
    at process.EventEmitter.emit (events.js:98:17)
    at handleMessage (child_process.js:318:10)
    at Pipe.channel.onread (child_process.js:345:11)

Additional information:
message = battle-capv2-261|join|p1|Eagle5|1
currentRequest = 

Log:
|html|<div class="broadcast-red"><b>The battle crashed</b><br />You can keep playing but it might crash again.</div>

TypeError: Cannot read property 'isActive' of null
    at Tools.Battle.makeRequest (/Users/clazinasteunenberg/Downloads/Test/battle-engine.js:1943:15)
    at process.BattlePokemon.side (/Users/clazinasteunenberg/Downloads/Test/battle-engine.js:157:13)
    at process.EventEmitter.emit (events.js:98:17)
    at handleMessage (child_process.js:318:10)
    at Pipe.channel.onread (child_process.js:345:11)

TypeError: Object Battle: capv2 has no method 'getTeam'
    at new BattleSide (/Users/clazinasteunenberg/Downloads/Test/battle-engine.js:1096:27)
    at Tools.Battle.join (/Users/clazinasteunenberg/Downloads/Test/battle-engine.js:3333:15)
    at Tools.Battle.receive (/Users/clazinasteunenberg/Downloads/Test/battle-engine.js:3390:9)
    at process.BattlePokemon.side (/Users/clazinasteunenberg/Downloads/Test/battle-engine.js:143:12)
    at process.EventEmitter.emit (events.js:98:17)
    at handleMessage (child_process.js:318:10)
    at Pipe.channel.onread (child_process.js:345:11)

Additional information:
message = battle-capv2-261|join|p1|Eagle5|1
currentRequest = 

Log:
|html|<div class="broadcast-red"><b>The battle crashed</b><br />You can keep playing but it might crash again.</div>
|html|<div class="broadcast-red"><b>The battle crashed</b><br />You can keep playing but it might crash again.</div>

TypeError: Cannot read property 'isActive' of null
    at Tools.Battle.makeRequest (/Users/clazinasteunenberg/Downloads/Test/battle-engine.js:1943:15)
    at process.BattlePokemon.side (/Users/clazinasteunenberg/Downloads/Test/battle-engine.js:157:13)
    at process.EventEmitter.emit (events.js:98:17)
    at handleMessage (child_process.js:318:10)
    at Pipe.channel.onread (child_process.js:345:11)

TypeError: Object Battle: capv2 has no method 'getTeam'
    at new BattleSide (/Users/clazinasteunenberg/Downloads/Test/battle-engine.js:1096:27)
    at Tools.Battle.join (/Users/clazinasteunenberg/Downloads/Test/battle-engine.js:3333:15)
    at Tools.Battle.receive (/Users/clazinasteunenberg/Downloads/Test/battle-engine.js:3390:9)
    at process.BattlePokemon.side (/Users/clazinasteunenberg/Downloads/Test/battle-engine.js:143:12)
    at process.EventEmitter.emit (events.js:98:17)
    at handleMessage (child_process.js:318:10)
    at Pipe.channel.onread (child_process.js:345:11)

Additional information:
message = battle-capv2-261|join|p1|Eagle5|1
currentRequest = 

Log:
|html|<div class="broadcast-red"><b>The battle crashed</b><br />You can keep playing but it might crash again.</div>
|html|<div class="broadcast-red"><b>The battle crashed</b><br />You can keep playing but it might crash again.</div>
|html|<div class="broadcast-red"><b>The battle crashed</b><br />You can keep playing but it might crash again.</div>

TypeError: Cannot read property 'isActive' of null
    at Tools.Battle.makeRequest (/Users/clazinasteunenberg/Downloads/Test/battle-engine.js:1943:15)
    at process.BattlePokemon.side (/Users/clazinasteunenberg/Downloads/Test/battle-engine.js:157:13)
    at process.EventEmitter.emit (events.js:98:17)
    at handleMessage (child_process.js:318:10)
    at Pipe.channel.onread (child_process.js:345:11)

TypeError: Object Battle: capv2 has no method 'getTeam'
    at new BattleSide (/Users/clazinasteunenberg/Downloads/Test/battle-engine.js:1096:27)
    at Tools.Battle.join (/Users/clazinasteunenberg/Downloads/Test/battle-engine.js:3333:15)
    at Tools.Battle.receive (/Users/clazinasteunenberg/Downloads/Test/battle-engine.js:3390:9)
    at process.BattlePokemon.side (/Users/clazinasteunenberg/Downloads/Test/battle-engine.js:143:12)
    at process.EventEmitter.emit (events.js:98:17)
    at handleMessage (child_process.js:318:10)
    at Pipe.channel.onread (child_process.js:345:11)

Additional information:
message = battle-capv2-261|join|p1|Eagle5|1
currentRequest = 

Log:
|html|<div class="broadcast-red"><b>The battle crashed</b><br />You can keep playing but it might crash again.</div>
|html|<div class="broadcast-red"><b>The battle crashed</b><br />You can keep playing but it might crash again.</div>
|html|<div class="broadcast-red"><b>The battle crashed</b><br />You can keep playing but it might crash again.</div>
|html|<div class="broadcast-red"><b>The battle crashed</b><br />You can keep playing but it might crash again.</div>

TypeError: Cannot read property 'isActive' of null
    at Tools.Battle.makeRequest (/Users/clazinasteunenberg/Downloads/Test/battle-engine.js:1943:15)
    at process.BattlePokemon.side (/Users/clazinasteunenberg/Downloads/Test/battle-engine.js:157:13)
    at process.EventEmitter.emit (events.js:98:17)
    at handleMessage (child_process.js:318:10)
    at Pipe.channel.onread (child_process.js:345:11)

TypeError: Object Battle: capv2 has no method 'getTeam'
    at new BattleSide (/Users/clazinasteunenberg/Downloads/Test/battle-engine.js:1096:27)
    at Tools.Battle.join (/Users/clazinasteunenberg/Downloads/Test/battle-engine.js:3333:15)
    at Tools.Battle.receive (/Users/clazinasteunenberg/Downloads/Test/battle-engine.js:3390:9)
    at process.BattlePokemon.side (/Users/clazinasteunenberg/Downloads/Test/battle-engine.js:143:12)
    at process.EventEmitter.emit (events.js:98:17)
    at handleMessage (child_process.js:318:10)
    at Pipe.channel.onread (child_process.js:345:11)

Additional information:
message = battle-capv2-261|join|p1|Eagle5|1
currentRequest = 

Log:
|html|<div class="broadcast-red"><b>The battle crashed</b><br />You can keep playing but it might crash again.</div>
|html|<div class="broadcast-red"><b>The battle crashed</b><br />You can keep playing but it might crash again.</div>
|html|<div class="broadcast-red"><b>The battle crashed</b><br />You can keep playing but it might crash again.</div>
|html|<div class="broadcast-red"><b>The battle crashed</b><br />You can keep playing but it might crash again.</div>
|html|<div class="broadcast-red"><b>The battle crashed</b><br />You can keep playing but it might crash again.</div>

TypeError: Cannot read property 'isActive' of null
    at Tools.Battle.makeRequest (/Users/clazinasteunenberg/Downloads/Test/battle-engine.js:1943:15)
    at process.BattlePokemon.side (/Users/clazinasteunenberg/Downloads/Test/battle-engine.js:157:13)
    at process.EventEmitter.emit (events.js:98:17)
    at handleMessage (child_process.js:318:10)
    at Pipe.channel.onread (child_process.js:345:11)

TypeError: Object Battle: capv2 has no method 'getTeam'
    at new BattleSide (/Users/clazinasteunenberg/Downloads/Test/battle-engine.js:1096:27)
    at Tools.Battle.join (/Users/clazinasteunenberg/Downloads/Test/battle-engine.js:3333:15)
    at Tools.Battle.receive (/Users/clazinasteunenberg/Downloads/Test/battle-engine.js:3390:9)
    at process.BattlePokemon.side (/Users/clazinasteunenberg/Downloads/Test/battle-engine.js:143:12)
    at process.EventEmitter.emit (events.js:98:17)
    at handleMessage (child_process.js:318:10)
    at Pipe.channel.onread (child_process.js:345:11)

Additional information:
message = battle-capv2-261|join|p1|Eagle5|1
currentRequest = 

Log:
|html|<div class="broadcast-red"><b>The battle crashed</b><br />You can keep playing but it might crash again.</div>
|html|<div class="broadcast-red"><b>The battle crashed</b><br />You can keep playing but it might crash again.</div>
|html|<div class="broadcast-red"><b>The battle crashed</b><br />You can keep playing but it might crash again.</div>
|html|<div class="broadcast-red"><b>The battle crashed</b><br />You can keep playing but it might crash again.</div>
|html|<div class="broadcast-red"><b>The battle crashed</b><br />You can keep playing but it might crash again.</div>
|html|<div class="broadcast-red"><b>The battle crashed</b><br />You can keep playing but it might crash again.</div>

TypeError: Cannot read property 'isActive' of null
    at Tools.Battle.makeRequest (/Users/clazinasteunenberg/Downloads/Test/battle-engine.js:1943:15)
    at process.BattlePokemon.side (/Users/clazinasteunenberg/Downloads/Test/battle-engine.js:157:13)
    at process.EventEmitter.emit (events.js:98:17)
    at handleMessage (child_process.js:318:10)
    at Pipe.channel.onread (child_process.js:345:11)

TypeError: Object Battle: capv2 has no method 'getTeam'
    at new BattleSide (/Users/clazinasteunenberg/Downloads/Test/battle-engine.js:1096:27)
    at Tools.Battle.join (/Users/clazinasteunenberg/Downloads/Test/battle-engine.js:3333:15)
    at Tools.Battle.receive (/Users/clazinasteunenberg/Downloads/Test/battle-engine.js:3390:9)
    at process.BattlePokemon.side (/Users/clazinasteunenberg/Downloads/Test/battle-engine.js:143:12)
    at process.EventEmitter.emit (events.js:98:17)
    at handleMessage (child_process.js:318:10)
    at Pipe.channel.onread (child_process.js:345:11)

Additional information:
message = battle-capv2-261|join|p1|Eagle5|1
currentRequest = 

Log:
|html|<div class="broadcast-red"><b>The battle crashed</b><br />You can keep playing but it might crash again.</div>
|html|<div class="broadcast-red"><b>The battle crashed</b><br />You can keep playing but it might crash again.</div>
|html|<div class="broadcast-red"><b>The battle crashed</b><br />You can keep playing but it might crash again.</div>
|html|<div class="broadcast-red"><b>The battle crashed</b><br />You can keep playing but it might crash again.</div>
|html|<div class="broadcast-red"><b>The battle crashed</b><br />You can keep playing but it might crash again.</div>
|html|<div class="broadcast-red"><b>The battle crashed</b><br />You can keep playing but it might crash again.</div>
|html|<div class="broadcast-red"><b>The battle crashed</b><br />You can keep playing but it might crash again.</div>

TypeError: Cannot read property 'isActive' of null
    at Tools.Battle.makeRequest (/Users/clazinasteunenberg/Downloads/Test/battle-engine.js:1943:15)
    at process.BattlePokemon.side (/Users/clazinasteunenberg/Downloads/Test/battle-engine.js:157:13)
    at process.EventEmitter.emit (events.js:98:17)
    at handleMessage (child_process.js:318:10)
    at Pipe.channel.onread (child_process.js:345:11)

TypeError: Object Battle: capv2 has no method 'getTeam'
    at new BattleSide (/Users/clazinasteunenberg/Downloads/Test/battle-engine.js:1096:27)
    at Tools.Battle.join (/Users/clazinasteunenberg/Downloads/Test/battle-engine.js:3333:15)
    at Tools.Battle.receive (/Users/clazinasteunenberg/Downloads/Test/battle-engine.js:3390:9)
    at process.BattlePokemon.side (/Users/clazinasteunenberg/Downloads/Test/battle-engine.js:143:12)
    at process.EventEmitter.emit (events.js:98:17)
    at handleMessage (child_process.js:318:10)
    at Pipe.channel.onread (child_process.js:345:11)

Additional information:
message = battle-capv2-261|join|p1|Eagle5|1
currentRequest = 

Log:
|html|<div class="broadcast-red"><b>The battle crashed</b><br />You can keep playing but it might crash again.</div>
|html|<div class="broadcast-red"><b>The battle crashed</b><br />You can keep playing but it might crash again.</div>
|html|<div class="broadcast-red"><b>The battle crashed</b><br />You can keep playing but it might crash again.</div>
|html|<div class="broadcast-red"><b>The battle crashed</b><br />You can keep playing but it might crash again.</div>
|html|<div class="broadcast-red"><b>The battle crashed</b><br />You can keep playing but it might crash again.</div>
|html|<div class="broadcast-red"><b>The battle crashed</b><br />You can keep playing but it might crash again.</div>
|html|<div class="broadcast-red"><b>The battle crashed</b><br />You can keep playing but it might crash again.</div>
|html|<div class="broadcast-red"><b>The battle crashed</b><br />You can keep playing but it might crash again.</div>

TypeError: Cannot read property 'isActive' of null
    at Tools.Battle.makeRequest (/Users/clazinasteunenberg/Downloads/Test/battle-engine.js:1943:15)
    at process.BattlePokemon.side (/Users/clazinasteunenberg/Downloads/Test/battle-engine.js:157:13)
    at process.EventEmitter.emit (events.js:98:17)
    at handleMessage (child_process.js:318:10)
    at Pipe.channel.onread (child_process.js:345:11)

TypeError: Object Battle: capv2 has no method 'getTeam'
    at new BattleSide (/Users/clazinasteunenberg/Downloads/Test/battle-engine.js:1096:27)
    at Tools.Battle.join (/Users/clazinasteunenberg/Downloads/Test/battle-engine.js:3333:15)
    at Tools.Battle.receive (/Users/clazinasteunenberg/Downloads/Test/battle-engine.js:3390:9)
    at process.BattlePokemon.side (/Users/clazinasteunenberg/Downloads/Test/battle-engine.js:143:12)
    at process.EventEmitter.emit (events.js:98:17)
    at handleMessage (child_process.js:318:10)
    at Pipe.channel.onread (child_process.js:345:11)

Additional information:
message = battle-capv2-261|join|p1|Eagle5|1
currentRequest = 

Log:
|html|<div class="broadcast-red"><b>The battle crashed</b><br />You can keep playing but it might crash again.</div>
|html|<div class="broadcast-red"><b>The battle crashed</b><br />You can keep playing but it might crash again.</div>
|html|<div class="broadcast-red"><b>The battle crashed</b><br />You can keep playing but it might crash again.</div>
|html|<div class="broadcast-red"><b>The battle crashed</b><br />You can keep playing but it might crash again.</div>
|html|<div class="broadcast-red"><b>The battle crashed</b><br />You can keep playing but it might crash again.</div>
|html|<div class="broadcast-red"><b>The battle crashed</b><br />You can keep playing but it might crash again.</div>
|html|<div class="broadcast-red"><b>The battle crashed</b><br />You can keep playing but it might crash again.</div>
|html|<div class="broadcast-red"><b>The battle crashed</b><br />You can keep playing but it might crash again.</div>
|html|<div class="broadcast-red"><b>The battle crashed</b><br />You can keep playing but it might crash again.</div>

TypeError: Cannot read property 'isActive' of null
    at Tools.Battle.makeRequest (/Users/clazinasteunenberg/Downloads/Test/battle-engine.js:1943:15)
    at process.BattlePokemon.side (/Users/clazinasteunenberg/Downloads/Test/battle-engine.js:157:13)
    at process.EventEmitter.emit (events.js:98:17)
    at handleMessage (child_process.js:318:10)
    at Pipe.channel.onread (child_process.js:345:11)

TypeError: Object Battle: capv2 has no method 'getTeam'
    at new BattleSide (/Users/clazinasteunenberg/Downloads/Test/battle-engine.js:1096:27)
    at Tools.Battle.join (/Users/clazinasteunenberg/Downloads/Test/battle-engine.js:3333:15)
    at Tools.Battle.receive (/Users/clazinasteunenberg/Downloads/Test/battle-engine.js:3390:9)
    at process.BattlePokemon.side (/Users/clazinasteunenberg/Downloads/Test/battle-engine.js:143:12)
    at process.EventEmitter.emit (events.js:98:17)
    at handleMessage (child_process.js:318:10)
    at Pipe.channel.onread (child_process.js:345:11)

Additional information:
message = battle-capv2-261|join|p1|Eagle5|1
currentRequest = 

Log:
|html|<div class="broadcast-red"><b>The battle crashed</b><br />You can keep playing but it might crash again.</div>
|html|<div class="broadcast-red"><b>The battle crashed</b><br />You can keep playing but it might crash again.</div>
|html|<div class="broadcast-red"><b>The battle crashed</b><br />You can keep playing but it might crash again.</div>
|html|<div class="broadcast-red"><b>The battle crashed</b><br />You can keep playing but it might crash again.</div>
|html|<div class="broadcast-red"><b>The battle crashed</b><br />You can keep playing but it might crash again.</div>
|html|<div class="broadcast-red"><b>The battle crashed</b><br />You can keep playing but it might crash again.</div>
|html|<div class="broadcast-red"><b>The battle crashed</b><br />You can keep playing but it might crash again.</div>
|html|<div class="broadcast-red"><b>The battle crashed</b><br />You can keep playing but it might crash again.</div>
|html|<div class="broadcast-red"><b>The battle crashed</b><br />You can keep playing but it might crash again.</div>
|html|<div class="broadcast-red"><b>The battle crashed</b><br />You can keep playing but it might crash again.</div>

TypeError: Cannot read property 'isActive' of null
    at Tools.Battle.makeRequest (/Users/clazinasteunenberg/Downloads/Test/battle-engine.js:1943:15)
    at process.BattlePokemon.side (/Users/clazinasteunenberg/Downloads/Test/battle-engine.js:157:13)
    at process.EventEmitter.emit (events.js:98:17)
    at handleMessage (child_process.js:318:10)
    at Pipe.channel.onread (child_process.js:345:11)

TypeError: Object Battle: capv2 has no method 'getTeam'
    at new BattleSide (/Users/clazinasteunenberg/Downloads/Test/battle-engine.js:1096:27)
    at Tools.Battle.join (/Users/clazinasteunenberg/Downloads/Test/battle-engine.js:3333:15)
    at Tools.Battle.receive (/Users/clazinasteunenberg/Downloads/Test/battle-engine.js:3390:9)
    at process.BattlePokemon.side (/Users/clazinasteunenberg/Downloads/Test/battle-engine.js:143:12)
    at process.EventEmitter.emit (events.js:98:17)
    at handleMessage (child_process.js:318:10)
    at Pipe.channel.onread (child_process.js:345:11)

Additional information:
message = battle-capv2-261|join|p1|Eagle5|1
currentRequest = 

Log:
|html|<div class="broadcast-red"><b>The battle crashed</b><br />You can keep playing but it might crash again.</div>
|html|<div class="broadcast-red"><b>The battle crashed</b><br />You can keep playing but it might crash again.</div>
|html|<div class="broadcast-red"><b>The battle crashed</b><br />You can keep playing but it might crash again.</div>
|html|<div class="broadcast-red"><b>The battle crashed</b><br />You can keep playing but it might crash again.</div>
|html|<div class="broadcast-red"><b>The battle crashed</b><br />You can keep playing but it might crash again.</div>
|html|<div class="broadcast-red"><b>The battle crashed</b><br />You can keep playing but it might crash again.</div>
|html|<div class="broadcast-red"><b>The battle crashed</b><br />You can keep playing but it might crash again.</div>
|html|<div class="broadcast-red"><b>The battle crashed</b><br />You can keep playing but it might crash again.</div>
|html|<div class="broadcast-red"><b>The battle crashed</b><br />You can keep playing but it might crash again.</div>
|html|<div class="broadcast-red"><b>The battle crashed</b><br />You can keep playing but it might crash again.</div>
|html|<div class="broadcast-red"><b>The battle crashed</b><br />You can keep playing but it might crash again.</div>

TypeError: Cannot read property 'isActive' of null
    at Tools.Battle.makeRequest (/Users/clazinasteunenberg/Downloads/Test/battle-engine.js:1943:15)
    at process.BattlePokemon.side (/Users/clazinasteunenberg/Downloads/Test/battle-engine.js:157:13)
    at process.EventEmitter.emit (events.js:98:17)
    at handleMessage (child_process.js:318:10)
    at Pipe.channel.onread (child_process.js:345:11)

TypeError: Object Battle: capv2 has no method 'getTeam'
    at new BattleSide (/Users/clazinasteunenberg/Downloads/Test/battle-engine.js:1096:27)
    at Tools.Battle.join (/Users/clazinasteunenberg/Downloads/Test/battle-engine.js:3333:15)
    at Tools.Battle.receive (/Users/clazinasteunenberg/Downloads/Test/battle-engine.js:3390:9)
    at process.BattlePokemon.side (/Users/clazinasteunenberg/Downloads/Test/battle-engine.js:143:12)
    at process.EventEmitter.emit (events.js:98:17)
    at handleMessage (child_process.js:318:10)
    at Pipe.channel.onread (child_process.js:345:11)

Additional information:
message = battle-capv2-261|join|p1|Eagle5|1
currentRequest = 

Log:
|html|<div class="broadcast-red"><b>The battle crashed</b><br />You can keep playing but it might crash again.</div>
|html|<div class="broadcast-red"><b>The battle crashed</b><br />You can keep playing but it might crash again.</div>
|html|<div class="broadcast-red"><b>The battle crashed</b><br />You can keep playing but it might crash again.</div>
|html|<div class="broadcast-red"><b>The battle crashed</b><br />You can keep playing but it might crash again.</div>
|html|<div class="broadcast-red"><b>The battle crashed</b><br />You can keep playing but it might crash again.</div>
|html|<div class="broadcast-red"><b>The battle crashed</b><br />You can keep playing but it might crash again.</div>
|html|<div class="broadcast-red"><b>The battle crashed</b><br />You can keep playing but it might crash again.</div>
|html|<div class="broadcast-red"><b>The battle crashed</b><br />You can keep playing but it might crash again.</div>
|html|<div class="broadcast-red"><b>The battle crashed</b><br />You can keep playing but it might crash again.</div>
|html|<div class="broadcast-red"><b>The battle crashed</b><br />You can keep playing but it might crash again.</div>
|html|<div class="broadcast-red"><b>The battle crashed</b><br />You can keep playing but it might crash again.</div>
|html|<div class="broadcast-red"><b>The battle crashed</b><br />You can keep playing but it might crash again.</div>

TypeError: Cannot read property 'isActive' of null
    at Tools.Battle.makeRequest (/Users/clazinasteunenberg/Downloads/Test/battle-engine.js:1943:15)
    at process.BattlePokemon.side (/Users/clazinasteunenberg/Downloads/Test/battle-engine.js:157:13)
    at process.EventEmitter.emit (events.js:98:17)
    at handleMessage (child_process.js:318:10)
    at Pipe.channel.onread (child_process.js:345:11)

TypeError: Object Battle: capv2 has no method 'getTeam'
    at new BattleSide (/Users/clazinasteunenberg/Downloads/Test/battle-engine.js:1096:27)
    at Tools.Battle.join (/Users/clazinasteunenberg/Downloads/Test/battle-engine.js:3333:15)
    at Tools.Battle.receive (/Users/clazinasteunenberg/Downloads/Test/battle-engine.js:3390:9)
    at process.BattlePokemon.side (/Users/clazinasteunenberg/Downloads/Test/battle-engine.js:143:12)
    at process.EventEmitter.emit (events.js:98:17)
    at handleMessage (child_process.js:318:10)
    at Pipe.channel.onread (child_process.js:345:11)

Additional information:
message = battle-capv2-261|join|p1|Eagle5|1
currentRequest = 

Log:
|html|<div class="broadcast-red"><b>The battle crashed</b><br />You can keep playing but it might crash again.</div>
|html|<div class="broadcast-red"><b>The battle crashed</b><br />You can keep playing but it might crash again.</div>
|html|<div class="broadcast-red"><b>The battle crashed</b><br />You can keep playing but it might crash again.</div>
|html|<div class="broadcast-red"><b>The battle crashed</b><br />You can keep playing but it might crash again.</div>
|html|<div class="broadcast-red"><b>The battle crashed</b><br />You can keep playing but it might crash again.</div>
|html|<div class="broadcast-red"><b>The battle crashed</b><br />You can keep playing but it might crash again.</div>
|html|<div class="broadcast-red"><b>The battle crashed</b><br />You can keep playing but it might crash again.</div>
|html|<div class="broadcast-red"><b>The battle crashed</b><br />You can keep playing but it might crash again.</div>
|html|<div class="broadcast-red"><b>The battle crashed</b><br />You can keep playing but it might crash again.</div>
|html|<div class="broadcast-red"><b>The battle crashed</b><br />You can keep playing but it might crash again.</div>
|html|<div class="broadcast-red"><b>The battle crashed</b><br />You can keep playing but it might crash again.</div>
|html|<div class="broadcast-red"><b>The battle crashed</b><br />You can keep playing but it might crash again.</div>
|html|<div class="broadcast-red"><b>The battle crashed</b><br />You can keep playing but it might crash again.</div>

TypeError: Cannot read property 'isActive' of null
    at Tools.Battle.makeRequest (/Users/clazinasteunenberg/Downloads/Test/battle-engine.js:1943:15)
    at process.BattlePokemon.side (/Users/clazinasteunenberg/Downloads/Test/battle-engine.js:157:13)
    at process.EventEmitter.emit (events.js:98:17)
    at handleMessage (child_process.js:318:10)
    at Pipe.channel.onread (child_process.js:345:11)

TypeError: Object Battle: capv2 has no method 'getTeam'
    at new BattleSide (/Users/clazinasteunenberg/Downloads/Test/battle-engine.js:1096:27)
    at Tools.Battle.join (/Users/clazinasteunenberg/Downloads/Test/battle-engine.js:3333:15)
    at Tools.Battle.receive (/Users/clazinasteunenberg/Downloads/Test/battle-engine.js:3390:9)
    at process.BattlePokemon.side (/Users/clazinasteunenberg/Downloads/Test/battle-engine.js:143:12)
    at process.EventEmitter.emit (events.js:98:17)
    at handleMessage (child_process.js:318:10)
    at Pipe.channel.onread (child_process.js:345:11)

Additional information:
message = battle-capv2-261|join|p1|Eagle5|1
currentRequest = 

Log:
|html|<div class="broadcast-red"><b>The battle crashed</b><br />You can keep playing but it might crash again.</div>
|html|<div class="broadcast-red"><b>The battle crashed</b><br />You can keep playing but it might crash again.</div>
|html|<div class="broadcast-red"><b>The battle crashed</b><br />You can keep playing but it might crash again.</div>
|html|<div class="broadcast-red"><b>The battle crashed</b><br />You can keep playing but it might crash again.</div>
|html|<div class="broadcast-red"><b>The battle crashed</b><br />You can keep playing but it might crash again.</div>
|html|<div class="broadcast-red"><b>The battle crashed</b><br />You can keep playing but it might crash again.</div>
|html|<div class="broadcast-red"><b>The battle crashed</b><br />You can keep playing but it might crash again.</div>
|html|<div class="broadcast-red"><b>The battle crashed</b><br />You can keep playing but it might crash again.</div>
|html|<div class="broadcast-red"><b>The battle crashed</b><br />You can keep playing but it might crash again.</div>
|html|<div class="broadcast-red"><b>The battle crashed</b><br />You can keep playing but it might crash again.</div>
|html|<div class="broadcast-red"><b>The battle crashed</b><br />You can keep playing but it might crash again.</div>
|html|<div class="broadcast-red"><b>The battle crashed</b><br />You can keep playing but it might crash again.</div>
|html|<div class="broadcast-red"><b>The battle crashed</b><br />You can keep playing but it might crash again.</div>
|html|<div class="broadcast-red"><b>The battle crashed</b><br />You can keep playing but it might crash again.</div>

TypeError: Cannot read property 'isActive' of null
    at Tools.Battle.makeRequest (/Users/clazinasteunenberg/Downloads/Test/battle-engine.js:1943:15)
    at process.BattlePokemon.side (/Users/clazinasteunenberg/Downloads/Test/battle-engine.js:157:13)
    at process.EventEmitter.emit (events.js:98:17)
    at handleMessage (child_process.js:318:10)
    at Pipe.channel.onread (child_process.js:345:11)

TypeError: Object Battle: capv2 has no method 'getTeam'
    at new BattleSide (/Users/clazinasteunenberg/Downloads/Test/battle-engine.js:1096:27)
    at Tools.Battle.join (/Users/clazinasteunenberg/Downloads/Test/battle-engine.js:3333:15)
    at Tools.Battle.receive (/Users/clazinasteunenberg/Downloads/Test/battle-engine.js:3390:9)
    at process.BattlePokemon.side (/Users/clazinasteunenberg/Downloads/Test/battle-engine.js:143:12)
    at process.EventEmitter.emit (events.js:98:17)
    at handleMessage (child_process.js:318:10)
    at Pipe.channel.onread (child_process.js:345:11)

Additional information:
message = battle-capv2-261|join|p1|Eagle5|1
currentRequest = 

Log:
|html|<div class="broadcast-red"><b>The battle crashed</b><br />You can keep playing but it might crash again.</div>
|html|<div class="broadcast-red"><b>The battle crashed</b><br />You can keep playing but it might crash again.</div>
|html|<div class="broadcast-red"><b>The battle crashed</b><br />You can keep playing but it might crash again.</div>
|html|<div class="broadcast-red"><b>The battle crashed</b><br />You can keep playing but it might crash again.</div>
|html|<div class="broadcast-red"><b>The battle crashed</b><br />You can keep playing but it might crash again.</div>
|html|<div class="broadcast-red"><b>The battle crashed</b><br />You can keep playing but it might crash again.</div>
|html|<div class="broadcast-red"><b>The battle crashed</b><br />You can keep playing but it might crash again.</div>
|html|<div class="broadcast-red"><b>The battle crashed</b><br />You can keep playing but it might crash again.</div>
|html|<div class="broadcast-red"><b>The battle crashed</b><br />You can keep playing but it might crash again.</div>
|html|<div class="broadcast-red"><b>The battle crashed</b><br />You can keep playing but it might crash again.</div>
|html|<div class="broadcast-red"><b>The battle crashed</b><br />You can keep playing but it might crash again.</div>
|html|<div class="broadcast-red"><b>The battle crashed</b><br />You can keep playing but it might crash again.</div>
|html|<div class="broadcast-red"><b>The battle crashed</b><br />You can keep playing but it might crash again.</div>
|html|<div class="broadcast-red"><b>The battle crashed</b><br />You can keep playing but it might crash again.</div>
|html|<div class="broadcast-red"><b>The battle crashed</b><br />You can keep playing but it might crash again.</div>

TypeError: Cannot read property 'isActive' of null
    at Tools.Battle.makeRequest (/Users/clazinasteunenberg/Downloads/Test/battle-engine.js:1943:15)
    at process.BattlePokemon.side (/Users/clazinasteunenberg/Downloads/Test/battle-engine.js:157:13)
    at process.EventEmitter.emit (events.js:98:17)
    at handleMessage (child_process.js:318:10)
    at Pipe.channel.onread (child_process.js:345:11)

TypeError: Object Battle: ou has no method 'getTeam'
    at new BattleSide (/Users/clazinasteunenberg/Downloads/Test/battle-engine.js:1096:27)
    at Tools.Battle.join (/Users/clazinasteunenberg/Downloads/Test/battle-engine.js:3333:15)
    at Tools.Battle.receive (/Users/clazinasteunenberg/Downloads/Test/battle-engine.js:3390:9)
    at process.BattlePokemon.side (/Users/clazinasteunenberg/Downloads/Test/battle-engine.js:143:12)
    at process.EventEmitter.emit (events.js:98:17)
    at handleMessage (child_process.js:318:10)
    at Pipe.channel.onread (child_process.js:345:11)

Additional information:
message = battle-ou-261|join|p1|Firehound|2
currentRequest = 

Log:


TypeError: Cannot read property 'isActive' of null
    at Tools.Battle.makeRequest (/Users/clazinasteunenberg/Downloads/Test/battle-engine.js:1943:15)
    at process.BattlePokemon.side (/Users/clazinasteunenberg/Downloads/Test/battle-engine.js:157:13)
    at process.EventEmitter.emit (events.js:98:17)
    at handleMessage (child_process.js:318:10)
    at Pipe.channel.onread (child_process.js:345:11)

TypeError: Object Battle: ou has no method 'getTeam'
    at new BattleSide (/Users/clazinasteunenberg/Downloads/Test/battle-engine.js:1096:27)
    at Tools.Battle.join (/Users/clazinasteunenberg/Downloads/Test/battle-engine.js:3333:15)
    at Tools.Battle.receive (/Users/clazinasteunenberg/Downloads/Test/battle-engine.js:3390:9)
    at process.BattlePokemon.side (/Users/clazinasteunenberg/Downloads/Test/battle-engine.js:143:12)
    at process.EventEmitter.emit (events.js:98:17)
    at handleMessage (child_process.js:318:10)
    at Pipe.channel.onread (child_process.js:345:11)

Additional information:
message = battle-ou-261|join|p1|Firehound|2
currentRequest = 

Log:
|html|<div class="broadcast-red"><b>The battle crashed</b><br />You can keep playing but it might crash again.</div>

TypeError: Cannot read property 'isActive' of null
    at Tools.Battle.makeRequest (/Users/clazinasteunenberg/Downloads/Test/battle-engine.js:1943:15)
    at process.BattlePokemon.side (/Users/clazinasteunenberg/Downloads/Test/battle-engine.js:157:13)
    at process.EventEmitter.emit (events.js:98:17)
    at handleMessage (child_process.js:318:10)
    at Pipe.channel.onread (child_process.js:345:11)

TypeError: Cannot read property 'status' of undefined
    at Object.exports.commands.dq (/Users/clazinasteunenberg/Downloads/Test/commands.js:505:20)
    at Object.exports.parse (/Users/clazinasteunenberg/Downloads/Test/command-parser.js:192:31)
    at BattleRoom.chat (/Users/clazinasteunenberg/Downloads/Test/rooms.js:1103:27)
    at User.chat (/Users/clazinasteunenberg/Downloads/Test/users.js:1028:9)
    at /Users/clazinasteunenberg/Downloads/Test/app.js:418:10
    at Array.forEach (native)
    at SockJSConnection.<anonymous> (/Users/clazinasteunenberg/Downloads/Test/app.js:417:22)
    at SockJSConnection.EventEmitter.emit (events.js:95:17)
    at Session.didMessage (/Users/clazinasteunenberg/Downloads/Test/node_modules/sockjs/lib/transport.js:212:25)
    at WebSocketReceiver.didMessage (/Users/clazinasteunenberg/Downloads/Test/node_modules/sockjs/lib/trans-websocket.js:102:40)

Additional information:
user = snaquaza
ip = 127.0.0.1
roomid = battle-haxmons-267
message = battle-haxmons-267|/dq superman555

TypeError: Cannot read property '0' of undefined
    at BattleRoom.win (/Users/clazinasteunenberg/Downloads/Test/rooms.js:538:33)
    at Simulator.receive (/Users/clazinasteunenberg/Downloads/Test/simulator.js:154:14)
    at ChildProcess.<anonymous> (/Users/clazinasteunenberg/Downloads/Test/simulator.js:23:9)
    at ChildProcess.EventEmitter.emit (events.js:98:17)
    at handleMessage (child_process.js:318:10)
    at Pipe.channel.onread (child_process.js:345:11)

TypeError: Cannot read property '0' of undefined
    at BattleRoom.win (/Users/clazinasteunenberg/Downloads/Test/rooms.js:538:33)
    at Simulator.receive (/Users/clazinasteunenberg/Downloads/Test/simulator.js:154:14)
    at ChildProcess.<anonymous> (/Users/clazinasteunenberg/Downloads/Test/simulator.js:23:9)
    at ChildProcess.EventEmitter.emit (events.js:98:17)
    at handleMessage (child_process.js:318:10)
    at Pipe.channel.onread (child_process.js:345:11)

TypeError: Cannot read property '0' of undefined
    at BattleRoom.win (/Users/clazinasteunenberg/Downloads/Test/rooms.js:538:33)
    at Simulator.receive (/Users/clazinasteunenberg/Downloads/Test/simulator.js:154:14)
    at ChildProcess.<anonymous> (/Users/clazinasteunenberg/Downloads/Test/simulator.js:23:9)
    at ChildProcess.EventEmitter.emit (events.js:98:17)
    at handleMessage (child_process.js:318:10)
    at Pipe.channel.onread (child_process.js:345:11)

TypeError: Cannot read property '0' of undefined
    at BattleRoom.win (/Users/clazinasteunenberg/Downloads/Test/rooms.js:538:33)
    at Simulator.receive (/Users/clazinasteunenberg/Downloads/Test/simulator.js:154:14)
    at ChildProcess.<anonymous> (/Users/clazinasteunenberg/Downloads/Test/simulator.js:23:9)
    at ChildProcess.EventEmitter.emit (events.js:98:17)
    at handleMessage (child_process.js:318:10)
    at Pipe.channel.onread (child_process.js:345:11)

TypeError: Cannot read property '0' of undefined
    at BattleRoom.win (/Users/clazinasteunenberg/Downloads/Test/rooms.js:538:33)
    at Simulator.receive (/Users/clazinasteunenberg/Downloads/Test/simulator.js:154:14)
    at ChildProcess.<anonymous> (/Users/clazinasteunenberg/Downloads/Test/simulator.js:23:9)
    at ChildProcess.EventEmitter.emit (events.js:98:17)
    at handleMessage (child_process.js:318:10)
    at Pipe.channel.onread (child_process.js:345:11)

TypeError: Cannot read property '0' of undefined
    at BattleRoom.win (/Users/clazinasteunenberg/Downloads/Test/rooms.js:538:33)
    at Simulator.receive (/Users/clazinasteunenberg/Downloads/Test/simulator.js:154:14)
    at ChildProcess.<anonymous> (/Users/clazinasteunenberg/Downloads/Test/simulator.js:23:9)
    at ChildProcess.EventEmitter.emit (events.js:98:17)
    at handleMessage (child_process.js:318:10)
    at Pipe.channel.onread (child_process.js:345:11)

TypeError: Cannot use 'in' operator to search for 'Rule:potd' in undefined
    at Tools.exports.BattleScripts.randomTeam (/Users/clazinasteunenberg/Downloads/Test/data/scripts.js:1482:38)
    at Tools.exports.BattleScripts.getTeam (/Users/clazinasteunenberg/Downloads/Test/data/scripts.js:494:16)
    at new BattleSide (/Users/clazinasteunenberg/Downloads/Test/battle-engine.js:1096:27)
    at Tools.Battle.join (/Users/clazinasteunenberg/Downloads/Test/battle-engine.js:3333:15)
    at Tools.Battle.receive (/Users/clazinasteunenberg/Downloads/Test/battle-engine.js:3390:9)
    at process.BattlePokemon.side (/Users/clazinasteunenberg/Downloads/Test/battle-engine.js:143:12)
    at process.EventEmitter.emit (events.js:98:17)
    at handleMessage (child_process.js:318:10)
    at Pipe.channel.onread (child_process.js:345:11)

Additional information:
message = battle-randombattle-478|join|p1|E4 GhostKiller|165
currentRequest = 

Log:


TypeError: Cannot read property 'isActive' of null
    at Tools.Battle.makeRequest (/Users/clazinasteunenberg/Downloads/Test/battle-engine.js:1943:15)
    at process.BattlePokemon.side (/Users/clazinasteunenberg/Downloads/Test/battle-engine.js:157:13)
    at process.EventEmitter.emit (events.js:98:17)
    at handleMessage (child_process.js:318:10)
    at Pipe.channel.onread (child_process.js:345:11)

TypeError: Cannot read property 'isActive' of null
    at Tools.Battle.makeRequest (/Users/clazinasteunenberg/Downloads/Test/battle-engine.js:1943:15)
    at process.BattlePokemon.side (/Users/clazinasteunenberg/Downloads/Test/battle-engine.js:157:13)
    at process.EventEmitter.emit (events.js:98:17)
    at handleMessage (child_process.js:318:10)
    at Pipe.channel.onread (child_process.js:345:11)

TypeError: Cannot use 'in' operator to search for 'Rule:potd' in undefined
    at Tools.exports.BattleScripts.randomTeam (/Users/clazinasteunenberg/Downloads/Test/data/scripts.js:1482:38)
    at Tools.exports.BattleScripts.getTeam (/Users/clazinasteunenberg/Downloads/Test/data/scripts.js:494:16)
    at new BattleSide (/Users/clazinasteunenberg/Downloads/Test/battle-engine.js:1096:27)
    at Tools.Battle.join (/Users/clazinasteunenberg/Downloads/Test/battle-engine.js:3333:15)
    at Tools.Battle.receive (/Users/clazinasteunenberg/Downloads/Test/battle-engine.js:3390:9)
    at process.BattlePokemon.side (/Users/clazinasteunenberg/Downloads/Test/battle-engine.js:143:12)
    at process.EventEmitter.emit (events.js:98:17)
    at handleMessage (child_process.js:318:10)
    at Pipe.channel.onread (child_process.js:345:11)

Additional information:
message = battle-randombattle-478|join|p1|E4 GhostKiller|165
currentRequest = 

Log:
|html|<div class="broadcast-red"><b>The battle crashed</b><br />You can keep playing but it might crash again.</div>

TypeError: Cannot use 'in' operator to search for 'Rule:potd' in undefined
    at Tools.exports.BattleScripts.randomTeam (/Users/clazinasteunenberg/Downloads/Test/data/scripts.js:1482:38)
    at Tools.exports.BattleScripts.getTeam (/Users/clazinasteunenberg/Downloads/Test/data/scripts.js:494:16)
    at new BattleSide (/Users/clazinasteunenberg/Downloads/Test/battle-engine.js:1096:27)
    at Tools.Battle.join (/Users/clazinasteunenberg/Downloads/Test/battle-engine.js:3333:15)
    at Tools.Battle.receive (/Users/clazinasteunenberg/Downloads/Test/battle-engine.js:3390:9)
    at process.BattlePokemon.side (/Users/clazinasteunenberg/Downloads/Test/battle-engine.js:143:12)
    at process.EventEmitter.emit (events.js:98:17)
    at handleMessage (child_process.js:318:10)
    at Pipe.channel.onread (child_process.js:345:11)

Additional information:
message = battle-randombattle-478|join|p1|E4 GhostKiller|165
currentRequest = 

Log:
|html|<div class="broadcast-red"><b>The battle crashed</b><br />You can keep playing but it might crash again.</div>
|html|<div class="broadcast-red"><b>The battle crashed</b><br />You can keep playing but it might crash again.</div>

TypeError: Cannot read property 'isActive' of null
    at Tools.Battle.makeRequest (/Users/clazinasteunenberg/Downloads/Test/battle-engine.js:1943:15)
    at process.BattlePokemon.side (/Users/clazinasteunenberg/Downloads/Test/battle-engine.js:157:13)
    at process.EventEmitter.emit (events.js:98:17)
    at handleMessage (child_process.js:318:10)
    at Pipe.channel.onread (child_process.js:345:11)

TypeError: Cannot use 'in' operator to search for 'Rule:potd' in undefined
    at Tools.exports.BattleScripts.randomTeam (/Users/clazinasteunenberg/Downloads/Test/data/scripts.js:1482:38)
    at Tools.exports.BattleScripts.getTeam (/Users/clazinasteunenberg/Downloads/Test/data/scripts.js:494:16)
    at new BattleSide (/Users/clazinasteunenberg/Downloads/Test/battle-engine.js:1096:27)
    at Tools.Battle.join (/Users/clazinasteunenberg/Downloads/Test/battle-engine.js:3333:15)
    at Tools.Battle.receive (/Users/clazinasteunenberg/Downloads/Test/battle-engine.js:3390:9)
    at process.BattlePokemon.side (/Users/clazinasteunenberg/Downloads/Test/battle-engine.js:143:12)
    at process.EventEmitter.emit (events.js:98:17)
    at handleMessage (child_process.js:318:10)
    at Pipe.channel.onread (child_process.js:345:11)

Additional information:
message = battle-randombattle-478|join|p1|E4 GhostKiller|165
currentRequest = 

Log:
|html|<div class="broadcast-red"><b>The battle crashed</b><br />You can keep playing but it might crash again.</div>
|html|<div class="broadcast-red"><b>The battle crashed</b><br />You can keep playing but it might crash again.</div>
|html|<div class="broadcast-red"><b>The battle crashed</b><br />You can keep playing but it might crash again.</div>

TypeError: Cannot read property 'isActive' of null
    at Tools.Battle.makeRequest (/Users/clazinasteunenberg/Downloads/Test/battle-engine.js:1943:15)
    at process.BattlePokemon.side (/Users/clazinasteunenberg/Downloads/Test/battle-engine.js:157:13)
    at process.EventEmitter.emit (events.js:98:17)
    at handleMessage (child_process.js:318:10)
    at Pipe.channel.onread (child_process.js:345:11)

TypeError: Cannot use 'in' operator to search for 'Rule:potd' in undefined
    at Tools.exports.BattleScripts.randomTeam (/Users/clazinasteunenberg/Downloads/Test/data/scripts.js:1482:38)
    at Tools.exports.BattleScripts.getTeam (/Users/clazinasteunenberg/Downloads/Test/data/scripts.js:494:16)
    at new BattleSide (/Users/clazinasteunenberg/Downloads/Test/battle-engine.js:1096:27)
    at Tools.Battle.join (/Users/clazinasteunenberg/Downloads/Test/battle-engine.js:3333:15)
    at Tools.Battle.receive (/Users/clazinasteunenberg/Downloads/Test/battle-engine.js:3390:9)
    at process.BattlePokemon.side (/Users/clazinasteunenberg/Downloads/Test/battle-engine.js:143:12)
    at process.EventEmitter.emit (events.js:98:17)
    at handleMessage (child_process.js:318:10)
    at Pipe.channel.onread (child_process.js:345:11)

Additional information:
message = battle-randombattle-478|join|p1|E4 GhostKiller|165
currentRequest = 

Log:
|html|<div class="broadcast-red"><b>The battle crashed</b><br />You can keep playing but it might crash again.</div>
|html|<div class="broadcast-red"><b>The battle crashed</b><br />You can keep playing but it might crash again.</div>
|html|<div class="broadcast-red"><b>The battle crashed</b><br />You can keep playing but it might crash again.</div>
|html|<div class="broadcast-red"><b>The battle crashed</b><br />You can keep playing but it might crash again.</div>

TypeError: Cannot read property 'isActive' of null
    at Tools.Battle.makeRequest (/Users/clazinasteunenberg/Downloads/Test/battle-engine.js:1943:15)
    at process.BattlePokemon.side (/Users/clazinasteunenberg/Downloads/Test/battle-engine.js:157:13)
    at process.EventEmitter.emit (events.js:98:17)
    at handleMessage (child_process.js:318:10)
    at Pipe.channel.onread (child_process.js:345:11)

TypeError: Cannot use 'in' operator to search for 'Rule:potd' in undefined
    at Tools.exports.BattleScripts.randomTeam (/Users/clazinasteunenberg/Downloads/Test/data/scripts.js:1482:38)
    at Tools.exports.BattleScripts.getTeam (/Users/clazinasteunenberg/Downloads/Test/data/scripts.js:494:16)
    at new BattleSide (/Users/clazinasteunenberg/Downloads/Test/battle-engine.js:1096:27)
    at Tools.Battle.join (/Users/clazinasteunenberg/Downloads/Test/battle-engine.js:3333:15)
    at Tools.Battle.receive (/Users/clazinasteunenberg/Downloads/Test/battle-engine.js:3390:9)
    at process.BattlePokemon.side (/Users/clazinasteunenberg/Downloads/Test/battle-engine.js:143:12)
    at process.EventEmitter.emit (events.js:98:17)
    at handleMessage (child_process.js:318:10)
    at Pipe.channel.onread (child_process.js:345:11)

Additional information:
message = battle-randombattle-478|join|p1|E4 GhostKiller|165
currentRequest = 

Log:
|html|<div class="broadcast-red"><b>The battle crashed</b><br />You can keep playing but it might crash again.</div>
|html|<div class="broadcast-red"><b>The battle crashed</b><br />You can keep playing but it might crash again.</div>
|html|<div class="broadcast-red"><b>The battle crashed</b><br />You can keep playing but it might crash again.</div>
|html|<div class="broadcast-red"><b>The battle crashed</b><br />You can keep playing but it might crash again.</div>
|html|<div class="broadcast-red"><b>The battle crashed</b><br />You can keep playing but it might crash again.</div>

TypeError: Cannot read property 'isActive' of null
    at Tools.Battle.makeRequest (/Users/clazinasteunenberg/Downloads/Test/battle-engine.js:1943:15)
    at process.BattlePokemon.side (/Users/clazinasteunenberg/Downloads/Test/battle-engine.js:157:13)
    at process.EventEmitter.emit (events.js:98:17)
    at handleMessage (child_process.js:318:10)
    at Pipe.channel.onread (child_process.js:345:11)

TypeError: Cannot use 'in' operator to search for 'Rule:potd' in undefined
    at Tools.exports.BattleScripts.randomTeam (/Users/clazinasteunenberg/Downloads/Test/data/scripts.js:1482:38)
    at Tools.exports.BattleScripts.getTeam (/Users/clazinasteunenberg/Downloads/Test/data/scripts.js:494:16)
    at new BattleSide (/Users/clazinasteunenberg/Downloads/Test/battle-engine.js:1096:27)
    at Tools.Battle.join (/Users/clazinasteunenberg/Downloads/Test/battle-engine.js:3333:15)
    at Tools.Battle.receive (/Users/clazinasteunenberg/Downloads/Test/battle-engine.js:3390:9)
    at process.BattlePokemon.side (/Users/clazinasteunenberg/Downloads/Test/battle-engine.js:143:12)
    at process.EventEmitter.emit (events.js:98:17)
    at handleMessage (child_process.js:318:10)
    at Pipe.channel.onread (child_process.js:345:11)

Additional information:
message = battle-randombattle-478|join|p1|E4 GhostKiller|165
currentRequest = 

Log:
|html|<div class="broadcast-red"><b>The battle crashed</b><br />You can keep playing but it might crash again.</div>
|html|<div class="broadcast-red"><b>The battle crashed</b><br />You can keep playing but it might crash again.</div>
|html|<div class="broadcast-red"><b>The battle crashed</b><br />You can keep playing but it might crash again.</div>
|html|<div class="broadcast-red"><b>The battle crashed</b><br />You can keep playing but it might crash again.</div>
|html|<div class="broadcast-red"><b>The battle crashed</b><br />You can keep playing but it might crash again.</div>
|html|<div class="broadcast-red"><b>The battle crashed</b><br />You can keep playing but it might crash again.</div>

TypeError: Cannot read property 'isActive' of null
    at Tools.Battle.makeRequest (/Users/clazinasteunenberg/Downloads/Test/battle-engine.js:1943:15)
    at process.BattlePokemon.side (/Users/clazinasteunenberg/Downloads/Test/battle-engine.js:157:13)
    at process.EventEmitter.emit (events.js:98:17)
    at handleMessage (child_process.js:318:10)
    at Pipe.channel.onread (child_process.js:345:11)

TypeError: Cannot use 'in' operator to search for 'Rule:potd' in undefined
    at Tools.exports.BattleScripts.randomTeam (/Users/clazinasteunenberg/Downloads/Test/data/scripts.js:1482:38)
    at Tools.exports.BattleScripts.getTeam (/Users/clazinasteunenberg/Downloads/Test/data/scripts.js:494:16)
    at new BattleSide (/Users/clazinasteunenberg/Downloads/Test/battle-engine.js:1096:27)
    at Tools.Battle.join (/Users/clazinasteunenberg/Downloads/Test/battle-engine.js:3333:15)
    at Tools.Battle.receive (/Users/clazinasteunenberg/Downloads/Test/battle-engine.js:3390:9)
    at process.BattlePokemon.side (/Users/clazinasteunenberg/Downloads/Test/battle-engine.js:143:12)
    at process.EventEmitter.emit (events.js:98:17)
    at handleMessage (child_process.js:318:10)
    at Pipe.channel.onread (child_process.js:345:11)

Additional information:
message = battle-randombattle-478|join|p1|E4 GhostKiller|165
currentRequest = 

Log:
|html|<div class="broadcast-red"><b>The battle crashed</b><br />You can keep playing but it might crash again.</div>
|html|<div class="broadcast-red"><b>The battle crashed</b><br />You can keep playing but it might crash again.</div>
|html|<div class="broadcast-red"><b>The battle crashed</b><br />You can keep playing but it might crash again.</div>
|html|<div class="broadcast-red"><b>The battle crashed</b><br />You can keep playing but it might crash again.</div>
|html|<div class="broadcast-red"><b>The battle crashed</b><br />You can keep playing but it might crash again.</div>
|html|<div class="broadcast-red"><b>The battle crashed</b><br />You can keep playing but it might crash again.</div>
|html|<div class="broadcast-red"><b>The battle crashed</b><br />You can keep playing but it might crash again.</div>

TypeError: Cannot read property 'isActive' of null
    at Tools.Battle.makeRequest (/Users/clazinasteunenberg/Downloads/Test/battle-engine.js:1943:15)
    at process.BattlePokemon.side (/Users/clazinasteunenberg/Downloads/Test/battle-engine.js:157:13)
    at process.EventEmitter.emit (events.js:98:17)
    at handleMessage (child_process.js:318:10)
    at Pipe.channel.onread (child_process.js:345:11)

TypeError: Cannot use 'in' operator to search for 'Rule:potd' in undefined
    at Tools.exports.BattleScripts.randomTeam (/Users/clazinasteunenberg/Downloads/Test/data/scripts.js:1482:38)
    at Tools.exports.BattleScripts.getTeam (/Users/clazinasteunenberg/Downloads/Test/data/scripts.js:494:16)
    at new BattleSide (/Users/clazinasteunenberg/Downloads/Test/battle-engine.js:1096:27)
    at Tools.Battle.join (/Users/clazinasteunenberg/Downloads/Test/battle-engine.js:3333:15)
    at Tools.Battle.receive (/Users/clazinasteunenberg/Downloads/Test/battle-engine.js:3390:9)
    at process.BattlePokemon.side (/Users/clazinasteunenberg/Downloads/Test/battle-engine.js:143:12)
    at process.EventEmitter.emit (events.js:98:17)
    at handleMessage (child_process.js:318:10)
    at Pipe.channel.onread (child_process.js:345:11)

Additional information:
message = battle-randombattle-478|join|p1|E4 GhostKiller|165
currentRequest = 

Log:
|html|<div class="broadcast-red"><b>The battle crashed</b><br />You can keep playing but it might crash again.</div>
|html|<div class="broadcast-red"><b>The battle crashed</b><br />You can keep playing but it might crash again.</div>
|html|<div class="broadcast-red"><b>The battle crashed</b><br />You can keep playing but it might crash again.</div>
|html|<div class="broadcast-red"><b>The battle crashed</b><br />You can keep playing but it might crash again.</div>
|html|<div class="broadcast-red"><b>The battle crashed</b><br />You can keep playing but it might crash again.</div>
|html|<div class="broadcast-red"><b>The battle crashed</b><br />You can keep playing but it might crash again.</div>
|html|<div class="broadcast-red"><b>The battle crashed</b><br />You can keep playing but it might crash again.</div>
|html|<div class="broadcast-red"><b>The battle crashed</b><br />You can keep playing but it might crash again.</div>

TypeError: Cannot read property 'isActive' of null
    at Tools.Battle.makeRequest (/Users/clazinasteunenberg/Downloads/Test/battle-engine.js:1943:15)
    at process.BattlePokemon.side (/Users/clazinasteunenberg/Downloads/Test/battle-engine.js:157:13)
    at process.EventEmitter.emit (events.js:98:17)
    at handleMessage (child_process.js:318:10)
    at Pipe.channel.onread (child_process.js:345:11)

TypeError: Cannot use 'in' operator to search for 'Rule:potd' in undefined
    at Tools.exports.BattleScripts.randomTeam (/Users/clazinasteunenberg/Downloads/Test/data/scripts.js:1482:38)
    at Tools.exports.BattleScripts.getTeam (/Users/clazinasteunenberg/Downloads/Test/data/scripts.js:494:16)
    at new BattleSide (/Users/clazinasteunenberg/Downloads/Test/battle-engine.js:1096:27)
    at Tools.Battle.join (/Users/clazinasteunenberg/Downloads/Test/battle-engine.js:3333:15)
    at Tools.Battle.receive (/Users/clazinasteunenberg/Downloads/Test/battle-engine.js:3390:9)
    at process.BattlePokemon.side (/Users/clazinasteunenberg/Downloads/Test/battle-engine.js:143:12)
    at process.EventEmitter.emit (events.js:98:17)
    at handleMessage (child_process.js:318:10)
    at Pipe.channel.onread (child_process.js:345:11)

Additional information:
message = battle-randombattle-478|join|p1|E4 GhostKiller|165
currentRequest = 

Log:
|html|<div class="broadcast-red"><b>The battle crashed</b><br />You can keep playing but it might crash again.</div>
|html|<div class="broadcast-red"><b>The battle crashed</b><br />You can keep playing but it might crash again.</div>
|html|<div class="broadcast-red"><b>The battle crashed</b><br />You can keep playing but it might crash again.</div>
|html|<div class="broadcast-red"><b>The battle crashed</b><br />You can keep playing but it might crash again.</div>
|html|<div class="broadcast-red"><b>The battle crashed</b><br />You can keep playing but it might crash again.</div>
|html|<div class="broadcast-red"><b>The battle crashed</b><br />You can keep playing but it might crash again.</div>
|html|<div class="broadcast-red"><b>The battle crashed</b><br />You can keep playing but it might crash again.</div>
|html|<div class="broadcast-red"><b>The battle crashed</b><br />You can keep playing but it might crash again.</div>
|html|<div class="broadcast-red"><b>The battle crashed</b><br />You can keep playing but it might crash again.</div>

TypeError: Cannot read property 'isActive' of null
    at Tools.Battle.makeRequest (/Users/clazinasteunenberg/Downloads/Test/battle-engine.js:1943:15)
    at process.BattlePokemon.side (/Users/clazinasteunenberg/Downloads/Test/battle-engine.js:157:13)
    at process.EventEmitter.emit (events.js:98:17)
    at handleMessage (child_process.js:318:10)
    at Pipe.channel.onread (child_process.js:345:11)

TypeError: Cannot use 'in' operator to search for 'Rule:potd' in undefined
    at Tools.exports.BattleScripts.randomTeam (/Users/clazinasteunenberg/Downloads/Test/data/scripts.js:1482:38)
    at Tools.exports.BattleScripts.getTeam (/Users/clazinasteunenberg/Downloads/Test/data/scripts.js:494:16)
    at new BattleSide (/Users/clazinasteunenberg/Downloads/Test/battle-engine.js:1096:27)
    at Tools.Battle.join (/Users/clazinasteunenberg/Downloads/Test/battle-engine.js:3333:15)
    at Tools.Battle.receive (/Users/clazinasteunenberg/Downloads/Test/battle-engine.js:3390:9)
    at process.BattlePokemon.side (/Users/clazinasteunenberg/Downloads/Test/battle-engine.js:143:12)
    at process.EventEmitter.emit (events.js:98:17)
    at handleMessage (child_process.js:318:10)
    at Pipe.channel.onread (child_process.js:345:11)

Additional information:
message = battle-randombattle-478|join|p1|E4 GhostKiller|165
currentRequest = 

Log:
|html|<div class="broadcast-red"><b>The battle crashed</b><br />You can keep playing but it might crash again.</div>
|html|<div class="broadcast-red"><b>The battle crashed</b><br />You can keep playing but it might crash again.</div>
|html|<div class="broadcast-red"><b>The battle crashed</b><br />You can keep playing but it might crash again.</div>
|html|<div class="broadcast-red"><b>The battle crashed</b><br />You can keep playing but it might crash again.</div>
|html|<div class="broadcast-red"><b>The battle crashed</b><br />You can keep playing but it might crash again.</div>
|html|<div class="broadcast-red"><b>The battle crashed</b><br />You can keep playing but it might crash again.</div>
|html|<div class="broadcast-red"><b>The battle crashed</b><br />You can keep playing but it might crash again.</div>
|html|<div class="broadcast-red"><b>The battle crashed</b><br />You can keep playing but it might crash again.</div>
|html|<div class="broadcast-red"><b>The battle crashed</b><br />You can keep playing but it might crash again.</div>
|html|<div class="broadcast-red"><b>The battle crashed</b><br />You can keep playing but it might crash again.</div>

TypeError: Cannot read property 'isActive' of null
    at Tools.Battle.makeRequest (/Users/clazinasteunenberg/Downloads/Test/battle-engine.js:1943:15)
    at process.BattlePokemon.side (/Users/clazinasteunenberg/Downloads/Test/battle-engine.js:157:13)
    at process.EventEmitter.emit (events.js:98:17)
    at handleMessage (child_process.js:318:10)
    at Pipe.channel.onread (child_process.js:345:11)

TypeError: Cannot use 'in' operator to search for 'Rule:potd' in undefined
    at Tools.exports.BattleScripts.randomTeam (/Users/clazinasteunenberg/Downloads/Test/data/scripts.js:1482:38)
    at Tools.exports.BattleScripts.getTeam (/Users/clazinasteunenberg/Downloads/Test/data/scripts.js:494:16)
    at new BattleSide (/Users/clazinasteunenberg/Downloads/Test/battle-engine.js:1096:27)
    at Tools.Battle.join (/Users/clazinasteunenberg/Downloads/Test/battle-engine.js:3333:15)
    at Tools.Battle.receive (/Users/clazinasteunenberg/Downloads/Test/battle-engine.js:3390:9)
    at process.BattlePokemon.side (/Users/clazinasteunenberg/Downloads/Test/battle-engine.js:143:12)
    at process.EventEmitter.emit (events.js:98:17)
    at handleMessage (child_process.js:318:10)
    at Pipe.channel.onread (child_process.js:345:11)

Additional information:
message = battle-randombattle-478|join|p1|E4 GhostKiller|165
currentRequest = 

Log:
|html|<div class="broadcast-red"><b>The battle crashed</b><br />You can keep playing but it might crash again.</div>
|html|<div class="broadcast-red"><b>The battle crashed</b><br />You can keep playing but it might crash again.</div>
|html|<div class="broadcast-red"><b>The battle crashed</b><br />You can keep playing but it might crash again.</div>
|html|<div class="broadcast-red"><b>The battle crashed</b><br />You can keep playing but it might crash again.</div>
|html|<div class="broadcast-red"><b>The battle crashed</b><br />You can keep playing but it might crash again.</div>
|html|<div class="broadcast-red"><b>The battle crashed</b><br />You can keep playing but it might crash again.</div>
|html|<div class="broadcast-red"><b>The battle crashed</b><br />You can keep playing but it might crash again.</div>
|html|<div class="broadcast-red"><b>The battle crashed</b><br />You can keep playing but it might crash again.</div>
|html|<div class="broadcast-red"><b>The battle crashed</b><br />You can keep playing but it might crash again.</div>
|html|<div class="broadcast-red"><b>The battle crashed</b><br />You can keep playing but it might crash again.</div>
|html|<div class="broadcast-red"><b>The battle crashed</b><br />You can keep playing but it might crash again.</div>

TypeError: Cannot read property 'isActive' of null
    at Tools.Battle.makeRequest (/Users/clazinasteunenberg/Downloads/Test/battle-engine.js:1943:15)
    at process.BattlePokemon.side (/Users/clazinasteunenberg/Downloads/Test/battle-engine.js:157:13)
    at process.EventEmitter.emit (events.js:98:17)
    at handleMessage (child_process.js:318:10)
    at Pipe.channel.onread (child_process.js:345:11)

TypeError: Cannot use 'in' operator to search for 'Rule:potd' in undefined
    at Tools.exports.BattleScripts.randomTeam (/Users/clazinasteunenberg/Downloads/Test/data/scripts.js:1482:38)
    at Tools.exports.BattleScripts.getTeam (/Users/clazinasteunenberg/Downloads/Test/data/scripts.js:494:16)
    at new BattleSide (/Users/clazinasteunenberg/Downloads/Test/battle-engine.js:1096:27)
    at Tools.Battle.join (/Users/clazinasteunenberg/Downloads/Test/battle-engine.js:3333:15)
    at Tools.Battle.receive (/Users/clazinasteunenberg/Downloads/Test/battle-engine.js:3390:9)
    at process.BattlePokemon.side (/Users/clazinasteunenberg/Downloads/Test/battle-engine.js:143:12)
    at process.EventEmitter.emit (events.js:98:17)
    at handleMessage (child_process.js:318:10)
    at Pipe.channel.onread (child_process.js:345:11)

Additional information:
message = battle-randombattle-478|join|p1|E4 GhostKiller|165
currentRequest = 

Log:
|html|<div class="broadcast-red"><b>The battle crashed</b><br />You can keep playing but it might crash again.</div>
|html|<div class="broadcast-red"><b>The battle crashed</b><br />You can keep playing but it might crash again.</div>
|html|<div class="broadcast-red"><b>The battle crashed</b><br />You can keep playing but it might crash again.</div>
|html|<div class="broadcast-red"><b>The battle crashed</b><br />You can keep playing but it might crash again.</div>
|html|<div class="broadcast-red"><b>The battle crashed</b><br />You can keep playing but it might crash again.</div>
|html|<div class="broadcast-red"><b>The battle crashed</b><br />You can keep playing but it might crash again.</div>
|html|<div class="broadcast-red"><b>The battle crashed</b><br />You can keep playing but it might crash again.</div>
|html|<div class="broadcast-red"><b>The battle crashed</b><br />You can keep playing but it might crash again.</div>
|html|<div class="broadcast-red"><b>The battle crashed</b><br />You can keep playing but it might crash again.</div>
|html|<div class="broadcast-red"><b>The battle crashed</b><br />You can keep playing but it might crash again.</div>
|html|<div class="broadcast-red"><b>The battle crashed</b><br />You can keep playing but it might crash again.</div>
|html|<div class="broadcast-red"><b>The battle crashed</b><br />You can keep playing but it might crash again.</div>

TypeError: Cannot read property 'isActive' of null
    at Tools.Battle.makeRequest (/Users/clazinasteunenberg/Downloads/Test/battle-engine.js:1943:15)
    at process.BattlePokemon.side (/Users/clazinasteunenberg/Downloads/Test/battle-engine.js:157:13)
    at process.EventEmitter.emit (events.js:98:17)
    at handleMessage (child_process.js:318:10)
    at Pipe.channel.onread (child_process.js:345:11)

TypeError: Cannot use 'in' operator to search for 'Rule:potd' in undefined
    at Tools.exports.BattleScripts.randomTeam (/Users/clazinasteunenberg/Downloads/Test/data/scripts.js:1482:38)
    at Tools.exports.BattleScripts.getTeam (/Users/clazinasteunenberg/Downloads/Test/data/scripts.js:494:16)
    at new BattleSide (/Users/clazinasteunenberg/Downloads/Test/battle-engine.js:1096:27)
    at Tools.Battle.join (/Users/clazinasteunenberg/Downloads/Test/battle-engine.js:3333:15)
    at Tools.Battle.receive (/Users/clazinasteunenberg/Downloads/Test/battle-engine.js:3390:9)
    at process.BattlePokemon.side (/Users/clazinasteunenberg/Downloads/Test/battle-engine.js:143:12)
    at process.EventEmitter.emit (events.js:98:17)
    at handleMessage (child_process.js:318:10)
    at Pipe.channel.onread (child_process.js:345:11)

Additional information:
message = battle-randombattle-478|join|p1|E4 GhostKiller|165
currentRequest = 

Log:
|html|<div class="broadcast-red"><b>The battle crashed</b><br />You can keep playing but it might crash again.</div>
|html|<div class="broadcast-red"><b>The battle crashed</b><br />You can keep playing but it might crash again.</div>
|html|<div class="broadcast-red"><b>The battle crashed</b><br />You can keep playing but it might crash again.</div>
|html|<div class="broadcast-red"><b>The battle crashed</b><br />You can keep playing but it might crash again.</div>
|html|<div class="broadcast-red"><b>The battle crashed</b><br />You can keep playing but it might crash again.</div>
|html|<div class="broadcast-red"><b>The battle crashed</b><br />You can keep playing but it might crash again.</div>
|html|<div class="broadcast-red"><b>The battle crashed</b><br />You can keep playing but it might crash again.</div>
|html|<div class="broadcast-red"><b>The battle crashed</b><br />You can keep playing but it might crash again.</div>
|html|<div class="broadcast-red"><b>The battle crashed</b><br />You can keep playing but it might crash again.</div>
|html|<div class="broadcast-red"><b>The battle crashed</b><br />You can keep playing but it might crash again.</div>
|html|<div class="broadcast-red"><b>The battle crashed</b><br />You can keep playing but it might crash again.</div>
|html|<div class="broadcast-red"><b>The battle crashed</b><br />You can keep playing but it might crash again.</div>
|html|<div class="broadcast-red"><b>The battle crashed</b><br />You can keep playing but it might crash again.</div>

TypeError: Cannot read property 'isActive' of null
    at Tools.Battle.makeRequest (/Users/clazinasteunenberg/Downloads/Test/battle-engine.js:1943:15)
    at process.BattlePokemon.side (/Users/clazinasteunenberg/Downloads/Test/battle-engine.js:157:13)
    at process.EventEmitter.emit (events.js:98:17)
    at handleMessage (child_process.js:318:10)
    at Pipe.channel.onread (child_process.js:345:11)

TypeError: Cannot use 'in' operator to search for 'Rule:potd' in undefined
    at Tools.exports.BattleScripts.randomTeam (/Users/clazinasteunenberg/Downloads/Test/data/scripts.js:1482:38)
    at Tools.exports.BattleScripts.getTeam (/Users/clazinasteunenberg/Downloads/Test/data/scripts.js:494:16)
    at new BattleSide (/Users/clazinasteunenberg/Downloads/Test/battle-engine.js:1096:27)
    at Tools.Battle.join (/Users/clazinasteunenberg/Downloads/Test/battle-engine.js:3333:15)
    at Tools.Battle.receive (/Users/clazinasteunenberg/Downloads/Test/battle-engine.js:3390:9)
    at process.BattlePokemon.side (/Users/clazinasteunenberg/Downloads/Test/battle-engine.js:143:12)
    at process.EventEmitter.emit (events.js:98:17)
    at handleMessage (child_process.js:318:10)
    at Pipe.channel.onread (child_process.js:345:11)

Additional information:
message = battle-randombattle-478|join|p1|E4 GhostKiller|165
currentRequest = 

Log:
|html|<div class="broadcast-red"><b>The battle crashed</b><br />You can keep playing but it might crash again.</div>
|html|<div class="broadcast-red"><b>The battle crashed</b><br />You can keep playing but it might crash again.</div>
|html|<div class="broadcast-red"><b>The battle crashed</b><br />You can keep playing but it might crash again.</div>
|html|<div class="broadcast-red"><b>The battle crashed</b><br />You can keep playing but it might crash again.</div>
|html|<div class="broadcast-red"><b>The battle crashed</b><br />You can keep playing but it might crash again.</div>
|html|<div class="broadcast-red"><b>The battle crashed</b><br />You can keep playing but it might crash again.</div>
|html|<div class="broadcast-red"><b>The battle crashed</b><br />You can keep playing but it might crash again.</div>
|html|<div class="broadcast-red"><b>The battle crashed</b><br />You can keep playing but it might crash again.</div>
|html|<div class="broadcast-red"><b>The battle crashed</b><br />You can keep playing but it might crash again.</div>
|html|<div class="broadcast-red"><b>The battle crashed</b><br />You can keep playing but it might crash again.</div>
|html|<div class="broadcast-red"><b>The battle crashed</b><br />You can keep playing but it might crash again.</div>
|html|<div class="broadcast-red"><b>The battle crashed</b><br />You can keep playing but it might crash again.</div>
|html|<div class="broadcast-red"><b>The battle crashed</b><br />You can keep playing but it might crash again.</div>
|html|<div class="broadcast-red"><b>The battle crashed</b><br />You can keep playing but it might crash again.</div>

TypeError: Cannot read property 'isActive' of null
    at Tools.Battle.makeRequest (/Users/clazinasteunenberg/Downloads/Test/battle-engine.js:1943:15)
    at process.BattlePokemon.side (/Users/clazinasteunenberg/Downloads/Test/battle-engine.js:157:13)
    at process.EventEmitter.emit (events.js:98:17)
    at handleMessage (child_process.js:318:10)
    at Pipe.channel.onread (child_process.js:345:11)

TypeError: Cannot use 'in' operator to search for 'Rule:potd' in undefined
    at Tools.exports.BattleScripts.randomTeam (/Users/clazinasteunenberg/Downloads/Test/data/scripts.js:1482:38)
    at Tools.exports.BattleScripts.getTeam (/Users/clazinasteunenberg/Downloads/Test/data/scripts.js:494:16)
    at new BattleSide (/Users/clazinasteunenberg/Downloads/Test/battle-engine.js:1096:27)
    at Tools.Battle.join (/Users/clazinasteunenberg/Downloads/Test/battle-engine.js:3333:15)
    at Tools.Battle.receive (/Users/clazinasteunenberg/Downloads/Test/battle-engine.js:3390:9)
    at process.BattlePokemon.side (/Users/clazinasteunenberg/Downloads/Test/battle-engine.js:143:12)
    at process.EventEmitter.emit (events.js:98:17)
    at handleMessage (child_process.js:318:10)
    at Pipe.channel.onread (child_process.js:345:11)

Additional information:
message = battle-randombattle-478|join|p1|E4 GhostKiller|165
currentRequest = 

Log:
|html|<div class="broadcast-red"><b>The battle crashed</b><br />You can keep playing but it might crash again.</div>
|html|<div class="broadcast-red"><b>The battle crashed</b><br />You can keep playing but it might crash again.</div>
|html|<div class="broadcast-red"><b>The battle crashed</b><br />You can keep playing but it might crash again.</div>
|html|<div class="broadcast-red"><b>The battle crashed</b><br />You can keep playing but it might crash again.</div>
|html|<div class="broadcast-red"><b>The battle crashed</b><br />You can keep playing but it might crash again.</div>
|html|<div class="broadcast-red"><b>The battle crashed</b><br />You can keep playing but it might crash again.</div>
|html|<div class="broadcast-red"><b>The battle crashed</b><br />You can keep playing but it might crash again.</div>
|html|<div class="broadcast-red"><b>The battle crashed</b><br />You can keep playing but it might crash again.</div>
|html|<div class="broadcast-red"><b>The battle crashed</b><br />You can keep playing but it might crash again.</div>
|html|<div class="broadcast-red"><b>The battle crashed</b><br />You can keep playing but it might crash again.</div>
|html|<div class="broadcast-red"><b>The battle crashed</b><br />You can keep playing but it might crash again.</div>
|html|<div class="broadcast-red"><b>The battle crashed</b><br />You can keep playing but it might crash again.</div>
|html|<div class="broadcast-red"><b>The battle crashed</b><br />You can keep playing but it might crash again.</div>
|html|<div class="broadcast-red"><b>The battle crashed</b><br />You can keep playing but it might crash again.</div>
|html|<div class="broadcast-red"><b>The battle crashed</b><br />You can keep playing but it might crash again.</div>

TypeError: Cannot read property 'isActive' of null
    at Tools.Battle.makeRequest (/Users/clazinasteunenberg/Downloads/Test/battle-engine.js:1943:15)
    at process.BattlePokemon.side (/Users/clazinasteunenberg/Downloads/Test/battle-engine.js:157:13)
    at process.EventEmitter.emit (events.js:98:17)
    at handleMessage (child_process.js:318:10)
    at Pipe.channel.onread (child_process.js:345:11)

TypeError: Cannot use 'in' operator to search for 'Rule:potd' in undefined
    at Tools.exports.BattleScripts.randomTeam (/Users/clazinasteunenberg/Downloads/Test/data/scripts.js:1482:38)
    at Tools.exports.BattleScripts.getTeam (/Users/clazinasteunenberg/Downloads/Test/data/scripts.js:494:16)
    at new BattleSide (/Users/clazinasteunenberg/Downloads/Test/battle-engine.js:1096:27)
    at Tools.Battle.join (/Users/clazinasteunenberg/Downloads/Test/battle-engine.js:3333:15)
    at Tools.Battle.receive (/Users/clazinasteunenberg/Downloads/Test/battle-engine.js:3390:9)
    at process.BattlePokemon.side (/Users/clazinasteunenberg/Downloads/Test/battle-engine.js:143:12)
    at process.EventEmitter.emit (events.js:98:17)
    at handleMessage (child_process.js:318:10)
    at Pipe.channel.onread (child_process.js:345:11)

Additional information:
message = battle-randombattle-478|join|p1|E4 GhostKiller|165
currentRequest = 

Log:
|html|<div class="broadcast-red"><b>The battle crashed</b><br />You can keep playing but it might crash again.</div>
|html|<div class="broadcast-red"><b>The battle crashed</b><br />You can keep playing but it might crash again.</div>
|html|<div class="broadcast-red"><b>The battle crashed</b><br />You can keep playing but it might crash again.</div>
|html|<div class="broadcast-red"><b>The battle crashed</b><br />You can keep playing but it might crash again.</div>
|html|<div class="broadcast-red"><b>The battle crashed</b><br />You can keep playing but it might crash again.</div>
|html|<div class="broadcast-red"><b>The battle crashed</b><br />You can keep playing but it might crash again.</div>
|html|<div class="broadcast-red"><b>The battle crashed</b><br />You can keep playing but it might crash again.</div>
|html|<div class="broadcast-red"><b>The battle crashed</b><br />You can keep playing but it might crash again.</div>
|html|<div class="broadcast-red"><b>The battle crashed</b><br />You can keep playing but it might crash again.</div>
|html|<div class="broadcast-red"><b>The battle crashed</b><br />You can keep playing but it might crash again.</div>
|html|<div class="broadcast-red"><b>The battle crashed</b><br />You can keep playing but it might crash again.</div>
|html|<div class="broadcast-red"><b>The battle crashed</b><br />You can keep playing but it might crash again.</div>
|html|<div class="broadcast-red"><b>The battle crashed</b><br />You can keep playing but it might crash again.</div>
|html|<div class="broadcast-red"><b>The battle crashed</b><br />You can keep playing but it might crash again.</div>
|html|<div class="broadcast-red"><b>The battle crashed</b><br />You can keep playing but it might crash again.</div>
|html|<div class="broadcast-red"><b>The battle crashed</b><br />You can keep playing but it might crash again.</div>

TypeError: Cannot read property 'isActive' of null
    at Tools.Battle.makeRequest (/Users/clazinasteunenberg/Downloads/Test/battle-engine.js:1943:15)
    at process.BattlePokemon.side (/Users/clazinasteunenberg/Downloads/Test/battle-engine.js:157:13)
    at process.EventEmitter.emit (events.js:98:17)
    at handleMessage (child_process.js:318:10)
    at Pipe.channel.onread (child_process.js:345:11)

TypeError: Cannot use 'in' operator to search for 'Rule:potd' in undefined
    at Tools.exports.BattleScripts.randomTeam (/Users/clazinasteunenberg/Downloads/Test/data/scripts.js:1482:38)
    at Tools.exports.BattleScripts.getTeam (/Users/clazinasteunenberg/Downloads/Test/data/scripts.js:494:16)
    at new BattleSide (/Users/clazinasteunenberg/Downloads/Test/battle-engine.js:1096:27)
    at Tools.Battle.join (/Users/clazinasteunenberg/Downloads/Test/battle-engine.js:3333:15)
    at Tools.Battle.receive (/Users/clazinasteunenberg/Downloads/Test/battle-engine.js:3390:9)
    at process.BattlePokemon.side (/Users/clazinasteunenberg/Downloads/Test/battle-engine.js:143:12)
    at process.EventEmitter.emit (events.js:98:17)
    at handleMessage (child_process.js:318:10)
    at Pipe.channel.onread (child_process.js:345:11)

Additional information:
message = battle-randombattle-478|join|p1|E4 GhostKiller|165
currentRequest = 

Log:
|html|<div class="broadcast-red"><b>The battle crashed</b><br />You can keep playing but it might crash again.</div>
|html|<div class="broadcast-red"><b>The battle crashed</b><br />You can keep playing but it might crash again.</div>
|html|<div class="broadcast-red"><b>The battle crashed</b><br />You can keep playing but it might crash again.</div>
|html|<div class="broadcast-red"><b>The battle crashed</b><br />You can keep playing but it might crash again.</div>
|html|<div class="broadcast-red"><b>The battle crashed</b><br />You can keep playing but it might crash again.</div>
|html|<div class="broadcast-red"><b>The battle crashed</b><br />You can keep playing but it might crash again.</div>
|html|<div class="broadcast-red"><b>The battle crashed</b><br />You can keep playing but it might crash again.</div>
|html|<div class="broadcast-red"><b>The battle crashed</b><br />You can keep playing but it might crash again.</div>
|html|<div class="broadcast-red"><b>The battle crashed</b><br />You can keep playing but it might crash again.</div>
|html|<div class="broadcast-red"><b>The battle crashed</b><br />You can keep playing but it might crash again.</div>
|html|<div class="broadcast-red"><b>The battle crashed</b><br />You can keep playing but it might crash again.</div>
|html|<div class="broadcast-red"><b>The battle crashed</b><br />You can keep playing but it might crash again.</div>
|html|<div class="broadcast-red"><b>The battle crashed</b><br />You can keep playing but it might crash again.</div>
|html|<div class="broadcast-red"><b>The battle crashed</b><br />You can keep playing but it might crash again.</div>
|html|<div class="broadcast-red"><b>The battle crashed</b><br />You can keep playing but it might crash again.</div>
|html|<div class="broadcast-red"><b>The battle crashed</b><br />You can keep playing but it might crash again.</div>
|html|<div class="broadcast-red"><b>The battle crashed</b><br />You can keep playing but it might crash again.</div>

TypeError: Cannot read property 'isActive' of null
    at Tools.Battle.makeRequest (/Users/clazinasteunenberg/Downloads/Test/battle-engine.js:1943:15)
    at process.BattlePokemon.side (/Users/clazinasteunenberg/Downloads/Test/battle-engine.js:157:13)
    at process.EventEmitter.emit (events.js:98:17)
    at handleMessage (child_process.js:318:10)
    at Pipe.channel.onread (child_process.js:345:11)

TypeError: Cannot use 'in' operator to search for 'Rule:potd' in undefined
    at Tools.exports.BattleScripts.randomTeam (/Users/clazinasteunenberg/Downloads/Test/data/scripts.js:1482:38)
    at Tools.exports.BattleScripts.getTeam (/Users/clazinasteunenberg/Downloads/Test/data/scripts.js:494:16)
    at new BattleSide (/Users/clazinasteunenberg/Downloads/Test/battle-engine.js:1096:27)
    at Tools.Battle.join (/Users/clazinasteunenberg/Downloads/Test/battle-engine.js:3333:15)
    at Tools.Battle.receive (/Users/clazinasteunenberg/Downloads/Test/battle-engine.js:3390:9)
    at process.BattlePokemon.side (/Users/clazinasteunenberg/Downloads/Test/battle-engine.js:143:12)
    at process.EventEmitter.emit (events.js:98:17)
    at handleMessage (child_process.js:318:10)
    at Pipe.channel.onread (child_process.js:345:11)

Additional information:
message = battle-randombattle-478|join|p1|E4 GhostKiller|165
currentRequest = 

Log:
|html|<div class="broadcast-red"><b>The battle crashed</b><br />You can keep playing but it might crash again.</div>
|html|<div class="broadcast-red"><b>The battle crashed</b><br />You can keep playing but it might crash again.</div>
|html|<div class="broadcast-red"><b>The battle crashed</b><br />You can keep playing but it might crash again.</div>
|html|<div class="broadcast-red"><b>The battle crashed</b><br />You can keep playing but it might crash again.</div>
|html|<div class="broadcast-red"><b>The battle crashed</b><br />You can keep playing but it might crash again.</div>
|html|<div class="broadcast-red"><b>The battle crashed</b><br />You can keep playing but it might crash again.</div>
|html|<div class="broadcast-red"><b>The battle crashed</b><br />You can keep playing but it might crash again.</div>
|html|<div class="broadcast-red"><b>The battle crashed</b><br />You can keep playing but it might crash again.</div>
|html|<div class="broadcast-red"><b>The battle crashed</b><br />You can keep playing but it might crash again.</div>
|html|<div class="broadcast-red"><b>The battle crashed</b><br />You can keep playing but it might crash again.</div>
|html|<div class="broadcast-red"><b>The battle crashed</b><br />You can keep playing but it might crash again.</div>
|html|<div class="broadcast-red"><b>The battle crashed</b><br />You can keep playing but it might crash again.</div>
|html|<div class="broadcast-red"><b>The battle crashed</b><br />You can keep playing but it might crash again.</div>
|html|<div class="broadcast-red"><b>The battle crashed</b><br />You can keep playing but it might crash again.</div>
|html|<div class="broadcast-red"><b>The battle crashed</b><br />You can keep playing but it might crash again.</div>
|html|<div class="broadcast-red"><b>The battle crashed</b><br />You can keep playing but it might crash again.</div>
|html|<div class="broadcast-red"><b>The battle crashed</b><br />You can keep playing but it might crash again.</div>
|html|<div class="broadcast-red"><b>The battle crashed</b><br />You can keep playing but it might crash again.</div>

TypeError: Cannot read property 'isActive' of null
    at Tools.Battle.makeRequest (/Users/clazinasteunenberg/Downloads/Test/battle-engine.js:1943:15)
    at process.BattlePokemon.side (/Users/clazinasteunenberg/Downloads/Test/battle-engine.js:157:13)
    at process.EventEmitter.emit (events.js:98:17)
    at handleMessage (child_process.js:318:10)
    at Pipe.channel.onread (child_process.js:345:11)

TypeError: Cannot use 'in' operator to search for 'Rule:potd' in undefined
    at Tools.exports.BattleScripts.randomTeam (/Users/clazinasteunenberg/Downloads/Test/data/scripts.js:1482:38)
    at Tools.exports.BattleScripts.getTeam (/Users/clazinasteunenberg/Downloads/Test/data/scripts.js:494:16)
    at new BattleSide (/Users/clazinasteunenberg/Downloads/Test/battle-engine.js:1096:27)
    at Tools.Battle.join (/Users/clazinasteunenberg/Downloads/Test/battle-engine.js:3333:15)
    at Tools.Battle.receive (/Users/clazinasteunenberg/Downloads/Test/battle-engine.js:3390:9)
    at process.BattlePokemon.side (/Users/clazinasteunenberg/Downloads/Test/battle-engine.js:143:12)
    at process.EventEmitter.emit (events.js:98:17)
    at handleMessage (child_process.js:318:10)
    at Pipe.channel.onread (child_process.js:345:11)

Additional information:
message = battle-randombattle-478|join|p1|E4 GhostKiller|165
currentRequest = 

Log:
|html|<div class="broadcast-red"><b>The battle crashed</b><br />You can keep playing but it might crash again.</div>
|html|<div class="broadcast-red"><b>The battle crashed</b><br />You can keep playing but it might crash again.</div>
|html|<div class="broadcast-red"><b>The battle crashed</b><br />You can keep playing but it might crash again.</div>
|html|<div class="broadcast-red"><b>The battle crashed</b><br />You can keep playing but it might crash again.</div>
|html|<div class="broadcast-red"><b>The battle crashed</b><br />You can keep playing but it might crash again.</div>
|html|<div class="broadcast-red"><b>The battle crashed</b><br />You can keep playing but it might crash again.</div>
|html|<div class="broadcast-red"><b>The battle crashed</b><br />You can keep playing but it might crash again.</div>
|html|<div class="broadcast-red"><b>The battle crashed</b><br />You can keep playing but it might crash again.</div>
|html|<div class="broadcast-red"><b>The battle crashed</b><br />You can keep playing but it might crash again.</div>
|html|<div class="broadcast-red"><b>The battle crashed</b><br />You can keep playing but it might crash again.</div>
|html|<div class="broadcast-red"><b>The battle crashed</b><br />You can keep playing but it might crash again.</div>
|html|<div class="broadcast-red"><b>The battle crashed</b><br />You can keep playing but it might crash again.</div>
|html|<div class="broadcast-red"><b>The battle crashed</b><br />You can keep playing but it might crash again.</div>
|html|<div class="broadcast-red"><b>The battle crashed</b><br />You can keep playing but it might crash again.</div>
|html|<div class="broadcast-red"><b>The battle crashed</b><br />You can keep playing but it might crash again.</div>
|html|<div class="broadcast-red"><b>The battle crashed</b><br />You can keep playing but it might crash again.</div>
|html|<div class="broadcast-red"><b>The battle crashed</b><br />You can keep playing but it might crash again.</div>
|html|<div class="broadcast-red"><b>The battle crashed</b><br />You can keep playing but it might crash again.</div>
|html|<div class="broadcast-red"><b>The battle crashed</b><br />You can keep playing but it might crash again.</div>

TypeError: Cannot read property 'isActive' of null
    at Tools.Battle.makeRequest (/Users/clazinasteunenberg/Downloads/Test/battle-engine.js:1943:15)
    at process.BattlePokemon.side (/Users/clazinasteunenberg/Downloads/Test/battle-engine.js:157:13)
    at process.EventEmitter.emit (events.js:98:17)
    at handleMessage (child_process.js:318:10)
    at Pipe.channel.onread (child_process.js:345:11)

TypeError: Cannot use 'in' operator to search for 'Rule:potd' in undefined
    at Tools.exports.BattleScripts.randomTeam (/Users/clazinasteunenberg/Downloads/Test/data/scripts.js:1482:38)
    at Tools.exports.BattleScripts.getTeam (/Users/clazinasteunenberg/Downloads/Test/data/scripts.js:494:16)
    at new BattleSide (/Users/clazinasteunenberg/Downloads/Test/battle-engine.js:1096:27)
    at Tools.Battle.join (/Users/clazinasteunenberg/Downloads/Test/battle-engine.js:3333:15)
    at Tools.Battle.receive (/Users/clazinasteunenberg/Downloads/Test/battle-engine.js:3390:9)
    at process.BattlePokemon.side (/Users/clazinasteunenberg/Downloads/Test/battle-engine.js:143:12)
    at process.EventEmitter.emit (events.js:98:17)
    at handleMessage (child_process.js:318:10)
    at Pipe.channel.onread (child_process.js:345:11)

Additional information:
message = battle-randombattle-478|join|p1|E4 GhostKiller|165
currentRequest = 

Log:
|html|<div class="broadcast-red"><b>The battle crashed</b><br />You can keep playing but it might crash again.</div>
|html|<div class="broadcast-red"><b>The battle crashed</b><br />You can keep playing but it might crash again.</div>
|html|<div class="broadcast-red"><b>The battle crashed</b><br />You can keep playing but it might crash again.</div>
|html|<div class="broadcast-red"><b>The battle crashed</b><br />You can keep playing but it might crash again.</div>
|html|<div class="broadcast-red"><b>The battle crashed</b><br />You can keep playing but it might crash again.</div>
|html|<div class="broadcast-red"><b>The battle crashed</b><br />You can keep playing but it might crash again.</div>
|html|<div class="broadcast-red"><b>The battle crashed</b><br />You can keep playing but it might crash again.</div>
|html|<div class="broadcast-red"><b>The battle crashed</b><br />You can keep playing but it might crash again.</div>
|html|<div class="broadcast-red"><b>The battle crashed</b><br />You can keep playing but it might crash again.</div>
|html|<div class="broadcast-red"><b>The battle crashed</b><br />You can keep playing but it might crash again.</div>
|html|<div class="broadcast-red"><b>The battle crashed</b><br />You can keep playing but it might crash again.</div>
|html|<div class="broadcast-red"><b>The battle crashed</b><br />You can keep playing but it might crash again.</div>
|html|<div class="broadcast-red"><b>The battle crashed</b><br />You can keep playing but it might crash again.</div>
|html|<div class="broadcast-red"><b>The battle crashed</b><br />You can keep playing but it might crash again.</div>
|html|<div class="broadcast-red"><b>The battle crashed</b><br />You can keep playing but it might crash again.</div>
|html|<div class="broadcast-red"><b>The battle crashed</b><br />You can keep playing but it might crash again.</div>
|html|<div class="broadcast-red"><b>The battle crashed</b><br />You can keep playing but it might crash again.</div>
|html|<div class="broadcast-red"><b>The battle crashed</b><br />You can keep playing but it might crash again.</div>
|html|<div class="broadcast-red"><b>The battle crashed</b><br />You can keep playing but it might crash again.</div>
|html|<div class="broadcast-red"><b>The battle crashed</b><br />You can keep playing but it might crash again.</div>

TypeError: Cannot read property 'isActive' of null
    at Tools.Battle.makeRequest (/Users/clazinasteunenberg/Downloads/Test/battle-engine.js:1943:15)
    at process.BattlePokemon.side (/Users/clazinasteunenberg/Downloads/Test/battle-engine.js:157:13)
    at process.EventEmitter.emit (events.js:98:17)
    at handleMessage (child_process.js:318:10)
    at Pipe.channel.onread (child_process.js:345:11)

TypeError: Cannot use 'in' operator to search for 'Rule:potd' in undefined
    at Tools.exports.BattleScripts.randomTeam (/Users/clazinasteunenberg/Downloads/Test/data/scripts.js:1482:38)
    at Tools.exports.BattleScripts.getTeam (/Users/clazinasteunenberg/Downloads/Test/data/scripts.js:494:16)
    at new BattleSide (/Users/clazinasteunenberg/Downloads/Test/battle-engine.js:1096:27)
    at Tools.Battle.join (/Users/clazinasteunenberg/Downloads/Test/battle-engine.js:3333:15)
    at Tools.Battle.receive (/Users/clazinasteunenberg/Downloads/Test/battle-engine.js:3390:9)
    at process.BattlePokemon.side (/Users/clazinasteunenberg/Downloads/Test/battle-engine.js:143:12)
    at process.EventEmitter.emit (events.js:98:17)
    at handleMessage (child_process.js:318:10)
    at Pipe.channel.onread (child_process.js:345:11)

Additional information:
message = battle-randombattle-478|join|p1|E4 GhostKiller|165
currentRequest = 

Log:
|html|<div class="broadcast-red"><b>The battle crashed</b><br />You can keep playing but it might crash again.</div>
|html|<div class="broadcast-red"><b>The battle crashed</b><br />You can keep playing but it might crash again.</div>
|html|<div class="broadcast-red"><b>The battle crashed</b><br />You can keep playing but it might crash again.</div>
|html|<div class="broadcast-red"><b>The battle crashed</b><br />You can keep playing but it might crash again.</div>
|html|<div class="broadcast-red"><b>The battle crashed</b><br />You can keep playing but it might crash again.</div>
|html|<div class="broadcast-red"><b>The battle crashed</b><br />You can keep playing but it might crash again.</div>
|html|<div class="broadcast-red"><b>The battle crashed</b><br />You can keep playing but it might crash again.</div>
|html|<div class="broadcast-red"><b>The battle crashed</b><br />You can keep playing but it might crash again.</div>
|html|<div class="broadcast-red"><b>The battle crashed</b><br />You can keep playing but it might crash again.</div>
|html|<div class="broadcast-red"><b>The battle crashed</b><br />You can keep playing but it might crash again.</div>
|html|<div class="broadcast-red"><b>The battle crashed</b><br />You can keep playing but it might crash again.</div>
|html|<div class="broadcast-red"><b>The battle crashed</b><br />You can keep playing but it might crash again.</div>
|html|<div class="broadcast-red"><b>The battle crashed</b><br />You can keep playing but it might crash again.</div>
|html|<div class="broadcast-red"><b>The battle crashed</b><br />You can keep playing but it might crash again.</div>
|html|<div class="broadcast-red"><b>The battle crashed</b><br />You can keep playing but it might crash again.</div>
|html|<div class="broadcast-red"><b>The battle crashed</b><br />You can keep playing but it might crash again.</div>
|html|<div class="broadcast-red"><b>The battle crashed</b><br />You can keep playing but it might crash again.</div>
|html|<div class="broadcast-red"><b>The battle crashed</b><br />You can keep playing but it might crash again.</div>
|html|<div class="broadcast-red"><b>The battle crashed</b><br />You can keep playing but it might crash again.</div>
|html|<div class="broadcast-red"><b>The battle crashed</b><br />You can keep playing but it might crash again.</div>
|html|<div class="broadcast-red"><b>The battle crashed</b><br />You can keep playing but it might crash again.</div>

TypeError: Cannot read property 'isActive' of null
    at Tools.Battle.makeRequest (/Users/clazinasteunenberg/Downloads/Test/battle-engine.js:1943:15)
    at process.BattlePokemon.side (/Users/clazinasteunenberg/Downloads/Test/battle-engine.js:157:13)
    at process.EventEmitter.emit (events.js:98:17)
    at handleMessage (child_process.js:318:10)
    at Pipe.channel.onread (child_process.js:345:11)

TypeError: Cannot use 'in' operator to search for 'Rule:potd' in undefined
    at Tools.exports.BattleScripts.randomTeam (/Users/clazinasteunenberg/Downloads/Test/data/scripts.js:1482:38)
    at Tools.exports.BattleScripts.getTeam (/Users/clazinasteunenberg/Downloads/Test/data/scripts.js:494:16)
    at new BattleSide (/Users/clazinasteunenberg/Downloads/Test/battle-engine.js:1096:27)
    at Tools.Battle.join (/Users/clazinasteunenberg/Downloads/Test/battle-engine.js:3333:15)
    at Tools.Battle.receive (/Users/clazinasteunenberg/Downloads/Test/battle-engine.js:3390:9)
    at process.BattlePokemon.side (/Users/clazinasteunenberg/Downloads/Test/battle-engine.js:143:12)
    at process.EventEmitter.emit (events.js:98:17)
    at handleMessage (child_process.js:318:10)
    at Pipe.channel.onread (child_process.js:345:11)

Additional information:
message = battle-randombattle-478|join|p1|E4 GhostKiller|165
currentRequest = 

Log:
|html|<div class="broadcast-red"><b>The battle crashed</b><br />You can keep playing but it might crash again.</div>
|html|<div class="broadcast-red"><b>The battle crashed</b><br />You can keep playing but it might crash again.</div>
|html|<div class="broadcast-red"><b>The battle crashed</b><br />You can keep playing but it might crash again.</div>
|html|<div class="broadcast-red"><b>The battle crashed</b><br />You can keep playing but it might crash again.</div>
|html|<div class="broadcast-red"><b>The battle crashed</b><br />You can keep playing but it might crash again.</div>
|html|<div class="broadcast-red"><b>The battle crashed</b><br />You can keep playing but it might crash again.</div>
|html|<div class="broadcast-red"><b>The battle crashed</b><br />You can keep playing but it might crash again.</div>
|html|<div class="broadcast-red"><b>The battle crashed</b><br />You can keep playing but it might crash again.</div>
|html|<div class="broadcast-red"><b>The battle crashed</b><br />You can keep playing but it might crash again.</div>
|html|<div class="broadcast-red"><b>The battle crashed</b><br />You can keep playing but it might crash again.</div>
|html|<div class="broadcast-red"><b>The battle crashed</b><br />You can keep playing but it might crash again.</div>
|html|<div class="broadcast-red"><b>The battle crashed</b><br />You can keep playing but it might crash again.</div>
|html|<div class="broadcast-red"><b>The battle crashed</b><br />You can keep playing but it might crash again.</div>
|html|<div class="broadcast-red"><b>The battle crashed</b><br />You can keep playing but it might crash again.</div>
|html|<div class="broadcast-red"><b>The battle crashed</b><br />You can keep playing but it might crash again.</div>
|html|<div class="broadcast-red"><b>The battle crashed</b><br />You can keep playing but it might crash again.</div>
|html|<div class="broadcast-red"><b>The battle crashed</b><br />You can keep playing but it might crash again.</div>
|html|<div class="broadcast-red"><b>The battle crashed</b><br />You can keep playing but it might crash again.</div>
|html|<div class="broadcast-red"><b>The battle crashed</b><br />You can keep playing but it might crash again.</div>
|html|<div class="broadcast-red"><b>The battle crashed</b><br />You can keep playing but it might crash again.</div>
|html|<div class="broadcast-red"><b>The battle crashed</b><br />You can keep playing but it might crash again.</div>
|html|<div class="broadcast-red"><b>The battle crashed</b><br />You can keep playing but it might crash again.</div>

TypeError: Cannot read property 'isActive' of null
    at Tools.Battle.makeRequest (/Users/clazinasteunenberg/Downloads/Test/battle-engine.js:1943:15)
    at process.BattlePokemon.side (/Users/clazinasteunenberg/Downloads/Test/battle-engine.js:157:13)
    at process.EventEmitter.emit (events.js:98:17)
    at handleMessage (child_process.js:318:10)
    at Pipe.channel.onread (child_process.js:345:11)

TypeError: Cannot use 'in' operator to search for 'Rule:potd' in undefined
    at Tools.exports.BattleScripts.randomTeam (/Users/clazinasteunenberg/Downloads/Test/data/scripts.js:1482:38)
    at Tools.exports.BattleScripts.getTeam (/Users/clazinasteunenberg/Downloads/Test/data/scripts.js:494:16)
    at new BattleSide (/Users/clazinasteunenberg/Downloads/Test/battle-engine.js:1096:27)
    at Tools.Battle.join (/Users/clazinasteunenberg/Downloads/Test/battle-engine.js:3333:15)
    at Tools.Battle.receive (/Users/clazinasteunenberg/Downloads/Test/battle-engine.js:3390:9)
    at process.BattlePokemon.side (/Users/clazinasteunenberg/Downloads/Test/battle-engine.js:143:12)
    at process.EventEmitter.emit (events.js:98:17)
    at handleMessage (child_process.js:318:10)
    at Pipe.channel.onread (child_process.js:345:11)

Additional information:
message = battle-randombattle-478|join|p1|E4 GhostKiller|165
currentRequest = 

Log:
|html|<div class="broadcast-red"><b>The battle crashed</b><br />You can keep playing but it might crash again.</div>
|html|<div class="broadcast-red"><b>The battle crashed</b><br />You can keep playing but it might crash again.</div>
|html|<div class="broadcast-red"><b>The battle crashed</b><br />You can keep playing but it might crash again.</div>
|html|<div class="broadcast-red"><b>The battle crashed</b><br />You can keep playing but it might crash again.</div>
|html|<div class="broadcast-red"><b>The battle crashed</b><br />You can keep playing but it might crash again.</div>
|html|<div class="broadcast-red"><b>The battle crashed</b><br />You can keep playing but it might crash again.</div>
|html|<div class="broadcast-red"><b>The battle crashed</b><br />You can keep playing but it might crash again.</div>
|html|<div class="broadcast-red"><b>The battle crashed</b><br />You can keep playing but it might crash again.</div>
|html|<div class="broadcast-red"><b>The battle crashed</b><br />You can keep playing but it might crash again.</div>
|html|<div class="broadcast-red"><b>The battle crashed</b><br />You can keep playing but it might crash again.</div>
|html|<div class="broadcast-red"><b>The battle crashed</b><br />You can keep playing but it might crash again.</div>
|html|<div class="broadcast-red"><b>The battle crashed</b><br />You can keep playing but it might crash again.</div>
|html|<div class="broadcast-red"><b>The battle crashed</b><br />You can keep playing but it might crash again.</div>
|html|<div class="broadcast-red"><b>The battle crashed</b><br />You can keep playing but it might crash again.</div>
|html|<div class="broadcast-red"><b>The battle crashed</b><br />You can keep playing but it might crash again.</div>
|html|<div class="broadcast-red"><b>The battle crashed</b><br />You can keep playing but it might crash again.</div>
|html|<div class="broadcast-red"><b>The battle crashed</b><br />You can keep playing but it might crash again.</div>
|html|<div class="broadcast-red"><b>The battle crashed</b><br />You can keep playing but it might crash again.</div>
|html|<div class="broadcast-red"><b>The battle crashed</b><br />You can keep playing but it might crash again.</div>
|html|<div class="broadcast-red"><b>The battle crashed</b><br />You can keep playing but it might crash again.</div>
|html|<div class="broadcast-red"><b>The battle crashed</b><br />You can keep playing but it might crash again.</div>
|html|<div class="broadcast-red"><b>The battle crashed</b><br />You can keep playing but it might crash again.</div>
|html|<div class="broadcast-red"><b>The battle crashed</b><br />You can keep playing but it might crash again.</div>

TypeError: Cannot read property 'isActive' of null
    at Tools.Battle.makeRequest (/Users/clazinasteunenberg/Downloads/Test/battle-engine.js:1943:15)
    at process.BattlePokemon.side (/Users/clazinasteunenberg/Downloads/Test/battle-engine.js:157:13)
    at process.EventEmitter.emit (events.js:98:17)
    at handleMessage (child_process.js:318:10)
    at Pipe.channel.onread (child_process.js:345:11)

TypeError: Cannot use 'in' operator to search for 'Rule:potd' in undefined
    at Tools.exports.BattleScripts.randomTeam (/Users/clazinasteunenberg/Downloads/Test/data/scripts.js:1482:38)
    at Tools.exports.BattleScripts.getTeam (/Users/clazinasteunenberg/Downloads/Test/data/scripts.js:494:16)
    at new BattleSide (/Users/clazinasteunenberg/Downloads/Test/battle-engine.js:1096:27)
    at Tools.Battle.join (/Users/clazinasteunenberg/Downloads/Test/battle-engine.js:3333:15)
    at Tools.Battle.receive (/Users/clazinasteunenberg/Downloads/Test/battle-engine.js:3390:9)
    at process.BattlePokemon.side (/Users/clazinasteunenberg/Downloads/Test/battle-engine.js:143:12)
    at process.EventEmitter.emit (events.js:98:17)
    at handleMessage (child_process.js:318:10)
    at Pipe.channel.onread (child_process.js:345:11)

Additional information:
message = battle-randombattle-478|join|p1|E4 GhostKiller|165
currentRequest = 

Log:
|html|<div class="broadcast-red"><b>The battle crashed</b><br />You can keep playing but it might crash again.</div>
|html|<div class="broadcast-red"><b>The battle crashed</b><br />You can keep playing but it might crash again.</div>
|html|<div class="broadcast-red"><b>The battle crashed</b><br />You can keep playing but it might crash again.</div>
|html|<div class="broadcast-red"><b>The battle crashed</b><br />You can keep playing but it might crash again.</div>
|html|<div class="broadcast-red"><b>The battle crashed</b><br />You can keep playing but it might crash again.</div>
|html|<div class="broadcast-red"><b>The battle crashed</b><br />You can keep playing but it might crash again.</div>
|html|<div class="broadcast-red"><b>The battle crashed</b><br />You can keep playing but it might crash again.</div>
|html|<div class="broadcast-red"><b>The battle crashed</b><br />You can keep playing but it might crash again.</div>
|html|<div class="broadcast-red"><b>The battle crashed</b><br />You can keep playing but it might crash again.</div>
|html|<div class="broadcast-red"><b>The battle crashed</b><br />You can keep playing but it might crash again.</div>
|html|<div class="broadcast-red"><b>The battle crashed</b><br />You can keep playing but it might crash again.</div>
|html|<div class="broadcast-red"><b>The battle crashed</b><br />You can keep playing but it might crash again.</div>
|html|<div class="broadcast-red"><b>The battle crashed</b><br />You can keep playing but it might crash again.</div>
|html|<div class="broadcast-red"><b>The battle crashed</b><br />You can keep playing but it might crash again.</div>
|html|<div class="broadcast-red"><b>The battle crashed</b><br />You can keep playing but it might crash again.</div>
|html|<div class="broadcast-red"><b>The battle crashed</b><br />You can keep playing but it might crash again.</div>
|html|<div class="broadcast-red"><b>The battle crashed</b><br />You can keep playing but it might crash again.</div>
|html|<div class="broadcast-red"><b>The battle crashed</b><br />You can keep playing but it might crash again.</div>
|html|<div class="broadcast-red"><b>The battle crashed</b><br />You can keep playing but it might crash again.</div>
|html|<div class="broadcast-red"><b>The battle crashed</b><br />You can keep playing but it might crash again.</div>
|html|<div class="broadcast-red"><b>The battle crashed</b><br />You can keep playing but it might crash again.</div>
|html|<div class="broadcast-red"><b>The battle crashed</b><br />You can keep playing but it might crash again.</div>
|html|<div class="broadcast-red"><b>The battle crashed</b><br />You can keep playing but it might crash again.</div>
|html|<div class="broadcast-red"><b>The battle crashed</b><br />You can keep playing but it might crash again.</div>

TypeError: Cannot read property 'isActive' of null
    at Tools.Battle.makeRequest (/Users/clazinasteunenberg/Downloads/Test/battle-engine.js:1943:15)
    at process.BattlePokemon.side (/Users/clazinasteunenberg/Downloads/Test/battle-engine.js:157:13)
    at process.EventEmitter.emit (events.js:98:17)
    at handleMessage (child_process.js:318:10)
    at Pipe.channel.onread (child_process.js:345:11)

TypeError: Cannot use 'in' operator to search for 'Rule:potd' in undefined
    at Tools.exports.BattleScripts.randomTeam (/Users/clazinasteunenberg/Downloads/Test/data/scripts.js:1482:38)
    at Tools.exports.BattleScripts.getTeam (/Users/clazinasteunenberg/Downloads/Test/data/scripts.js:494:16)
    at new BattleSide (/Users/clazinasteunenberg/Downloads/Test/battle-engine.js:1096:27)
    at Tools.Battle.join (/Users/clazinasteunenberg/Downloads/Test/battle-engine.js:3333:15)
    at Tools.Battle.receive (/Users/clazinasteunenberg/Downloads/Test/battle-engine.js:3390:9)
    at process.BattlePokemon.side (/Users/clazinasteunenberg/Downloads/Test/battle-engine.js:143:12)
    at process.EventEmitter.emit (events.js:98:17)
    at handleMessage (child_process.js:318:10)
    at Pipe.channel.onread (child_process.js:345:11)

Additional information:
message = battle-randombattle-478|join|p1|E4 GhostKiller|165
currentRequest = 

Log:
|html|<div class="broadcast-red"><b>The battle crashed</b><br />You can keep playing but it might crash again.</div>
|html|<div class="broadcast-red"><b>The battle crashed</b><br />You can keep playing but it might crash again.</div>
|html|<div class="broadcast-red"><b>The battle crashed</b><br />You can keep playing but it might crash again.</div>
|html|<div class="broadcast-red"><b>The battle crashed</b><br />You can keep playing but it might crash again.</div>
|html|<div class="broadcast-red"><b>The battle crashed</b><br />You can keep playing but it might crash again.</div>
|html|<div class="broadcast-red"><b>The battle crashed</b><br />You can keep playing but it might crash again.</div>
|html|<div class="broadcast-red"><b>The battle crashed</b><br />You can keep playing but it might crash again.</div>
|html|<div class="broadcast-red"><b>The battle crashed</b><br />You can keep playing but it might crash again.</div>
|html|<div class="broadcast-red"><b>The battle crashed</b><br />You can keep playing but it might crash again.</div>
|html|<div class="broadcast-red"><b>The battle crashed</b><br />You can keep playing but it might crash again.</div>
|html|<div class="broadcast-red"><b>The battle crashed</b><br />You can keep playing but it might crash again.</div>
|html|<div class="broadcast-red"><b>The battle crashed</b><br />You can keep playing but it might crash again.</div>
|html|<div class="broadcast-red"><b>The battle crashed</b><br />You can keep playing but it might crash again.</div>
|html|<div class="broadcast-red"><b>The battle crashed</b><br />You can keep playing but it might crash again.</div>
|html|<div class="broadcast-red"><b>The battle crashed</b><br />You can keep playing but it might crash again.</div>
|html|<div class="broadcast-red"><b>The battle crashed</b><br />You can keep playing but it might crash again.</div>
|html|<div class="broadcast-red"><b>The battle crashed</b><br />You can keep playing but it might crash again.</div>
|html|<div class="broadcast-red"><b>The battle crashed</b><br />You can keep playing but it might crash again.</div>
|html|<div class="broadcast-red"><b>The battle crashed</b><br />You can keep playing but it might crash again.</div>
|html|<div class="broadcast-red"><b>The battle crashed</b><br />You can keep playing but it might crash again.</div>
|html|<div class="broadcast-red"><b>The battle crashed</b><br />You can keep playing but it might crash again.</div>
|html|<div class="broadcast-red"><b>The battle crashed</b><br />You can keep playing but it might crash again.</div>
|html|<div class="broadcast-red"><b>The battle crashed</b><br />You can keep playing but it might crash again.</div>
|html|<div class="broadcast-red"><b>The battle crashed</b><br />You can keep playing but it might crash again.</div>
|html|<div class="broadcast-red"><b>The battle crashed</b><br />You can keep playing but it might crash again.</div>

TypeError: Cannot read property 'isActive' of null
    at Tools.Battle.makeRequest (/Users/clazinasteunenberg/Downloads/Test/battle-engine.js:1943:15)
    at process.BattlePokemon.side (/Users/clazinasteunenberg/Downloads/Test/battle-engine.js:157:13)
    at process.EventEmitter.emit (events.js:98:17)
    at handleMessage (child_process.js:318:10)
    at Pipe.channel.onread (child_process.js:345:11)

TypeError: Cannot use 'in' operator to search for 'Rule:potd' in undefined
    at Tools.exports.BattleScripts.randomTeam (/Users/clazinasteunenberg/Downloads/Test/data/scripts.js:1482:38)
    at Tools.exports.BattleScripts.getTeam (/Users/clazinasteunenberg/Downloads/Test/data/scripts.js:494:16)
    at new BattleSide (/Users/clazinasteunenberg/Downloads/Test/battle-engine.js:1096:27)
    at Tools.Battle.join (/Users/clazinasteunenberg/Downloads/Test/battle-engine.js:3333:15)
    at Tools.Battle.receive (/Users/clazinasteunenberg/Downloads/Test/battle-engine.js:3390:9)
    at process.BattlePokemon.side (/Users/clazinasteunenberg/Downloads/Test/battle-engine.js:143:12)
    at process.EventEmitter.emit (events.js:98:17)
    at handleMessage (child_process.js:318:10)
    at Pipe.channel.onread (child_process.js:345:11)

Additional information:
message = battle-randombattle-478|join|p1|E4 GhostKiller|165
currentRequest = 

Log:
|html|<div class="broadcast-red"><b>The battle crashed</b><br />You can keep playing but it might crash again.</div>
|html|<div class="broadcast-red"><b>The battle crashed</b><br />You can keep playing but it might crash again.</div>
|html|<div class="broadcast-red"><b>The battle crashed</b><br />You can keep playing but it might crash again.</div>
|html|<div class="broadcast-red"><b>The battle crashed</b><br />You can keep playing but it might crash again.</div>
|html|<div class="broadcast-red"><b>The battle crashed</b><br />You can keep playing but it might crash again.</div>
|html|<div class="broadcast-red"><b>The battle crashed</b><br />You can keep playing but it might crash again.</div>
|html|<div class="broadcast-red"><b>The battle crashed</b><br />You can keep playing but it might crash again.</div>
|html|<div class="broadcast-red"><b>The battle crashed</b><br />You can keep playing but it might crash again.</div>
|html|<div class="broadcast-red"><b>The battle crashed</b><br />You can keep playing but it might crash again.</div>
|html|<div class="broadcast-red"><b>The battle crashed</b><br />You can keep playing but it might crash again.</div>
|html|<div class="broadcast-red"><b>The battle crashed</b><br />You can keep playing but it might crash again.</div>
|html|<div class="broadcast-red"><b>The battle crashed</b><br />You can keep playing but it might crash again.</div>
|html|<div class="broadcast-red"><b>The battle crashed</b><br />You can keep playing but it might crash again.</div>
|html|<div class="broadcast-red"><b>The battle crashed</b><br />You can keep playing but it might crash again.</div>
|html|<div class="broadcast-red"><b>The battle crashed</b><br />You can keep playing but it might crash again.</div>
|html|<div class="broadcast-red"><b>The battle crashed</b><br />You can keep playing but it might crash again.</div>
|html|<div class="broadcast-red"><b>The battle crashed</b><br />You can keep playing but it might crash again.</div>
|html|<div class="broadcast-red"><b>The battle crashed</b><br />You can keep playing but it might crash again.</div>
|html|<div class="broadcast-red"><b>The battle crashed</b><br />You can keep playing but it might crash again.</div>
|html|<div class="broadcast-red"><b>The battle crashed</b><br />You can keep playing but it might crash again.</div>
|html|<div class="broadcast-red"><b>The battle crashed</b><br />You can keep playing but it might crash again.</div>
|html|<div class="broadcast-red"><b>The battle crashed</b><br />You can keep playing but it might crash again.</div>
|html|<div class="broadcast-red"><b>The battle crashed</b><br />You can keep playing but it might crash again.</div>
|html|<div class="broadcast-red"><b>The battle crashed</b><br />You can keep playing but it might crash again.</div>
|html|<div class="broadcast-red"><b>The battle crashed</b><br />You can keep playing but it might crash again.</div>
|html|<div class="broadcast-red"><b>The battle crashed</b><br />You can keep playing but it might crash again.</div>

TypeError: Cannot read property 'isActive' of null
    at Tools.Battle.makeRequest (/Users/clazinasteunenberg/Downloads/Test/battle-engine.js:1943:15)
    at process.BattlePokemon.side (/Users/clazinasteunenberg/Downloads/Test/battle-engine.js:157:13)
    at process.EventEmitter.emit (events.js:98:17)
    at handleMessage (child_process.js:318:10)
    at Pipe.channel.onread (child_process.js:345:11)

TypeError: Cannot use 'in' operator to search for 'Rule:potd' in undefined
    at Tools.exports.BattleScripts.randomTeam (/Users/clazinasteunenberg/Downloads/Test/data/scripts.js:1482:38)
    at Tools.exports.BattleScripts.getTeam (/Users/clazinasteunenberg/Downloads/Test/data/scripts.js:494:16)
    at new BattleSide (/Users/clazinasteunenberg/Downloads/Test/battle-engine.js:1096:27)
    at Tools.Battle.join (/Users/clazinasteunenberg/Downloads/Test/battle-engine.js:3333:15)
    at Tools.Battle.receive (/Users/clazinasteunenberg/Downloads/Test/battle-engine.js:3390:9)
    at process.BattlePokemon.side (/Users/clazinasteunenberg/Downloads/Test/battle-engine.js:143:12)
    at process.EventEmitter.emit (events.js:98:17)
    at handleMessage (child_process.js:318:10)
    at Pipe.channel.onread (child_process.js:345:11)

Additional information:
message = battle-randombattle-478|join|p1|E4 GhostKiller|165
currentRequest = 

Log:
|html|<div class="broadcast-red"><b>The battle crashed</b><br />You can keep playing but it might crash again.</div>
|html|<div class="broadcast-red"><b>The battle crashed</b><br />You can keep playing but it might crash again.</div>
|html|<div class="broadcast-red"><b>The battle crashed</b><br />You can keep playing but it might crash again.</div>
|html|<div class="broadcast-red"><b>The battle crashed</b><br />You can keep playing but it might crash again.</div>
|html|<div class="broadcast-red"><b>The battle crashed</b><br />You can keep playing but it might crash again.</div>
|html|<div class="broadcast-red"><b>The battle crashed</b><br />You can keep playing but it might crash again.</div>
|html|<div class="broadcast-red"><b>The battle crashed</b><br />You can keep playing but it might crash again.</div>
|html|<div class="broadcast-red"><b>The battle crashed</b><br />You can keep playing but it might crash again.</div>
|html|<div class="broadcast-red"><b>The battle crashed</b><br />You can keep playing but it might crash again.</div>
|html|<div class="broadcast-red"><b>The battle crashed</b><br />You can keep playing but it might crash again.</div>
|html|<div class="broadcast-red"><b>The battle crashed</b><br />You can keep playing but it might crash again.</div>
|html|<div class="broadcast-red"><b>The battle crashed</b><br />You can keep playing but it might crash again.</div>
|html|<div class="broadcast-red"><b>The battle crashed</b><br />You can keep playing but it might crash again.</div>
|html|<div class="broadcast-red"><b>The battle crashed</b><br />You can keep playing but it might crash again.</div>
|html|<div class="broadcast-red"><b>The battle crashed</b><br />You can keep playing but it might crash again.</div>
|html|<div class="broadcast-red"><b>The battle crashed</b><br />You can keep playing but it might crash again.</div>
|html|<div class="broadcast-red"><b>The battle crashed</b><br />You can keep playing but it might crash again.</div>
|html|<div class="broadcast-red"><b>The battle crashed</b><br />You can keep playing but it might crash again.</div>
|html|<div class="broadcast-red"><b>The battle crashed</b><br />You can keep playing but it might crash again.</div>
|html|<div class="broadcast-red"><b>The battle crashed</b><br />You can keep playing but it might crash again.</div>
|html|<div class="broadcast-red"><b>The battle crashed</b><br />You can keep playing but it might crash again.</div>
|html|<div class="broadcast-red"><b>The battle crashed</b><br />You can keep playing but it might crash again.</div>
|html|<div class="broadcast-red"><b>The battle crashed</b><br />You can keep playing but it might crash again.</div>
|html|<div class="broadcast-red"><b>The battle crashed</b><br />You can keep playing but it might crash again.</div>
|html|<div class="broadcast-red"><b>The battle crashed</b><br />You can keep playing but it might crash again.</div>
|html|<div class="broadcast-red"><b>The battle crashed</b><br />You can keep playing but it might crash again.</div>
|html|<div class="broadcast-red"><b>The battle crashed</b><br />You can keep playing but it might crash again.</div>

TypeError: Cannot read property 'isActive' of null
    at Tools.Battle.makeRequest (/Users/clazinasteunenberg/Downloads/Test/battle-engine.js:1943:15)
    at process.BattlePokemon.side (/Users/clazinasteunenberg/Downloads/Test/battle-engine.js:157:13)
    at process.EventEmitter.emit (events.js:98:17)
    at handleMessage (child_process.js:318:10)
    at Pipe.channel.onread (child_process.js:345:11)

TypeError: Cannot use 'in' operator to search for 'Rule:potd' in undefined
    at Tools.exports.BattleScripts.randomTeam (/Users/clazinasteunenberg/Downloads/Test/data/scripts.js:1482:38)
    at Tools.exports.BattleScripts.getTeam (/Users/clazinasteunenberg/Downloads/Test/data/scripts.js:494:16)
    at new BattleSide (/Users/clazinasteunenberg/Downloads/Test/battle-engine.js:1096:27)
    at Tools.Battle.join (/Users/clazinasteunenberg/Downloads/Test/battle-engine.js:3333:15)
    at Tools.Battle.receive (/Users/clazinasteunenberg/Downloads/Test/battle-engine.js:3390:9)
    at process.BattlePokemon.side (/Users/clazinasteunenberg/Downloads/Test/battle-engine.js:143:12)
    at process.EventEmitter.emit (events.js:98:17)
    at handleMessage (child_process.js:318:10)
    at Pipe.channel.onread (child_process.js:345:11)

Additional information:
message = battle-randombattle-478|join|p1|E4 GhostKiller|165
currentRequest = 

Log:
|html|<div class="broadcast-red"><b>The battle crashed</b><br />You can keep playing but it might crash again.</div>
|html|<div class="broadcast-red"><b>The battle crashed</b><br />You can keep playing but it might crash again.</div>
|html|<div class="broadcast-red"><b>The battle crashed</b><br />You can keep playing but it might crash again.</div>
|html|<div class="broadcast-red"><b>The battle crashed</b><br />You can keep playing but it might crash again.</div>
|html|<div class="broadcast-red"><b>The battle crashed</b><br />You can keep playing but it might crash again.</div>
|html|<div class="broadcast-red"><b>The battle crashed</b><br />You can keep playing but it might crash again.</div>
|html|<div class="broadcast-red"><b>The battle crashed</b><br />You can keep playing but it might crash again.</div>
|html|<div class="broadcast-red"><b>The battle crashed</b><br />You can keep playing but it might crash again.</div>
|html|<div class="broadcast-red"><b>The battle crashed</b><br />You can keep playing but it might crash again.</div>
|html|<div class="broadcast-red"><b>The battle crashed</b><br />You can keep playing but it might crash again.</div>
|html|<div class="broadcast-red"><b>The battle crashed</b><br />You can keep playing but it might crash again.</div>
|html|<div class="broadcast-red"><b>The battle crashed</b><br />You can keep playing but it might crash again.</div>
|html|<div class="broadcast-red"><b>The battle crashed</b><br />You can keep playing but it might crash again.</div>
|html|<div class="broadcast-red"><b>The battle crashed</b><br />You can keep playing but it might crash again.</div>
|html|<div class="broadcast-red"><b>The battle crashed</b><br />You can keep playing but it might crash again.</div>
|html|<div class="broadcast-red"><b>The battle crashed</b><br />You can keep playing but it might crash again.</div>
|html|<div class="broadcast-red"><b>The battle crashed</b><br />You can keep playing but it might crash again.</div>
|html|<div class="broadcast-red"><b>The battle crashed</b><br />You can keep playing but it might crash again.</div>
|html|<div class="broadcast-red"><b>The battle crashed</b><br />You can keep playing but it might crash again.</div>
|html|<div class="broadcast-red"><b>The battle crashed</b><br />You can keep playing but it might crash again.</div>
|html|<div class="broadcast-red"><b>The battle crashed</b><br />You can keep playing but it might crash again.</div>
|html|<div class="broadcast-red"><b>The battle crashed</b><br />You can keep playing but it might crash again.</div>
|html|<div class="broadcast-red"><b>The battle crashed</b><br />You can keep playing but it might crash again.</div>
|html|<div class="broadcast-red"><b>The battle crashed</b><br />You can keep playing but it might crash again.</div>
|html|<div class="broadcast-red"><b>The battle crashed</b><br />You can keep playing but it might crash again.</div>
|html|<div class="broadcast-red"><b>The battle crashed</b><br />You can keep playing but it might crash again.</div>
|html|<div class="broadcast-red"><b>The battle crashed</b><br />You can keep playing but it might crash again.</div>
|html|<div class="broadcast-red"><b>The battle crashed</b><br />You can keep playing but it might crash again.</div>

TypeError: Cannot read property 'isActive' of null
    at Tools.Battle.makeRequest (/Users/clazinasteunenberg/Downloads/Test/battle-engine.js:1943:15)
    at process.BattlePokemon.side (/Users/clazinasteunenberg/Downloads/Test/battle-engine.js:157:13)
    at process.EventEmitter.emit (events.js:98:17)
    at handleMessage (child_process.js:318:10)
    at Pipe.channel.onread (child_process.js:345:11)

TypeError: Cannot use 'in' operator to search for 'Rule:potd' in undefined
    at Tools.exports.BattleScripts.randomTeam (/Users/clazinasteunenberg/Downloads/Test/data/scripts.js:1482:38)
    at Tools.exports.BattleScripts.getTeam (/Users/clazinasteunenberg/Downloads/Test/data/scripts.js:494:16)
    at new BattleSide (/Users/clazinasteunenberg/Downloads/Test/battle-engine.js:1096:27)
    at Tools.Battle.join (/Users/clazinasteunenberg/Downloads/Test/battle-engine.js:3333:15)
    at Tools.Battle.receive (/Users/clazinasteunenberg/Downloads/Test/battle-engine.js:3390:9)
    at process.BattlePokemon.side (/Users/clazinasteunenberg/Downloads/Test/battle-engine.js:143:12)
    at process.EventEmitter.emit (events.js:98:17)
    at handleMessage (child_process.js:318:10)
    at Pipe.channel.onread (child_process.js:345:11)

Additional information:
message = battle-randombattle-478|join|p1|E4 GhostKiller|165
currentRequest = 

Log:
|html|<div class="broadcast-red"><b>The battle crashed</b><br />You can keep playing but it might crash again.</div>
|html|<div class="broadcast-red"><b>The battle crashed</b><br />You can keep playing but it might crash again.</div>
|html|<div class="broadcast-red"><b>The battle crashed</b><br />You can keep playing but it might crash again.</div>
|html|<div class="broadcast-red"><b>The battle crashed</b><br />You can keep playing but it might crash again.</div>
|html|<div class="broadcast-red"><b>The battle crashed</b><br />You can keep playing but it might crash again.</div>
|html|<div class="broadcast-red"><b>The battle crashed</b><br />You can keep playing but it might crash again.</div>
|html|<div class="broadcast-red"><b>The battle crashed</b><br />You can keep playing but it might crash again.</div>
|html|<div class="broadcast-red"><b>The battle crashed</b><br />You can keep playing but it might crash again.</div>
|html|<div class="broadcast-red"><b>The battle crashed</b><br />You can keep playing but it might crash again.</div>
|html|<div class="broadcast-red"><b>The battle crashed</b><br />You can keep playing but it might crash again.</div>
|html|<div class="broadcast-red"><b>The battle crashed</b><br />You can keep playing but it might crash again.</div>
|html|<div class="broadcast-red"><b>The battle crashed</b><br />You can keep playing but it might crash again.</div>
|html|<div class="broadcast-red"><b>The battle crashed</b><br />You can keep playing but it might crash again.</div>
|html|<div class="broadcast-red"><b>The battle crashed</b><br />You can keep playing but it might crash again.</div>
|html|<div class="broadcast-red"><b>The battle crashed</b><br />You can keep playing but it might crash again.</div>
|html|<div class="broadcast-red"><b>The battle crashed</b><br />You can keep playing but it might crash again.</div>
|html|<div class="broadcast-red"><b>The battle crashed</b><br />You can keep playing but it might crash again.</div>
|html|<div class="broadcast-red"><b>The battle crashed</b><br />You can keep playing but it might crash again.</div>
|html|<div class="broadcast-red"><b>The battle crashed</b><br />You can keep playing but it might crash again.</div>
|html|<div class="broadcast-red"><b>The battle crashed</b><br />You can keep playing but it might crash again.</div>
|html|<div class="broadcast-red"><b>The battle crashed</b><br />You can keep playing but it might crash again.</div>
|html|<div class="broadcast-red"><b>The battle crashed</b><br />You can keep playing but it might crash again.</div>
|html|<div class="broadcast-red"><b>The battle crashed</b><br />You can keep playing but it might crash again.</div>
|html|<div class="broadcast-red"><b>The battle crashed</b><br />You can keep playing but it might crash again.</div>
|html|<div class="broadcast-red"><b>The battle crashed</b><br />You can keep playing but it might crash again.</div>
|html|<div class="broadcast-red"><b>The battle crashed</b><br />You can keep playing but it might crash again.</div>
|html|<div class="broadcast-red"><b>The battle crashed</b><br />You can keep playing but it might crash again.</div>
|html|<div class="broadcast-red"><b>The battle crashed</b><br />You can keep playing but it might crash again.</div>
|html|<div class="broadcast-red"><b>The battle crashed</b><br />You can keep playing but it might crash again.</div>

TypeError: Cannot read property 'isActive' of null
    at Tools.Battle.makeRequest (/Users/clazinasteunenberg/Downloads/Test/battle-engine.js:1943:15)
    at process.BattlePokemon.side (/Users/clazinasteunenberg/Downloads/Test/battle-engine.js:157:13)
    at process.EventEmitter.emit (events.js:98:17)
    at handleMessage (child_process.js:318:10)
    at Pipe.channel.onread (child_process.js:345:11)

TypeError: Cannot use 'in' operator to search for 'Rule:potd' in undefined
    at Tools.exports.BattleScripts.randomTeam (/Users/clazinasteunenberg/Downloads/Test/data/scripts.js:1482:38)
    at Tools.exports.BattleScripts.getTeam (/Users/clazinasteunenberg/Downloads/Test/data/scripts.js:494:16)
    at new BattleSide (/Users/clazinasteunenberg/Downloads/Test/battle-engine.js:1096:27)
    at Tools.Battle.join (/Users/clazinasteunenberg/Downloads/Test/battle-engine.js:3333:15)
    at Tools.Battle.receive (/Users/clazinasteunenberg/Downloads/Test/battle-engine.js:3390:9)
    at process.BattlePokemon.side (/Users/clazinasteunenberg/Downloads/Test/battle-engine.js:143:12)
    at process.EventEmitter.emit (events.js:98:17)
    at handleMessage (child_process.js:318:10)
    at Pipe.channel.onread (child_process.js:345:11)

Additional information:
message = battle-randombattle-478|join|p1|E4 GhostKiller|165
currentRequest = 

Log:
|html|<div class="broadcast-red"><b>The battle crashed</b><br />You can keep playing but it might crash again.</div>
|html|<div class="broadcast-red"><b>The battle crashed</b><br />You can keep playing but it might crash again.</div>
|html|<div class="broadcast-red"><b>The battle crashed</b><br />You can keep playing but it might crash again.</div>
|html|<div class="broadcast-red"><b>The battle crashed</b><br />You can keep playing but it might crash again.</div>
|html|<div class="broadcast-red"><b>The battle crashed</b><br />You can keep playing but it might crash again.</div>
|html|<div class="broadcast-red"><b>The battle crashed</b><br />You can keep playing but it might crash again.</div>
|html|<div class="broadcast-red"><b>The battle crashed</b><br />You can keep playing but it might crash again.</div>
|html|<div class="broadcast-red"><b>The battle crashed</b><br />You can keep playing but it might crash again.</div>
|html|<div class="broadcast-red"><b>The battle crashed</b><br />You can keep playing but it might crash again.</div>
|html|<div class="broadcast-red"><b>The battle crashed</b><br />You can keep playing but it might crash again.</div>
|html|<div class="broadcast-red"><b>The battle crashed</b><br />You can keep playing but it might crash again.</div>
|html|<div class="broadcast-red"><b>The battle crashed</b><br />You can keep playing but it might crash again.</div>
|html|<div class="broadcast-red"><b>The battle crashed</b><br />You can keep playing but it might crash again.</div>
|html|<div class="broadcast-red"><b>The battle crashed</b><br />You can keep playing but it might crash again.</div>
|html|<div class="broadcast-red"><b>The battle crashed</b><br />You can keep playing but it might crash again.</div>
|html|<div class="broadcast-red"><b>The battle crashed</b><br />You can keep playing but it might crash again.</div>
|html|<div class="broadcast-red"><b>The battle crashed</b><br />You can keep playing but it might crash again.</div>
|html|<div class="broadcast-red"><b>The battle crashed</b><br />You can keep playing but it might crash again.</div>
|html|<div class="broadcast-red"><b>The battle crashed</b><br />You can keep playing but it might crash again.</div>
|html|<div class="broadcast-red"><b>The battle crashed</b><br />You can keep playing but it might crash again.</div>
|html|<div class="broadcast-red"><b>The battle crashed</b><br />You can keep playing but it might crash again.</div>
|html|<div class="broadcast-red"><b>The battle crashed</b><br />You can keep playing but it might crash again.</div>
|html|<div class="broadcast-red"><b>The battle crashed</b><br />You can keep playing but it might crash again.</div>
|html|<div class="broadcast-red"><b>The battle crashed</b><br />You can keep playing but it might crash again.</div>
|html|<div class="broadcast-red"><b>The battle crashed</b><br />You can keep playing but it might crash again.</div>
|html|<div class="broadcast-red"><b>The battle crashed</b><br />You can keep playing but it might crash again.</div>
|html|<div class="broadcast-red"><b>The battle crashed</b><br />You can keep playing but it might crash again.</div>
|html|<div class="broadcast-red"><b>The battle crashed</b><br />You can keep playing but it might crash again.</div>
|html|<div class="broadcast-red"><b>The battle crashed</b><br />You can keep playing but it might crash again.</div>
|html|<div class="broadcast-red"><b>The battle crashed</b><br />You can keep playing but it might crash again.</div>

TypeError: Cannot read property 'isActive' of null
    at Tools.Battle.makeRequest (/Users/clazinasteunenberg/Downloads/Test/battle-engine.js:1943:15)
    at process.BattlePokemon.side (/Users/clazinasteunenberg/Downloads/Test/battle-engine.js:157:13)
    at process.EventEmitter.emit (events.js:98:17)
    at handleMessage (child_process.js:318:10)
    at Pipe.channel.onread (child_process.js:345:11)

TypeError: Cannot use 'in' operator to search for 'Rule:potd' in undefined
    at Tools.exports.BattleScripts.randomTeam (/Users/clazinasteunenberg/Downloads/Test/data/scripts.js:1482:38)
    at Tools.exports.BattleScripts.getTeam (/Users/clazinasteunenberg/Downloads/Test/data/scripts.js:494:16)
    at new BattleSide (/Users/clazinasteunenberg/Downloads/Test/battle-engine.js:1096:27)
    at Tools.Battle.join (/Users/clazinasteunenberg/Downloads/Test/battle-engine.js:3333:15)
    at Tools.Battle.receive (/Users/clazinasteunenberg/Downloads/Test/battle-engine.js:3390:9)
    at process.BattlePokemon.side (/Users/clazinasteunenberg/Downloads/Test/battle-engine.js:143:12)
    at process.EventEmitter.emit (events.js:98:17)
    at handleMessage (child_process.js:318:10)
    at Pipe.channel.onread (child_process.js:345:11)

Additional information:
message = battle-randombattle-478|join|p1|E4 GhostKiller|165
currentRequest = 

Log:
|html|<div class="broadcast-red"><b>The battle crashed</b><br />You can keep playing but it might crash again.</div>
|html|<div class="broadcast-red"><b>The battle crashed</b><br />You can keep playing but it might crash again.</div>
|html|<div class="broadcast-red"><b>The battle crashed</b><br />You can keep playing but it might crash again.</div>
|html|<div class="broadcast-red"><b>The battle crashed</b><br />You can keep playing but it might crash again.</div>
|html|<div class="broadcast-red"><b>The battle crashed</b><br />You can keep playing but it might crash again.</div>
|html|<div class="broadcast-red"><b>The battle crashed</b><br />You can keep playing but it might crash again.</div>
|html|<div class="broadcast-red"><b>The battle crashed</b><br />You can keep playing but it might crash again.</div>
|html|<div class="broadcast-red"><b>The battle crashed</b><br />You can keep playing but it might crash again.</div>
|html|<div class="broadcast-red"><b>The battle crashed</b><br />You can keep playing but it might crash again.</div>
|html|<div class="broadcast-red"><b>The battle crashed</b><br />You can keep playing but it might crash again.</div>
|html|<div class="broadcast-red"><b>The battle crashed</b><br />You can keep playing but it might crash again.</div>
|html|<div class="broadcast-red"><b>The battle crashed</b><br />You can keep playing but it might crash again.</div>
|html|<div class="broadcast-red"><b>The battle crashed</b><br />You can keep playing but it might crash again.</div>
|html|<div class="broadcast-red"><b>The battle crashed</b><br />You can keep playing but it might crash again.</div>
|html|<div class="broadcast-red"><b>The battle crashed</b><br />You can keep playing but it might crash again.</div>
|html|<div class="broadcast-red"><b>The battle crashed</b><br />You can keep playing but it might crash again.</div>
|html|<div class="broadcast-red"><b>The battle crashed</b><br />You can keep playing but it might crash again.</div>
|html|<div class="broadcast-red"><b>The battle crashed</b><br />You can keep playing but it might crash again.</div>
|html|<div class="broadcast-red"><b>The battle crashed</b><br />You can keep playing but it might crash again.</div>
|html|<div class="broadcast-red"><b>The battle crashed</b><br />You can keep playing but it might crash again.</div>
|html|<div class="broadcast-red"><b>The battle crashed</b><br />You can keep playing but it might crash again.</div>
|html|<div class="broadcast-red"><b>The battle crashed</b><br />You can keep playing but it might crash again.</div>
|html|<div class="broadcast-red"><b>The battle crashed</b><br />You can keep playing but it might crash again.</div>
|html|<div class="broadcast-red"><b>The battle crashed</b><br />You can keep playing but it might crash again.</div>
|html|<div class="broadcast-red"><b>The battle crashed</b><br />You can keep playing but it might crash again.</div>
|html|<div class="broadcast-red"><b>The battle crashed</b><br />You can keep playing but it might crash again.</div>
|html|<div class="broadcast-red"><b>The battle crashed</b><br />You can keep playing but it might crash again.</div>
|html|<div class="broadcast-red"><b>The battle crashed</b><br />You can keep playing but it might crash again.</div>
|html|<div class="broadcast-red"><b>The battle crashed</b><br />You can keep playing but it might crash again.</div>
|html|<div class="broadcast-red"><b>The battle crashed</b><br />You can keep playing but it might crash again.</div>
|html|<div class="broadcast-red"><b>The battle crashed</b><br />You can keep playing but it might crash again.</div>

TypeError: Cannot read property 'isActive' of null
    at Tools.Battle.makeRequest (/Users/clazinasteunenberg/Downloads/Test/battle-engine.js:1943:15)
    at process.BattlePokemon.side (/Users/clazinasteunenberg/Downloads/Test/battle-engine.js:157:13)
    at process.EventEmitter.emit (events.js:98:17)
    at handleMessage (child_process.js:318:10)
    at Pipe.channel.onread (child_process.js:345:11)

TypeError: Cannot use 'in' operator to search for 'Rule:potd' in undefined
    at Tools.exports.BattleScripts.randomTeam (/Users/clazinasteunenberg/Downloads/Test/data/scripts.js:1482:38)
    at Tools.exports.BattleScripts.getTeam (/Users/clazinasteunenberg/Downloads/Test/data/scripts.js:494:16)
    at new BattleSide (/Users/clazinasteunenberg/Downloads/Test/battle-engine.js:1096:27)
    at Tools.Battle.join (/Users/clazinasteunenberg/Downloads/Test/battle-engine.js:3333:15)
    at Tools.Battle.receive (/Users/clazinasteunenberg/Downloads/Test/battle-engine.js:3390:9)
    at process.BattlePokemon.side (/Users/clazinasteunenberg/Downloads/Test/battle-engine.js:143:12)
    at process.EventEmitter.emit (events.js:98:17)
    at handleMessage (child_process.js:318:10)
    at Pipe.channel.onread (child_process.js:345:11)

Additional information:
message = battle-randombattle-478|join|p1|E4 GhostKiller|165
currentRequest = 

Log:
|html|<div class="broadcast-red"><b>The battle crashed</b><br />You can keep playing but it might crash again.</div>
|html|<div class="broadcast-red"><b>The battle crashed</b><br />You can keep playing but it might crash again.</div>
|html|<div class="broadcast-red"><b>The battle crashed</b><br />You can keep playing but it might crash again.</div>
|html|<div class="broadcast-red"><b>The battle crashed</b><br />You can keep playing but it might crash again.</div>
|html|<div class="broadcast-red"><b>The battle crashed</b><br />You can keep playing but it might crash again.</div>
|html|<div class="broadcast-red"><b>The battle crashed</b><br />You can keep playing but it might crash again.</div>
|html|<div class="broadcast-red"><b>The battle crashed</b><br />You can keep playing but it might crash again.</div>
|html|<div class="broadcast-red"><b>The battle crashed</b><br />You can keep playing but it might crash again.</div>
|html|<div class="broadcast-red"><b>The battle crashed</b><br />You can keep playing but it might crash again.</div>
|html|<div class="broadcast-red"><b>The battle crashed</b><br />You can keep playing but it might crash again.</div>
|html|<div class="broadcast-red"><b>The battle crashed</b><br />You can keep playing but it might crash again.</div>
|html|<div class="broadcast-red"><b>The battle crashed</b><br />You can keep playing but it might crash again.</div>
|html|<div class="broadcast-red"><b>The battle crashed</b><br />You can keep playing but it might crash again.</div>
|html|<div class="broadcast-red"><b>The battle crashed</b><br />You can keep playing but it might crash again.</div>
|html|<div class="broadcast-red"><b>The battle crashed</b><br />You can keep playing but it might crash again.</div>
|html|<div class="broadcast-red"><b>The battle crashed</b><br />You can keep playing but it might crash again.</div>
|html|<div class="broadcast-red"><b>The battle crashed</b><br />You can keep playing but it might crash again.</div>
|html|<div class="broadcast-red"><b>The battle crashed</b><br />You can keep playing but it might crash again.</div>
|html|<div class="broadcast-red"><b>The battle crashed</b><br />You can keep playing but it might crash again.</div>
|html|<div class="broadcast-red"><b>The battle crashed</b><br />You can keep playing but it might crash again.</div>
|html|<div class="broadcast-red"><b>The battle crashed</b><br />You can keep playing but it might crash again.</div>
|html|<div class="broadcast-red"><b>The battle crashed</b><br />You can keep playing but it might crash again.</div>
|html|<div class="broadcast-red"><b>The battle crashed</b><br />You can keep playing but it might crash again.</div>
|html|<div class="broadcast-red"><b>The battle crashed</b><br />You can keep playing but it might crash again.</div>
|html|<div class="broadcast-red"><b>The battle crashed</b><br />You can keep playing but it might crash again.</div>
|html|<div class="broadcast-red"><b>The battle crashed</b><br />You can keep playing but it might crash again.</div>
|html|<div class="broadcast-red"><b>The battle crashed</b><br />You can keep playing but it might crash again.</div>
|html|<div class="broadcast-red"><b>The battle crashed</b><br />You can keep playing but it might crash again.</div>
|html|<div class="broadcast-red"><b>The battle crashed</b><br />You can keep playing but it might crash again.</div>
|html|<div class="broadcast-red"><b>The battle crashed</b><br />You can keep playing but it might crash again.</div>
|html|<div class="broadcast-red"><b>The battle crashed</b><br />You can keep playing but it might crash again.</div>
|html|<div class="broadcast-red"><b>The battle crashed</b><br />You can keep playing but it might crash again.</div>

TypeError: Cannot read property 'isActive' of null
    at Tools.Battle.makeRequest (/Users/clazinasteunenberg/Downloads/Test/battle-engine.js:1943:15)
    at process.BattlePokemon.side (/Users/clazinasteunenberg/Downloads/Test/battle-engine.js:157:13)
    at process.EventEmitter.emit (events.js:98:17)
    at handleMessage (child_process.js:318:10)
    at Pipe.channel.onread (child_process.js:345:11)

TypeError: Cannot use 'in' operator to search for 'Rule:potd' in undefined
    at Tools.exports.BattleScripts.randomTeam (/Users/clazinasteunenberg/Downloads/Test/data/scripts.js:1482:38)
    at Tools.exports.BattleScripts.getTeam (/Users/clazinasteunenberg/Downloads/Test/data/scripts.js:494:16)
    at new BattleSide (/Users/clazinasteunenberg/Downloads/Test/battle-engine.js:1096:27)
    at Tools.Battle.join (/Users/clazinasteunenberg/Downloads/Test/battle-engine.js:3333:15)
    at Tools.Battle.receive (/Users/clazinasteunenberg/Downloads/Test/battle-engine.js:3390:9)
    at process.BattlePokemon.side (/Users/clazinasteunenberg/Downloads/Test/battle-engine.js:143:12)
    at process.EventEmitter.emit (events.js:98:17)
    at handleMessage (child_process.js:318:10)
    at Pipe.channel.onread (child_process.js:345:11)

Additional information:
message = battle-randombattle-478|join|p1|E4 GhostKiller|165
currentRequest = 

Log:
|html|<div class="broadcast-red"><b>The battle crashed</b><br />You can keep playing but it might crash again.</div>
|html|<div class="broadcast-red"><b>The battle crashed</b><br />You can keep playing but it might crash again.</div>
|html|<div class="broadcast-red"><b>The battle crashed</b><br />You can keep playing but it might crash again.</div>
|html|<div class="broadcast-red"><b>The battle crashed</b><br />You can keep playing but it might crash again.</div>
|html|<div class="broadcast-red"><b>The battle crashed</b><br />You can keep playing but it might crash again.</div>
|html|<div class="broadcast-red"><b>The battle crashed</b><br />You can keep playing but it might crash again.</div>
|html|<div class="broadcast-red"><b>The battle crashed</b><br />You can keep playing but it might crash again.</div>
|html|<div class="broadcast-red"><b>The battle crashed</b><br />You can keep playing but it might crash again.</div>
|html|<div class="broadcast-red"><b>The battle crashed</b><br />You can keep playing but it might crash again.</div>
|html|<div class="broadcast-red"><b>The battle crashed</b><br />You can keep playing but it might crash again.</div>
|html|<div class="broadcast-red"><b>The battle crashed</b><br />You can keep playing but it might crash again.</div>
|html|<div class="broadcast-red"><b>The battle crashed</b><br />You can keep playing but it might crash again.</div>
|html|<div class="broadcast-red"><b>The battle crashed</b><br />You can keep playing but it might crash again.</div>
|html|<div class="broadcast-red"><b>The battle crashed</b><br />You can keep playing but it might crash again.</div>
|html|<div class="broadcast-red"><b>The battle crashed</b><br />You can keep playing but it might crash again.</div>
|html|<div class="broadcast-red"><b>The battle crashed</b><br />You can keep playing but it might crash again.</div>
|html|<div class="broadcast-red"><b>The battle crashed</b><br />You can keep playing but it might crash again.</div>
|html|<div class="broadcast-red"><b>The battle crashed</b><br />You can keep playing but it might crash again.</div>
|html|<div class="broadcast-red"><b>The battle crashed</b><br />You can keep playing but it might crash again.</div>
|html|<div class="broadcast-red"><b>The battle crashed</b><br />You can keep playing but it might crash again.</div>
|html|<div class="broadcast-red"><b>The battle crashed</b><br />You can keep playing but it might crash again.</div>
|html|<div class="broadcast-red"><b>The battle crashed</b><br />You can keep playing but it might crash again.</div>
|html|<div class="broadcast-red"><b>The battle crashed</b><br />You can keep playing but it might crash again.</div>
|html|<div class="broadcast-red"><b>The battle crashed</b><br />You can keep playing but it might crash again.</div>
|html|<div class="broadcast-red"><b>The battle crashed</b><br />You can keep playing but it might crash again.</div>
|html|<div class="broadcast-red"><b>The battle crashed</b><br />You can keep playing but it might crash again.</div>
|html|<div class="broadcast-red"><b>The battle crashed</b><br />You can keep playing but it might crash again.</div>
|html|<div class="broadcast-red"><b>The battle crashed</b><br />You can keep playing but it might crash again.</div>
|html|<div class="broadcast-red"><b>The battle crashed</b><br />You can keep playing but it might crash again.</div>
|html|<div class="broadcast-red"><b>The battle crashed</b><br />You can keep playing but it might crash again.</div>
|html|<div class="broadcast-red"><b>The battle crashed</b><br />You can keep playing but it might crash again.</div>
|html|<div class="broadcast-red"><b>The battle crashed</b><br />You can keep playing but it might crash again.</div>
|html|<div class="broadcast-red"><b>The battle crashed</b><br />You can keep playing but it might crash again.</div>

TypeError: Cannot read property 'isActive' of null
    at Tools.Battle.makeRequest (/Users/clazinasteunenberg/Downloads/Test/battle-engine.js:1943:15)
    at process.BattlePokemon.side (/Users/clazinasteunenberg/Downloads/Test/battle-engine.js:157:13)
    at process.EventEmitter.emit (events.js:98:17)
    at handleMessage (child_process.js:318:10)
    at Pipe.channel.onread (child_process.js:345:11)

TypeError: Cannot use 'in' operator to search for 'Rule:potd' in undefined
    at Tools.exports.BattleScripts.randomTeam (/Users/clazinasteunenberg/Downloads/Test/data/scripts.js:1482:38)
    at Tools.exports.BattleScripts.getTeam (/Users/clazinasteunenberg/Downloads/Test/data/scripts.js:494:16)
    at new BattleSide (/Users/clazinasteunenberg/Downloads/Test/battle-engine.js:1096:27)
    at Tools.Battle.join (/Users/clazinasteunenberg/Downloads/Test/battle-engine.js:3333:15)
    at Tools.Battle.receive (/Users/clazinasteunenberg/Downloads/Test/battle-engine.js:3390:9)
    at process.BattlePokemon.side (/Users/clazinasteunenberg/Downloads/Test/battle-engine.js:143:12)
    at process.EventEmitter.emit (events.js:98:17)
    at handleMessage (child_process.js:318:10)
    at Pipe.channel.onread (child_process.js:345:11)

Additional information:
message = battle-randombattle-478|join|p1|E4 GhostKiller|165
currentRequest = 

Log:
|html|<div class="broadcast-red"><b>The battle crashed</b><br />You can keep playing but it might crash again.</div>
|html|<div class="broadcast-red"><b>The battle crashed</b><br />You can keep playing but it might crash again.</div>
|html|<div class="broadcast-red"><b>The battle crashed</b><br />You can keep playing but it might crash again.</div>
|html|<div class="broadcast-red"><b>The battle crashed</b><br />You can keep playing but it might crash again.</div>
|html|<div class="broadcast-red"><b>The battle crashed</b><br />You can keep playing but it might crash again.</div>
|html|<div class="broadcast-red"><b>The battle crashed</b><br />You can keep playing but it might crash again.</div>
|html|<div class="broadcast-red"><b>The battle crashed</b><br />You can keep playing but it might crash again.</div>
|html|<div class="broadcast-red"><b>The battle crashed</b><br />You can keep playing but it might crash again.</div>
|html|<div class="broadcast-red"><b>The battle crashed</b><br />You can keep playing but it might crash again.</div>
|html|<div class="broadcast-red"><b>The battle crashed</b><br />You can keep playing but it might crash again.</div>
|html|<div class="broadcast-red"><b>The battle crashed</b><br />You can keep playing but it might crash again.</div>
|html|<div class="broadcast-red"><b>The battle crashed</b><br />You can keep playing but it might crash again.</div>
|html|<div class="broadcast-red"><b>The battle crashed</b><br />You can keep playing but it might crash again.</div>
|html|<div class="broadcast-red"><b>The battle crashed</b><br />You can keep playing but it might crash again.</div>
|html|<div class="broadcast-red"><b>The battle crashed</b><br />You can keep playing but it might crash again.</div>
|html|<div class="broadcast-red"><b>The battle crashed</b><br />You can keep playing but it might crash again.</div>
|html|<div class="broadcast-red"><b>The battle crashed</b><br />You can keep playing but it might crash again.</div>
|html|<div class="broadcast-red"><b>The battle crashed</b><br />You can keep playing but it might crash again.</div>
|html|<div class="broadcast-red"><b>The battle crashed</b><br />You can keep playing but it might crash again.</div>
|html|<div class="broadcast-red"><b>The battle crashed</b><br />You can keep playing but it might crash again.</div>
|html|<div class="broadcast-red"><b>The battle crashed</b><br />You can keep playing but it might crash again.</div>
|html|<div class="broadcast-red"><b>The battle crashed</b><br />You can keep playing but it might crash again.</div>
|html|<div class="broadcast-red"><b>The battle crashed</b><br />You can keep playing but it might crash again.</div>
|html|<div class="broadcast-red"><b>The battle crashed</b><br />You can keep playing but it might crash again.</div>
|html|<div class="broadcast-red"><b>The battle crashed</b><br />You can keep playing but it might crash again.</div>
|html|<div class="broadcast-red"><b>The battle crashed</b><br />You can keep playing but it might crash again.</div>
|html|<div class="broadcast-red"><b>The battle crashed</b><br />You can keep playing but it might crash again.</div>
|html|<div class="broadcast-red"><b>The battle crashed</b><br />You can keep playing but it might crash again.</div>
|html|<div class="broadcast-red"><b>The battle crashed</b><br />You can keep playing but it might crash again.</div>
|html|<div class="broadcast-red"><b>The battle crashed</b><br />You can keep playing but it might crash again.</div>
|html|<div class="broadcast-red"><b>The battle crashed</b><br />You can keep playing but it might crash again.</div>
|html|<div class="broadcast-red"><b>The battle crashed</b><br />You can keep playing but it might crash again.</div>
|html|<div class="broadcast-red"><b>The battle crashed</b><br />You can keep playing but it might crash again.</div>
|html|<div class="broadcast-red"><b>The battle crashed</b><br />You can keep playing but it might crash again.</div>

TypeError: Cannot read property 'isActive' of null
    at Tools.Battle.makeRequest (/Users/clazinasteunenberg/Downloads/Test/battle-engine.js:1943:15)
    at process.BattlePokemon.side (/Users/clazinasteunenberg/Downloads/Test/battle-engine.js:157:13)
    at process.EventEmitter.emit (events.js:98:17)
    at handleMessage (child_process.js:318:10)
    at Pipe.channel.onread (child_process.js:345:11)

TypeError: Cannot use 'in' operator to search for 'Rule:potd' in undefined
    at Tools.exports.BattleScripts.randomTeam (/Users/clazinasteunenberg/Downloads/Test/data/scripts.js:1482:38)
    at Tools.exports.BattleScripts.getTeam (/Users/clazinasteunenberg/Downloads/Test/data/scripts.js:494:16)
    at new BattleSide (/Users/clazinasteunenberg/Downloads/Test/battle-engine.js:1096:27)
    at Tools.Battle.join (/Users/clazinasteunenberg/Downloads/Test/battle-engine.js:3333:15)
    at Tools.Battle.receive (/Users/clazinasteunenberg/Downloads/Test/battle-engine.js:3390:9)
    at process.BattlePokemon.side (/Users/clazinasteunenberg/Downloads/Test/battle-engine.js:143:12)
    at process.EventEmitter.emit (events.js:98:17)
    at handleMessage (child_process.js:318:10)
    at Pipe.channel.onread (child_process.js:345:11)

Additional information:
message = battle-randombattle-478|join|p1|E4 GhostKiller|165
currentRequest = 

Log:
|html|<div class="broadcast-red"><b>The battle crashed</b><br />You can keep playing but it might crash again.</div>
|html|<div class="broadcast-red"><b>The battle crashed</b><br />You can keep playing but it might crash again.</div>
|html|<div class="broadcast-red"><b>The battle crashed</b><br />You can keep playing but it might crash again.</div>
|html|<div class="broadcast-red"><b>The battle crashed</b><br />You can keep playing but it might crash again.</div>
|html|<div class="broadcast-red"><b>The battle crashed</b><br />You can keep playing but it might crash again.</div>
|html|<div class="broadcast-red"><b>The battle crashed</b><br />You can keep playing but it might crash again.</div>
|html|<div class="broadcast-red"><b>The battle crashed</b><br />You can keep playing but it might crash again.</div>
|html|<div class="broadcast-red"><b>The battle crashed</b><br />You can keep playing but it might crash again.</div>
|html|<div class="broadcast-red"><b>The battle crashed</b><br />You can keep playing but it might crash again.</div>
|html|<div class="broadcast-red"><b>The battle crashed</b><br />You can keep playing but it might crash again.</div>
|html|<div class="broadcast-red"><b>The battle crashed</b><br />You can keep playing but it might crash again.</div>
|html|<div class="broadcast-red"><b>The battle crashed</b><br />You can keep playing but it might crash again.</div>
|html|<div class="broadcast-red"><b>The battle crashed</b><br />You can keep playing but it might crash again.</div>
|html|<div class="broadcast-red"><b>The battle crashed</b><br />You can keep playing but it might crash again.</div>
|html|<div class="broadcast-red"><b>The battle crashed</b><br />You can keep playing but it might crash again.</div>
|html|<div class="broadcast-red"><b>The battle crashed</b><br />You can keep playing but it might crash again.</div>
|html|<div class="broadcast-red"><b>The battle crashed</b><br />You can keep playing but it might crash again.</div>
|html|<div class="broadcast-red"><b>The battle crashed</b><br />You can keep playing but it might crash again.</div>
|html|<div class="broadcast-red"><b>The battle crashed</b><br />You can keep playing but it might crash again.</div>
|html|<div class="broadcast-red"><b>The battle crashed</b><br />You can keep playing but it might crash again.</div>
|html|<div class="broadcast-red"><b>The battle crashed</b><br />You can keep playing but it might crash again.</div>
|html|<div class="broadcast-red"><b>The battle crashed</b><br />You can keep playing but it might crash again.</div>
|html|<div class="broadcast-red"><b>The battle crashed</b><br />You can keep playing but it might crash again.</div>
|html|<div class="broadcast-red"><b>The battle crashed</b><br />You can keep playing but it might crash again.</div>
|html|<div class="broadcast-red"><b>The battle crashed</b><br />You can keep playing but it might crash again.</div>
|html|<div class="broadcast-red"><b>The battle crashed</b><br />You can keep playing but it might crash again.</div>
|html|<div class="broadcast-red"><b>The battle crashed</b><br />You can keep playing but it might crash again.</div>
|html|<div class="broadcast-red"><b>The battle crashed</b><br />You can keep playing but it might crash again.</div>
|html|<div class="broadcast-red"><b>The battle crashed</b><br />You can keep playing but it might crash again.</div>
|html|<div class="broadcast-red"><b>The battle crashed</b><br />You can keep playing but it might crash again.</div>
|html|<div class="broadcast-red"><b>The battle crashed</b><br />You can keep playing but it might crash again.</div>
|html|<div class="broadcast-red"><b>The battle crashed</b><br />You can keep playing but it might crash again.</div>
|html|<div class="broadcast-red"><b>The battle crashed</b><br />You can keep playing but it might crash again.</div>
|html|<div class="broadcast-red"><b>The battle crashed</b><br />You can keep playing but it might crash again.</div>
|html|<div class="broadcast-red"><b>The battle crashed</b><br />You can keep playing but it might crash again.</div>

TypeError: Cannot read property 'isActive' of null
    at Tools.Battle.makeRequest (/Users/clazinasteunenberg/Downloads/Test/battle-engine.js:1943:15)
    at process.BattlePokemon.side (/Users/clazinasteunenberg/Downloads/Test/battle-engine.js:157:13)
    at process.EventEmitter.emit (events.js:98:17)
    at handleMessage (child_process.js:318:10)
    at Pipe.channel.onread (child_process.js:345:11)

TypeError: Cannot use 'in' operator to search for 'Rule:potd' in undefined
    at Tools.exports.BattleScripts.randomTeam (/Users/clazinasteunenberg/Downloads/Test/data/scripts.js:1482:38)
    at Tools.exports.BattleScripts.getTeam (/Users/clazinasteunenberg/Downloads/Test/data/scripts.js:494:16)
    at new BattleSide (/Users/clazinasteunenberg/Downloads/Test/battle-engine.js:1096:27)
    at Tools.Battle.join (/Users/clazinasteunenberg/Downloads/Test/battle-engine.js:3333:15)
    at Tools.Battle.receive (/Users/clazinasteunenberg/Downloads/Test/battle-engine.js:3390:9)
    at process.BattlePokemon.side (/Users/clazinasteunenberg/Downloads/Test/battle-engine.js:143:12)
    at process.EventEmitter.emit (events.js:98:17)
    at handleMessage (child_process.js:318:10)
    at Pipe.channel.onread (child_process.js:345:11)

Additional information:
message = battle-randombattle-478|join|p1|E4 GhostKiller|165
currentRequest = 

Log:
|html|<div class="broadcast-red"><b>The battle crashed</b><br />You can keep playing but it might crash again.</div>
|html|<div class="broadcast-red"><b>The battle crashed</b><br />You can keep playing but it might crash again.</div>
|html|<div class="broadcast-red"><b>The battle crashed</b><br />You can keep playing but it might crash again.</div>
|html|<div class="broadcast-red"><b>The battle crashed</b><br />You can keep playing but it might crash again.</div>
|html|<div class="broadcast-red"><b>The battle crashed</b><br />You can keep playing but it might crash again.</div>
|html|<div class="broadcast-red"><b>The battle crashed</b><br />You can keep playing but it might crash again.</div>
|html|<div class="broadcast-red"><b>The battle crashed</b><br />You can keep playing but it might crash again.</div>
|html|<div class="broadcast-red"><b>The battle crashed</b><br />You can keep playing but it might crash again.</div>
|html|<div class="broadcast-red"><b>The battle crashed</b><br />You can keep playing but it might crash again.</div>
|html|<div class="broadcast-red"><b>The battle crashed</b><br />You can keep playing but it might crash again.</div>
|html|<div class="broadcast-red"><b>The battle crashed</b><br />You can keep playing but it might crash again.</div>
|html|<div class="broadcast-red"><b>The battle crashed</b><br />You can keep playing but it might crash again.</div>
|html|<div class="broadcast-red"><b>The battle crashed</b><br />You can keep playing but it might crash again.</div>
|html|<div class="broadcast-red"><b>The battle crashed</b><br />You can keep playing but it might crash again.</div>
|html|<div class="broadcast-red"><b>The battle crashed</b><br />You can keep playing but it might crash again.</div>
|html|<div class="broadcast-red"><b>The battle crashed</b><br />You can keep playing but it might crash again.</div>
|html|<div class="broadcast-red"><b>The battle crashed</b><br />You can keep playing but it might crash again.</div>
|html|<div class="broadcast-red"><b>The battle crashed</b><br />You can keep playing but it might crash again.</div>
|html|<div class="broadcast-red"><b>The battle crashed</b><br />You can keep playing but it might crash again.</div>
|html|<div class="broadcast-red"><b>The battle crashed</b><br />You can keep playing but it might crash again.</div>
|html|<div class="broadcast-red"><b>The battle crashed</b><br />You can keep playing but it might crash again.</div>
|html|<div class="broadcast-red"><b>The battle crashed</b><br />You can keep playing but it might crash again.</div>
|html|<div class="broadcast-red"><b>The battle crashed</b><br />You can keep playing but it might crash again.</div>
|html|<div class="broadcast-red"><b>The battle crashed</b><br />You can keep playing but it might crash again.</div>
|html|<div class="broadcast-red"><b>The battle crashed</b><br />You can keep playing but it might crash again.</div>
|html|<div class="broadcast-red"><b>The battle crashed</b><br />You can keep playing but it might crash again.</div>
|html|<div class="broadcast-red"><b>The battle crashed</b><br />You can keep playing but it might crash again.</div>
|html|<div class="broadcast-red"><b>The battle crashed</b><br />You can keep playing but it might crash again.</div>
|html|<div class="broadcast-red"><b>The battle crashed</b><br />You can keep playing but it might crash again.</div>
|html|<div class="broadcast-red"><b>The battle crashed</b><br />You can keep playing but it might crash again.</div>
|html|<div class="broadcast-red"><b>The battle crashed</b><br />You can keep playing but it might crash again.</div>
|html|<div class="broadcast-red"><b>The battle crashed</b><br />You can keep playing but it might crash again.</div>
|html|<div class="broadcast-red"><b>The battle crashed</b><br />You can keep playing but it might crash again.</div>
|html|<div class="broadcast-red"><b>The battle crashed</b><br />You can keep playing but it might crash again.</div>
|html|<div class="broadcast-red"><b>The battle crashed</b><br />You can keep playing but it might crash again.</div>
|html|<div class="broadcast-red"><b>The battle crashed</b><br />You can keep playing but it might crash again.</div>

TypeError: Cannot read property 'isActive' of null
    at Tools.Battle.makeRequest (/Users/clazinasteunenberg/Downloads/Test/battle-engine.js:1943:15)
    at process.BattlePokemon.side (/Users/clazinasteunenberg/Downloads/Test/battle-engine.js:157:13)
    at process.EventEmitter.emit (events.js:98:17)
    at handleMessage (child_process.js:318:10)
    at Pipe.channel.onread (child_process.js:345:11)

TypeError: Cannot use 'in' operator to search for 'Rule:potd' in undefined
    at Tools.exports.BattleScripts.randomTeam (/Users/clazinasteunenberg/Downloads/Test/data/scripts.js:1482:38)
    at Tools.exports.BattleScripts.getTeam (/Users/clazinasteunenberg/Downloads/Test/data/scripts.js:494:16)
    at new BattleSide (/Users/clazinasteunenberg/Downloads/Test/battle-engine.js:1096:27)
    at Tools.Battle.join (/Users/clazinasteunenberg/Downloads/Test/battle-engine.js:3333:15)
    at Tools.Battle.receive (/Users/clazinasteunenberg/Downloads/Test/battle-engine.js:3390:9)
    at process.BattlePokemon.side (/Users/clazinasteunenberg/Downloads/Test/battle-engine.js:143:12)
    at process.EventEmitter.emit (events.js:98:17)
    at handleMessage (child_process.js:318:10)
    at Pipe.channel.onread (child_process.js:345:11)

Additional information:
message = battle-randombattle-478|join|p1|E4 GhostKiller|165
currentRequest = 

Log:
|html|<div class="broadcast-red"><b>The battle crashed</b><br />You can keep playing but it might crash again.</div>
|html|<div class="broadcast-red"><b>The battle crashed</b><br />You can keep playing but it might crash again.</div>
|html|<div class="broadcast-red"><b>The battle crashed</b><br />You can keep playing but it might crash again.</div>
|html|<div class="broadcast-red"><b>The battle crashed</b><br />You can keep playing but it might crash again.</div>
|html|<div class="broadcast-red"><b>The battle crashed</b><br />You can keep playing but it might crash again.</div>
|html|<div class="broadcast-red"><b>The battle crashed</b><br />You can keep playing but it might crash again.</div>
|html|<div class="broadcast-red"><b>The battle crashed</b><br />You can keep playing but it might crash again.</div>
|html|<div class="broadcast-red"><b>The battle crashed</b><br />You can keep playing but it might crash again.</div>
|html|<div class="broadcast-red"><b>The battle crashed</b><br />You can keep playing but it might crash again.</div>
|html|<div class="broadcast-red"><b>The battle crashed</b><br />You can keep playing but it might crash again.</div>
|html|<div class="broadcast-red"><b>The battle crashed</b><br />You can keep playing but it might crash again.</div>
|html|<div class="broadcast-red"><b>The battle crashed</b><br />You can keep playing but it might crash again.</div>
|html|<div class="broadcast-red"><b>The battle crashed</b><br />You can keep playing but it might crash again.</div>
|html|<div class="broadcast-red"><b>The battle crashed</b><br />You can keep playing but it might crash again.</div>
|html|<div class="broadcast-red"><b>The battle crashed</b><br />You can keep playing but it might crash again.</div>
|html|<div class="broadcast-red"><b>The battle crashed</b><br />You can keep playing but it might crash again.</div>
|html|<div class="broadcast-red"><b>The battle crashed</b><br />You can keep playing but it might crash again.</div>
|html|<div class="broadcast-red"><b>The battle crashed</b><br />You can keep playing but it might crash again.</div>
|html|<div class="broadcast-red"><b>The battle crashed</b><br />You can keep playing but it might crash again.</div>
|html|<div class="broadcast-red"><b>The battle crashed</b><br />You can keep playing but it might crash again.</div>
|html|<div class="broadcast-red"><b>The battle crashed</b><br />You can keep playing but it might crash again.</div>
|html|<div class="broadcast-red"><b>The battle crashed</b><br />You can keep playing but it might crash again.</div>
|html|<div class="broadcast-red"><b>The battle crashed</b><br />You can keep playing but it might crash again.</div>
|html|<div class="broadcast-red"><b>The battle crashed</b><br />You can keep playing but it might crash again.</div>
|html|<div class="broadcast-red"><b>The battle crashed</b><br />You can keep playing but it might crash again.</div>
|html|<div class="broadcast-red"><b>The battle crashed</b><br />You can keep playing but it might crash again.</div>
|html|<div class="broadcast-red"><b>The battle crashed</b><br />You can keep playing but it might crash again.</div>
|html|<div class="broadcast-red"><b>The battle crashed</b><br />You can keep playing but it might crash again.</div>
|html|<div class="broadcast-red"><b>The battle crashed</b><br />You can keep playing but it might crash again.</div>
|html|<div class="broadcast-red"><b>The battle crashed</b><br />You can keep playing but it might crash again.</div>
|html|<div class="broadcast-red"><b>The battle crashed</b><br />You can keep playing but it might crash again.</div>
|html|<div class="broadcast-red"><b>The battle crashed</b><br />You can keep playing but it might crash again.</div>
|html|<div class="broadcast-red"><b>The battle crashed</b><br />You can keep playing but it might crash again.</div>
|html|<div class="broadcast-red"><b>The battle crashed</b><br />You can keep playing but it might crash again.</div>
|html|<div class="broadcast-red"><b>The battle crashed</b><br />You can keep playing but it might crash again.</div>
|html|<div class="broadcast-red"><b>The battle crashed</b><br />You can keep playing but it might crash again.</div>
|html|<div class="broadcast-red"><b>The battle crashed</b><br />You can keep playing but it might crash again.</div>

TypeError: Cannot read property 'isActive' of null
    at Tools.Battle.makeRequest (/Users/clazinasteunenberg/Downloads/Test/battle-engine.js:1943:15)
    at process.BattlePokemon.side (/Users/clazinasteunenberg/Downloads/Test/battle-engine.js:157:13)
    at process.EventEmitter.emit (events.js:98:17)
    at handleMessage (child_process.js:318:10)
    at Pipe.channel.onread (child_process.js:345:11)

TypeError: Cannot use 'in' operator to search for 'Rule:potd' in undefined
    at Tools.exports.BattleScripts.randomTeam (/Users/clazinasteunenberg/Downloads/Test/data/scripts.js:1482:38)
    at Tools.exports.BattleScripts.getTeam (/Users/clazinasteunenberg/Downloads/Test/data/scripts.js:494:16)
    at new BattleSide (/Users/clazinasteunenberg/Downloads/Test/battle-engine.js:1096:27)
    at Tools.Battle.join (/Users/clazinasteunenberg/Downloads/Test/battle-engine.js:3333:15)
    at Tools.Battle.receive (/Users/clazinasteunenberg/Downloads/Test/battle-engine.js:3390:9)
    at process.BattlePokemon.side (/Users/clazinasteunenberg/Downloads/Test/battle-engine.js:143:12)
    at process.EventEmitter.emit (events.js:98:17)
    at handleMessage (child_process.js:318:10)
    at Pipe.channel.onread (child_process.js:345:11)

Additional information:
message = battle-randombattle-478|join|p1|E4 GhostKiller|165
currentRequest = 

Log:
|html|<div class="broadcast-red"><b>The battle crashed</b><br />You can keep playing but it might crash again.</div>
|html|<div class="broadcast-red"><b>The battle crashed</b><br />You can keep playing but it might crash again.</div>
|html|<div class="broadcast-red"><b>The battle crashed</b><br />You can keep playing but it might crash again.</div>
|html|<div class="broadcast-red"><b>The battle crashed</b><br />You can keep playing but it might crash again.</div>
|html|<div class="broadcast-red"><b>The battle crashed</b><br />You can keep playing but it might crash again.</div>
|html|<div class="broadcast-red"><b>The battle crashed</b><br />You can keep playing but it might crash again.</div>
|html|<div class="broadcast-red"><b>The battle crashed</b><br />You can keep playing but it might crash again.</div>
|html|<div class="broadcast-red"><b>The battle crashed</b><br />You can keep playing but it might crash again.</div>
|html|<div class="broadcast-red"><b>The battle crashed</b><br />You can keep playing but it might crash again.</div>
|html|<div class="broadcast-red"><b>The battle crashed</b><br />You can keep playing but it might crash again.</div>
|html|<div class="broadcast-red"><b>The battle crashed</b><br />You can keep playing but it might crash again.</div>
|html|<div class="broadcast-red"><b>The battle crashed</b><br />You can keep playing but it might crash again.</div>
|html|<div class="broadcast-red"><b>The battle crashed</b><br />You can keep playing but it might crash again.</div>
|html|<div class="broadcast-red"><b>The battle crashed</b><br />You can keep playing but it might crash again.</div>
|html|<div class="broadcast-red"><b>The battle crashed</b><br />You can keep playing but it might crash again.</div>
|html|<div class="broadcast-red"><b>The battle crashed</b><br />You can keep playing but it might crash again.</div>
|html|<div class="broadcast-red"><b>The battle crashed</b><br />You can keep playing but it might crash again.</div>
|html|<div class="broadcast-red"><b>The battle crashed</b><br />You can keep playing but it might crash again.</div>
|html|<div class="broadcast-red"><b>The battle crashed</b><br />You can keep playing but it might crash again.</div>
|html|<div class="broadcast-red"><b>The battle crashed</b><br />You can keep playing but it might crash again.</div>
|html|<div class="broadcast-red"><b>The battle crashed</b><br />You can keep playing but it might crash again.</div>
|html|<div class="broadcast-red"><b>The battle crashed</b><br />You can keep playing but it might crash again.</div>
|html|<div class="broadcast-red"><b>The battle crashed</b><br />You can keep playing but it might crash again.</div>
|html|<div class="broadcast-red"><b>The battle crashed</b><br />You can keep playing but it might crash again.</div>
|html|<div class="broadcast-red"><b>The battle crashed</b><br />You can keep playing but it might crash again.</div>
|html|<div class="broadcast-red"><b>The battle crashed</b><br />You can keep playing but it might crash again.</div>
|html|<div class="broadcast-red"><b>The battle crashed</b><br />You can keep playing but it might crash again.</div>
|html|<div class="broadcast-red"><b>The battle crashed</b><br />You can keep playing but it might crash again.</div>
|html|<div class="broadcast-red"><b>The battle crashed</b><br />You can keep playing but it might crash again.</div>
|html|<div class="broadcast-red"><b>The battle crashed</b><br />You can keep playing but it might crash again.</div>
|html|<div class="broadcast-red"><b>The battle crashed</b><br />You can keep playing but it might crash again.</div>
|html|<div class="broadcast-red"><b>The battle crashed</b><br />You can keep playing but it might crash again.</div>
|html|<div class="broadcast-red"><b>The battle crashed</b><br />You can keep playing but it might crash again.</div>
|html|<div class="broadcast-red"><b>The battle crashed</b><br />You can keep playing but it might crash again.</div>
|html|<div class="broadcast-red"><b>The battle crashed</b><br />You can keep playing but it might crash again.</div>
|html|<div class="broadcast-red"><b>The battle crashed</b><br />You can keep playing but it might crash again.</div>
|html|<div class="broadcast-red"><b>The battle crashed</b><br />You can keep playing but it might crash again.</div>
|html|<div class="broadcast-red"><b>The battle crashed</b><br />You can keep playing but it might crash again.</div>

TypeError: Cannot read property 'isActive' of null
    at Tools.Battle.makeRequest (/Users/clazinasteunenberg/Downloads/Test/battle-engine.js:1943:15)
    at process.BattlePokemon.side (/Users/clazinasteunenberg/Downloads/Test/battle-engine.js:157:13)
    at process.EventEmitter.emit (events.js:98:17)
    at handleMessage (child_process.js:318:10)
    at Pipe.channel.onread (child_process.js:345:11)

TypeError: Cannot use 'in' operator to search for 'Rule:potd' in undefined
    at Tools.exports.BattleScripts.randomTeam (/Users/clazinasteunenberg/Downloads/Test/data/scripts.js:1482:38)
    at Tools.exports.BattleScripts.getTeam (/Users/clazinasteunenberg/Downloads/Test/data/scripts.js:494:16)
    at new BattleSide (/Users/clazinasteunenberg/Downloads/Test/battle-engine.js:1096:27)
    at Tools.Battle.join (/Users/clazinasteunenberg/Downloads/Test/battle-engine.js:3333:15)
    at Tools.Battle.receive (/Users/clazinasteunenberg/Downloads/Test/battle-engine.js:3390:9)
    at process.BattlePokemon.side (/Users/clazinasteunenberg/Downloads/Test/battle-engine.js:143:12)
    at process.EventEmitter.emit (events.js:98:17)
    at handleMessage (child_process.js:318:10)
    at Pipe.channel.onread (child_process.js:345:11)

Additional information:
message = battle-randombattle-478|join|p1|E4 GhostKiller|165
currentRequest = 

Log:
|html|<div class="broadcast-red"><b>The battle crashed</b><br />You can keep playing but it might crash again.</div>
|html|<div class="broadcast-red"><b>The battle crashed</b><br />You can keep playing but it might crash again.</div>
|html|<div class="broadcast-red"><b>The battle crashed</b><br />You can keep playing but it might crash again.</div>
|html|<div class="broadcast-red"><b>The battle crashed</b><br />You can keep playing but it might crash again.</div>
|html|<div class="broadcast-red"><b>The battle crashed</b><br />You can keep playing but it might crash again.</div>
|html|<div class="broadcast-red"><b>The battle crashed</b><br />You can keep playing but it might crash again.</div>
|html|<div class="broadcast-red"><b>The battle crashed</b><br />You can keep playing but it might crash again.</div>
|html|<div class="broadcast-red"><b>The battle crashed</b><br />You can keep playing but it might crash again.</div>
|html|<div class="broadcast-red"><b>The battle crashed</b><br />You can keep playing but it might crash again.</div>
|html|<div class="broadcast-red"><b>The battle crashed</b><br />You can keep playing but it might crash again.</div>
|html|<div class="broadcast-red"><b>The battle crashed</b><br />You can keep playing but it might crash again.</div>
|html|<div class="broadcast-red"><b>The battle crashed</b><br />You can keep playing but it might crash again.</div>
|html|<div class="broadcast-red"><b>The battle crashed</b><br />You can keep playing but it might crash again.</div>
|html|<div class="broadcast-red"><b>The battle crashed</b><br />You can keep playing but it might crash again.</div>
|html|<div class="broadcast-red"><b>The battle crashed</b><br />You can keep playing but it might crash again.</div>
|html|<div class="broadcast-red"><b>The battle crashed</b><br />You can keep playing but it might crash again.</div>
|html|<div class="broadcast-red"><b>The battle crashed</b><br />You can keep playing but it might crash again.</div>
|html|<div class="broadcast-red"><b>The battle crashed</b><br />You can keep playing but it might crash again.</div>
|html|<div class="broadcast-red"><b>The battle crashed</b><br />You can keep playing but it might crash again.</div>
|html|<div class="broadcast-red"><b>The battle crashed</b><br />You can keep playing but it might crash again.</div>
|html|<div class="broadcast-red"><b>The battle crashed</b><br />You can keep playing but it might crash again.</div>
|html|<div class="broadcast-red"><b>The battle crashed</b><br />You can keep playing but it might crash again.</div>
|html|<div class="broadcast-red"><b>The battle crashed</b><br />You can keep playing but it might crash again.</div>
|html|<div class="broadcast-red"><b>The battle crashed</b><br />You can keep playing but it might crash again.</div>
|html|<div class="broadcast-red"><b>The battle crashed</b><br />You can keep playing but it might crash again.</div>
|html|<div class="broadcast-red"><b>The battle crashed</b><br />You can keep playing but it might crash again.</div>
|html|<div class="broadcast-red"><b>The battle crashed</b><br />You can keep playing but it might crash again.</div>
|html|<div class="broadcast-red"><b>The battle crashed</b><br />You can keep playing but it might crash again.</div>
|html|<div class="broadcast-red"><b>The battle crashed</b><br />You can keep playing but it might crash again.</div>
|html|<div class="broadcast-red"><b>The battle crashed</b><br />You can keep playing but it might crash again.</div>
|html|<div class="broadcast-red"><b>The battle crashed</b><br />You can keep playing but it might crash again.</div>
|html|<div class="broadcast-red"><b>The battle crashed</b><br />You can keep playing but it might crash again.</div>
|html|<div class="broadcast-red"><b>The battle crashed</b><br />You can keep playing but it might crash again.</div>
|html|<div class="broadcast-red"><b>The battle crashed</b><br />You can keep playing but it might crash again.</div>
|html|<div class="broadcast-red"><b>The battle crashed</b><br />You can keep playing but it might crash again.</div>
|html|<div class="broadcast-red"><b>The battle crashed</b><br />You can keep playing but it might crash again.</div>
|html|<div class="broadcast-red"><b>The battle crashed</b><br />You can keep playing but it might crash again.</div>
|html|<div class="broadcast-red"><b>The battle crashed</b><br />You can keep playing but it might crash again.</div>
|html|<div class="broadcast-red"><b>The battle crashed</b><br />You can keep playing but it might crash again.</div>

TypeError: Cannot read property 'isActive' of null
    at Tools.Battle.makeRequest (/Users/clazinasteunenberg/Downloads/Test/battle-engine.js:1943:15)
    at process.BattlePokemon.side (/Users/clazinasteunenberg/Downloads/Test/battle-engine.js:157:13)
    at process.EventEmitter.emit (events.js:98:17)
    at handleMessage (child_process.js:318:10)
    at Pipe.channel.onread (child_process.js:345:11)

TypeError: Cannot use 'in' operator to search for 'Rule:potd' in undefined
    at Tools.exports.BattleScripts.randomTeam (/Users/clazinasteunenberg/Downloads/Test/data/scripts.js:1482:38)
    at Tools.exports.BattleScripts.getTeam (/Users/clazinasteunenberg/Downloads/Test/data/scripts.js:494:16)
    at new BattleSide (/Users/clazinasteunenberg/Downloads/Test/battle-engine.js:1096:27)
    at Tools.Battle.join (/Users/clazinasteunenberg/Downloads/Test/battle-engine.js:3333:15)
    at Tools.Battle.receive (/Users/clazinasteunenberg/Downloads/Test/battle-engine.js:3390:9)
    at process.BattlePokemon.side (/Users/clazinasteunenberg/Downloads/Test/battle-engine.js:143:12)
    at process.EventEmitter.emit (events.js:98:17)
    at handleMessage (child_process.js:318:10)
    at Pipe.channel.onread (child_process.js:345:11)

Additional information:
message = battle-randombattle-478|join|p1|E4 GhostKiller|165
currentRequest = 

Log:
|html|<div class="broadcast-red"><b>The battle crashed</b><br />You can keep playing but it might crash again.</div>
|html|<div class="broadcast-red"><b>The battle crashed</b><br />You can keep playing but it might crash again.</div>
|html|<div class="broadcast-red"><b>The battle crashed</b><br />You can keep playing but it might crash again.</div>
|html|<div class="broadcast-red"><b>The battle crashed</b><br />You can keep playing but it might crash again.</div>
|html|<div class="broadcast-red"><b>The battle crashed</b><br />You can keep playing but it might crash again.</div>
|html|<div class="broadcast-red"><b>The battle crashed</b><br />You can keep playing but it might crash again.</div>
|html|<div class="broadcast-red"><b>The battle crashed</b><br />You can keep playing but it might crash again.</div>
|html|<div class="broadcast-red"><b>The battle crashed</b><br />You can keep playing but it might crash again.</div>
|html|<div class="broadcast-red"><b>The battle crashed</b><br />You can keep playing but it might crash again.</div>
|html|<div class="broadcast-red"><b>The battle crashed</b><br />You can keep playing but it might crash again.</div>
|html|<div class="broadcast-red"><b>The battle crashed</b><br />You can keep playing but it might crash again.</div>
|html|<div class="broadcast-red"><b>The battle crashed</b><br />You can keep playing but it might crash again.</div>
|html|<div class="broadcast-red"><b>The battle crashed</b><br />You can keep playing but it might crash again.</div>
|html|<div class="broadcast-red"><b>The battle crashed</b><br />You can keep playing but it might crash again.</div>
|html|<div class="broadcast-red"><b>The battle crashed</b><br />You can keep playing but it might crash again.</div>
|html|<div class="broadcast-red"><b>The battle crashed</b><br />You can keep playing but it might crash again.</div>
|html|<div class="broadcast-red"><b>The battle crashed</b><br />You can keep playing but it might crash again.</div>
|html|<div class="broadcast-red"><b>The battle crashed</b><br />You can keep playing but it might crash again.</div>
|html|<div class="broadcast-red"><b>The battle crashed</b><br />You can keep playing but it might crash again.</div>
|html|<div class="broadcast-red"><b>The battle crashed</b><br />You can keep playing but it might crash again.</div>
|html|<div class="broadcast-red"><b>The battle crashed</b><br />You can keep playing but it might crash again.</div>
|html|<div class="broadcast-red"><b>The battle crashed</b><br />You can keep playing but it might crash again.</div>
|html|<div class="broadcast-red"><b>The battle crashed</b><br />You can keep playing but it might crash again.</div>
|html|<div class="broadcast-red"><b>The battle crashed</b><br />You can keep playing but it might crash again.</div>
|html|<div class="broadcast-red"><b>The battle crashed</b><br />You can keep playing but it might crash again.</div>
|html|<div class="broadcast-red"><b>The battle crashed</b><br />You can keep playing but it might crash again.</div>
|html|<div class="broadcast-red"><b>The battle crashed</b><br />You can keep playing but it might crash again.</div>
|html|<div class="broadcast-red"><b>The battle crashed</b><br />You can keep playing but it might crash again.</div>
|html|<div class="broadcast-red"><b>The battle crashed</b><br />You can keep playing but it might crash again.</div>
|html|<div class="broadcast-red"><b>The battle crashed</b><br />You can keep playing but it might crash again.</div>
|html|<div class="broadcast-red"><b>The battle crashed</b><br />You can keep playing but it might crash again.</div>
|html|<div class="broadcast-red"><b>The battle crashed</b><br />You can keep playing but it might crash again.</div>
|html|<div class="broadcast-red"><b>The battle crashed</b><br />You can keep playing but it might crash again.</div>
|html|<div class="broadcast-red"><b>The battle crashed</b><br />You can keep playing but it might crash again.</div>
|html|<div class="broadcast-red"><b>The battle crashed</b><br />You can keep playing but it might crash again.</div>
|html|<div class="broadcast-red"><b>The battle crashed</b><br />You can keep playing but it might crash again.</div>
|html|<div class="broadcast-red"><b>The battle crashed</b><br />You can keep playing but it might crash again.</div>
|html|<div class="broadcast-red"><b>The battle crashed</b><br />You can keep playing but it might crash again.</div>
|html|<div class="broadcast-red"><b>The battle crashed</b><br />You can keep playing but it might crash again.</div>
|html|<div class="broadcast-red"><b>The battle crashed</b><br />You can keep playing but it might crash again.</div>

TypeError: Cannot read property 'isActive' of null
    at Tools.Battle.makeRequest (/Users/clazinasteunenberg/Downloads/Test/battle-engine.js:1943:15)
    at process.BattlePokemon.side (/Users/clazinasteunenberg/Downloads/Test/battle-engine.js:157:13)
    at process.EventEmitter.emit (events.js:98:17)
    at handleMessage (child_process.js:318:10)
    at Pipe.channel.onread (child_process.js:345:11)

TypeError: Cannot use 'in' operator to search for 'Rule:potd' in undefined
    at Tools.exports.BattleScripts.randomTeam (/Users/clazinasteunenberg/Downloads/Test/data/scripts.js:1482:38)
    at Tools.exports.BattleScripts.getTeam (/Users/clazinasteunenberg/Downloads/Test/data/scripts.js:494:16)
    at new BattleSide (/Users/clazinasteunenberg/Downloads/Test/battle-engine.js:1096:27)
    at Tools.Battle.join (/Users/clazinasteunenberg/Downloads/Test/battle-engine.js:3333:15)
    at Tools.Battle.receive (/Users/clazinasteunenberg/Downloads/Test/battle-engine.js:3390:9)
    at process.BattlePokemon.side (/Users/clazinasteunenberg/Downloads/Test/battle-engine.js:143:12)
    at process.EventEmitter.emit (events.js:98:17)
    at handleMessage (child_process.js:318:10)
    at Pipe.channel.onread (child_process.js:345:11)

Additional information:
message = battle-randombattle-478|join|p1|E4 GhostKiller|165
currentRequest = 

Log:
|html|<div class="broadcast-red"><b>The battle crashed</b><br />You can keep playing but it might crash again.</div>
|html|<div class="broadcast-red"><b>The battle crashed</b><br />You can keep playing but it might crash again.</div>
|html|<div class="broadcast-red"><b>The battle crashed</b><br />You can keep playing but it might crash again.</div>
|html|<div class="broadcast-red"><b>The battle crashed</b><br />You can keep playing but it might crash again.</div>
|html|<div class="broadcast-red"><b>The battle crashed</b><br />You can keep playing but it might crash again.</div>
|html|<div class="broadcast-red"><b>The battle crashed</b><br />You can keep playing but it might crash again.</div>
|html|<div class="broadcast-red"><b>The battle crashed</b><br />You can keep playing but it might crash again.</div>
|html|<div class="broadcast-red"><b>The battle crashed</b><br />You can keep playing but it might crash again.</div>
|html|<div class="broadcast-red"><b>The battle crashed</b><br />You can keep playing but it might crash again.</div>
|html|<div class="broadcast-red"><b>The battle crashed</b><br />You can keep playing but it might crash again.</div>
|html|<div class="broadcast-red"><b>The battle crashed</b><br />You can keep playing but it might crash again.</div>
|html|<div class="broadcast-red"><b>The battle crashed</b><br />You can keep playing but it might crash again.</div>
|html|<div class="broadcast-red"><b>The battle crashed</b><br />You can keep playing but it might crash again.</div>
|html|<div class="broadcast-red"><b>The battle crashed</b><br />You can keep playing but it might crash again.</div>
|html|<div class="broadcast-red"><b>The battle crashed</b><br />You can keep playing but it might crash again.</div>
|html|<div class="broadcast-red"><b>The battle crashed</b><br />You can keep playing but it might crash again.</div>
|html|<div class="broadcast-red"><b>The battle crashed</b><br />You can keep playing but it might crash again.</div>
|html|<div class="broadcast-red"><b>The battle crashed</b><br />You can keep playing but it might crash again.</div>
|html|<div class="broadcast-red"><b>The battle crashed</b><br />You can keep playing but it might crash again.</div>
|html|<div class="broadcast-red"><b>The battle crashed</b><br />You can keep playing but it might crash again.</div>
|html|<div class="broadcast-red"><b>The battle crashed</b><br />You can keep playing but it might crash again.</div>
|html|<div class="broadcast-red"><b>The battle crashed</b><br />You can keep playing but it might crash again.</div>
|html|<div class="broadcast-red"><b>The battle crashed</b><br />You can keep playing but it might crash again.</div>
|html|<div class="broadcast-red"><b>The battle crashed</b><br />You can keep playing but it might crash again.</div>
|html|<div class="broadcast-red"><b>The battle crashed</b><br />You can keep playing but it might crash again.</div>
|html|<div class="broadcast-red"><b>The battle crashed</b><br />You can keep playing but it might crash again.</div>
|html|<div class="broadcast-red"><b>The battle crashed</b><br />You can keep playing but it might crash again.</div>
|html|<div class="broadcast-red"><b>The battle crashed</b><br />You can keep playing but it might crash again.</div>
|html|<div class="broadcast-red"><b>The battle crashed</b><br />You can keep playing but it might crash again.</div>
|html|<div class="broadcast-red"><b>The battle crashed</b><br />You can keep playing but it might crash again.</div>
|html|<div class="broadcast-red"><b>The battle crashed</b><br />You can keep playing but it might crash again.</div>
|html|<div class="broadcast-red"><b>The battle crashed</b><br />You can keep playing but it might crash again.</div>
|html|<div class="broadcast-red"><b>The battle crashed</b><br />You can keep playing but it might crash again.</div>
|html|<div class="broadcast-red"><b>The battle crashed</b><br />You can keep playing but it might crash again.</div>
|html|<div class="broadcast-red"><b>The battle crashed</b><br />You can keep playing but it might crash again.</div>
|html|<div class="broadcast-red"><b>The battle crashed</b><br />You can keep playing but it might crash again.</div>
|html|<div class="broadcast-red"><b>The battle crashed</b><br />You can keep playing but it might crash again.</div>
|html|<div class="broadcast-red"><b>The battle crashed</b><br />You can keep playing but it might crash again.</div>
|html|<div class="broadcast-red"><b>The battle crashed</b><br />You can keep playing but it might crash again.</div>
|html|<div class="broadcast-red"><b>The battle crashed</b><br />You can keep playing but it might crash again.</div>
|html|<div class="broadcast-red"><b>The battle crashed</b><br />You can keep playing but it might crash again.</div>

TypeError: Cannot read property 'isActive' of null
    at Tools.Battle.makeRequest (/Users/clazinasteunenberg/Downloads/Test/battle-engine.js:1943:15)
    at process.BattlePokemon.side (/Users/clazinasteunenberg/Downloads/Test/battle-engine.js:157:13)
    at process.EventEmitter.emit (events.js:98:17)
    at handleMessage (child_process.js:318:10)
    at Pipe.channel.onread (child_process.js:345:11)

TypeError: Cannot use 'in' operator to search for 'Rule:potd' in undefined
    at Tools.exports.BattleScripts.randomTeam (/Users/clazinasteunenberg/Downloads/Test/data/scripts.js:1482:38)
    at Tools.exports.BattleScripts.getTeam (/Users/clazinasteunenberg/Downloads/Test/data/scripts.js:494:16)
    at new BattleSide (/Users/clazinasteunenberg/Downloads/Test/battle-engine.js:1096:27)
    at Tools.Battle.join (/Users/clazinasteunenberg/Downloads/Test/battle-engine.js:3333:15)
    at Tools.Battle.receive (/Users/clazinasteunenberg/Downloads/Test/battle-engine.js:3390:9)
    at process.BattlePokemon.side (/Users/clazinasteunenberg/Downloads/Test/battle-engine.js:143:12)
    at process.EventEmitter.emit (events.js:98:17)
    at handleMessage (child_process.js:318:10)
    at Pipe.channel.onread (child_process.js:345:11)

Additional information:
message = battle-randombattle-478|join|p1|E4 GhostKiller|165
currentRequest = 

Log:
|html|<div class="broadcast-red"><b>The battle crashed</b><br />You can keep playing but it might crash again.</div>
|html|<div class="broadcast-red"><b>The battle crashed</b><br />You can keep playing but it might crash again.</div>
|html|<div class="broadcast-red"><b>The battle crashed</b><br />You can keep playing but it might crash again.</div>
|html|<div class="broadcast-red"><b>The battle crashed</b><br />You can keep playing but it might crash again.</div>
|html|<div class="broadcast-red"><b>The battle crashed</b><br />You can keep playing but it might crash again.</div>
|html|<div class="broadcast-red"><b>The battle crashed</b><br />You can keep playing but it might crash again.</div>
|html|<div class="broadcast-red"><b>The battle crashed</b><br />You can keep playing but it might crash again.</div>
|html|<div class="broadcast-red"><b>The battle crashed</b><br />You can keep playing but it might crash again.</div>
|html|<div class="broadcast-red"><b>The battle crashed</b><br />You can keep playing but it might crash again.</div>
|html|<div class="broadcast-red"><b>The battle crashed</b><br />You can keep playing but it might crash again.</div>
|html|<div class="broadcast-red"><b>The battle crashed</b><br />You can keep playing but it might crash again.</div>
|html|<div class="broadcast-red"><b>The battle crashed</b><br />You can keep playing but it might crash again.</div>
|html|<div class="broadcast-red"><b>The battle crashed</b><br />You can keep playing but it might crash again.</div>
|html|<div class="broadcast-red"><b>The battle crashed</b><br />You can keep playing but it might crash again.</div>
|html|<div class="broadcast-red"><b>The battle crashed</b><br />You can keep playing but it might crash again.</div>
|html|<div class="broadcast-red"><b>The battle crashed</b><br />You can keep playing but it might crash again.</div>
|html|<div class="broadcast-red"><b>The battle crashed</b><br />You can keep playing but it might crash again.</div>
|html|<div class="broadcast-red"><b>The battle crashed</b><br />You can keep playing but it might crash again.</div>
|html|<div class="broadcast-red"><b>The battle crashed</b><br />You can keep playing but it might crash again.</div>
|html|<div class="broadcast-red"><b>The battle crashed</b><br />You can keep playing but it might crash again.</div>
|html|<div class="broadcast-red"><b>The battle crashed</b><br />You can keep playing but it might crash again.</div>
|html|<div class="broadcast-red"><b>The battle crashed</b><br />You can keep playing but it might crash again.</div>
|html|<div class="broadcast-red"><b>The battle crashed</b><br />You can keep playing but it might crash again.</div>
|html|<div class="broadcast-red"><b>The battle crashed</b><br />You can keep playing but it might crash again.</div>
|html|<div class="broadcast-red"><b>The battle crashed</b><br />You can keep playing but it might crash again.</div>
|html|<div class="broadcast-red"><b>The battle crashed</b><br />You can keep playing but it might crash again.</div>
|html|<div class="broadcast-red"><b>The battle crashed</b><br />You can keep playing but it might crash again.</div>
|html|<div class="broadcast-red"><b>The battle crashed</b><br />You can keep playing but it might crash again.</div>
|html|<div class="broadcast-red"><b>The battle crashed</b><br />You can keep playing but it might crash again.</div>
|html|<div class="broadcast-red"><b>The battle crashed</b><br />You can keep playing but it might crash again.</div>
|html|<div class="broadcast-red"><b>The battle crashed</b><br />You can keep playing but it might crash again.</div>
|html|<div class="broadcast-red"><b>The battle crashed</b><br />You can keep playing but it might crash again.</div>
|html|<div class="broadcast-red"><b>The battle crashed</b><br />You can keep playing but it might crash again.</div>
|html|<div class="broadcast-red"><b>The battle crashed</b><br />You can keep playing but it might crash again.</div>
|html|<div class="broadcast-red"><b>The battle crashed</b><br />You can keep playing but it might crash again.</div>
|html|<div class="broadcast-red"><b>The battle crashed</b><br />You can keep playing but it might crash again.</div>
|html|<div class="broadcast-red"><b>The battle crashed</b><br />You can keep playing but it might crash again.</div>
|html|<div class="broadcast-red"><b>The battle crashed</b><br />You can keep playing but it might crash again.</div>
|html|<div class="broadcast-red"><b>The battle crashed</b><br />You can keep playing but it might crash again.</div>
|html|<div class="broadcast-red"><b>The battle crashed</b><br />You can keep playing but it might crash again.</div>
|html|<div class="broadcast-red"><b>The battle crashed</b><br />You can keep playing but it might crash again.</div>
|html|<div class="broadcast-red"><b>The battle crashed</b><br />You can keep playing but it might crash again.</div>

TypeError: Cannot read property 'isActive' of null
    at Tools.Battle.makeRequest (/Users/clazinasteunenberg/Downloads/Test/battle-engine.js:1943:15)
    at process.BattlePokemon.side (/Users/clazinasteunenberg/Downloads/Test/battle-engine.js:157:13)
    at process.EventEmitter.emit (events.js:98:17)
    at handleMessage (child_process.js:318:10)
    at Pipe.channel.onread (child_process.js:345:11)

TypeError: Cannot use 'in' operator to search for 'Rule:potd' in undefined
    at Tools.exports.BattleScripts.randomTeam (/Users/clazinasteunenberg/Downloads/Test/data/scripts.js:1482:38)
    at Tools.exports.BattleScripts.getTeam (/Users/clazinasteunenberg/Downloads/Test/data/scripts.js:494:16)
    at new BattleSide (/Users/clazinasteunenberg/Downloads/Test/battle-engine.js:1096:27)
    at Tools.Battle.join (/Users/clazinasteunenberg/Downloads/Test/battle-engine.js:3333:15)
    at Tools.Battle.receive (/Users/clazinasteunenberg/Downloads/Test/battle-engine.js:3390:9)
    at process.BattlePokemon.side (/Users/clazinasteunenberg/Downloads/Test/battle-engine.js:143:12)
    at process.EventEmitter.emit (events.js:98:17)
    at handleMessage (child_process.js:318:10)
    at Pipe.channel.onread (child_process.js:345:11)

Additional information:
message = battle-randombattle-478|join|p1|E4 GhostKiller|165
currentRequest = 

Log:
|html|<div class="broadcast-red"><b>The battle crashed</b><br />You can keep playing but it might crash again.</div>
|html|<div class="broadcast-red"><b>The battle crashed</b><br />You can keep playing but it might crash again.</div>
|html|<div class="broadcast-red"><b>The battle crashed</b><br />You can keep playing but it might crash again.</div>
|html|<div class="broadcast-red"><b>The battle crashed</b><br />You can keep playing but it might crash again.</div>
|html|<div class="broadcast-red"><b>The battle crashed</b><br />You can keep playing but it might crash again.</div>
|html|<div class="broadcast-red"><b>The battle crashed</b><br />You can keep playing but it might crash again.</div>
|html|<div class="broadcast-red"><b>The battle crashed</b><br />You can keep playing but it might crash again.</div>
|html|<div class="broadcast-red"><b>The battle crashed</b><br />You can keep playing but it might crash again.</div>
|html|<div class="broadcast-red"><b>The battle crashed</b><br />You can keep playing but it might crash again.</div>
|html|<div class="broadcast-red"><b>The battle crashed</b><br />You can keep playing but it might crash again.</div>
|html|<div class="broadcast-red"><b>The battle crashed</b><br />You can keep playing but it might crash again.</div>
|html|<div class="broadcast-red"><b>The battle crashed</b><br />You can keep playing but it might crash again.</div>
|html|<div class="broadcast-red"><b>The battle crashed</b><br />You can keep playing but it might crash again.</div>
|html|<div class="broadcast-red"><b>The battle crashed</b><br />You can keep playing but it might crash again.</div>
|html|<div class="broadcast-red"><b>The battle crashed</b><br />You can keep playing but it might crash again.</div>
|html|<div class="broadcast-red"><b>The battle crashed</b><br />You can keep playing but it might crash again.</div>
|html|<div class="broadcast-red"><b>The battle crashed</b><br />You can keep playing but it might crash again.</div>
|html|<div class="broadcast-red"><b>The battle crashed</b><br />You can keep playing but it might crash again.</div>
|html|<div class="broadcast-red"><b>The battle crashed</b><br />You can keep playing but it might crash again.</div>
|html|<div class="broadcast-red"><b>The battle crashed</b><br />You can keep playing but it might crash again.</div>
|html|<div class="broadcast-red"><b>The battle crashed</b><br />You can keep playing but it might crash again.</div>
|html|<div class="broadcast-red"><b>The battle crashed</b><br />You can keep playing but it might crash again.</div>
|html|<div class="broadcast-red"><b>The battle crashed</b><br />You can keep playing but it might crash again.</div>
|html|<div class="broadcast-red"><b>The battle crashed</b><br />You can keep playing but it might crash again.</div>
|html|<div class="broadcast-red"><b>The battle crashed</b><br />You can keep playing but it might crash again.</div>
|html|<div class="broadcast-red"><b>The battle crashed</b><br />You can keep playing but it might crash again.</div>
|html|<div class="broadcast-red"><b>The battle crashed</b><br />You can keep playing but it might crash again.</div>
|html|<div class="broadcast-red"><b>The battle crashed</b><br />You can keep playing but it might crash again.</div>
|html|<div class="broadcast-red"><b>The battle crashed</b><br />You can keep playing but it might crash again.</div>
|html|<div class="broadcast-red"><b>The battle crashed</b><br />You can keep playing but it might crash again.</div>
|html|<div class="broadcast-red"><b>The battle crashed</b><br />You can keep playing but it might crash again.</div>
|html|<div class="broadcast-red"><b>The battle crashed</b><br />You can keep playing but it might crash again.</div>
|html|<div class="broadcast-red"><b>The battle crashed</b><br />You can keep playing but it might crash again.</div>
|html|<div class="broadcast-red"><b>The battle crashed</b><br />You can keep playing but it might crash again.</div>
|html|<div class="broadcast-red"><b>The battle crashed</b><br />You can keep playing but it might crash again.</div>
|html|<div class="broadcast-red"><b>The battle crashed</b><br />You can keep playing but it might crash again.</div>
|html|<div class="broadcast-red"><b>The battle crashed</b><br />You can keep playing but it might crash again.</div>
|html|<div class="broadcast-red"><b>The battle crashed</b><br />You can keep playing but it might crash again.</div>
|html|<div class="broadcast-red"><b>The battle crashed</b><br />You can keep playing but it might crash again.</div>
|html|<div class="broadcast-red"><b>The battle crashed</b><br />You can keep playing but it might crash again.</div>
|html|<div class="broadcast-red"><b>The battle crashed</b><br />You can keep playing but it might crash again.</div>
|html|<div class="broadcast-red"><b>The battle crashed</b><br />You can keep playing but it might crash again.</div>
|html|<div class="broadcast-red"><b>The battle crashed</b><br />You can keep playing but it might crash again.</div>

TypeError: Cannot read property 'isActive' of null
    at Tools.Battle.makeRequest (/Users/clazinasteunenberg/Downloads/Test/battle-engine.js:1943:15)
    at process.BattlePokemon.side (/Users/clazinasteunenberg/Downloads/Test/battle-engine.js:157:13)
    at process.EventEmitter.emit (events.js:98:17)
    at handleMessage (child_process.js:318:10)
    at Pipe.channel.onread (child_process.js:345:11)

TypeError: Cannot use 'in' operator to search for 'Rule:potd' in undefined
    at Tools.exports.BattleScripts.randomTeam (/Users/clazinasteunenberg/Downloads/Test/data/scripts.js:1482:38)
    at Tools.exports.BattleScripts.getTeam (/Users/clazinasteunenberg/Downloads/Test/data/scripts.js:494:16)
    at new BattleSide (/Users/clazinasteunenberg/Downloads/Test/battle-engine.js:1096:27)
    at Tools.Battle.join (/Users/clazinasteunenberg/Downloads/Test/battle-engine.js:3333:15)
    at Tools.Battle.receive (/Users/clazinasteunenberg/Downloads/Test/battle-engine.js:3390:9)
    at process.BattlePokemon.side (/Users/clazinasteunenberg/Downloads/Test/battle-engine.js:143:12)
    at process.EventEmitter.emit (events.js:98:17)
    at handleMessage (child_process.js:318:10)
    at Pipe.channel.onread (child_process.js:345:11)

Additional information:
message = battle-randombattle-478|join|p1|E4 GhostKiller|165
currentRequest = 

Log:
|html|<div class="broadcast-red"><b>The battle crashed</b><br />You can keep playing but it might crash again.</div>
|html|<div class="broadcast-red"><b>The battle crashed</b><br />You can keep playing but it might crash again.</div>
|html|<div class="broadcast-red"><b>The battle crashed</b><br />You can keep playing but it might crash again.</div>
|html|<div class="broadcast-red"><b>The battle crashed</b><br />You can keep playing but it might crash again.</div>
|html|<div class="broadcast-red"><b>The battle crashed</b><br />You can keep playing but it might crash again.</div>
|html|<div class="broadcast-red"><b>The battle crashed</b><br />You can keep playing but it might crash again.</div>
|html|<div class="broadcast-red"><b>The battle crashed</b><br />You can keep playing but it might crash again.</div>
|html|<div class="broadcast-red"><b>The battle crashed</b><br />You can keep playing but it might crash again.</div>
|html|<div class="broadcast-red"><b>The battle crashed</b><br />You can keep playing but it might crash again.</div>
|html|<div class="broadcast-red"><b>The battle crashed</b><br />You can keep playing but it might crash again.</div>
|html|<div class="broadcast-red"><b>The battle crashed</b><br />You can keep playing but it might crash again.</div>
|html|<div class="broadcast-red"><b>The battle crashed</b><br />You can keep playing but it might crash again.</div>
|html|<div class="broadcast-red"><b>The battle crashed</b><br />You can keep playing but it might crash again.</div>
|html|<div class="broadcast-red"><b>The battle crashed</b><br />You can keep playing but it might crash again.</div>
|html|<div class="broadcast-red"><b>The battle crashed</b><br />You can keep playing but it might crash again.</div>
|html|<div class="broadcast-red"><b>The battle crashed</b><br />You can keep playing but it might crash again.</div>
|html|<div class="broadcast-red"><b>The battle crashed</b><br />You can keep playing but it might crash again.</div>
|html|<div class="broadcast-red"><b>The battle crashed</b><br />You can keep playing but it might crash again.</div>
|html|<div class="broadcast-red"><b>The battle crashed</b><br />You can keep playing but it might crash again.</div>
|html|<div class="broadcast-red"><b>The battle crashed</b><br />You can keep playing but it might crash again.</div>
|html|<div class="broadcast-red"><b>The battle crashed</b><br />You can keep playing but it might crash again.</div>
|html|<div class="broadcast-red"><b>The battle crashed</b><br />You can keep playing but it might crash again.</div>
|html|<div class="broadcast-red"><b>The battle crashed</b><br />You can keep playing but it might crash again.</div>
|html|<div class="broadcast-red"><b>The battle crashed</b><br />You can keep playing but it might crash again.</div>
|html|<div class="broadcast-red"><b>The battle crashed</b><br />You can keep playing but it might crash again.</div>
|html|<div class="broadcast-red"><b>The battle crashed</b><br />You can keep playing but it might crash again.</div>
|html|<div class="broadcast-red"><b>The battle crashed</b><br />You can keep playing but it might crash again.</div>
|html|<div class="broadcast-red"><b>The battle crashed</b><br />You can keep playing but it might crash again.</div>
|html|<div class="broadcast-red"><b>The battle crashed</b><br />You can keep playing but it might crash again.</div>
|html|<div class="broadcast-red"><b>The battle crashed</b><br />You can keep playing but it might crash again.</div>
|html|<div class="broadcast-red"><b>The battle crashed</b><br />You can keep playing but it might crash again.</div>
|html|<div class="broadcast-red"><b>The battle crashed</b><br />You can keep playing but it might crash again.</div>
|html|<div class="broadcast-red"><b>The battle crashed</b><br />You can keep playing but it might crash again.</div>
|html|<div class="broadcast-red"><b>The battle crashed</b><br />You can keep playing but it might crash again.</div>
|html|<div class="broadcast-red"><b>The battle crashed</b><br />You can keep playing but it might crash again.</div>
|html|<div class="broadcast-red"><b>The battle crashed</b><br />You can keep playing but it might crash again.</div>
|html|<div class="broadcast-red"><b>The battle crashed</b><br />You can keep playing but it might crash again.</div>
|html|<div class="broadcast-red"><b>The battle crashed</b><br />You can keep playing but it might crash again.</div>
|html|<div class="broadcast-red"><b>The battle crashed</b><br />You can keep playing but it might crash again.</div>
|html|<div class="broadcast-red"><b>The battle crashed</b><br />You can keep playing but it might crash again.</div>
|html|<div class="broadcast-red"><b>The battle crashed</b><br />You can keep playing but it might crash again.</div>
|html|<div class="broadcast-red"><b>The battle crashed</b><br />You can keep playing but it might crash again.</div>
|html|<div class="broadcast-red"><b>The battle crashed</b><br />You can keep playing but it might crash again.</div>
|html|<div class="broadcast-red"><b>The battle crashed</b><br />You can keep playing but it might crash again.</div>

TypeError: Cannot read property 'isActive' of null
    at Tools.Battle.makeRequest (/Users/clazinasteunenberg/Downloads/Test/battle-engine.js:1943:15)
    at process.BattlePokemon.side (/Users/clazinasteunenberg/Downloads/Test/battle-engine.js:157:13)
    at process.EventEmitter.emit (events.js:98:17)
    at handleMessage (child_process.js:318:10)
    at Pipe.channel.onread (child_process.js:345:11)

TypeError: Cannot use 'in' operator to search for 'Rule:potd' in undefined
    at Tools.exports.BattleScripts.randomTeam (/Users/clazinasteunenberg/Downloads/Test/data/scripts.js:1482:38)
    at Tools.exports.BattleScripts.getTeam (/Users/clazinasteunenberg/Downloads/Test/data/scripts.js:494:16)
    at new BattleSide (/Users/clazinasteunenberg/Downloads/Test/battle-engine.js:1096:27)
    at Tools.Battle.join (/Users/clazinasteunenberg/Downloads/Test/battle-engine.js:3333:15)
    at Tools.Battle.receive (/Users/clazinasteunenberg/Downloads/Test/battle-engine.js:3390:9)
    at process.BattlePokemon.side (/Users/clazinasteunenberg/Downloads/Test/battle-engine.js:143:12)
    at process.EventEmitter.emit (events.js:98:17)
    at handleMessage (child_process.js:318:10)
    at Pipe.channel.onread (child_process.js:345:11)

Additional information:
message = battle-randombattle-478|join|p1|E4 GhostKiller|165
currentRequest = 

Log:
|html|<div class="broadcast-red"><b>The battle crashed</b><br />You can keep playing but it might crash again.</div>
|html|<div class="broadcast-red"><b>The battle crashed</b><br />You can keep playing but it might crash again.</div>
|html|<div class="broadcast-red"><b>The battle crashed</b><br />You can keep playing but it might crash again.</div>
|html|<div class="broadcast-red"><b>The battle crashed</b><br />You can keep playing but it might crash again.</div>
|html|<div class="broadcast-red"><b>The battle crashed</b><br />You can keep playing but it might crash again.</div>
|html|<div class="broadcast-red"><b>The battle crashed</b><br />You can keep playing but it might crash again.</div>
|html|<div class="broadcast-red"><b>The battle crashed</b><br />You can keep playing but it might crash again.</div>
|html|<div class="broadcast-red"><b>The battle crashed</b><br />You can keep playing but it might crash again.</div>
|html|<div class="broadcast-red"><b>The battle crashed</b><br />You can keep playing but it might crash again.</div>
|html|<div class="broadcast-red"><b>The battle crashed</b><br />You can keep playing but it might crash again.</div>
|html|<div class="broadcast-red"><b>The battle crashed</b><br />You can keep playing but it might crash again.</div>
|html|<div class="broadcast-red"><b>The battle crashed</b><br />You can keep playing but it might crash again.</div>
|html|<div class="broadcast-red"><b>The battle crashed</b><br />You can keep playing but it might crash again.</div>
|html|<div class="broadcast-red"><b>The battle crashed</b><br />You can keep playing but it might crash again.</div>
|html|<div class="broadcast-red"><b>The battle crashed</b><br />You can keep playing but it might crash again.</div>
|html|<div class="broadcast-red"><b>The battle crashed</b><br />You can keep playing but it might crash again.</div>
|html|<div class="broadcast-red"><b>The battle crashed</b><br />You can keep playing but it might crash again.</div>
|html|<div class="broadcast-red"><b>The battle crashed</b><br />You can keep playing but it might crash again.</div>
|html|<div class="broadcast-red"><b>The battle crashed</b><br />You can keep playing but it might crash again.</div>
|html|<div class="broadcast-red"><b>The battle crashed</b><br />You can keep playing but it might crash again.</div>
|html|<div class="broadcast-red"><b>The battle crashed</b><br />You can keep playing but it might crash again.</div>
|html|<div class="broadcast-red"><b>The battle crashed</b><br />You can keep playing but it might crash again.</div>
|html|<div class="broadcast-red"><b>The battle crashed</b><br />You can keep playing but it might crash again.</div>
|html|<div class="broadcast-red"><b>The battle crashed</b><br />You can keep playing but it might crash again.</div>
|html|<div class="broadcast-red"><b>The battle crashed</b><br />You can keep playing but it might crash again.</div>
|html|<div class="broadcast-red"><b>The battle crashed</b><br />You can keep playing but it might crash again.</div>
|html|<div class="broadcast-red"><b>The battle crashed</b><br />You can keep playing but it might crash again.</div>
|html|<div class="broadcast-red"><b>The battle crashed</b><br />You can keep playing but it might crash again.</div>
|html|<div class="broadcast-red"><b>The battle crashed</b><br />You can keep playing but it might crash again.</div>
|html|<div class="broadcast-red"><b>The battle crashed</b><br />You can keep playing but it might crash again.</div>
|html|<div class="broadcast-red"><b>The battle crashed</b><br />You can keep playing but it might crash again.</div>
|html|<div class="broadcast-red"><b>The battle crashed</b><br />You can keep playing but it might crash again.</div>
|html|<div class="broadcast-red"><b>The battle crashed</b><br />You can keep playing but it might crash again.</div>
|html|<div class="broadcast-red"><b>The battle crashed</b><br />You can keep playing but it might crash again.</div>
|html|<div class="broadcast-red"><b>The battle crashed</b><br />You can keep playing but it might crash again.</div>
|html|<div class="broadcast-red"><b>The battle crashed</b><br />You can keep playing but it might crash again.</div>
|html|<div class="broadcast-red"><b>The battle crashed</b><br />You can keep playing but it might crash again.</div>
|html|<div class="broadcast-red"><b>The battle crashed</b><br />You can keep playing but it might crash again.</div>
|html|<div class="broadcast-red"><b>The battle crashed</b><br />You can keep playing but it might crash again.</div>
|html|<div class="broadcast-red"><b>The battle crashed</b><br />You can keep playing but it might crash again.</div>
|html|<div class="broadcast-red"><b>The battle crashed</b><br />You can keep playing but it might crash again.</div>
|html|<div class="broadcast-red"><b>The battle crashed</b><br />You can keep playing but it might crash again.</div>
|html|<div class="broadcast-red"><b>The battle crashed</b><br />You can keep playing but it might crash again.</div>
|html|<div class="broadcast-red"><b>The battle crashed</b><br />You can keep playing but it might crash again.</div>
|html|<div class="broadcast-red"><b>The battle crashed</b><br />You can keep playing but it might crash again.</div>

TypeError: Cannot read property 'isActive' of null
    at Tools.Battle.makeRequest (/Users/clazinasteunenberg/Downloads/Test/battle-engine.js:1943:15)
    at process.BattlePokemon.side (/Users/clazinasteunenberg/Downloads/Test/battle-engine.js:157:13)
    at process.EventEmitter.emit (events.js:98:17)
    at handleMessage (child_process.js:318:10)
    at Pipe.channel.onread (child_process.js:345:11)

TypeError: Cannot use 'in' operator to search for 'Rule:potd' in undefined
    at Tools.exports.BattleScripts.randomTeam (/Users/clazinasteunenberg/Downloads/Test/data/scripts.js:1482:38)
    at Tools.exports.BattleScripts.getTeam (/Users/clazinasteunenberg/Downloads/Test/data/scripts.js:494:16)
    at new BattleSide (/Users/clazinasteunenberg/Downloads/Test/battle-engine.js:1096:27)
    at Tools.Battle.join (/Users/clazinasteunenberg/Downloads/Test/battle-engine.js:3333:15)
    at Tools.Battle.receive (/Users/clazinasteunenberg/Downloads/Test/battle-engine.js:3390:9)
    at process.BattlePokemon.side (/Users/clazinasteunenberg/Downloads/Test/battle-engine.js:143:12)
    at process.EventEmitter.emit (events.js:98:17)
    at handleMessage (child_process.js:318:10)
    at Pipe.channel.onread (child_process.js:345:11)

Additional information:
message = battle-randombattle-478|join|p1|E4 GhostKiller|165
currentRequest = 

Log:
|html|<div class="broadcast-red"><b>The battle crashed</b><br />You can keep playing but it might crash again.</div>
|html|<div class="broadcast-red"><b>The battle crashed</b><br />You can keep playing but it might crash again.</div>
|html|<div class="broadcast-red"><b>The battle crashed</b><br />You can keep playing but it might crash again.</div>
|html|<div class="broadcast-red"><b>The battle crashed</b><br />You can keep playing but it might crash again.</div>
|html|<div class="broadcast-red"><b>The battle crashed</b><br />You can keep playing but it might crash again.</div>
|html|<div class="broadcast-red"><b>The battle crashed</b><br />You can keep playing but it might crash again.</div>
|html|<div class="broadcast-red"><b>The battle crashed</b><br />You can keep playing but it might crash again.</div>
|html|<div class="broadcast-red"><b>The battle crashed</b><br />You can keep playing but it might crash again.</div>
|html|<div class="broadcast-red"><b>The battle crashed</b><br />You can keep playing but it might crash again.</div>
|html|<div class="broadcast-red"><b>The battle crashed</b><br />You can keep playing but it might crash again.</div>
|html|<div class="broadcast-red"><b>The battle crashed</b><br />You can keep playing but it might crash again.</div>
|html|<div class="broadcast-red"><b>The battle crashed</b><br />You can keep playing but it might crash again.</div>
|html|<div class="broadcast-red"><b>The battle crashed</b><br />You can keep playing but it might crash again.</div>
|html|<div class="broadcast-red"><b>The battle crashed</b><br />You can keep playing but it might crash again.</div>
|html|<div class="broadcast-red"><b>The battle crashed</b><br />You can keep playing but it might crash again.</div>
|html|<div class="broadcast-red"><b>The battle crashed</b><br />You can keep playing but it might crash again.</div>
|html|<div class="broadcast-red"><b>The battle crashed</b><br />You can keep playing but it might crash again.</div>
|html|<div class="broadcast-red"><b>The battle crashed</b><br />You can keep playing but it might crash again.</div>
|html|<div class="broadcast-red"><b>The battle crashed</b><br />You can keep playing but it might crash again.</div>
|html|<div class="broadcast-red"><b>The battle crashed</b><br />You can keep playing but it might crash again.</div>
|html|<div class="broadcast-red"><b>The battle crashed</b><br />You can keep playing but it might crash again.</div>
|html|<div class="broadcast-red"><b>The battle crashed</b><br />You can keep playing but it might crash again.</div>
|html|<div class="broadcast-red"><b>The battle crashed</b><br />You can keep playing but it might crash again.</div>
|html|<div class="broadcast-red"><b>The battle crashed</b><br />You can keep playing but it might crash again.</div>
|html|<div class="broadcast-red"><b>The battle crashed</b><br />You can keep playing but it might crash again.</div>
|html|<div class="broadcast-red"><b>The battle crashed</b><br />You can keep playing but it might crash again.</div>
|html|<div class="broadcast-red"><b>The battle crashed</b><br />You can keep playing but it might crash again.</div>
|html|<div class="broadcast-red"><b>The battle crashed</b><br />You can keep playing but it might crash again.</div>
|html|<div class="broadcast-red"><b>The battle crashed</b><br />You can keep playing but it might crash again.</div>
|html|<div class="broadcast-red"><b>The battle crashed</b><br />You can keep playing but it might crash again.</div>
|html|<div class="broadcast-red"><b>The battle crashed</b><br />You can keep playing but it might crash again.</div>
|html|<div class="broadcast-red"><b>The battle crashed</b><br />You can keep playing but it might crash again.</div>
|html|<div class="broadcast-red"><b>The battle crashed</b><br />You can keep playing but it might crash again.</div>
|html|<div class="broadcast-red"><b>The battle crashed</b><br />You can keep playing but it might crash again.</div>
|html|<div class="broadcast-red"><b>The battle crashed</b><br />You can keep playing but it might crash again.</div>
|html|<div class="broadcast-red"><b>The battle crashed</b><br />You can keep playing but it might crash again.</div>
|html|<div class="broadcast-red"><b>The battle crashed</b><br />You can keep playing but it might crash again.</div>
|html|<div class="broadcast-red"><b>The battle crashed</b><br />You can keep playing but it might crash again.</div>
|html|<div class="broadcast-red"><b>The battle crashed</b><br />You can keep playing but it might crash again.</div>
|html|<div class="broadcast-red"><b>The battle crashed</b><br />You can keep playing but it might crash again.</div>
|html|<div class="broadcast-red"><b>The battle crashed</b><br />You can keep playing but it might crash again.</div>
|html|<div class="broadcast-red"><b>The battle crashed</b><br />You can keep playing but it might crash again.</div>
|html|<div class="broadcast-red"><b>The battle crashed</b><br />You can keep playing but it might crash again.</div>
|html|<div class="broadcast-red"><b>The battle crashed</b><br />You can keep playing but it might crash again.</div>
|html|<div class="broadcast-red"><b>The battle crashed</b><br />You can keep playing but it might crash again.</div>
|html|<div class="broadcast-red"><b>The battle crashed</b><br />You can keep playing but it might crash again.</div>

TypeError: Cannot read property 'isActive' of null
    at Tools.Battle.makeRequest (/Users/clazinasteunenberg/Downloads/Test/battle-engine.js:1943:15)
    at process.BattlePokemon.side (/Users/clazinasteunenberg/Downloads/Test/battle-engine.js:157:13)
    at process.EventEmitter.emit (events.js:98:17)
    at handleMessage (child_process.js:318:10)
    at Pipe.channel.onread (child_process.js:345:11)

TypeError: Cannot use 'in' operator to search for 'Rule:potd' in undefined
    at Tools.exports.BattleScripts.randomTeam (/Users/clazinasteunenberg/Downloads/Test/data/scripts.js:1482:38)
    at Tools.exports.BattleScripts.getTeam (/Users/clazinasteunenberg/Downloads/Test/data/scripts.js:494:16)
    at new BattleSide (/Users/clazinasteunenberg/Downloads/Test/battle-engine.js:1096:27)
    at Tools.Battle.join (/Users/clazinasteunenberg/Downloads/Test/battle-engine.js:3333:15)
    at Tools.Battle.receive (/Users/clazinasteunenberg/Downloads/Test/battle-engine.js:3390:9)
    at process.BattlePokemon.side (/Users/clazinasteunenberg/Downloads/Test/battle-engine.js:143:12)
    at process.EventEmitter.emit (events.js:98:17)
    at handleMessage (child_process.js:318:10)
    at Pipe.channel.onread (child_process.js:345:11)

Additional information:
message = battle-randombattle-478|join|p1|E4 GhostKiller|165
currentRequest = 

Log:
|html|<div class="broadcast-red"><b>The battle crashed</b><br />You can keep playing but it might crash again.</div>
|html|<div class="broadcast-red"><b>The battle crashed</b><br />You can keep playing but it might crash again.</div>
|html|<div class="broadcast-red"><b>The battle crashed</b><br />You can keep playing but it might crash again.</div>
|html|<div class="broadcast-red"><b>The battle crashed</b><br />You can keep playing but it might crash again.</div>
|html|<div class="broadcast-red"><b>The battle crashed</b><br />You can keep playing but it might crash again.</div>
|html|<div class="broadcast-red"><b>The battle crashed</b><br />You can keep playing but it might crash again.</div>
|html|<div class="broadcast-red"><b>The battle crashed</b><br />You can keep playing but it might crash again.</div>
|html|<div class="broadcast-red"><b>The battle crashed</b><br />You can keep playing but it might crash again.</div>
|html|<div class="broadcast-red"><b>The battle crashed</b><br />You can keep playing but it might crash again.</div>
|html|<div class="broadcast-red"><b>The battle crashed</b><br />You can keep playing but it might crash again.</div>
|html|<div class="broadcast-red"><b>The battle crashed</b><br />You can keep playing but it might crash again.</div>
|html|<div class="broadcast-red"><b>The battle crashed</b><br />You can keep playing but it might crash again.</div>
|html|<div class="broadcast-red"><b>The battle crashed</b><br />You can keep playing but it might crash again.</div>
|html|<div class="broadcast-red"><b>The battle crashed</b><br />You can keep playing but it might crash again.</div>
|html|<div class="broadcast-red"><b>The battle crashed</b><br />You can keep playing but it might crash again.</div>
|html|<div class="broadcast-red"><b>The battle crashed</b><br />You can keep playing but it might crash again.</div>
|html|<div class="broadcast-red"><b>The battle crashed</b><br />You can keep playing but it might crash again.</div>
|html|<div class="broadcast-red"><b>The battle crashed</b><br />You can keep playing but it might crash again.</div>
|html|<div class="broadcast-red"><b>The battle crashed</b><br />You can keep playing but it might crash again.</div>
|html|<div class="broadcast-red"><b>The battle crashed</b><br />You can keep playing but it might crash again.</div>
|html|<div class="broadcast-red"><b>The battle crashed</b><br />You can keep playing but it might crash again.</div>
|html|<div class="broadcast-red"><b>The battle crashed</b><br />You can keep playing but it might crash again.</div>
|html|<div class="broadcast-red"><b>The battle crashed</b><br />You can keep playing but it might crash again.</div>
|html|<div class="broadcast-red"><b>The battle crashed</b><br />You can keep playing but it might crash again.</div>
|html|<div class="broadcast-red"><b>The battle crashed</b><br />You can keep playing but it might crash again.</div>
|html|<div class="broadcast-red"><b>The battle crashed</b><br />You can keep playing but it might crash again.</div>
|html|<div class="broadcast-red"><b>The battle crashed</b><br />You can keep playing but it might crash again.</div>
|html|<div class="broadcast-red"><b>The battle crashed</b><br />You can keep playing but it might crash again.</div>
|html|<div class="broadcast-red"><b>The battle crashed</b><br />You can keep playing but it might crash again.</div>
|html|<div class="broadcast-red"><b>The battle crashed</b><br />You can keep playing but it might crash again.</div>
|html|<div class="broadcast-red"><b>The battle crashed</b><br />You can keep playing but it might crash again.</div>
|html|<div class="broadcast-red"><b>The battle crashed</b><br />You can keep playing but it might crash again.</div>
|html|<div class="broadcast-red"><b>The battle crashed</b><br />You can keep playing but it might crash again.</div>
|html|<div class="broadcast-red"><b>The battle crashed</b><br />You can keep playing but it might crash again.</div>
|html|<div class="broadcast-red"><b>The battle crashed</b><br />You can keep playing but it might crash again.</div>
|html|<div class="broadcast-red"><b>The battle crashed</b><br />You can keep playing but it might crash again.</div>
|html|<div class="broadcast-red"><b>The battle crashed</b><br />You can keep playing but it might crash again.</div>
|html|<div class="broadcast-red"><b>The battle crashed</b><br />You can keep playing but it might crash again.</div>
|html|<div class="broadcast-red"><b>The battle crashed</b><br />You can keep playing but it might crash again.</div>
|html|<div class="broadcast-red"><b>The battle crashed</b><br />You can keep playing but it might crash again.</div>
|html|<div class="broadcast-red"><b>The battle crashed</b><br />You can keep playing but it might crash again.</div>
|html|<div class="broadcast-red"><b>The battle crashed</b><br />You can keep playing but it might crash again.</div>
|html|<div class="broadcast-red"><b>The battle crashed</b><br />You can keep playing but it might crash again.</div>
|html|<div class="broadcast-red"><b>The battle crashed</b><br />You can keep playing but it might crash again.</div>
|html|<div class="broadcast-red"><b>The battle crashed</b><br />You can keep playing but it might crash again.</div>
|html|<div class="broadcast-red"><b>The battle crashed</b><br />You can keep playing but it might crash again.</div>
|html|<div class="broadcast-red"><b>The battle crashed</b><br />You can keep playing but it might crash again.</div>

TypeError: Cannot read property 'isActive' of null
    at Tools.Battle.makeRequest (/Users/clazinasteunenberg/Downloads/Test/battle-engine.js:1943:15)
    at process.BattlePokemon.side (/Users/clazinasteunenberg/Downloads/Test/battle-engine.js:157:13)
    at process.EventEmitter.emit (events.js:98:17)
    at handleMessage (child_process.js:318:10)
    at Pipe.channel.onread (child_process.js:345:11)

TypeError: Cannot use 'in' operator to search for 'Rule:potd' in undefined
    at Tools.exports.BattleScripts.randomTeam (/Users/clazinasteunenberg/Downloads/Test/data/scripts.js:1482:38)
    at Tools.exports.BattleScripts.getTeam (/Users/clazinasteunenberg/Downloads/Test/data/scripts.js:494:16)
    at new BattleSide (/Users/clazinasteunenberg/Downloads/Test/battle-engine.js:1096:27)
    at Tools.Battle.join (/Users/clazinasteunenberg/Downloads/Test/battle-engine.js:3333:15)
    at Tools.Battle.receive (/Users/clazinasteunenberg/Downloads/Test/battle-engine.js:3390:9)
    at process.BattlePokemon.side (/Users/clazinasteunenberg/Downloads/Test/battle-engine.js:143:12)
    at process.EventEmitter.emit (events.js:98:17)
    at handleMessage (child_process.js:318:10)
    at Pipe.channel.onread (child_process.js:345:11)

Additional information:
message = battle-randombattle-478|join|p1|E4 GhostKiller|165
currentRequest = 

Log:
|html|<div class="broadcast-red"><b>The battle crashed</b><br />You can keep playing but it might crash again.</div>
|html|<div class="broadcast-red"><b>The battle crashed</b><br />You can keep playing but it might crash again.</div>
|html|<div class="broadcast-red"><b>The battle crashed</b><br />You can keep playing but it might crash again.</div>
|html|<div class="broadcast-red"><b>The battle crashed</b><br />You can keep playing but it might crash again.</div>
|html|<div class="broadcast-red"><b>The battle crashed</b><br />You can keep playing but it might crash again.</div>
|html|<div class="broadcast-red"><b>The battle crashed</b><br />You can keep playing but it might crash again.</div>
|html|<div class="broadcast-red"><b>The battle crashed</b><br />You can keep playing but it might crash again.</div>
|html|<div class="broadcast-red"><b>The battle crashed</b><br />You can keep playing but it might crash again.</div>
|html|<div class="broadcast-red"><b>The battle crashed</b><br />You can keep playing but it might crash again.</div>
|html|<div class="broadcast-red"><b>The battle crashed</b><br />You can keep playing but it might crash again.</div>
|html|<div class="broadcast-red"><b>The battle crashed</b><br />You can keep playing but it might crash again.</div>
|html|<div class="broadcast-red"><b>The battle crashed</b><br />You can keep playing but it might crash again.</div>
|html|<div class="broadcast-red"><b>The battle crashed</b><br />You can keep playing but it might crash again.</div>
|html|<div class="broadcast-red"><b>The battle crashed</b><br />You can keep playing but it might crash again.</div>
|html|<div class="broadcast-red"><b>The battle crashed</b><br />You can keep playing but it might crash again.</div>
|html|<div class="broadcast-red"><b>The battle crashed</b><br />You can keep playing but it might crash again.</div>
|html|<div class="broadcast-red"><b>The battle crashed</b><br />You can keep playing but it might crash again.</div>
|html|<div class="broadcast-red"><b>The battle crashed</b><br />You can keep playing but it might crash again.</div>
|html|<div class="broadcast-red"><b>The battle crashed</b><br />You can keep playing but it might crash again.</div>
|html|<div class="broadcast-red"><b>The battle crashed</b><br />You can keep playing but it might crash again.</div>
|html|<div class="broadcast-red"><b>The battle crashed</b><br />You can keep playing but it might crash again.</div>
|html|<div class="broadcast-red"><b>The battle crashed</b><br />You can keep playing but it might crash again.</div>
|html|<div class="broadcast-red"><b>The battle crashed</b><br />You can keep playing but it might crash again.</div>
|html|<div class="broadcast-red"><b>The battle crashed</b><br />You can keep playing but it might crash again.</div>
|html|<div class="broadcast-red"><b>The battle crashed</b><br />You can keep playing but it might crash again.</div>
|html|<div class="broadcast-red"><b>The battle crashed</b><br />You can keep playing but it might crash again.</div>
|html|<div class="broadcast-red"><b>The battle crashed</b><br />You can keep playing but it might crash again.</div>
|html|<div class="broadcast-red"><b>The battle crashed</b><br />You can keep playing but it might crash again.</div>
|html|<div class="broadcast-red"><b>The battle crashed</b><br />You can keep playing but it might crash again.</div>
|html|<div class="broadcast-red"><b>The battle crashed</b><br />You can keep playing but it might crash again.</div>
|html|<div class="broadcast-red"><b>The battle crashed</b><br />You can keep playing but it might crash again.</div>
|html|<div class="broadcast-red"><b>The battle crashed</b><br />You can keep playing but it might crash again.</div>
|html|<div class="broadcast-red"><b>The battle crashed</b><br />You can keep playing but it might crash again.</div>
|html|<div class="broadcast-red"><b>The battle crashed</b><br />You can keep playing but it might crash again.</div>
|html|<div class="broadcast-red"><b>The battle crashed</b><br />You can keep playing but it might crash again.</div>
|html|<div class="broadcast-red"><b>The battle crashed</b><br />You can keep playing but it might crash again.</div>
|html|<div class="broadcast-red"><b>The battle crashed</b><br />You can keep playing but it might crash again.</div>
|html|<div class="broadcast-red"><b>The battle crashed</b><br />You can keep playing but it might crash again.</div>
|html|<div class="broadcast-red"><b>The battle crashed</b><br />You can keep playing but it might crash again.</div>
|html|<div class="broadcast-red"><b>The battle crashed</b><br />You can keep playing but it might crash again.</div>
|html|<div class="broadcast-red"><b>The battle crashed</b><br />You can keep playing but it might crash again.</div>
|html|<div class="broadcast-red"><b>The battle crashed</b><br />You can keep playing but it might crash again.</div>
|html|<div class="broadcast-red"><b>The battle crashed</b><br />You can keep playing but it might crash again.</div>
|html|<div class="broadcast-red"><b>The battle crashed</b><br />You can keep playing but it might crash again.</div>
|html|<div class="broadcast-red"><b>The battle crashed</b><br />You can keep playing but it might crash again.</div>
|html|<div class="broadcast-red"><b>The battle crashed</b><br />You can keep playing but it might crash again.</div>
|html|<div class="broadcast-red"><b>The battle crashed</b><br />You can keep playing but it might crash again.</div>
|html|<div class="broadcast-red"><b>The battle crashed</b><br />You can keep playing but it might crash again.</div>

TypeError: Cannot read property 'isActive' of null
    at Tools.Battle.makeRequest (/Users/clazinasteunenberg/Downloads/Test/battle-engine.js:1943:15)
    at process.BattlePokemon.side (/Users/clazinasteunenberg/Downloads/Test/battle-engine.js:157:13)
    at process.EventEmitter.emit (events.js:98:17)
    at handleMessage (child_process.js:318:10)
    at Pipe.channel.onread (child_process.js:345:11)

TypeError: Cannot use 'in' operator to search for 'Rule:potd' in undefined
    at Tools.exports.BattleScripts.randomTeam (/Users/clazinasteunenberg/Downloads/Test/data/scripts.js:1482:38)
    at Tools.exports.BattleScripts.getTeam (/Users/clazinasteunenberg/Downloads/Test/data/scripts.js:494:16)
    at new BattleSide (/Users/clazinasteunenberg/Downloads/Test/battle-engine.js:1096:27)
    at Tools.Battle.join (/Users/clazinasteunenberg/Downloads/Test/battle-engine.js:3333:15)
    at Tools.Battle.receive (/Users/clazinasteunenberg/Downloads/Test/battle-engine.js:3390:9)
    at process.BattlePokemon.side (/Users/clazinasteunenberg/Downloads/Test/battle-engine.js:143:12)
    at process.EventEmitter.emit (events.js:98:17)
    at handleMessage (child_process.js:318:10)
    at Pipe.channel.onread (child_process.js:345:11)

Additional information:
message = battle-randombattle-478|join|p1|E4 GhostKiller|165
currentRequest = 

Log:
|html|<div class="broadcast-red"><b>The battle crashed</b><br />You can keep playing but it might crash again.</div>
|html|<div class="broadcast-red"><b>The battle crashed</b><br />You can keep playing but it might crash again.</div>
|html|<div class="broadcast-red"><b>The battle crashed</b><br />You can keep playing but it might crash again.</div>
|html|<div class="broadcast-red"><b>The battle crashed</b><br />You can keep playing but it might crash again.</div>
|html|<div class="broadcast-red"><b>The battle crashed</b><br />You can keep playing but it might crash again.</div>
|html|<div class="broadcast-red"><b>The battle crashed</b><br />You can keep playing but it might crash again.</div>
|html|<div class="broadcast-red"><b>The battle crashed</b><br />You can keep playing but it might crash again.</div>
|html|<div class="broadcast-red"><b>The battle crashed</b><br />You can keep playing but it might crash again.</div>
|html|<div class="broadcast-red"><b>The battle crashed</b><br />You can keep playing but it might crash again.</div>
|html|<div class="broadcast-red"><b>The battle crashed</b><br />You can keep playing but it might crash again.</div>
|html|<div class="broadcast-red"><b>The battle crashed</b><br />You can keep playing but it might crash again.</div>
|html|<div class="broadcast-red"><b>The battle crashed</b><br />You can keep playing but it might crash again.</div>
|html|<div class="broadcast-red"><b>The battle crashed</b><br />You can keep playing but it might crash again.</div>
|html|<div class="broadcast-red"><b>The battle crashed</b><br />You can keep playing but it might crash again.</div>
|html|<div class="broadcast-red"><b>The battle crashed</b><br />You can keep playing but it might crash again.</div>
|html|<div class="broadcast-red"><b>The battle crashed</b><br />You can keep playing but it might crash again.</div>
|html|<div class="broadcast-red"><b>The battle crashed</b><br />You can keep playing but it might crash again.</div>
|html|<div class="broadcast-red"><b>The battle crashed</b><br />You can keep playing but it might crash again.</div>
|html|<div class="broadcast-red"><b>The battle crashed</b><br />You can keep playing but it might crash again.</div>
|html|<div class="broadcast-red"><b>The battle crashed</b><br />You can keep playing but it might crash again.</div>
|html|<div class="broadcast-red"><b>The battle crashed</b><br />You can keep playing but it might crash again.</div>
|html|<div class="broadcast-red"><b>The battle crashed</b><br />You can keep playing but it might crash again.</div>
|html|<div class="broadcast-red"><b>The battle crashed</b><br />You can keep playing but it might crash again.</div>
|html|<div class="broadcast-red"><b>The battle crashed</b><br />You can keep playing but it might crash again.</div>
|html|<div class="broadcast-red"><b>The battle crashed</b><br />You can keep playing but it might crash again.</div>
|html|<div class="broadcast-red"><b>The battle crashed</b><br />You can keep playing but it might crash again.</div>
|html|<div class="broadcast-red"><b>The battle crashed</b><br />You can keep playing but it might crash again.</div>
|html|<div class="broadcast-red"><b>The battle crashed</b><br />You can keep playing but it might crash again.</div>
|html|<div class="broadcast-red"><b>The battle crashed</b><br />You can keep playing but it might crash again.</div>
|html|<div class="broadcast-red"><b>The battle crashed</b><br />You can keep playing but it might crash again.</div>
|html|<div class="broadcast-red"><b>The battle crashed</b><br />You can keep playing but it might crash again.</div>
|html|<div class="broadcast-red"><b>The battle crashed</b><br />You can keep playing but it might crash again.</div>
|html|<div class="broadcast-red"><b>The battle crashed</b><br />You can keep playing but it might crash again.</div>
|html|<div class="broadcast-red"><b>The battle crashed</b><br />You can keep playing but it might crash again.</div>
|html|<div class="broadcast-red"><b>The battle crashed</b><br />You can keep playing but it might crash again.</div>
|html|<div class="broadcast-red"><b>The battle crashed</b><br />You can keep playing but it might crash again.</div>
|html|<div class="broadcast-red"><b>The battle crashed</b><br />You can keep playing but it might crash again.</div>
|html|<div class="broadcast-red"><b>The battle crashed</b><br />You can keep playing but it might crash again.</div>
|html|<div class="broadcast-red"><b>The battle crashed</b><br />You can keep playing but it might crash again.</div>
|html|<div class="broadcast-red"><b>The battle crashed</b><br />You can keep playing but it might crash again.</div>
|html|<div class="broadcast-red"><b>The battle crashed</b><br />You can keep playing but it might crash again.</div>
|html|<div class="broadcast-red"><b>The battle crashed</b><br />You can keep playing but it might crash again.</div>
|html|<div class="broadcast-red"><b>The battle crashed</b><br />You can keep playing but it might crash again.</div>
|html|<div class="broadcast-red"><b>The battle crashed</b><br />You can keep playing but it might crash again.</div>
|html|<div class="broadcast-red"><b>The battle crashed</b><br />You can keep playing but it might crash again.</div>
|html|<div class="broadcast-red"><b>The battle crashed</b><br />You can keep playing but it might crash again.</div>
|html|<div class="broadcast-red"><b>The battle crashed</b><br />You can keep playing but it might crash again.</div>
|html|<div class="broadcast-red"><b>The battle crashed</b><br />You can keep playing but it might crash again.</div>
|html|<div class="broadcast-red"><b>The battle crashed</b><br />You can keep playing but it might crash again.</div>

TypeError: Cannot read property 'isActive' of null
    at Tools.Battle.makeRequest (/Users/clazinasteunenberg/Downloads/Test/battle-engine.js:1943:15)
    at process.BattlePokemon.side (/Users/clazinasteunenberg/Downloads/Test/battle-engine.js:157:13)
    at process.EventEmitter.emit (events.js:98:17)
    at handleMessage (child_process.js:318:10)
    at Pipe.channel.onread (child_process.js:345:11)

TypeError: Cannot use 'in' operator to search for 'Rule:potd' in undefined
    at Tools.exports.BattleScripts.randomTeam (/Users/clazinasteunenberg/Downloads/Test/data/scripts.js:1482:38)
    at Tools.exports.BattleScripts.getTeam (/Users/clazinasteunenberg/Downloads/Test/data/scripts.js:494:16)
    at new BattleSide (/Users/clazinasteunenberg/Downloads/Test/battle-engine.js:1096:27)
    at Tools.Battle.join (/Users/clazinasteunenberg/Downloads/Test/battle-engine.js:3333:15)
    at Tools.Battle.receive (/Users/clazinasteunenberg/Downloads/Test/battle-engine.js:3390:9)
    at process.BattlePokemon.side (/Users/clazinasteunenberg/Downloads/Test/battle-engine.js:143:12)
    at process.EventEmitter.emit (events.js:98:17)
    at handleMessage (child_process.js:318:10)
    at Pipe.channel.onread (child_process.js:345:11)

Additional information:
message = battle-randombattle-478|join|p1|E4 GhostKiller|165
currentRequest = 

Log:
|html|<div class="broadcast-red"><b>The battle crashed</b><br />You can keep playing but it might crash again.</div>
|html|<div class="broadcast-red"><b>The battle crashed</b><br />You can keep playing but it might crash again.</div>
|html|<div class="broadcast-red"><b>The battle crashed</b><br />You can keep playing but it might crash again.</div>
|html|<div class="broadcast-red"><b>The battle crashed</b><br />You can keep playing but it might crash again.</div>
|html|<div class="broadcast-red"><b>The battle crashed</b><br />You can keep playing but it might crash again.</div>
|html|<div class="broadcast-red"><b>The battle crashed</b><br />You can keep playing but it might crash again.</div>
|html|<div class="broadcast-red"><b>The battle crashed</b><br />You can keep playing but it might crash again.</div>
|html|<div class="broadcast-red"><b>The battle crashed</b><br />You can keep playing but it might crash again.</div>
|html|<div class="broadcast-red"><b>The battle crashed</b><br />You can keep playing but it might crash again.</div>
|html|<div class="broadcast-red"><b>The battle crashed</b><br />You can keep playing but it might crash again.</div>
|html|<div class="broadcast-red"><b>The battle crashed</b><br />You can keep playing but it might crash again.</div>
|html|<div class="broadcast-red"><b>The battle crashed</b><br />You can keep playing but it might crash again.</div>
|html|<div class="broadcast-red"><b>The battle crashed</b><br />You can keep playing but it might crash again.</div>
|html|<div class="broadcast-red"><b>The battle crashed</b><br />You can keep playing but it might crash again.</div>
|html|<div class="broadcast-red"><b>The battle crashed</b><br />You can keep playing but it might crash again.</div>
|html|<div class="broadcast-red"><b>The battle crashed</b><br />You can keep playing but it might crash again.</div>
|html|<div class="broadcast-red"><b>The battle crashed</b><br />You can keep playing but it might crash again.</div>
|html|<div class="broadcast-red"><b>The battle crashed</b><br />You can keep playing but it might crash again.</div>
|html|<div class="broadcast-red"><b>The battle crashed</b><br />You can keep playing but it might crash again.</div>
|html|<div class="broadcast-red"><b>The battle crashed</b><br />You can keep playing but it might crash again.</div>
|html|<div class="broadcast-red"><b>The battle crashed</b><br />You can keep playing but it might crash again.</div>
|html|<div class="broadcast-red"><b>The battle crashed</b><br />You can keep playing but it might crash again.</div>
|html|<div class="broadcast-red"><b>The battle crashed</b><br />You can keep playing but it might crash again.</div>
|html|<div class="broadcast-red"><b>The battle crashed</b><br />You can keep playing but it might crash again.</div>
|html|<div class="broadcast-red"><b>The battle crashed</b><br />You can keep playing but it might crash again.</div>
|html|<div class="broadcast-red"><b>The battle crashed</b><br />You can keep playing but it might crash again.</div>
|html|<div class="broadcast-red"><b>The battle crashed</b><br />You can keep playing but it might crash again.</div>
|html|<div class="broadcast-red"><b>The battle crashed</b><br />You can keep playing but it might crash again.</div>
|html|<div class="broadcast-red"><b>The battle crashed</b><br />You can keep playing but it might crash again.</div>
|html|<div class="broadcast-red"><b>The battle crashed</b><br />You can keep playing but it might crash again.</div>
|html|<div class="broadcast-red"><b>The battle crashed</b><br />You can keep playing but it might crash again.</div>
|html|<div class="broadcast-red"><b>The battle crashed</b><br />You can keep playing but it might crash again.</div>
|html|<div class="broadcast-red"><b>The battle crashed</b><br />You can keep playing but it might crash again.</div>
|html|<div class="broadcast-red"><b>The battle crashed</b><br />You can keep playing but it might crash again.</div>
|html|<div class="broadcast-red"><b>The battle crashed</b><br />You can keep playing but it might crash again.</div>
|html|<div class="broadcast-red"><b>The battle crashed</b><br />You can keep playing but it might crash again.</div>
|html|<div class="broadcast-red"><b>The battle crashed</b><br />You can keep playing but it might crash again.</div>
|html|<div class="broadcast-red"><b>The battle crashed</b><br />You can keep playing but it might crash again.</div>
|html|<div class="broadcast-red"><b>The battle crashed</b><br />You can keep playing but it might crash again.</div>
|html|<div class="broadcast-red"><b>The battle crashed</b><br />You can keep playing but it might crash again.</div>
|html|<div class="broadcast-red"><b>The battle crashed</b><br />You can keep playing but it might crash again.</div>
|html|<div class="broadcast-red"><b>The battle crashed</b><br />You can keep playing but it might crash again.</div>
|html|<div class="broadcast-red"><b>The battle crashed</b><br />You can keep playing but it might crash again.</div>
|html|<div class="broadcast-red"><b>The battle crashed</b><br />You can keep playing but it might crash again.</div>
|html|<div class="broadcast-red"><b>The battle crashed</b><br />You can keep playing but it might crash again.</div>
|html|<div class="broadcast-red"><b>The battle crashed</b><br />You can keep playing but it might crash again.</div>
|html|<div class="broadcast-red"><b>The battle crashed</b><br />You can keep playing but it might crash again.</div>
|html|<div class="broadcast-red"><b>The battle crashed</b><br />You can keep playing but it might crash again.</div>
|html|<div class="broadcast-red"><b>The battle crashed</b><br />You can keep playing but it might crash again.</div>
|html|<div class="broadcast-red"><b>The battle crashed</b><br />You can keep playing but it might crash again.</div>

TypeError: Cannot read property 'isActive' of null
    at Tools.Battle.makeRequest (/Users/clazinasteunenberg/Downloads/Test/battle-engine.js:1943:15)
    at process.BattlePokemon.side (/Users/clazinasteunenberg/Downloads/Test/battle-engine.js:157:13)
    at process.EventEmitter.emit (events.js:98:17)
    at handleMessage (child_process.js:318:10)
    at Pipe.channel.onread (child_process.js:345:11)

TypeError: Cannot use 'in' operator to search for 'Rule:potd' in undefined
    at Tools.exports.BattleScripts.randomTeam (/Users/clazinasteunenberg/Downloads/Test/data/scripts.js:1482:38)
    at Tools.exports.BattleScripts.getTeam (/Users/clazinasteunenberg/Downloads/Test/data/scripts.js:494:16)
    at new BattleSide (/Users/clazinasteunenberg/Downloads/Test/battle-engine.js:1096:27)
    at Tools.Battle.join (/Users/clazinasteunenberg/Downloads/Test/battle-engine.js:3333:15)
    at Tools.Battle.receive (/Users/clazinasteunenberg/Downloads/Test/battle-engine.js:3390:9)
    at process.BattlePokemon.side (/Users/clazinasteunenberg/Downloads/Test/battle-engine.js:143:12)
    at process.EventEmitter.emit (events.js:98:17)
    at handleMessage (child_process.js:318:10)
    at Pipe.channel.onread (child_process.js:345:11)

Additional information:
message = battle-randombattle-478|join|p1|E4 GhostKiller|165
currentRequest = 

Log:
|html|<div class="broadcast-red"><b>The battle crashed</b><br />You can keep playing but it might crash again.</div>
|html|<div class="broadcast-red"><b>The battle crashed</b><br />You can keep playing but it might crash again.</div>
|html|<div class="broadcast-red"><b>The battle crashed</b><br />You can keep playing but it might crash again.</div>
|html|<div class="broadcast-red"><b>The battle crashed</b><br />You can keep playing but it might crash again.</div>
|html|<div class="broadcast-red"><b>The battle crashed</b><br />You can keep playing but it might crash again.</div>
|html|<div class="broadcast-red"><b>The battle crashed</b><br />You can keep playing but it might crash again.</div>
|html|<div class="broadcast-red"><b>The battle crashed</b><br />You can keep playing but it might crash again.</div>
|html|<div class="broadcast-red"><b>The battle crashed</b><br />You can keep playing but it might crash again.</div>
|html|<div class="broadcast-red"><b>The battle crashed</b><br />You can keep playing but it might crash again.</div>
|html|<div class="broadcast-red"><b>The battle crashed</b><br />You can keep playing but it might crash again.</div>
|html|<div class="broadcast-red"><b>The battle crashed</b><br />You can keep playing but it might crash again.</div>
|html|<div class="broadcast-red"><b>The battle crashed</b><br />You can keep playing but it might crash again.</div>
|html|<div class="broadcast-red"><b>The battle crashed</b><br />You can keep playing but it might crash again.</div>
|html|<div class="broadcast-red"><b>The battle crashed</b><br />You can keep playing but it might crash again.</div>
|html|<div class="broadcast-red"><b>The battle crashed</b><br />You can keep playing but it might crash again.</div>
|html|<div class="broadcast-red"><b>The battle crashed</b><br />You can keep playing but it might crash again.</div>
|html|<div class="broadcast-red"><b>The battle crashed</b><br />You can keep playing but it might crash again.</div>
|html|<div class="broadcast-red"><b>The battle crashed</b><br />You can keep playing but it might crash again.</div>
|html|<div class="broadcast-red"><b>The battle crashed</b><br />You can keep playing but it might crash again.</div>
|html|<div class="broadcast-red"><b>The battle crashed</b><br />You can keep playing but it might crash again.</div>
|html|<div class="broadcast-red"><b>The battle crashed</b><br />You can keep playing but it might crash again.</div>
|html|<div class="broadcast-red"><b>The battle crashed</b><br />You can keep playing but it might crash again.</div>
|html|<div class="broadcast-red"><b>The battle crashed</b><br />You can keep playing but it might crash again.</div>
|html|<div class="broadcast-red"><b>The battle crashed</b><br />You can keep playing but it might crash again.</div>
|html|<div class="broadcast-red"><b>The battle crashed</b><br />You can keep playing but it might crash again.</div>
|html|<div class="broadcast-red"><b>The battle crashed</b><br />You can keep playing but it might crash again.</div>
|html|<div class="broadcast-red"><b>The battle crashed</b><br />You can keep playing but it might crash again.</div>
|html|<div class="broadcast-red"><b>The battle crashed</b><br />You can keep playing but it might crash again.</div>
|html|<div class="broadcast-red"><b>The battle crashed</b><br />You can keep playing but it might crash again.</div>
|html|<div class="broadcast-red"><b>The battle crashed</b><br />You can keep playing but it might crash again.</div>
|html|<div class="broadcast-red"><b>The battle crashed</b><br />You can keep playing but it might crash again.</div>
|html|<div class="broadcast-red"><b>The battle crashed</b><br />You can keep playing but it might crash again.</div>
|html|<div class="broadcast-red"><b>The battle crashed</b><br />You can keep playing but it might crash again.</div>
|html|<div class="broadcast-red"><b>The battle crashed</b><br />You can keep playing but it might crash again.</div>
|html|<div class="broadcast-red"><b>The battle crashed</b><br />You can keep playing but it might crash again.</div>
|html|<div class="broadcast-red"><b>The battle crashed</b><br />You can keep playing but it might crash again.</div>
|html|<div class="broadcast-red"><b>The battle crashed</b><br />You can keep playing but it might crash again.</div>
|html|<div class="broadcast-red"><b>The battle crashed</b><br />You can keep playing but it might crash again.</div>
|html|<div class="broadcast-red"><b>The battle crashed</b><br />You can keep playing but it might crash again.</div>
|html|<div class="broadcast-red"><b>The battle crashed</b><br />You can keep playing but it might crash again.</div>
|html|<div class="broadcast-red"><b>The battle crashed</b><br />You can keep playing but it might crash again.</div>
|html|<div class="broadcast-red"><b>The battle crashed</b><br />You can keep playing but it might crash again.</div>
|html|<div class="broadcast-red"><b>The battle crashed</b><br />You can keep playing but it might crash again.</div>
|html|<div class="broadcast-red"><b>The battle crashed</b><br />You can keep playing but it might crash again.</div>
|html|<div class="broadcast-red"><b>The battle crashed</b><br />You can keep playing but it might crash again.</div>
|html|<div class="broadcast-red"><b>The battle crashed</b><br />You can keep playing but it might crash again.</div>
|html|<div class="broadcast-red"><b>The battle crashed</b><br />You can keep playing but it might crash again.</div>
|html|<div class="broadcast-red"><b>The battle crashed</b><br />You can keep playing but it might crash again.</div>
|html|<div class="broadcast-red"><b>The battle crashed</b><br />You can keep playing but it might crash again.</div>
|html|<div class="broadcast-red"><b>The battle crashed</b><br />You can keep playing but it might crash again.</div>
|html|<div class="broadcast-red"><b>The battle crashed</b><br />You can keep playing but it might crash again.</div>

TypeError: Cannot read property 'isActive' of null
    at Tools.Battle.makeRequest (/Users/clazinasteunenberg/Downloads/Test/battle-engine.js:1943:15)
    at process.BattlePokemon.side (/Users/clazinasteunenberg/Downloads/Test/battle-engine.js:157:13)
    at process.EventEmitter.emit (events.js:98:17)
    at handleMessage (child_process.js:318:10)
    at Pipe.channel.onread (child_process.js:345:11)

TypeError: Cannot use 'in' operator to search for 'Rule:potd' in undefined
    at Tools.exports.BattleScripts.randomTeam (/Users/clazinasteunenberg/Downloads/Test/data/scripts.js:1482:38)
    at Tools.exports.BattleScripts.getTeam (/Users/clazinasteunenberg/Downloads/Test/data/scripts.js:494:16)
    at new BattleSide (/Users/clazinasteunenberg/Downloads/Test/battle-engine.js:1096:27)
    at Tools.Battle.join (/Users/clazinasteunenberg/Downloads/Test/battle-engine.js:3333:15)
    at Tools.Battle.receive (/Users/clazinasteunenberg/Downloads/Test/battle-engine.js:3390:9)
    at process.BattlePokemon.side (/Users/clazinasteunenberg/Downloads/Test/battle-engine.js:143:12)
    at process.EventEmitter.emit (events.js:98:17)
    at handleMessage (child_process.js:318:10)
    at Pipe.channel.onread (child_process.js:345:11)

Additional information:
message = battle-randombattle-478|join|p1|E4 GhostKiller|165
currentRequest = 

Log:
|html|<div class="broadcast-red"><b>The battle crashed</b><br />You can keep playing but it might crash again.</div>
|html|<div class="broadcast-red"><b>The battle crashed</b><br />You can keep playing but it might crash again.</div>
|html|<div class="broadcast-red"><b>The battle crashed</b><br />You can keep playing but it might crash again.</div>
|html|<div class="broadcast-red"><b>The battle crashed</b><br />You can keep playing but it might crash again.</div>
|html|<div class="broadcast-red"><b>The battle crashed</b><br />You can keep playing but it might crash again.</div>
|html|<div class="broadcast-red"><b>The battle crashed</b><br />You can keep playing but it might crash again.</div>
|html|<div class="broadcast-red"><b>The battle crashed</b><br />You can keep playing but it might crash again.</div>
|html|<div class="broadcast-red"><b>The battle crashed</b><br />You can keep playing but it might crash again.</div>
|html|<div class="broadcast-red"><b>The battle crashed</b><br />You can keep playing but it might crash again.</div>
|html|<div class="broadcast-red"><b>The battle crashed</b><br />You can keep playing but it might crash again.</div>
|html|<div class="broadcast-red"><b>The battle crashed</b><br />You can keep playing but it might crash again.</div>
|html|<div class="broadcast-red"><b>The battle crashed</b><br />You can keep playing but it might crash again.</div>
|html|<div class="broadcast-red"><b>The battle crashed</b><br />You can keep playing but it might crash again.</div>
|html|<div class="broadcast-red"><b>The battle crashed</b><br />You can keep playing but it might crash again.</div>
|html|<div class="broadcast-red"><b>The battle crashed</b><br />You can keep playing but it might crash again.</div>
|html|<div class="broadcast-red"><b>The battle crashed</b><br />You can keep playing but it might crash again.</div>
|html|<div class="broadcast-red"><b>The battle crashed</b><br />You can keep playing but it might crash again.</div>
|html|<div class="broadcast-red"><b>The battle crashed</b><br />You can keep playing but it might crash again.</div>
|html|<div class="broadcast-red"><b>The battle crashed</b><br />You can keep playing but it might crash again.</div>
|html|<div class="broadcast-red"><b>The battle crashed</b><br />You can keep playing but it might crash again.</div>
|html|<div class="broadcast-red"><b>The battle crashed</b><br />You can keep playing but it might crash again.</div>
|html|<div class="broadcast-red"><b>The battle crashed</b><br />You can keep playing but it might crash again.</div>
|html|<div class="broadcast-red"><b>The battle crashed</b><br />You can keep playing but it might crash again.</div>
|html|<div class="broadcast-red"><b>The battle crashed</b><br />You can keep playing but it might crash again.</div>
|html|<div class="broadcast-red"><b>The battle crashed</b><br />You can keep playing but it might crash again.</div>
|html|<div class="broadcast-red"><b>The battle crashed</b><br />You can keep playing but it might crash again.</div>
|html|<div class="broadcast-red"><b>The battle crashed</b><br />You can keep playing but it might crash again.</div>
|html|<div class="broadcast-red"><b>The battle crashed</b><br />You can keep playing but it might crash again.</div>
|html|<div class="broadcast-red"><b>The battle crashed</b><br />You can keep playing but it might crash again.</div>
|html|<div class="broadcast-red"><b>The battle crashed</b><br />You can keep playing but it might crash again.</div>
|html|<div class="broadcast-red"><b>The battle crashed</b><br />You can keep playing but it might crash again.</div>
|html|<div class="broadcast-red"><b>The battle crashed</b><br />You can keep playing but it might crash again.</div>
|html|<div class="broadcast-red"><b>The battle crashed</b><br />You can keep playing but it might crash again.</div>
|html|<div class="broadcast-red"><b>The battle crashed</b><br />You can keep playing but it might crash again.</div>
|html|<div class="broadcast-red"><b>The battle crashed</b><br />You can keep playing but it might crash again.</div>
|html|<div class="broadcast-red"><b>The battle crashed</b><br />You can keep playing but it might crash again.</div>
|html|<div class="broadcast-red"><b>The battle crashed</b><br />You can keep playing but it might crash again.</div>
|html|<div class="broadcast-red"><b>The battle crashed</b><br />You can keep playing but it might crash again.</div>
|html|<div class="broadcast-red"><b>The battle crashed</b><br />You can keep playing but it might crash again.</div>
|html|<div class="broadcast-red"><b>The battle crashed</b><br />You can keep playing but it might crash again.</div>
|html|<div class="broadcast-red"><b>The battle crashed</b><br />You can keep playing but it might crash again.</div>
|html|<div class="broadcast-red"><b>The battle crashed</b><br />You can keep playing but it might crash again.</div>
|html|<div class="broadcast-red"><b>The battle crashed</b><br />You can keep playing but it might crash again.</div>
|html|<div class="broadcast-red"><b>The battle crashed</b><br />You can keep playing but it might crash again.</div>
|html|<div class="broadcast-red"><b>The battle crashed</b><br />You can keep playing but it might crash again.</div>
|html|<div class="broadcast-red"><b>The battle crashed</b><br />You can keep playing but it might crash again.</div>
|html|<div class="broadcast-red"><b>The battle crashed</b><br />You can keep playing but it might crash again.</div>
|html|<div class="broadcast-red"><b>The battle crashed</b><br />You can keep playing but it might crash again.</div>
|html|<div class="broadcast-red"><b>The battle crashed</b><br />You can keep playing but it might crash again.</div>
|html|<div class="broadcast-red"><b>The battle crashed</b><br />You can keep playing but it might crash again.</div>
|html|<div class="broadcast-red"><b>The battle crashed</b><br />You can keep playing but it might crash again.</div>
|html|<div class="broadcast-red"><b>The battle crashed</b><br />You can keep playing but it might crash again.</div>

TypeError: Cannot read property 'isActive' of null
    at Tools.Battle.makeRequest (/Users/clazinasteunenberg/Downloads/Test/battle-engine.js:1943:15)
    at process.BattlePokemon.side (/Users/clazinasteunenberg/Downloads/Test/battle-engine.js:157:13)
    at process.EventEmitter.emit (events.js:98:17)
    at handleMessage (child_process.js:318:10)
    at Pipe.channel.onread (child_process.js:345:11)

TypeError: Cannot use 'in' operator to search for 'Rule:potd' in undefined
    at Tools.exports.BattleScripts.randomTeam (/Users/clazinasteunenberg/Downloads/Test/data/scripts.js:1482:38)
    at Tools.exports.BattleScripts.getTeam (/Users/clazinasteunenberg/Downloads/Test/data/scripts.js:494:16)
    at new BattleSide (/Users/clazinasteunenberg/Downloads/Test/battle-engine.js:1096:27)
    at Tools.Battle.join (/Users/clazinasteunenberg/Downloads/Test/battle-engine.js:3333:15)
    at Tools.Battle.receive (/Users/clazinasteunenberg/Downloads/Test/battle-engine.js:3390:9)
    at process.BattlePokemon.side (/Users/clazinasteunenberg/Downloads/Test/battle-engine.js:143:12)
    at process.EventEmitter.emit (events.js:98:17)
    at handleMessage (child_process.js:318:10)
    at Pipe.channel.onread (child_process.js:345:11)

Additional information:
message = battle-randombattle-478|join|p1|E4 GhostKiller|165
currentRequest = 

Log:
|html|<div class="broadcast-red"><b>The battle crashed</b><br />You can keep playing but it might crash again.</div>
|html|<div class="broadcast-red"><b>The battle crashed</b><br />You can keep playing but it might crash again.</div>
|html|<div class="broadcast-red"><b>The battle crashed</b><br />You can keep playing but it might crash again.</div>
|html|<div class="broadcast-red"><b>The battle crashed</b><br />You can keep playing but it might crash again.</div>
|html|<div class="broadcast-red"><b>The battle crashed</b><br />You can keep playing but it might crash again.</div>
|html|<div class="broadcast-red"><b>The battle crashed</b><br />You can keep playing but it might crash again.</div>
|html|<div class="broadcast-red"><b>The battle crashed</b><br />You can keep playing but it might crash again.</div>
|html|<div class="broadcast-red"><b>The battle crashed</b><br />You can keep playing but it might crash again.</div>
|html|<div class="broadcast-red"><b>The battle crashed</b><br />You can keep playing but it might crash again.</div>
|html|<div class="broadcast-red"><b>The battle crashed</b><br />You can keep playing but it might crash again.</div>
|html|<div class="broadcast-red"><b>The battle crashed</b><br />You can keep playing but it might crash again.</div>
|html|<div class="broadcast-red"><b>The battle crashed</b><br />You can keep playing but it might crash again.</div>
|html|<div class="broadcast-red"><b>The battle crashed</b><br />You can keep playing but it might crash again.</div>
|html|<div class="broadcast-red"><b>The battle crashed</b><br />You can keep playing but it might crash again.</div>
|html|<div class="broadcast-red"><b>The battle crashed</b><br />You can keep playing but it might crash again.</div>
|html|<div class="broadcast-red"><b>The battle crashed</b><br />You can keep playing but it might crash again.</div>
|html|<div class="broadcast-red"><b>The battle crashed</b><br />You can keep playing but it might crash again.</div>
|html|<div class="broadcast-red"><b>The battle crashed</b><br />You can keep playing but it might crash again.</div>
|html|<div class="broadcast-red"><b>The battle crashed</b><br />You can keep playing but it might crash again.</div>
|html|<div class="broadcast-red"><b>The battle crashed</b><br />You can keep playing but it might crash again.</div>
|html|<div class="broadcast-red"><b>The battle crashed</b><br />You can keep playing but it might crash again.</div>
|html|<div class="broadcast-red"><b>The battle crashed</b><br />You can keep playing but it might crash again.</div>
|html|<div class="broadcast-red"><b>The battle crashed</b><br />You can keep playing but it might crash again.</div>
|html|<div class="broadcast-red"><b>The battle crashed</b><br />You can keep playing but it might crash again.</div>
|html|<div class="broadcast-red"><b>The battle crashed</b><br />You can keep playing but it might crash again.</div>
|html|<div class="broadcast-red"><b>The battle crashed</b><br />You can keep playing but it might crash again.</div>
|html|<div class="broadcast-red"><b>The battle crashed</b><br />You can keep playing but it might crash again.</div>
|html|<div class="broadcast-red"><b>The battle crashed</b><br />You can keep playing but it might crash again.</div>
|html|<div class="broadcast-red"><b>The battle crashed</b><br />You can keep playing but it might crash again.</div>
|html|<div class="broadcast-red"><b>The battle crashed</b><br />You can keep playing but it might crash again.</div>
|html|<div class="broadcast-red"><b>The battle crashed</b><br />You can keep playing but it might crash again.</div>
|html|<div class="broadcast-red"><b>The battle crashed</b><br />You can keep playing but it might crash again.</div>
|html|<div class="broadcast-red"><b>The battle crashed</b><br />You can keep playing but it might crash again.</div>
|html|<div class="broadcast-red"><b>The battle crashed</b><br />You can keep playing but it might crash again.</div>
|html|<div class="broadcast-red"><b>The battle crashed</b><br />You can keep playing but it might crash again.</div>
|html|<div class="broadcast-red"><b>The battle crashed</b><br />You can keep playing but it might crash again.</div>
|html|<div class="broadcast-red"><b>The battle crashed</b><br />You can keep playing but it might crash again.</div>
|html|<div class="broadcast-red"><b>The battle crashed</b><br />You can keep playing but it might crash again.</div>
|html|<div class="broadcast-red"><b>The battle crashed</b><br />You can keep playing but it might crash again.</div>
|html|<div class="broadcast-red"><b>The battle crashed</b><br />You can keep playing but it might crash again.</div>
|html|<div class="broadcast-red"><b>The battle crashed</b><br />You can keep playing but it might crash again.</div>
|html|<div class="broadcast-red"><b>The battle crashed</b><br />You can keep playing but it might crash again.</div>
|html|<div class="broadcast-red"><b>The battle crashed</b><br />You can keep playing but it might crash again.</div>
|html|<div class="broadcast-red"><b>The battle crashed</b><br />You can keep playing but it might crash again.</div>
|html|<div class="broadcast-red"><b>The battle crashed</b><br />You can keep playing but it might crash again.</div>
|html|<div class="broadcast-red"><b>The battle crashed</b><br />You can keep playing but it might crash again.</div>
|html|<div class="broadcast-red"><b>The battle crashed</b><br />You can keep playing but it might crash again.</div>
|html|<div class="broadcast-red"><b>The battle crashed</b><br />You can keep playing but it might crash again.</div>
|html|<div class="broadcast-red"><b>The battle crashed</b><br />You can keep playing but it might crash again.</div>
|html|<div class="broadcast-red"><b>The battle crashed</b><br />You can keep playing but it might crash again.</div>
|html|<div class="broadcast-red"><b>The battle crashed</b><br />You can keep playing but it might crash again.</div>
|html|<div class="broadcast-red"><b>The battle crashed</b><br />You can keep playing but it might crash again.</div>
|html|<div class="broadcast-red"><b>The battle crashed</b><br />You can keep playing but it might crash again.</div>

TypeError: Cannot read property 'isActive' of null
    at Tools.Battle.makeRequest (/Users/clazinasteunenberg/Downloads/Test/battle-engine.js:1943:15)
    at process.BattlePokemon.side (/Users/clazinasteunenberg/Downloads/Test/battle-engine.js:157:13)
    at process.EventEmitter.emit (events.js:98:17)
    at handleMessage (child_process.js:318:10)
    at Pipe.channel.onread (child_process.js:345:11)

TypeError: Cannot use 'in' operator to search for 'Rule:potd' in undefined
    at Tools.exports.BattleScripts.randomTeam (/Users/clazinasteunenberg/Downloads/Test/data/scripts.js:1482:38)
    at Tools.exports.BattleScripts.getTeam (/Users/clazinasteunenberg/Downloads/Test/data/scripts.js:494:16)
    at new BattleSide (/Users/clazinasteunenberg/Downloads/Test/battle-engine.js:1096:27)
    at Tools.Battle.join (/Users/clazinasteunenberg/Downloads/Test/battle-engine.js:3333:15)
    at Tools.Battle.receive (/Users/clazinasteunenberg/Downloads/Test/battle-engine.js:3390:9)
    at process.BattlePokemon.side (/Users/clazinasteunenberg/Downloads/Test/battle-engine.js:143:12)
    at process.EventEmitter.emit (events.js:98:17)
    at handleMessage (child_process.js:318:10)
    at Pipe.channel.onread (child_process.js:345:11)

Additional information:
message = battle-randombattle-478|join|p1|E4 GhostKiller|165
currentRequest = 

Log:
|html|<div class="broadcast-red"><b>The battle crashed</b><br />You can keep playing but it might crash again.</div>
|html|<div class="broadcast-red"><b>The battle crashed</b><br />You can keep playing but it might crash again.</div>
|html|<div class="broadcast-red"><b>The battle crashed</b><br />You can keep playing but it might crash again.</div>
|html|<div class="broadcast-red"><b>The battle crashed</b><br />You can keep playing but it might crash again.</div>
|html|<div class="broadcast-red"><b>The battle crashed</b><br />You can keep playing but it might crash again.</div>
|html|<div class="broadcast-red"><b>The battle crashed</b><br />You can keep playing but it might crash again.</div>
|html|<div class="broadcast-red"><b>The battle crashed</b><br />You can keep playing but it might crash again.</div>
|html|<div class="broadcast-red"><b>The battle crashed</b><br />You can keep playing but it might crash again.</div>
|html|<div class="broadcast-red"><b>The battle crashed</b><br />You can keep playing but it might crash again.</div>
|html|<div class="broadcast-red"><b>The battle crashed</b><br />You can keep playing but it might crash again.</div>
|html|<div class="broadcast-red"><b>The battle crashed</b><br />You can keep playing but it might crash again.</div>
|html|<div class="broadcast-red"><b>The battle crashed</b><br />You can keep playing but it might crash again.</div>
|html|<div class="broadcast-red"><b>The battle crashed</b><br />You can keep playing but it might crash again.</div>
|html|<div class="broadcast-red"><b>The battle crashed</b><br />You can keep playing but it might crash again.</div>
|html|<div class="broadcast-red"><b>The battle crashed</b><br />You can keep playing but it might crash again.</div>
|html|<div class="broadcast-red"><b>The battle crashed</b><br />You can keep playing but it might crash again.</div>
|html|<div class="broadcast-red"><b>The battle crashed</b><br />You can keep playing but it might crash again.</div>
|html|<div class="broadcast-red"><b>The battle crashed</b><br />You can keep playing but it might crash again.</div>
|html|<div class="broadcast-red"><b>The battle crashed</b><br />You can keep playing but it might crash again.</div>
|html|<div class="broadcast-red"><b>The battle crashed</b><br />You can keep playing but it might crash again.</div>
|html|<div class="broadcast-red"><b>The battle crashed</b><br />You can keep playing but it might crash again.</div>
|html|<div class="broadcast-red"><b>The battle crashed</b><br />You can keep playing but it might crash again.</div>
|html|<div class="broadcast-red"><b>The battle crashed</b><br />You can keep playing but it might crash again.</div>
|html|<div class="broadcast-red"><b>The battle crashed</b><br />You can keep playing but it might crash again.</div>
|html|<div class="broadcast-red"><b>The battle crashed</b><br />You can keep playing but it might crash again.</div>
|html|<div class="broadcast-red"><b>The battle crashed</b><br />You can keep playing but it might crash again.</div>
|html|<div class="broadcast-red"><b>The battle crashed</b><br />You can keep playing but it might crash again.</div>
|html|<div class="broadcast-red"><b>The battle crashed</b><br />You can keep playing but it might crash again.</div>
|html|<div class="broadcast-red"><b>The battle crashed</b><br />You can keep playing but it might crash again.</div>
|html|<div class="broadcast-red"><b>The battle crashed</b><br />You can keep playing but it might crash again.</div>
|html|<div class="broadcast-red"><b>The battle crashed</b><br />You can keep playing but it might crash again.</div>
|html|<div class="broadcast-red"><b>The battle crashed</b><br />You can keep playing but it might crash again.</div>
|html|<div class="broadcast-red"><b>The battle crashed</b><br />You can keep playing but it might crash again.</div>
|html|<div class="broadcast-red"><b>The battle crashed</b><br />You can keep playing but it might crash again.</div>
|html|<div class="broadcast-red"><b>The battle crashed</b><br />You can keep playing but it might crash again.</div>
|html|<div class="broadcast-red"><b>The battle crashed</b><br />You can keep playing but it might crash again.</div>
|html|<div class="broadcast-red"><b>The battle crashed</b><br />You can keep playing but it might crash again.</div>
|html|<div class="broadcast-red"><b>The battle crashed</b><br />You can keep playing but it might crash again.</div>
|html|<div class="broadcast-red"><b>The battle crashed</b><br />You can keep playing but it might crash again.</div>
|html|<div class="broadcast-red"><b>The battle crashed</b><br />You can keep playing but it might crash again.</div>
|html|<div class="broadcast-red"><b>The battle crashed</b><br />You can keep playing but it might crash again.</div>
|html|<div class="broadcast-red"><b>The battle crashed</b><br />You can keep playing but it might crash again.</div>
|html|<div class="broadcast-red"><b>The battle crashed</b><br />You can keep playing but it might crash again.</div>
|html|<div class="broadcast-red"><b>The battle crashed</b><br />You can keep playing but it might crash again.</div>
|html|<div class="broadcast-red"><b>The battle crashed</b><br />You can keep playing but it might crash again.</div>
|html|<div class="broadcast-red"><b>The battle crashed</b><br />You can keep playing but it might crash again.</div>
|html|<div class="broadcast-red"><b>The battle crashed</b><br />You can keep playing but it might crash again.</div>
|html|<div class="broadcast-red"><b>The battle crashed</b><br />You can keep playing but it might crash again.</div>
|html|<div class="broadcast-red"><b>The battle crashed</b><br />You can keep playing but it might crash again.</div>
|html|<div class="broadcast-red"><b>The battle crashed</b><br />You can keep playing but it might crash again.</div>
|html|<div class="broadcast-red"><b>The battle crashed</b><br />You can keep playing but it might crash again.</div>
|html|<div class="broadcast-red"><b>The battle crashed</b><br />You can keep playing but it might crash again.</div>
|html|<div class="broadcast-red"><b>The battle crashed</b><br />You can keep playing but it might crash again.</div>
|html|<div class="broadcast-red"><b>The battle crashed</b><br />You can keep playing but it might crash again.</div>

TypeError: Cannot read property 'isActive' of null
    at Tools.Battle.makeRequest (/Users/clazinasteunenberg/Downloads/Test/battle-engine.js:1943:15)
    at process.BattlePokemon.side (/Users/clazinasteunenberg/Downloads/Test/battle-engine.js:157:13)
    at process.EventEmitter.emit (events.js:98:17)
    at handleMessage (child_process.js:318:10)
    at Pipe.channel.onread (child_process.js:345:11)

TypeError: Cannot use 'in' operator to search for 'Rule:potd' in undefined
    at Tools.exports.BattleScripts.randomTeam (/Users/clazinasteunenberg/Downloads/Test/data/scripts.js:1482:38)
    at Tools.exports.BattleScripts.getTeam (/Users/clazinasteunenberg/Downloads/Test/data/scripts.js:494:16)
    at new BattleSide (/Users/clazinasteunenberg/Downloads/Test/battle-engine.js:1096:27)
    at Tools.Battle.join (/Users/clazinasteunenberg/Downloads/Test/battle-engine.js:3333:15)
    at Tools.Battle.receive (/Users/clazinasteunenberg/Downloads/Test/battle-engine.js:3390:9)
    at process.BattlePokemon.side (/Users/clazinasteunenberg/Downloads/Test/battle-engine.js:143:12)
    at process.EventEmitter.emit (events.js:98:17)
    at handleMessage (child_process.js:318:10)
    at Pipe.channel.onread (child_process.js:345:11)

Additional information:
message = battle-randombattle-478|join|p1|E4 GhostKiller|165
currentRequest = 

Log:
|html|<div class="broadcast-red"><b>The battle crashed</b><br />You can keep playing but it might crash again.</div>
|html|<div class="broadcast-red"><b>The battle crashed</b><br />You can keep playing but it might crash again.</div>
|html|<div class="broadcast-red"><b>The battle crashed</b><br />You can keep playing but it might crash again.</div>
|html|<div class="broadcast-red"><b>The battle crashed</b><br />You can keep playing but it might crash again.</div>
|html|<div class="broadcast-red"><b>The battle crashed</b><br />You can keep playing but it might crash again.</div>
|html|<div class="broadcast-red"><b>The battle crashed</b><br />You can keep playing but it might crash again.</div>
|html|<div class="broadcast-red"><b>The battle crashed</b><br />You can keep playing but it might crash again.</div>
|html|<div class="broadcast-red"><b>The battle crashed</b><br />You can keep playing but it might crash again.</div>
|html|<div class="broadcast-red"><b>The battle crashed</b><br />You can keep playing but it might crash again.</div>
|html|<div class="broadcast-red"><b>The battle crashed</b><br />You can keep playing but it might crash again.</div>
|html|<div class="broadcast-red"><b>The battle crashed</b><br />You can keep playing but it might crash again.</div>
|html|<div class="broadcast-red"><b>The battle crashed</b><br />You can keep playing but it might crash again.</div>
|html|<div class="broadcast-red"><b>The battle crashed</b><br />You can keep playing but it might crash again.</div>
|html|<div class="broadcast-red"><b>The battle crashed</b><br />You can keep playing but it might crash again.</div>
|html|<div class="broadcast-red"><b>The battle crashed</b><br />You can keep playing but it might crash again.</div>
|html|<div class="broadcast-red"><b>The battle crashed</b><br />You can keep playing but it might crash again.</div>
|html|<div class="broadcast-red"><b>The battle crashed</b><br />You can keep playing but it might crash again.</div>
|html|<div class="broadcast-red"><b>The battle crashed</b><br />You can keep playing but it might crash again.</div>
|html|<div class="broadcast-red"><b>The battle crashed</b><br />You can keep playing but it might crash again.</div>
|html|<div class="broadcast-red"><b>The battle crashed</b><br />You can keep playing but it might crash again.</div>
|html|<div class="broadcast-red"><b>The battle crashed</b><br />You can keep playing but it might crash again.</div>
|html|<div class="broadcast-red"><b>The battle crashed</b><br />You can keep playing but it might crash again.</div>
|html|<div class="broadcast-red"><b>The battle crashed</b><br />You can keep playing but it might crash again.</div>
|html|<div class="broadcast-red"><b>The battle crashed</b><br />You can keep playing but it might crash again.</div>
|html|<div class="broadcast-red"><b>The battle crashed</b><br />You can keep playing but it might crash again.</div>
|html|<div class="broadcast-red"><b>The battle crashed</b><br />You can keep playing but it might crash again.</div>
|html|<div class="broadcast-red"><b>The battle crashed</b><br />You can keep playing but it might crash again.</div>
|html|<div class="broadcast-red"><b>The battle crashed</b><br />You can keep playing but it might crash again.</div>
|html|<div class="broadcast-red"><b>The battle crashed</b><br />You can keep playing but it might crash again.</div>
|html|<div class="broadcast-red"><b>The battle crashed</b><br />You can keep playing but it might crash again.</div>
|html|<div class="broadcast-red"><b>The battle crashed</b><br />You can keep playing but it might crash again.</div>
|html|<div class="broadcast-red"><b>The battle crashed</b><br />You can keep playing but it might crash again.</div>
|html|<div class="broadcast-red"><b>The battle crashed</b><br />You can keep playing but it might crash again.</div>
|html|<div class="broadcast-red"><b>The battle crashed</b><br />You can keep playing but it might crash again.</div>
|html|<div class="broadcast-red"><b>The battle crashed</b><br />You can keep playing but it might crash again.</div>
|html|<div class="broadcast-red"><b>The battle crashed</b><br />You can keep playing but it might crash again.</div>
|html|<div class="broadcast-red"><b>The battle crashed</b><br />You can keep playing but it might crash again.</div>
|html|<div class="broadcast-red"><b>The battle crashed</b><br />You can keep playing but it might crash again.</div>
|html|<div class="broadcast-red"><b>The battle crashed</b><br />You can keep playing but it might crash again.</div>
|html|<div class="broadcast-red"><b>The battle crashed</b><br />You can keep playing but it might crash again.</div>
|html|<div class="broadcast-red"><b>The battle crashed</b><br />You can keep playing but it might crash again.</div>
|html|<div class="broadcast-red"><b>The battle crashed</b><br />You can keep playing but it might crash again.</div>
|html|<div class="broadcast-red"><b>The battle crashed</b><br />You can keep playing but it might crash again.</div>
|html|<div class="broadcast-red"><b>The battle crashed</b><br />You can keep playing but it might crash again.</div>
|html|<div class="broadcast-red"><b>The battle crashed</b><br />You can keep playing but it might crash again.</div>
|html|<div class="broadcast-red"><b>The battle crashed</b><br />You can keep playing but it might crash again.</div>
|html|<div class="broadcast-red"><b>The battle crashed</b><br />You can keep playing but it might crash again.</div>
|html|<div class="broadcast-red"><b>The battle crashed</b><br />You can keep playing but it might crash again.</div>
|html|<div class="broadcast-red"><b>The battle crashed</b><br />You can keep playing but it might crash again.</div>
|html|<div class="broadcast-red"><b>The battle crashed</b><br />You can keep playing but it might crash again.</div>
|html|<div class="broadcast-red"><b>The battle crashed</b><br />You can keep playing but it might crash again.</div>
|html|<div class="broadcast-red"><b>The battle crashed</b><br />You can keep playing but it might crash again.</div>
|html|<div class="broadcast-red"><b>The battle crashed</b><br />You can keep playing but it might crash again.</div>
|html|<div class="broadcast-red"><b>The battle crashed</b><br />You can keep playing but it might crash again.</div>
|html|<div class="broadcast-red"><b>The battle crashed</b><br />You can keep playing but it might crash again.</div>

TypeError: Cannot read property 'isActive' of null
    at Tools.Battle.makeRequest (/Users/clazinasteunenberg/Downloads/Test/battle-engine.js:1943:15)
    at process.BattlePokemon.side (/Users/clazinasteunenberg/Downloads/Test/battle-engine.js:157:13)
    at process.EventEmitter.emit (events.js:98:17)
    at handleMessage (child_process.js:318:10)
    at Pipe.channel.onread (child_process.js:345:11)

TypeError: Cannot use 'in' operator to search for 'Rule:potd' in undefined
    at Tools.exports.BattleScripts.randomTeam (/Users/clazinasteunenberg/Downloads/Test/data/scripts.js:1482:38)
    at Tools.exports.BattleScripts.getTeam (/Users/clazinasteunenberg/Downloads/Test/data/scripts.js:494:16)
    at new BattleSide (/Users/clazinasteunenberg/Downloads/Test/battle-engine.js:1096:27)
    at Tools.Battle.join (/Users/clazinasteunenberg/Downloads/Test/battle-engine.js:3333:15)
    at Tools.Battle.receive (/Users/clazinasteunenberg/Downloads/Test/battle-engine.js:3390:9)
    at process.BattlePokemon.side (/Users/clazinasteunenberg/Downloads/Test/battle-engine.js:143:12)
    at process.EventEmitter.emit (events.js:98:17)
    at handleMessage (child_process.js:318:10)
    at Pipe.channel.onread (child_process.js:345:11)

Additional information:
message = battle-randombattle-478|join|p1|E4 GhostKiller|165
currentRequest = 

Log:
|html|<div class="broadcast-red"><b>The battle crashed</b><br />You can keep playing but it might crash again.</div>
|html|<div class="broadcast-red"><b>The battle crashed</b><br />You can keep playing but it might crash again.</div>
|html|<div class="broadcast-red"><b>The battle crashed</b><br />You can keep playing but it might crash again.</div>
|html|<div class="broadcast-red"><b>The battle crashed</b><br />You can keep playing but it might crash again.</div>
|html|<div class="broadcast-red"><b>The battle crashed</b><br />You can keep playing but it might crash again.</div>
|html|<div class="broadcast-red"><b>The battle crashed</b><br />You can keep playing but it might crash again.</div>
|html|<div class="broadcast-red"><b>The battle crashed</b><br />You can keep playing but it might crash again.</div>
|html|<div class="broadcast-red"><b>The battle crashed</b><br />You can keep playing but it might crash again.</div>
|html|<div class="broadcast-red"><b>The battle crashed</b><br />You can keep playing but it might crash again.</div>
|html|<div class="broadcast-red"><b>The battle crashed</b><br />You can keep playing but it might crash again.</div>
|html|<div class="broadcast-red"><b>The battle crashed</b><br />You can keep playing but it might crash again.</div>
|html|<div class="broadcast-red"><b>The battle crashed</b><br />You can keep playing but it might crash again.</div>
|html|<div class="broadcast-red"><b>The battle crashed</b><br />You can keep playing but it might crash again.</div>
|html|<div class="broadcast-red"><b>The battle crashed</b><br />You can keep playing but it might crash again.</div>
|html|<div class="broadcast-red"><b>The battle crashed</b><br />You can keep playing but it might crash again.</div>
|html|<div class="broadcast-red"><b>The battle crashed</b><br />You can keep playing but it might crash again.</div>
|html|<div class="broadcast-red"><b>The battle crashed</b><br />You can keep playing but it might crash again.</div>
|html|<div class="broadcast-red"><b>The battle crashed</b><br />You can keep playing but it might crash again.</div>
|html|<div class="broadcast-red"><b>The battle crashed</b><br />You can keep playing but it might crash again.</div>
|html|<div class="broadcast-red"><b>The battle crashed</b><br />You can keep playing but it might crash again.</div>
|html|<div class="broadcast-red"><b>The battle crashed</b><br />You can keep playing but it might crash again.</div>
|html|<div class="broadcast-red"><b>The battle crashed</b><br />You can keep playing but it might crash again.</div>
|html|<div class="broadcast-red"><b>The battle crashed</b><br />You can keep playing but it might crash again.</div>
|html|<div class="broadcast-red"><b>The battle crashed</b><br />You can keep playing but it might crash again.</div>
|html|<div class="broadcast-red"><b>The battle crashed</b><br />You can keep playing but it might crash again.</div>
|html|<div class="broadcast-red"><b>The battle crashed</b><br />You can keep playing but it might crash again.</div>
|html|<div class="broadcast-red"><b>The battle crashed</b><br />You can keep playing but it might crash again.</div>
|html|<div class="broadcast-red"><b>The battle crashed</b><br />You can keep playing but it might crash again.</div>
|html|<div class="broadcast-red"><b>The battle crashed</b><br />You can keep playing but it might crash again.</div>
|html|<div class="broadcast-red"><b>The battle crashed</b><br />You can keep playing but it might crash again.</div>
|html|<div class="broadcast-red"><b>The battle crashed</b><br />You can keep playing but it might crash again.</div>
|html|<div class="broadcast-red"><b>The battle crashed</b><br />You can keep playing but it might crash again.</div>
|html|<div class="broadcast-red"><b>The battle crashed</b><br />You can keep playing but it might crash again.</div>
|html|<div class="broadcast-red"><b>The battle crashed</b><br />You can keep playing but it might crash again.</div>
|html|<div class="broadcast-red"><b>The battle crashed</b><br />You can keep playing but it might crash again.</div>
|html|<div class="broadcast-red"><b>The battle crashed</b><br />You can keep playing but it might crash again.</div>
|html|<div class="broadcast-red"><b>The battle crashed</b><br />You can keep playing but it might crash again.</div>
|html|<div class="broadcast-red"><b>The battle crashed</b><br />You can keep playing but it might crash again.</div>
|html|<div class="broadcast-red"><b>The battle crashed</b><br />You can keep playing but it might crash again.</div>
|html|<div class="broadcast-red"><b>The battle crashed</b><br />You can keep playing but it might crash again.</div>
|html|<div class="broadcast-red"><b>The battle crashed</b><br />You can keep playing but it might crash again.</div>
|html|<div class="broadcast-red"><b>The battle crashed</b><br />You can keep playing but it might crash again.</div>
|html|<div class="broadcast-red"><b>The battle crashed</b><br />You can keep playing but it might crash again.</div>
|html|<div class="broadcast-red"><b>The battle crashed</b><br />You can keep playing but it might crash again.</div>
|html|<div class="broadcast-red"><b>The battle crashed</b><br />You can keep playing but it might crash again.</div>
|html|<div class="broadcast-red"><b>The battle crashed</b><br />You can keep playing but it might crash again.</div>
|html|<div class="broadcast-red"><b>The battle crashed</b><br />You can keep playing but it might crash again.</div>
|html|<div class="broadcast-red"><b>The battle crashed</b><br />You can keep playing but it might crash again.</div>
|html|<div class="broadcast-red"><b>The battle crashed</b><br />You can keep playing but it might crash again.</div>
|html|<div class="broadcast-red"><b>The battle crashed</b><br />You can keep playing but it might crash again.</div>
|html|<div class="broadcast-red"><b>The battle crashed</b><br />You can keep playing but it might crash again.</div>
|html|<div class="broadcast-red"><b>The battle crashed</b><br />You can keep playing but it might crash again.</div>
|html|<div class="broadcast-red"><b>The battle crashed</b><br />You can keep playing but it might crash again.</div>
|html|<div class="broadcast-red"><b>The battle crashed</b><br />You can keep playing but it might crash again.</div>
|html|<div class="broadcast-red"><b>The battle crashed</b><br />You can keep playing but it might crash again.</div>
|html|<div class="broadcast-red"><b>The battle crashed</b><br />You can keep playing but it might crash again.</div>

TypeError: Cannot read property 'isActive' of null
    at Tools.Battle.makeRequest (/Users/clazinasteunenberg/Downloads/Test/battle-engine.js:1943:15)
    at process.BattlePokemon.side (/Users/clazinasteunenberg/Downloads/Test/battle-engine.js:157:13)
    at process.EventEmitter.emit (events.js:98:17)
    at handleMessage (child_process.js:318:10)
    at Pipe.channel.onread (child_process.js:345:11)

TypeError: Cannot use 'in' operator to search for 'Rule:potd' in undefined
    at Tools.exports.BattleScripts.randomTeam (/Users/clazinasteunenberg/Downloads/Test/data/scripts.js:1482:38)
    at Tools.exports.BattleScripts.getTeam (/Users/clazinasteunenberg/Downloads/Test/data/scripts.js:494:16)
    at new BattleSide (/Users/clazinasteunenberg/Downloads/Test/battle-engine.js:1096:27)
    at Tools.Battle.join (/Users/clazinasteunenberg/Downloads/Test/battle-engine.js:3333:15)
    at Tools.Battle.receive (/Users/clazinasteunenberg/Downloads/Test/battle-engine.js:3390:9)
    at process.BattlePokemon.side (/Users/clazinasteunenberg/Downloads/Test/battle-engine.js:143:12)
    at process.EventEmitter.emit (events.js:98:17)
    at handleMessage (child_process.js:318:10)
    at Pipe.channel.onread (child_process.js:345:11)

Additional information:
message = battle-randombattle-478|join|p1|E4 GhostKiller|165
currentRequest = 

Log:
|html|<div class="broadcast-red"><b>The battle crashed</b><br />You can keep playing but it might crash again.</div>
|html|<div class="broadcast-red"><b>The battle crashed</b><br />You can keep playing but it might crash again.</div>
|html|<div class="broadcast-red"><b>The battle crashed</b><br />You can keep playing but it might crash again.</div>
|html|<div class="broadcast-red"><b>The battle crashed</b><br />You can keep playing but it might crash again.</div>
|html|<div class="broadcast-red"><b>The battle crashed</b><br />You can keep playing but it might crash again.</div>
|html|<div class="broadcast-red"><b>The battle crashed</b><br />You can keep playing but it might crash again.</div>
|html|<div class="broadcast-red"><b>The battle crashed</b><br />You can keep playing but it might crash again.</div>
|html|<div class="broadcast-red"><b>The battle crashed</b><br />You can keep playing but it might crash again.</div>
|html|<div class="broadcast-red"><b>The battle crashed</b><br />You can keep playing but it might crash again.</div>
|html|<div class="broadcast-red"><b>The battle crashed</b><br />You can keep playing but it might crash again.</div>
|html|<div class="broadcast-red"><b>The battle crashed</b><br />You can keep playing but it might crash again.</div>
|html|<div class="broadcast-red"><b>The battle crashed</b><br />You can keep playing but it might crash again.</div>
|html|<div class="broadcast-red"><b>The battle crashed</b><br />You can keep playing but it might crash again.</div>
|html|<div class="broadcast-red"><b>The battle crashed</b><br />You can keep playing but it might crash again.</div>
|html|<div class="broadcast-red"><b>The battle crashed</b><br />You can keep playing but it might crash again.</div>
|html|<div class="broadcast-red"><b>The battle crashed</b><br />You can keep playing but it might crash again.</div>
|html|<div class="broadcast-red"><b>The battle crashed</b><br />You can keep playing but it might crash again.</div>
|html|<div class="broadcast-red"><b>The battle crashed</b><br />You can keep playing but it might crash again.</div>
|html|<div class="broadcast-red"><b>The battle crashed</b><br />You can keep playing but it might crash again.</div>
|html|<div class="broadcast-red"><b>The battle crashed</b><br />You can keep playing but it might crash again.</div>
|html|<div class="broadcast-red"><b>The battle crashed</b><br />You can keep playing but it might crash again.</div>
|html|<div class="broadcast-red"><b>The battle crashed</b><br />You can keep playing but it might crash again.</div>
|html|<div class="broadcast-red"><b>The battle crashed</b><br />You can keep playing but it might crash again.</div>
|html|<div class="broadcast-red"><b>The battle crashed</b><br />You can keep playing but it might crash again.</div>
|html|<div class="broadcast-red"><b>The battle crashed</b><br />You can keep playing but it might crash again.</div>
|html|<div class="broadcast-red"><b>The battle crashed</b><br />You can keep playing but it might crash again.</div>
|html|<div class="broadcast-red"><b>The battle crashed</b><br />You can keep playing but it might crash again.</div>
|html|<div class="broadcast-red"><b>The battle crashed</b><br />You can keep playing but it might crash again.</div>
|html|<div class="broadcast-red"><b>The battle crashed</b><br />You can keep playing but it might crash again.</div>
|html|<div class="broadcast-red"><b>The battle crashed</b><br />You can keep playing but it might crash again.</div>
|html|<div class="broadcast-red"><b>The battle crashed</b><br />You can keep playing but it might crash again.</div>
|html|<div class="broadcast-red"><b>The battle crashed</b><br />You can keep playing but it might crash again.</div>
|html|<div class="broadcast-red"><b>The battle crashed</b><br />You can keep playing but it might crash again.</div>
|html|<div class="broadcast-red"><b>The battle crashed</b><br />You can keep playing but it might crash again.</div>
|html|<div class="broadcast-red"><b>The battle crashed</b><br />You can keep playing but it might crash again.</div>
|html|<div class="broadcast-red"><b>The battle crashed</b><br />You can keep playing but it might crash again.</div>
|html|<div class="broadcast-red"><b>The battle crashed</b><br />You can keep playing but it might crash again.</div>
|html|<div class="broadcast-red"><b>The battle crashed</b><br />You can keep playing but it might crash again.</div>
|html|<div class="broadcast-red"><b>The battle crashed</b><br />You can keep playing but it might crash again.</div>
|html|<div class="broadcast-red"><b>The battle crashed</b><br />You can keep playing but it might crash again.</div>
|html|<div class="broadcast-red"><b>The battle crashed</b><br />You can keep playing but it might crash again.</div>
|html|<div class="broadcast-red"><b>The battle crashed</b><br />You can keep playing but it might crash again.</div>
|html|<div class="broadcast-red"><b>The battle crashed</b><br />You can keep playing but it might crash again.</div>
|html|<div class="broadcast-red"><b>The battle crashed</b><br />You can keep playing but it might crash again.</div>
|html|<div class="broadcast-red"><b>The battle crashed</b><br />You can keep playing but it might crash again.</div>
|html|<div class="broadcast-red"><b>The battle crashed</b><br />You can keep playing but it might crash again.</div>
|html|<div class="broadcast-red"><b>The battle crashed</b><br />You can keep playing but it might crash again.</div>
|html|<div class="broadcast-red"><b>The battle crashed</b><br />You can keep playing but it might crash again.</div>
|html|<div class="broadcast-red"><b>The battle crashed</b><br />You can keep playing but it might crash again.</div>
|html|<div class="broadcast-red"><b>The battle crashed</b><br />You can keep playing but it might crash again.</div>
|html|<div class="broadcast-red"><b>The battle crashed</b><br />You can keep playing but it might crash again.</div>
|html|<div class="broadcast-red"><b>The battle crashed</b><br />You can keep playing but it might crash again.</div>
|html|<div class="broadcast-red"><b>The battle crashed</b><br />You can keep playing but it might crash again.</div>
|html|<div class="broadcast-red"><b>The battle crashed</b><br />You can keep playing but it might crash again.</div>
|html|<div class="broadcast-red"><b>The battle crashed</b><br />You can keep playing but it might crash again.</div>
|html|<div class="broadcast-red"><b>The battle crashed</b><br />You can keep playing but it might crash again.</div>
|html|<div class="broadcast-red"><b>The battle crashed</b><br />You can keep playing but it might crash again.</div>

TypeError: Cannot read property 'isActive' of null
    at Tools.Battle.makeRequest (/Users/clazinasteunenberg/Downloads/Test/battle-engine.js:1943:15)
    at process.BattlePokemon.side (/Users/clazinasteunenberg/Downloads/Test/battle-engine.js:157:13)
    at process.EventEmitter.emit (events.js:98:17)
    at handleMessage (child_process.js:318:10)
    at Pipe.channel.onread (child_process.js:345:11)

TypeError: Cannot use 'in' operator to search for 'Rule:potd' in undefined
    at Tools.exports.BattleScripts.randomTeam (/Users/clazinasteunenberg/Downloads/Test/data/scripts.js:1482:38)
    at Tools.exports.BattleScripts.getTeam (/Users/clazinasteunenberg/Downloads/Test/data/scripts.js:494:16)
    at new BattleSide (/Users/clazinasteunenberg/Downloads/Test/battle-engine.js:1096:27)
    at Tools.Battle.join (/Users/clazinasteunenberg/Downloads/Test/battle-engine.js:3333:15)
    at Tools.Battle.receive (/Users/clazinasteunenberg/Downloads/Test/battle-engine.js:3390:9)
    at process.BattlePokemon.side (/Users/clazinasteunenberg/Downloads/Test/battle-engine.js:143:12)
    at process.EventEmitter.emit (events.js:98:17)
    at handleMessage (child_process.js:318:10)
    at Pipe.channel.onread (child_process.js:345:11)

Additional information:
message = battle-randombattle-478|join|p1|E4 GhostKiller|165
currentRequest = 

Log:
|html|<div class="broadcast-red"><b>The battle crashed</b><br />You can keep playing but it might crash again.</div>
|html|<div class="broadcast-red"><b>The battle crashed</b><br />You can keep playing but it might crash again.</div>
|html|<div class="broadcast-red"><b>The battle crashed</b><br />You can keep playing but it might crash again.</div>
|html|<div class="broadcast-red"><b>The battle crashed</b><br />You can keep playing but it might crash again.</div>
|html|<div class="broadcast-red"><b>The battle crashed</b><br />You can keep playing but it might crash again.</div>
|html|<div class="broadcast-red"><b>The battle crashed</b><br />You can keep playing but it might crash again.</div>
|html|<div class="broadcast-red"><b>The battle crashed</b><br />You can keep playing but it might crash again.</div>
|html|<div class="broadcast-red"><b>The battle crashed</b><br />You can keep playing but it might crash again.</div>
|html|<div class="broadcast-red"><b>The battle crashed</b><br />You can keep playing but it might crash again.</div>
|html|<div class="broadcast-red"><b>The battle crashed</b><br />You can keep playing but it might crash again.</div>
|html|<div class="broadcast-red"><b>The battle crashed</b><br />You can keep playing but it might crash again.</div>
|html|<div class="broadcast-red"><b>The battle crashed</b><br />You can keep playing but it might crash again.</div>
|html|<div class="broadcast-red"><b>The battle crashed</b><br />You can keep playing but it might crash again.</div>
|html|<div class="broadcast-red"><b>The battle crashed</b><br />You can keep playing but it might crash again.</div>
|html|<div class="broadcast-red"><b>The battle crashed</b><br />You can keep playing but it might crash again.</div>
|html|<div class="broadcast-red"><b>The battle crashed</b><br />You can keep playing but it might crash again.</div>
|html|<div class="broadcast-red"><b>The battle crashed</b><br />You can keep playing but it might crash again.</div>
|html|<div class="broadcast-red"><b>The battle crashed</b><br />You can keep playing but it might crash again.</div>
|html|<div class="broadcast-red"><b>The battle crashed</b><br />You can keep playing but it might crash again.</div>
|html|<div class="broadcast-red"><b>The battle crashed</b><br />You can keep playing but it might crash again.</div>
|html|<div class="broadcast-red"><b>The battle crashed</b><br />You can keep playing but it might crash again.</div>
|html|<div class="broadcast-red"><b>The battle crashed</b><br />You can keep playing but it might crash again.</div>
|html|<div class="broadcast-red"><b>The battle crashed</b><br />You can keep playing but it might crash again.</div>
|html|<div class="broadcast-red"><b>The battle crashed</b><br />You can keep playing but it might crash again.</div>
|html|<div class="broadcast-red"><b>The battle crashed</b><br />You can keep playing but it might crash again.</div>
|html|<div class="broadcast-red"><b>The battle crashed</b><br />You can keep playing but it might crash again.</div>
|html|<div class="broadcast-red"><b>The battle crashed</b><br />You can keep playing but it might crash again.</div>
|html|<div class="broadcast-red"><b>The battle crashed</b><br />You can keep playing but it might crash again.</div>
|html|<div class="broadcast-red"><b>The battle crashed</b><br />You can keep playing but it might crash again.</div>
|html|<div class="broadcast-red"><b>The battle crashed</b><br />You can keep playing but it might crash again.</div>
|html|<div class="broadcast-red"><b>The battle crashed</b><br />You can keep playing but it might crash again.</div>
|html|<div class="broadcast-red"><b>The battle crashed</b><br />You can keep playing but it might crash again.</div>
|html|<div class="broadcast-red"><b>The battle crashed</b><br />You can keep playing but it might crash again.</div>
|html|<div class="broadcast-red"><b>The battle crashed</b><br />You can keep playing but it might crash again.</div>
|html|<div class="broadcast-red"><b>The battle crashed</b><br />You can keep playing but it might crash again.</div>
|html|<div class="broadcast-red"><b>The battle crashed</b><br />You can keep playing but it might crash again.</div>
|html|<div class="broadcast-red"><b>The battle crashed</b><br />You can keep playing but it might crash again.</div>
|html|<div class="broadcast-red"><b>The battle crashed</b><br />You can keep playing but it might crash again.</div>
|html|<div class="broadcast-red"><b>The battle crashed</b><br />You can keep playing but it might crash again.</div>
|html|<div class="broadcast-red"><b>The battle crashed</b><br />You can keep playing but it might crash again.</div>
|html|<div class="broadcast-red"><b>The battle crashed</b><br />You can keep playing but it might crash again.</div>
|html|<div class="broadcast-red"><b>The battle crashed</b><br />You can keep playing but it might crash again.</div>
|html|<div class="broadcast-red"><b>The battle crashed</b><br />You can keep playing but it might crash again.</div>
|html|<div class="broadcast-red"><b>The battle crashed</b><br />You can keep playing but it might crash again.</div>
|html|<div class="broadcast-red"><b>The battle crashed</b><br />You can keep playing but it might crash again.</div>
|html|<div class="broadcast-red"><b>The battle crashed</b><br />You can keep playing but it might crash again.</div>
|html|<div class="broadcast-red"><b>The battle crashed</b><br />You can keep playing but it might crash again.</div>
|html|<div class="broadcast-red"><b>The battle crashed</b><br />You can keep playing but it might crash again.</div>
|html|<div class="broadcast-red"><b>The battle crashed</b><br />You can keep playing but it might crash again.</div>
|html|<div class="broadcast-red"><b>The battle crashed</b><br />You can keep playing but it might crash again.</div>
|html|<div class="broadcast-red"><b>The battle crashed</b><br />You can keep playing but it might crash again.</div>
|html|<div class="broadcast-red"><b>The battle crashed</b><br />You can keep playing but it might crash again.</div>
|html|<div class="broadcast-red"><b>The battle crashed</b><br />You can keep playing but it might crash again.</div>
|html|<div class="broadcast-red"><b>The battle crashed</b><br />You can keep playing but it might crash again.</div>
|html|<div class="broadcast-red"><b>The battle crashed</b><br />You can keep playing but it might crash again.</div>
|html|<div class="broadcast-red"><b>The battle crashed</b><br />You can keep playing but it might crash again.</div>
|html|<div class="broadcast-red"><b>The battle crashed</b><br />You can keep playing but it might crash again.</div>
|html|<div class="broadcast-red"><b>The battle crashed</b><br />You can keep playing but it might crash again.</div>

TypeError: Cannot read property 'isActive' of null
    at Tools.Battle.makeRequest (/Users/clazinasteunenberg/Downloads/Test/battle-engine.js:1943:15)
    at process.BattlePokemon.side (/Users/clazinasteunenberg/Downloads/Test/battle-engine.js:157:13)
    at process.EventEmitter.emit (events.js:98:17)
    at handleMessage (child_process.js:318:10)
    at Pipe.channel.onread (child_process.js:345:11)

TypeError: Cannot use 'in' operator to search for 'Rule:potd' in undefined
    at Tools.exports.BattleScripts.randomTeam (/Users/clazinasteunenberg/Downloads/Test/data/scripts.js:1482:38)
    at Tools.exports.BattleScripts.getTeam (/Users/clazinasteunenberg/Downloads/Test/data/scripts.js:494:16)
    at new BattleSide (/Users/clazinasteunenberg/Downloads/Test/battle-engine.js:1096:27)
    at Tools.Battle.join (/Users/clazinasteunenberg/Downloads/Test/battle-engine.js:3333:15)
    at Tools.Battle.receive (/Users/clazinasteunenberg/Downloads/Test/battle-engine.js:3390:9)
    at process.BattlePokemon.side (/Users/clazinasteunenberg/Downloads/Test/battle-engine.js:143:12)
    at process.EventEmitter.emit (events.js:98:17)
    at handleMessage (child_process.js:318:10)
    at Pipe.channel.onread (child_process.js:345:11)

Additional information:
message = battle-randombattle-478|join|p1|E4 GhostKiller|165
currentRequest = 

Log:
|html|<div class="broadcast-red"><b>The battle crashed</b><br />You can keep playing but it might crash again.</div>
|html|<div class="broadcast-red"><b>The battle crashed</b><br />You can keep playing but it might crash again.</div>
|html|<div class="broadcast-red"><b>The battle crashed</b><br />You can keep playing but it might crash again.</div>
|html|<div class="broadcast-red"><b>The battle crashed</b><br />You can keep playing but it might crash again.</div>
|html|<div class="broadcast-red"><b>The battle crashed</b><br />You can keep playing but it might crash again.</div>
|html|<div class="broadcast-red"><b>The battle crashed</b><br />You can keep playing but it might crash again.</div>
|html|<div class="broadcast-red"><b>The battle crashed</b><br />You can keep playing but it might crash again.</div>
|html|<div class="broadcast-red"><b>The battle crashed</b><br />You can keep playing but it might crash again.</div>
|html|<div class="broadcast-red"><b>The battle crashed</b><br />You can keep playing but it might crash again.</div>
|html|<div class="broadcast-red"><b>The battle crashed</b><br />You can keep playing but it might crash again.</div>
|html|<div class="broadcast-red"><b>The battle crashed</b><br />You can keep playing but it might crash again.</div>
|html|<div class="broadcast-red"><b>The battle crashed</b><br />You can keep playing but it might crash again.</div>
|html|<div class="broadcast-red"><b>The battle crashed</b><br />You can keep playing but it might crash again.</div>
|html|<div class="broadcast-red"><b>The battle crashed</b><br />You can keep playing but it might crash again.</div>
|html|<div class="broadcast-red"><b>The battle crashed</b><br />You can keep playing but it might crash again.</div>
|html|<div class="broadcast-red"><b>The battle crashed</b><br />You can keep playing but it might crash again.</div>
|html|<div class="broadcast-red"><b>The battle crashed</b><br />You can keep playing but it might crash again.</div>
|html|<div class="broadcast-red"><b>The battle crashed</b><br />You can keep playing but it might crash again.</div>
|html|<div class="broadcast-red"><b>The battle crashed</b><br />You can keep playing but it might crash again.</div>
|html|<div class="broadcast-red"><b>The battle crashed</b><br />You can keep playing but it might crash again.</div>
|html|<div class="broadcast-red"><b>The battle crashed</b><br />You can keep playing but it might crash again.</div>
|html|<div class="broadcast-red"><b>The battle crashed</b><br />You can keep playing but it might crash again.</div>
|html|<div class="broadcast-red"><b>The battle crashed</b><br />You can keep playing but it might crash again.</div>
|html|<div class="broadcast-red"><b>The battle crashed</b><br />You can keep playing but it might crash again.</div>
|html|<div class="broadcast-red"><b>The battle crashed</b><br />You can keep playing but it might crash again.</div>
|html|<div class="broadcast-red"><b>The battle crashed</b><br />You can keep playing but it might crash again.</div>
|html|<div class="broadcast-red"><b>The battle crashed</b><br />You can keep playing but it might crash again.</div>
|html|<div class="broadcast-red"><b>The battle crashed</b><br />You can keep playing but it might crash again.</div>
|html|<div class="broadcast-red"><b>The battle crashed</b><br />You can keep playing but it might crash again.</div>
|html|<div class="broadcast-red"><b>The battle crashed</b><br />You can keep playing but it might crash again.</div>
|html|<div class="broadcast-red"><b>The battle crashed</b><br />You can keep playing but it might crash again.</div>
|html|<div class="broadcast-red"><b>The battle crashed</b><br />You can keep playing but it might crash again.</div>
|html|<div class="broadcast-red"><b>The battle crashed</b><br />You can keep playing but it might crash again.</div>
|html|<div class="broadcast-red"><b>The battle crashed</b><br />You can keep playing but it might crash again.</div>
|html|<div class="broadcast-red"><b>The battle crashed</b><br />You can keep playing but it might crash again.</div>
|html|<div class="broadcast-red"><b>The battle crashed</b><br />You can keep playing but it might crash again.</div>
|html|<div class="broadcast-red"><b>The battle crashed</b><br />You can keep playing but it might crash again.</div>
|html|<div class="broadcast-red"><b>The battle crashed</b><br />You can keep playing but it might crash again.</div>
|html|<div class="broadcast-red"><b>The battle crashed</b><br />You can keep playing but it might crash again.</div>
|html|<div class="broadcast-red"><b>The battle crashed</b><br />You can keep playing but it might crash again.</div>
|html|<div class="broadcast-red"><b>The battle crashed</b><br />You can keep playing but it might crash again.</div>
|html|<div class="broadcast-red"><b>The battle crashed</b><br />You can keep playing but it might crash again.</div>
|html|<div class="broadcast-red"><b>The battle crashed</b><br />You can keep playing but it might crash again.</div>
|html|<div class="broadcast-red"><b>The battle crashed</b><br />You can keep playing but it might crash again.</div>
|html|<div class="broadcast-red"><b>The battle crashed</b><br />You can keep playing but it might crash again.</div>
|html|<div class="broadcast-red"><b>The battle crashed</b><br />You can keep playing but it might crash again.</div>
|html|<div class="broadcast-red"><b>The battle crashed</b><br />You can keep playing but it might crash again.</div>
|html|<div class="broadcast-red"><b>The battle crashed</b><br />You can keep playing but it might crash again.</div>
|html|<div class="broadcast-red"><b>The battle crashed</b><br />You can keep playing but it might crash again.</div>
|html|<div class="broadcast-red"><b>The battle crashed</b><br />You can keep playing but it might crash again.</div>
|html|<div class="broadcast-red"><b>The battle crashed</b><br />You can keep playing but it might crash again.</div>
|html|<div class="broadcast-red"><b>The battle crashed</b><br />You can keep playing but it might crash again.</div>
|html|<div class="broadcast-red"><b>The battle crashed</b><br />You can keep playing but it might crash again.</div>
|html|<div class="broadcast-red"><b>The battle crashed</b><br />You can keep playing but it might crash again.</div>
|html|<div class="broadcast-red"><b>The battle crashed</b><br />You can keep playing but it might crash again.</div>
|html|<div class="broadcast-red"><b>The battle crashed</b><br />You can keep playing but it might crash again.</div>
|html|<div class="broadcast-red"><b>The battle crashed</b><br />You can keep playing but it might crash again.</div>
|html|<div class="broadcast-red"><b>The battle crashed</b><br />You can keep playing but it might crash again.</div>
|html|<div class="broadcast-red"><b>The battle crashed</b><br />You can keep playing but it might crash again.</div>

TypeError: Cannot read property 'isActive' of null
    at Tools.Battle.makeRequest (/Users/clazinasteunenberg/Downloads/Test/battle-engine.js:1943:15)
    at process.BattlePokemon.side (/Users/clazinasteunenberg/Downloads/Test/battle-engine.js:157:13)
    at process.EventEmitter.emit (events.js:98:17)
    at handleMessage (child_process.js:318:10)
    at Pipe.channel.onread (child_process.js:345:11)

TypeError: Cannot use 'in' operator to search for 'Rule:potd' in undefined
    at Tools.exports.BattleScripts.randomTeam (/Users/clazinasteunenberg/Downloads/Test/data/scripts.js:1482:38)
    at Tools.exports.BattleScripts.getTeam (/Users/clazinasteunenberg/Downloads/Test/data/scripts.js:494:16)
    at new BattleSide (/Users/clazinasteunenberg/Downloads/Test/battle-engine.js:1096:27)
    at Tools.Battle.join (/Users/clazinasteunenberg/Downloads/Test/battle-engine.js:3333:15)
    at Tools.Battle.receive (/Users/clazinasteunenberg/Downloads/Test/battle-engine.js:3390:9)
    at process.BattlePokemon.side (/Users/clazinasteunenberg/Downloads/Test/battle-engine.js:143:12)
    at process.EventEmitter.emit (events.js:98:17)
    at handleMessage (child_process.js:318:10)
    at Pipe.channel.onread (child_process.js:345:11)

Additional information:
message = battle-randombattle-478|join|p1|E4 GhostKiller|165
currentRequest = 

Log:
|html|<div class="broadcast-red"><b>The battle crashed</b><br />You can keep playing but it might crash again.</div>
|html|<div class="broadcast-red"><b>The battle crashed</b><br />You can keep playing but it might crash again.</div>
|html|<div class="broadcast-red"><b>The battle crashed</b><br />You can keep playing but it might crash again.</div>
|html|<div class="broadcast-red"><b>The battle crashed</b><br />You can keep playing but it might crash again.</div>
|html|<div class="broadcast-red"><b>The battle crashed</b><br />You can keep playing but it might crash again.</div>
|html|<div class="broadcast-red"><b>The battle crashed</b><br />You can keep playing but it might crash again.</div>
|html|<div class="broadcast-red"><b>The battle crashed</b><br />You can keep playing but it might crash again.</div>
|html|<div class="broadcast-red"><b>The battle crashed</b><br />You can keep playing but it might crash again.</div>
|html|<div class="broadcast-red"><b>The battle crashed</b><br />You can keep playing but it might crash again.</div>
|html|<div class="broadcast-red"><b>The battle crashed</b><br />You can keep playing but it might crash again.</div>
|html|<div class="broadcast-red"><b>The battle crashed</b><br />You can keep playing but it might crash again.</div>
|html|<div class="broadcast-red"><b>The battle crashed</b><br />You can keep playing but it might crash again.</div>
|html|<div class="broadcast-red"><b>The battle crashed</b><br />You can keep playing but it might crash again.</div>
|html|<div class="broadcast-red"><b>The battle crashed</b><br />You can keep playing but it might crash again.</div>
|html|<div class="broadcast-red"><b>The battle crashed</b><br />You can keep playing but it might crash again.</div>
|html|<div class="broadcast-red"><b>The battle crashed</b><br />You can keep playing but it might crash again.</div>
|html|<div class="broadcast-red"><b>The battle crashed</b><br />You can keep playing but it might crash again.</div>
|html|<div class="broadcast-red"><b>The battle crashed</b><br />You can keep playing but it might crash again.</div>
|html|<div class="broadcast-red"><b>The battle crashed</b><br />You can keep playing but it might crash again.</div>
|html|<div class="broadcast-red"><b>The battle crashed</b><br />You can keep playing but it might crash again.</div>
|html|<div class="broadcast-red"><b>The battle crashed</b><br />You can keep playing but it might crash again.</div>
|html|<div class="broadcast-red"><b>The battle crashed</b><br />You can keep playing but it might crash again.</div>
|html|<div class="broadcast-red"><b>The battle crashed</b><br />You can keep playing but it might crash again.</div>
|html|<div class="broadcast-red"><b>The battle crashed</b><br />You can keep playing but it might crash again.</div>
|html|<div class="broadcast-red"><b>The battle crashed</b><br />You can keep playing but it might crash again.</div>
|html|<div class="broadcast-red"><b>The battle crashed</b><br />You can keep playing but it might crash again.</div>
|html|<div class="broadcast-red"><b>The battle crashed</b><br />You can keep playing but it might crash again.</div>
|html|<div class="broadcast-red"><b>The battle crashed</b><br />You can keep playing but it might crash again.</div>
|html|<div class="broadcast-red"><b>The battle crashed</b><br />You can keep playing but it might crash again.</div>
|html|<div class="broadcast-red"><b>The battle crashed</b><br />You can keep playing but it might crash again.</div>
|html|<div class="broadcast-red"><b>The battle crashed</b><br />You can keep playing but it might crash again.</div>
|html|<div class="broadcast-red"><b>The battle crashed</b><br />You can keep playing but it might crash again.</div>
|html|<div class="broadcast-red"><b>The battle crashed</b><br />You can keep playing but it might crash again.</div>
|html|<div class="broadcast-red"><b>The battle crashed</b><br />You can keep playing but it might crash again.</div>
|html|<div class="broadcast-red"><b>The battle crashed</b><br />You can keep playing but it might crash again.</div>
|html|<div class="broadcast-red"><b>The battle crashed</b><br />You can keep playing but it might crash again.</div>
|html|<div class="broadcast-red"><b>The battle crashed</b><br />You can keep playing but it might crash again.</div>
|html|<div class="broadcast-red"><b>The battle crashed</b><br />You can keep playing but it might crash again.</div>
|html|<div class="broadcast-red"><b>The battle crashed</b><br />You can keep playing but it might crash again.</div>
|html|<div class="broadcast-red"><b>The battle crashed</b><br />You can keep playing but it might crash again.</div>
|html|<div class="broadcast-red"><b>The battle crashed</b><br />You can keep playing but it might crash again.</div>
|html|<div class="broadcast-red"><b>The battle crashed</b><br />You can keep playing but it might crash again.</div>
|html|<div class="broadcast-red"><b>The battle crashed</b><br />You can keep playing but it might crash again.</div>
|html|<div class="broadcast-red"><b>The battle crashed</b><br />You can keep playing but it might crash again.</div>
|html|<div class="broadcast-red"><b>The battle crashed</b><br />You can keep playing but it might crash again.</div>
|html|<div class="broadcast-red"><b>The battle crashed</b><br />You can keep playing but it might crash again.</div>
|html|<div class="broadcast-red"><b>The battle crashed</b><br />You can keep playing but it might crash again.</div>
|html|<div class="broadcast-red"><b>The battle crashed</b><br />You can keep playing but it might crash again.</div>
|html|<div class="broadcast-red"><b>The battle crashed</b><br />You can keep playing but it might crash again.</div>
|html|<div class="broadcast-red"><b>The battle crashed</b><br />You can keep playing but it might crash again.</div>
|html|<div class="broadcast-red"><b>The battle crashed</b><br />You can keep playing but it might crash again.</div>
|html|<div class="broadcast-red"><b>The battle crashed</b><br />You can keep playing but it might crash again.</div>
|html|<div class="broadcast-red"><b>The battle crashed</b><br />You can keep playing but it might crash again.</div>
|html|<div class="broadcast-red"><b>The battle crashed</b><br />You can keep playing but it might crash again.</div>
|html|<div class="broadcast-red"><b>The battle crashed</b><br />You can keep playing but it might crash again.</div>
|html|<div class="broadcast-red"><b>The battle crashed</b><br />You can keep playing but it might crash again.</div>
|html|<div class="broadcast-red"><b>The battle crashed</b><br />You can keep playing but it might crash again.</div>
|html|<div class="broadcast-red"><b>The battle crashed</b><br />You can keep playing but it might crash again.</div>
|html|<div class="broadcast-red"><b>The battle crashed</b><br />You can keep playing but it might crash again.</div>
|html|<div class="broadcast-red"><b>The battle crashed</b><br />You can keep playing but it might crash again.</div>

TypeError: Cannot read property 'isActive' of null
    at Tools.Battle.makeRequest (/Users/clazinasteunenberg/Downloads/Test/battle-engine.js:1943:15)
    at process.BattlePokemon.side (/Users/clazinasteunenberg/Downloads/Test/battle-engine.js:157:13)
    at process.EventEmitter.emit (events.js:98:17)
    at handleMessage (child_process.js:318:10)
    at Pipe.channel.onread (child_process.js:345:11)

TypeError: Cannot use 'in' operator to search for 'Rule:potd' in undefined
    at Tools.exports.BattleScripts.randomTeam (/Users/clazinasteunenberg/Downloads/Test/data/scripts.js:1482:38)
    at Tools.exports.BattleScripts.getTeam (/Users/clazinasteunenberg/Downloads/Test/data/scripts.js:494:16)
    at new BattleSide (/Users/clazinasteunenberg/Downloads/Test/battle-engine.js:1096:27)
    at Tools.Battle.join (/Users/clazinasteunenberg/Downloads/Test/battle-engine.js:3333:15)
    at Tools.Battle.receive (/Users/clazinasteunenberg/Downloads/Test/battle-engine.js:3390:9)
    at process.BattlePokemon.side (/Users/clazinasteunenberg/Downloads/Test/battle-engine.js:143:12)
    at process.EventEmitter.emit (events.js:98:17)
    at handleMessage (child_process.js:318:10)
    at Pipe.channel.onread (child_process.js:345:11)

Additional information:
message = battle-randombattle-478|join|p1|E4 GhostKiller|165
currentRequest = 

Log:
|html|<div class="broadcast-red"><b>The battle crashed</b><br />You can keep playing but it might crash again.</div>
|html|<div class="broadcast-red"><b>The battle crashed</b><br />You can keep playing but it might crash again.</div>
|html|<div class="broadcast-red"><b>The battle crashed</b><br />You can keep playing but it might crash again.</div>
|html|<div class="broadcast-red"><b>The battle crashed</b><br />You can keep playing but it might crash again.</div>
|html|<div class="broadcast-red"><b>The battle crashed</b><br />You can keep playing but it might crash again.</div>
|html|<div class="broadcast-red"><b>The battle crashed</b><br />You can keep playing but it might crash again.</div>
|html|<div class="broadcast-red"><b>The battle crashed</b><br />You can keep playing but it might crash again.</div>
|html|<div class="broadcast-red"><b>The battle crashed</b><br />You can keep playing but it might crash again.</div>
|html|<div class="broadcast-red"><b>The battle crashed</b><br />You can keep playing but it might crash again.</div>
|html|<div class="broadcast-red"><b>The battle crashed</b><br />You can keep playing but it might crash again.</div>
|html|<div class="broadcast-red"><b>The battle crashed</b><br />You can keep playing but it might crash again.</div>
|html|<div class="broadcast-red"><b>The battle crashed</b><br />You can keep playing but it might crash again.</div>
|html|<div class="broadcast-red"><b>The battle crashed</b><br />You can keep playing but it might crash again.</div>
|html|<div class="broadcast-red"><b>The battle crashed</b><br />You can keep playing but it might crash again.</div>
|html|<div class="broadcast-red"><b>The battle crashed</b><br />You can keep playing but it might crash again.</div>
|html|<div class="broadcast-red"><b>The battle crashed</b><br />You can keep playing but it might crash again.</div>
|html|<div class="broadcast-red"><b>The battle crashed</b><br />You can keep playing but it might crash again.</div>
|html|<div class="broadcast-red"><b>The battle crashed</b><br />You can keep playing but it might crash again.</div>
|html|<div class="broadcast-red"><b>The battle crashed</b><br />You can keep playing but it might crash again.</div>
|html|<div class="broadcast-red"><b>The battle crashed</b><br />You can keep playing but it might crash again.</div>
|html|<div class="broadcast-red"><b>The battle crashed</b><br />You can keep playing but it might crash again.</div>
|html|<div class="broadcast-red"><b>The battle crashed</b><br />You can keep playing but it might crash again.</div>
|html|<div class="broadcast-red"><b>The battle crashed</b><br />You can keep playing but it might crash again.</div>
|html|<div class="broadcast-red"><b>The battle crashed</b><br />You can keep playing but it might crash again.</div>
|html|<div class="broadcast-red"><b>The battle crashed</b><br />You can keep playing but it might crash again.</div>
|html|<div class="broadcast-red"><b>The battle crashed</b><br />You can keep playing but it might crash again.</div>
|html|<div class="broadcast-red"><b>The battle crashed</b><br />You can keep playing but it might crash again.</div>
|html|<div class="broadcast-red"><b>The battle crashed</b><br />You can keep playing but it might crash again.</div>
|html|<div class="broadcast-red"><b>The battle crashed</b><br />You can keep playing but it might crash again.</div>
|html|<div class="broadcast-red"><b>The battle crashed</b><br />You can keep playing but it might crash again.</div>
|html|<div class="broadcast-red"><b>The battle crashed</b><br />You can keep playing but it might crash again.</div>
|html|<div class="broadcast-red"><b>The battle crashed</b><br />You can keep playing but it might crash again.</div>
|html|<div class="broadcast-red"><b>The battle crashed</b><br />You can keep playing but it might crash again.</div>
|html|<div class="broadcast-red"><b>The battle crashed</b><br />You can keep playing but it might crash again.</div>
|html|<div class="broadcast-red"><b>The battle crashed</b><br />You can keep playing but it might crash again.</div>
|html|<div class="broadcast-red"><b>The battle crashed</b><br />You can keep playing but it might crash again.</div>
|html|<div class="broadcast-red"><b>The battle crashed</b><br />You can keep playing but it might crash again.</div>
|html|<div class="broadcast-red"><b>The battle crashed</b><br />You can keep playing but it might crash again.</div>
|html|<div class="broadcast-red"><b>The battle crashed</b><br />You can keep playing but it might crash again.</div>
|html|<div class="broadcast-red"><b>The battle crashed</b><br />You can keep playing but it might crash again.</div>
|html|<div class="broadcast-red"><b>The battle crashed</b><br />You can keep playing but it might crash again.</div>
|html|<div class="broadcast-red"><b>The battle crashed</b><br />You can keep playing but it might crash again.</div>
|html|<div class="broadcast-red"><b>The battle crashed</b><br />You can keep playing but it might crash again.</div>
|html|<div class="broadcast-red"><b>The battle crashed</b><br />You can keep playing but it might crash again.</div>
|html|<div class="broadcast-red"><b>The battle crashed</b><br />You can keep playing but it might crash again.</div>
|html|<div class="broadcast-red"><b>The battle crashed</b><br />You can keep playing but it might crash again.</div>
|html|<div class="broadcast-red"><b>The battle crashed</b><br />You can keep playing but it might crash again.</div>
|html|<div class="broadcast-red"><b>The battle crashed</b><br />You can keep playing but it might crash again.</div>
|html|<div class="broadcast-red"><b>The battle crashed</b><br />You can keep playing but it might crash again.</div>
|html|<div class="broadcast-red"><b>The battle crashed</b><br />You can keep playing but it might crash again.</div>
|html|<div class="broadcast-red"><b>The battle crashed</b><br />You can keep playing but it might crash again.</div>
|html|<div class="broadcast-red"><b>The battle crashed</b><br />You can keep playing but it might crash again.</div>
|html|<div class="broadcast-red"><b>The battle crashed</b><br />You can keep playing but it might crash again.</div>
|html|<div class="broadcast-red"><b>The battle crashed</b><br />You can keep playing but it might crash again.</div>
|html|<div class="broadcast-red"><b>The battle crashed</b><br />You can keep playing but it might crash again.</div>
|html|<div class="broadcast-red"><b>The battle crashed</b><br />You can keep playing but it might crash again.</div>
|html|<div class="broadcast-red"><b>The battle crashed</b><br />You can keep playing but it might crash again.</div>
|html|<div class="broadcast-red"><b>The battle crashed</b><br />You can keep playing but it might crash again.</div>
|html|<div class="broadcast-red"><b>The battle crashed</b><br />You can keep playing but it might crash again.</div>
|html|<div class="broadcast-red"><b>The battle crashed</b><br />You can keep playing but it might crash again.</div>
|html|<div class="broadcast-red"><b>The battle crashed</b><br />You can keep playing but it might crash again.</div>

TypeError: Cannot read property 'isActive' of null
    at Tools.Battle.makeRequest (/Users/clazinasteunenberg/Downloads/Test/battle-engine.js:1943:15)
    at process.BattlePokemon.side (/Users/clazinasteunenberg/Downloads/Test/battle-engine.js:157:13)
    at process.EventEmitter.emit (events.js:98:17)
    at handleMessage (child_process.js:318:10)
    at Pipe.channel.onread (child_process.js:345:11)

TypeError: Cannot use 'in' operator to search for 'Rule:potd' in undefined
    at Tools.exports.BattleScripts.randomTeam (/Users/clazinasteunenberg/Downloads/Test/data/scripts.js:1482:38)
    at Tools.exports.BattleScripts.getTeam (/Users/clazinasteunenberg/Downloads/Test/data/scripts.js:494:16)
    at new BattleSide (/Users/clazinasteunenberg/Downloads/Test/battle-engine.js:1096:27)
    at Tools.Battle.join (/Users/clazinasteunenberg/Downloads/Test/battle-engine.js:3333:15)
    at Tools.Battle.receive (/Users/clazinasteunenberg/Downloads/Test/battle-engine.js:3390:9)
    at process.BattlePokemon.side (/Users/clazinasteunenberg/Downloads/Test/battle-engine.js:143:12)
    at process.EventEmitter.emit (events.js:98:17)
    at handleMessage (child_process.js:318:10)
    at Pipe.channel.onread (child_process.js:345:11)

Additional information:
message = battle-randombattle-478|join|p1|E4 GhostKiller|165
currentRequest = 

Log:
|html|<div class="broadcast-red"><b>The battle crashed</b><br />You can keep playing but it might crash again.</div>
|html|<div class="broadcast-red"><b>The battle crashed</b><br />You can keep playing but it might crash again.</div>
|html|<div class="broadcast-red"><b>The battle crashed</b><br />You can keep playing but it might crash again.</div>
|html|<div class="broadcast-red"><b>The battle crashed</b><br />You can keep playing but it might crash again.</div>
|html|<div class="broadcast-red"><b>The battle crashed</b><br />You can keep playing but it might crash again.</div>
|html|<div class="broadcast-red"><b>The battle crashed</b><br />You can keep playing but it might crash again.</div>
|html|<div class="broadcast-red"><b>The battle crashed</b><br />You can keep playing but it might crash again.</div>
|html|<div class="broadcast-red"><b>The battle crashed</b><br />You can keep playing but it might crash again.</div>
|html|<div class="broadcast-red"><b>The battle crashed</b><br />You can keep playing but it might crash again.</div>
|html|<div class="broadcast-red"><b>The battle crashed</b><br />You can keep playing but it might crash again.</div>
|html|<div class="broadcast-red"><b>The battle crashed</b><br />You can keep playing but it might crash again.</div>
|html|<div class="broadcast-red"><b>The battle crashed</b><br />You can keep playing but it might crash again.</div>
|html|<div class="broadcast-red"><b>The battle crashed</b><br />You can keep playing but it might crash again.</div>
|html|<div class="broadcast-red"><b>The battle crashed</b><br />You can keep playing but it might crash again.</div>
|html|<div class="broadcast-red"><b>The battle crashed</b><br />You can keep playing but it might crash again.</div>
|html|<div class="broadcast-red"><b>The battle crashed</b><br />You can keep playing but it might crash again.</div>
|html|<div class="broadcast-red"><b>The battle crashed</b><br />You can keep playing but it might crash again.</div>
|html|<div class="broadcast-red"><b>The battle crashed</b><br />You can keep playing but it might crash again.</div>
|html|<div class="broadcast-red"><b>The battle crashed</b><br />You can keep playing but it might crash again.</div>
|html|<div class="broadcast-red"><b>The battle crashed</b><br />You can keep playing but it might crash again.</div>
|html|<div class="broadcast-red"><b>The battle crashed</b><br />You can keep playing but it might crash again.</div>
|html|<div class="broadcast-red"><b>The battle crashed</b><br />You can keep playing but it might crash again.</div>
|html|<div class="broadcast-red"><b>The battle crashed</b><br />You can keep playing but it might crash again.</div>
|html|<div class="broadcast-red"><b>The battle crashed</b><br />You can keep playing but it might crash again.</div>
|html|<div class="broadcast-red"><b>The battle crashed</b><br />You can keep playing but it might crash again.</div>
|html|<div class="broadcast-red"><b>The battle crashed</b><br />You can keep playing but it might crash again.</div>
|html|<div class="broadcast-red"><b>The battle crashed</b><br />You can keep playing but it might crash again.</div>
|html|<div class="broadcast-red"><b>The battle crashed</b><br />You can keep playing but it might crash again.</div>
|html|<div class="broadcast-red"><b>The battle crashed</b><br />You can keep playing but it might crash again.</div>
|html|<div class="broadcast-red"><b>The battle crashed</b><br />You can keep playing but it might crash again.</div>
|html|<div class="broadcast-red"><b>The battle crashed</b><br />You can keep playing but it might crash again.</div>
|html|<div class="broadcast-red"><b>The battle crashed</b><br />You can keep playing but it might crash again.</div>
|html|<div class="broadcast-red"><b>The battle crashed</b><br />You can keep playing but it might crash again.</div>
|html|<div class="broadcast-red"><b>The battle crashed</b><br />You can keep playing but it might crash again.</div>
|html|<div class="broadcast-red"><b>The battle crashed</b><br />You can keep playing but it might crash again.</div>
|html|<div class="broadcast-red"><b>The battle crashed</b><br />You can keep playing but it might crash again.</div>
|html|<div class="broadcast-red"><b>The battle crashed</b><br />You can keep playing but it might crash again.</div>
|html|<div class="broadcast-red"><b>The battle crashed</b><br />You can keep playing but it might crash again.</div>
|html|<div class="broadcast-red"><b>The battle crashed</b><br />You can keep playing but it might crash again.</div>
|html|<div class="broadcast-red"><b>The battle crashed</b><br />You can keep playing but it might crash again.</div>
|html|<div class="broadcast-red"><b>The battle crashed</b><br />You can keep playing but it might crash again.</div>
|html|<div class="broadcast-red"><b>The battle crashed</b><br />You can keep playing but it might crash again.</div>
|html|<div class="broadcast-red"><b>The battle crashed</b><br />You can keep playing but it might crash again.</div>
|html|<div class="broadcast-red"><b>The battle crashed</b><br />You can keep playing but it might crash again.</div>
|html|<div class="broadcast-red"><b>The battle crashed</b><br />You can keep playing but it might crash again.</div>
|html|<div class="broadcast-red"><b>The battle crashed</b><br />You can keep playing but it might crash again.</div>
|html|<div class="broadcast-red"><b>The battle crashed</b><br />You can keep playing but it might crash again.</div>
|html|<div class="broadcast-red"><b>The battle crashed</b><br />You can keep playing but it might crash again.</div>
|html|<div class="broadcast-red"><b>The battle crashed</b><br />You can keep playing but it might crash again.</div>
|html|<div class="broadcast-red"><b>The battle crashed</b><br />You can keep playing but it might crash again.</div>
|html|<div class="broadcast-red"><b>The battle crashed</b><br />You can keep playing but it might crash again.</div>
|html|<div class="broadcast-red"><b>The battle crashed</b><br />You can keep playing but it might crash again.</div>
|html|<div class="broadcast-red"><b>The battle crashed</b><br />You can keep playing but it might crash again.</div>
|html|<div class="broadcast-red"><b>The battle crashed</b><br />You can keep playing but it might crash again.</div>
|html|<div class="broadcast-red"><b>The battle crashed</b><br />You can keep playing but it might crash again.</div>
|html|<div class="broadcast-red"><b>The battle crashed</b><br />You can keep playing but it might crash again.</div>
|html|<div class="broadcast-red"><b>The battle crashed</b><br />You can keep playing but it might crash again.</div>
|html|<div class="broadcast-red"><b>The battle crashed</b><br />You can keep playing but it might crash again.</div>
|html|<div class="broadcast-red"><b>The battle crashed</b><br />You can keep playing but it might crash again.</div>
|html|<div class="broadcast-red"><b>The battle crashed</b><br />You can keep playing but it might crash again.</div>
|html|<div class="broadcast-red"><b>The battle crashed</b><br />You can keep playing but it might crash again.</div>
|html|<div class="broadcast-red"><b>The battle crashed</b><br />You can keep playing but it might crash again.</div>

TypeError: Cannot read property 'isActive' of null
    at Tools.Battle.makeRequest (/Users/clazinasteunenberg/Downloads/Test/battle-engine.js:1943:15)
    at process.BattlePokemon.side (/Users/clazinasteunenberg/Downloads/Test/battle-engine.js:157:13)
    at process.EventEmitter.emit (events.js:98:17)
    at handleMessage (child_process.js:318:10)
    at Pipe.channel.onread (child_process.js:345:11)

TypeError: Cannot use 'in' operator to search for 'Rule:potd' in undefined
    at Tools.exports.BattleScripts.randomTeam (/Users/clazinasteunenberg/Downloads/Test/data/scripts.js:1482:38)
    at Tools.exports.BattleScripts.getTeam (/Users/clazinasteunenberg/Downloads/Test/data/scripts.js:494:16)
    at new BattleSide (/Users/clazinasteunenberg/Downloads/Test/battle-engine.js:1096:27)
    at Tools.Battle.join (/Users/clazinasteunenberg/Downloads/Test/battle-engine.js:3333:15)
    at Tools.Battle.receive (/Users/clazinasteunenberg/Downloads/Test/battle-engine.js:3390:9)
    at process.BattlePokemon.side (/Users/clazinasteunenberg/Downloads/Test/battle-engine.js:143:12)
    at process.EventEmitter.emit (events.js:98:17)
    at handleMessage (child_process.js:318:10)
    at Pipe.channel.onread (child_process.js:345:11)

Additional information:
message = battle-randombattle-478|join|p1|E4 GhostKiller|165
currentRequest = 

Log:
|html|<div class="broadcast-red"><b>The battle crashed</b><br />You can keep playing but it might crash again.</div>
|html|<div class="broadcast-red"><b>The battle crashed</b><br />You can keep playing but it might crash again.</div>
|html|<div class="broadcast-red"><b>The battle crashed</b><br />You can keep playing but it might crash again.</div>
|html|<div class="broadcast-red"><b>The battle crashed</b><br />You can keep playing but it might crash again.</div>
|html|<div class="broadcast-red"><b>The battle crashed</b><br />You can keep playing but it might crash again.</div>
|html|<div class="broadcast-red"><b>The battle crashed</b><br />You can keep playing but it might crash again.</div>
|html|<div class="broadcast-red"><b>The battle crashed</b><br />You can keep playing but it might crash again.</div>
|html|<div class="broadcast-red"><b>The battle crashed</b><br />You can keep playing but it might crash again.</div>
|html|<div class="broadcast-red"><b>The battle crashed</b><br />You can keep playing but it might crash again.</div>
|html|<div class="broadcast-red"><b>The battle crashed</b><br />You can keep playing but it might crash again.</div>
|html|<div class="broadcast-red"><b>The battle crashed</b><br />You can keep playing but it might crash again.</div>
|html|<div class="broadcast-red"><b>The battle crashed</b><br />You can keep playing but it might crash again.</div>
|html|<div class="broadcast-red"><b>The battle crashed</b><br />You can keep playing but it might crash again.</div>
|html|<div class="broadcast-red"><b>The battle crashed</b><br />You can keep playing but it might crash again.</div>
|html|<div class="broadcast-red"><b>The battle crashed</b><br />You can keep playing but it might crash again.</div>
|html|<div class="broadcast-red"><b>The battle crashed</b><br />You can keep playing but it might crash again.</div>
|html|<div class="broadcast-red"><b>The battle crashed</b><br />You can keep playing but it might crash again.</div>
|html|<div class="broadcast-red"><b>The battle crashed</b><br />You can keep playing but it might crash again.</div>
|html|<div class="broadcast-red"><b>The battle crashed</b><br />You can keep playing but it might crash again.</div>
|html|<div class="broadcast-red"><b>The battle crashed</b><br />You can keep playing but it might crash again.</div>
|html|<div class="broadcast-red"><b>The battle crashed</b><br />You can keep playing but it might crash again.</div>
|html|<div class="broadcast-red"><b>The battle crashed</b><br />You can keep playing but it might crash again.</div>
|html|<div class="broadcast-red"><b>The battle crashed</b><br />You can keep playing but it might crash again.</div>
|html|<div class="broadcast-red"><b>The battle crashed</b><br />You can keep playing but it might crash again.</div>
|html|<div class="broadcast-red"><b>The battle crashed</b><br />You can keep playing but it might crash again.</div>
|html|<div class="broadcast-red"><b>The battle crashed</b><br />You can keep playing but it might crash again.</div>
|html|<div class="broadcast-red"><b>The battle crashed</b><br />You can keep playing but it might crash again.</div>
|html|<div class="broadcast-red"><b>The battle crashed</b><br />You can keep playing but it might crash again.</div>
|html|<div class="broadcast-red"><b>The battle crashed</b><br />You can keep playing but it might crash again.</div>
|html|<div class="broadcast-red"><b>The battle crashed</b><br />You can keep playing but it might crash again.</div>
|html|<div class="broadcast-red"><b>The battle crashed</b><br />You can keep playing but it might crash again.</div>
|html|<div class="broadcast-red"><b>The battle crashed</b><br />You can keep playing but it might crash again.</div>
|html|<div class="broadcast-red"><b>The battle crashed</b><br />You can keep playing but it might crash again.</div>
|html|<div class="broadcast-red"><b>The battle crashed</b><br />You can keep playing but it might crash again.</div>
|html|<div class="broadcast-red"><b>The battle crashed</b><br />You can keep playing but it might crash again.</div>
|html|<div class="broadcast-red"><b>The battle crashed</b><br />You can keep playing but it might crash again.</div>
|html|<div class="broadcast-red"><b>The battle crashed</b><br />You can keep playing but it might crash again.</div>
|html|<div class="broadcast-red"><b>The battle crashed</b><br />You can keep playing but it might crash again.</div>
|html|<div class="broadcast-red"><b>The battle crashed</b><br />You can keep playing but it might crash again.</div>
|html|<div class="broadcast-red"><b>The battle crashed</b><br />You can keep playing but it might crash again.</div>
|html|<div class="broadcast-red"><b>The battle crashed</b><br />You can keep playing but it might crash again.</div>
|html|<div class="broadcast-red"><b>The battle crashed</b><br />You can keep playing but it might crash again.</div>
|html|<div class="broadcast-red"><b>The battle crashed</b><br />You can keep playing but it might crash again.</div>
|html|<div class="broadcast-red"><b>The battle crashed</b><br />You can keep playing but it might crash again.</div>
|html|<div class="broadcast-red"><b>The battle crashed</b><br />You can keep playing but it might crash again.</div>
|html|<div class="broadcast-red"><b>The battle crashed</b><br />You can keep playing but it might crash again.</div>
|html|<div class="broadcast-red"><b>The battle crashed</b><br />You can keep playing but it might crash again.</div>
|html|<div class="broadcast-red"><b>The battle crashed</b><br />You can keep playing but it might crash again.</div>
|html|<div class="broadcast-red"><b>The battle crashed</b><br />You can keep playing but it might crash again.</div>
|html|<div class="broadcast-red"><b>The battle crashed</b><br />You can keep playing but it might crash again.</div>
|html|<div class="broadcast-red"><b>The battle crashed</b><br />You can keep playing but it might crash again.</div>
|html|<div class="broadcast-red"><b>The battle crashed</b><br />You can keep playing but it might crash again.</div>
|html|<div class="broadcast-red"><b>The battle crashed</b><br />You can keep playing but it might crash again.</div>
|html|<div class="broadcast-red"><b>The battle crashed</b><br />You can keep playing but it might crash again.</div>
|html|<div class="broadcast-red"><b>The battle crashed</b><br />You can keep playing but it might crash again.</div>
|html|<div class="broadcast-red"><b>The battle crashed</b><br />You can keep playing but it might crash again.</div>
|html|<div class="broadcast-red"><b>The battle crashed</b><br />You can keep playing but it might crash again.</div>
|html|<div class="broadcast-red"><b>The battle crashed</b><br />You can keep playing but it might crash again.</div>
|html|<div class="broadcast-red"><b>The battle crashed</b><br />You can keep playing but it might crash again.</div>
|html|<div class="broadcast-red"><b>The battle crashed</b><br />You can keep playing but it might crash again.</div>
|html|<div class="broadcast-red"><b>The battle crashed</b><br />You can keep playing but it might crash again.</div>
|html|<div class="broadcast-red"><b>The battle crashed</b><br />You can keep playing but it might crash again.</div>
|html|<div class="broadcast-red"><b>The battle crashed</b><br />You can keep playing but it might crash again.</div>

TypeError: Cannot read property 'isActive' of null
    at Tools.Battle.makeRequest (/Users/clazinasteunenberg/Downloads/Test/battle-engine.js:1943:15)
    at process.BattlePokemon.side (/Users/clazinasteunenberg/Downloads/Test/battle-engine.js:157:13)
    at process.EventEmitter.emit (events.js:98:17)
    at handleMessage (child_process.js:318:10)
    at Pipe.channel.onread (child_process.js:345:11)

TypeError: Cannot use 'in' operator to search for 'Rule:potd' in undefined
    at Tools.exports.BattleScripts.randomTeam (/Users/clazinasteunenberg/Downloads/Test/data/scripts.js:1482:38)
    at Tools.exports.BattleScripts.getTeam (/Users/clazinasteunenberg/Downloads/Test/data/scripts.js:494:16)
    at new BattleSide (/Users/clazinasteunenberg/Downloads/Test/battle-engine.js:1096:27)
    at Tools.Battle.join (/Users/clazinasteunenberg/Downloads/Test/battle-engine.js:3333:15)
    at Tools.Battle.receive (/Users/clazinasteunenberg/Downloads/Test/battle-engine.js:3390:9)
    at process.BattlePokemon.side (/Users/clazinasteunenberg/Downloads/Test/battle-engine.js:143:12)
    at process.EventEmitter.emit (events.js:98:17)
    at handleMessage (child_process.js:318:10)
    at Pipe.channel.onread (child_process.js:345:11)

Additional information:
message = battle-randombattle-478|join|p1|E4 GhostKiller|165
currentRequest = 

Log:
|html|<div class="broadcast-red"><b>The battle crashed</b><br />You can keep playing but it might crash again.</div>
|html|<div class="broadcast-red"><b>The battle crashed</b><br />You can keep playing but it might crash again.</div>
|html|<div class="broadcast-red"><b>The battle crashed</b><br />You can keep playing but it might crash again.</div>
|html|<div class="broadcast-red"><b>The battle crashed</b><br />You can keep playing but it might crash again.</div>
|html|<div class="broadcast-red"><b>The battle crashed</b><br />You can keep playing but it might crash again.</div>
|html|<div class="broadcast-red"><b>The battle crashed</b><br />You can keep playing but it might crash again.</div>
|html|<div class="broadcast-red"><b>The battle crashed</b><br />You can keep playing but it might crash again.</div>
|html|<div class="broadcast-red"><b>The battle crashed</b><br />You can keep playing but it might crash again.</div>
|html|<div class="broadcast-red"><b>The battle crashed</b><br />You can keep playing but it might crash again.</div>
|html|<div class="broadcast-red"><b>The battle crashed</b><br />You can keep playing but it might crash again.</div>
|html|<div class="broadcast-red"><b>The battle crashed</b><br />You can keep playing but it might crash again.</div>
|html|<div class="broadcast-red"><b>The battle crashed</b><br />You can keep playing but it might crash again.</div>
|html|<div class="broadcast-red"><b>The battle crashed</b><br />You can keep playing but it might crash again.</div>
|html|<div class="broadcast-red"><b>The battle crashed</b><br />You can keep playing but it might crash again.</div>
|html|<div class="broadcast-red"><b>The battle crashed</b><br />You can keep playing but it might crash again.</div>
|html|<div class="broadcast-red"><b>The battle crashed</b><br />You can keep playing but it might crash again.</div>
|html|<div class="broadcast-red"><b>The battle crashed</b><br />You can keep playing but it might crash again.</div>
|html|<div class="broadcast-red"><b>The battle crashed</b><br />You can keep playing but it might crash again.</div>
|html|<div class="broadcast-red"><b>The battle crashed</b><br />You can keep playing but it might crash again.</div>
|html|<div class="broadcast-red"><b>The battle crashed</b><br />You can keep playing but it might crash again.</div>
|html|<div class="broadcast-red"><b>The battle crashed</b><br />You can keep playing but it might crash again.</div>
|html|<div class="broadcast-red"><b>The battle crashed</b><br />You can keep playing but it might crash again.</div>
|html|<div class="broadcast-red"><b>The battle crashed</b><br />You can keep playing but it might crash again.</div>
|html|<div class="broadcast-red"><b>The battle crashed</b><br />You can keep playing but it might crash again.</div>
|html|<div class="broadcast-red"><b>The battle crashed</b><br />You can keep playing but it might crash again.</div>
|html|<div class="broadcast-red"><b>The battle crashed</b><br />You can keep playing but it might crash again.</div>
|html|<div class="broadcast-red"><b>The battle crashed</b><br />You can keep playing but it might crash again.</div>
|html|<div class="broadcast-red"><b>The battle crashed</b><br />You can keep playing but it might crash again.</div>
|html|<div class="broadcast-red"><b>The battle crashed</b><br />You can keep playing but it might crash again.</div>
|html|<div class="broadcast-red"><b>The battle crashed</b><br />You can keep playing but it might crash again.</div>
|html|<div class="broadcast-red"><b>The battle crashed</b><br />You can keep playing but it might crash again.</div>
|html|<div class="broadcast-red"><b>The battle crashed</b><br />You can keep playing but it might crash again.</div>
|html|<div class="broadcast-red"><b>The battle crashed</b><br />You can keep playing but it might crash again.</div>
|html|<div class="broadcast-red"><b>The battle crashed</b><br />You can keep playing but it might crash again.</div>
|html|<div class="broadcast-red"><b>The battle crashed</b><br />You can keep playing but it might crash again.</div>
|html|<div class="broadcast-red"><b>The battle crashed</b><br />You can keep playing but it might crash again.</div>
|html|<div class="broadcast-red"><b>The battle crashed</b><br />You can keep playing but it might crash again.</div>
|html|<div class="broadcast-red"><b>The battle crashed</b><br />You can keep playing but it might crash again.</div>
|html|<div class="broadcast-red"><b>The battle crashed</b><br />You can keep playing but it might crash again.</div>
|html|<div class="broadcast-red"><b>The battle crashed</b><br />You can keep playing but it might crash again.</div>
|html|<div class="broadcast-red"><b>The battle crashed</b><br />You can keep playing but it might crash again.</div>
|html|<div class="broadcast-red"><b>The battle crashed</b><br />You can keep playing but it might crash again.</div>
|html|<div class="broadcast-red"><b>The battle crashed</b><br />You can keep playing but it might crash again.</div>
|html|<div class="broadcast-red"><b>The battle crashed</b><br />You can keep playing but it might crash again.</div>
|html|<div class="broadcast-red"><b>The battle crashed</b><br />You can keep playing but it might crash again.</div>
|html|<div class="broadcast-red"><b>The battle crashed</b><br />You can keep playing but it might crash again.</div>
|html|<div class="broadcast-red"><b>The battle crashed</b><br />You can keep playing but it might crash again.</div>
|html|<div class="broadcast-red"><b>The battle crashed</b><br />You can keep playing but it might crash again.</div>
|html|<div class="broadcast-red"><b>The battle crashed</b><br />You can keep playing but it might crash again.</div>
|html|<div class="broadcast-red"><b>The battle crashed</b><br />You can keep playing but it might crash again.</div>
|html|<div class="broadcast-red"><b>The battle crashed</b><br />You can keep playing but it might crash again.</div>
|html|<div class="broadcast-red"><b>The battle crashed</b><br />You can keep playing but it might crash again.</div>
|html|<div class="broadcast-red"><b>The battle crashed</b><br />You can keep playing but it might crash again.</div>
|html|<div class="broadcast-red"><b>The battle crashed</b><br />You can keep playing but it might crash again.</div>
|html|<div class="broadcast-red"><b>The battle crashed</b><br />You can keep playing but it might crash again.</div>
|html|<div class="broadcast-red"><b>The battle crashed</b><br />You can keep playing but it might crash again.</div>
|html|<div class="broadcast-red"><b>The battle crashed</b><br />You can keep playing but it might crash again.</div>
|html|<div class="broadcast-red"><b>The battle crashed</b><br />You can keep playing but it might crash again.</div>
|html|<div class="broadcast-red"><b>The battle crashed</b><br />You can keep playing but it might crash again.</div>
|html|<div class="broadcast-red"><b>The battle crashed</b><br />You can keep playing but it might crash again.</div>
|html|<div class="broadcast-red"><b>The battle crashed</b><br />You can keep playing but it might crash again.</div>
|html|<div class="broadcast-red"><b>The battle crashed</b><br />You can keep playing but it might crash again.</div>
|html|<div class="broadcast-red"><b>The battle crashed</b><br />You can keep playing but it might crash again.</div>
|html|<div class="broadcast-red"><b>The battle crashed</b><br />You can keep playing but it might crash again.</div>

TypeError: Cannot read property 'isActive' of null
    at Tools.Battle.makeRequest (/Users/clazinasteunenberg/Downloads/Test/battle-engine.js:1943:15)
    at process.BattlePokemon.side (/Users/clazinasteunenberg/Downloads/Test/battle-engine.js:157:13)
    at process.EventEmitter.emit (events.js:98:17)
    at handleMessage (child_process.js:318:10)
    at Pipe.channel.onread (child_process.js:345:11)

TypeError: Cannot use 'in' operator to search for 'Rule:potd' in undefined
    at Tools.exports.BattleScripts.randomTeam (/Users/clazinasteunenberg/Downloads/Test/data/scripts.js:1482:38)
    at Tools.exports.BattleScripts.getTeam (/Users/clazinasteunenberg/Downloads/Test/data/scripts.js:494:16)
    at new BattleSide (/Users/clazinasteunenberg/Downloads/Test/battle-engine.js:1096:27)
    at Tools.Battle.join (/Users/clazinasteunenberg/Downloads/Test/battle-engine.js:3333:15)
    at Tools.Battle.receive (/Users/clazinasteunenberg/Downloads/Test/battle-engine.js:3390:9)
    at process.BattlePokemon.side (/Users/clazinasteunenberg/Downloads/Test/battle-engine.js:143:12)
    at process.EventEmitter.emit (events.js:98:17)
    at handleMessage (child_process.js:318:10)
    at Pipe.channel.onread (child_process.js:345:11)

Additional information:
message = battle-randombattle-478|join|p1|E4 GhostKiller|165
currentRequest = 

Log:
|html|<div class="broadcast-red"><b>The battle crashed</b><br />You can keep playing but it might crash again.</div>
|html|<div class="broadcast-red"><b>The battle crashed</b><br />You can keep playing but it might crash again.</div>
|html|<div class="broadcast-red"><b>The battle crashed</b><br />You can keep playing but it might crash again.</div>
|html|<div class="broadcast-red"><b>The battle crashed</b><br />You can keep playing but it might crash again.</div>
|html|<div class="broadcast-red"><b>The battle crashed</b><br />You can keep playing but it might crash again.</div>
|html|<div class="broadcast-red"><b>The battle crashed</b><br />You can keep playing but it might crash again.</div>
|html|<div class="broadcast-red"><b>The battle crashed</b><br />You can keep playing but it might crash again.</div>
|html|<div class="broadcast-red"><b>The battle crashed</b><br />You can keep playing but it might crash again.</div>
|html|<div class="broadcast-red"><b>The battle crashed</b><br />You can keep playing but it might crash again.</div>
|html|<div class="broadcast-red"><b>The battle crashed</b><br />You can keep playing but it might crash again.</div>
|html|<div class="broadcast-red"><b>The battle crashed</b><br />You can keep playing but it might crash again.</div>
|html|<div class="broadcast-red"><b>The battle crashed</b><br />You can keep playing but it might crash again.</div>
|html|<div class="broadcast-red"><b>The battle crashed</b><br />You can keep playing but it might crash again.</div>
|html|<div class="broadcast-red"><b>The battle crashed</b><br />You can keep playing but it might crash again.</div>
|html|<div class="broadcast-red"><b>The battle crashed</b><br />You can keep playing but it might crash again.</div>
|html|<div class="broadcast-red"><b>The battle crashed</b><br />You can keep playing but it might crash again.</div>
|html|<div class="broadcast-red"><b>The battle crashed</b><br />You can keep playing but it might crash again.</div>
|html|<div class="broadcast-red"><b>The battle crashed</b><br />You can keep playing but it might crash again.</div>
|html|<div class="broadcast-red"><b>The battle crashed</b><br />You can keep playing but it might crash again.</div>
|html|<div class="broadcast-red"><b>The battle crashed</b><br />You can keep playing but it might crash again.</div>
|html|<div class="broadcast-red"><b>The battle crashed</b><br />You can keep playing but it might crash again.</div>
|html|<div class="broadcast-red"><b>The battle crashed</b><br />You can keep playing but it might crash again.</div>
|html|<div class="broadcast-red"><b>The battle crashed</b><br />You can keep playing but it might crash again.</div>
|html|<div class="broadcast-red"><b>The battle crashed</b><br />You can keep playing but it might crash again.</div>
|html|<div class="broadcast-red"><b>The battle crashed</b><br />You can keep playing but it might crash again.</div>
|html|<div class="broadcast-red"><b>The battle crashed</b><br />You can keep playing but it might crash again.</div>
|html|<div class="broadcast-red"><b>The battle crashed</b><br />You can keep playing but it might crash again.</div>
|html|<div class="broadcast-red"><b>The battle crashed</b><br />You can keep playing but it might crash again.</div>
|html|<div class="broadcast-red"><b>The battle crashed</b><br />You can keep playing but it might crash again.</div>
|html|<div class="broadcast-red"><b>The battle crashed</b><br />You can keep playing but it might crash again.</div>
|html|<div class="broadcast-red"><b>The battle crashed</b><br />You can keep playing but it might crash again.</div>
|html|<div class="broadcast-red"><b>The battle crashed</b><br />You can keep playing but it might crash again.</div>
|html|<div class="broadcast-red"><b>The battle crashed</b><br />You can keep playing but it might crash again.</div>
|html|<div class="broadcast-red"><b>The battle crashed</b><br />You can keep playing but it might crash again.</div>
|html|<div class="broadcast-red"><b>The battle crashed</b><br />You can keep playing but it might crash again.</div>
|html|<div class="broadcast-red"><b>The battle crashed</b><br />You can keep playing but it might crash again.</div>
|html|<div class="broadcast-red"><b>The battle crashed</b><br />You can keep playing but it might crash again.</div>
|html|<div class="broadcast-red"><b>The battle crashed</b><br />You can keep playing but it might crash again.</div>
|html|<div class="broadcast-red"><b>The battle crashed</b><br />You can keep playing but it might crash again.</div>
|html|<div class="broadcast-red"><b>The battle crashed</b><br />You can keep playing but it might crash again.</div>
|html|<div class="broadcast-red"><b>The battle crashed</b><br />You can keep playing but it might crash again.</div>
|html|<div class="broadcast-red"><b>The battle crashed</b><br />You can keep playing but it might crash again.</div>
|html|<div class="broadcast-red"><b>The battle crashed</b><br />You can keep playing but it might crash again.</div>
|html|<div class="broadcast-red"><b>The battle crashed</b><br />You can keep playing but it might crash again.</div>
|html|<div class="broadcast-red"><b>The battle crashed</b><br />You can keep playing but it might crash again.</div>
|html|<div class="broadcast-red"><b>The battle crashed</b><br />You can keep playing but it might crash again.</div>
|html|<div class="broadcast-red"><b>The battle crashed</b><br />You can keep playing but it might crash again.</div>
|html|<div class="broadcast-red"><b>The battle crashed</b><br />You can keep playing but it might crash again.</div>
|html|<div class="broadcast-red"><b>The battle crashed</b><br />You can keep playing but it might crash again.</div>
|html|<div class="broadcast-red"><b>The battle crashed</b><br />You can keep playing but it might crash again.</div>
|html|<div class="broadcast-red"><b>The battle crashed</b><br />You can keep playing but it might crash again.</div>
|html|<div class="broadcast-red"><b>The battle crashed</b><br />You can keep playing but it might crash again.</div>
|html|<div class="broadcast-red"><b>The battle crashed</b><br />You can keep playing but it might crash again.</div>
|html|<div class="broadcast-red"><b>The battle crashed</b><br />You can keep playing but it might crash again.</div>
|html|<div class="broadcast-red"><b>The battle crashed</b><br />You can keep playing but it might crash again.</div>
|html|<div class="broadcast-red"><b>The battle crashed</b><br />You can keep playing but it might crash again.</div>
|html|<div class="broadcast-red"><b>The battle crashed</b><br />You can keep playing but it might crash again.</div>
|html|<div class="broadcast-red"><b>The battle crashed</b><br />You can keep playing but it might crash again.</div>
|html|<div class="broadcast-red"><b>The battle crashed</b><br />You can keep playing but it might crash again.</div>
|html|<div class="broadcast-red"><b>The battle crashed</b><br />You can keep playing but it might crash again.</div>
|html|<div class="broadcast-red"><b>The battle crashed</b><br />You can keep playing but it might crash again.</div>
|html|<div class="broadcast-red"><b>The battle crashed</b><br />You can keep playing but it might crash again.</div>
|html|<div class="broadcast-red"><b>The battle crashed</b><br />You can keep playing but it might crash again.</div>
|html|<div class="broadcast-red"><b>The battle crashed</b><br />You can keep playing but it might crash again.</div>
|html|<div class="broadcast-red"><b>The battle crashed</b><br />You can keep playing but it might crash again.</div>

TypeError: Cannot read property 'isActive' of null
    at Tools.Battle.makeRequest (/Users/clazinasteunenberg/Downloads/Test/battle-engine.js:1943:15)
    at process.BattlePokemon.side (/Users/clazinasteunenberg/Downloads/Test/battle-engine.js:157:13)
    at process.EventEmitter.emit (events.js:98:17)
    at handleMessage (child_process.js:318:10)
    at Pipe.channel.onread (child_process.js:345:11)

TypeError: Cannot use 'in' operator to search for 'Rule:potd' in undefined
    at Tools.exports.BattleScripts.randomTeam (/Users/clazinasteunenberg/Downloads/Test/data/scripts.js:1482:38)
    at Tools.exports.BattleScripts.getTeam (/Users/clazinasteunenberg/Downloads/Test/data/scripts.js:494:16)
    at new BattleSide (/Users/clazinasteunenberg/Downloads/Test/battle-engine.js:1096:27)
    at Tools.Battle.join (/Users/clazinasteunenberg/Downloads/Test/battle-engine.js:3333:15)
    at Tools.Battle.receive (/Users/clazinasteunenberg/Downloads/Test/battle-engine.js:3390:9)
    at process.BattlePokemon.side (/Users/clazinasteunenberg/Downloads/Test/battle-engine.js:143:12)
    at process.EventEmitter.emit (events.js:98:17)
    at handleMessage (child_process.js:318:10)
    at Pipe.channel.onread (child_process.js:345:11)

Additional information:
message = battle-randombattle-478|join|p1|E4 GhostKiller|165
currentRequest = 

Log:
|html|<div class="broadcast-red"><b>The battle crashed</b><br />You can keep playing but it might crash again.</div>
|html|<div class="broadcast-red"><b>The battle crashed</b><br />You can keep playing but it might crash again.</div>
|html|<div class="broadcast-red"><b>The battle crashed</b><br />You can keep playing but it might crash again.</div>
|html|<div class="broadcast-red"><b>The battle crashed</b><br />You can keep playing but it might crash again.</div>
|html|<div class="broadcast-red"><b>The battle crashed</b><br />You can keep playing but it might crash again.</div>
|html|<div class="broadcast-red"><b>The battle crashed</b><br />You can keep playing but it might crash again.</div>
|html|<div class="broadcast-red"><b>The battle crashed</b><br />You can keep playing but it might crash again.</div>
|html|<div class="broadcast-red"><b>The battle crashed</b><br />You can keep playing but it might crash again.</div>
|html|<div class="broadcast-red"><b>The battle crashed</b><br />You can keep playing but it might crash again.</div>
|html|<div class="broadcast-red"><b>The battle crashed</b><br />You can keep playing but it might crash again.</div>
|html|<div class="broadcast-red"><b>The battle crashed</b><br />You can keep playing but it might crash again.</div>
|html|<div class="broadcast-red"><b>The battle crashed</b><br />You can keep playing but it might crash again.</div>
|html|<div class="broadcast-red"><b>The battle crashed</b><br />You can keep playing but it might crash again.</div>
|html|<div class="broadcast-red"><b>The battle crashed</b><br />You can keep playing but it might crash again.</div>
|html|<div class="broadcast-red"><b>The battle crashed</b><br />You can keep playing but it might crash again.</div>
|html|<div class="broadcast-red"><b>The battle crashed</b><br />You can keep playing but it might crash again.</div>
|html|<div class="broadcast-red"><b>The battle crashed</b><br />You can keep playing but it might crash again.</div>
|html|<div class="broadcast-red"><b>The battle crashed</b><br />You can keep playing but it might crash again.</div>
|html|<div class="broadcast-red"><b>The battle crashed</b><br />You can keep playing but it might crash again.</div>
|html|<div class="broadcast-red"><b>The battle crashed</b><br />You can keep playing but it might crash again.</div>
|html|<div class="broadcast-red"><b>The battle crashed</b><br />You can keep playing but it might crash again.</div>
|html|<div class="broadcast-red"><b>The battle crashed</b><br />You can keep playing but it might crash again.</div>
|html|<div class="broadcast-red"><b>The battle crashed</b><br />You can keep playing but it might crash again.</div>
|html|<div class="broadcast-red"><b>The battle crashed</b><br />You can keep playing but it might crash again.</div>
|html|<div class="broadcast-red"><b>The battle crashed</b><br />You can keep playing but it might crash again.</div>
|html|<div class="broadcast-red"><b>The battle crashed</b><br />You can keep playing but it might crash again.</div>
|html|<div class="broadcast-red"><b>The battle crashed</b><br />You can keep playing but it might crash again.</div>
|html|<div class="broadcast-red"><b>The battle crashed</b><br />You can keep playing but it might crash again.</div>
|html|<div class="broadcast-red"><b>The battle crashed</b><br />You can keep playing but it might crash again.</div>
|html|<div class="broadcast-red"><b>The battle crashed</b><br />You can keep playing but it might crash again.</div>
|html|<div class="broadcast-red"><b>The battle crashed</b><br />You can keep playing but it might crash again.</div>
|html|<div class="broadcast-red"><b>The battle crashed</b><br />You can keep playing but it might crash again.</div>
|html|<div class="broadcast-red"><b>The battle crashed</b><br />You can keep playing but it might crash again.</div>
|html|<div class="broadcast-red"><b>The battle crashed</b><br />You can keep playing but it might crash again.</div>
|html|<div class="broadcast-red"><b>The battle crashed</b><br />You can keep playing but it might crash again.</div>
|html|<div class="broadcast-red"><b>The battle crashed</b><br />You can keep playing but it might crash again.</div>
|html|<div class="broadcast-red"><b>The battle crashed</b><br />You can keep playing but it might crash again.</div>
|html|<div class="broadcast-red"><b>The battle crashed</b><br />You can keep playing but it might crash again.</div>
|html|<div class="broadcast-red"><b>The battle crashed</b><br />You can keep playing but it might crash again.</div>
|html|<div class="broadcast-red"><b>The battle crashed</b><br />You can keep playing but it might crash again.</div>
|html|<div class="broadcast-red"><b>The battle crashed</b><br />You can keep playing but it might crash again.</div>
|html|<div class="broadcast-red"><b>The battle crashed</b><br />You can keep playing but it might crash again.</div>
|html|<div class="broadcast-red"><b>The battle crashed</b><br />You can keep playing but it might crash again.</div>
|html|<div class="broadcast-red"><b>The battle crashed</b><br />You can keep playing but it might crash again.</div>
|html|<div class="broadcast-red"><b>The battle crashed</b><br />You can keep playing but it might crash again.</div>
|html|<div class="broadcast-red"><b>The battle crashed</b><br />You can keep playing but it might crash again.</div>
|html|<div class="broadcast-red"><b>The battle crashed</b><br />You can keep playing but it might crash again.</div>
|html|<div class="broadcast-red"><b>The battle crashed</b><br />You can keep playing but it might crash again.</div>
|html|<div class="broadcast-red"><b>The battle crashed</b><br />You can keep playing but it might crash again.</div>
|html|<div class="broadcast-red"><b>The battle crashed</b><br />You can keep playing but it might crash again.</div>
|html|<div class="broadcast-red"><b>The battle crashed</b><br />You can keep playing but it might crash again.</div>
|html|<div class="broadcast-red"><b>The battle crashed</b><br />You can keep playing but it might crash again.</div>
|html|<div class="broadcast-red"><b>The battle crashed</b><br />You can keep playing but it might crash again.</div>
|html|<div class="broadcast-red"><b>The battle crashed</b><br />You can keep playing but it might crash again.</div>
|html|<div class="broadcast-red"><b>The battle crashed</b><br />You can keep playing but it might crash again.</div>
|html|<div class="broadcast-red"><b>The battle crashed</b><br />You can keep playing but it might crash again.</div>
|html|<div class="broadcast-red"><b>The battle crashed</b><br />You can keep playing but it might crash again.</div>
|html|<div class="broadcast-red"><b>The battle crashed</b><br />You can keep playing but it might crash again.</div>
|html|<div class="broadcast-red"><b>The battle crashed</b><br />You can keep playing but it might crash again.</div>
|html|<div class="broadcast-red"><b>The battle crashed</b><br />You can keep playing but it might crash again.</div>
|html|<div class="broadcast-red"><b>The battle crashed</b><br />You can keep playing but it might crash again.</div>
|html|<div class="broadcast-red"><b>The battle crashed</b><br />You can keep playing but it might crash again.</div>
|html|<div class="broadcast-red"><b>The battle crashed</b><br />You can keep playing but it might crash again.</div>
|html|<div class="broadcast-red"><b>The battle crashed</b><br />You can keep playing but it might crash again.</div>
|html|<div class="broadcast-red"><b>The battle crashed</b><br />You can keep playing but it might crash again.</div>
|html|<div class="broadcast-red"><b>The battle crashed</b><br />You can keep playing but it might crash again.</div>

TypeError: Cannot read property 'isActive' of null
    at Tools.Battle.makeRequest (/Users/clazinasteunenberg/Downloads/Test/battle-engine.js:1943:15)
    at process.BattlePokemon.side (/Users/clazinasteunenberg/Downloads/Test/battle-engine.js:157:13)
    at process.EventEmitter.emit (events.js:98:17)
    at handleMessage (child_process.js:318:10)
    at Pipe.channel.onread (child_process.js:345:11)

TypeError: Cannot use 'in' operator to search for 'Rule:potd' in undefined
    at Tools.exports.BattleScripts.randomTeam (/Users/clazinasteunenberg/Downloads/Test/data/scripts.js:1482:38)
    at Tools.exports.BattleScripts.getTeam (/Users/clazinasteunenberg/Downloads/Test/data/scripts.js:494:16)
    at new BattleSide (/Users/clazinasteunenberg/Downloads/Test/battle-engine.js:1096:27)
    at Tools.Battle.join (/Users/clazinasteunenberg/Downloads/Test/battle-engine.js:3333:15)
    at Tools.Battle.receive (/Users/clazinasteunenberg/Downloads/Test/battle-engine.js:3390:9)
    at process.BattlePokemon.side (/Users/clazinasteunenberg/Downloads/Test/battle-engine.js:143:12)
    at process.EventEmitter.emit (events.js:98:17)
    at handleMessage (child_process.js:318:10)
    at Pipe.channel.onread (child_process.js:345:11)

Additional information:
message = battle-randombattle-478|join|p1|E4 GhostKiller|165
currentRequest = 

Log:
|html|<div class="broadcast-red"><b>The battle crashed</b><br />You can keep playing but it might crash again.</div>
|html|<div class="broadcast-red"><b>The battle crashed</b><br />You can keep playing but it might crash again.</div>
|html|<div class="broadcast-red"><b>The battle crashed</b><br />You can keep playing but it might crash again.</div>
|html|<div class="broadcast-red"><b>The battle crashed</b><br />You can keep playing but it might crash again.</div>
|html|<div class="broadcast-red"><b>The battle crashed</b><br />You can keep playing but it might crash again.</div>
|html|<div class="broadcast-red"><b>The battle crashed</b><br />You can keep playing but it might crash again.</div>
|html|<div class="broadcast-red"><b>The battle crashed</b><br />You can keep playing but it might crash again.</div>
|html|<div class="broadcast-red"><b>The battle crashed</b><br />You can keep playing but it might crash again.</div>
|html|<div class="broadcast-red"><b>The battle crashed</b><br />You can keep playing but it might crash again.</div>
|html|<div class="broadcast-red"><b>The battle crashed</b><br />You can keep playing but it might crash again.</div>
|html|<div class="broadcast-red"><b>The battle crashed</b><br />You can keep playing but it might crash again.</div>
|html|<div class="broadcast-red"><b>The battle crashed</b><br />You can keep playing but it might crash again.</div>
|html|<div class="broadcast-red"><b>The battle crashed</b><br />You can keep playing but it might crash again.</div>
|html|<div class="broadcast-red"><b>The battle crashed</b><br />You can keep playing but it might crash again.</div>
|html|<div class="broadcast-red"><b>The battle crashed</b><br />You can keep playing but it might crash again.</div>
|html|<div class="broadcast-red"><b>The battle crashed</b><br />You can keep playing but it might crash again.</div>
|html|<div class="broadcast-red"><b>The battle crashed</b><br />You can keep playing but it might crash again.</div>
|html|<div class="broadcast-red"><b>The battle crashed</b><br />You can keep playing but it might crash again.</div>
|html|<div class="broadcast-red"><b>The battle crashed</b><br />You can keep playing but it might crash again.</div>
|html|<div class="broadcast-red"><b>The battle crashed</b><br />You can keep playing but it might crash again.</div>
|html|<div class="broadcast-red"><b>The battle crashed</b><br />You can keep playing but it might crash again.</div>
|html|<div class="broadcast-red"><b>The battle crashed</b><br />You can keep playing but it might crash again.</div>
|html|<div class="broadcast-red"><b>The battle crashed</b><br />You can keep playing but it might crash again.</div>
|html|<div class="broadcast-red"><b>The battle crashed</b><br />You can keep playing but it might crash again.</div>
|html|<div class="broadcast-red"><b>The battle crashed</b><br />You can keep playing but it might crash again.</div>
|html|<div class="broadcast-red"><b>The battle crashed</b><br />You can keep playing but it might crash again.</div>
|html|<div class="broadcast-red"><b>The battle crashed</b><br />You can keep playing but it might crash again.</div>
|html|<div class="broadcast-red"><b>The battle crashed</b><br />You can keep playing but it might crash again.</div>
|html|<div class="broadcast-red"><b>The battle crashed</b><br />You can keep playing but it might crash again.</div>
|html|<div class="broadcast-red"><b>The battle crashed</b><br />You can keep playing but it might crash again.</div>
|html|<div class="broadcast-red"><b>The battle crashed</b><br />You can keep playing but it might crash again.</div>
|html|<div class="broadcast-red"><b>The battle crashed</b><br />You can keep playing but it might crash again.</div>
|html|<div class="broadcast-red"><b>The battle crashed</b><br />You can keep playing but it might crash again.</div>
|html|<div class="broadcast-red"><b>The battle crashed</b><br />You can keep playing but it might crash again.</div>
|html|<div class="broadcast-red"><b>The battle crashed</b><br />You can keep playing but it might crash again.</div>
|html|<div class="broadcast-red"><b>The battle crashed</b><br />You can keep playing but it might crash again.</div>
|html|<div class="broadcast-red"><b>The battle crashed</b><br />You can keep playing but it might crash again.</div>
|html|<div class="broadcast-red"><b>The battle crashed</b><br />You can keep playing but it might crash again.</div>
|html|<div class="broadcast-red"><b>The battle crashed</b><br />You can keep playing but it might crash again.</div>
|html|<div class="broadcast-red"><b>The battle crashed</b><br />You can keep playing but it might crash again.</div>
|html|<div class="broadcast-red"><b>The battle crashed</b><br />You can keep playing but it might crash again.</div>
|html|<div class="broadcast-red"><b>The battle crashed</b><br />You can keep playing but it might crash again.</div>
|html|<div class="broadcast-red"><b>The battle crashed</b><br />You can keep playing but it might crash again.</div>
|html|<div class="broadcast-red"><b>The battle crashed</b><br />You can keep playing but it might crash again.</div>
|html|<div class="broadcast-red"><b>The battle crashed</b><br />You can keep playing but it might crash again.</div>
|html|<div class="broadcast-red"><b>The battle crashed</b><br />You can keep playing but it might crash again.</div>
|html|<div class="broadcast-red"><b>The battle crashed</b><br />You can keep playing but it might crash again.</div>
|html|<div class="broadcast-red"><b>The battle crashed</b><br />You can keep playing but it might crash again.</div>
|html|<div class="broadcast-red"><b>The battle crashed</b><br />You can keep playing but it might crash again.</div>
|html|<div class="broadcast-red"><b>The battle crashed</b><br />You can keep playing but it might crash again.</div>
|html|<div class="broadcast-red"><b>The battle crashed</b><br />You can keep playing but it might crash again.</div>
|html|<div class="broadcast-red"><b>The battle crashed</b><br />You can keep playing but it might crash again.</div>
|html|<div class="broadcast-red"><b>The battle crashed</b><br />You can keep playing but it might crash again.</div>
|html|<div class="broadcast-red"><b>The battle crashed</b><br />You can keep playing but it might crash again.</div>
|html|<div class="broadcast-red"><b>The battle crashed</b><br />You can keep playing but it might crash again.</div>
|html|<div class="broadcast-red"><b>The battle crashed</b><br />You can keep playing but it might crash again.</div>
|html|<div class="broadcast-red"><b>The battle crashed</b><br />You can keep playing but it might crash again.</div>
|html|<div class="broadcast-red"><b>The battle crashed</b><br />You can keep playing but it might crash again.</div>
|html|<div class="broadcast-red"><b>The battle crashed</b><br />You can keep playing but it might crash again.</div>
|html|<div class="broadcast-red"><b>The battle crashed</b><br />You can keep playing but it might crash again.</div>
|html|<div class="broadcast-red"><b>The battle crashed</b><br />You can keep playing but it might crash again.</div>
|html|<div class="broadcast-red"><b>The battle crashed</b><br />You can keep playing but it might crash again.</div>
|html|<div class="broadcast-red"><b>The battle crashed</b><br />You can keep playing but it might crash again.</div>
|html|<div class="broadcast-red"><b>The battle crashed</b><br />You can keep playing but it might crash again.</div>
|html|<div class="broadcast-red"><b>The battle crashed</b><br />You can keep playing but it might crash again.</div>
|html|<div class="broadcast-red"><b>The battle crashed</b><br />You can keep playing but it might crash again.</div>
|html|<div class="broadcast-red"><b>The battle crashed</b><br />You can keep playing but it might crash again.</div>

TypeError: Cannot read property 'isActive' of null
    at Tools.Battle.makeRequest (/Users/clazinasteunenberg/Downloads/Test/battle-engine.js:1943:15)
    at process.BattlePokemon.side (/Users/clazinasteunenberg/Downloads/Test/battle-engine.js:157:13)
    at process.EventEmitter.emit (events.js:98:17)
    at handleMessage (child_process.js:318:10)
    at Pipe.channel.onread (child_process.js:345:11)

TypeError: Cannot use 'in' operator to search for 'Rule:potd' in undefined
    at Tools.exports.BattleScripts.randomTeam (/Users/clazinasteunenberg/Downloads/Test/data/scripts.js:1482:38)
    at Tools.exports.BattleScripts.getTeam (/Users/clazinasteunenberg/Downloads/Test/data/scripts.js:494:16)
    at new BattleSide (/Users/clazinasteunenberg/Downloads/Test/battle-engine.js:1096:27)
    at Tools.Battle.join (/Users/clazinasteunenberg/Downloads/Test/battle-engine.js:3333:15)
    at Tools.Battle.receive (/Users/clazinasteunenberg/Downloads/Test/battle-engine.js:3390:9)
    at process.BattlePokemon.side (/Users/clazinasteunenberg/Downloads/Test/battle-engine.js:143:12)
    at process.EventEmitter.emit (events.js:98:17)
    at handleMessage (child_process.js:318:10)
    at Pipe.channel.onread (child_process.js:345:11)

Additional information:
message = battle-randombattle-478|join|p1|E4 GhostKiller|165
currentRequest = 

Log:
|html|<div class="broadcast-red"><b>The battle crashed</b><br />You can keep playing but it might crash again.</div>
|html|<div class="broadcast-red"><b>The battle crashed</b><br />You can keep playing but it might crash again.</div>
|html|<div class="broadcast-red"><b>The battle crashed</b><br />You can keep playing but it might crash again.</div>
|html|<div class="broadcast-red"><b>The battle crashed</b><br />You can keep playing but it might crash again.</div>
|html|<div class="broadcast-red"><b>The battle crashed</b><br />You can keep playing but it might crash again.</div>
|html|<div class="broadcast-red"><b>The battle crashed</b><br />You can keep playing but it might crash again.</div>
|html|<div class="broadcast-red"><b>The battle crashed</b><br />You can keep playing but it might crash again.</div>
|html|<div class="broadcast-red"><b>The battle crashed</b><br />You can keep playing but it might crash again.</div>
|html|<div class="broadcast-red"><b>The battle crashed</b><br />You can keep playing but it might crash again.</div>
|html|<div class="broadcast-red"><b>The battle crashed</b><br />You can keep playing but it might crash again.</div>
|html|<div class="broadcast-red"><b>The battle crashed</b><br />You can keep playing but it might crash again.</div>
|html|<div class="broadcast-red"><b>The battle crashed</b><br />You can keep playing but it might crash again.</div>
|html|<div class="broadcast-red"><b>The battle crashed</b><br />You can keep playing but it might crash again.</div>
|html|<div class="broadcast-red"><b>The battle crashed</b><br />You can keep playing but it might crash again.</div>
|html|<div class="broadcast-red"><b>The battle crashed</b><br />You can keep playing but it might crash again.</div>
|html|<div class="broadcast-red"><b>The battle crashed</b><br />You can keep playing but it might crash again.</div>
|html|<div class="broadcast-red"><b>The battle crashed</b><br />You can keep playing but it might crash again.</div>
|html|<div class="broadcast-red"><b>The battle crashed</b><br />You can keep playing but it might crash again.</div>
|html|<div class="broadcast-red"><b>The battle crashed</b><br />You can keep playing but it might crash again.</div>
|html|<div class="broadcast-red"><b>The battle crashed</b><br />You can keep playing but it might crash again.</div>
|html|<div class="broadcast-red"><b>The battle crashed</b><br />You can keep playing but it might crash again.</div>
|html|<div class="broadcast-red"><b>The battle crashed</b><br />You can keep playing but it might crash again.</div>
|html|<div class="broadcast-red"><b>The battle crashed</b><br />You can keep playing but it might crash again.</div>
|html|<div class="broadcast-red"><b>The battle crashed</b><br />You can keep playing but it might crash again.</div>
|html|<div class="broadcast-red"><b>The battle crashed</b><br />You can keep playing but it might crash again.</div>
|html|<div class="broadcast-red"><b>The battle crashed</b><br />You can keep playing but it might crash again.</div>
|html|<div class="broadcast-red"><b>The battle crashed</b><br />You can keep playing but it might crash again.</div>
|html|<div class="broadcast-red"><b>The battle crashed</b><br />You can keep playing but it might crash again.</div>
|html|<div class="broadcast-red"><b>The battle crashed</b><br />You can keep playing but it might crash again.</div>
|html|<div class="broadcast-red"><b>The battle crashed</b><br />You can keep playing but it might crash again.</div>
|html|<div class="broadcast-red"><b>The battle crashed</b><br />You can keep playing but it might crash again.</div>
|html|<div class="broadcast-red"><b>The battle crashed</b><br />You can keep playing but it might crash again.</div>
|html|<div class="broadcast-red"><b>The battle crashed</b><br />You can keep playing but it might crash again.</div>
|html|<div class="broadcast-red"><b>The battle crashed</b><br />You can keep playing but it might crash again.</div>
|html|<div class="broadcast-red"><b>The battle crashed</b><br />You can keep playing but it might crash again.</div>
|html|<div class="broadcast-red"><b>The battle crashed</b><br />You can keep playing but it might crash again.</div>
|html|<div class="broadcast-red"><b>The battle crashed</b><br />You can keep playing but it might crash again.</div>
|html|<div class="broadcast-red"><b>The battle crashed</b><br />You can keep playing but it might crash again.</div>
|html|<div class="broadcast-red"><b>The battle crashed</b><br />You can keep playing but it might crash again.</div>
|html|<div class="broadcast-red"><b>The battle crashed</b><br />You can keep playing but it might crash again.</div>
|html|<div class="broadcast-red"><b>The battle crashed</b><br />You can keep playing but it might crash again.</div>
|html|<div class="broadcast-red"><b>The battle crashed</b><br />You can keep playing but it might crash again.</div>
|html|<div class="broadcast-red"><b>The battle crashed</b><br />You can keep playing but it might crash again.</div>
|html|<div class="broadcast-red"><b>The battle crashed</b><br />You can keep playing but it might crash again.</div>
|html|<div class="broadcast-red"><b>The battle crashed</b><br />You can keep playing but it might crash again.</div>
|html|<div class="broadcast-red"><b>The battle crashed</b><br />You can keep playing but it might crash again.</div>
|html|<div class="broadcast-red"><b>The battle crashed</b><br />You can keep playing but it might crash again.</div>
|html|<div class="broadcast-red"><b>The battle crashed</b><br />You can keep playing but it might crash again.</div>
|html|<div class="broadcast-red"><b>The battle crashed</b><br />You can keep playing but it might crash again.</div>
|html|<div class="broadcast-red"><b>The battle crashed</b><br />You can keep playing but it might crash again.</div>
|html|<div class="broadcast-red"><b>The battle crashed</b><br />You can keep playing but it might crash again.</div>
|html|<div class="broadcast-red"><b>The battle crashed</b><br />You can keep playing but it might crash again.</div>
|html|<div class="broadcast-red"><b>The battle crashed</b><br />You can keep playing but it might crash again.</div>
|html|<div class="broadcast-red"><b>The battle crashed</b><br />You can keep playing but it might crash again.</div>
|html|<div class="broadcast-red"><b>The battle crashed</b><br />You can keep playing but it might crash again.</div>
|html|<div class="broadcast-red"><b>The battle crashed</b><br />You can keep playing but it might crash again.</div>
|html|<div class="broadcast-red"><b>The battle crashed</b><br />You can keep playing but it might crash again.</div>
|html|<div class="broadcast-red"><b>The battle crashed</b><br />You can keep playing but it might crash again.</div>
|html|<div class="broadcast-red"><b>The battle crashed</b><br />You can keep playing but it might crash again.</div>
|html|<div class="broadcast-red"><b>The battle crashed</b><br />You can keep playing but it might crash again.</div>
|html|<div class="broadcast-red"><b>The battle crashed</b><br />You can keep playing but it might crash again.</div>
|html|<div class="broadcast-red"><b>The battle crashed</b><br />You can keep playing but it might crash again.</div>
|html|<div class="broadcast-red"><b>The battle crashed</b><br />You can keep playing but it might crash again.</div>
|html|<div class="broadcast-red"><b>The battle crashed</b><br />You can keep playing but it might crash again.</div>
|html|<div class="broadcast-red"><b>The battle crashed</b><br />You can keep playing but it might crash again.</div>
|html|<div class="broadcast-red"><b>The battle crashed</b><br />You can keep playing but it might crash again.</div>
|html|<div class="broadcast-red"><b>The battle crashed</b><br />You can keep playing but it might crash again.</div>
|html|<div class="broadcast-red"><b>The battle crashed</b><br />You can keep playing but it might crash again.</div>

TypeError: Cannot read property 'isActive' of null
    at Tools.Battle.makeRequest (/Users/clazinasteunenberg/Downloads/Test/battle-engine.js:1943:15)
    at process.BattlePokemon.side (/Users/clazinasteunenberg/Downloads/Test/battle-engine.js:157:13)
    at process.EventEmitter.emit (events.js:98:17)
    at handleMessage (child_process.js:318:10)
    at Pipe.channel.onread (child_process.js:345:11)

TypeError: Cannot use 'in' operator to search for 'Rule:potd' in undefined
    at Tools.exports.BattleScripts.randomTeam (/Users/clazinasteunenberg/Downloads/Test/data/scripts.js:1482:38)
    at Tools.exports.BattleScripts.getTeam (/Users/clazinasteunenberg/Downloads/Test/data/scripts.js:494:16)
    at new BattleSide (/Users/clazinasteunenberg/Downloads/Test/battle-engine.js:1096:27)
    at Tools.Battle.join (/Users/clazinasteunenberg/Downloads/Test/battle-engine.js:3333:15)
    at Tools.Battle.receive (/Users/clazinasteunenberg/Downloads/Test/battle-engine.js:3390:9)
    at process.BattlePokemon.side (/Users/clazinasteunenberg/Downloads/Test/battle-engine.js:143:12)
    at process.EventEmitter.emit (events.js:98:17)
    at handleMessage (child_process.js:318:10)
    at Pipe.channel.onread (child_process.js:345:11)

Additional information:
message = battle-randombattle-478|join|p1|E4 GhostKiller|165
currentRequest = 

Log:
|html|<div class="broadcast-red"><b>The battle crashed</b><br />You can keep playing but it might crash again.</div>
|html|<div class="broadcast-red"><b>The battle crashed</b><br />You can keep playing but it might crash again.</div>
|html|<div class="broadcast-red"><b>The battle crashed</b><br />You can keep playing but it might crash again.</div>
|html|<div class="broadcast-red"><b>The battle crashed</b><br />You can keep playing but it might crash again.</div>
|html|<div class="broadcast-red"><b>The battle crashed</b><br />You can keep playing but it might crash again.</div>
|html|<div class="broadcast-red"><b>The battle crashed</b><br />You can keep playing but it might crash again.</div>
|html|<div class="broadcast-red"><b>The battle crashed</b><br />You can keep playing but it might crash again.</div>
|html|<div class="broadcast-red"><b>The battle crashed</b><br />You can keep playing but it might crash again.</div>
|html|<div class="broadcast-red"><b>The battle crashed</b><br />You can keep playing but it might crash again.</div>
|html|<div class="broadcast-red"><b>The battle crashed</b><br />You can keep playing but it might crash again.</div>
|html|<div class="broadcast-red"><b>The battle crashed</b><br />You can keep playing but it might crash again.</div>
|html|<div class="broadcast-red"><b>The battle crashed</b><br />You can keep playing but it might crash again.</div>
|html|<div class="broadcast-red"><b>The battle crashed</b><br />You can keep playing but it might crash again.</div>
|html|<div class="broadcast-red"><b>The battle crashed</b><br />You can keep playing but it might crash again.</div>
|html|<div class="broadcast-red"><b>The battle crashed</b><br />You can keep playing but it might crash again.</div>
|html|<div class="broadcast-red"><b>The battle crashed</b><br />You can keep playing but it might crash again.</div>
|html|<div class="broadcast-red"><b>The battle crashed</b><br />You can keep playing but it might crash again.</div>
|html|<div class="broadcast-red"><b>The battle crashed</b><br />You can keep playing but it might crash again.</div>
|html|<div class="broadcast-red"><b>The battle crashed</b><br />You can keep playing but it might crash again.</div>
|html|<div class="broadcast-red"><b>The battle crashed</b><br />You can keep playing but it might crash again.</div>
|html|<div class="broadcast-red"><b>The battle crashed</b><br />You can keep playing but it might crash again.</div>
|html|<div class="broadcast-red"><b>The battle crashed</b><br />You can keep playing but it might crash again.</div>
|html|<div class="broadcast-red"><b>The battle crashed</b><br />You can keep playing but it might crash again.</div>
|html|<div class="broadcast-red"><b>The battle crashed</b><br />You can keep playing but it might crash again.</div>
|html|<div class="broadcast-red"><b>The battle crashed</b><br />You can keep playing but it might crash again.</div>
|html|<div class="broadcast-red"><b>The battle crashed</b><br />You can keep playing but it might crash again.</div>
|html|<div class="broadcast-red"><b>The battle crashed</b><br />You can keep playing but it might crash again.</div>
|html|<div class="broadcast-red"><b>The battle crashed</b><br />You can keep playing but it might crash again.</div>
|html|<div class="broadcast-red"><b>The battle crashed</b><br />You can keep playing but it might crash again.</div>
|html|<div class="broadcast-red"><b>The battle crashed</b><br />You can keep playing but it might crash again.</div>
|html|<div class="broadcast-red"><b>The battle crashed</b><br />You can keep playing but it might crash again.</div>
|html|<div class="broadcast-red"><b>The battle crashed</b><br />You can keep playing but it might crash again.</div>
|html|<div class="broadcast-red"><b>The battle crashed</b><br />You can keep playing but it might crash again.</div>
|html|<div class="broadcast-red"><b>The battle crashed</b><br />You can keep playing but it might crash again.</div>
|html|<div class="broadcast-red"><b>The battle crashed</b><br />You can keep playing but it might crash again.</div>
|html|<div class="broadcast-red"><b>The battle crashed</b><br />You can keep playing but it might crash again.</div>
|html|<div class="broadcast-red"><b>The battle crashed</b><br />You can keep playing but it might crash again.</div>
|html|<div class="broadcast-red"><b>The battle crashed</b><br />You can keep playing but it might crash again.</div>
|html|<div class="broadcast-red"><b>The battle crashed</b><br />You can keep playing but it might crash again.</div>
|html|<div class="broadcast-red"><b>The battle crashed</b><br />You can keep playing but it might crash again.</div>
|html|<div class="broadcast-red"><b>The battle crashed</b><br />You can keep playing but it might crash again.</div>
|html|<div class="broadcast-red"><b>The battle crashed</b><br />You can keep playing but it might crash again.</div>
|html|<div class="broadcast-red"><b>The battle crashed</b><br />You can keep playing but it might crash again.</div>
|html|<div class="broadcast-red"><b>The battle crashed</b><br />You can keep playing but it might crash again.</div>
|html|<div class="broadcast-red"><b>The battle crashed</b><br />You can keep playing but it might crash again.</div>
|html|<div class="broadcast-red"><b>The battle crashed</b><br />You can keep playing but it might crash again.</div>
|html|<div class="broadcast-red"><b>The battle crashed</b><br />You can keep playing but it might crash again.</div>
|html|<div class="broadcast-red"><b>The battle crashed</b><br />You can keep playing but it might crash again.</div>
|html|<div class="broadcast-red"><b>The battle crashed</b><br />You can keep playing but it might crash again.</div>
|html|<div class="broadcast-red"><b>The battle crashed</b><br />You can keep playing but it might crash again.</div>
|html|<div class="broadcast-red"><b>The battle crashed</b><br />You can keep playing but it might crash again.</div>
|html|<div class="broadcast-red"><b>The battle crashed</b><br />You can keep playing but it might crash again.</div>
|html|<div class="broadcast-red"><b>The battle crashed</b><br />You can keep playing but it might crash again.</div>
|html|<div class="broadcast-red"><b>The battle crashed</b><br />You can keep playing but it might crash again.</div>
|html|<div class="broadcast-red"><b>The battle crashed</b><br />You can keep playing but it might crash again.</div>
|html|<div class="broadcast-red"><b>The battle crashed</b><br />You can keep playing but it might crash again.</div>
|html|<div class="broadcast-red"><b>The battle crashed</b><br />You can keep playing but it might crash again.</div>
|html|<div class="broadcast-red"><b>The battle crashed</b><br />You can keep playing but it might crash again.</div>
|html|<div class="broadcast-red"><b>The battle crashed</b><br />You can keep playing but it might crash again.</div>
|html|<div class="broadcast-red"><b>The battle crashed</b><br />You can keep playing but it might crash again.</div>
|html|<div class="broadcast-red"><b>The battle crashed</b><br />You can keep playing but it might crash again.</div>
|html|<div class="broadcast-red"><b>The battle crashed</b><br />You can keep playing but it might crash again.</div>
|html|<div class="broadcast-red"><b>The battle crashed</b><br />You can keep playing but it might crash again.</div>
|html|<div class="broadcast-red"><b>The battle crashed</b><br />You can keep playing but it might crash again.</div>
|html|<div class="broadcast-red"><b>The battle crashed</b><br />You can keep playing but it might crash again.</div>
|html|<div class="broadcast-red"><b>The battle crashed</b><br />You can keep playing but it might crash again.</div>
|html|<div class="broadcast-red"><b>The battle crashed</b><br />You can keep playing but it might crash again.</div>
|html|<div class="broadcast-red"><b>The battle crashed</b><br />You can keep playing but it might crash again.</div>
|html|<div class="broadcast-red"><b>The battle crashed</b><br />You can keep playing but it might crash again.</div>

TypeError: Cannot read property 'isActive' of null
    at Tools.Battle.makeRequest (/Users/clazinasteunenberg/Downloads/Test/battle-engine.js:1943:15)
    at process.BattlePokemon.side (/Users/clazinasteunenberg/Downloads/Test/battle-engine.js:157:13)
    at process.EventEmitter.emit (events.js:98:17)
    at handleMessage (child_process.js:318:10)
    at Pipe.channel.onread (child_process.js:345:11)

TypeError: Cannot use 'in' operator to search for 'Rule:potd' in undefined
    at Tools.exports.BattleScripts.randomTeam (/Users/clazinasteunenberg/Downloads/Test/data/scripts.js:1482:38)
    at Tools.exports.BattleScripts.getTeam (/Users/clazinasteunenberg/Downloads/Test/data/scripts.js:494:16)
    at new BattleSide (/Users/clazinasteunenberg/Downloads/Test/battle-engine.js:1096:27)
    at Tools.Battle.join (/Users/clazinasteunenberg/Downloads/Test/battle-engine.js:3333:15)
    at Tools.Battle.receive (/Users/clazinasteunenberg/Downloads/Test/battle-engine.js:3390:9)
    at process.BattlePokemon.side (/Users/clazinasteunenberg/Downloads/Test/battle-engine.js:143:12)
    at process.EventEmitter.emit (events.js:98:17)
    at handleMessage (child_process.js:318:10)
    at Pipe.channel.onread (child_process.js:345:11)

Additional information:
message = battle-randombattle-478|join|p1|E4 GhostKiller|165
currentRequest = 

Log:
|html|<div class="broadcast-red"><b>The battle crashed</b><br />You can keep playing but it might crash again.</div>
|html|<div class="broadcast-red"><b>The battle crashed</b><br />You can keep playing but it might crash again.</div>
|html|<div class="broadcast-red"><b>The battle crashed</b><br />You can keep playing but it might crash again.</div>
|html|<div class="broadcast-red"><b>The battle crashed</b><br />You can keep playing but it might crash again.</div>
|html|<div class="broadcast-red"><b>The battle crashed</b><br />You can keep playing but it might crash again.</div>
|html|<div class="broadcast-red"><b>The battle crashed</b><br />You can keep playing but it might crash again.</div>
|html|<div class="broadcast-red"><b>The battle crashed</b><br />You can keep playing but it might crash again.</div>
|html|<div class="broadcast-red"><b>The battle crashed</b><br />You can keep playing but it might crash again.</div>
|html|<div class="broadcast-red"><b>The battle crashed</b><br />You can keep playing but it might crash again.</div>
|html|<div class="broadcast-red"><b>The battle crashed</b><br />You can keep playing but it might crash again.</div>
|html|<div class="broadcast-red"><b>The battle crashed</b><br />You can keep playing but it might crash again.</div>
|html|<div class="broadcast-red"><b>The battle crashed</b><br />You can keep playing but it might crash again.</div>
|html|<div class="broadcast-red"><b>The battle crashed</b><br />You can keep playing but it might crash again.</div>
|html|<div class="broadcast-red"><b>The battle crashed</b><br />You can keep playing but it might crash again.</div>
|html|<div class="broadcast-red"><b>The battle crashed</b><br />You can keep playing but it might crash again.</div>
|html|<div class="broadcast-red"><b>The battle crashed</b><br />You can keep playing but it might crash again.</div>
|html|<div class="broadcast-red"><b>The battle crashed</b><br />You can keep playing but it might crash again.</div>
|html|<div class="broadcast-red"><b>The battle crashed</b><br />You can keep playing but it might crash again.</div>
|html|<div class="broadcast-red"><b>The battle crashed</b><br />You can keep playing but it might crash again.</div>
|html|<div class="broadcast-red"><b>The battle crashed</b><br />You can keep playing but it might crash again.</div>
|html|<div class="broadcast-red"><b>The battle crashed</b><br />You can keep playing but it might crash again.</div>
|html|<div class="broadcast-red"><b>The battle crashed</b><br />You can keep playing but it might crash again.</div>
|html|<div class="broadcast-red"><b>The battle crashed</b><br />You can keep playing but it might crash again.</div>
|html|<div class="broadcast-red"><b>The battle crashed</b><br />You can keep playing but it might crash again.</div>
|html|<div class="broadcast-red"><b>The battle crashed</b><br />You can keep playing but it might crash again.</div>
|html|<div class="broadcast-red"><b>The battle crashed</b><br />You can keep playing but it might crash again.</div>
|html|<div class="broadcast-red"><b>The battle crashed</b><br />You can keep playing but it might crash again.</div>
|html|<div class="broadcast-red"><b>The battle crashed</b><br />You can keep playing but it might crash again.</div>
|html|<div class="broadcast-red"><b>The battle crashed</b><br />You can keep playing but it might crash again.</div>
|html|<div class="broadcast-red"><b>The battle crashed</b><br />You can keep playing but it might crash again.</div>
|html|<div class="broadcast-red"><b>The battle crashed</b><br />You can keep playing but it might crash again.</div>
|html|<div class="broadcast-red"><b>The battle crashed</b><br />You can keep playing but it might crash again.</div>
|html|<div class="broadcast-red"><b>The battle crashed</b><br />You can keep playing but it might crash again.</div>
|html|<div class="broadcast-red"><b>The battle crashed</b><br />You can keep playing but it might crash again.</div>
|html|<div class="broadcast-red"><b>The battle crashed</b><br />You can keep playing but it might crash again.</div>
|html|<div class="broadcast-red"><b>The battle crashed</b><br />You can keep playing but it might crash again.</div>
|html|<div class="broadcast-red"><b>The battle crashed</b><br />You can keep playing but it might crash again.</div>
|html|<div class="broadcast-red"><b>The battle crashed</b><br />You can keep playing but it might crash again.</div>
|html|<div class="broadcast-red"><b>The battle crashed</b><br />You can keep playing but it might crash again.</div>
|html|<div class="broadcast-red"><b>The battle crashed</b><br />You can keep playing but it might crash again.</div>
|html|<div class="broadcast-red"><b>The battle crashed</b><br />You can keep playing but it might crash again.</div>
|html|<div class="broadcast-red"><b>The battle crashed</b><br />You can keep playing but it might crash again.</div>
|html|<div class="broadcast-red"><b>The battle crashed</b><br />You can keep playing but it might crash again.</div>
|html|<div class="broadcast-red"><b>The battle crashed</b><br />You can keep playing but it might crash again.</div>
|html|<div class="broadcast-red"><b>The battle crashed</b><br />You can keep playing but it might crash again.</div>
|html|<div class="broadcast-red"><b>The battle crashed</b><br />You can keep playing but it might crash again.</div>
|html|<div class="broadcast-red"><b>The battle crashed</b><br />You can keep playing but it might crash again.</div>
|html|<div class="broadcast-red"><b>The battle crashed</b><br />You can keep playing but it might crash again.</div>
|html|<div class="broadcast-red"><b>The battle crashed</b><br />You can keep playing but it might crash again.</div>
|html|<div class="broadcast-red"><b>The battle crashed</b><br />You can keep playing but it might crash again.</div>
|html|<div class="broadcast-red"><b>The battle crashed</b><br />You can keep playing but it might crash again.</div>
|html|<div class="broadcast-red"><b>The battle crashed</b><br />You can keep playing but it might crash again.</div>
|html|<div class="broadcast-red"><b>The battle crashed</b><br />You can keep playing but it might crash again.</div>
|html|<div class="broadcast-red"><b>The battle crashed</b><br />You can keep playing but it might crash again.</div>
|html|<div class="broadcast-red"><b>The battle crashed</b><br />You can keep playing but it might crash again.</div>
|html|<div class="broadcast-red"><b>The battle crashed</b><br />You can keep playing but it might crash again.</div>
|html|<div class="broadcast-red"><b>The battle crashed</b><br />You can keep playing but it might crash again.</div>
|html|<div class="broadcast-red"><b>The battle crashed</b><br />You can keep playing but it might crash again.</div>
|html|<div class="broadcast-red"><b>The battle crashed</b><br />You can keep playing but it might crash again.</div>
|html|<div class="broadcast-red"><b>The battle crashed</b><br />You can keep playing but it might crash again.</div>
|html|<div class="broadcast-red"><b>The battle crashed</b><br />You can keep playing but it might crash again.</div>
|html|<div class="broadcast-red"><b>The battle crashed</b><br />You can keep playing but it might crash again.</div>
|html|<div class="broadcast-red"><b>The battle crashed</b><br />You can keep playing but it might crash again.</div>
|html|<div class="broadcast-red"><b>The battle crashed</b><br />You can keep playing but it might crash again.</div>
|html|<div class="broadcast-red"><b>The battle crashed</b><br />You can keep playing but it might crash again.</div>
|html|<div class="broadcast-red"><b>The battle crashed</b><br />You can keep playing but it might crash again.</div>
|html|<div class="broadcast-red"><b>The battle crashed</b><br />You can keep playing but it might crash again.</div>
|html|<div class="broadcast-red"><b>The battle crashed</b><br />You can keep playing but it might crash again.</div>
|html|<div class="broadcast-red"><b>The battle crashed</b><br />You can keep playing but it might crash again.</div>
|html|<div class="broadcast-red"><b>The battle crashed</b><br />You can keep playing but it might crash again.</div>

TypeError: Cannot read property 'isActive' of null
    at Tools.Battle.makeRequest (/Users/clazinasteunenberg/Downloads/Test/battle-engine.js:1943:15)
    at process.BattlePokemon.side (/Users/clazinasteunenberg/Downloads/Test/battle-engine.js:157:13)
    at process.EventEmitter.emit (events.js:98:17)
    at handleMessage (child_process.js:318:10)
    at Pipe.channel.onread (child_process.js:345:11)

TypeError: Cannot use 'in' operator to search for 'Rule:potd' in undefined
    at Tools.exports.BattleScripts.randomTeam (/Users/clazinasteunenberg/Downloads/Test/data/scripts.js:1482:38)
    at Tools.exports.BattleScripts.getTeam (/Users/clazinasteunenberg/Downloads/Test/data/scripts.js:494:16)
    at new BattleSide (/Users/clazinasteunenberg/Downloads/Test/battle-engine.js:1096:27)
    at Tools.Battle.join (/Users/clazinasteunenberg/Downloads/Test/battle-engine.js:3333:15)
    at Tools.Battle.receive (/Users/clazinasteunenberg/Downloads/Test/battle-engine.js:3390:9)
    at process.BattlePokemon.side (/Users/clazinasteunenberg/Downloads/Test/battle-engine.js:143:12)
    at process.EventEmitter.emit (events.js:98:17)
    at handleMessage (child_process.js:318:10)
    at Pipe.channel.onread (child_process.js:345:11)

Additional information:
message = battle-randombattle-478|join|p1|E4 GhostKiller|165
currentRequest = 

Log:
|html|<div class="broadcast-red"><b>The battle crashed</b><br />You can keep playing but it might crash again.</div>
|html|<div class="broadcast-red"><b>The battle crashed</b><br />You can keep playing but it might crash again.</div>
|html|<div class="broadcast-red"><b>The battle crashed</b><br />You can keep playing but it might crash again.</div>
|html|<div class="broadcast-red"><b>The battle crashed</b><br />You can keep playing but it might crash again.</div>
|html|<div class="broadcast-red"><b>The battle crashed</b><br />You can keep playing but it might crash again.</div>
|html|<div class="broadcast-red"><b>The battle crashed</b><br />You can keep playing but it might crash again.</div>
|html|<div class="broadcast-red"><b>The battle crashed</b><br />You can keep playing but it might crash again.</div>
|html|<div class="broadcast-red"><b>The battle crashed</b><br />You can keep playing but it might crash again.</div>
|html|<div class="broadcast-red"><b>The battle crashed</b><br />You can keep playing but it might crash again.</div>
|html|<div class="broadcast-red"><b>The battle crashed</b><br />You can keep playing but it might crash again.</div>
|html|<div class="broadcast-red"><b>The battle crashed</b><br />You can keep playing but it might crash again.</div>
|html|<div class="broadcast-red"><b>The battle crashed</b><br />You can keep playing but it might crash again.</div>
|html|<div class="broadcast-red"><b>The battle crashed</b><br />You can keep playing but it might crash again.</div>
|html|<div class="broadcast-red"><b>The battle crashed</b><br />You can keep playing but it might crash again.</div>
|html|<div class="broadcast-red"><b>The battle crashed</b><br />You can keep playing but it might crash again.</div>
|html|<div class="broadcast-red"><b>The battle crashed</b><br />You can keep playing but it might crash again.</div>
|html|<div class="broadcast-red"><b>The battle crashed</b><br />You can keep playing but it might crash again.</div>
|html|<div class="broadcast-red"><b>The battle crashed</b><br />You can keep playing but it might crash again.</div>
|html|<div class="broadcast-red"><b>The battle crashed</b><br />You can keep playing but it might crash again.</div>
|html|<div class="broadcast-red"><b>The battle crashed</b><br />You can keep playing but it might crash again.</div>
|html|<div class="broadcast-red"><b>The battle crashed</b><br />You can keep playing but it might crash again.</div>
|html|<div class="broadcast-red"><b>The battle crashed</b><br />You can keep playing but it might crash again.</div>
|html|<div class="broadcast-red"><b>The battle crashed</b><br />You can keep playing but it might crash again.</div>
|html|<div class="broadcast-red"><b>The battle crashed</b><br />You can keep playing but it might crash again.</div>
|html|<div class="broadcast-red"><b>The battle crashed</b><br />You can keep playing but it might crash again.</div>
|html|<div class="broadcast-red"><b>The battle crashed</b><br />You can keep playing but it might crash again.</div>
|html|<div class="broadcast-red"><b>The battle crashed</b><br />You can keep playing but it might crash again.</div>
|html|<div class="broadcast-red"><b>The battle crashed</b><br />You can keep playing but it might crash again.</div>
|html|<div class="broadcast-red"><b>The battle crashed</b><br />You can keep playing but it might crash again.</div>
|html|<div class="broadcast-red"><b>The battle crashed</b><br />You can keep playing but it might crash again.</div>
|html|<div class="broadcast-red"><b>The battle crashed</b><br />You can keep playing but it might crash again.</div>
|html|<div class="broadcast-red"><b>The battle crashed</b><br />You can keep playing but it might crash again.</div>
|html|<div class="broadcast-red"><b>The battle crashed</b><br />You can keep playing but it might crash again.</div>
|html|<div class="broadcast-red"><b>The battle crashed</b><br />You can keep playing but it might crash again.</div>
|html|<div class="broadcast-red"><b>The battle crashed</b><br />You can keep playing but it might crash again.</div>
|html|<div class="broadcast-red"><b>The battle crashed</b><br />You can keep playing but it might crash again.</div>
|html|<div class="broadcast-red"><b>The battle crashed</b><br />You can keep playing but it might crash again.</div>
|html|<div class="broadcast-red"><b>The battle crashed</b><br />You can keep playing but it might crash again.</div>
|html|<div class="broadcast-red"><b>The battle crashed</b><br />You can keep playing but it might crash again.</div>
|html|<div class="broadcast-red"><b>The battle crashed</b><br />You can keep playing but it might crash again.</div>
|html|<div class="broadcast-red"><b>The battle crashed</b><br />You can keep playing but it might crash again.</div>
|html|<div class="broadcast-red"><b>The battle crashed</b><br />You can keep playing but it might crash again.</div>
|html|<div class="broadcast-red"><b>The battle crashed</b><br />You can keep playing but it might crash again.</div>
|html|<div class="broadcast-red"><b>The battle crashed</b><br />You can keep playing but it might crash again.</div>
|html|<div class="broadcast-red"><b>The battle crashed</b><br />You can keep playing but it might crash again.</div>
|html|<div class="broadcast-red"><b>The battle crashed</b><br />You can keep playing but it might crash again.</div>
|html|<div class="broadcast-red"><b>The battle crashed</b><br />You can keep playing but it might crash again.</div>
|html|<div class="broadcast-red"><b>The battle crashed</b><br />You can keep playing but it might crash again.</div>
|html|<div class="broadcast-red"><b>The battle crashed</b><br />You can keep playing but it might crash again.</div>
|html|<div class="broadcast-red"><b>The battle crashed</b><br />You can keep playing but it might crash again.</div>
|html|<div class="broadcast-red"><b>The battle crashed</b><br />You can keep playing but it might crash again.</div>
|html|<div class="broadcast-red"><b>The battle crashed</b><br />You can keep playing but it might crash again.</div>
|html|<div class="broadcast-red"><b>The battle crashed</b><br />You can keep playing but it might crash again.</div>
|html|<div class="broadcast-red"><b>The battle crashed</b><br />You can keep playing but it might crash again.</div>
|html|<div class="broadcast-red"><b>The battle crashed</b><br />You can keep playing but it might crash again.</div>
|html|<div class="broadcast-red"><b>The battle crashed</b><br />You can keep playing but it might crash again.</div>
|html|<div class="broadcast-red"><b>The battle crashed</b><br />You can keep playing but it might crash again.</div>
|html|<div class="broadcast-red"><b>The battle crashed</b><br />You can keep playing but it might crash again.</div>
|html|<div class="broadcast-red"><b>The battle crashed</b><br />You can keep playing but it might crash again.</div>
|html|<div class="broadcast-red"><b>The battle crashed</b><br />You can keep playing but it might crash again.</div>
|html|<div class="broadcast-red"><b>The battle crashed</b><br />You can keep playing but it might crash again.</div>
|html|<div class="broadcast-red"><b>The battle crashed</b><br />You can keep playing but it might crash again.</div>
|html|<div class="broadcast-red"><b>The battle crashed</b><br />You can keep playing but it might crash again.</div>
|html|<div class="broadcast-red"><b>The battle crashed</b><br />You can keep playing but it might crash again.</div>
|html|<div class="broadcast-red"><b>The battle crashed</b><br />You can keep playing but it might crash again.</div>
|html|<div class="broadcast-red"><b>The battle crashed</b><br />You can keep playing but it might crash again.</div>
|html|<div class="broadcast-red"><b>The battle crashed</b><br />You can keep playing but it might crash again.</div>
|html|<div class="broadcast-red"><b>The battle crashed</b><br />You can keep playing but it might crash again.</div>
|html|<div class="broadcast-red"><b>The battle crashed</b><br />You can keep playing but it might crash again.</div>
|html|<div class="broadcast-red"><b>The battle crashed</b><br />You can keep playing but it might crash again.</div>
|html|<div class="broadcast-red"><b>The battle crashed</b><br />You can keep playing but it might crash again.</div>

TypeError: Cannot read property 'isActive' of null
    at Tools.Battle.makeRequest (/Users/clazinasteunenberg/Downloads/Test/battle-engine.js:1943:15)
    at process.BattlePokemon.side (/Users/clazinasteunenberg/Downloads/Test/battle-engine.js:157:13)
    at process.EventEmitter.emit (events.js:98:17)
    at handleMessage (child_process.js:318:10)
    at Pipe.channel.onread (child_process.js:345:11)

TypeError: Cannot use 'in' operator to search for 'Rule:potd' in undefined
    at Tools.exports.BattleScripts.randomTeam (/Users/clazinasteunenberg/Downloads/Test/data/scripts.js:1482:38)
    at Tools.exports.BattleScripts.getTeam (/Users/clazinasteunenberg/Downloads/Test/data/scripts.js:494:16)
    at new BattleSide (/Users/clazinasteunenberg/Downloads/Test/battle-engine.js:1096:27)
    at Tools.Battle.join (/Users/clazinasteunenberg/Downloads/Test/battle-engine.js:3333:15)
    at Tools.Battle.receive (/Users/clazinasteunenberg/Downloads/Test/battle-engine.js:3390:9)
    at process.BattlePokemon.side (/Users/clazinasteunenberg/Downloads/Test/battle-engine.js:143:12)
    at process.EventEmitter.emit (events.js:98:17)
    at handleMessage (child_process.js:318:10)
    at Pipe.channel.onread (child_process.js:345:11)

Additional information:
message = battle-randombattle-478|join|p1|E4 GhostKiller|165
currentRequest = 

Log:
|html|<div class="broadcast-red"><b>The battle crashed</b><br />You can keep playing but it might crash again.</div>
|html|<div class="broadcast-red"><b>The battle crashed</b><br />You can keep playing but it might crash again.</div>
|html|<div class="broadcast-red"><b>The battle crashed</b><br />You can keep playing but it might crash again.</div>
|html|<div class="broadcast-red"><b>The battle crashed</b><br />You can keep playing but it might crash again.</div>
|html|<div class="broadcast-red"><b>The battle crashed</b><br />You can keep playing but it might crash again.</div>
|html|<div class="broadcast-red"><b>The battle crashed</b><br />You can keep playing but it might crash again.</div>
|html|<div class="broadcast-red"><b>The battle crashed</b><br />You can keep playing but it might crash again.</div>
|html|<div class="broadcast-red"><b>The battle crashed</b><br />You can keep playing but it might crash again.</div>
|html|<div class="broadcast-red"><b>The battle crashed</b><br />You can keep playing but it might crash again.</div>
|html|<div class="broadcast-red"><b>The battle crashed</b><br />You can keep playing but it might crash again.</div>
|html|<div class="broadcast-red"><b>The battle crashed</b><br />You can keep playing but it might crash again.</div>
|html|<div class="broadcast-red"><b>The battle crashed</b><br />You can keep playing but it might crash again.</div>
|html|<div class="broadcast-red"><b>The battle crashed</b><br />You can keep playing but it might crash again.</div>
|html|<div class="broadcast-red"><b>The battle crashed</b><br />You can keep playing but it might crash again.</div>
|html|<div class="broadcast-red"><b>The battle crashed</b><br />You can keep playing but it might crash again.</div>
|html|<div class="broadcast-red"><b>The battle crashed</b><br />You can keep playing but it might crash again.</div>
|html|<div class="broadcast-red"><b>The battle crashed</b><br />You can keep playing but it might crash again.</div>
|html|<div class="broadcast-red"><b>The battle crashed</b><br />You can keep playing but it might crash again.</div>
|html|<div class="broadcast-red"><b>The battle crashed</b><br />You can keep playing but it might crash again.</div>
|html|<div class="broadcast-red"><b>The battle crashed</b><br />You can keep playing but it might crash again.</div>
|html|<div class="broadcast-red"><b>The battle crashed</b><br />You can keep playing but it might crash again.</div>
|html|<div class="broadcast-red"><b>The battle crashed</b><br />You can keep playing but it might crash again.</div>
|html|<div class="broadcast-red"><b>The battle crashed</b><br />You can keep playing but it might crash again.</div>
|html|<div class="broadcast-red"><b>The battle crashed</b><br />You can keep playing but it might crash again.</div>
|html|<div class="broadcast-red"><b>The battle crashed</b><br />You can keep playing but it might crash again.</div>
|html|<div class="broadcast-red"><b>The battle crashed</b><br />You can keep playing but it might crash again.</div>
|html|<div class="broadcast-red"><b>The battle crashed</b><br />You can keep playing but it might crash again.</div>
|html|<div class="broadcast-red"><b>The battle crashed</b><br />You can keep playing but it might crash again.</div>
|html|<div class="broadcast-red"><b>The battle crashed</b><br />You can keep playing but it might crash again.</div>
|html|<div class="broadcast-red"><b>The battle crashed</b><br />You can keep playing but it might crash again.</div>
|html|<div class="broadcast-red"><b>The battle crashed</b><br />You can keep playing but it might crash again.</div>
|html|<div class="broadcast-red"><b>The battle crashed</b><br />You can keep playing but it might crash again.</div>
|html|<div class="broadcast-red"><b>The battle crashed</b><br />You can keep playing but it might crash again.</div>
|html|<div class="broadcast-red"><b>The battle crashed</b><br />You can keep playing but it might crash again.</div>
|html|<div class="broadcast-red"><b>The battle crashed</b><br />You can keep playing but it might crash again.</div>
|html|<div class="broadcast-red"><b>The battle crashed</b><br />You can keep playing but it might crash again.</div>
|html|<div class="broadcast-red"><b>The battle crashed</b><br />You can keep playing but it might crash again.</div>
|html|<div class="broadcast-red"><b>The battle crashed</b><br />You can keep playing but it might crash again.</div>
|html|<div class="broadcast-red"><b>The battle crashed</b><br />You can keep playing but it might crash again.</div>
|html|<div class="broadcast-red"><b>The battle crashed</b><br />You can keep playing but it might crash again.</div>
|html|<div class="broadcast-red"><b>The battle crashed</b><br />You can keep playing but it might crash again.</div>
|html|<div class="broadcast-red"><b>The battle crashed</b><br />You can keep playing but it might crash again.</div>
|html|<div class="broadcast-red"><b>The battle crashed</b><br />You can keep playing but it might crash again.</div>
|html|<div class="broadcast-red"><b>The battle crashed</b><br />You can keep playing but it might crash again.</div>
|html|<div class="broadcast-red"><b>The battle crashed</b><br />You can keep playing but it might crash again.</div>
|html|<div class="broadcast-red"><b>The battle crashed</b><br />You can keep playing but it might crash again.</div>
|html|<div class="broadcast-red"><b>The battle crashed</b><br />You can keep playing but it might crash again.</div>
|html|<div class="broadcast-red"><b>The battle crashed</b><br />You can keep playing but it might crash again.</div>
|html|<div class="broadcast-red"><b>The battle crashed</b><br />You can keep playing but it might crash again.</div>
|html|<div class="broadcast-red"><b>The battle crashed</b><br />You can keep playing but it might crash again.</div>
|html|<div class="broadcast-red"><b>The battle crashed</b><br />You can keep playing but it might crash again.</div>
|html|<div class="broadcast-red"><b>The battle crashed</b><br />You can keep playing but it might crash again.</div>
|html|<div class="broadcast-red"><b>The battle crashed</b><br />You can keep playing but it might crash again.</div>
|html|<div class="broadcast-red"><b>The battle crashed</b><br />You can keep playing but it might crash again.</div>
|html|<div class="broadcast-red"><b>The battle crashed</b><br />You can keep playing but it might crash again.</div>
|html|<div class="broadcast-red"><b>The battle crashed</b><br />You can keep playing but it might crash again.</div>
|html|<div class="broadcast-red"><b>The battle crashed</b><br />You can keep playing but it might crash again.</div>
|html|<div class="broadcast-red"><b>The battle crashed</b><br />You can keep playing but it might crash again.</div>
|html|<div class="broadcast-red"><b>The battle crashed</b><br />You can keep playing but it might crash again.</div>
|html|<div class="broadcast-red"><b>The battle crashed</b><br />You can keep playing but it might crash again.</div>
|html|<div class="broadcast-red"><b>The battle crashed</b><br />You can keep playing but it might crash again.</div>
|html|<div class="broadcast-red"><b>The battle crashed</b><br />You can keep playing but it might crash again.</div>
|html|<div class="broadcast-red"><b>The battle crashed</b><br />You can keep playing but it might crash again.</div>
|html|<div class="broadcast-red"><b>The battle crashed</b><br />You can keep playing but it might crash again.</div>
|html|<div class="broadcast-red"><b>The battle crashed</b><br />You can keep playing but it might crash again.</div>
|html|<div class="broadcast-red"><b>The battle crashed</b><br />You can keep playing but it might crash again.</div>
|html|<div class="broadcast-red"><b>The battle crashed</b><br />You can keep playing but it might crash again.</div>
|html|<div class="broadcast-red"><b>The battle crashed</b><br />You can keep playing but it might crash again.</div>
|html|<div class="broadcast-red"><b>The battle crashed</b><br />You can keep playing but it might crash again.</div>
|html|<div class="broadcast-red"><b>The battle crashed</b><br />You can keep playing but it might crash again.</div>
|html|<div class="broadcast-red"><b>The battle crashed</b><br />You can keep playing but it might crash again.</div>
|html|<div class="broadcast-red"><b>The battle crashed</b><br />You can keep playing but it might crash again.</div>

TypeError: Cannot read property 'isActive' of null
    at Tools.Battle.makeRequest (/Users/clazinasteunenberg/Downloads/Test/battle-engine.js:1943:15)
    at process.BattlePokemon.side (/Users/clazinasteunenberg/Downloads/Test/battle-engine.js:157:13)
    at process.EventEmitter.emit (events.js:98:17)
    at handleMessage (child_process.js:318:10)
    at Pipe.channel.onread (child_process.js:345:11)

TypeError: Cannot use 'in' operator to search for 'Rule:potd' in undefined
    at Tools.exports.BattleScripts.randomTeam (/Users/clazinasteunenberg/Downloads/Test/data/scripts.js:1482:38)
    at Tools.exports.BattleScripts.getTeam (/Users/clazinasteunenberg/Downloads/Test/data/scripts.js:494:16)
    at new BattleSide (/Users/clazinasteunenberg/Downloads/Test/battle-engine.js:1096:27)
    at Tools.Battle.join (/Users/clazinasteunenberg/Downloads/Test/battle-engine.js:3333:15)
    at Tools.Battle.receive (/Users/clazinasteunenberg/Downloads/Test/battle-engine.js:3390:9)
    at process.BattlePokemon.side (/Users/clazinasteunenberg/Downloads/Test/battle-engine.js:143:12)
    at process.EventEmitter.emit (events.js:98:17)
    at handleMessage (child_process.js:318:10)
    at Pipe.channel.onread (child_process.js:345:11)

Additional information:
message = battle-randombattle-478|join|p1|E4 GhostKiller|165
currentRequest = 

Log:
|html|<div class="broadcast-red"><b>The battle crashed</b><br />You can keep playing but it might crash again.</div>
|html|<div class="broadcast-red"><b>The battle crashed</b><br />You can keep playing but it might crash again.</div>
|html|<div class="broadcast-red"><b>The battle crashed</b><br />You can keep playing but it might crash again.</div>
|html|<div class="broadcast-red"><b>The battle crashed</b><br />You can keep playing but it might crash again.</div>
|html|<div class="broadcast-red"><b>The battle crashed</b><br />You can keep playing but it might crash again.</div>
|html|<div class="broadcast-red"><b>The battle crashed</b><br />You can keep playing but it might crash again.</div>
|html|<div class="broadcast-red"><b>The battle crashed</b><br />You can keep playing but it might crash again.</div>
|html|<div class="broadcast-red"><b>The battle crashed</b><br />You can keep playing but it might crash again.</div>
|html|<div class="broadcast-red"><b>The battle crashed</b><br />You can keep playing but it might crash again.</div>
|html|<div class="broadcast-red"><b>The battle crashed</b><br />You can keep playing but it might crash again.</div>
|html|<div class="broadcast-red"><b>The battle crashed</b><br />You can keep playing but it might crash again.</div>
|html|<div class="broadcast-red"><b>The battle crashed</b><br />You can keep playing but it might crash again.</div>
|html|<div class="broadcast-red"><b>The battle crashed</b><br />You can keep playing but it might crash again.</div>
|html|<div class="broadcast-red"><b>The battle crashed</b><br />You can keep playing but it might crash again.</div>
|html|<div class="broadcast-red"><b>The battle crashed</b><br />You can keep playing but it might crash again.</div>
|html|<div class="broadcast-red"><b>The battle crashed</b><br />You can keep playing but it might crash again.</div>
|html|<div class="broadcast-red"><b>The battle crashed</b><br />You can keep playing but it might crash again.</div>
|html|<div class="broadcast-red"><b>The battle crashed</b><br />You can keep playing but it might crash again.</div>
|html|<div class="broadcast-red"><b>The battle crashed</b><br />You can keep playing but it might crash again.</div>
|html|<div class="broadcast-red"><b>The battle crashed</b><br />You can keep playing but it might crash again.</div>
|html|<div class="broadcast-red"><b>The battle crashed</b><br />You can keep playing but it might crash again.</div>
|html|<div class="broadcast-red"><b>The battle crashed</b><br />You can keep playing but it might crash again.</div>
|html|<div class="broadcast-red"><b>The battle crashed</b><br />You can keep playing but it might crash again.</div>
|html|<div class="broadcast-red"><b>The battle crashed</b><br />You can keep playing but it might crash again.</div>
|html|<div class="broadcast-red"><b>The battle crashed</b><br />You can keep playing but it might crash again.</div>
|html|<div class="broadcast-red"><b>The battle crashed</b><br />You can keep playing but it might crash again.</div>
|html|<div class="broadcast-red"><b>The battle crashed</b><br />You can keep playing but it might crash again.</div>
|html|<div class="broadcast-red"><b>The battle crashed</b><br />You can keep playing but it might crash again.</div>
|html|<div class="broadcast-red"><b>The battle crashed</b><br />You can keep playing but it might crash again.</div>
|html|<div class="broadcast-red"><b>The battle crashed</b><br />You can keep playing but it might crash again.</div>
|html|<div class="broadcast-red"><b>The battle crashed</b><br />You can keep playing but it might crash again.</div>
|html|<div class="broadcast-red"><b>The battle crashed</b><br />You can keep playing but it might crash again.</div>
|html|<div class="broadcast-red"><b>The battle crashed</b><br />You can keep playing but it might crash again.</div>
|html|<div class="broadcast-red"><b>The battle crashed</b><br />You can keep playing but it might crash again.</div>
|html|<div class="broadcast-red"><b>The battle crashed</b><br />You can keep playing but it might crash again.</div>
|html|<div class="broadcast-red"><b>The battle crashed</b><br />You can keep playing but it might crash again.</div>
|html|<div class="broadcast-red"><b>The battle crashed</b><br />You can keep playing but it might crash again.</div>
|html|<div class="broadcast-red"><b>The battle crashed</b><br />You can keep playing but it might crash again.</div>
|html|<div class="broadcast-red"><b>The battle crashed</b><br />You can keep playing but it might crash again.</div>
|html|<div class="broadcast-red"><b>The battle crashed</b><br />You can keep playing but it might crash again.</div>
|html|<div class="broadcast-red"><b>The battle crashed</b><br />You can keep playing but it might crash again.</div>
|html|<div class="broadcast-red"><b>The battle crashed</b><br />You can keep playing but it might crash again.</div>
|html|<div class="broadcast-red"><b>The battle crashed</b><br />You can keep playing but it might crash again.</div>
|html|<div class="broadcast-red"><b>The battle crashed</b><br />You can keep playing but it might crash again.</div>
|html|<div class="broadcast-red"><b>The battle crashed</b><br />You can keep playing but it might crash again.</div>
|html|<div class="broadcast-red"><b>The battle crashed</b><br />You can keep playing but it might crash again.</div>
|html|<div class="broadcast-red"><b>The battle crashed</b><br />You can keep playing but it might crash again.</div>
|html|<div class="broadcast-red"><b>The battle crashed</b><br />You can keep playing but it might crash again.</div>
|html|<div class="broadcast-red"><b>The battle crashed</b><br />You can keep playing but it might crash again.</div>
|html|<div class="broadcast-red"><b>The battle crashed</b><br />You can keep playing but it might crash again.</div>
|html|<div class="broadcast-red"><b>The battle crashed</b><br />You can keep playing but it might crash again.</div>
|html|<div class="broadcast-red"><b>The battle crashed</b><br />You can keep playing but it might crash again.</div>
|html|<div class="broadcast-red"><b>The battle crashed</b><br />You can keep playing but it might crash again.</div>
|html|<div class="broadcast-red"><b>The battle crashed</b><br />You can keep playing but it might crash again.</div>
|html|<div class="broadcast-red"><b>The battle crashed</b><br />You can keep playing but it might crash again.</div>
|html|<div class="broadcast-red"><b>The battle crashed</b><br />You can keep playing but it might crash again.</div>
|html|<div class="broadcast-red"><b>The battle crashed</b><br />You can keep playing but it might crash again.</div>
|html|<div class="broadcast-red"><b>The battle crashed</b><br />You can keep playing but it might crash again.</div>
|html|<div class="broadcast-red"><b>The battle crashed</b><br />You can keep playing but it might crash again.</div>
|html|<div class="broadcast-red"><b>The battle crashed</b><br />You can keep playing but it might crash again.</div>
|html|<div class="broadcast-red"><b>The battle crashed</b><br />You can keep playing but it might crash again.</div>
|html|<div class="broadcast-red"><b>The battle crashed</b><br />You can keep playing but it might crash again.</div>
|html|<div class="broadcast-red"><b>The battle crashed</b><br />You can keep playing but it might crash again.</div>
|html|<div class="broadcast-red"><b>The battle crashed</b><br />You can keep playing but it might crash again.</div>
|html|<div class="broadcast-red"><b>The battle crashed</b><br />You can keep playing but it might crash again.</div>
|html|<div class="broadcast-red"><b>The battle crashed</b><br />You can keep playing but it might crash again.</div>
|html|<div class="broadcast-red"><b>The battle crashed</b><br />You can keep playing but it might crash again.</div>
|html|<div class="broadcast-red"><b>The battle crashed</b><br />You can keep playing but it might crash again.</div>
|html|<div class="broadcast-red"><b>The battle crashed</b><br />You can keep playing but it might crash again.</div>
|html|<div class="broadcast-red"><b>The battle crashed</b><br />You can keep playing but it might crash again.</div>
|html|<div class="broadcast-red"><b>The battle crashed</b><br />You can keep playing but it might crash again.</div>
|html|<div class="broadcast-red"><b>The battle crashed</b><br />You can keep playing but it might crash again.</div>
|html|<div class="broadcast-red"><b>The battle crashed</b><br />You can keep playing but it might crash again.</div>

TypeError: Cannot read property 'isActive' of null
    at Tools.Battle.makeRequest (/Users/clazinasteunenberg/Downloads/Test/battle-engine.js:1943:15)
    at process.BattlePokemon.side (/Users/clazinasteunenberg/Downloads/Test/battle-engine.js:157:13)
    at process.EventEmitter.emit (events.js:98:17)
    at handleMessage (child_process.js:318:10)
    at Pipe.channel.onread (child_process.js:345:11)

ReferenceError: potd is not defined
    at Tools.exports.BattleScripts.randomTeam (/Users/clazinasteunenberg/Downloads/Test/data/scripts.js:1522:8)
    at Tools.exports.BattleScripts.getTeam (/Users/clazinasteunenberg/Downloads/Test/data/scripts.js:488:16)
    at new BattleSide (/Users/clazinasteunenberg/Downloads/Test/battle-engine.js:1096:27)
    at Tools.Battle.join (/Users/clazinasteunenberg/Downloads/Test/battle-engine.js:3333:15)
    at Tools.Battle.receive (/Users/clazinasteunenberg/Downloads/Test/battle-engine.js:3390:9)
    at process.BattlePokemon.side (/Users/clazinasteunenberg/Downloads/Test/battle-engine.js:143:12)
    at process.EventEmitter.emit (events.js:98:17)
    at handleMessage (child_process.js:318:10)
    at Pipe.channel.onread (child_process.js:345:11)

Additional information:
message = battle-randombattle-491|join|p1|Grizzlajoe|109
currentRequest = 

Log:


TypeError: Cannot read property 'isActive' of null
    at Tools.Battle.makeRequest (/Users/clazinasteunenberg/Downloads/Test/battle-engine.js:1943:15)
    at process.BattlePokemon.side (/Users/clazinasteunenberg/Downloads/Test/battle-engine.js:157:13)
    at process.EventEmitter.emit (events.js:98:17)
    at handleMessage (child_process.js:318:10)
    at Pipe.channel.onread (child_process.js:345:11)

ReferenceError: potd is not defined
    at Tools.exports.BattleScripts.randomTeam (/Users/clazinasteunenberg/Downloads/Test/data/scripts.js:1522:8)
    at Tools.exports.BattleScripts.getTeam (/Users/clazinasteunenberg/Downloads/Test/data/scripts.js:488:16)
    at new BattleSide (/Users/clazinasteunenberg/Downloads/Test/battle-engine.js:1096:27)
    at Tools.Battle.join (/Users/clazinasteunenberg/Downloads/Test/battle-engine.js:3333:15)
    at Tools.Battle.receive (/Users/clazinasteunenberg/Downloads/Test/battle-engine.js:3390:9)
    at process.BattlePokemon.side (/Users/clazinasteunenberg/Downloads/Test/battle-engine.js:143:12)
    at process.EventEmitter.emit (events.js:98:17)
    at handleMessage (child_process.js:318:10)
    at Pipe.channel.onread (child_process.js:345:11)

Additional information:
message = battle-randombattle-491|join|p1|Grizzlajoe|109
currentRequest = 

Log:
|html|<div class="broadcast-red"><b>The battle crashed</b><br />You can keep playing but it might crash again.</div>

TypeError: Cannot read property 'isActive' of null
    at Tools.Battle.makeRequest (/Users/clazinasteunenberg/Downloads/Test/battle-engine.js:1943:15)
    at process.BattlePokemon.side (/Users/clazinasteunenberg/Downloads/Test/battle-engine.js:157:13)
    at process.EventEmitter.emit (events.js:98:17)
    at handleMessage (child_process.js:318:10)
    at Pipe.channel.onread (child_process.js:345:11)

TypeError: Cannot use 'in' operator to search for 'Rule:potd' in undefined
    at Tools.exports.BattleScripts.randomTeam (/Users/clazinasteunenberg/Downloads/Test/data/scripts.js:1482:38)
    at Tools.exports.BattleScripts.getTeam (/Users/clazinasteunenberg/Downloads/Test/data/scripts.js:494:16)
    at new BattleSide (/Users/clazinasteunenberg/Downloads/Test/battle-engine.js:1096:27)
    at Tools.Battle.join (/Users/clazinasteunenberg/Downloads/Test/battle-engine.js:3333:15)
    at Tools.Battle.receive (/Users/clazinasteunenberg/Downloads/Test/battle-engine.js:3390:9)
    at process.BattlePokemon.side (/Users/clazinasteunenberg/Downloads/Test/battle-engine.js:143:12)
    at process.EventEmitter.emit (events.js:98:17)
    at handleMessage (child_process.js:318:10)
    at Pipe.channel.onread (child_process.js:345:11)

Additional information:
message = battle-randombattle-478|join|p1|E4 GhostKiller|165
currentRequest = 

Log:
|html|<div class="broadcast-red"><b>The battle crashed</b><br />You can keep playing but it might crash again.</div>
|html|<div class="broadcast-red"><b>The battle crashed</b><br />You can keep playing but it might crash again.</div>
|html|<div class="broadcast-red"><b>The battle crashed</b><br />You can keep playing but it might crash again.</div>
|html|<div class="broadcast-red"><b>The battle crashed</b><br />You can keep playing but it might crash again.</div>
|html|<div class="broadcast-red"><b>The battle crashed</b><br />You can keep playing but it might crash again.</div>
|html|<div class="broadcast-red"><b>The battle crashed</b><br />You can keep playing but it might crash again.</div>
|html|<div class="broadcast-red"><b>The battle crashed</b><br />You can keep playing but it might crash again.</div>
|html|<div class="broadcast-red"><b>The battle crashed</b><br />You can keep playing but it might crash again.</div>
|html|<div class="broadcast-red"><b>The battle crashed</b><br />You can keep playing but it might crash again.</div>
|html|<div class="broadcast-red"><b>The battle crashed</b><br />You can keep playing but it might crash again.</div>
|html|<div class="broadcast-red"><b>The battle crashed</b><br />You can keep playing but it might crash again.</div>
|html|<div class="broadcast-red"><b>The battle crashed</b><br />You can keep playing but it might crash again.</div>
|html|<div class="broadcast-red"><b>The battle crashed</b><br />You can keep playing but it might crash again.</div>
|html|<div class="broadcast-red"><b>The battle crashed</b><br />You can keep playing but it might crash again.</div>
|html|<div class="broadcast-red"><b>The battle crashed</b><br />You can keep playing but it might crash again.</div>
|html|<div class="broadcast-red"><b>The battle crashed</b><br />You can keep playing but it might crash again.</div>
|html|<div class="broadcast-red"><b>The battle crashed</b><br />You can keep playing but it might crash again.</div>
|html|<div class="broadcast-red"><b>The battle crashed</b><br />You can keep playing but it might crash again.</div>
|html|<div class="broadcast-red"><b>The battle crashed</b><br />You can keep playing but it might crash again.</div>
|html|<div class="broadcast-red"><b>The battle crashed</b><br />You can keep playing but it might crash again.</div>
|html|<div class="broadcast-red"><b>The battle crashed</b><br />You can keep playing but it might crash again.</div>
|html|<div class="broadcast-red"><b>The battle crashed</b><br />You can keep playing but it might crash again.</div>
|html|<div class="broadcast-red"><b>The battle crashed</b><br />You can keep playing but it might crash again.</div>
|html|<div class="broadcast-red"><b>The battle crashed</b><br />You can keep playing but it might crash again.</div>
|html|<div class="broadcast-red"><b>The battle crashed</b><br />You can keep playing but it might crash again.</div>
|html|<div class="broadcast-red"><b>The battle crashed</b><br />You can keep playing but it might crash again.</div>
|html|<div class="broadcast-red"><b>The battle crashed</b><br />You can keep playing but it might crash again.</div>
|html|<div class="broadcast-red"><b>The battle crashed</b><br />You can keep playing but it might crash again.</div>
|html|<div class="broadcast-red"><b>The battle crashed</b><br />You can keep playing but it might crash again.</div>
|html|<div class="broadcast-red"><b>The battle crashed</b><br />You can keep playing but it might crash again.</div>
|html|<div class="broadcast-red"><b>The battle crashed</b><br />You can keep playing but it might crash again.</div>
|html|<div class="broadcast-red"><b>The battle crashed</b><br />You can keep playing but it might crash again.</div>
|html|<div class="broadcast-red"><b>The battle crashed</b><br />You can keep playing but it might crash again.</div>
|html|<div class="broadcast-red"><b>The battle crashed</b><br />You can keep playing but it might crash again.</div>
|html|<div class="broadcast-red"><b>The battle crashed</b><br />You can keep playing but it might crash again.</div>
|html|<div class="broadcast-red"><b>The battle crashed</b><br />You can keep playing but it might crash again.</div>
|html|<div class="broadcast-red"><b>The battle crashed</b><br />You can keep playing but it might crash again.</div>
|html|<div class="broadcast-red"><b>The battle crashed</b><br />You can keep playing but it might crash again.</div>
|html|<div class="broadcast-red"><b>The battle crashed</b><br />You can keep playing but it might crash again.</div>
|html|<div class="broadcast-red"><b>The battle crashed</b><br />You can keep playing but it might crash again.</div>
|html|<div class="broadcast-red"><b>The battle crashed</b><br />You can keep playing but it might crash again.</div>
|html|<div class="broadcast-red"><b>The battle crashed</b><br />You can keep playing but it might crash again.</div>
|html|<div class="broadcast-red"><b>The battle crashed</b><br />You can keep playing but it might crash again.</div>
|html|<div class="broadcast-red"><b>The battle crashed</b><br />You can keep playing but it might crash again.</div>
|html|<div class="broadcast-red"><b>The battle crashed</b><br />You can keep playing but it might crash again.</div>
|html|<div class="broadcast-red"><b>The battle crashed</b><br />You can keep playing but it might crash again.</div>
|html|<div class="broadcast-red"><b>The battle crashed</b><br />You can keep playing but it might crash again.</div>
|html|<div class="broadcast-red"><b>The battle crashed</b><br />You can keep playing but it might crash again.</div>
|html|<div class="broadcast-red"><b>The battle crashed</b><br />You can keep playing but it might crash again.</div>
|html|<div class="broadcast-red"><b>The battle crashed</b><br />You can keep playing but it might crash again.</div>
|html|<div class="broadcast-red"><b>The battle crashed</b><br />You can keep playing but it might crash again.</div>
|html|<div class="broadcast-red"><b>The battle crashed</b><br />You can keep playing but it might crash again.</div>
|html|<div class="broadcast-red"><b>The battle crashed</b><br />You can keep playing but it might crash again.</div>
|html|<div class="broadcast-red"><b>The battle crashed</b><br />You can keep playing but it might crash again.</div>
|html|<div class="broadcast-red"><b>The battle crashed</b><br />You can keep playing but it might crash again.</div>
|html|<div class="broadcast-red"><b>The battle crashed</b><br />You can keep playing but it might crash again.</div>
|html|<div class="broadcast-red"><b>The battle crashed</b><br />You can keep playing but it might crash again.</div>
|html|<div class="broadcast-red"><b>The battle crashed</b><br />You can keep playing but it might crash again.</div>
|html|<div class="broadcast-red"><b>The battle crashed</b><br />You can keep playing but it might crash again.</div>
|html|<div class="broadcast-red"><b>The battle crashed</b><br />You can keep playing but it might crash again.</div>
|html|<div class="broadcast-red"><b>The battle crashed</b><br />You can keep playing but it might crash again.</div>
|html|<div class="broadcast-red"><b>The battle crashed</b><br />You can keep playing but it might crash again.</div>
|html|<div class="broadcast-red"><b>The battle crashed</b><br />You can keep playing but it might crash again.</div>
|html|<div class="broadcast-red"><b>The battle crashed</b><br />You can keep playing but it might crash again.</div>
|html|<div class="broadcast-red"><b>The battle crashed</b><br />You can keep playing but it might crash again.</div>
|html|<div class="broadcast-red"><b>The battle crashed</b><br />You can keep playing but it might crash again.</div>
|html|<div class="broadcast-red"><b>The battle crashed</b><br />You can keep playing but it might crash again.</div>
|html|<div class="broadcast-red"><b>The battle crashed</b><br />You can keep playing but it might crash again.</div>
|html|<div class="broadcast-red"><b>The battle crashed</b><br />You can keep playing but it might crash again.</div>
|html|<div class="broadcast-red"><b>The battle crashed</b><br />You can keep playing but it might crash again.</div>
|html|<div class="broadcast-red"><b>The battle crashed</b><br />You can keep playing but it might crash again.</div>
|html|<div class="broadcast-red"><b>The battle crashed</b><br />You can keep playing but it might crash again.</div>
|html|<div class="broadcast-red"><b>The battle crashed</b><br />You can keep playing but it might crash again.</div>
|html|<div class="broadcast-red"><b>The battle crashed</b><br />You can keep playing but it might crash again.</div>

TypeError: Cannot read property 'isActive' of null
    at Tools.Battle.makeRequest (/Users/clazinasteunenberg/Downloads/Test/battle-engine.js:1943:15)
    at process.BattlePokemon.side (/Users/clazinasteunenberg/Downloads/Test/battle-engine.js:157:13)
    at process.EventEmitter.emit (events.js:98:17)
    at handleMessage (child_process.js:318:10)
    at Pipe.channel.onread (child_process.js:345:11)

ReferenceError: potd is not defined
    at Tools.exports.BattleScripts.randomTeam (/Users/clazinasteunenberg/Downloads/Test/data/scripts.js:1522:8)
    at Tools.exports.BattleScripts.getTeam (/Users/clazinasteunenberg/Downloads/Test/data/scripts.js:488:16)
    at new BattleSide (/Users/clazinasteunenberg/Downloads/Test/battle-engine.js:1096:27)
    at Tools.Battle.join (/Users/clazinasteunenberg/Downloads/Test/battle-engine.js:3333:15)
    at Tools.Battle.receive (/Users/clazinasteunenberg/Downloads/Test/battle-engine.js:3390:9)
    at process.BattlePokemon.side (/Users/clazinasteunenberg/Downloads/Test/battle-engine.js:143:12)
    at process.EventEmitter.emit (events.js:98:17)
    at handleMessage (child_process.js:318:10)
    at Pipe.channel.onread (child_process.js:345:11)

Additional information:
message = battle-randombattle-491|join|p1|Grizzlajoe|109
currentRequest = 

Log:
|html|<div class="broadcast-red"><b>The battle crashed</b><br />You can keep playing but it might crash again.</div>
|html|<div class="broadcast-red"><b>The battle crashed</b><br />You can keep playing but it might crash again.</div>

TypeError: Cannot read property 'isActive' of null
    at Tools.Battle.makeRequest (/Users/clazinasteunenberg/Downloads/Test/battle-engine.js:1943:15)
    at process.BattlePokemon.side (/Users/clazinasteunenberg/Downloads/Test/battle-engine.js:157:13)
    at process.EventEmitter.emit (events.js:98:17)
    at handleMessage (child_process.js:318:10)
    at Pipe.channel.onread (child_process.js:345:11)

ReferenceError: potd is not defined
    at Tools.exports.BattleScripts.randomTeam (/Users/clazinasteunenberg/Downloads/Test/data/scripts.js:1522:8)
    at Tools.exports.BattleScripts.getTeam (/Users/clazinasteunenberg/Downloads/Test/data/scripts.js:488:16)
    at new BattleSide (/Users/clazinasteunenberg/Downloads/Test/battle-engine.js:1096:27)
    at Tools.Battle.join (/Users/clazinasteunenberg/Downloads/Test/battle-engine.js:3333:15)
    at Tools.Battle.receive (/Users/clazinasteunenberg/Downloads/Test/battle-engine.js:3390:9)
    at process.BattlePokemon.side (/Users/clazinasteunenberg/Downloads/Test/battle-engine.js:143:12)
    at process.EventEmitter.emit (events.js:98:17)
    at handleMessage (child_process.js:318:10)
    at Pipe.channel.onread (child_process.js:345:11)

Additional information:
message = battle-randombattle-491|join|p1|Grizzlajoe|109
currentRequest = 

Log:
|html|<div class="broadcast-red"><b>The battle crashed</b><br />You can keep playing but it might crash again.</div>
|html|<div class="broadcast-red"><b>The battle crashed</b><br />You can keep playing but it might crash again.</div>
|html|<div class="broadcast-red"><b>The battle crashed</b><br />You can keep playing but it might crash again.</div>

TypeError: Cannot read property 'isActive' of null
    at Tools.Battle.makeRequest (/Users/clazinasteunenberg/Downloads/Test/battle-engine.js:1943:15)
    at process.BattlePokemon.side (/Users/clazinasteunenberg/Downloads/Test/battle-engine.js:157:13)
    at process.EventEmitter.emit (events.js:98:17)
    at handleMessage (child_process.js:318:10)
    at Pipe.channel.onread (child_process.js:345:11)

ReferenceError: potd is not defined
    at Tools.exports.BattleScripts.randomTeam (/Users/clazinasteunenberg/Downloads/Test/data/scripts.js:1522:8)
    at Tools.exports.BattleScripts.getTeam (/Users/clazinasteunenberg/Downloads/Test/data/scripts.js:488:16)
    at new BattleSide (/Users/clazinasteunenberg/Downloads/Test/battle-engine.js:1096:27)
    at Tools.Battle.join (/Users/clazinasteunenberg/Downloads/Test/battle-engine.js:3333:15)
    at Tools.Battle.receive (/Users/clazinasteunenberg/Downloads/Test/battle-engine.js:3390:9)
    at process.BattlePokemon.side (/Users/clazinasteunenberg/Downloads/Test/battle-engine.js:143:12)
    at process.EventEmitter.emit (events.js:98:17)
    at handleMessage (child_process.js:318:10)
    at Pipe.channel.onread (child_process.js:345:11)

Additional information:
message = battle-randombattle-494|join|p1|Grizzlajoe|109
currentRequest = 

Log:


TypeError: Cannot read property 'isActive' of null
    at Tools.Battle.makeRequest (/Users/clazinasteunenberg/Downloads/Test/battle-engine.js:1943:15)
    at process.BattlePokemon.side (/Users/clazinasteunenberg/Downloads/Test/battle-engine.js:157:13)
    at process.EventEmitter.emit (events.js:98:17)
    at handleMessage (child_process.js:318:10)
    at Pipe.channel.onread (child_process.js:345:11)

ReferenceError: potd is not defined
    at Tools.exports.BattleScripts.randomTeam (/Users/clazinasteunenberg/Downloads/Test/data/scripts.js:1522:8)
    at Tools.exports.BattleScripts.getTeam (/Users/clazinasteunenberg/Downloads/Test/data/scripts.js:488:16)
    at new BattleSide (/Users/clazinasteunenberg/Downloads/Test/battle-engine.js:1096:27)
    at Tools.Battle.join (/Users/clazinasteunenberg/Downloads/Test/battle-engine.js:3333:15)
    at Tools.Battle.receive (/Users/clazinasteunenberg/Downloads/Test/battle-engine.js:3390:9)
    at process.BattlePokemon.side (/Users/clazinasteunenberg/Downloads/Test/battle-engine.js:143:12)
    at process.EventEmitter.emit (events.js:98:17)
    at handleMessage (child_process.js:318:10)
    at Pipe.channel.onread (child_process.js:345:11)

Additional information:
message = battle-randombattle-494|join|p1|Grizzlajoe|109
currentRequest = 

Log:
|html|<div class="broadcast-red"><b>The battle crashed</b><br />You can keep playing but it might crash again.</div>

TypeError: Cannot read property 'isActive' of null
    at Tools.Battle.makeRequest (/Users/clazinasteunenberg/Downloads/Test/battle-engine.js:1943:15)
    at process.BattlePokemon.side (/Users/clazinasteunenberg/Downloads/Test/battle-engine.js:157:13)
    at process.EventEmitter.emit (events.js:98:17)
    at handleMessage (child_process.js:318:10)
    at Pipe.channel.onread (child_process.js:345:11)

ReferenceError: potd is not defined
    at Tools.exports.BattleScripts.randomTeam (/Users/clazinasteunenberg/Downloads/Test/data/scripts.js:1522:8)
    at Tools.exports.BattleScripts.getTeam (/Users/clazinasteunenberg/Downloads/Test/data/scripts.js:488:16)
    at new BattleSide (/Users/clazinasteunenberg/Downloads/Test/battle-engine.js:1096:27)
    at Tools.Battle.join (/Users/clazinasteunenberg/Downloads/Test/battle-engine.js:3333:15)
    at Tools.Battle.receive (/Users/clazinasteunenberg/Downloads/Test/battle-engine.js:3390:9)
    at process.BattlePokemon.side (/Users/clazinasteunenberg/Downloads/Test/battle-engine.js:143:12)
    at process.EventEmitter.emit (events.js:98:17)
    at handleMessage (child_process.js:318:10)
    at Pipe.channel.onread (child_process.js:345:11)

Additional information:
message = battle-randombattle-494|join|p1|Grizzlajoe|109
currentRequest = 

Log:
|html|<div class="broadcast-red"><b>The battle crashed</b><br />You can keep playing but it might crash again.</div>
|html|<div class="broadcast-red"><b>The battle crashed</b><br />You can keep playing but it might crash again.</div>

TypeError: Cannot read property 'isActive' of null
    at Tools.Battle.makeRequest (/Users/clazinasteunenberg/Downloads/Test/battle-engine.js:1943:15)
    at process.BattlePokemon.side (/Users/clazinasteunenberg/Downloads/Test/battle-engine.js:157:13)
    at process.EventEmitter.emit (events.js:98:17)
    at handleMessage (child_process.js:318:10)
    at Pipe.channel.onread (child_process.js:345:11)

ReferenceError: potd is not defined
    at Tools.exports.BattleScripts.randomTeam (/Users/clazinasteunenberg/Downloads/Test/data/scripts.js:1522:8)
    at Tools.exports.BattleScripts.getTeam (/Users/clazinasteunenberg/Downloads/Test/data/scripts.js:488:16)
    at new BattleSide (/Users/clazinasteunenberg/Downloads/Test/battle-engine.js:1096:27)
    at Tools.Battle.join (/Users/clazinasteunenberg/Downloads/Test/battle-engine.js:3333:15)
    at Tools.Battle.receive (/Users/clazinasteunenberg/Downloads/Test/battle-engine.js:3390:9)
    at process.BattlePokemon.side (/Users/clazinasteunenberg/Downloads/Test/battle-engine.js:143:12)
    at process.EventEmitter.emit (events.js:98:17)
    at handleMessage (child_process.js:318:10)
    at Pipe.channel.onread (child_process.js:345:11)

Additional information:
message = battle-randombattle-494|join|p1|Grizzlajoe|109
currentRequest = 

Log:
|html|<div class="broadcast-red"><b>The battle crashed</b><br />You can keep playing but it might crash again.</div>
|html|<div class="broadcast-red"><b>The battle crashed</b><br />You can keep playing but it might crash again.</div>
|html|<div class="broadcast-red"><b>The battle crashed</b><br />You can keep playing but it might crash again.</div>

TypeError: Cannot read property 'isActive' of null
    at Tools.Battle.makeRequest (/Users/clazinasteunenberg/Downloads/Test/battle-engine.js:1943:15)
    at process.BattlePokemon.side (/Users/clazinasteunenberg/Downloads/Test/battle-engine.js:157:13)
    at process.EventEmitter.emit (events.js:98:17)
    at handleMessage (child_process.js:318:10)
    at Pipe.channel.onread (child_process.js:345:11)

ReferenceError: potd is not defined
    at Tools.exports.BattleScripts.randomTeam (/Users/clazinasteunenberg/Downloads/Test/data/scripts.js:1522:8)
    at Tools.exports.BattleScripts.getTeam (/Users/clazinasteunenberg/Downloads/Test/data/scripts.js:488:16)
    at new BattleSide (/Users/clazinasteunenberg/Downloads/Test/battle-engine.js:1096:27)
    at Tools.Battle.join (/Users/clazinasteunenberg/Downloads/Test/battle-engine.js:3333:15)
    at Tools.Battle.receive (/Users/clazinasteunenberg/Downloads/Test/battle-engine.js:3390:9)
    at process.BattlePokemon.side (/Users/clazinasteunenberg/Downloads/Test/battle-engine.js:143:12)
    at process.EventEmitter.emit (events.js:98:17)
    at handleMessage (child_process.js:318:10)
    at Pipe.channel.onread (child_process.js:345:11)

Additional information:
message = battle-randombattle-494|join|p1|Grizzlajoe|109
currentRequest = 

Log:
|html|<div class="broadcast-red"><b>The battle crashed</b><br />You can keep playing but it might crash again.</div>
|html|<div class="broadcast-red"><b>The battle crashed</b><br />You can keep playing but it might crash again.</div>
|html|<div class="broadcast-red"><b>The battle crashed</b><br />You can keep playing but it might crash again.</div>
|html|<div class="broadcast-red"><b>The battle crashed</b><br />You can keep playing but it might crash again.</div>

TypeError: Cannot read property 'isActive' of null
    at Tools.Battle.makeRequest (/Users/clazinasteunenberg/Downloads/Test/battle-engine.js:1943:15)
    at process.BattlePokemon.side (/Users/clazinasteunenberg/Downloads/Test/battle-engine.js:157:13)
    at process.EventEmitter.emit (events.js:98:17)
    at handleMessage (child_process.js:318:10)
    at Pipe.channel.onread (child_process.js:345:11)

ReferenceError: potd is not defined
    at Tools.exports.BattleScripts.randomTeam (/Users/clazinasteunenberg/Downloads/Test/data/scripts.js:1522:8)
    at Tools.exports.BattleScripts.getTeam (/Users/clazinasteunenberg/Downloads/Test/data/scripts.js:488:16)
    at new BattleSide (/Users/clazinasteunenberg/Downloads/Test/battle-engine.js:1096:27)
    at Tools.Battle.join (/Users/clazinasteunenberg/Downloads/Test/battle-engine.js:3333:15)
    at Tools.Battle.receive (/Users/clazinasteunenberg/Downloads/Test/battle-engine.js:3390:9)
    at process.BattlePokemon.side (/Users/clazinasteunenberg/Downloads/Test/battle-engine.js:143:12)
    at process.EventEmitter.emit (events.js:98:17)
    at handleMessage (child_process.js:318:10)
    at Pipe.channel.onread (child_process.js:345:11)

Additional information:
message = battle-randombattle-494|join|p1|Grizzlajoe|109
currentRequest = 

Log:
|html|<div class="broadcast-red"><b>The battle crashed</b><br />You can keep playing but it might crash again.</div>
|html|<div class="broadcast-red"><b>The battle crashed</b><br />You can keep playing but it might crash again.</div>
|html|<div class="broadcast-red"><b>The battle crashed</b><br />You can keep playing but it might crash again.</div>
|html|<div class="broadcast-red"><b>The battle crashed</b><br />You can keep playing but it might crash again.</div>
|html|<div class="broadcast-red"><b>The battle crashed</b><br />You can keep playing but it might crash again.</div>

TypeError: Cannot read property 'isActive' of null
    at Tools.Battle.makeRequest (/Users/clazinasteunenberg/Downloads/Test/battle-engine.js:1943:15)
    at process.BattlePokemon.side (/Users/clazinasteunenberg/Downloads/Test/battle-engine.js:157:13)
    at process.EventEmitter.emit (events.js:98:17)
    at handleMessage (child_process.js:318:10)
    at Pipe.channel.onread (child_process.js:345:11)

ReferenceError: potd is not defined
    at Tools.exports.BattleScripts.randomTeam (/Users/clazinasteunenberg/Downloads/Test/data/scripts.js:1522:8)
    at Tools.exports.BattleScripts.getTeam (/Users/clazinasteunenberg/Downloads/Test/data/scripts.js:488:16)
    at new BattleSide (/Users/clazinasteunenberg/Downloads/Test/battle-engine.js:1096:27)
    at Tools.Battle.join (/Users/clazinasteunenberg/Downloads/Test/battle-engine.js:3333:15)
    at Tools.Battle.receive (/Users/clazinasteunenberg/Downloads/Test/battle-engine.js:3390:9)
    at process.BattlePokemon.side (/Users/clazinasteunenberg/Downloads/Test/battle-engine.js:143:12)
    at process.EventEmitter.emit (events.js:98:17)
    at handleMessage (child_process.js:318:10)
    at Pipe.channel.onread (child_process.js:345:11)

Additional information:
message = battle-randombattle-494|join|p1|Grizzlajoe|109
currentRequest = 

Log:
|html|<div class="broadcast-red"><b>The battle crashed</b><br />You can keep playing but it might crash again.</div>
|html|<div class="broadcast-red"><b>The battle crashed</b><br />You can keep playing but it might crash again.</div>
|html|<div class="broadcast-red"><b>The battle crashed</b><br />You can keep playing but it might crash again.</div>
|html|<div class="broadcast-red"><b>The battle crashed</b><br />You can keep playing but it might crash again.</div>
|html|<div class="broadcast-red"><b>The battle crashed</b><br />You can keep playing but it might crash again.</div>
|html|<div class="broadcast-red"><b>The battle crashed</b><br />You can keep playing but it might crash again.</div>

TypeError: Cannot read property 'isActive' of null
    at Tools.Battle.makeRequest (/Users/clazinasteunenberg/Downloads/Test/battle-engine.js:1943:15)
    at process.BattlePokemon.side (/Users/clazinasteunenberg/Downloads/Test/battle-engine.js:157:13)
    at process.EventEmitter.emit (events.js:98:17)
    at handleMessage (child_process.js:318:10)
    at Pipe.channel.onread (child_process.js:345:11)

ReferenceError: potd is not defined
    at Tools.exports.BattleScripts.randomTeam (/Users/clazinasteunenberg/Downloads/Test/data/scripts.js:1522:8)
    at Tools.exports.BattleScripts.getTeam (/Users/clazinasteunenberg/Downloads/Test/data/scripts.js:488:16)
    at new BattleSide (/Users/clazinasteunenberg/Downloads/Test/battle-engine.js:1096:27)
    at Tools.Battle.join (/Users/clazinasteunenberg/Downloads/Test/battle-engine.js:3333:15)
    at Tools.Battle.receive (/Users/clazinasteunenberg/Downloads/Test/battle-engine.js:3390:9)
    at process.BattlePokemon.side (/Users/clazinasteunenberg/Downloads/Test/battle-engine.js:143:12)
    at process.EventEmitter.emit (events.js:98:17)
    at handleMessage (child_process.js:318:10)
    at Pipe.channel.onread (child_process.js:345:11)

Additional information:
message = battle-randombattle-494|join|p1|Grizzlajoe|109
currentRequest = 

Log:
|html|<div class="broadcast-red"><b>The battle crashed</b><br />You can keep playing but it might crash again.</div>
|html|<div class="broadcast-red"><b>The battle crashed</b><br />You can keep playing but it might crash again.</div>
|html|<div class="broadcast-red"><b>The battle crashed</b><br />You can keep playing but it might crash again.</div>
|html|<div class="broadcast-red"><b>The battle crashed</b><br />You can keep playing but it might crash again.</div>
|html|<div class="broadcast-red"><b>The battle crashed</b><br />You can keep playing but it might crash again.</div>
|html|<div class="broadcast-red"><b>The battle crashed</b><br />You can keep playing but it might crash again.</div>
|html|<div class="broadcast-red"><b>The battle crashed</b><br />You can keep playing but it might crash again.</div>

TypeError: Cannot read property 'isActive' of null
    at Tools.Battle.makeRequest (/Users/clazinasteunenberg/Downloads/Test/battle-engine.js:1943:15)
    at process.BattlePokemon.side (/Users/clazinasteunenberg/Downloads/Test/battle-engine.js:157:13)
    at process.EventEmitter.emit (events.js:98:17)
    at handleMessage (child_process.js:318:10)
    at Pipe.channel.onread (child_process.js:345:11)

ReferenceError: potd is not defined
    at Tools.exports.BattleScripts.randomTeam (/Users/clazinasteunenberg/Downloads/Test/data/scripts.js:1522:8)
    at Tools.exports.BattleScripts.getTeam (/Users/clazinasteunenberg/Downloads/Test/data/scripts.js:488:16)
    at new BattleSide (/Users/clazinasteunenberg/Downloads/Test/battle-engine.js:1096:27)
    at Tools.Battle.join (/Users/clazinasteunenberg/Downloads/Test/battle-engine.js:3333:15)
    at Tools.Battle.receive (/Users/clazinasteunenberg/Downloads/Test/battle-engine.js:3390:9)
    at process.BattlePokemon.side (/Users/clazinasteunenberg/Downloads/Test/battle-engine.js:143:12)
    at process.EventEmitter.emit (events.js:98:17)
    at handleMessage (child_process.js:318:10)
    at Pipe.channel.onread (child_process.js:345:11)

Additional information:
message = battle-randombattle-494|join|p1|Grizzlajoe|109
currentRequest = 

Log:
|html|<div class="broadcast-red"><b>The battle crashed</b><br />You can keep playing but it might crash again.</div>
|html|<div class="broadcast-red"><b>The battle crashed</b><br />You can keep playing but it might crash again.</div>
|html|<div class="broadcast-red"><b>The battle crashed</b><br />You can keep playing but it might crash again.</div>
|html|<div class="broadcast-red"><b>The battle crashed</b><br />You can keep playing but it might crash again.</div>
|html|<div class="broadcast-red"><b>The battle crashed</b><br />You can keep playing but it might crash again.</div>
|html|<div class="broadcast-red"><b>The battle crashed</b><br />You can keep playing but it might crash again.</div>
|html|<div class="broadcast-red"><b>The battle crashed</b><br />You can keep playing but it might crash again.</div>
|html|<div class="broadcast-red"><b>The battle crashed</b><br />You can keep playing but it might crash again.</div>

TypeError: Cannot read property 'isActive' of null
    at Tools.Battle.makeRequest (/Users/clazinasteunenberg/Downloads/Test/battle-engine.js:1943:15)
    at process.BattlePokemon.side (/Users/clazinasteunenberg/Downloads/Test/battle-engine.js:157:13)
    at process.EventEmitter.emit (events.js:98:17)
    at handleMessage (child_process.js:318:10)
    at Pipe.channel.onread (child_process.js:345:11)

ReferenceError: potd is not defined
    at Tools.exports.BattleScripts.randomTeam (/Users/clazinasteunenberg/Downloads/Test/data/scripts.js:1522:8)
    at Tools.exports.BattleScripts.getTeam (/Users/clazinasteunenberg/Downloads/Test/data/scripts.js:488:16)
    at new BattleSide (/Users/clazinasteunenberg/Downloads/Test/battle-engine.js:1096:27)
    at Tools.Battle.join (/Users/clazinasteunenberg/Downloads/Test/battle-engine.js:3333:15)
    at Tools.Battle.receive (/Users/clazinasteunenberg/Downloads/Test/battle-engine.js:3390:9)
    at process.BattlePokemon.side (/Users/clazinasteunenberg/Downloads/Test/battle-engine.js:143:12)
    at process.EventEmitter.emit (events.js:98:17)
    at handleMessage (child_process.js:318:10)
    at Pipe.channel.onread (child_process.js:345:11)

Additional information:
message = battle-randombattle-494|join|p1|Grizzlajoe|109
currentRequest = 

Log:
|html|<div class="broadcast-red"><b>The battle crashed</b><br />You can keep playing but it might crash again.</div>
|html|<div class="broadcast-red"><b>The battle crashed</b><br />You can keep playing but it might crash again.</div>
|html|<div class="broadcast-red"><b>The battle crashed</b><br />You can keep playing but it might crash again.</div>
|html|<div class="broadcast-red"><b>The battle crashed</b><br />You can keep playing but it might crash again.</div>
|html|<div class="broadcast-red"><b>The battle crashed</b><br />You can keep playing but it might crash again.</div>
|html|<div class="broadcast-red"><b>The battle crashed</b><br />You can keep playing but it might crash again.</div>
|html|<div class="broadcast-red"><b>The battle crashed</b><br />You can keep playing but it might crash again.</div>
|html|<div class="broadcast-red"><b>The battle crashed</b><br />You can keep playing but it might crash again.</div>
|html|<div class="broadcast-red"><b>The battle crashed</b><br />You can keep playing but it might crash again.</div>

TypeError: Cannot read property 'isActive' of null
    at Tools.Battle.makeRequest (/Users/clazinasteunenberg/Downloads/Test/battle-engine.js:1943:15)
    at process.BattlePokemon.side (/Users/clazinasteunenberg/Downloads/Test/battle-engine.js:157:13)
    at process.EventEmitter.emit (events.js:98:17)
    at handleMessage (child_process.js:318:10)
    at Pipe.channel.onread (child_process.js:345:11)

ReferenceError: potd is not defined
    at Tools.exports.BattleScripts.randomTeam (/Users/clazinasteunenberg/Downloads/Test/data/scripts.js:1522:8)
    at Tools.exports.BattleScripts.getTeam (/Users/clazinasteunenberg/Downloads/Test/data/scripts.js:488:16)
    at new BattleSide (/Users/clazinasteunenberg/Downloads/Test/battle-engine.js:1096:27)
    at Tools.Battle.join (/Users/clazinasteunenberg/Downloads/Test/battle-engine.js:3333:15)
    at Tools.Battle.receive (/Users/clazinasteunenberg/Downloads/Test/battle-engine.js:3390:9)
    at process.BattlePokemon.side (/Users/clazinasteunenberg/Downloads/Test/battle-engine.js:143:12)
    at process.EventEmitter.emit (events.js:98:17)
    at handleMessage (child_process.js:318:10)
    at Pipe.channel.onread (child_process.js:345:11)

Additional information:
message = battle-randombattle-494|join|p1|Grizzlajoe|109
currentRequest = 

Log:
|html|<div class="broadcast-red"><b>The battle crashed</b><br />You can keep playing but it might crash again.</div>
|html|<div class="broadcast-red"><b>The battle crashed</b><br />You can keep playing but it might crash again.</div>
|html|<div class="broadcast-red"><b>The battle crashed</b><br />You can keep playing but it might crash again.</div>
|html|<div class="broadcast-red"><b>The battle crashed</b><br />You can keep playing but it might crash again.</div>
|html|<div class="broadcast-red"><b>The battle crashed</b><br />You can keep playing but it might crash again.</div>
|html|<div class="broadcast-red"><b>The battle crashed</b><br />You can keep playing but it might crash again.</div>
|html|<div class="broadcast-red"><b>The battle crashed</b><br />You can keep playing but it might crash again.</div>
|html|<div class="broadcast-red"><b>The battle crashed</b><br />You can keep playing but it might crash again.</div>
|html|<div class="broadcast-red"><b>The battle crashed</b><br />You can keep playing but it might crash again.</div>
|html|<div class="broadcast-red"><b>The battle crashed</b><br />You can keep playing but it might crash again.</div>

TypeError: Cannot read property 'isActive' of null
    at Tools.Battle.makeRequest (/Users/clazinasteunenberg/Downloads/Test/battle-engine.js:1943:15)
    at process.BattlePokemon.side (/Users/clazinasteunenberg/Downloads/Test/battle-engine.js:157:13)
    at process.EventEmitter.emit (events.js:98:17)
    at handleMessage (child_process.js:318:10)
    at Pipe.channel.onread (child_process.js:345:11)

ReferenceError: potd is not defined
    at Tools.exports.BattleScripts.randomTeam (/Users/clazinasteunenberg/Downloads/Test/data/scripts.js:1522:8)
    at Tools.exports.BattleScripts.getTeam (/Users/clazinasteunenberg/Downloads/Test/data/scripts.js:488:16)
    at new BattleSide (/Users/clazinasteunenberg/Downloads/Test/battle-engine.js:1096:27)
    at Tools.Battle.join (/Users/clazinasteunenberg/Downloads/Test/battle-engine.js:3333:15)
    at Tools.Battle.receive (/Users/clazinasteunenberg/Downloads/Test/battle-engine.js:3390:9)
    at process.BattlePokemon.side (/Users/clazinasteunenberg/Downloads/Test/battle-engine.js:143:12)
    at process.EventEmitter.emit (events.js:98:17)
    at handleMessage (child_process.js:318:10)
    at Pipe.channel.onread (child_process.js:345:11)

Additional information:
message = battle-randombattle-494|join|p1|Grizzlajoe|109
currentRequest = 

Log:
|html|<div class="broadcast-red"><b>The battle crashed</b><br />You can keep playing but it might crash again.</div>
|html|<div class="broadcast-red"><b>The battle crashed</b><br />You can keep playing but it might crash again.</div>
|html|<div class="broadcast-red"><b>The battle crashed</b><br />You can keep playing but it might crash again.</div>
|html|<div class="broadcast-red"><b>The battle crashed</b><br />You can keep playing but it might crash again.</div>
|html|<div class="broadcast-red"><b>The battle crashed</b><br />You can keep playing but it might crash again.</div>
|html|<div class="broadcast-red"><b>The battle crashed</b><br />You can keep playing but it might crash again.</div>
|html|<div class="broadcast-red"><b>The battle crashed</b><br />You can keep playing but it might crash again.</div>
|html|<div class="broadcast-red"><b>The battle crashed</b><br />You can keep playing but it might crash again.</div>
|html|<div class="broadcast-red"><b>The battle crashed</b><br />You can keep playing but it might crash again.</div>
|html|<div class="broadcast-red"><b>The battle crashed</b><br />You can keep playing but it might crash again.</div>
|html|<div class="broadcast-red"><b>The battle crashed</b><br />You can keep playing but it might crash again.</div>

TypeError: Cannot read property 'isActive' of null
    at Tools.Battle.makeRequest (/Users/clazinasteunenberg/Downloads/Test/battle-engine.js:1943:15)
    at process.BattlePokemon.side (/Users/clazinasteunenberg/Downloads/Test/battle-engine.js:157:13)
    at process.EventEmitter.emit (events.js:98:17)
    at handleMessage (child_process.js:318:10)
    at Pipe.channel.onread (child_process.js:345:11)

ReferenceError: potd is not defined
    at Tools.exports.BattleScripts.randomTeam (/Users/clazinasteunenberg/Downloads/Test/data/scripts.js:1522:8)
    at Tools.exports.BattleScripts.getTeam (/Users/clazinasteunenberg/Downloads/Test/data/scripts.js:488:16)
    at new BattleSide (/Users/clazinasteunenberg/Downloads/Test/battle-engine.js:1096:27)
    at Tools.Battle.join (/Users/clazinasteunenberg/Downloads/Test/battle-engine.js:3333:15)
    at Tools.Battle.receive (/Users/clazinasteunenberg/Downloads/Test/battle-engine.js:3390:9)
    at process.BattlePokemon.side (/Users/clazinasteunenberg/Downloads/Test/battle-engine.js:143:12)
    at process.EventEmitter.emit (events.js:98:17)
    at handleMessage (child_process.js:318:10)
    at Pipe.channel.onread (child_process.js:345:11)

Additional information:
message = battle-randombattle-494|join|p1|Grizzlajoe|109
currentRequest = 

Log:
|html|<div class="broadcast-red"><b>The battle crashed</b><br />You can keep playing but it might crash again.</div>
|html|<div class="broadcast-red"><b>The battle crashed</b><br />You can keep playing but it might crash again.</div>
|html|<div class="broadcast-red"><b>The battle crashed</b><br />You can keep playing but it might crash again.</div>
|html|<div class="broadcast-red"><b>The battle crashed</b><br />You can keep playing but it might crash again.</div>
|html|<div class="broadcast-red"><b>The battle crashed</b><br />You can keep playing but it might crash again.</div>
|html|<div class="broadcast-red"><b>The battle crashed</b><br />You can keep playing but it might crash again.</div>
|html|<div class="broadcast-red"><b>The battle crashed</b><br />You can keep playing but it might crash again.</div>
|html|<div class="broadcast-red"><b>The battle crashed</b><br />You can keep playing but it might crash again.</div>
|html|<div class="broadcast-red"><b>The battle crashed</b><br />You can keep playing but it might crash again.</div>
|html|<div class="broadcast-red"><b>The battle crashed</b><br />You can keep playing but it might crash again.</div>
|html|<div class="broadcast-red"><b>The battle crashed</b><br />You can keep playing but it might crash again.</div>
|html|<div class="broadcast-red"><b>The battle crashed</b><br />You can keep playing but it might crash again.</div>

TypeError: Cannot read property 'isActive' of null
    at Tools.Battle.makeRequest (/Users/clazinasteunenberg/Downloads/Test/battle-engine.js:1943:15)
    at process.BattlePokemon.side (/Users/clazinasteunenberg/Downloads/Test/battle-engine.js:157:13)
    at process.EventEmitter.emit (events.js:98:17)
    at handleMessage (child_process.js:318:10)
    at Pipe.channel.onread (child_process.js:345:11)

ReferenceError: potd is not defined
    at Tools.exports.BattleScripts.randomTeam (/Users/clazinasteunenberg/Downloads/Test/data/scripts.js:1522:8)
    at Tools.exports.BattleScripts.getTeam (/Users/clazinasteunenberg/Downloads/Test/data/scripts.js:488:16)
    at new BattleSide (/Users/clazinasteunenberg/Downloads/Test/battle-engine.js:1096:27)
    at Tools.Battle.join (/Users/clazinasteunenberg/Downloads/Test/battle-engine.js:3333:15)
    at Tools.Battle.receive (/Users/clazinasteunenberg/Downloads/Test/battle-engine.js:3390:9)
    at process.BattlePokemon.side (/Users/clazinasteunenberg/Downloads/Test/battle-engine.js:143:12)
    at process.EventEmitter.emit (events.js:98:17)
    at handleMessage (child_process.js:318:10)
    at Pipe.channel.onread (child_process.js:345:11)

Additional information:
message = battle-randombattle-494|join|p1|Grizzlajoe|109
currentRequest = 

Log:
|html|<div class="broadcast-red"><b>The battle crashed</b><br />You can keep playing but it might crash again.</div>
|html|<div class="broadcast-red"><b>The battle crashed</b><br />You can keep playing but it might crash again.</div>
|html|<div class="broadcast-red"><b>The battle crashed</b><br />You can keep playing but it might crash again.</div>
|html|<div class="broadcast-red"><b>The battle crashed</b><br />You can keep playing but it might crash again.</div>
|html|<div class="broadcast-red"><b>The battle crashed</b><br />You can keep playing but it might crash again.</div>
|html|<div class="broadcast-red"><b>The battle crashed</b><br />You can keep playing but it might crash again.</div>
|html|<div class="broadcast-red"><b>The battle crashed</b><br />You can keep playing but it might crash again.</div>
|html|<div class="broadcast-red"><b>The battle crashed</b><br />You can keep playing but it might crash again.</div>
|html|<div class="broadcast-red"><b>The battle crashed</b><br />You can keep playing but it might crash again.</div>
|html|<div class="broadcast-red"><b>The battle crashed</b><br />You can keep playing but it might crash again.</div>
|html|<div class="broadcast-red"><b>The battle crashed</b><br />You can keep playing but it might crash again.</div>
|html|<div class="broadcast-red"><b>The battle crashed</b><br />You can keep playing but it might crash again.</div>
|html|<div class="broadcast-red"><b>The battle crashed</b><br />You can keep playing but it might crash again.</div>

TypeError: Cannot read property 'isActive' of null
    at Tools.Battle.makeRequest (/Users/clazinasteunenberg/Downloads/Test/battle-engine.js:1943:15)
    at process.BattlePokemon.side (/Users/clazinasteunenberg/Downloads/Test/battle-engine.js:157:13)
    at process.EventEmitter.emit (events.js:98:17)
    at handleMessage (child_process.js:318:10)
    at Pipe.channel.onread (child_process.js:345:11)

ReferenceError: potd is not defined
    at Tools.exports.BattleScripts.randomTeam (/Users/clazinasteunenberg/Downloads/Test/data/scripts.js:1522:8)
    at Tools.exports.BattleScripts.getTeam (/Users/clazinasteunenberg/Downloads/Test/data/scripts.js:488:16)
    at new BattleSide (/Users/clazinasteunenberg/Downloads/Test/battle-engine.js:1096:27)
    at Tools.Battle.join (/Users/clazinasteunenberg/Downloads/Test/battle-engine.js:3333:15)
    at Tools.Battle.receive (/Users/clazinasteunenberg/Downloads/Test/battle-engine.js:3390:9)
    at process.BattlePokemon.side (/Users/clazinasteunenberg/Downloads/Test/battle-engine.js:143:12)
    at process.EventEmitter.emit (events.js:98:17)
    at handleMessage (child_process.js:318:10)
    at Pipe.channel.onread (child_process.js:345:11)

Additional information:
message = battle-randombattle-494|join|p1|Grizzlajoe|109
currentRequest = 

Log:
|html|<div class="broadcast-red"><b>The battle crashed</b><br />You can keep playing but it might crash again.</div>
|html|<div class="broadcast-red"><b>The battle crashed</b><br />You can keep playing but it might crash again.</div>
|html|<div class="broadcast-red"><b>The battle crashed</b><br />You can keep playing but it might crash again.</div>
|html|<div class="broadcast-red"><b>The battle crashed</b><br />You can keep playing but it might crash again.</div>
|html|<div class="broadcast-red"><b>The battle crashed</b><br />You can keep playing but it might crash again.</div>
|html|<div class="broadcast-red"><b>The battle crashed</b><br />You can keep playing but it might crash again.</div>
|html|<div class="broadcast-red"><b>The battle crashed</b><br />You can keep playing but it might crash again.</div>
|html|<div class="broadcast-red"><b>The battle crashed</b><br />You can keep playing but it might crash again.</div>
|html|<div class="broadcast-red"><b>The battle crashed</b><br />You can keep playing but it might crash again.</div>
|html|<div class="broadcast-red"><b>The battle crashed</b><br />You can keep playing but it might crash again.</div>
|html|<div class="broadcast-red"><b>The battle crashed</b><br />You can keep playing but it might crash again.</div>
|html|<div class="broadcast-red"><b>The battle crashed</b><br />You can keep playing but it might crash again.</div>
|html|<div class="broadcast-red"><b>The battle crashed</b><br />You can keep playing but it might crash again.</div>
|html|<div class="broadcast-red"><b>The battle crashed</b><br />You can keep playing but it might crash again.</div>

TypeError: Cannot read property 'isActive' of null
    at Tools.Battle.makeRequest (/Users/clazinasteunenberg/Downloads/Test/battle-engine.js:1943:15)
    at process.BattlePokemon.side (/Users/clazinasteunenberg/Downloads/Test/battle-engine.js:157:13)
    at process.EventEmitter.emit (events.js:98:17)
    at handleMessage (child_process.js:318:10)
    at Pipe.channel.onread (child_process.js:345:11)

ReferenceError: potd is not defined
    at Tools.exports.BattleScripts.randomTeam (/Users/clazinasteunenberg/Downloads/Test/data/scripts.js:1522:8)
    at Tools.exports.BattleScripts.getTeam (/Users/clazinasteunenberg/Downloads/Test/data/scripts.js:488:16)
    at new BattleSide (/Users/clazinasteunenberg/Downloads/Test/battle-engine.js:1096:27)
    at Tools.Battle.join (/Users/clazinasteunenberg/Downloads/Test/battle-engine.js:3333:15)
    at Tools.Battle.receive (/Users/clazinasteunenberg/Downloads/Test/battle-engine.js:3390:9)
    at process.BattlePokemon.side (/Users/clazinasteunenberg/Downloads/Test/battle-engine.js:143:12)
    at process.EventEmitter.emit (events.js:98:17)
    at handleMessage (child_process.js:318:10)
    at Pipe.channel.onread (child_process.js:345:11)

Additional information:
message = battle-randombattle-494|join|p1|Grizzlajoe|109
currentRequest = 

Log:
|html|<div class="broadcast-red"><b>The battle crashed</b><br />You can keep playing but it might crash again.</div>
|html|<div class="broadcast-red"><b>The battle crashed</b><br />You can keep playing but it might crash again.</div>
|html|<div class="broadcast-red"><b>The battle crashed</b><br />You can keep playing but it might crash again.</div>
|html|<div class="broadcast-red"><b>The battle crashed</b><br />You can keep playing but it might crash again.</div>
|html|<div class="broadcast-red"><b>The battle crashed</b><br />You can keep playing but it might crash again.</div>
|html|<div class="broadcast-red"><b>The battle crashed</b><br />You can keep playing but it might crash again.</div>
|html|<div class="broadcast-red"><b>The battle crashed</b><br />You can keep playing but it might crash again.</div>
|html|<div class="broadcast-red"><b>The battle crashed</b><br />You can keep playing but it might crash again.</div>
|html|<div class="broadcast-red"><b>The battle crashed</b><br />You can keep playing but it might crash again.</div>
|html|<div class="broadcast-red"><b>The battle crashed</b><br />You can keep playing but it might crash again.</div>
|html|<div class="broadcast-red"><b>The battle crashed</b><br />You can keep playing but it might crash again.</div>
|html|<div class="broadcast-red"><b>The battle crashed</b><br />You can keep playing but it might crash again.</div>
|html|<div class="broadcast-red"><b>The battle crashed</b><br />You can keep playing but it might crash again.</div>
|html|<div class="broadcast-red"><b>The battle crashed</b><br />You can keep playing but it might crash again.</div>
|html|<div class="broadcast-red"><b>The battle crashed</b><br />You can keep playing but it might crash again.</div>

TypeError: Cannot read property 'isActive' of null
    at Tools.Battle.makeRequest (/Users/clazinasteunenberg/Downloads/Test/battle-engine.js:1943:15)
    at process.BattlePokemon.side (/Users/clazinasteunenberg/Downloads/Test/battle-engine.js:157:13)
    at process.EventEmitter.emit (events.js:98:17)
    at handleMessage (child_process.js:318:10)
    at Pipe.channel.onread (child_process.js:345:11)

ReferenceError: potd is not defined
    at Tools.exports.BattleScripts.randomTeam (/Users/clazinasteunenberg/Downloads/Test/data/scripts.js:1522:8)
    at Tools.exports.BattleScripts.getTeam (/Users/clazinasteunenberg/Downloads/Test/data/scripts.js:488:16)
    at new BattleSide (/Users/clazinasteunenberg/Downloads/Test/battle-engine.js:1096:27)
    at Tools.Battle.join (/Users/clazinasteunenberg/Downloads/Test/battle-engine.js:3333:15)
    at Tools.Battle.receive (/Users/clazinasteunenberg/Downloads/Test/battle-engine.js:3390:9)
    at process.BattlePokemon.side (/Users/clazinasteunenberg/Downloads/Test/battle-engine.js:143:12)
    at process.EventEmitter.emit (events.js:98:17)
    at handleMessage (child_process.js:318:10)
    at Pipe.channel.onread (child_process.js:345:11)

Additional information:
message = battle-randombattle-494|join|p1|Grizzlajoe|109
currentRequest = 

Log:
|html|<div class="broadcast-red"><b>The battle crashed</b><br />You can keep playing but it might crash again.</div>
|html|<div class="broadcast-red"><b>The battle crashed</b><br />You can keep playing but it might crash again.</div>
|html|<div class="broadcast-red"><b>The battle crashed</b><br />You can keep playing but it might crash again.</div>
|html|<div class="broadcast-red"><b>The battle crashed</b><br />You can keep playing but it might crash again.</div>
|html|<div class="broadcast-red"><b>The battle crashed</b><br />You can keep playing but it might crash again.</div>
|html|<div class="broadcast-red"><b>The battle crashed</b><br />You can keep playing but it might crash again.</div>
|html|<div class="broadcast-red"><b>The battle crashed</b><br />You can keep playing but it might crash again.</div>
|html|<div class="broadcast-red"><b>The battle crashed</b><br />You can keep playing but it might crash again.</div>
|html|<div class="broadcast-red"><b>The battle crashed</b><br />You can keep playing but it might crash again.</div>
|html|<div class="broadcast-red"><b>The battle crashed</b><br />You can keep playing but it might crash again.</div>
|html|<div class="broadcast-red"><b>The battle crashed</b><br />You can keep playing but it might crash again.</div>
|html|<div class="broadcast-red"><b>The battle crashed</b><br />You can keep playing but it might crash again.</div>
|html|<div class="broadcast-red"><b>The battle crashed</b><br />You can keep playing but it might crash again.</div>
|html|<div class="broadcast-red"><b>The battle crashed</b><br />You can keep playing but it might crash again.</div>
|html|<div class="broadcast-red"><b>The battle crashed</b><br />You can keep playing but it might crash again.</div>
|html|<div class="broadcast-red"><b>The battle crashed</b><br />You can keep playing but it might crash again.</div>

TypeError: Cannot read property 'isActive' of null
    at Tools.Battle.makeRequest (/Users/clazinasteunenberg/Downloads/Test/battle-engine.js:1943:15)
    at process.BattlePokemon.side (/Users/clazinasteunenberg/Downloads/Test/battle-engine.js:157:13)
    at process.EventEmitter.emit (events.js:98:17)
    at handleMessage (child_process.js:318:10)
    at Pipe.channel.onread (child_process.js:345:11)

ReferenceError: potd is not defined
    at Tools.exports.BattleScripts.randomTeam (/Users/clazinasteunenberg/Downloads/Test/data/scripts.js:1522:8)
    at Tools.exports.BattleScripts.getTeam (/Users/clazinasteunenberg/Downloads/Test/data/scripts.js:488:16)
    at new BattleSide (/Users/clazinasteunenberg/Downloads/Test/battle-engine.js:1096:27)
    at Tools.Battle.join (/Users/clazinasteunenberg/Downloads/Test/battle-engine.js:3333:15)
    at Tools.Battle.receive (/Users/clazinasteunenberg/Downloads/Test/battle-engine.js:3390:9)
    at process.BattlePokemon.side (/Users/clazinasteunenberg/Downloads/Test/battle-engine.js:143:12)
    at process.EventEmitter.emit (events.js:98:17)
    at handleMessage (child_process.js:318:10)
    at Pipe.channel.onread (child_process.js:345:11)

Additional information:
message = battle-randombattle-494|join|p1|Grizzlajoe|109
currentRequest = 

Log:
|html|<div class="broadcast-red"><b>The battle crashed</b><br />You can keep playing but it might crash again.</div>
|html|<div class="broadcast-red"><b>The battle crashed</b><br />You can keep playing but it might crash again.</div>
|html|<div class="broadcast-red"><b>The battle crashed</b><br />You can keep playing but it might crash again.</div>
|html|<div class="broadcast-red"><b>The battle crashed</b><br />You can keep playing but it might crash again.</div>
|html|<div class="broadcast-red"><b>The battle crashed</b><br />You can keep playing but it might crash again.</div>
|html|<div class="broadcast-red"><b>The battle crashed</b><br />You can keep playing but it might crash again.</div>
|html|<div class="broadcast-red"><b>The battle crashed</b><br />You can keep playing but it might crash again.</div>
|html|<div class="broadcast-red"><b>The battle crashed</b><br />You can keep playing but it might crash again.</div>
|html|<div class="broadcast-red"><b>The battle crashed</b><br />You can keep playing but it might crash again.</div>
|html|<div class="broadcast-red"><b>The battle crashed</b><br />You can keep playing but it might crash again.</div>
|html|<div class="broadcast-red"><b>The battle crashed</b><br />You can keep playing but it might crash again.</div>
|html|<div class="broadcast-red"><b>The battle crashed</b><br />You can keep playing but it might crash again.</div>
|html|<div class="broadcast-red"><b>The battle crashed</b><br />You can keep playing but it might crash again.</div>
|html|<div class="broadcast-red"><b>The battle crashed</b><br />You can keep playing but it might crash again.</div>
|html|<div class="broadcast-red"><b>The battle crashed</b><br />You can keep playing but it might crash again.</div>
|html|<div class="broadcast-red"><b>The battle crashed</b><br />You can keep playing but it might crash again.</div>
|html|<div class="broadcast-red"><b>The battle crashed</b><br />You can keep playing but it might crash again.</div>

TypeError: Cannot read property 'isActive' of null
    at Tools.Battle.makeRequest (/Users/clazinasteunenberg/Downloads/Test/battle-engine.js:1943:15)
    at process.BattlePokemon.side (/Users/clazinasteunenberg/Downloads/Test/battle-engine.js:157:13)
    at process.EventEmitter.emit (events.js:98:17)
    at handleMessage (child_process.js:318:10)
    at Pipe.channel.onread (child_process.js:345:11)

ReferenceError: potd is not defined
    at Tools.exports.BattleScripts.randomTeam (/Users/clazinasteunenberg/Downloads/Test/data/scripts.js:1522:8)
    at Tools.exports.BattleScripts.getTeam (/Users/clazinasteunenberg/Downloads/Test/data/scripts.js:488:16)
    at new BattleSide (/Users/clazinasteunenberg/Downloads/Test/battle-engine.js:1096:27)
    at Tools.Battle.join (/Users/clazinasteunenberg/Downloads/Test/battle-engine.js:3333:15)
    at Tools.Battle.receive (/Users/clazinasteunenberg/Downloads/Test/battle-engine.js:3390:9)
    at process.BattlePokemon.side (/Users/clazinasteunenberg/Downloads/Test/battle-engine.js:143:12)
    at process.EventEmitter.emit (events.js:98:17)
    at handleMessage (child_process.js:318:10)
    at Pipe.channel.onread (child_process.js:345:11)

Additional information:
message = battle-randombattle-497|join|p1|Meloetta<3V|134
currentRequest = 

Log:


TypeError: Cannot read property 'isActive' of null
    at Tools.Battle.makeRequest (/Users/clazinasteunenberg/Downloads/Test/battle-engine.js:1943:15)
    at process.BattlePokemon.side (/Users/clazinasteunenberg/Downloads/Test/battle-engine.js:157:13)
    at process.EventEmitter.emit (events.js:98:17)
    at handleMessage (child_process.js:318:10)
    at Pipe.channel.onread (child_process.js:345:11)

ReferenceError: potd is not defined
    at Tools.exports.BattleScripts.randomTeam (/Users/clazinasteunenberg/Downloads/Test/data/scripts.js:1522:8)
    at Tools.exports.BattleScripts.getTeam (/Users/clazinasteunenberg/Downloads/Test/data/scripts.js:488:16)
    at new BattleSide (/Users/clazinasteunenberg/Downloads/Test/battle-engine.js:1096:27)
    at Tools.Battle.join (/Users/clazinasteunenberg/Downloads/Test/battle-engine.js:3333:15)
    at Tools.Battle.receive (/Users/clazinasteunenberg/Downloads/Test/battle-engine.js:3390:9)
    at process.BattlePokemon.side (/Users/clazinasteunenberg/Downloads/Test/battle-engine.js:143:12)
    at process.EventEmitter.emit (events.js:98:17)
    at handleMessage (child_process.js:318:10)
    at Pipe.channel.onread (child_process.js:345:11)

Additional information:
message = battle-randombattle-497|join|p1|Meloetta<3V|134
currentRequest = 

Log:
|html|<div class="broadcast-red"><b>The battle crashed</b><br />You can keep playing but it might crash again.</div>

TypeError: Cannot read property 'isActive' of null
    at Tools.Battle.makeRequest (/Users/clazinasteunenberg/Downloads/Test/battle-engine.js:1943:15)
    at process.BattlePokemon.side (/Users/clazinasteunenberg/Downloads/Test/battle-engine.js:157:13)
    at process.EventEmitter.emit (events.js:98:17)
    at handleMessage (child_process.js:318:10)
    at Pipe.channel.onread (child_process.js:345:11)

ReferenceError: potd is not defined
    at Tools.exports.BattleScripts.randomTeam (/Users/clazinasteunenberg/Downloads/Test/data/scripts.js:1522:8)
    at Tools.exports.BattleScripts.getTeam (/Users/clazinasteunenberg/Downloads/Test/data/scripts.js:488:16)
    at new BattleSide (/Users/clazinasteunenberg/Downloads/Test/battle-engine.js:1096:27)
    at Tools.Battle.join (/Users/clazinasteunenberg/Downloads/Test/battle-engine.js:3333:15)
    at Tools.Battle.receive (/Users/clazinasteunenberg/Downloads/Test/battle-engine.js:3390:9)
    at process.BattlePokemon.side (/Users/clazinasteunenberg/Downloads/Test/battle-engine.js:143:12)
    at process.EventEmitter.emit (events.js:98:17)
    at handleMessage (child_process.js:318:10)
    at Pipe.channel.onread (child_process.js:345:11)

Additional information:
message = battle-randombattle-497|join|p1|Meloetta<3V|134
currentRequest = 

Log:
|html|<div class="broadcast-red"><b>The battle crashed</b><br />You can keep playing but it might crash again.</div>
|html|<div class="broadcast-red"><b>The battle crashed</b><br />You can keep playing but it might crash again.</div>

TypeError: Cannot read property 'isActive' of null
    at Tools.Battle.makeRequest (/Users/clazinasteunenberg/Downloads/Test/battle-engine.js:1943:15)
    at process.BattlePokemon.side (/Users/clazinasteunenberg/Downloads/Test/battle-engine.js:157:13)
    at process.EventEmitter.emit (events.js:98:17)
    at handleMessage (child_process.js:318:10)
    at Pipe.channel.onread (child_process.js:345:11)

ReferenceError: potd is not defined
    at Tools.exports.BattleScripts.randomTeam (/Users/clazinasteunenberg/Downloads/Test/data/scripts.js:1522:8)
    at Tools.exports.BattleScripts.getTeam (/Users/clazinasteunenberg/Downloads/Test/data/scripts.js:488:16)
    at new BattleSide (/Users/clazinasteunenberg/Downloads/Test/battle-engine.js:1096:27)
    at Tools.Battle.join (/Users/clazinasteunenberg/Downloads/Test/battle-engine.js:3333:15)
    at Tools.Battle.receive (/Users/clazinasteunenberg/Downloads/Test/battle-engine.js:3390:9)
    at process.BattlePokemon.side (/Users/clazinasteunenberg/Downloads/Test/battle-engine.js:143:12)
    at process.EventEmitter.emit (events.js:98:17)
    at handleMessage (child_process.js:318:10)
    at Pipe.channel.onread (child_process.js:345:11)

Additional information:
message = battle-randombattle-497|join|p1|Meloetta<3V|134
currentRequest = 

Log:
|html|<div class="broadcast-red"><b>The battle crashed</b><br />You can keep playing but it might crash again.</div>
|html|<div class="broadcast-red"><b>The battle crashed</b><br />You can keep playing but it might crash again.</div>
|html|<div class="broadcast-red"><b>The battle crashed</b><br />You can keep playing but it might crash again.</div>

TypeError: Cannot read property 'isActive' of null
    at Tools.Battle.makeRequest (/Users/clazinasteunenberg/Downloads/Test/battle-engine.js:1943:15)
    at process.BattlePokemon.side (/Users/clazinasteunenberg/Downloads/Test/battle-engine.js:157:13)
    at process.EventEmitter.emit (events.js:98:17)
    at handleMessage (child_process.js:318:10)
    at Pipe.channel.onread (child_process.js:345:11)

ReferenceError: potd is not defined
    at Tools.exports.BattleScripts.randomTeam (/Users/clazinasteunenberg/Downloads/Test/data/scripts.js:1522:8)
    at Tools.exports.BattleScripts.getTeam (/Users/clazinasteunenberg/Downloads/Test/data/scripts.js:488:16)
    at new BattleSide (/Users/clazinasteunenberg/Downloads/Test/battle-engine.js:1096:27)
    at Tools.Battle.join (/Users/clazinasteunenberg/Downloads/Test/battle-engine.js:3333:15)
    at Tools.Battle.receive (/Users/clazinasteunenberg/Downloads/Test/battle-engine.js:3390:9)
    at process.BattlePokemon.side (/Users/clazinasteunenberg/Downloads/Test/battle-engine.js:143:12)
    at process.EventEmitter.emit (events.js:98:17)
    at handleMessage (child_process.js:318:10)
    at Pipe.channel.onread (child_process.js:345:11)

Additional information:
message = battle-randombattle-497|join|p1|Meloetta<3V|134
currentRequest = 

Log:
|html|<div class="broadcast-red"><b>The battle crashed</b><br />You can keep playing but it might crash again.</div>
|html|<div class="broadcast-red"><b>The battle crashed</b><br />You can keep playing but it might crash again.</div>
|html|<div class="broadcast-red"><b>The battle crashed</b><br />You can keep playing but it might crash again.</div>
|html|<div class="broadcast-red"><b>The battle crashed</b><br />You can keep playing but it might crash again.</div>

TypeError: Cannot read property 'isActive' of null
    at Tools.Battle.makeRequest (/Users/clazinasteunenberg/Downloads/Test/battle-engine.js:1943:15)
    at process.BattlePokemon.side (/Users/clazinasteunenberg/Downloads/Test/battle-engine.js:157:13)
    at process.EventEmitter.emit (events.js:98:17)
    at handleMessage (child_process.js:318:10)
    at Pipe.channel.onread (child_process.js:345:11)

ReferenceError: potd is not defined
    at Tools.exports.BattleScripts.randomTeam (/Users/clazinasteunenberg/Downloads/Test/data/scripts.js:1522:8)
    at Tools.exports.BattleScripts.getTeam (/Users/clazinasteunenberg/Downloads/Test/data/scripts.js:488:16)
    at new BattleSide (/Users/clazinasteunenberg/Downloads/Test/battle-engine.js:1096:27)
    at Tools.Battle.join (/Users/clazinasteunenberg/Downloads/Test/battle-engine.js:3333:15)
    at Tools.Battle.receive (/Users/clazinasteunenberg/Downloads/Test/battle-engine.js:3390:9)
    at process.BattlePokemon.side (/Users/clazinasteunenberg/Downloads/Test/battle-engine.js:143:12)
    at process.EventEmitter.emit (events.js:98:17)
    at handleMessage (child_process.js:318:10)
    at Pipe.channel.onread (child_process.js:345:11)

Additional information:
message = battle-randombattle-497|join|p1|Meloetta<3V|134
currentRequest = 

Log:
|html|<div class="broadcast-red"><b>The battle crashed</b><br />You can keep playing but it might crash again.</div>
|html|<div class="broadcast-red"><b>The battle crashed</b><br />You can keep playing but it might crash again.</div>
|html|<div class="broadcast-red"><b>The battle crashed</b><br />You can keep playing but it might crash again.</div>
|html|<div class="broadcast-red"><b>The battle crashed</b><br />You can keep playing but it might crash again.</div>
|html|<div class="broadcast-red"><b>The battle crashed</b><br />You can keep playing but it might crash again.</div>

TypeError: Cannot read property 'isActive' of null
    at Tools.Battle.makeRequest (/Users/clazinasteunenberg/Downloads/Test/battle-engine.js:1943:15)
    at process.BattlePokemon.side (/Users/clazinasteunenberg/Downloads/Test/battle-engine.js:157:13)
    at process.EventEmitter.emit (events.js:98:17)
    at handleMessage (child_process.js:318:10)
    at Pipe.channel.onread (child_process.js:345:11)

ReferenceError: potd is not defined
    at Tools.exports.BattleScripts.randomTeam (/Users/clazinasteunenberg/Downloads/Test/data/scripts.js:1522:8)
    at Tools.exports.BattleScripts.getTeam (/Users/clazinasteunenberg/Downloads/Test/data/scripts.js:488:16)
    at new BattleSide (/Users/clazinasteunenberg/Downloads/Test/battle-engine.js:1096:27)
    at Tools.Battle.join (/Users/clazinasteunenberg/Downloads/Test/battle-engine.js:3333:15)
    at Tools.Battle.receive (/Users/clazinasteunenberg/Downloads/Test/battle-engine.js:3390:9)
    at process.BattlePokemon.side (/Users/clazinasteunenberg/Downloads/Test/battle-engine.js:143:12)
    at process.EventEmitter.emit (events.js:98:17)
    at handleMessage (child_process.js:318:10)
    at Pipe.channel.onread (child_process.js:345:11)

Additional information:
message = battle-randombattle-497|join|p1|Meloetta<3V|134
currentRequest = 

Log:
|html|<div class="broadcast-red"><b>The battle crashed</b><br />You can keep playing but it might crash again.</div>
|html|<div class="broadcast-red"><b>The battle crashed</b><br />You can keep playing but it might crash again.</div>
|html|<div class="broadcast-red"><b>The battle crashed</b><br />You can keep playing but it might crash again.</div>
|html|<div class="broadcast-red"><b>The battle crashed</b><br />You can keep playing but it might crash again.</div>
|html|<div class="broadcast-red"><b>The battle crashed</b><br />You can keep playing but it might crash again.</div>
|html|<div class="broadcast-red"><b>The battle crashed</b><br />You can keep playing but it might crash again.</div>

TypeError: Cannot read property 'isActive' of null
    at Tools.Battle.makeRequest (/Users/clazinasteunenberg/Downloads/Test/battle-engine.js:1943:15)
    at process.BattlePokemon.side (/Users/clazinasteunenberg/Downloads/Test/battle-engine.js:157:13)
    at process.EventEmitter.emit (events.js:98:17)
    at handleMessage (child_process.js:318:10)
    at Pipe.channel.onread (child_process.js:345:11)

ReferenceError: potd is not defined
    at Tools.exports.BattleScripts.randomTeam (/Users/clazinasteunenberg/Downloads/Test/data/scripts.js:1522:8)
    at Tools.exports.BattleScripts.getTeam (/Users/clazinasteunenberg/Downloads/Test/data/scripts.js:488:16)
    at new BattleSide (/Users/clazinasteunenberg/Downloads/Test/battle-engine.js:1096:27)
    at Tools.Battle.join (/Users/clazinasteunenberg/Downloads/Test/battle-engine.js:3333:15)
    at Tools.Battle.receive (/Users/clazinasteunenberg/Downloads/Test/battle-engine.js:3390:9)
    at process.BattlePokemon.side (/Users/clazinasteunenberg/Downloads/Test/battle-engine.js:143:12)
    at process.EventEmitter.emit (events.js:98:17)
    at handleMessage (child_process.js:318:10)
    at Pipe.channel.onread (child_process.js:345:11)

Additional information:
message = battle-randombattle-497|join|p1|Meloetta<3V|134
currentRequest = 

Log:
|html|<div class="broadcast-red"><b>The battle crashed</b><br />You can keep playing but it might crash again.</div>
|html|<div class="broadcast-red"><b>The battle crashed</b><br />You can keep playing but it might crash again.</div>
|html|<div class="broadcast-red"><b>The battle crashed</b><br />You can keep playing but it might crash again.</div>
|html|<div class="broadcast-red"><b>The battle crashed</b><br />You can keep playing but it might crash again.</div>
|html|<div class="broadcast-red"><b>The battle crashed</b><br />You can keep playing but it might crash again.</div>
|html|<div class="broadcast-red"><b>The battle crashed</b><br />You can keep playing but it might crash again.</div>
|html|<div class="broadcast-red"><b>The battle crashed</b><br />You can keep playing but it might crash again.</div>

TypeError: Cannot read property 'isActive' of null
    at Tools.Battle.makeRequest (/Users/clazinasteunenberg/Downloads/Test/battle-engine.js:1943:15)
    at process.BattlePokemon.side (/Users/clazinasteunenberg/Downloads/Test/battle-engine.js:157:13)
    at process.EventEmitter.emit (events.js:98:17)
    at handleMessage (child_process.js:318:10)
    at Pipe.channel.onread (child_process.js:345:11)

ReferenceError: potd is not defined
    at Tools.exports.BattleScripts.randomTeam (/Users/clazinasteunenberg/Downloads/Test/data/scripts.js:1522:8)
    at Tools.exports.BattleScripts.getTeam (/Users/clazinasteunenberg/Downloads/Test/data/scripts.js:488:16)
    at new BattleSide (/Users/clazinasteunenberg/Downloads/Test/battle-engine.js:1096:27)
    at Tools.Battle.join (/Users/clazinasteunenberg/Downloads/Test/battle-engine.js:3333:15)
    at Tools.Battle.receive (/Users/clazinasteunenberg/Downloads/Test/battle-engine.js:3390:9)
    at process.BattlePokemon.side (/Users/clazinasteunenberg/Downloads/Test/battle-engine.js:143:12)
    at process.EventEmitter.emit (events.js:98:17)
    at handleMessage (child_process.js:318:10)
    at Pipe.channel.onread (child_process.js:345:11)

Additional information:
message = battle-randombattle-497|join|p1|Meloetta<3V|134
currentRequest = 

Log:
|html|<div class="broadcast-red"><b>The battle crashed</b><br />You can keep playing but it might crash again.</div>
|html|<div class="broadcast-red"><b>The battle crashed</b><br />You can keep playing but it might crash again.</div>
|html|<div class="broadcast-red"><b>The battle crashed</b><br />You can keep playing but it might crash again.</div>
|html|<div class="broadcast-red"><b>The battle crashed</b><br />You can keep playing but it might crash again.</div>
|html|<div class="broadcast-red"><b>The battle crashed</b><br />You can keep playing but it might crash again.</div>
|html|<div class="broadcast-red"><b>The battle crashed</b><br />You can keep playing but it might crash again.</div>
|html|<div class="broadcast-red"><b>The battle crashed</b><br />You can keep playing but it might crash again.</div>
|html|<div class="broadcast-red"><b>The battle crashed</b><br />You can keep playing but it might crash again.</div>

TypeError: Cannot read property 'isActive' of null
    at Tools.Battle.makeRequest (/Users/clazinasteunenberg/Downloads/Test/battle-engine.js:1943:15)
    at process.BattlePokemon.side (/Users/clazinasteunenberg/Downloads/Test/battle-engine.js:157:13)
    at process.EventEmitter.emit (events.js:98:17)
    at handleMessage (child_process.js:318:10)
    at Pipe.channel.onread (child_process.js:345:11)

ReferenceError: potd is not defined
    at Tools.exports.BattleScripts.randomTeam (/Users/clazinasteunenberg/Downloads/Test/data/scripts.js:1522:8)
    at Tools.exports.BattleScripts.getTeam (/Users/clazinasteunenberg/Downloads/Test/data/scripts.js:488:16)
    at new BattleSide (/Users/clazinasteunenberg/Downloads/Test/battle-engine.js:1096:27)
    at Tools.Battle.join (/Users/clazinasteunenberg/Downloads/Test/battle-engine.js:3333:15)
    at Tools.Battle.receive (/Users/clazinasteunenberg/Downloads/Test/battle-engine.js:3390:9)
    at process.BattlePokemon.side (/Users/clazinasteunenberg/Downloads/Test/battle-engine.js:143:12)
    at process.EventEmitter.emit (events.js:98:17)
    at handleMessage (child_process.js:318:10)
    at Pipe.channel.onread (child_process.js:345:11)

Additional information:
message = battle-randombattle-497|join|p1|Meloetta<3V|134
currentRequest = 

Log:
|html|<div class="broadcast-red"><b>The battle crashed</b><br />You can keep playing but it might crash again.</div>
|html|<div class="broadcast-red"><b>The battle crashed</b><br />You can keep playing but it might crash again.</div>
|html|<div class="broadcast-red"><b>The battle crashed</b><br />You can keep playing but it might crash again.</div>
|html|<div class="broadcast-red"><b>The battle crashed</b><br />You can keep playing but it might crash again.</div>
|html|<div class="broadcast-red"><b>The battle crashed</b><br />You can keep playing but it might crash again.</div>
|html|<div class="broadcast-red"><b>The battle crashed</b><br />You can keep playing but it might crash again.</div>
|html|<div class="broadcast-red"><b>The battle crashed</b><br />You can keep playing but it might crash again.</div>
|html|<div class="broadcast-red"><b>The battle crashed</b><br />You can keep playing but it might crash again.</div>
|html|<div class="broadcast-red"><b>The battle crashed</b><br />You can keep playing but it might crash again.</div>

TypeError: Cannot read property 'isActive' of null
    at Tools.Battle.makeRequest (/Users/clazinasteunenberg/Downloads/Test/battle-engine.js:1943:15)
    at process.BattlePokemon.side (/Users/clazinasteunenberg/Downloads/Test/battle-engine.js:157:13)
    at process.EventEmitter.emit (events.js:98:17)
    at handleMessage (child_process.js:318:10)
    at Pipe.channel.onread (child_process.js:345:11)

ReferenceError: potd is not defined
    at Tools.exports.BattleScripts.randomTeam (/Users/clazinasteunenberg/Downloads/Test/data/scripts.js:1522:8)
    at Tools.exports.BattleScripts.getTeam (/Users/clazinasteunenberg/Downloads/Test/data/scripts.js:488:16)
    at new BattleSide (/Users/clazinasteunenberg/Downloads/Test/battle-engine.js:1096:27)
    at Tools.Battle.join (/Users/clazinasteunenberg/Downloads/Test/battle-engine.js:3333:15)
    at Tools.Battle.receive (/Users/clazinasteunenberg/Downloads/Test/battle-engine.js:3390:9)
    at process.BattlePokemon.side (/Users/clazinasteunenberg/Downloads/Test/battle-engine.js:143:12)
    at process.EventEmitter.emit (events.js:98:17)
    at handleMessage (child_process.js:318:10)
    at Pipe.channel.onread (child_process.js:345:11)

Additional information:
message = battle-randombattle-497|join|p1|Meloetta<3V|134
currentRequest = 

Log:
|html|<div class="broadcast-red"><b>The battle crashed</b><br />You can keep playing but it might crash again.</div>
|html|<div class="broadcast-red"><b>The battle crashed</b><br />You can keep playing but it might crash again.</div>
|html|<div class="broadcast-red"><b>The battle crashed</b><br />You can keep playing but it might crash again.</div>
|html|<div class="broadcast-red"><b>The battle crashed</b><br />You can keep playing but it might crash again.</div>
|html|<div class="broadcast-red"><b>The battle crashed</b><br />You can keep playing but it might crash again.</div>
|html|<div class="broadcast-red"><b>The battle crashed</b><br />You can keep playing but it might crash again.</div>
|html|<div class="broadcast-red"><b>The battle crashed</b><br />You can keep playing but it might crash again.</div>
|html|<div class="broadcast-red"><b>The battle crashed</b><br />You can keep playing but it might crash again.</div>
|html|<div class="broadcast-red"><b>The battle crashed</b><br />You can keep playing but it might crash again.</div>
|html|<div class="broadcast-red"><b>The battle crashed</b><br />You can keep playing but it might crash again.</div>

TypeError: Cannot read property 'isActive' of null
    at Tools.Battle.makeRequest (/Users/clazinasteunenberg/Downloads/Test/battle-engine.js:1943:15)
    at process.BattlePokemon.side (/Users/clazinasteunenberg/Downloads/Test/battle-engine.js:157:13)
    at process.EventEmitter.emit (events.js:98:17)
    at handleMessage (child_process.js:318:10)
    at Pipe.channel.onread (child_process.js:345:11)

ReferenceError: potd is not defined
    at Tools.exports.BattleScripts.randomTeam (/Users/clazinasteunenberg/Downloads/Test/data/scripts.js:1522:8)
    at Tools.exports.BattleScripts.getTeam (/Users/clazinasteunenberg/Downloads/Test/data/scripts.js:488:16)
    at new BattleSide (/Users/clazinasteunenberg/Downloads/Test/battle-engine.js:1096:27)
    at Tools.Battle.join (/Users/clazinasteunenberg/Downloads/Test/battle-engine.js:3333:15)
    at Tools.Battle.receive (/Users/clazinasteunenberg/Downloads/Test/battle-engine.js:3390:9)
    at process.BattlePokemon.side (/Users/clazinasteunenberg/Downloads/Test/battle-engine.js:143:12)
    at process.EventEmitter.emit (events.js:98:17)
    at handleMessage (child_process.js:318:10)
    at Pipe.channel.onread (child_process.js:345:11)

Additional information:
message = battle-randombattle-497|join|p1|Meloetta<3V|134
currentRequest = 

Log:
|html|<div class="broadcast-red"><b>The battle crashed</b><br />You can keep playing but it might crash again.</div>
|html|<div class="broadcast-red"><b>The battle crashed</b><br />You can keep playing but it might crash again.</div>
|html|<div class="broadcast-red"><b>The battle crashed</b><br />You can keep playing but it might crash again.</div>
|html|<div class="broadcast-red"><b>The battle crashed</b><br />You can keep playing but it might crash again.</div>
|html|<div class="broadcast-red"><b>The battle crashed</b><br />You can keep playing but it might crash again.</div>
|html|<div class="broadcast-red"><b>The battle crashed</b><br />You can keep playing but it might crash again.</div>
|html|<div class="broadcast-red"><b>The battle crashed</b><br />You can keep playing but it might crash again.</div>
|html|<div class="broadcast-red"><b>The battle crashed</b><br />You can keep playing but it might crash again.</div>
|html|<div class="broadcast-red"><b>The battle crashed</b><br />You can keep playing but it might crash again.</div>
|html|<div class="broadcast-red"><b>The battle crashed</b><br />You can keep playing but it might crash again.</div>
|html|<div class="broadcast-red"><b>The battle crashed</b><br />You can keep playing but it might crash again.</div>

TypeError: Cannot read property 'isActive' of null
    at Tools.Battle.makeRequest (/Users/clazinasteunenberg/Downloads/Test/battle-engine.js:1943:15)
    at process.BattlePokemon.side (/Users/clazinasteunenberg/Downloads/Test/battle-engine.js:157:13)
    at process.EventEmitter.emit (events.js:98:17)
    at handleMessage (child_process.js:318:10)
    at Pipe.channel.onread (child_process.js:345:11)

ReferenceError: potd is not defined
    at Tools.exports.BattleScripts.randomTeam (/Users/clazinasteunenberg/Downloads/Test/data/scripts.js:1522:8)
    at Tools.exports.BattleScripts.getTeam (/Users/clazinasteunenberg/Downloads/Test/data/scripts.js:488:16)
    at new BattleSide (/Users/clazinasteunenberg/Downloads/Test/battle-engine.js:1096:27)
    at Tools.Battle.join (/Users/clazinasteunenberg/Downloads/Test/battle-engine.js:3333:15)
    at Tools.Battle.receive (/Users/clazinasteunenberg/Downloads/Test/battle-engine.js:3390:9)
    at process.BattlePokemon.side (/Users/clazinasteunenberg/Downloads/Test/battle-engine.js:143:12)
    at process.EventEmitter.emit (events.js:98:17)
    at handleMessage (child_process.js:318:10)
    at Pipe.channel.onread (child_process.js:345:11)

Additional information:
message = battle-randombattle-497|join|p1|Meloetta<3V|134
currentRequest = 

Log:
|html|<div class="broadcast-red"><b>The battle crashed</b><br />You can keep playing but it might crash again.</div>
|html|<div class="broadcast-red"><b>The battle crashed</b><br />You can keep playing but it might crash again.</div>
|html|<div class="broadcast-red"><b>The battle crashed</b><br />You can keep playing but it might crash again.</div>
|html|<div class="broadcast-red"><b>The battle crashed</b><br />You can keep playing but it might crash again.</div>
|html|<div class="broadcast-red"><b>The battle crashed</b><br />You can keep playing but it might crash again.</div>
|html|<div class="broadcast-red"><b>The battle crashed</b><br />You can keep playing but it might crash again.</div>
|html|<div class="broadcast-red"><b>The battle crashed</b><br />You can keep playing but it might crash again.</div>
|html|<div class="broadcast-red"><b>The battle crashed</b><br />You can keep playing but it might crash again.</div>
|html|<div class="broadcast-red"><b>The battle crashed</b><br />You can keep playing but it might crash again.</div>
|html|<div class="broadcast-red"><b>The battle crashed</b><br />You can keep playing but it might crash again.</div>
|html|<div class="broadcast-red"><b>The battle crashed</b><br />You can keep playing but it might crash again.</div>
|html|<div class="broadcast-red"><b>The battle crashed</b><br />You can keep playing but it might crash again.</div>

TypeError: Cannot read property 'isActive' of null
    at Tools.Battle.makeRequest (/Users/clazinasteunenberg/Downloads/Test/battle-engine.js:1943:15)
    at process.BattlePokemon.side (/Users/clazinasteunenberg/Downloads/Test/battle-engine.js:157:13)
    at process.EventEmitter.emit (events.js:98:17)
    at handleMessage (child_process.js:318:10)
    at Pipe.channel.onread (child_process.js:345:11)

ReferenceError: potd is not defined
    at Tools.exports.BattleScripts.randomTeam (/Users/clazinasteunenberg/Downloads/Test/data/scripts.js:1522:8)
    at Tools.exports.BattleScripts.getTeam (/Users/clazinasteunenberg/Downloads/Test/data/scripts.js:488:16)
    at new BattleSide (/Users/clazinasteunenberg/Downloads/Test/battle-engine.js:1096:27)
    at Tools.Battle.join (/Users/clazinasteunenberg/Downloads/Test/battle-engine.js:3333:15)
    at Tools.Battle.receive (/Users/clazinasteunenberg/Downloads/Test/battle-engine.js:3390:9)
    at process.BattlePokemon.side (/Users/clazinasteunenberg/Downloads/Test/battle-engine.js:143:12)
    at process.EventEmitter.emit (events.js:98:17)
    at handleMessage (child_process.js:318:10)
    at Pipe.channel.onread (child_process.js:345:11)

Additional information:
message = battle-randombattle-497|join|p1|Meloetta<3V|134
currentRequest = 

Log:
|html|<div class="broadcast-red"><b>The battle crashed</b><br />You can keep playing but it might crash again.</div>
|html|<div class="broadcast-red"><b>The battle crashed</b><br />You can keep playing but it might crash again.</div>
|html|<div class="broadcast-red"><b>The battle crashed</b><br />You can keep playing but it might crash again.</div>
|html|<div class="broadcast-red"><b>The battle crashed</b><br />You can keep playing but it might crash again.</div>
|html|<div class="broadcast-red"><b>The battle crashed</b><br />You can keep playing but it might crash again.</div>
|html|<div class="broadcast-red"><b>The battle crashed</b><br />You can keep playing but it might crash again.</div>
|html|<div class="broadcast-red"><b>The battle crashed</b><br />You can keep playing but it might crash again.</div>
|html|<div class="broadcast-red"><b>The battle crashed</b><br />You can keep playing but it might crash again.</div>
|html|<div class="broadcast-red"><b>The battle crashed</b><br />You can keep playing but it might crash again.</div>
|html|<div class="broadcast-red"><b>The battle crashed</b><br />You can keep playing but it might crash again.</div>
|html|<div class="broadcast-red"><b>The battle crashed</b><br />You can keep playing but it might crash again.</div>
|html|<div class="broadcast-red"><b>The battle crashed</b><br />You can keep playing but it might crash again.</div>
|html|<div class="broadcast-red"><b>The battle crashed</b><br />You can keep playing but it might crash again.</div>

TypeError: Cannot read property 'isActive' of null
    at Tools.Battle.makeRequest (/Users/clazinasteunenberg/Downloads/Test/battle-engine.js:1943:15)
    at process.BattlePokemon.side (/Users/clazinasteunenberg/Downloads/Test/battle-engine.js:157:13)
    at process.EventEmitter.emit (events.js:98:17)
    at handleMessage (child_process.js:318:10)
    at Pipe.channel.onread (child_process.js:345:11)

ReferenceError: potd is not defined
    at Tools.exports.BattleScripts.randomTeam (/Users/clazinasteunenberg/Downloads/Test/data/scripts.js:1522:8)
    at Tools.exports.BattleScripts.getTeam (/Users/clazinasteunenberg/Downloads/Test/data/scripts.js:488:16)
    at new BattleSide (/Users/clazinasteunenberg/Downloads/Test/battle-engine.js:1096:27)
    at Tools.Battle.join (/Users/clazinasteunenberg/Downloads/Test/battle-engine.js:3333:15)
    at Tools.Battle.receive (/Users/clazinasteunenberg/Downloads/Test/battle-engine.js:3390:9)
    at process.BattlePokemon.side (/Users/clazinasteunenberg/Downloads/Test/battle-engine.js:143:12)
    at process.EventEmitter.emit (events.js:98:17)
    at handleMessage (child_process.js:318:10)
    at Pipe.channel.onread (child_process.js:345:11)

Additional information:
message = battle-randombattle-497|join|p1|Meloetta<3V|134
currentRequest = 

Log:
|html|<div class="broadcast-red"><b>The battle crashed</b><br />You can keep playing but it might crash again.</div>
|html|<div class="broadcast-red"><b>The battle crashed</b><br />You can keep playing but it might crash again.</div>
|html|<div class="broadcast-red"><b>The battle crashed</b><br />You can keep playing but it might crash again.</div>
|html|<div class="broadcast-red"><b>The battle crashed</b><br />You can keep playing but it might crash again.</div>
|html|<div class="broadcast-red"><b>The battle crashed</b><br />You can keep playing but it might crash again.</div>
|html|<div class="broadcast-red"><b>The battle crashed</b><br />You can keep playing but it might crash again.</div>
|html|<div class="broadcast-red"><b>The battle crashed</b><br />You can keep playing but it might crash again.</div>
|html|<div class="broadcast-red"><b>The battle crashed</b><br />You can keep playing but it might crash again.</div>
|html|<div class="broadcast-red"><b>The battle crashed</b><br />You can keep playing but it might crash again.</div>
|html|<div class="broadcast-red"><b>The battle crashed</b><br />You can keep playing but it might crash again.</div>
|html|<div class="broadcast-red"><b>The battle crashed</b><br />You can keep playing but it might crash again.</div>
|html|<div class="broadcast-red"><b>The battle crashed</b><br />You can keep playing but it might crash again.</div>
|html|<div class="broadcast-red"><b>The battle crashed</b><br />You can keep playing but it might crash again.</div>
|html|<div class="broadcast-red"><b>The battle crashed</b><br />You can keep playing but it might crash again.</div>

TypeError: Cannot read property 'isActive' of null
    at Tools.Battle.makeRequest (/Users/clazinasteunenberg/Downloads/Test/battle-engine.js:1943:15)
    at process.BattlePokemon.side (/Users/clazinasteunenberg/Downloads/Test/battle-engine.js:157:13)
    at process.EventEmitter.emit (events.js:98:17)
    at handleMessage (child_process.js:318:10)
    at Pipe.channel.onread (child_process.js:345:11)

ReferenceError: potd is not defined
    at Tools.exports.BattleScripts.randomTeam (/Users/clazinasteunenberg/Downloads/Test/data/scripts.js:1522:8)
    at Tools.exports.BattleScripts.getTeam (/Users/clazinasteunenberg/Downloads/Test/data/scripts.js:488:16)
    at new BattleSide (/Users/clazinasteunenberg/Downloads/Test/battle-engine.js:1096:27)
    at Tools.Battle.join (/Users/clazinasteunenberg/Downloads/Test/battle-engine.js:3333:15)
    at Tools.Battle.receive (/Users/clazinasteunenberg/Downloads/Test/battle-engine.js:3390:9)
    at process.BattlePokemon.side (/Users/clazinasteunenberg/Downloads/Test/battle-engine.js:143:12)
    at process.EventEmitter.emit (events.js:98:17)
    at handleMessage (child_process.js:318:10)
    at Pipe.channel.onread (child_process.js:345:11)

Additional information:
message = battle-randombattle-497|join|p1|Meloetta<3V|134
currentRequest = 

Log:
|html|<div class="broadcast-red"><b>The battle crashed</b><br />You can keep playing but it might crash again.</div>
|html|<div class="broadcast-red"><b>The battle crashed</b><br />You can keep playing but it might crash again.</div>
|html|<div class="broadcast-red"><b>The battle crashed</b><br />You can keep playing but it might crash again.</div>
|html|<div class="broadcast-red"><b>The battle crashed</b><br />You can keep playing but it might crash again.</div>
|html|<div class="broadcast-red"><b>The battle crashed</b><br />You can keep playing but it might crash again.</div>
|html|<div class="broadcast-red"><b>The battle crashed</b><br />You can keep playing but it might crash again.</div>
|html|<div class="broadcast-red"><b>The battle crashed</b><br />You can keep playing but it might crash again.</div>
|html|<div class="broadcast-red"><b>The battle crashed</b><br />You can keep playing but it might crash again.</div>
|html|<div class="broadcast-red"><b>The battle crashed</b><br />You can keep playing but it might crash again.</div>
|html|<div class="broadcast-red"><b>The battle crashed</b><br />You can keep playing but it might crash again.</div>
|html|<div class="broadcast-red"><b>The battle crashed</b><br />You can keep playing but it might crash again.</div>
|html|<div class="broadcast-red"><b>The battle crashed</b><br />You can keep playing but it might crash again.</div>
|html|<div class="broadcast-red"><b>The battle crashed</b><br />You can keep playing but it might crash again.</div>
|html|<div class="broadcast-red"><b>The battle crashed</b><br />You can keep playing but it might crash again.</div>
|html|<div class="broadcast-red"><b>The battle crashed</b><br />You can keep playing but it might crash again.</div>

TypeError: Cannot read property 'isActive' of null
    at Tools.Battle.makeRequest (/Users/clazinasteunenberg/Downloads/Test/battle-engine.js:1943:15)
    at process.BattlePokemon.side (/Users/clazinasteunenberg/Downloads/Test/battle-engine.js:157:13)
    at process.EventEmitter.emit (events.js:98:17)
    at handleMessage (child_process.js:318:10)
    at Pipe.channel.onread (child_process.js:345:11)

ReferenceError: potd is not defined
    at Tools.exports.BattleScripts.randomTeam (/Users/clazinasteunenberg/Downloads/Test/data/scripts.js:1522:8)
    at Tools.exports.BattleScripts.getTeam (/Users/clazinasteunenberg/Downloads/Test/data/scripts.js:488:16)
    at new BattleSide (/Users/clazinasteunenberg/Downloads/Test/battle-engine.js:1096:27)
    at Tools.Battle.join (/Users/clazinasteunenberg/Downloads/Test/battle-engine.js:3333:15)
    at Tools.Battle.receive (/Users/clazinasteunenberg/Downloads/Test/battle-engine.js:3390:9)
    at process.BattlePokemon.side (/Users/clazinasteunenberg/Downloads/Test/battle-engine.js:143:12)
    at process.EventEmitter.emit (events.js:98:17)
    at handleMessage (child_process.js:318:10)
    at Pipe.channel.onread (child_process.js:345:11)

Additional information:
message = battle-randombattle-497|join|p1|Meloetta<3V|134
currentRequest = 

Log:
|html|<div class="broadcast-red"><b>The battle crashed</b><br />You can keep playing but it might crash again.</div>
|html|<div class="broadcast-red"><b>The battle crashed</b><br />You can keep playing but it might crash again.</div>
|html|<div class="broadcast-red"><b>The battle crashed</b><br />You can keep playing but it might crash again.</div>
|html|<div class="broadcast-red"><b>The battle crashed</b><br />You can keep playing but it might crash again.</div>
|html|<div class="broadcast-red"><b>The battle crashed</b><br />You can keep playing but it might crash again.</div>
|html|<div class="broadcast-red"><b>The battle crashed</b><br />You can keep playing but it might crash again.</div>
|html|<div class="broadcast-red"><b>The battle crashed</b><br />You can keep playing but it might crash again.</div>
|html|<div class="broadcast-red"><b>The battle crashed</b><br />You can keep playing but it might crash again.</div>
|html|<div class="broadcast-red"><b>The battle crashed</b><br />You can keep playing but it might crash again.</div>
|html|<div class="broadcast-red"><b>The battle crashed</b><br />You can keep playing but it might crash again.</div>
|html|<div class="broadcast-red"><b>The battle crashed</b><br />You can keep playing but it might crash again.</div>
|html|<div class="broadcast-red"><b>The battle crashed</b><br />You can keep playing but it might crash again.</div>
|html|<div class="broadcast-red"><b>The battle crashed</b><br />You can keep playing but it might crash again.</div>
|html|<div class="broadcast-red"><b>The battle crashed</b><br />You can keep playing but it might crash again.</div>
|html|<div class="broadcast-red"><b>The battle crashed</b><br />You can keep playing but it might crash again.</div>
|html|<div class="broadcast-red"><b>The battle crashed</b><br />You can keep playing but it might crash again.</div>

TypeError: Cannot read property 'isActive' of null
    at Tools.Battle.makeRequest (/Users/clazinasteunenberg/Downloads/Test/battle-engine.js:1943:15)
    at process.BattlePokemon.side (/Users/clazinasteunenberg/Downloads/Test/battle-engine.js:157:13)
    at process.EventEmitter.emit (events.js:98:17)
    at handleMessage (child_process.js:318:10)
    at Pipe.channel.onread (child_process.js:345:11)

ReferenceError: potd is not defined
    at Tools.exports.BattleScripts.randomTeam (/Users/clazinasteunenberg/Downloads/Test/data/scripts.js:1522:8)
    at Tools.exports.BattleScripts.getTeam (/Users/clazinasteunenberg/Downloads/Test/data/scripts.js:488:16)
    at new BattleSide (/Users/clazinasteunenberg/Downloads/Test/battle-engine.js:1096:27)
    at Tools.Battle.join (/Users/clazinasteunenberg/Downloads/Test/battle-engine.js:3333:15)
    at Tools.Battle.receive (/Users/clazinasteunenberg/Downloads/Test/battle-engine.js:3390:9)
    at process.BattlePokemon.side (/Users/clazinasteunenberg/Downloads/Test/battle-engine.js:143:12)
    at process.EventEmitter.emit (events.js:98:17)
    at handleMessage (child_process.js:318:10)
    at Pipe.channel.onread (child_process.js:345:11)

Additional information:
message = battle-randombattle-497|join|p1|Meloetta<3V|134
currentRequest = 

Log:
|html|<div class="broadcast-red"><b>The battle crashed</b><br />You can keep playing but it might crash again.</div>
|html|<div class="broadcast-red"><b>The battle crashed</b><br />You can keep playing but it might crash again.</div>
|html|<div class="broadcast-red"><b>The battle crashed</b><br />You can keep playing but it might crash again.</div>
|html|<div class="broadcast-red"><b>The battle crashed</b><br />You can keep playing but it might crash again.</div>
|html|<div class="broadcast-red"><b>The battle crashed</b><br />You can keep playing but it might crash again.</div>
|html|<div class="broadcast-red"><b>The battle crashed</b><br />You can keep playing but it might crash again.</div>
|html|<div class="broadcast-red"><b>The battle crashed</b><br />You can keep playing but it might crash again.</div>
|html|<div class="broadcast-red"><b>The battle crashed</b><br />You can keep playing but it might crash again.</div>
|html|<div class="broadcast-red"><b>The battle crashed</b><br />You can keep playing but it might crash again.</div>
|html|<div class="broadcast-red"><b>The battle crashed</b><br />You can keep playing but it might crash again.</div>
|html|<div class="broadcast-red"><b>The battle crashed</b><br />You can keep playing but it might crash again.</div>
|html|<div class="broadcast-red"><b>The battle crashed</b><br />You can keep playing but it might crash again.</div>
|html|<div class="broadcast-red"><b>The battle crashed</b><br />You can keep playing but it might crash again.</div>
|html|<div class="broadcast-red"><b>The battle crashed</b><br />You can keep playing but it might crash again.</div>
|html|<div class="broadcast-red"><b>The battle crashed</b><br />You can keep playing but it might crash again.</div>
|html|<div class="broadcast-red"><b>The battle crashed</b><br />You can keep playing but it might crash again.</div>
|html|<div class="broadcast-red"><b>The battle crashed</b><br />You can keep playing but it might crash again.</div>

TypeError: Cannot read property 'isActive' of null
    at Tools.Battle.makeRequest (/Users/clazinasteunenberg/Downloads/Test/battle-engine.js:1943:15)
    at process.BattlePokemon.side (/Users/clazinasteunenberg/Downloads/Test/battle-engine.js:157:13)
    at process.EventEmitter.emit (events.js:98:17)
    at handleMessage (child_process.js:318:10)
    at Pipe.channel.onread (child_process.js:345:11)

ReferenceError: potd is not defined
    at Tools.exports.BattleScripts.randomTeam (/Users/clazinasteunenberg/Downloads/Test/data/scripts.js:1522:8)
    at Tools.exports.BattleScripts.getTeam (/Users/clazinasteunenberg/Downloads/Test/data/scripts.js:488:16)
    at new BattleSide (/Users/clazinasteunenberg/Downloads/Test/battle-engine.js:1096:27)
    at Tools.Battle.join (/Users/clazinasteunenberg/Downloads/Test/battle-engine.js:3333:15)
    at Tools.Battle.receive (/Users/clazinasteunenberg/Downloads/Test/battle-engine.js:3390:9)
    at process.BattlePokemon.side (/Users/clazinasteunenberg/Downloads/Test/battle-engine.js:143:12)
    at process.EventEmitter.emit (events.js:98:17)
    at handleMessage (child_process.js:318:10)
    at Pipe.channel.onread (child_process.js:345:11)

Additional information:
message = battle-randombattle-497|join|p1|Meloetta<3V|134
currentRequest = 

Log:
|html|<div class="broadcast-red"><b>The battle crashed</b><br />You can keep playing but it might crash again.</div>
|html|<div class="broadcast-red"><b>The battle crashed</b><br />You can keep playing but it might crash again.</div>
|html|<div class="broadcast-red"><b>The battle crashed</b><br />You can keep playing but it might crash again.</div>
|html|<div class="broadcast-red"><b>The battle crashed</b><br />You can keep playing but it might crash again.</div>
|html|<div class="broadcast-red"><b>The battle crashed</b><br />You can keep playing but it might crash again.</div>
|html|<div class="broadcast-red"><b>The battle crashed</b><br />You can keep playing but it might crash again.</div>
|html|<div class="broadcast-red"><b>The battle crashed</b><br />You can keep playing but it might crash again.</div>
|html|<div class="broadcast-red"><b>The battle crashed</b><br />You can keep playing but it might crash again.</div>
|html|<div class="broadcast-red"><b>The battle crashed</b><br />You can keep playing but it might crash again.</div>
|html|<div class="broadcast-red"><b>The battle crashed</b><br />You can keep playing but it might crash again.</div>
|html|<div class="broadcast-red"><b>The battle crashed</b><br />You can keep playing but it might crash again.</div>
|html|<div class="broadcast-red"><b>The battle crashed</b><br />You can keep playing but it might crash again.</div>
|html|<div class="broadcast-red"><b>The battle crashed</b><br />You can keep playing but it might crash again.</div>
|html|<div class="broadcast-red"><b>The battle crashed</b><br />You can keep playing but it might crash again.</div>
|html|<div class="broadcast-red"><b>The battle crashed</b><br />You can keep playing but it might crash again.</div>
|html|<div class="broadcast-red"><b>The battle crashed</b><br />You can keep playing but it might crash again.</div>
|html|<div class="broadcast-red"><b>The battle crashed</b><br />You can keep playing but it might crash again.</div>
|html|<div class="broadcast-red"><b>The battle crashed</b><br />You can keep playing but it might crash again.</div>

TypeError: Cannot read property 'isActive' of null
    at Tools.Battle.makeRequest (/Users/clazinasteunenberg/Downloads/Test/battle-engine.js:1943:15)
    at process.BattlePokemon.side (/Users/clazinasteunenberg/Downloads/Test/battle-engine.js:157:13)
    at process.EventEmitter.emit (events.js:98:17)
    at handleMessage (child_process.js:318:10)
    at Pipe.channel.onread (child_process.js:345:11)

ReferenceError: potd is not defined
    at Tools.exports.BattleScripts.randomTeam (/Users/clazinasteunenberg/Downloads/Test/data/scripts.js:1522:8)
    at Tools.exports.BattleScripts.getTeam (/Users/clazinasteunenberg/Downloads/Test/data/scripts.js:488:16)
    at new BattleSide (/Users/clazinasteunenberg/Downloads/Test/battle-engine.js:1096:27)
    at Tools.Battle.join (/Users/clazinasteunenberg/Downloads/Test/battle-engine.js:3333:15)
    at Tools.Battle.receive (/Users/clazinasteunenberg/Downloads/Test/battle-engine.js:3390:9)
    at process.BattlePokemon.side (/Users/clazinasteunenberg/Downloads/Test/battle-engine.js:143:12)
    at process.EventEmitter.emit (events.js:98:17)
    at handleMessage (child_process.js:318:10)
    at Pipe.channel.onread (child_process.js:345:11)

Additional information:
message = battle-randombattle-497|join|p1|Meloetta<3V|134
currentRequest = 

Log:
|html|<div class="broadcast-red"><b>The battle crashed</b><br />You can keep playing but it might crash again.</div>
|html|<div class="broadcast-red"><b>The battle crashed</b><br />You can keep playing but it might crash again.</div>
|html|<div class="broadcast-red"><b>The battle crashed</b><br />You can keep playing but it might crash again.</div>
|html|<div class="broadcast-red"><b>The battle crashed</b><br />You can keep playing but it might crash again.</div>
|html|<div class="broadcast-red"><b>The battle crashed</b><br />You can keep playing but it might crash again.</div>
|html|<div class="broadcast-red"><b>The battle crashed</b><br />You can keep playing but it might crash again.</div>
|html|<div class="broadcast-red"><b>The battle crashed</b><br />You can keep playing but it might crash again.</div>
|html|<div class="broadcast-red"><b>The battle crashed</b><br />You can keep playing but it might crash again.</div>
|html|<div class="broadcast-red"><b>The battle crashed</b><br />You can keep playing but it might crash again.</div>
|html|<div class="broadcast-red"><b>The battle crashed</b><br />You can keep playing but it might crash again.</div>
|html|<div class="broadcast-red"><b>The battle crashed</b><br />You can keep playing but it might crash again.</div>
|html|<div class="broadcast-red"><b>The battle crashed</b><br />You can keep playing but it might crash again.</div>
|html|<div class="broadcast-red"><b>The battle crashed</b><br />You can keep playing but it might crash again.</div>
|html|<div class="broadcast-red"><b>The battle crashed</b><br />You can keep playing but it might crash again.</div>
|html|<div class="broadcast-red"><b>The battle crashed</b><br />You can keep playing but it might crash again.</div>
|html|<div class="broadcast-red"><b>The battle crashed</b><br />You can keep playing but it might crash again.</div>
|html|<div class="broadcast-red"><b>The battle crashed</b><br />You can keep playing but it might crash again.</div>
|html|<div class="broadcast-red"><b>The battle crashed</b><br />You can keep playing but it might crash again.</div>
|html|<div class="broadcast-red"><b>The battle crashed</b><br />You can keep playing but it might crash again.</div>

TypeError: Cannot read property 'isActive' of null
    at Tools.Battle.makeRequest (/Users/clazinasteunenberg/Downloads/Test/battle-engine.js:1943:15)
    at process.BattlePokemon.side (/Users/clazinasteunenberg/Downloads/Test/battle-engine.js:157:13)
    at process.EventEmitter.emit (events.js:98:17)
    at handleMessage (child_process.js:318:10)
    at Pipe.channel.onread (child_process.js:345:11)

ReferenceError: potd is not defined
    at Tools.exports.BattleScripts.randomTeam (/Users/clazinasteunenberg/Downloads/Test/data/scripts.js:1522:8)
    at Tools.exports.BattleScripts.getTeam (/Users/clazinasteunenberg/Downloads/Test/data/scripts.js:488:16)
    at new BattleSide (/Users/clazinasteunenberg/Downloads/Test/battle-engine.js:1096:27)
    at Tools.Battle.join (/Users/clazinasteunenberg/Downloads/Test/battle-engine.js:3333:15)
    at Tools.Battle.receive (/Users/clazinasteunenberg/Downloads/Test/battle-engine.js:3390:9)
    at process.BattlePokemon.side (/Users/clazinasteunenberg/Downloads/Test/battle-engine.js:143:12)
    at process.EventEmitter.emit (events.js:98:17)
    at handleMessage (child_process.js:318:10)
    at Pipe.channel.onread (child_process.js:345:11)

Additional information:
message = battle-randombattle-497|join|p1|Meloetta<3V|134
currentRequest = 

Log:
|html|<div class="broadcast-red"><b>The battle crashed</b><br />You can keep playing but it might crash again.</div>
|html|<div class="broadcast-red"><b>The battle crashed</b><br />You can keep playing but it might crash again.</div>
|html|<div class="broadcast-red"><b>The battle crashed</b><br />You can keep playing but it might crash again.</div>
|html|<div class="broadcast-red"><b>The battle crashed</b><br />You can keep playing but it might crash again.</div>
|html|<div class="broadcast-red"><b>The battle crashed</b><br />You can keep playing but it might crash again.</div>
|html|<div class="broadcast-red"><b>The battle crashed</b><br />You can keep playing but it might crash again.</div>
|html|<div class="broadcast-red"><b>The battle crashed</b><br />You can keep playing but it might crash again.</div>
|html|<div class="broadcast-red"><b>The battle crashed</b><br />You can keep playing but it might crash again.</div>
|html|<div class="broadcast-red"><b>The battle crashed</b><br />You can keep playing but it might crash again.</div>
|html|<div class="broadcast-red"><b>The battle crashed</b><br />You can keep playing but it might crash again.</div>
|html|<div class="broadcast-red"><b>The battle crashed</b><br />You can keep playing but it might crash again.</div>
|html|<div class="broadcast-red"><b>The battle crashed</b><br />You can keep playing but it might crash again.</div>
|html|<div class="broadcast-red"><b>The battle crashed</b><br />You can keep playing but it might crash again.</div>
|html|<div class="broadcast-red"><b>The battle crashed</b><br />You can keep playing but it might crash again.</div>
|html|<div class="broadcast-red"><b>The battle crashed</b><br />You can keep playing but it might crash again.</div>
|html|<div class="broadcast-red"><b>The battle crashed</b><br />You can keep playing but it might crash again.</div>
|html|<div class="broadcast-red"><b>The battle crashed</b><br />You can keep playing but it might crash again.</div>
|html|<div class="broadcast-red"><b>The battle crashed</b><br />You can keep playing but it might crash again.</div>
|html|<div class="broadcast-red"><b>The battle crashed</b><br />You can keep playing but it might crash again.</div>
|html|<div class="broadcast-red"><b>The battle crashed</b><br />You can keep playing but it might crash again.</div>

TypeError: Cannot read property 'isActive' of null
    at Tools.Battle.makeRequest (/Users/clazinasteunenberg/Downloads/Test/battle-engine.js:1943:15)
    at process.BattlePokemon.side (/Users/clazinasteunenberg/Downloads/Test/battle-engine.js:157:13)
    at process.EventEmitter.emit (events.js:98:17)
    at handleMessage (child_process.js:318:10)
    at Pipe.channel.onread (child_process.js:345:11)

ReferenceError: potd is not defined
    at Tools.exports.BattleScripts.randomTeam (/Users/clazinasteunenberg/Downloads/Test/data/scripts.js:1522:8)
    at Tools.exports.BattleScripts.getTeam (/Users/clazinasteunenberg/Downloads/Test/data/scripts.js:488:16)
    at new BattleSide (/Users/clazinasteunenberg/Downloads/Test/battle-engine.js:1096:27)
    at Tools.Battle.join (/Users/clazinasteunenberg/Downloads/Test/battle-engine.js:3333:15)
    at Tools.Battle.receive (/Users/clazinasteunenberg/Downloads/Test/battle-engine.js:3390:9)
    at process.BattlePokemon.side (/Users/clazinasteunenberg/Downloads/Test/battle-engine.js:143:12)
    at process.EventEmitter.emit (events.js:98:17)
    at handleMessage (child_process.js:318:10)
    at Pipe.channel.onread (child_process.js:345:11)

Additional information:
message = battle-randombattle-497|join|p1|Meloetta<3V|134
currentRequest = 

Log:
|html|<div class="broadcast-red"><b>The battle crashed</b><br />You can keep playing but it might crash again.</div>
|html|<div class="broadcast-red"><b>The battle crashed</b><br />You can keep playing but it might crash again.</div>
|html|<div class="broadcast-red"><b>The battle crashed</b><br />You can keep playing but it might crash again.</div>
|html|<div class="broadcast-red"><b>The battle crashed</b><br />You can keep playing but it might crash again.</div>
|html|<div class="broadcast-red"><b>The battle crashed</b><br />You can keep playing but it might crash again.</div>
|html|<div class="broadcast-red"><b>The battle crashed</b><br />You can keep playing but it might crash again.</div>
|html|<div class="broadcast-red"><b>The battle crashed</b><br />You can keep playing but it might crash again.</div>
|html|<div class="broadcast-red"><b>The battle crashed</b><br />You can keep playing but it might crash again.</div>
|html|<div class="broadcast-red"><b>The battle crashed</b><br />You can keep playing but it might crash again.</div>
|html|<div class="broadcast-red"><b>The battle crashed</b><br />You can keep playing but it might crash again.</div>
|html|<div class="broadcast-red"><b>The battle crashed</b><br />You can keep playing but it might crash again.</div>
|html|<div class="broadcast-red"><b>The battle crashed</b><br />You can keep playing but it might crash again.</div>
|html|<div class="broadcast-red"><b>The battle crashed</b><br />You can keep playing but it might crash again.</div>
|html|<div class="broadcast-red"><b>The battle crashed</b><br />You can keep playing but it might crash again.</div>
|html|<div class="broadcast-red"><b>The battle crashed</b><br />You can keep playing but it might crash again.</div>
|html|<div class="broadcast-red"><b>The battle crashed</b><br />You can keep playing but it might crash again.</div>
|html|<div class="broadcast-red"><b>The battle crashed</b><br />You can keep playing but it might crash again.</div>
|html|<div class="broadcast-red"><b>The battle crashed</b><br />You can keep playing but it might crash again.</div>
|html|<div class="broadcast-red"><b>The battle crashed</b><br />You can keep playing but it might crash again.</div>
|html|<div class="broadcast-red"><b>The battle crashed</b><br />You can keep playing but it might crash again.</div>
|html|<div class="broadcast-red"><b>The battle crashed</b><br />You can keep playing but it might crash again.</div>

TypeError: Cannot read property 'isActive' of null
    at Tools.Battle.makeRequest (/Users/clazinasteunenberg/Downloads/Test/battle-engine.js:1943:15)
    at process.BattlePokemon.side (/Users/clazinasteunenberg/Downloads/Test/battle-engine.js:157:13)
    at process.EventEmitter.emit (events.js:98:17)
    at handleMessage (child_process.js:318:10)
    at Pipe.channel.onread (child_process.js:345:11)

ReferenceError: potd is not defined
    at Tools.exports.BattleScripts.randomTeam (/Users/clazinasteunenberg/Downloads/Test/data/scripts.js:1522:8)
    at Tools.exports.BattleScripts.getTeam (/Users/clazinasteunenberg/Downloads/Test/data/scripts.js:488:16)
    at new BattleSide (/Users/clazinasteunenberg/Downloads/Test/battle-engine.js:1096:27)
    at Tools.Battle.join (/Users/clazinasteunenberg/Downloads/Test/battle-engine.js:3333:15)
    at Tools.Battle.receive (/Users/clazinasteunenberg/Downloads/Test/battle-engine.js:3390:9)
    at process.BattlePokemon.side (/Users/clazinasteunenberg/Downloads/Test/battle-engine.js:143:12)
    at process.EventEmitter.emit (events.js:98:17)
    at handleMessage (child_process.js:318:10)
    at Pipe.channel.onread (child_process.js:345:11)

Additional information:
message = battle-randombattle-497|join|p1|Meloetta<3V|134
currentRequest = 

Log:
|html|<div class="broadcast-red"><b>The battle crashed</b><br />You can keep playing but it might crash again.</div>
|html|<div class="broadcast-red"><b>The battle crashed</b><br />You can keep playing but it might crash again.</div>
|html|<div class="broadcast-red"><b>The battle crashed</b><br />You can keep playing but it might crash again.</div>
|html|<div class="broadcast-red"><b>The battle crashed</b><br />You can keep playing but it might crash again.</div>
|html|<div class="broadcast-red"><b>The battle crashed</b><br />You can keep playing but it might crash again.</div>
|html|<div class="broadcast-red"><b>The battle crashed</b><br />You can keep playing but it might crash again.</div>
|html|<div class="broadcast-red"><b>The battle crashed</b><br />You can keep playing but it might crash again.</div>
|html|<div class="broadcast-red"><b>The battle crashed</b><br />You can keep playing but it might crash again.</div>
|html|<div class="broadcast-red"><b>The battle crashed</b><br />You can keep playing but it might crash again.</div>
|html|<div class="broadcast-red"><b>The battle crashed</b><br />You can keep playing but it might crash again.</div>
|html|<div class="broadcast-red"><b>The battle crashed</b><br />You can keep playing but it might crash again.</div>
|html|<div class="broadcast-red"><b>The battle crashed</b><br />You can keep playing but it might crash again.</div>
|html|<div class="broadcast-red"><b>The battle crashed</b><br />You can keep playing but it might crash again.</div>
|html|<div class="broadcast-red"><b>The battle crashed</b><br />You can keep playing but it might crash again.</div>
|html|<div class="broadcast-red"><b>The battle crashed</b><br />You can keep playing but it might crash again.</div>
|html|<div class="broadcast-red"><b>The battle crashed</b><br />You can keep playing but it might crash again.</div>
|html|<div class="broadcast-red"><b>The battle crashed</b><br />You can keep playing but it might crash again.</div>
|html|<div class="broadcast-red"><b>The battle crashed</b><br />You can keep playing but it might crash again.</div>
|html|<div class="broadcast-red"><b>The battle crashed</b><br />You can keep playing but it might crash again.</div>
|html|<div class="broadcast-red"><b>The battle crashed</b><br />You can keep playing but it might crash again.</div>
|html|<div class="broadcast-red"><b>The battle crashed</b><br />You can keep playing but it might crash again.</div>
|html|<div class="broadcast-red"><b>The battle crashed</b><br />You can keep playing but it might crash again.</div>

TypeError: Cannot read property 'isActive' of null
    at Tools.Battle.makeRequest (/Users/clazinasteunenberg/Downloads/Test/battle-engine.js:1943:15)
    at process.BattlePokemon.side (/Users/clazinasteunenberg/Downloads/Test/battle-engine.js:157:13)
    at process.EventEmitter.emit (events.js:98:17)
    at handleMessage (child_process.js:318:10)
    at Pipe.channel.onread (child_process.js:345:11)

ReferenceError: potd is not defined
    at Tools.exports.BattleScripts.randomTeam (/Users/clazinasteunenberg/Downloads/Test/data/scripts.js:1522:8)
    at Tools.exports.BattleScripts.getTeam (/Users/clazinasteunenberg/Downloads/Test/data/scripts.js:488:16)
    at new BattleSide (/Users/clazinasteunenberg/Downloads/Test/battle-engine.js:1096:27)
    at Tools.Battle.join (/Users/clazinasteunenberg/Downloads/Test/battle-engine.js:3333:15)
    at Tools.Battle.receive (/Users/clazinasteunenberg/Downloads/Test/battle-engine.js:3390:9)
    at process.BattlePokemon.side (/Users/clazinasteunenberg/Downloads/Test/battle-engine.js:143:12)
    at process.EventEmitter.emit (events.js:98:17)
    at handleMessage (child_process.js:318:10)
    at Pipe.channel.onread (child_process.js:345:11)

Additional information:
message = battle-randombattle-497|join|p1|Meloetta<3V|134
currentRequest = 

Log:
|html|<div class="broadcast-red"><b>The battle crashed</b><br />You can keep playing but it might crash again.</div>
|html|<div class="broadcast-red"><b>The battle crashed</b><br />You can keep playing but it might crash again.</div>
|html|<div class="broadcast-red"><b>The battle crashed</b><br />You can keep playing but it might crash again.</div>
|html|<div class="broadcast-red"><b>The battle crashed</b><br />You can keep playing but it might crash again.</div>
|html|<div class="broadcast-red"><b>The battle crashed</b><br />You can keep playing but it might crash again.</div>
|html|<div class="broadcast-red"><b>The battle crashed</b><br />You can keep playing but it might crash again.</div>
|html|<div class="broadcast-red"><b>The battle crashed</b><br />You can keep playing but it might crash again.</div>
|html|<div class="broadcast-red"><b>The battle crashed</b><br />You can keep playing but it might crash again.</div>
|html|<div class="broadcast-red"><b>The battle crashed</b><br />You can keep playing but it might crash again.</div>
|html|<div class="broadcast-red"><b>The battle crashed</b><br />You can keep playing but it might crash again.</div>
|html|<div class="broadcast-red"><b>The battle crashed</b><br />You can keep playing but it might crash again.</div>
|html|<div class="broadcast-red"><b>The battle crashed</b><br />You can keep playing but it might crash again.</div>
|html|<div class="broadcast-red"><b>The battle crashed</b><br />You can keep playing but it might crash again.</div>
|html|<div class="broadcast-red"><b>The battle crashed</b><br />You can keep playing but it might crash again.</div>
|html|<div class="broadcast-red"><b>The battle crashed</b><br />You can keep playing but it might crash again.</div>
|html|<div class="broadcast-red"><b>The battle crashed</b><br />You can keep playing but it might crash again.</div>
|html|<div class="broadcast-red"><b>The battle crashed</b><br />You can keep playing but it might crash again.</div>
|html|<div class="broadcast-red"><b>The battle crashed</b><br />You can keep playing but it might crash again.</div>
|html|<div class="broadcast-red"><b>The battle crashed</b><br />You can keep playing but it might crash again.</div>
|html|<div class="broadcast-red"><b>The battle crashed</b><br />You can keep playing but it might crash again.</div>
|html|<div class="broadcast-red"><b>The battle crashed</b><br />You can keep playing but it might crash again.</div>
|html|<div class="broadcast-red"><b>The battle crashed</b><br />You can keep playing but it might crash again.</div>
|html|<div class="broadcast-red"><b>The battle crashed</b><br />You can keep playing but it might crash again.</div>

TypeError: Cannot read property 'isActive' of null
    at Tools.Battle.makeRequest (/Users/clazinasteunenberg/Downloads/Test/battle-engine.js:1943:15)
    at process.BattlePokemon.side (/Users/clazinasteunenberg/Downloads/Test/battle-engine.js:157:13)
    at process.EventEmitter.emit (events.js:98:17)
    at handleMessage (child_process.js:318:10)
    at Pipe.channel.onread (child_process.js:345:11)

ReferenceError: potd is not defined
    at Tools.exports.BattleScripts.randomTeam (/Users/clazinasteunenberg/Downloads/Test/data/scripts.js:1522:8)
    at Tools.exports.BattleScripts.getTeam (/Users/clazinasteunenberg/Downloads/Test/data/scripts.js:488:16)
    at new BattleSide (/Users/clazinasteunenberg/Downloads/Test/battle-engine.js:1096:27)
    at Tools.Battle.join (/Users/clazinasteunenberg/Downloads/Test/battle-engine.js:3333:15)
    at Tools.Battle.receive (/Users/clazinasteunenberg/Downloads/Test/battle-engine.js:3390:9)
    at process.BattlePokemon.side (/Users/clazinasteunenberg/Downloads/Test/battle-engine.js:143:12)
    at process.EventEmitter.emit (events.js:98:17)
    at handleMessage (child_process.js:318:10)
    at Pipe.channel.onread (child_process.js:345:11)

Additional information:
message = battle-randombattle-497|join|p1|Meloetta<3V|134
currentRequest = 

Log:
|html|<div class="broadcast-red"><b>The battle crashed</b><br />You can keep playing but it might crash again.</div>
|html|<div class="broadcast-red"><b>The battle crashed</b><br />You can keep playing but it might crash again.</div>
|html|<div class="broadcast-red"><b>The battle crashed</b><br />You can keep playing but it might crash again.</div>
|html|<div class="broadcast-red"><b>The battle crashed</b><br />You can keep playing but it might crash again.</div>
|html|<div class="broadcast-red"><b>The battle crashed</b><br />You can keep playing but it might crash again.</div>
|html|<div class="broadcast-red"><b>The battle crashed</b><br />You can keep playing but it might crash again.</div>
|html|<div class="broadcast-red"><b>The battle crashed</b><br />You can keep playing but it might crash again.</div>
|html|<div class="broadcast-red"><b>The battle crashed</b><br />You can keep playing but it might crash again.</div>
|html|<div class="broadcast-red"><b>The battle crashed</b><br />You can keep playing but it might crash again.</div>
|html|<div class="broadcast-red"><b>The battle crashed</b><br />You can keep playing but it might crash again.</div>
|html|<div class="broadcast-red"><b>The battle crashed</b><br />You can keep playing but it might crash again.</div>
|html|<div class="broadcast-red"><b>The battle crashed</b><br />You can keep playing but it might crash again.</div>
|html|<div class="broadcast-red"><b>The battle crashed</b><br />You can keep playing but it might crash again.</div>
|html|<div class="broadcast-red"><b>The battle crashed</b><br />You can keep playing but it might crash again.</div>
|html|<div class="broadcast-red"><b>The battle crashed</b><br />You can keep playing but it might crash again.</div>
|html|<div class="broadcast-red"><b>The battle crashed</b><br />You can keep playing but it might crash again.</div>
|html|<div class="broadcast-red"><b>The battle crashed</b><br />You can keep playing but it might crash again.</div>
|html|<div class="broadcast-red"><b>The battle crashed</b><br />You can keep playing but it might crash again.</div>
|html|<div class="broadcast-red"><b>The battle crashed</b><br />You can keep playing but it might crash again.</div>
|html|<div class="broadcast-red"><b>The battle crashed</b><br />You can keep playing but it might crash again.</div>
|html|<div class="broadcast-red"><b>The battle crashed</b><br />You can keep playing but it might crash again.</div>
|html|<div class="broadcast-red"><b>The battle crashed</b><br />You can keep playing but it might crash again.</div>
|html|<div class="broadcast-red"><b>The battle crashed</b><br />You can keep playing but it might crash again.</div>
|html|<div class="broadcast-red"><b>The battle crashed</b><br />You can keep playing but it might crash again.</div>

TypeError: Cannot read property 'isActive' of null
    at Tools.Battle.makeRequest (/Users/clazinasteunenberg/Downloads/Test/battle-engine.js:1943:15)
    at process.BattlePokemon.side (/Users/clazinasteunenberg/Downloads/Test/battle-engine.js:157:13)
    at process.EventEmitter.emit (events.js:98:17)
    at handleMessage (child_process.js:318:10)
    at Pipe.channel.onread (child_process.js:345:11)

ReferenceError: potd is not defined
    at Tools.exports.BattleScripts.randomTeam (/Users/clazinasteunenberg/Downloads/Test/data/scripts.js:1522:8)
    at Tools.exports.BattleScripts.getTeam (/Users/clazinasteunenberg/Downloads/Test/data/scripts.js:488:16)
    at new BattleSide (/Users/clazinasteunenberg/Downloads/Test/battle-engine.js:1096:27)
    at Tools.Battle.join (/Users/clazinasteunenberg/Downloads/Test/battle-engine.js:3333:15)
    at Tools.Battle.receive (/Users/clazinasteunenberg/Downloads/Test/battle-engine.js:3390:9)
    at process.BattlePokemon.side (/Users/clazinasteunenberg/Downloads/Test/battle-engine.js:143:12)
    at process.EventEmitter.emit (events.js:98:17)
    at handleMessage (child_process.js:318:10)
    at Pipe.channel.onread (child_process.js:345:11)

Additional information:
message = battle-randombattle-497|join|p1|Meloetta<3V|134
currentRequest = 

Log:
|html|<div class="broadcast-red"><b>The battle crashed</b><br />You can keep playing but it might crash again.</div>
|html|<div class="broadcast-red"><b>The battle crashed</b><br />You can keep playing but it might crash again.</div>
|html|<div class="broadcast-red"><b>The battle crashed</b><br />You can keep playing but it might crash again.</div>
|html|<div class="broadcast-red"><b>The battle crashed</b><br />You can keep playing but it might crash again.</div>
|html|<div class="broadcast-red"><b>The battle crashed</b><br />You can keep playing but it might crash again.</div>
|html|<div class="broadcast-red"><b>The battle crashed</b><br />You can keep playing but it might crash again.</div>
|html|<div class="broadcast-red"><b>The battle crashed</b><br />You can keep playing but it might crash again.</div>
|html|<div class="broadcast-red"><b>The battle crashed</b><br />You can keep playing but it might crash again.</div>
|html|<div class="broadcast-red"><b>The battle crashed</b><br />You can keep playing but it might crash again.</div>
|html|<div class="broadcast-red"><b>The battle crashed</b><br />You can keep playing but it might crash again.</div>
|html|<div class="broadcast-red"><b>The battle crashed</b><br />You can keep playing but it might crash again.</div>
|html|<div class="broadcast-red"><b>The battle crashed</b><br />You can keep playing but it might crash again.</div>
|html|<div class="broadcast-red"><b>The battle crashed</b><br />You can keep playing but it might crash again.</div>
|html|<div class="broadcast-red"><b>The battle crashed</b><br />You can keep playing but it might crash again.</div>
|html|<div class="broadcast-red"><b>The battle crashed</b><br />You can keep playing but it might crash again.</div>
|html|<div class="broadcast-red"><b>The battle crashed</b><br />You can keep playing but it might crash again.</div>
|html|<div class="broadcast-red"><b>The battle crashed</b><br />You can keep playing but it might crash again.</div>
|html|<div class="broadcast-red"><b>The battle crashed</b><br />You can keep playing but it might crash again.</div>
|html|<div class="broadcast-red"><b>The battle crashed</b><br />You can keep playing but it might crash again.</div>
|html|<div class="broadcast-red"><b>The battle crashed</b><br />You can keep playing but it might crash again.</div>
|html|<div class="broadcast-red"><b>The battle crashed</b><br />You can keep playing but it might crash again.</div>
|html|<div class="broadcast-red"><b>The battle crashed</b><br />You can keep playing but it might crash again.</div>
|html|<div class="broadcast-red"><b>The battle crashed</b><br />You can keep playing but it might crash again.</div>
|html|<div class="broadcast-red"><b>The battle crashed</b><br />You can keep playing but it might crash again.</div>
|html|<div class="broadcast-red"><b>The battle crashed</b><br />You can keep playing but it might crash again.</div>

TypeError: Cannot read property 'isActive' of null
    at Tools.Battle.makeRequest (/Users/clazinasteunenberg/Downloads/Test/battle-engine.js:1943:15)
    at process.BattlePokemon.side (/Users/clazinasteunenberg/Downloads/Test/battle-engine.js:157:13)
    at process.EventEmitter.emit (events.js:98:17)
    at handleMessage (child_process.js:318:10)
    at Pipe.channel.onread (child_process.js:345:11)

ReferenceError: potd is not defined
    at Tools.exports.BattleScripts.randomTeam (/Users/clazinasteunenberg/Downloads/Test/data/scripts.js:1522:8)
    at Tools.exports.BattleScripts.getTeam (/Users/clazinasteunenberg/Downloads/Test/data/scripts.js:488:16)
    at new BattleSide (/Users/clazinasteunenberg/Downloads/Test/battle-engine.js:1096:27)
    at Tools.Battle.join (/Users/clazinasteunenberg/Downloads/Test/battle-engine.js:3333:15)
    at Tools.Battle.receive (/Users/clazinasteunenberg/Downloads/Test/battle-engine.js:3390:9)
    at process.BattlePokemon.side (/Users/clazinasteunenberg/Downloads/Test/battle-engine.js:143:12)
    at process.EventEmitter.emit (events.js:98:17)
    at handleMessage (child_process.js:318:10)
    at Pipe.channel.onread (child_process.js:345:11)

Additional information:
message = battle-randombattle-497|join|p1|Meloetta<3V|134
currentRequest = 

Log:
|html|<div class="broadcast-red"><b>The battle crashed</b><br />You can keep playing but it might crash again.</div>
|html|<div class="broadcast-red"><b>The battle crashed</b><br />You can keep playing but it might crash again.</div>
|html|<div class="broadcast-red"><b>The battle crashed</b><br />You can keep playing but it might crash again.</div>
|html|<div class="broadcast-red"><b>The battle crashed</b><br />You can keep playing but it might crash again.</div>
|html|<div class="broadcast-red"><b>The battle crashed</b><br />You can keep playing but it might crash again.</div>
|html|<div class="broadcast-red"><b>The battle crashed</b><br />You can keep playing but it might crash again.</div>
|html|<div class="broadcast-red"><b>The battle crashed</b><br />You can keep playing but it might crash again.</div>
|html|<div class="broadcast-red"><b>The battle crashed</b><br />You can keep playing but it might crash again.</div>
|html|<div class="broadcast-red"><b>The battle crashed</b><br />You can keep playing but it might crash again.</div>
|html|<div class="broadcast-red"><b>The battle crashed</b><br />You can keep playing but it might crash again.</div>
|html|<div class="broadcast-red"><b>The battle crashed</b><br />You can keep playing but it might crash again.</div>
|html|<div class="broadcast-red"><b>The battle crashed</b><br />You can keep playing but it might crash again.</div>
|html|<div class="broadcast-red"><b>The battle crashed</b><br />You can keep playing but it might crash again.</div>
|html|<div class="broadcast-red"><b>The battle crashed</b><br />You can keep playing but it might crash again.</div>
|html|<div class="broadcast-red"><b>The battle crashed</b><br />You can keep playing but it might crash again.</div>
|html|<div class="broadcast-red"><b>The battle crashed</b><br />You can keep playing but it might crash again.</div>
|html|<div class="broadcast-red"><b>The battle crashed</b><br />You can keep playing but it might crash again.</div>
|html|<div class="broadcast-red"><b>The battle crashed</b><br />You can keep playing but it might crash again.</div>
|html|<div class="broadcast-red"><b>The battle crashed</b><br />You can keep playing but it might crash again.</div>
|html|<div class="broadcast-red"><b>The battle crashed</b><br />You can keep playing but it might crash again.</div>
|html|<div class="broadcast-red"><b>The battle crashed</b><br />You can keep playing but it might crash again.</div>
|html|<div class="broadcast-red"><b>The battle crashed</b><br />You can keep playing but it might crash again.</div>
|html|<div class="broadcast-red"><b>The battle crashed</b><br />You can keep playing but it might crash again.</div>
|html|<div class="broadcast-red"><b>The battle crashed</b><br />You can keep playing but it might crash again.</div>
|html|<div class="broadcast-red"><b>The battle crashed</b><br />You can keep playing but it might crash again.</div>
|html|<div class="broadcast-red"><b>The battle crashed</b><br />You can keep playing but it might crash again.</div>

TypeError: Cannot read property 'isActive' of null
    at Tools.Battle.makeRequest (/Users/clazinasteunenberg/Downloads/Test/battle-engine.js:1943:15)
    at process.BattlePokemon.side (/Users/clazinasteunenberg/Downloads/Test/battle-engine.js:157:13)
    at process.EventEmitter.emit (events.js:98:17)
    at handleMessage (child_process.js:318:10)
    at Pipe.channel.onread (child_process.js:345:11)

ReferenceError: potd is not defined
    at Tools.exports.BattleScripts.randomTeam (/Users/clazinasteunenberg/Downloads/Test/data/scripts.js:1522:8)
    at Tools.exports.BattleScripts.getTeam (/Users/clazinasteunenberg/Downloads/Test/data/scripts.js:488:16)
    at new BattleSide (/Users/clazinasteunenberg/Downloads/Test/battle-engine.js:1096:27)
    at Tools.Battle.join (/Users/clazinasteunenberg/Downloads/Test/battle-engine.js:3333:15)
    at Tools.Battle.receive (/Users/clazinasteunenberg/Downloads/Test/battle-engine.js:3390:9)
    at process.BattlePokemon.side (/Users/clazinasteunenberg/Downloads/Test/battle-engine.js:143:12)
    at process.EventEmitter.emit (events.js:98:17)
    at handleMessage (child_process.js:318:10)
    at Pipe.channel.onread (child_process.js:345:11)

Additional information:
message = battle-randombattle-497|join|p1|Meloetta<3V|134
currentRequest = 

Log:
|html|<div class="broadcast-red"><b>The battle crashed</b><br />You can keep playing but it might crash again.</div>
|html|<div class="broadcast-red"><b>The battle crashed</b><br />You can keep playing but it might crash again.</div>
|html|<div class="broadcast-red"><b>The battle crashed</b><br />You can keep playing but it might crash again.</div>
|html|<div class="broadcast-red"><b>The battle crashed</b><br />You can keep playing but it might crash again.</div>
|html|<div class="broadcast-red"><b>The battle crashed</b><br />You can keep playing but it might crash again.</div>
|html|<div class="broadcast-red"><b>The battle crashed</b><br />You can keep playing but it might crash again.</div>
|html|<div class="broadcast-red"><b>The battle crashed</b><br />You can keep playing but it might crash again.</div>
|html|<div class="broadcast-red"><b>The battle crashed</b><br />You can keep playing but it might crash again.</div>
|html|<div class="broadcast-red"><b>The battle crashed</b><br />You can keep playing but it might crash again.</div>
|html|<div class="broadcast-red"><b>The battle crashed</b><br />You can keep playing but it might crash again.</div>
|html|<div class="broadcast-red"><b>The battle crashed</b><br />You can keep playing but it might crash again.</div>
|html|<div class="broadcast-red"><b>The battle crashed</b><br />You can keep playing but it might crash again.</div>
|html|<div class="broadcast-red"><b>The battle crashed</b><br />You can keep playing but it might crash again.</div>
|html|<div class="broadcast-red"><b>The battle crashed</b><br />You can keep playing but it might crash again.</div>
|html|<div class="broadcast-red"><b>The battle crashed</b><br />You can keep playing but it might crash again.</div>
|html|<div class="broadcast-red"><b>The battle crashed</b><br />You can keep playing but it might crash again.</div>
|html|<div class="broadcast-red"><b>The battle crashed</b><br />You can keep playing but it might crash again.</div>
|html|<div class="broadcast-red"><b>The battle crashed</b><br />You can keep playing but it might crash again.</div>
|html|<div class="broadcast-red"><b>The battle crashed</b><br />You can keep playing but it might crash again.</div>
|html|<div class="broadcast-red"><b>The battle crashed</b><br />You can keep playing but it might crash again.</div>
|html|<div class="broadcast-red"><b>The battle crashed</b><br />You can keep playing but it might crash again.</div>
|html|<div class="broadcast-red"><b>The battle crashed</b><br />You can keep playing but it might crash again.</div>
|html|<div class="broadcast-red"><b>The battle crashed</b><br />You can keep playing but it might crash again.</div>
|html|<div class="broadcast-red"><b>The battle crashed</b><br />You can keep playing but it might crash again.</div>
|html|<div class="broadcast-red"><b>The battle crashed</b><br />You can keep playing but it might crash again.</div>
|html|<div class="broadcast-red"><b>The battle crashed</b><br />You can keep playing but it might crash again.</div>
|html|<div class="broadcast-red"><b>The battle crashed</b><br />You can keep playing but it might crash again.</div>

TypeError: Cannot read property 'isActive' of null
    at Tools.Battle.makeRequest (/Users/clazinasteunenberg/Downloads/Test/battle-engine.js:1943:15)
    at process.BattlePokemon.side (/Users/clazinasteunenberg/Downloads/Test/battle-engine.js:157:13)
    at process.EventEmitter.emit (events.js:98:17)
    at handleMessage (child_process.js:318:10)
    at Pipe.channel.onread (child_process.js:345:11)

ReferenceError: potd is not defined
    at Tools.exports.BattleScripts.randomTeam (/Users/clazinasteunenberg/Downloads/Test/data/scripts.js:1522:8)
    at Tools.exports.BattleScripts.getTeam (/Users/clazinasteunenberg/Downloads/Test/data/scripts.js:488:16)
    at new BattleSide (/Users/clazinasteunenberg/Downloads/Test/battle-engine.js:1096:27)
    at Tools.Battle.join (/Users/clazinasteunenberg/Downloads/Test/battle-engine.js:3333:15)
    at Tools.Battle.receive (/Users/clazinasteunenberg/Downloads/Test/battle-engine.js:3390:9)
    at process.BattlePokemon.side (/Users/clazinasteunenberg/Downloads/Test/battle-engine.js:143:12)
    at process.EventEmitter.emit (events.js:98:17)
    at handleMessage (child_process.js:318:10)
    at Pipe.channel.onread (child_process.js:345:11)

Additional information:
message = battle-randombattle-497|join|p1|Meloetta<3V|134
currentRequest = 

Log:
|html|<div class="broadcast-red"><b>The battle crashed</b><br />You can keep playing but it might crash again.</div>
|html|<div class="broadcast-red"><b>The battle crashed</b><br />You can keep playing but it might crash again.</div>
|html|<div class="broadcast-red"><b>The battle crashed</b><br />You can keep playing but it might crash again.</div>
|html|<div class="broadcast-red"><b>The battle crashed</b><br />You can keep playing but it might crash again.</div>
|html|<div class="broadcast-red"><b>The battle crashed</b><br />You can keep playing but it might crash again.</div>
|html|<div class="broadcast-red"><b>The battle crashed</b><br />You can keep playing but it might crash again.</div>
|html|<div class="broadcast-red"><b>The battle crashed</b><br />You can keep playing but it might crash again.</div>
|html|<div class="broadcast-red"><b>The battle crashed</b><br />You can keep playing but it might crash again.</div>
|html|<div class="broadcast-red"><b>The battle crashed</b><br />You can keep playing but it might crash again.</div>
|html|<div class="broadcast-red"><b>The battle crashed</b><br />You can keep playing but it might crash again.</div>
|html|<div class="broadcast-red"><b>The battle crashed</b><br />You can keep playing but it might crash again.</div>
|html|<div class="broadcast-red"><b>The battle crashed</b><br />You can keep playing but it might crash again.</div>
|html|<div class="broadcast-red"><b>The battle crashed</b><br />You can keep playing but it might crash again.</div>
|html|<div class="broadcast-red"><b>The battle crashed</b><br />You can keep playing but it might crash again.</div>
|html|<div class="broadcast-red"><b>The battle crashed</b><br />You can keep playing but it might crash again.</div>
|html|<div class="broadcast-red"><b>The battle crashed</b><br />You can keep playing but it might crash again.</div>
|html|<div class="broadcast-red"><b>The battle crashed</b><br />You can keep playing but it might crash again.</div>
|html|<div class="broadcast-red"><b>The battle crashed</b><br />You can keep playing but it might crash again.</div>
|html|<div class="broadcast-red"><b>The battle crashed</b><br />You can keep playing but it might crash again.</div>
|html|<div class="broadcast-red"><b>The battle crashed</b><br />You can keep playing but it might crash again.</div>
|html|<div class="broadcast-red"><b>The battle crashed</b><br />You can keep playing but it might crash again.</div>
|html|<div class="broadcast-red"><b>The battle crashed</b><br />You can keep playing but it might crash again.</div>
|html|<div class="broadcast-red"><b>The battle crashed</b><br />You can keep playing but it might crash again.</div>
|html|<div class="broadcast-red"><b>The battle crashed</b><br />You can keep playing but it might crash again.</div>
|html|<div class="broadcast-red"><b>The battle crashed</b><br />You can keep playing but it might crash again.</div>
|html|<div class="broadcast-red"><b>The battle crashed</b><br />You can keep playing but it might crash again.</div>
|html|<div class="broadcast-red"><b>The battle crashed</b><br />You can keep playing but it might crash again.</div>
|html|<div class="broadcast-red"><b>The battle crashed</b><br />You can keep playing but it might crash again.</div>

TypeError: Cannot read property 'isActive' of null
    at Tools.Battle.makeRequest (/Users/clazinasteunenberg/Downloads/Test/battle-engine.js:1943:15)
    at process.BattlePokemon.side (/Users/clazinasteunenberg/Downloads/Test/battle-engine.js:157:13)
    at process.EventEmitter.emit (events.js:98:17)
    at handleMessage (child_process.js:318:10)
    at Pipe.channel.onread (child_process.js:345:11)

ReferenceError: potd is not defined
    at Tools.exports.BattleScripts.randomTeam (/Users/clazinasteunenberg/Downloads/Test/data/scripts.js:1522:8)
    at Tools.exports.BattleScripts.getTeam (/Users/clazinasteunenberg/Downloads/Test/data/scripts.js:488:16)
    at new BattleSide (/Users/clazinasteunenberg/Downloads/Test/battle-engine.js:1096:27)
    at Tools.Battle.join (/Users/clazinasteunenberg/Downloads/Test/battle-engine.js:3333:15)
    at Tools.Battle.receive (/Users/clazinasteunenberg/Downloads/Test/battle-engine.js:3390:9)
    at process.BattlePokemon.side (/Users/clazinasteunenberg/Downloads/Test/battle-engine.js:143:12)
    at process.EventEmitter.emit (events.js:98:17)
    at handleMessage (child_process.js:318:10)
    at Pipe.channel.onread (child_process.js:345:11)

Additional information:
message = battle-randombattle-497|join|p1|Meloetta<3V|134
currentRequest = 

Log:
|html|<div class="broadcast-red"><b>The battle crashed</b><br />You can keep playing but it might crash again.</div>
|html|<div class="broadcast-red"><b>The battle crashed</b><br />You can keep playing but it might crash again.</div>
|html|<div class="broadcast-red"><b>The battle crashed</b><br />You can keep playing but it might crash again.</div>
|html|<div class="broadcast-red"><b>The battle crashed</b><br />You can keep playing but it might crash again.</div>
|html|<div class="broadcast-red"><b>The battle crashed</b><br />You can keep playing but it might crash again.</div>
|html|<div class="broadcast-red"><b>The battle crashed</b><br />You can keep playing but it might crash again.</div>
|html|<div class="broadcast-red"><b>The battle crashed</b><br />You can keep playing but it might crash again.</div>
|html|<div class="broadcast-red"><b>The battle crashed</b><br />You can keep playing but it might crash again.</div>
|html|<div class="broadcast-red"><b>The battle crashed</b><br />You can keep playing but it might crash again.</div>
|html|<div class="broadcast-red"><b>The battle crashed</b><br />You can keep playing but it might crash again.</div>
|html|<div class="broadcast-red"><b>The battle crashed</b><br />You can keep playing but it might crash again.</div>
|html|<div class="broadcast-red"><b>The battle crashed</b><br />You can keep playing but it might crash again.</div>
|html|<div class="broadcast-red"><b>The battle crashed</b><br />You can keep playing but it might crash again.</div>
|html|<div class="broadcast-red"><b>The battle crashed</b><br />You can keep playing but it might crash again.</div>
|html|<div class="broadcast-red"><b>The battle crashed</b><br />You can keep playing but it might crash again.</div>
|html|<div class="broadcast-red"><b>The battle crashed</b><br />You can keep playing but it might crash again.</div>
|html|<div class="broadcast-red"><b>The battle crashed</b><br />You can keep playing but it might crash again.</div>
|html|<div class="broadcast-red"><b>The battle crashed</b><br />You can keep playing but it might crash again.</div>
|html|<div class="broadcast-red"><b>The battle crashed</b><br />You can keep playing but it might crash again.</div>
|html|<div class="broadcast-red"><b>The battle crashed</b><br />You can keep playing but it might crash again.</div>
|html|<div class="broadcast-red"><b>The battle crashed</b><br />You can keep playing but it might crash again.</div>
|html|<div class="broadcast-red"><b>The battle crashed</b><br />You can keep playing but it might crash again.</div>
|html|<div class="broadcast-red"><b>The battle crashed</b><br />You can keep playing but it might crash again.</div>
|html|<div class="broadcast-red"><b>The battle crashed</b><br />You can keep playing but it might crash again.</div>
|html|<div class="broadcast-red"><b>The battle crashed</b><br />You can keep playing but it might crash again.</div>
|html|<div class="broadcast-red"><b>The battle crashed</b><br />You can keep playing but it might crash again.</div>
|html|<div class="broadcast-red"><b>The battle crashed</b><br />You can keep playing but it might crash again.</div>
|html|<div class="broadcast-red"><b>The battle crashed</b><br />You can keep playing but it might crash again.</div>
|html|<div class="broadcast-red"><b>The battle crashed</b><br />You can keep playing but it might crash again.</div>

TypeError: Cannot read property 'isActive' of null
    at Tools.Battle.makeRequest (/Users/clazinasteunenberg/Downloads/Test/battle-engine.js:1943:15)
    at process.BattlePokemon.side (/Users/clazinasteunenberg/Downloads/Test/battle-engine.js:157:13)
    at process.EventEmitter.emit (events.js:98:17)
    at handleMessage (child_process.js:318:10)
    at Pipe.channel.onread (child_process.js:345:11)

ReferenceError: potd is not defined
    at Tools.exports.BattleScripts.randomTeam (/Users/clazinasteunenberg/Downloads/Test/data/scripts.js:1522:8)
    at Tools.exports.BattleScripts.getTeam (/Users/clazinasteunenberg/Downloads/Test/data/scripts.js:488:16)
    at new BattleSide (/Users/clazinasteunenberg/Downloads/Test/battle-engine.js:1096:27)
    at Tools.Battle.join (/Users/clazinasteunenberg/Downloads/Test/battle-engine.js:3333:15)
    at Tools.Battle.receive (/Users/clazinasteunenberg/Downloads/Test/battle-engine.js:3390:9)
    at process.BattlePokemon.side (/Users/clazinasteunenberg/Downloads/Test/battle-engine.js:143:12)
    at process.EventEmitter.emit (events.js:98:17)
    at handleMessage (child_process.js:318:10)
    at Pipe.channel.onread (child_process.js:345:11)

Additional information:
message = battle-randombattle-497|join|p1|Meloetta<3V|134
currentRequest = 

Log:
|html|<div class="broadcast-red"><b>The battle crashed</b><br />You can keep playing but it might crash again.</div>
|html|<div class="broadcast-red"><b>The battle crashed</b><br />You can keep playing but it might crash again.</div>
|html|<div class="broadcast-red"><b>The battle crashed</b><br />You can keep playing but it might crash again.</div>
|html|<div class="broadcast-red"><b>The battle crashed</b><br />You can keep playing but it might crash again.</div>
|html|<div class="broadcast-red"><b>The battle crashed</b><br />You can keep playing but it might crash again.</div>
|html|<div class="broadcast-red"><b>The battle crashed</b><br />You can keep playing but it might crash again.</div>
|html|<div class="broadcast-red"><b>The battle crashed</b><br />You can keep playing but it might crash again.</div>
|html|<div class="broadcast-red"><b>The battle crashed</b><br />You can keep playing but it might crash again.</div>
|html|<div class="broadcast-red"><b>The battle crashed</b><br />You can keep playing but it might crash again.</div>
|html|<div class="broadcast-red"><b>The battle crashed</b><br />You can keep playing but it might crash again.</div>
|html|<div class="broadcast-red"><b>The battle crashed</b><br />You can keep playing but it might crash again.</div>
|html|<div class="broadcast-red"><b>The battle crashed</b><br />You can keep playing but it might crash again.</div>
|html|<div class="broadcast-red"><b>The battle crashed</b><br />You can keep playing but it might crash again.</div>
|html|<div class="broadcast-red"><b>The battle crashed</b><br />You can keep playing but it might crash again.</div>
|html|<div class="broadcast-red"><b>The battle crashed</b><br />You can keep playing but it might crash again.</div>
|html|<div class="broadcast-red"><b>The battle crashed</b><br />You can keep playing but it might crash again.</div>
|html|<div class="broadcast-red"><b>The battle crashed</b><br />You can keep playing but it might crash again.</div>
|html|<div class="broadcast-red"><b>The battle crashed</b><br />You can keep playing but it might crash again.</div>
|html|<div class="broadcast-red"><b>The battle crashed</b><br />You can keep playing but it might crash again.</div>
|html|<div class="broadcast-red"><b>The battle crashed</b><br />You can keep playing but it might crash again.</div>
|html|<div class="broadcast-red"><b>The battle crashed</b><br />You can keep playing but it might crash again.</div>
|html|<div class="broadcast-red"><b>The battle crashed</b><br />You can keep playing but it might crash again.</div>
|html|<div class="broadcast-red"><b>The battle crashed</b><br />You can keep playing but it might crash again.</div>
|html|<div class="broadcast-red"><b>The battle crashed</b><br />You can keep playing but it might crash again.</div>
|html|<div class="broadcast-red"><b>The battle crashed</b><br />You can keep playing but it might crash again.</div>
|html|<div class="broadcast-red"><b>The battle crashed</b><br />You can keep playing but it might crash again.</div>
|html|<div class="broadcast-red"><b>The battle crashed</b><br />You can keep playing but it might crash again.</div>
|html|<div class="broadcast-red"><b>The battle crashed</b><br />You can keep playing but it might crash again.</div>
|html|<div class="broadcast-red"><b>The battle crashed</b><br />You can keep playing but it might crash again.</div>
|html|<div class="broadcast-red"><b>The battle crashed</b><br />You can keep playing but it might crash again.</div>

TypeError: Cannot read property 'isActive' of null
    at Tools.Battle.makeRequest (/Users/clazinasteunenberg/Downloads/Test/battle-engine.js:1943:15)
    at process.BattlePokemon.side (/Users/clazinasteunenberg/Downloads/Test/battle-engine.js:157:13)
    at process.EventEmitter.emit (events.js:98:17)
    at handleMessage (child_process.js:318:10)
    at Pipe.channel.onread (child_process.js:345:11)

ReferenceError: potd is not defined
    at Tools.exports.BattleScripts.randomTeam (/Users/clazinasteunenberg/Downloads/Test/data/scripts.js:1522:8)
    at Tools.exports.BattleScripts.getTeam (/Users/clazinasteunenberg/Downloads/Test/data/scripts.js:488:16)
    at new BattleSide (/Users/clazinasteunenberg/Downloads/Test/battle-engine.js:1096:27)
    at Tools.Battle.join (/Users/clazinasteunenberg/Downloads/Test/battle-engine.js:3333:15)
    at Tools.Battle.receive (/Users/clazinasteunenberg/Downloads/Test/battle-engine.js:3390:9)
    at process.BattlePokemon.side (/Users/clazinasteunenberg/Downloads/Test/battle-engine.js:143:12)
    at process.EventEmitter.emit (events.js:98:17)
    at handleMessage (child_process.js:318:10)
    at Pipe.channel.onread (child_process.js:345:11)

Additional information:
message = battle-randombattle-497|join|p1|Meloetta<3V|134
currentRequest = 

Log:
|html|<div class="broadcast-red"><b>The battle crashed</b><br />You can keep playing but it might crash again.</div>
|html|<div class="broadcast-red"><b>The battle crashed</b><br />You can keep playing but it might crash again.</div>
|html|<div class="broadcast-red"><b>The battle crashed</b><br />You can keep playing but it might crash again.</div>
|html|<div class="broadcast-red"><b>The battle crashed</b><br />You can keep playing but it might crash again.</div>
|html|<div class="broadcast-red"><b>The battle crashed</b><br />You can keep playing but it might crash again.</div>
|html|<div class="broadcast-red"><b>The battle crashed</b><br />You can keep playing but it might crash again.</div>
|html|<div class="broadcast-red"><b>The battle crashed</b><br />You can keep playing but it might crash again.</div>
|html|<div class="broadcast-red"><b>The battle crashed</b><br />You can keep playing but it might crash again.</div>
|html|<div class="broadcast-red"><b>The battle crashed</b><br />You can keep playing but it might crash again.</div>
|html|<div class="broadcast-red"><b>The battle crashed</b><br />You can keep playing but it might crash again.</div>
|html|<div class="broadcast-red"><b>The battle crashed</b><br />You can keep playing but it might crash again.</div>
|html|<div class="broadcast-red"><b>The battle crashed</b><br />You can keep playing but it might crash again.</div>
|html|<div class="broadcast-red"><b>The battle crashed</b><br />You can keep playing but it might crash again.</div>
|html|<div class="broadcast-red"><b>The battle crashed</b><br />You can keep playing but it might crash again.</div>
|html|<div class="broadcast-red"><b>The battle crashed</b><br />You can keep playing but it might crash again.</div>
|html|<div class="broadcast-red"><b>The battle crashed</b><br />You can keep playing but it might crash again.</div>
|html|<div class="broadcast-red"><b>The battle crashed</b><br />You can keep playing but it might crash again.</div>
|html|<div class="broadcast-red"><b>The battle crashed</b><br />You can keep playing but it might crash again.</div>
|html|<div class="broadcast-red"><b>The battle crashed</b><br />You can keep playing but it might crash again.</div>
|html|<div class="broadcast-red"><b>The battle crashed</b><br />You can keep playing but it might crash again.</div>
|html|<div class="broadcast-red"><b>The battle crashed</b><br />You can keep playing but it might crash again.</div>
|html|<div class="broadcast-red"><b>The battle crashed</b><br />You can keep playing but it might crash again.</div>
|html|<div class="broadcast-red"><b>The battle crashed</b><br />You can keep playing but it might crash again.</div>
|html|<div class="broadcast-red"><b>The battle crashed</b><br />You can keep playing but it might crash again.</div>
|html|<div class="broadcast-red"><b>The battle crashed</b><br />You can keep playing but it might crash again.</div>
|html|<div class="broadcast-red"><b>The battle crashed</b><br />You can keep playing but it might crash again.</div>
|html|<div class="broadcast-red"><b>The battle crashed</b><br />You can keep playing but it might crash again.</div>
|html|<div class="broadcast-red"><b>The battle crashed</b><br />You can keep playing but it might crash again.</div>
|html|<div class="broadcast-red"><b>The battle crashed</b><br />You can keep playing but it might crash again.</div>
|html|<div class="broadcast-red"><b>The battle crashed</b><br />You can keep playing but it might crash again.</div>
|html|<div class="broadcast-red"><b>The battle crashed</b><br />You can keep playing but it might crash again.</div>

TypeError: Cannot read property 'isActive' of null
    at Tools.Battle.makeRequest (/Users/clazinasteunenberg/Downloads/Test/battle-engine.js:1943:15)
    at process.BattlePokemon.side (/Users/clazinasteunenberg/Downloads/Test/battle-engine.js:157:13)
    at process.EventEmitter.emit (events.js:98:17)
    at handleMessage (child_process.js:318:10)
    at Pipe.channel.onread (child_process.js:345:11)

ReferenceError: potd is not defined
    at Tools.exports.BattleScripts.randomTeam (/Users/clazinasteunenberg/Downloads/Test/data/scripts.js:1522:8)
    at Tools.exports.BattleScripts.getTeam (/Users/clazinasteunenberg/Downloads/Test/data/scripts.js:488:16)
    at new BattleSide (/Users/clazinasteunenberg/Downloads/Test/battle-engine.js:1096:27)
    at Tools.Battle.join (/Users/clazinasteunenberg/Downloads/Test/battle-engine.js:3333:15)
    at Tools.Battle.receive (/Users/clazinasteunenberg/Downloads/Test/battle-engine.js:3390:9)
    at process.BattlePokemon.side (/Users/clazinasteunenberg/Downloads/Test/battle-engine.js:143:12)
    at process.EventEmitter.emit (events.js:98:17)
    at handleMessage (child_process.js:318:10)
    at Pipe.channel.onread (child_process.js:345:11)

Additional information:
message = battle-randombattle-497|join|p1|Meloetta<3V|134
currentRequest = 

Log:
|html|<div class="broadcast-red"><b>The battle crashed</b><br />You can keep playing but it might crash again.</div>
|html|<div class="broadcast-red"><b>The battle crashed</b><br />You can keep playing but it might crash again.</div>
|html|<div class="broadcast-red"><b>The battle crashed</b><br />You can keep playing but it might crash again.</div>
|html|<div class="broadcast-red"><b>The battle crashed</b><br />You can keep playing but it might crash again.</div>
|html|<div class="broadcast-red"><b>The battle crashed</b><br />You can keep playing but it might crash again.</div>
|html|<div class="broadcast-red"><b>The battle crashed</b><br />You can keep playing but it might crash again.</div>
|html|<div class="broadcast-red"><b>The battle crashed</b><br />You can keep playing but it might crash again.</div>
|html|<div class="broadcast-red"><b>The battle crashed</b><br />You can keep playing but it might crash again.</div>
|html|<div class="broadcast-red"><b>The battle crashed</b><br />You can keep playing but it might crash again.</div>
|html|<div class="broadcast-red"><b>The battle crashed</b><br />You can keep playing but it might crash again.</div>
|html|<div class="broadcast-red"><b>The battle crashed</b><br />You can keep playing but it might crash again.</div>
|html|<div class="broadcast-red"><b>The battle crashed</b><br />You can keep playing but it might crash again.</div>
|html|<div class="broadcast-red"><b>The battle crashed</b><br />You can keep playing but it might crash again.</div>
|html|<div class="broadcast-red"><b>The battle crashed</b><br />You can keep playing but it might crash again.</div>
|html|<div class="broadcast-red"><b>The battle crashed</b><br />You can keep playing but it might crash again.</div>
|html|<div class="broadcast-red"><b>The battle crashed</b><br />You can keep playing but it might crash again.</div>
|html|<div class="broadcast-red"><b>The battle crashed</b><br />You can keep playing but it might crash again.</div>
|html|<div class="broadcast-red"><b>The battle crashed</b><br />You can keep playing but it might crash again.</div>
|html|<div class="broadcast-red"><b>The battle crashed</b><br />You can keep playing but it might crash again.</div>
|html|<div class="broadcast-red"><b>The battle crashed</b><br />You can keep playing but it might crash again.</div>
|html|<div class="broadcast-red"><b>The battle crashed</b><br />You can keep playing but it might crash again.</div>
|html|<div class="broadcast-red"><b>The battle crashed</b><br />You can keep playing but it might crash again.</div>
|html|<div class="broadcast-red"><b>The battle crashed</b><br />You can keep playing but it might crash again.</div>
|html|<div class="broadcast-red"><b>The battle crashed</b><br />You can keep playing but it might crash again.</div>
|html|<div class="broadcast-red"><b>The battle crashed</b><br />You can keep playing but it might crash again.</div>
|html|<div class="broadcast-red"><b>The battle crashed</b><br />You can keep playing but it might crash again.</div>
|html|<div class="broadcast-red"><b>The battle crashed</b><br />You can keep playing but it might crash again.</div>
|html|<div class="broadcast-red"><b>The battle crashed</b><br />You can keep playing but it might crash again.</div>
|html|<div class="broadcast-red"><b>The battle crashed</b><br />You can keep playing but it might crash again.</div>
|html|<div class="broadcast-red"><b>The battle crashed</b><br />You can keep playing but it might crash again.</div>
|html|<div class="broadcast-red"><b>The battle crashed</b><br />You can keep playing but it might crash again.</div>
|html|<div class="broadcast-red"><b>The battle crashed</b><br />You can keep playing but it might crash again.</div>

TypeError: Cannot read property 'isActive' of null
    at Tools.Battle.makeRequest (/Users/clazinasteunenberg/Downloads/Test/battle-engine.js:1943:15)
    at process.BattlePokemon.side (/Users/clazinasteunenberg/Downloads/Test/battle-engine.js:157:13)
    at process.EventEmitter.emit (events.js:98:17)
    at handleMessage (child_process.js:318:10)
    at Pipe.channel.onread (child_process.js:345:11)

ReferenceError: potd is not defined
    at Tools.exports.BattleScripts.randomTeam (/Users/clazinasteunenberg/Downloads/Test/data/scripts.js:1522:8)
    at Tools.exports.BattleScripts.getTeam (/Users/clazinasteunenberg/Downloads/Test/data/scripts.js:488:16)
    at new BattleSide (/Users/clazinasteunenberg/Downloads/Test/battle-engine.js:1096:27)
    at Tools.Battle.join (/Users/clazinasteunenberg/Downloads/Test/battle-engine.js:3333:15)
    at Tools.Battle.receive (/Users/clazinasteunenberg/Downloads/Test/battle-engine.js:3390:9)
    at process.BattlePokemon.side (/Users/clazinasteunenberg/Downloads/Test/battle-engine.js:143:12)
    at process.EventEmitter.emit (events.js:98:17)
    at handleMessage (child_process.js:318:10)
    at Pipe.channel.onread (child_process.js:345:11)

Additional information:
message = battle-randombattle-497|join|p1|Meloetta<3V|134
currentRequest = 

Log:
|html|<div class="broadcast-red"><b>The battle crashed</b><br />You can keep playing but it might crash again.</div>
|html|<div class="broadcast-red"><b>The battle crashed</b><br />You can keep playing but it might crash again.</div>
|html|<div class="broadcast-red"><b>The battle crashed</b><br />You can keep playing but it might crash again.</div>
|html|<div class="broadcast-red"><b>The battle crashed</b><br />You can keep playing but it might crash again.</div>
|html|<div class="broadcast-red"><b>The battle crashed</b><br />You can keep playing but it might crash again.</div>
|html|<div class="broadcast-red"><b>The battle crashed</b><br />You can keep playing but it might crash again.</div>
|html|<div class="broadcast-red"><b>The battle crashed</b><br />You can keep playing but it might crash again.</div>
|html|<div class="broadcast-red"><b>The battle crashed</b><br />You can keep playing but it might crash again.</div>
|html|<div class="broadcast-red"><b>The battle crashed</b><br />You can keep playing but it might crash again.</div>
|html|<div class="broadcast-red"><b>The battle crashed</b><br />You can keep playing but it might crash again.</div>
|html|<div class="broadcast-red"><b>The battle crashed</b><br />You can keep playing but it might crash again.</div>
|html|<div class="broadcast-red"><b>The battle crashed</b><br />You can keep playing but it might crash again.</div>
|html|<div class="broadcast-red"><b>The battle crashed</b><br />You can keep playing but it might crash again.</div>
|html|<div class="broadcast-red"><b>The battle crashed</b><br />You can keep playing but it might crash again.</div>
|html|<div class="broadcast-red"><b>The battle crashed</b><br />You can keep playing but it might crash again.</div>
|html|<div class="broadcast-red"><b>The battle crashed</b><br />You can keep playing but it might crash again.</div>
|html|<div class="broadcast-red"><b>The battle crashed</b><br />You can keep playing but it might crash again.</div>
|html|<div class="broadcast-red"><b>The battle crashed</b><br />You can keep playing but it might crash again.</div>
|html|<div class="broadcast-red"><b>The battle crashed</b><br />You can keep playing but it might crash again.</div>
|html|<div class="broadcast-red"><b>The battle crashed</b><br />You can keep playing but it might crash again.</div>
|html|<div class="broadcast-red"><b>The battle crashed</b><br />You can keep playing but it might crash again.</div>
|html|<div class="broadcast-red"><b>The battle crashed</b><br />You can keep playing but it might crash again.</div>
|html|<div class="broadcast-red"><b>The battle crashed</b><br />You can keep playing but it might crash again.</div>
|html|<div class="broadcast-red"><b>The battle crashed</b><br />You can keep playing but it might crash again.</div>
|html|<div class="broadcast-red"><b>The battle crashed</b><br />You can keep playing but it might crash again.</div>
|html|<div class="broadcast-red"><b>The battle crashed</b><br />You can keep playing but it might crash again.</div>
|html|<div class="broadcast-red"><b>The battle crashed</b><br />You can keep playing but it might crash again.</div>
|html|<div class="broadcast-red"><b>The battle crashed</b><br />You can keep playing but it might crash again.</div>
|html|<div class="broadcast-red"><b>The battle crashed</b><br />You can keep playing but it might crash again.</div>
|html|<div class="broadcast-red"><b>The battle crashed</b><br />You can keep playing but it might crash again.</div>
|html|<div class="broadcast-red"><b>The battle crashed</b><br />You can keep playing but it might crash again.</div>
|html|<div class="broadcast-red"><b>The battle crashed</b><br />You can keep playing but it might crash again.</div>
|html|<div class="broadcast-red"><b>The battle crashed</b><br />You can keep playing but it might crash again.</div>

TypeError: Cannot read property 'isActive' of null
    at Tools.Battle.makeRequest (/Users/clazinasteunenberg/Downloads/Test/battle-engine.js:1943:15)
    at process.BattlePokemon.side (/Users/clazinasteunenberg/Downloads/Test/battle-engine.js:157:13)
    at process.EventEmitter.emit (events.js:98:17)
    at handleMessage (child_process.js:318:10)
    at Pipe.channel.onread (child_process.js:345:11)

ReferenceError: potd is not defined
    at Tools.exports.BattleScripts.randomTeam (/Users/clazinasteunenberg/Downloads/Test/data/scripts.js:1522:8)
    at Tools.exports.BattleScripts.getTeam (/Users/clazinasteunenberg/Downloads/Test/data/scripts.js:488:16)
    at new BattleSide (/Users/clazinasteunenberg/Downloads/Test/battle-engine.js:1096:27)
    at Tools.Battle.join (/Users/clazinasteunenberg/Downloads/Test/battle-engine.js:3333:15)
    at Tools.Battle.receive (/Users/clazinasteunenberg/Downloads/Test/battle-engine.js:3390:9)
    at process.BattlePokemon.side (/Users/clazinasteunenberg/Downloads/Test/battle-engine.js:143:12)
    at process.EventEmitter.emit (events.js:98:17)
    at handleMessage (child_process.js:318:10)
    at Pipe.channel.onread (child_process.js:345:11)

Additional information:
message = battle-randombattle-497|join|p1|Meloetta<3V|134
currentRequest = 

Log:
|html|<div class="broadcast-red"><b>The battle crashed</b><br />You can keep playing but it might crash again.</div>
|html|<div class="broadcast-red"><b>The battle crashed</b><br />You can keep playing but it might crash again.</div>
|html|<div class="broadcast-red"><b>The battle crashed</b><br />You can keep playing but it might crash again.</div>
|html|<div class="broadcast-red"><b>The battle crashed</b><br />You can keep playing but it might crash again.</div>
|html|<div class="broadcast-red"><b>The battle crashed</b><br />You can keep playing but it might crash again.</div>
|html|<div class="broadcast-red"><b>The battle crashed</b><br />You can keep playing but it might crash again.</div>
|html|<div class="broadcast-red"><b>The battle crashed</b><br />You can keep playing but it might crash again.</div>
|html|<div class="broadcast-red"><b>The battle crashed</b><br />You can keep playing but it might crash again.</div>
|html|<div class="broadcast-red"><b>The battle crashed</b><br />You can keep playing but it might crash again.</div>
|html|<div class="broadcast-red"><b>The battle crashed</b><br />You can keep playing but it might crash again.</div>
|html|<div class="broadcast-red"><b>The battle crashed</b><br />You can keep playing but it might crash again.</div>
|html|<div class="broadcast-red"><b>The battle crashed</b><br />You can keep playing but it might crash again.</div>
|html|<div class="broadcast-red"><b>The battle crashed</b><br />You can keep playing but it might crash again.</div>
|html|<div class="broadcast-red"><b>The battle crashed</b><br />You can keep playing but it might crash again.</div>
|html|<div class="broadcast-red"><b>The battle crashed</b><br />You can keep playing but it might crash again.</div>
|html|<div class="broadcast-red"><b>The battle crashed</b><br />You can keep playing but it might crash again.</div>
|html|<div class="broadcast-red"><b>The battle crashed</b><br />You can keep playing but it might crash again.</div>
|html|<div class="broadcast-red"><b>The battle crashed</b><br />You can keep playing but it might crash again.</div>
|html|<div class="broadcast-red"><b>The battle crashed</b><br />You can keep playing but it might crash again.</div>
|html|<div class="broadcast-red"><b>The battle crashed</b><br />You can keep playing but it might crash again.</div>
|html|<div class="broadcast-red"><b>The battle crashed</b><br />You can keep playing but it might crash again.</div>
|html|<div class="broadcast-red"><b>The battle crashed</b><br />You can keep playing but it might crash again.</div>
|html|<div class="broadcast-red"><b>The battle crashed</b><br />You can keep playing but it might crash again.</div>
|html|<div class="broadcast-red"><b>The battle crashed</b><br />You can keep playing but it might crash again.</div>
|html|<div class="broadcast-red"><b>The battle crashed</b><br />You can keep playing but it might crash again.</div>
|html|<div class="broadcast-red"><b>The battle crashed</b><br />You can keep playing but it might crash again.</div>
|html|<div class="broadcast-red"><b>The battle crashed</b><br />You can keep playing but it might crash again.</div>
|html|<div class="broadcast-red"><b>The battle crashed</b><br />You can keep playing but it might crash again.</div>
|html|<div class="broadcast-red"><b>The battle crashed</b><br />You can keep playing but it might crash again.</div>
|html|<div class="broadcast-red"><b>The battle crashed</b><br />You can keep playing but it might crash again.</div>
|html|<div class="broadcast-red"><b>The battle crashed</b><br />You can keep playing but it might crash again.</div>
|html|<div class="broadcast-red"><b>The battle crashed</b><br />You can keep playing but it might crash again.</div>
|html|<div class="broadcast-red"><b>The battle crashed</b><br />You can keep playing but it might crash again.</div>
|html|<div class="broadcast-red"><b>The battle crashed</b><br />You can keep playing but it might crash again.</div>

TypeError: Cannot read property 'isActive' of null
    at Tools.Battle.makeRequest (/Users/clazinasteunenberg/Downloads/Test/battle-engine.js:1943:15)
    at process.BattlePokemon.side (/Users/clazinasteunenberg/Downloads/Test/battle-engine.js:157:13)
    at process.EventEmitter.emit (events.js:98:17)
    at handleMessage (child_process.js:318:10)
    at Pipe.channel.onread (child_process.js:345:11)

ReferenceError: potd is not defined
    at Tools.exports.BattleScripts.randomTeam (/Users/clazinasteunenberg/Downloads/Test/data/scripts.js:1522:8)
    at Tools.exports.BattleScripts.getTeam (/Users/clazinasteunenberg/Downloads/Test/data/scripts.js:488:16)
    at new BattleSide (/Users/clazinasteunenberg/Downloads/Test/battle-engine.js:1096:27)
    at Tools.Battle.join (/Users/clazinasteunenberg/Downloads/Test/battle-engine.js:3333:15)
    at Tools.Battle.receive (/Users/clazinasteunenberg/Downloads/Test/battle-engine.js:3390:9)
    at process.BattlePokemon.side (/Users/clazinasteunenberg/Downloads/Test/battle-engine.js:143:12)
    at process.EventEmitter.emit (events.js:98:17)
    at handleMessage (child_process.js:318:10)
    at Pipe.channel.onread (child_process.js:345:11)

Additional information:
message = battle-randombattle-497|join|p1|Meloetta<3V|134
currentRequest = 

Log:
|html|<div class="broadcast-red"><b>The battle crashed</b><br />You can keep playing but it might crash again.</div>
|html|<div class="broadcast-red"><b>The battle crashed</b><br />You can keep playing but it might crash again.</div>
|html|<div class="broadcast-red"><b>The battle crashed</b><br />You can keep playing but it might crash again.</div>
|html|<div class="broadcast-red"><b>The battle crashed</b><br />You can keep playing but it might crash again.</div>
|html|<div class="broadcast-red"><b>The battle crashed</b><br />You can keep playing but it might crash again.</div>
|html|<div class="broadcast-red"><b>The battle crashed</b><br />You can keep playing but it might crash again.</div>
|html|<div class="broadcast-red"><b>The battle crashed</b><br />You can keep playing but it might crash again.</div>
|html|<div class="broadcast-red"><b>The battle crashed</b><br />You can keep playing but it might crash again.</div>
|html|<div class="broadcast-red"><b>The battle crashed</b><br />You can keep playing but it might crash again.</div>
|html|<div class="broadcast-red"><b>The battle crashed</b><br />You can keep playing but it might crash again.</div>
|html|<div class="broadcast-red"><b>The battle crashed</b><br />You can keep playing but it might crash again.</div>
|html|<div class="broadcast-red"><b>The battle crashed</b><br />You can keep playing but it might crash again.</div>
|html|<div class="broadcast-red"><b>The battle crashed</b><br />You can keep playing but it might crash again.</div>
|html|<div class="broadcast-red"><b>The battle crashed</b><br />You can keep playing but it might crash again.</div>
|html|<div class="broadcast-red"><b>The battle crashed</b><br />You can keep playing but it might crash again.</div>
|html|<div class="broadcast-red"><b>The battle crashed</b><br />You can keep playing but it might crash again.</div>
|html|<div class="broadcast-red"><b>The battle crashed</b><br />You can keep playing but it might crash again.</div>
|html|<div class="broadcast-red"><b>The battle crashed</b><br />You can keep playing but it might crash again.</div>
|html|<div class="broadcast-red"><b>The battle crashed</b><br />You can keep playing but it might crash again.</div>
|html|<div class="broadcast-red"><b>The battle crashed</b><br />You can keep playing but it might crash again.</div>
|html|<div class="broadcast-red"><b>The battle crashed</b><br />You can keep playing but it might crash again.</div>
|html|<div class="broadcast-red"><b>The battle crashed</b><br />You can keep playing but it might crash again.</div>
|html|<div class="broadcast-red"><b>The battle crashed</b><br />You can keep playing but it might crash again.</div>
|html|<div class="broadcast-red"><b>The battle crashed</b><br />You can keep playing but it might crash again.</div>
|html|<div class="broadcast-red"><b>The battle crashed</b><br />You can keep playing but it might crash again.</div>
|html|<div class="broadcast-red"><b>The battle crashed</b><br />You can keep playing but it might crash again.</div>
|html|<div class="broadcast-red"><b>The battle crashed</b><br />You can keep playing but it might crash again.</div>
|html|<div class="broadcast-red"><b>The battle crashed</b><br />You can keep playing but it might crash again.</div>
|html|<div class="broadcast-red"><b>The battle crashed</b><br />You can keep playing but it might crash again.</div>
|html|<div class="broadcast-red"><b>The battle crashed</b><br />You can keep playing but it might crash again.</div>
|html|<div class="broadcast-red"><b>The battle crashed</b><br />You can keep playing but it might crash again.</div>
|html|<div class="broadcast-red"><b>The battle crashed</b><br />You can keep playing but it might crash again.</div>
|html|<div class="broadcast-red"><b>The battle crashed</b><br />You can keep playing but it might crash again.</div>
|html|<div class="broadcast-red"><b>The battle crashed</b><br />You can keep playing but it might crash again.</div>
|html|<div class="broadcast-red"><b>The battle crashed</b><br />You can keep playing but it might crash again.</div>

TypeError: Cannot read property 'isActive' of null
    at Tools.Battle.makeRequest (/Users/clazinasteunenberg/Downloads/Test/battle-engine.js:1943:15)
    at process.BattlePokemon.side (/Users/clazinasteunenberg/Downloads/Test/battle-engine.js:157:13)
    at process.EventEmitter.emit (events.js:98:17)
    at handleMessage (child_process.js:318:10)
    at Pipe.channel.onread (child_process.js:345:11)

ReferenceError: potd is not defined
    at Tools.exports.BattleScripts.randomTeam (/Users/clazinasteunenberg/Downloads/Test/data/scripts.js:1522:8)
    at Tools.exports.BattleScripts.getTeam (/Users/clazinasteunenberg/Downloads/Test/data/scripts.js:488:16)
    at new BattleSide (/Users/clazinasteunenberg/Downloads/Test/battle-engine.js:1096:27)
    at Tools.Battle.join (/Users/clazinasteunenberg/Downloads/Test/battle-engine.js:3333:15)
    at Tools.Battle.receive (/Users/clazinasteunenberg/Downloads/Test/battle-engine.js:3390:9)
    at process.BattlePokemon.side (/Users/clazinasteunenberg/Downloads/Test/battle-engine.js:143:12)
    at process.EventEmitter.emit (events.js:98:17)
    at handleMessage (child_process.js:318:10)
    at Pipe.channel.onread (child_process.js:345:11)

Additional information:
message = battle-randombattle-497|join|p1|Meloetta<3V|134
currentRequest = 

Log:
|html|<div class="broadcast-red"><b>The battle crashed</b><br />You can keep playing but it might crash again.</div>
|html|<div class="broadcast-red"><b>The battle crashed</b><br />You can keep playing but it might crash again.</div>
|html|<div class="broadcast-red"><b>The battle crashed</b><br />You can keep playing but it might crash again.</div>
|html|<div class="broadcast-red"><b>The battle crashed</b><br />You can keep playing but it might crash again.</div>
|html|<div class="broadcast-red"><b>The battle crashed</b><br />You can keep playing but it might crash again.</div>
|html|<div class="broadcast-red"><b>The battle crashed</b><br />You can keep playing but it might crash again.</div>
|html|<div class="broadcast-red"><b>The battle crashed</b><br />You can keep playing but it might crash again.</div>
|html|<div class="broadcast-red"><b>The battle crashed</b><br />You can keep playing but it might crash again.</div>
|html|<div class="broadcast-red"><b>The battle crashed</b><br />You can keep playing but it might crash again.</div>
|html|<div class="broadcast-red"><b>The battle crashed</b><br />You can keep playing but it might crash again.</div>
|html|<div class="broadcast-red"><b>The battle crashed</b><br />You can keep playing but it might crash again.</div>
|html|<div class="broadcast-red"><b>The battle crashed</b><br />You can keep playing but it might crash again.</div>
|html|<div class="broadcast-red"><b>The battle crashed</b><br />You can keep playing but it might crash again.</div>
|html|<div class="broadcast-red"><b>The battle crashed</b><br />You can keep playing but it might crash again.</div>
|html|<div class="broadcast-red"><b>The battle crashed</b><br />You can keep playing but it might crash again.</div>
|html|<div class="broadcast-red"><b>The battle crashed</b><br />You can keep playing but it might crash again.</div>
|html|<div class="broadcast-red"><b>The battle crashed</b><br />You can keep playing but it might crash again.</div>
|html|<div class="broadcast-red"><b>The battle crashed</b><br />You can keep playing but it might crash again.</div>
|html|<div class="broadcast-red"><b>The battle crashed</b><br />You can keep playing but it might crash again.</div>
|html|<div class="broadcast-red"><b>The battle crashed</b><br />You can keep playing but it might crash again.</div>
|html|<div class="broadcast-red"><b>The battle crashed</b><br />You can keep playing but it might crash again.</div>
|html|<div class="broadcast-red"><b>The battle crashed</b><br />You can keep playing but it might crash again.</div>
|html|<div class="broadcast-red"><b>The battle crashed</b><br />You can keep playing but it might crash again.</div>
|html|<div class="broadcast-red"><b>The battle crashed</b><br />You can keep playing but it might crash again.</div>
|html|<div class="broadcast-red"><b>The battle crashed</b><br />You can keep playing but it might crash again.</div>
|html|<div class="broadcast-red"><b>The battle crashed</b><br />You can keep playing but it might crash again.</div>
|html|<div class="broadcast-red"><b>The battle crashed</b><br />You can keep playing but it might crash again.</div>
|html|<div class="broadcast-red"><b>The battle crashed</b><br />You can keep playing but it might crash again.</div>
|html|<div class="broadcast-red"><b>The battle crashed</b><br />You can keep playing but it might crash again.</div>
|html|<div class="broadcast-red"><b>The battle crashed</b><br />You can keep playing but it might crash again.</div>
|html|<div class="broadcast-red"><b>The battle crashed</b><br />You can keep playing but it might crash again.</div>
|html|<div class="broadcast-red"><b>The battle crashed</b><br />You can keep playing but it might crash again.</div>
|html|<div class="broadcast-red"><b>The battle crashed</b><br />You can keep playing but it might crash again.</div>
|html|<div class="broadcast-red"><b>The battle crashed</b><br />You can keep playing but it might crash again.</div>
|html|<div class="broadcast-red"><b>The battle crashed</b><br />You can keep playing but it might crash again.</div>
|html|<div class="broadcast-red"><b>The battle crashed</b><br />You can keep playing but it might crash again.</div>

TypeError: Cannot read property 'isActive' of null
    at Tools.Battle.makeRequest (/Users/clazinasteunenberg/Downloads/Test/battle-engine.js:1943:15)
    at process.BattlePokemon.side (/Users/clazinasteunenberg/Downloads/Test/battle-engine.js:157:13)
    at process.EventEmitter.emit (events.js:98:17)
    at handleMessage (child_process.js:318:10)
    at Pipe.channel.onread (child_process.js:345:11)

ReferenceError: potd is not defined
    at Tools.exports.BattleScripts.randomTeam (/Users/clazinasteunenberg/Downloads/Test/data/scripts.js:1522:8)
    at Tools.exports.BattleScripts.getTeam (/Users/clazinasteunenberg/Downloads/Test/data/scripts.js:488:16)
    at new BattleSide (/Users/clazinasteunenberg/Downloads/Test/battle-engine.js:1096:27)
    at Tools.Battle.join (/Users/clazinasteunenberg/Downloads/Test/battle-engine.js:3333:15)
    at Tools.Battle.receive (/Users/clazinasteunenberg/Downloads/Test/battle-engine.js:3390:9)
    at process.BattlePokemon.side (/Users/clazinasteunenberg/Downloads/Test/battle-engine.js:143:12)
    at process.EventEmitter.emit (events.js:98:17)
    at handleMessage (child_process.js:318:10)
    at Pipe.channel.onread (child_process.js:345:11)

Additional information:
message = battle-randombattle-497|join|p1|Meloetta<3V|134
currentRequest = 

Log:
|html|<div class="broadcast-red"><b>The battle crashed</b><br />You can keep playing but it might crash again.</div>
|html|<div class="broadcast-red"><b>The battle crashed</b><br />You can keep playing but it might crash again.</div>
|html|<div class="broadcast-red"><b>The battle crashed</b><br />You can keep playing but it might crash again.</div>
|html|<div class="broadcast-red"><b>The battle crashed</b><br />You can keep playing but it might crash again.</div>
|html|<div class="broadcast-red"><b>The battle crashed</b><br />You can keep playing but it might crash again.</div>
|html|<div class="broadcast-red"><b>The battle crashed</b><br />You can keep playing but it might crash again.</div>
|html|<div class="broadcast-red"><b>The battle crashed</b><br />You can keep playing but it might crash again.</div>
|html|<div class="broadcast-red"><b>The battle crashed</b><br />You can keep playing but it might crash again.</div>
|html|<div class="broadcast-red"><b>The battle crashed</b><br />You can keep playing but it might crash again.</div>
|html|<div class="broadcast-red"><b>The battle crashed</b><br />You can keep playing but it might crash again.</div>
|html|<div class="broadcast-red"><b>The battle crashed</b><br />You can keep playing but it might crash again.</div>
|html|<div class="broadcast-red"><b>The battle crashed</b><br />You can keep playing but it might crash again.</div>
|html|<div class="broadcast-red"><b>The battle crashed</b><br />You can keep playing but it might crash again.</div>
|html|<div class="broadcast-red"><b>The battle crashed</b><br />You can keep playing but it might crash again.</div>
|html|<div class="broadcast-red"><b>The battle crashed</b><br />You can keep playing but it might crash again.</div>
|html|<div class="broadcast-red"><b>The battle crashed</b><br />You can keep playing but it might crash again.</div>
|html|<div class="broadcast-red"><b>The battle crashed</b><br />You can keep playing but it might crash again.</div>
|html|<div class="broadcast-red"><b>The battle crashed</b><br />You can keep playing but it might crash again.</div>
|html|<div class="broadcast-red"><b>The battle crashed</b><br />You can keep playing but it might crash again.</div>
|html|<div class="broadcast-red"><b>The battle crashed</b><br />You can keep playing but it might crash again.</div>
|html|<div class="broadcast-red"><b>The battle crashed</b><br />You can keep playing but it might crash again.</div>
|html|<div class="broadcast-red"><b>The battle crashed</b><br />You can keep playing but it might crash again.</div>
|html|<div class="broadcast-red"><b>The battle crashed</b><br />You can keep playing but it might crash again.</div>
|html|<div class="broadcast-red"><b>The battle crashed</b><br />You can keep playing but it might crash again.</div>
|html|<div class="broadcast-red"><b>The battle crashed</b><br />You can keep playing but it might crash again.</div>
|html|<div class="broadcast-red"><b>The battle crashed</b><br />You can keep playing but it might crash again.</div>
|html|<div class="broadcast-red"><b>The battle crashed</b><br />You can keep playing but it might crash again.</div>
|html|<div class="broadcast-red"><b>The battle crashed</b><br />You can keep playing but it might crash again.</div>
|html|<div class="broadcast-red"><b>The battle crashed</b><br />You can keep playing but it might crash again.</div>
|html|<div class="broadcast-red"><b>The battle crashed</b><br />You can keep playing but it might crash again.</div>
|html|<div class="broadcast-red"><b>The battle crashed</b><br />You can keep playing but it might crash again.</div>
|html|<div class="broadcast-red"><b>The battle crashed</b><br />You can keep playing but it might crash again.</div>
|html|<div class="broadcast-red"><b>The battle crashed</b><br />You can keep playing but it might crash again.</div>
|html|<div class="broadcast-red"><b>The battle crashed</b><br />You can keep playing but it might crash again.</div>
|html|<div class="broadcast-red"><b>The battle crashed</b><br />You can keep playing but it might crash again.</div>
|html|<div class="broadcast-red"><b>The battle crashed</b><br />You can keep playing but it might crash again.</div>
|html|<div class="broadcast-red"><b>The battle crashed</b><br />You can keep playing but it might crash again.</div>

TypeError: Cannot read property 'isActive' of null
    at Tools.Battle.makeRequest (/Users/clazinasteunenberg/Downloads/Test/battle-engine.js:1943:15)
    at process.BattlePokemon.side (/Users/clazinasteunenberg/Downloads/Test/battle-engine.js:157:13)
    at process.EventEmitter.emit (events.js:98:17)
    at handleMessage (child_process.js:318:10)
    at Pipe.channel.onread (child_process.js:345:11)

ReferenceError: potd is not defined
    at Tools.exports.BattleScripts.randomTeam (/Users/clazinasteunenberg/Downloads/Test/data/scripts.js:1522:8)
    at Tools.exports.BattleScripts.getTeam (/Users/clazinasteunenberg/Downloads/Test/data/scripts.js:488:16)
    at new BattleSide (/Users/clazinasteunenberg/Downloads/Test/battle-engine.js:1096:27)
    at Tools.Battle.join (/Users/clazinasteunenberg/Downloads/Test/battle-engine.js:3333:15)
    at Tools.Battle.receive (/Users/clazinasteunenberg/Downloads/Test/battle-engine.js:3390:9)
    at process.BattlePokemon.side (/Users/clazinasteunenberg/Downloads/Test/battle-engine.js:143:12)
    at process.EventEmitter.emit (events.js:98:17)
    at handleMessage (child_process.js:318:10)
    at Pipe.channel.onread (child_process.js:345:11)

Additional information:
message = battle-randombattle-497|join|p1|Meloetta<3V|134
currentRequest = 

Log:
|html|<div class="broadcast-red"><b>The battle crashed</b><br />You can keep playing but it might crash again.</div>
|html|<div class="broadcast-red"><b>The battle crashed</b><br />You can keep playing but it might crash again.</div>
|html|<div class="broadcast-red"><b>The battle crashed</b><br />You can keep playing but it might crash again.</div>
|html|<div class="broadcast-red"><b>The battle crashed</b><br />You can keep playing but it might crash again.</div>
|html|<div class="broadcast-red"><b>The battle crashed</b><br />You can keep playing but it might crash again.</div>
|html|<div class="broadcast-red"><b>The battle crashed</b><br />You can keep playing but it might crash again.</div>
|html|<div class="broadcast-red"><b>The battle crashed</b><br />You can keep playing but it might crash again.</div>
|html|<div class="broadcast-red"><b>The battle crashed</b><br />You can keep playing but it might crash again.</div>
|html|<div class="broadcast-red"><b>The battle crashed</b><br />You can keep playing but it might crash again.</div>
|html|<div class="broadcast-red"><b>The battle crashed</b><br />You can keep playing but it might crash again.</div>
|html|<div class="broadcast-red"><b>The battle crashed</b><br />You can keep playing but it might crash again.</div>
|html|<div class="broadcast-red"><b>The battle crashed</b><br />You can keep playing but it might crash again.</div>
|html|<div class="broadcast-red"><b>The battle crashed</b><br />You can keep playing but it might crash again.</div>
|html|<div class="broadcast-red"><b>The battle crashed</b><br />You can keep playing but it might crash again.</div>
|html|<div class="broadcast-red"><b>The battle crashed</b><br />You can keep playing but it might crash again.</div>
|html|<div class="broadcast-red"><b>The battle crashed</b><br />You can keep playing but it might crash again.</div>
|html|<div class="broadcast-red"><b>The battle crashed</b><br />You can keep playing but it might crash again.</div>
|html|<div class="broadcast-red"><b>The battle crashed</b><br />You can keep playing but it might crash again.</div>
|html|<div class="broadcast-red"><b>The battle crashed</b><br />You can keep playing but it might crash again.</div>
|html|<div class="broadcast-red"><b>The battle crashed</b><br />You can keep playing but it might crash again.</div>
|html|<div class="broadcast-red"><b>The battle crashed</b><br />You can keep playing but it might crash again.</div>
|html|<div class="broadcast-red"><b>The battle crashed</b><br />You can keep playing but it might crash again.</div>
|html|<div class="broadcast-red"><b>The battle crashed</b><br />You can keep playing but it might crash again.</div>
|html|<div class="broadcast-red"><b>The battle crashed</b><br />You can keep playing but it might crash again.</div>
|html|<div class="broadcast-red"><b>The battle crashed</b><br />You can keep playing but it might crash again.</div>
|html|<div class="broadcast-red"><b>The battle crashed</b><br />You can keep playing but it might crash again.</div>
|html|<div class="broadcast-red"><b>The battle crashed</b><br />You can keep playing but it might crash again.</div>
|html|<div class="broadcast-red"><b>The battle crashed</b><br />You can keep playing but it might crash again.</div>
|html|<div class="broadcast-red"><b>The battle crashed</b><br />You can keep playing but it might crash again.</div>
|html|<div class="broadcast-red"><b>The battle crashed</b><br />You can keep playing but it might crash again.</div>
|html|<div class="broadcast-red"><b>The battle crashed</b><br />You can keep playing but it might crash again.</div>
|html|<div class="broadcast-red"><b>The battle crashed</b><br />You can keep playing but it might crash again.</div>
|html|<div class="broadcast-red"><b>The battle crashed</b><br />You can keep playing but it might crash again.</div>
|html|<div class="broadcast-red"><b>The battle crashed</b><br />You can keep playing but it might crash again.</div>
|html|<div class="broadcast-red"><b>The battle crashed</b><br />You can keep playing but it might crash again.</div>
|html|<div class="broadcast-red"><b>The battle crashed</b><br />You can keep playing but it might crash again.</div>
|html|<div class="broadcast-red"><b>The battle crashed</b><br />You can keep playing but it might crash again.</div>
|html|<div class="broadcast-red"><b>The battle crashed</b><br />You can keep playing but it might crash again.</div>

TypeError: Cannot read property 'isActive' of null
    at Tools.Battle.makeRequest (/Users/clazinasteunenberg/Downloads/Test/battle-engine.js:1943:15)
    at process.BattlePokemon.side (/Users/clazinasteunenberg/Downloads/Test/battle-engine.js:157:13)
    at process.EventEmitter.emit (events.js:98:17)
    at handleMessage (child_process.js:318:10)
    at Pipe.channel.onread (child_process.js:345:11)

ReferenceError: potd is not defined
    at Tools.exports.BattleScripts.randomTeam (/Users/clazinasteunenberg/Downloads/Test/data/scripts.js:1522:8)
    at Tools.exports.BattleScripts.getTeam (/Users/clazinasteunenberg/Downloads/Test/data/scripts.js:488:16)
    at new BattleSide (/Users/clazinasteunenberg/Downloads/Test/battle-engine.js:1096:27)
    at Tools.Battle.join (/Users/clazinasteunenberg/Downloads/Test/battle-engine.js:3333:15)
    at Tools.Battle.receive (/Users/clazinasteunenberg/Downloads/Test/battle-engine.js:3390:9)
    at process.BattlePokemon.side (/Users/clazinasteunenberg/Downloads/Test/battle-engine.js:143:12)
    at process.EventEmitter.emit (events.js:98:17)
    at handleMessage (child_process.js:318:10)
    at Pipe.channel.onread (child_process.js:345:11)

Additional information:
message = battle-randombattle-497|join|p1|Meloetta<3V|134
currentRequest = 

Log:
|html|<div class="broadcast-red"><b>The battle crashed</b><br />You can keep playing but it might crash again.</div>
|html|<div class="broadcast-red"><b>The battle crashed</b><br />You can keep playing but it might crash again.</div>
|html|<div class="broadcast-red"><b>The battle crashed</b><br />You can keep playing but it might crash again.</div>
|html|<div class="broadcast-red"><b>The battle crashed</b><br />You can keep playing but it might crash again.</div>
|html|<div class="broadcast-red"><b>The battle crashed</b><br />You can keep playing but it might crash again.</div>
|html|<div class="broadcast-red"><b>The battle crashed</b><br />You can keep playing but it might crash again.</div>
|html|<div class="broadcast-red"><b>The battle crashed</b><br />You can keep playing but it might crash again.</div>
|html|<div class="broadcast-red"><b>The battle crashed</b><br />You can keep playing but it might crash again.</div>
|html|<div class="broadcast-red"><b>The battle crashed</b><br />You can keep playing but it might crash again.</div>
|html|<div class="broadcast-red"><b>The battle crashed</b><br />You can keep playing but it might crash again.</div>
|html|<div class="broadcast-red"><b>The battle crashed</b><br />You can keep playing but it might crash again.</div>
|html|<div class="broadcast-red"><b>The battle crashed</b><br />You can keep playing but it might crash again.</div>
|html|<div class="broadcast-red"><b>The battle crashed</b><br />You can keep playing but it might crash again.</div>
|html|<div class="broadcast-red"><b>The battle crashed</b><br />You can keep playing but it might crash again.</div>
|html|<div class="broadcast-red"><b>The battle crashed</b><br />You can keep playing but it might crash again.</div>
|html|<div class="broadcast-red"><b>The battle crashed</b><br />You can keep playing but it might crash again.</div>
|html|<div class="broadcast-red"><b>The battle crashed</b><br />You can keep playing but it might crash again.</div>
|html|<div class="broadcast-red"><b>The battle crashed</b><br />You can keep playing but it might crash again.</div>
|html|<div class="broadcast-red"><b>The battle crashed</b><br />You can keep playing but it might crash again.</div>
|html|<div class="broadcast-red"><b>The battle crashed</b><br />You can keep playing but it might crash again.</div>
|html|<div class="broadcast-red"><b>The battle crashed</b><br />You can keep playing but it might crash again.</div>
|html|<div class="broadcast-red"><b>The battle crashed</b><br />You can keep playing but it might crash again.</div>
|html|<div class="broadcast-red"><b>The battle crashed</b><br />You can keep playing but it might crash again.</div>
|html|<div class="broadcast-red"><b>The battle crashed</b><br />You can keep playing but it might crash again.</div>
|html|<div class="broadcast-red"><b>The battle crashed</b><br />You can keep playing but it might crash again.</div>
|html|<div class="broadcast-red"><b>The battle crashed</b><br />You can keep playing but it might crash again.</div>
|html|<div class="broadcast-red"><b>The battle crashed</b><br />You can keep playing but it might crash again.</div>
|html|<div class="broadcast-red"><b>The battle crashed</b><br />You can keep playing but it might crash again.</div>
|html|<div class="broadcast-red"><b>The battle crashed</b><br />You can keep playing but it might crash again.</div>
|html|<div class="broadcast-red"><b>The battle crashed</b><br />You can keep playing but it might crash again.</div>
|html|<div class="broadcast-red"><b>The battle crashed</b><br />You can keep playing but it might crash again.</div>
|html|<div class="broadcast-red"><b>The battle crashed</b><br />You can keep playing but it might crash again.</div>
|html|<div class="broadcast-red"><b>The battle crashed</b><br />You can keep playing but it might crash again.</div>
|html|<div class="broadcast-red"><b>The battle crashed</b><br />You can keep playing but it might crash again.</div>
|html|<div class="broadcast-red"><b>The battle crashed</b><br />You can keep playing but it might crash again.</div>
|html|<div class="broadcast-red"><b>The battle crashed</b><br />You can keep playing but it might crash again.</div>
|html|<div class="broadcast-red"><b>The battle crashed</b><br />You can keep playing but it might crash again.</div>
|html|<div class="broadcast-red"><b>The battle crashed</b><br />You can keep playing but it might crash again.</div>
|html|<div class="broadcast-red"><b>The battle crashed</b><br />You can keep playing but it might crash again.</div>

TypeError: Cannot read property 'isActive' of null
    at Tools.Battle.makeRequest (/Users/clazinasteunenberg/Downloads/Test/battle-engine.js:1943:15)
    at process.BattlePokemon.side (/Users/clazinasteunenberg/Downloads/Test/battle-engine.js:157:13)
    at process.EventEmitter.emit (events.js:98:17)
    at handleMessage (child_process.js:318:10)
    at Pipe.channel.onread (child_process.js:345:11)

ReferenceError: potd is not defined
    at Tools.exports.BattleScripts.randomTeam (/Users/clazinasteunenberg/Downloads/Test/data/scripts.js:1522:8)
    at Tools.exports.BattleScripts.getTeam (/Users/clazinasteunenberg/Downloads/Test/data/scripts.js:488:16)
    at new BattleSide (/Users/clazinasteunenberg/Downloads/Test/battle-engine.js:1096:27)
    at Tools.Battle.join (/Users/clazinasteunenberg/Downloads/Test/battle-engine.js:3333:15)
    at Tools.Battle.receive (/Users/clazinasteunenberg/Downloads/Test/battle-engine.js:3390:9)
    at process.BattlePokemon.side (/Users/clazinasteunenberg/Downloads/Test/battle-engine.js:143:12)
    at process.EventEmitter.emit (events.js:98:17)
    at handleMessage (child_process.js:318:10)
    at Pipe.channel.onread (child_process.js:345:11)

Additional information:
message = battle-randombattle-497|join|p1|Meloetta<3V|134
currentRequest = 

Log:
|html|<div class="broadcast-red"><b>The battle crashed</b><br />You can keep playing but it might crash again.</div>
|html|<div class="broadcast-red"><b>The battle crashed</b><br />You can keep playing but it might crash again.</div>
|html|<div class="broadcast-red"><b>The battle crashed</b><br />You can keep playing but it might crash again.</div>
|html|<div class="broadcast-red"><b>The battle crashed</b><br />You can keep playing but it might crash again.</div>
|html|<div class="broadcast-red"><b>The battle crashed</b><br />You can keep playing but it might crash again.</div>
|html|<div class="broadcast-red"><b>The battle crashed</b><br />You can keep playing but it might crash again.</div>
|html|<div class="broadcast-red"><b>The battle crashed</b><br />You can keep playing but it might crash again.</div>
|html|<div class="broadcast-red"><b>The battle crashed</b><br />You can keep playing but it might crash again.</div>
|html|<div class="broadcast-red"><b>The battle crashed</b><br />You can keep playing but it might crash again.</div>
|html|<div class="broadcast-red"><b>The battle crashed</b><br />You can keep playing but it might crash again.</div>
|html|<div class="broadcast-red"><b>The battle crashed</b><br />You can keep playing but it might crash again.</div>
|html|<div class="broadcast-red"><b>The battle crashed</b><br />You can keep playing but it might crash again.</div>
|html|<div class="broadcast-red"><b>The battle crashed</b><br />You can keep playing but it might crash again.</div>
|html|<div class="broadcast-red"><b>The battle crashed</b><br />You can keep playing but it might crash again.</div>
|html|<div class="broadcast-red"><b>The battle crashed</b><br />You can keep playing but it might crash again.</div>
|html|<div class="broadcast-red"><b>The battle crashed</b><br />You can keep playing but it might crash again.</div>
|html|<div class="broadcast-red"><b>The battle crashed</b><br />You can keep playing but it might crash again.</div>
|html|<div class="broadcast-red"><b>The battle crashed</b><br />You can keep playing but it might crash again.</div>
|html|<div class="broadcast-red"><b>The battle crashed</b><br />You can keep playing but it might crash again.</div>
|html|<div class="broadcast-red"><b>The battle crashed</b><br />You can keep playing but it might crash again.</div>
|html|<div class="broadcast-red"><b>The battle crashed</b><br />You can keep playing but it might crash again.</div>
|html|<div class="broadcast-red"><b>The battle crashed</b><br />You can keep playing but it might crash again.</div>
|html|<div class="broadcast-red"><b>The battle crashed</b><br />You can keep playing but it might crash again.</div>
|html|<div class="broadcast-red"><b>The battle crashed</b><br />You can keep playing but it might crash again.</div>
|html|<div class="broadcast-red"><b>The battle crashed</b><br />You can keep playing but it might crash again.</div>
|html|<div class="broadcast-red"><b>The battle crashed</b><br />You can keep playing but it might crash again.</div>
|html|<div class="broadcast-red"><b>The battle crashed</b><br />You can keep playing but it might crash again.</div>
|html|<div class="broadcast-red"><b>The battle crashed</b><br />You can keep playing but it might crash again.</div>
|html|<div class="broadcast-red"><b>The battle crashed</b><br />You can keep playing but it might crash again.</div>
|html|<div class="broadcast-red"><b>The battle crashed</b><br />You can keep playing but it might crash again.</div>
|html|<div class="broadcast-red"><b>The battle crashed</b><br />You can keep playing but it might crash again.</div>
|html|<div class="broadcast-red"><b>The battle crashed</b><br />You can keep playing but it might crash again.</div>
|html|<div class="broadcast-red"><b>The battle crashed</b><br />You can keep playing but it might crash again.</div>
|html|<div class="broadcast-red"><b>The battle crashed</b><br />You can keep playing but it might crash again.</div>
|html|<div class="broadcast-red"><b>The battle crashed</b><br />You can keep playing but it might crash again.</div>
|html|<div class="broadcast-red"><b>The battle crashed</b><br />You can keep playing but it might crash again.</div>
|html|<div class="broadcast-red"><b>The battle crashed</b><br />You can keep playing but it might crash again.</div>
|html|<div class="broadcast-red"><b>The battle crashed</b><br />You can keep playing but it might crash again.</div>
|html|<div class="broadcast-red"><b>The battle crashed</b><br />You can keep playing but it might crash again.</div>
|html|<div class="broadcast-red"><b>The battle crashed</b><br />You can keep playing but it might crash again.</div>

TypeError: Cannot read property 'isActive' of null
    at Tools.Battle.makeRequest (/Users/clazinasteunenberg/Downloads/Test/battle-engine.js:1943:15)
    at process.BattlePokemon.side (/Users/clazinasteunenberg/Downloads/Test/battle-engine.js:157:13)
    at process.EventEmitter.emit (events.js:98:17)
    at handleMessage (child_process.js:318:10)
    at Pipe.channel.onread (child_process.js:345:11)

ReferenceError: potd is not defined
    at Tools.exports.BattleScripts.randomTeam (/Users/clazinasteunenberg/Downloads/Test/data/scripts.js:1522:8)
    at Tools.exports.BattleScripts.getTeam (/Users/clazinasteunenberg/Downloads/Test/data/scripts.js:488:16)
    at new BattleSide (/Users/clazinasteunenberg/Downloads/Test/battle-engine.js:1096:27)
    at Tools.Battle.join (/Users/clazinasteunenberg/Downloads/Test/battle-engine.js:3333:15)
    at Tools.Battle.receive (/Users/clazinasteunenberg/Downloads/Test/battle-engine.js:3390:9)
    at process.BattlePokemon.side (/Users/clazinasteunenberg/Downloads/Test/battle-engine.js:143:12)
    at process.EventEmitter.emit (events.js:98:17)
    at handleMessage (child_process.js:318:10)
    at Pipe.channel.onread (child_process.js:345:11)

Additional information:
message = battle-randombattle-497|join|p1|Meloetta<3V|134
currentRequest = 

Log:
|html|<div class="broadcast-red"><b>The battle crashed</b><br />You can keep playing but it might crash again.</div>
|html|<div class="broadcast-red"><b>The battle crashed</b><br />You can keep playing but it might crash again.</div>
|html|<div class="broadcast-red"><b>The battle crashed</b><br />You can keep playing but it might crash again.</div>
|html|<div class="broadcast-red"><b>The battle crashed</b><br />You can keep playing but it might crash again.</div>
|html|<div class="broadcast-red"><b>The battle crashed</b><br />You can keep playing but it might crash again.</div>
|html|<div class="broadcast-red"><b>The battle crashed</b><br />You can keep playing but it might crash again.</div>
|html|<div class="broadcast-red"><b>The battle crashed</b><br />You can keep playing but it might crash again.</div>
|html|<div class="broadcast-red"><b>The battle crashed</b><br />You can keep playing but it might crash again.</div>
|html|<div class="broadcast-red"><b>The battle crashed</b><br />You can keep playing but it might crash again.</div>
|html|<div class="broadcast-red"><b>The battle crashed</b><br />You can keep playing but it might crash again.</div>
|html|<div class="broadcast-red"><b>The battle crashed</b><br />You can keep playing but it might crash again.</div>
|html|<div class="broadcast-red"><b>The battle crashed</b><br />You can keep playing but it might crash again.</div>
|html|<div class="broadcast-red"><b>The battle crashed</b><br />You can keep playing but it might crash again.</div>
|html|<div class="broadcast-red"><b>The battle crashed</b><br />You can keep playing but it might crash again.</div>
|html|<div class="broadcast-red"><b>The battle crashed</b><br />You can keep playing but it might crash again.</div>
|html|<div class="broadcast-red"><b>The battle crashed</b><br />You can keep playing but it might crash again.</div>
|html|<div class="broadcast-red"><b>The battle crashed</b><br />You can keep playing but it might crash again.</div>
|html|<div class="broadcast-red"><b>The battle crashed</b><br />You can keep playing but it might crash again.</div>
|html|<div class="broadcast-red"><b>The battle crashed</b><br />You can keep playing but it might crash again.</div>
|html|<div class="broadcast-red"><b>The battle crashed</b><br />You can keep playing but it might crash again.</div>
|html|<div class="broadcast-red"><b>The battle crashed</b><br />You can keep playing but it might crash again.</div>
|html|<div class="broadcast-red"><b>The battle crashed</b><br />You can keep playing but it might crash again.</div>
|html|<div class="broadcast-red"><b>The battle crashed</b><br />You can keep playing but it might crash again.</div>
|html|<div class="broadcast-red"><b>The battle crashed</b><br />You can keep playing but it might crash again.</div>
|html|<div class="broadcast-red"><b>The battle crashed</b><br />You can keep playing but it might crash again.</div>
|html|<div class="broadcast-red"><b>The battle crashed</b><br />You can keep playing but it might crash again.</div>
|html|<div class="broadcast-red"><b>The battle crashed</b><br />You can keep playing but it might crash again.</div>
|html|<div class="broadcast-red"><b>The battle crashed</b><br />You can keep playing but it might crash again.</div>
|html|<div class="broadcast-red"><b>The battle crashed</b><br />You can keep playing but it might crash again.</div>
|html|<div class="broadcast-red"><b>The battle crashed</b><br />You can keep playing but it might crash again.</div>
|html|<div class="broadcast-red"><b>The battle crashed</b><br />You can keep playing but it might crash again.</div>
|html|<div class="broadcast-red"><b>The battle crashed</b><br />You can keep playing but it might crash again.</div>
|html|<div class="broadcast-red"><b>The battle crashed</b><br />You can keep playing but it might crash again.</div>
|html|<div class="broadcast-red"><b>The battle crashed</b><br />You can keep playing but it might crash again.</div>
|html|<div class="broadcast-red"><b>The battle crashed</b><br />You can keep playing but it might crash again.</div>
|html|<div class="broadcast-red"><b>The battle crashed</b><br />You can keep playing but it might crash again.</div>
|html|<div class="broadcast-red"><b>The battle crashed</b><br />You can keep playing but it might crash again.</div>
|html|<div class="broadcast-red"><b>The battle crashed</b><br />You can keep playing but it might crash again.</div>
|html|<div class="broadcast-red"><b>The battle crashed</b><br />You can keep playing but it might crash again.</div>
|html|<div class="broadcast-red"><b>The battle crashed</b><br />You can keep playing but it might crash again.</div>
|html|<div class="broadcast-red"><b>The battle crashed</b><br />You can keep playing but it might crash again.</div>

TypeError: Cannot read property 'isActive' of null
    at Tools.Battle.makeRequest (/Users/clazinasteunenberg/Downloads/Test/battle-engine.js:1943:15)
    at process.BattlePokemon.side (/Users/clazinasteunenberg/Downloads/Test/battle-engine.js:157:13)
    at process.EventEmitter.emit (events.js:98:17)
    at handleMessage (child_process.js:318:10)
    at Pipe.channel.onread (child_process.js:345:11)

ReferenceError: potd is not defined
    at Tools.exports.BattleScripts.randomTeam (/Users/clazinasteunenberg/Downloads/Test/data/scripts.js:1522:8)
    at Tools.exports.BattleScripts.getTeam (/Users/clazinasteunenberg/Downloads/Test/data/scripts.js:488:16)
    at new BattleSide (/Users/clazinasteunenberg/Downloads/Test/battle-engine.js:1096:27)
    at Tools.Battle.join (/Users/clazinasteunenberg/Downloads/Test/battle-engine.js:3333:15)
    at Tools.Battle.receive (/Users/clazinasteunenberg/Downloads/Test/battle-engine.js:3390:9)
    at process.BattlePokemon.side (/Users/clazinasteunenberg/Downloads/Test/battle-engine.js:143:12)
    at process.EventEmitter.emit (events.js:98:17)
    at handleMessage (child_process.js:318:10)
    at Pipe.channel.onread (child_process.js:345:11)

Additional information:
message = battle-randombattle-497|join|p1|Meloetta<3V|134
currentRequest = 

Log:
|html|<div class="broadcast-red"><b>The battle crashed</b><br />You can keep playing but it might crash again.</div>
|html|<div class="broadcast-red"><b>The battle crashed</b><br />You can keep playing but it might crash again.</div>
|html|<div class="broadcast-red"><b>The battle crashed</b><br />You can keep playing but it might crash again.</div>
|html|<div class="broadcast-red"><b>The battle crashed</b><br />You can keep playing but it might crash again.</div>
|html|<div class="broadcast-red"><b>The battle crashed</b><br />You can keep playing but it might crash again.</div>
|html|<div class="broadcast-red"><b>The battle crashed</b><br />You can keep playing but it might crash again.</div>
|html|<div class="broadcast-red"><b>The battle crashed</b><br />You can keep playing but it might crash again.</div>
|html|<div class="broadcast-red"><b>The battle crashed</b><br />You can keep playing but it might crash again.</div>
|html|<div class="broadcast-red"><b>The battle crashed</b><br />You can keep playing but it might crash again.</div>
|html|<div class="broadcast-red"><b>The battle crashed</b><br />You can keep playing but it might crash again.</div>
|html|<div class="broadcast-red"><b>The battle crashed</b><br />You can keep playing but it might crash again.</div>
|html|<div class="broadcast-red"><b>The battle crashed</b><br />You can keep playing but it might crash again.</div>
|html|<div class="broadcast-red"><b>The battle crashed</b><br />You can keep playing but it might crash again.</div>
|html|<div class="broadcast-red"><b>The battle crashed</b><br />You can keep playing but it might crash again.</div>
|html|<div class="broadcast-red"><b>The battle crashed</b><br />You can keep playing but it might crash again.</div>
|html|<div class="broadcast-red"><b>The battle crashed</b><br />You can keep playing but it might crash again.</div>
|html|<div class="broadcast-red"><b>The battle crashed</b><br />You can keep playing but it might crash again.</div>
|html|<div class="broadcast-red"><b>The battle crashed</b><br />You can keep playing but it might crash again.</div>
|html|<div class="broadcast-red"><b>The battle crashed</b><br />You can keep playing but it might crash again.</div>
|html|<div class="broadcast-red"><b>The battle crashed</b><br />You can keep playing but it might crash again.</div>
|html|<div class="broadcast-red"><b>The battle crashed</b><br />You can keep playing but it might crash again.</div>
|html|<div class="broadcast-red"><b>The battle crashed</b><br />You can keep playing but it might crash again.</div>
|html|<div class="broadcast-red"><b>The battle crashed</b><br />You can keep playing but it might crash again.</div>
|html|<div class="broadcast-red"><b>The battle crashed</b><br />You can keep playing but it might crash again.</div>
|html|<div class="broadcast-red"><b>The battle crashed</b><br />You can keep playing but it might crash again.</div>
|html|<div class="broadcast-red"><b>The battle crashed</b><br />You can keep playing but it might crash again.</div>
|html|<div class="broadcast-red"><b>The battle crashed</b><br />You can keep playing but it might crash again.</div>
|html|<div class="broadcast-red"><b>The battle crashed</b><br />You can keep playing but it might crash again.</div>
|html|<div class="broadcast-red"><b>The battle crashed</b><br />You can keep playing but it might crash again.</div>
|html|<div class="broadcast-red"><b>The battle crashed</b><br />You can keep playing but it might crash again.</div>
|html|<div class="broadcast-red"><b>The battle crashed</b><br />You can keep playing but it might crash again.</div>
|html|<div class="broadcast-red"><b>The battle crashed</b><br />You can keep playing but it might crash again.</div>
|html|<div class="broadcast-red"><b>The battle crashed</b><br />You can keep playing but it might crash again.</div>
|html|<div class="broadcast-red"><b>The battle crashed</b><br />You can keep playing but it might crash again.</div>
|html|<div class="broadcast-red"><b>The battle crashed</b><br />You can keep playing but it might crash again.</div>
|html|<div class="broadcast-red"><b>The battle crashed</b><br />You can keep playing but it might crash again.</div>
|html|<div class="broadcast-red"><b>The battle crashed</b><br />You can keep playing but it might crash again.</div>
|html|<div class="broadcast-red"><b>The battle crashed</b><br />You can keep playing but it might crash again.</div>
|html|<div class="broadcast-red"><b>The battle crashed</b><br />You can keep playing but it might crash again.</div>
|html|<div class="broadcast-red"><b>The battle crashed</b><br />You can keep playing but it might crash again.</div>
|html|<div class="broadcast-red"><b>The battle crashed</b><br />You can keep playing but it might crash again.</div>
|html|<div class="broadcast-red"><b>The battle crashed</b><br />You can keep playing but it might crash again.</div>

TypeError: Cannot read property 'isActive' of null
    at Tools.Battle.makeRequest (/Users/clazinasteunenberg/Downloads/Test/battle-engine.js:1943:15)
    at process.BattlePokemon.side (/Users/clazinasteunenberg/Downloads/Test/battle-engine.js:157:13)
    at process.EventEmitter.emit (events.js:98:17)
    at handleMessage (child_process.js:318:10)
    at Pipe.channel.onread (child_process.js:345:11)

ReferenceError: potd is not defined
    at Tools.exports.BattleScripts.randomTeam (/Users/clazinasteunenberg/Downloads/Test/data/scripts.js:1522:8)
    at Tools.exports.BattleScripts.getTeam (/Users/clazinasteunenberg/Downloads/Test/data/scripts.js:488:16)
    at new BattleSide (/Users/clazinasteunenberg/Downloads/Test/battle-engine.js:1096:27)
    at Tools.Battle.join (/Users/clazinasteunenberg/Downloads/Test/battle-engine.js:3333:15)
    at Tools.Battle.receive (/Users/clazinasteunenberg/Downloads/Test/battle-engine.js:3390:9)
    at process.BattlePokemon.side (/Users/clazinasteunenberg/Downloads/Test/battle-engine.js:143:12)
    at process.EventEmitter.emit (events.js:98:17)
    at handleMessage (child_process.js:318:10)
    at Pipe.channel.onread (child_process.js:345:11)

Additional information:
message = battle-randombattle-497|join|p1|Meloetta<3V|134
currentRequest = 

Log:
|html|<div class="broadcast-red"><b>The battle crashed</b><br />You can keep playing but it might crash again.</div>
|html|<div class="broadcast-red"><b>The battle crashed</b><br />You can keep playing but it might crash again.</div>
|html|<div class="broadcast-red"><b>The battle crashed</b><br />You can keep playing but it might crash again.</div>
|html|<div class="broadcast-red"><b>The battle crashed</b><br />You can keep playing but it might crash again.</div>
|html|<div class="broadcast-red"><b>The battle crashed</b><br />You can keep playing but it might crash again.</div>
|html|<div class="broadcast-red"><b>The battle crashed</b><br />You can keep playing but it might crash again.</div>
|html|<div class="broadcast-red"><b>The battle crashed</b><br />You can keep playing but it might crash again.</div>
|html|<div class="broadcast-red"><b>The battle crashed</b><br />You can keep playing but it might crash again.</div>
|html|<div class="broadcast-red"><b>The battle crashed</b><br />You can keep playing but it might crash again.</div>
|html|<div class="broadcast-red"><b>The battle crashed</b><br />You can keep playing but it might crash again.</div>
|html|<div class="broadcast-red"><b>The battle crashed</b><br />You can keep playing but it might crash again.</div>
|html|<div class="broadcast-red"><b>The battle crashed</b><br />You can keep playing but it might crash again.</div>
|html|<div class="broadcast-red"><b>The battle crashed</b><br />You can keep playing but it might crash again.</div>
|html|<div class="broadcast-red"><b>The battle crashed</b><br />You can keep playing but it might crash again.</div>
|html|<div class="broadcast-red"><b>The battle crashed</b><br />You can keep playing but it might crash again.</div>
|html|<div class="broadcast-red"><b>The battle crashed</b><br />You can keep playing but it might crash again.</div>
|html|<div class="broadcast-red"><b>The battle crashed</b><br />You can keep playing but it might crash again.</div>
|html|<div class="broadcast-red"><b>The battle crashed</b><br />You can keep playing but it might crash again.</div>
|html|<div class="broadcast-red"><b>The battle crashed</b><br />You can keep playing but it might crash again.</div>
|html|<div class="broadcast-red"><b>The battle crashed</b><br />You can keep playing but it might crash again.</div>
|html|<div class="broadcast-red"><b>The battle crashed</b><br />You can keep playing but it might crash again.</div>
|html|<div class="broadcast-red"><b>The battle crashed</b><br />You can keep playing but it might crash again.</div>
|html|<div class="broadcast-red"><b>The battle crashed</b><br />You can keep playing but it might crash again.</div>
|html|<div class="broadcast-red"><b>The battle crashed</b><br />You can keep playing but it might crash again.</div>
|html|<div class="broadcast-red"><b>The battle crashed</b><br />You can keep playing but it might crash again.</div>
|html|<div class="broadcast-red"><b>The battle crashed</b><br />You can keep playing but it might crash again.</div>
|html|<div class="broadcast-red"><b>The battle crashed</b><br />You can keep playing but it might crash again.</div>
|html|<div class="broadcast-red"><b>The battle crashed</b><br />You can keep playing but it might crash again.</div>
|html|<div class="broadcast-red"><b>The battle crashed</b><br />You can keep playing but it might crash again.</div>
|html|<div class="broadcast-red"><b>The battle crashed</b><br />You can keep playing but it might crash again.</div>
|html|<div class="broadcast-red"><b>The battle crashed</b><br />You can keep playing but it might crash again.</div>
|html|<div class="broadcast-red"><b>The battle crashed</b><br />You can keep playing but it might crash again.</div>
|html|<div class="broadcast-red"><b>The battle crashed</b><br />You can keep playing but it might crash again.</div>
|html|<div class="broadcast-red"><b>The battle crashed</b><br />You can keep playing but it might crash again.</div>
|html|<div class="broadcast-red"><b>The battle crashed</b><br />You can keep playing but it might crash again.</div>
|html|<div class="broadcast-red"><b>The battle crashed</b><br />You can keep playing but it might crash again.</div>
|html|<div class="broadcast-red"><b>The battle crashed</b><br />You can keep playing but it might crash again.</div>
|html|<div class="broadcast-red"><b>The battle crashed</b><br />You can keep playing but it might crash again.</div>
|html|<div class="broadcast-red"><b>The battle crashed</b><br />You can keep playing but it might crash again.</div>
|html|<div class="broadcast-red"><b>The battle crashed</b><br />You can keep playing but it might crash again.</div>
|html|<div class="broadcast-red"><b>The battle crashed</b><br />You can keep playing but it might crash again.</div>
|html|<div class="broadcast-red"><b>The battle crashed</b><br />You can keep playing but it might crash again.</div>
|html|<div class="broadcast-red"><b>The battle crashed</b><br />You can keep playing but it might crash again.</div>

TypeError: Cannot read property 'isActive' of null
    at Tools.Battle.makeRequest (/Users/clazinasteunenberg/Downloads/Test/battle-engine.js:1943:15)
    at process.BattlePokemon.side (/Users/clazinasteunenberg/Downloads/Test/battle-engine.js:157:13)
    at process.EventEmitter.emit (events.js:98:17)
    at handleMessage (child_process.js:318:10)
    at Pipe.channel.onread (child_process.js:345:11)

ReferenceError: potd is not defined
    at Tools.exports.BattleScripts.randomTeam (/Users/clazinasteunenberg/Downloads/Test/data/scripts.js:1522:8)
    at Tools.exports.BattleScripts.getTeam (/Users/clazinasteunenberg/Downloads/Test/data/scripts.js:488:16)
    at new BattleSide (/Users/clazinasteunenberg/Downloads/Test/battle-engine.js:1096:27)
    at Tools.Battle.join (/Users/clazinasteunenberg/Downloads/Test/battle-engine.js:3333:15)
    at Tools.Battle.receive (/Users/clazinasteunenberg/Downloads/Test/battle-engine.js:3390:9)
    at process.BattlePokemon.side (/Users/clazinasteunenberg/Downloads/Test/battle-engine.js:143:12)
    at process.EventEmitter.emit (events.js:98:17)
    at handleMessage (child_process.js:318:10)
    at Pipe.channel.onread (child_process.js:345:11)

Additional information:
message = battle-randombattle-497|join|p1|Meloetta<3V|134
currentRequest = 

Log:
|html|<div class="broadcast-red"><b>The battle crashed</b><br />You can keep playing but it might crash again.</div>
|html|<div class="broadcast-red"><b>The battle crashed</b><br />You can keep playing but it might crash again.</div>
|html|<div class="broadcast-red"><b>The battle crashed</b><br />You can keep playing but it might crash again.</div>
|html|<div class="broadcast-red"><b>The battle crashed</b><br />You can keep playing but it might crash again.</div>
|html|<div class="broadcast-red"><b>The battle crashed</b><br />You can keep playing but it might crash again.</div>
|html|<div class="broadcast-red"><b>The battle crashed</b><br />You can keep playing but it might crash again.</div>
|html|<div class="broadcast-red"><b>The battle crashed</b><br />You can keep playing but it might crash again.</div>
|html|<div class="broadcast-red"><b>The battle crashed</b><br />You can keep playing but it might crash again.</div>
|html|<div class="broadcast-red"><b>The battle crashed</b><br />You can keep playing but it might crash again.</div>
|html|<div class="broadcast-red"><b>The battle crashed</b><br />You can keep playing but it might crash again.</div>
|html|<div class="broadcast-red"><b>The battle crashed</b><br />You can keep playing but it might crash again.</div>
|html|<div class="broadcast-red"><b>The battle crashed</b><br />You can keep playing but it might crash again.</div>
|html|<div class="broadcast-red"><b>The battle crashed</b><br />You can keep playing but it might crash again.</div>
|html|<div class="broadcast-red"><b>The battle crashed</b><br />You can keep playing but it might crash again.</div>
|html|<div class="broadcast-red"><b>The battle crashed</b><br />You can keep playing but it might crash again.</div>
|html|<div class="broadcast-red"><b>The battle crashed</b><br />You can keep playing but it might crash again.</div>
|html|<div class="broadcast-red"><b>The battle crashed</b><br />You can keep playing but it might crash again.</div>
|html|<div class="broadcast-red"><b>The battle crashed</b><br />You can keep playing but it might crash again.</div>
|html|<div class="broadcast-red"><b>The battle crashed</b><br />You can keep playing but it might crash again.</div>
|html|<div class="broadcast-red"><b>The battle crashed</b><br />You can keep playing but it might crash again.</div>
|html|<div class="broadcast-red"><b>The battle crashed</b><br />You can keep playing but it might crash again.</div>
|html|<div class="broadcast-red"><b>The battle crashed</b><br />You can keep playing but it might crash again.</div>
|html|<div class="broadcast-red"><b>The battle crashed</b><br />You can keep playing but it might crash again.</div>
|html|<div class="broadcast-red"><b>The battle crashed</b><br />You can keep playing but it might crash again.</div>
|html|<div class="broadcast-red"><b>The battle crashed</b><br />You can keep playing but it might crash again.</div>
|html|<div class="broadcast-red"><b>The battle crashed</b><br />You can keep playing but it might crash again.</div>
|html|<div class="broadcast-red"><b>The battle crashed</b><br />You can keep playing but it might crash again.</div>
|html|<div class="broadcast-red"><b>The battle crashed</b><br />You can keep playing but it might crash again.</div>
|html|<div class="broadcast-red"><b>The battle crashed</b><br />You can keep playing but it might crash again.</div>
|html|<div class="broadcast-red"><b>The battle crashed</b><br />You can keep playing but it might crash again.</div>
|html|<div class="broadcast-red"><b>The battle crashed</b><br />You can keep playing but it might crash again.</div>
|html|<div class="broadcast-red"><b>The battle crashed</b><br />You can keep playing but it might crash again.</div>
|html|<div class="broadcast-red"><b>The battle crashed</b><br />You can keep playing but it might crash again.</div>
|html|<div class="broadcast-red"><b>The battle crashed</b><br />You can keep playing but it might crash again.</div>
|html|<div class="broadcast-red"><b>The battle crashed</b><br />You can keep playing but it might crash again.</div>
|html|<div class="broadcast-red"><b>The battle crashed</b><br />You can keep playing but it might crash again.</div>
|html|<div class="broadcast-red"><b>The battle crashed</b><br />You can keep playing but it might crash again.</div>
|html|<div class="broadcast-red"><b>The battle crashed</b><br />You can keep playing but it might crash again.</div>
|html|<div class="broadcast-red"><b>The battle crashed</b><br />You can keep playing but it might crash again.</div>
|html|<div class="broadcast-red"><b>The battle crashed</b><br />You can keep playing but it might crash again.</div>
|html|<div class="broadcast-red"><b>The battle crashed</b><br />You can keep playing but it might crash again.</div>
|html|<div class="broadcast-red"><b>The battle crashed</b><br />You can keep playing but it might crash again.</div>
|html|<div class="broadcast-red"><b>The battle crashed</b><br />You can keep playing but it might crash again.</div>
|html|<div class="broadcast-red"><b>The battle crashed</b><br />You can keep playing but it might crash again.</div>

TypeError: Cannot read property 'isActive' of null
    at Tools.Battle.makeRequest (/Users/clazinasteunenberg/Downloads/Test/battle-engine.js:1943:15)
    at process.BattlePokemon.side (/Users/clazinasteunenberg/Downloads/Test/battle-engine.js:157:13)
    at process.EventEmitter.emit (events.js:98:17)
    at handleMessage (child_process.js:318:10)
    at Pipe.channel.onread (child_process.js:345:11)

ReferenceError: potd is not defined
    at Tools.exports.BattleScripts.randomTeam (/Users/clazinasteunenberg/Downloads/Test/data/scripts.js:1522:8)
    at Tools.exports.BattleScripts.getTeam (/Users/clazinasteunenberg/Downloads/Test/data/scripts.js:488:16)
    at new BattleSide (/Users/clazinasteunenberg/Downloads/Test/battle-engine.js:1096:27)
    at Tools.Battle.join (/Users/clazinasteunenberg/Downloads/Test/battle-engine.js:3333:15)
    at Tools.Battle.receive (/Users/clazinasteunenberg/Downloads/Test/battle-engine.js:3390:9)
    at process.BattlePokemon.side (/Users/clazinasteunenberg/Downloads/Test/battle-engine.js:143:12)
    at process.EventEmitter.emit (events.js:98:17)
    at handleMessage (child_process.js:318:10)
    at Pipe.channel.onread (child_process.js:345:11)

Additional information:
message = battle-randombattle-497|join|p1|Meloetta<3V|134
currentRequest = 

Log:
|html|<div class="broadcast-red"><b>The battle crashed</b><br />You can keep playing but it might crash again.</div>
|html|<div class="broadcast-red"><b>The battle crashed</b><br />You can keep playing but it might crash again.</div>
|html|<div class="broadcast-red"><b>The battle crashed</b><br />You can keep playing but it might crash again.</div>
|html|<div class="broadcast-red"><b>The battle crashed</b><br />You can keep playing but it might crash again.</div>
|html|<div class="broadcast-red"><b>The battle crashed</b><br />You can keep playing but it might crash again.</div>
|html|<div class="broadcast-red"><b>The battle crashed</b><br />You can keep playing but it might crash again.</div>
|html|<div class="broadcast-red"><b>The battle crashed</b><br />You can keep playing but it might crash again.</div>
|html|<div class="broadcast-red"><b>The battle crashed</b><br />You can keep playing but it might crash again.</div>
|html|<div class="broadcast-red"><b>The battle crashed</b><br />You can keep playing but it might crash again.</div>
|html|<div class="broadcast-red"><b>The battle crashed</b><br />You can keep playing but it might crash again.</div>
|html|<div class="broadcast-red"><b>The battle crashed</b><br />You can keep playing but it might crash again.</div>
|html|<div class="broadcast-red"><b>The battle crashed</b><br />You can keep playing but it might crash again.</div>
|html|<div class="broadcast-red"><b>The battle crashed</b><br />You can keep playing but it might crash again.</div>
|html|<div class="broadcast-red"><b>The battle crashed</b><br />You can keep playing but it might crash again.</div>
|html|<div class="broadcast-red"><b>The battle crashed</b><br />You can keep playing but it might crash again.</div>
|html|<div class="broadcast-red"><b>The battle crashed</b><br />You can keep playing but it might crash again.</div>
|html|<div class="broadcast-red"><b>The battle crashed</b><br />You can keep playing but it might crash again.</div>
|html|<div class="broadcast-red"><b>The battle crashed</b><br />You can keep playing but it might crash again.</div>
|html|<div class="broadcast-red"><b>The battle crashed</b><br />You can keep playing but it might crash again.</div>
|html|<div class="broadcast-red"><b>The battle crashed</b><br />You can keep playing but it might crash again.</div>
|html|<div class="broadcast-red"><b>The battle crashed</b><br />You can keep playing but it might crash again.</div>
|html|<div class="broadcast-red"><b>The battle crashed</b><br />You can keep playing but it might crash again.</div>
|html|<div class="broadcast-red"><b>The battle crashed</b><br />You can keep playing but it might crash again.</div>
|html|<div class="broadcast-red"><b>The battle crashed</b><br />You can keep playing but it might crash again.</div>
|html|<div class="broadcast-red"><b>The battle crashed</b><br />You can keep playing but it might crash again.</div>
|html|<div class="broadcast-red"><b>The battle crashed</b><br />You can keep playing but it might crash again.</div>
|html|<div class="broadcast-red"><b>The battle crashed</b><br />You can keep playing but it might crash again.</div>
|html|<div class="broadcast-red"><b>The battle crashed</b><br />You can keep playing but it might crash again.</div>
|html|<div class="broadcast-red"><b>The battle crashed</b><br />You can keep playing but it might crash again.</div>
|html|<div class="broadcast-red"><b>The battle crashed</b><br />You can keep playing but it might crash again.</div>
|html|<div class="broadcast-red"><b>The battle crashed</b><br />You can keep playing but it might crash again.</div>
|html|<div class="broadcast-red"><b>The battle crashed</b><br />You can keep playing but it might crash again.</div>
|html|<div class="broadcast-red"><b>The battle crashed</b><br />You can keep playing but it might crash again.</div>
|html|<div class="broadcast-red"><b>The battle crashed</b><br />You can keep playing but it might crash again.</div>
|html|<div class="broadcast-red"><b>The battle crashed</b><br />You can keep playing but it might crash again.</div>
|html|<div class="broadcast-red"><b>The battle crashed</b><br />You can keep playing but it might crash again.</div>
|html|<div class="broadcast-red"><b>The battle crashed</b><br />You can keep playing but it might crash again.</div>
|html|<div class="broadcast-red"><b>The battle crashed</b><br />You can keep playing but it might crash again.</div>
|html|<div class="broadcast-red"><b>The battle crashed</b><br />You can keep playing but it might crash again.</div>
|html|<div class="broadcast-red"><b>The battle crashed</b><br />You can keep playing but it might crash again.</div>
|html|<div class="broadcast-red"><b>The battle crashed</b><br />You can keep playing but it might crash again.</div>
|html|<div class="broadcast-red"><b>The battle crashed</b><br />You can keep playing but it might crash again.</div>
|html|<div class="broadcast-red"><b>The battle crashed</b><br />You can keep playing but it might crash again.</div>
|html|<div class="broadcast-red"><b>The battle crashed</b><br />You can keep playing but it might crash again.</div>
|html|<div class="broadcast-red"><b>The battle crashed</b><br />You can keep playing but it might crash again.</div>

TypeError: Cannot read property 'isActive' of null
    at Tools.Battle.makeRequest (/Users/clazinasteunenberg/Downloads/Test/battle-engine.js:1943:15)
    at process.BattlePokemon.side (/Users/clazinasteunenberg/Downloads/Test/battle-engine.js:157:13)
    at process.EventEmitter.emit (events.js:98:17)
    at handleMessage (child_process.js:318:10)
    at Pipe.channel.onread (child_process.js:345:11)

ReferenceError: potd is not defined
    at Tools.exports.BattleScripts.randomTeam (/Users/clazinasteunenberg/Downloads/Test/data/scripts.js:1522:8)
    at Tools.exports.BattleScripts.getTeam (/Users/clazinasteunenberg/Downloads/Test/data/scripts.js:488:16)
    at new BattleSide (/Users/clazinasteunenberg/Downloads/Test/battle-engine.js:1096:27)
    at Tools.Battle.join (/Users/clazinasteunenberg/Downloads/Test/battle-engine.js:3333:15)
    at Tools.Battle.receive (/Users/clazinasteunenberg/Downloads/Test/battle-engine.js:3390:9)
    at process.BattlePokemon.side (/Users/clazinasteunenberg/Downloads/Test/battle-engine.js:143:12)
    at process.EventEmitter.emit (events.js:98:17)
    at handleMessage (child_process.js:318:10)
    at Pipe.channel.onread (child_process.js:345:11)

Additional information:
message = battle-randombattle-497|join|p1|Meloetta<3V|134
currentRequest = 

Log:
|html|<div class="broadcast-red"><b>The battle crashed</b><br />You can keep playing but it might crash again.</div>
|html|<div class="broadcast-red"><b>The battle crashed</b><br />You can keep playing but it might crash again.</div>
|html|<div class="broadcast-red"><b>The battle crashed</b><br />You can keep playing but it might crash again.</div>
|html|<div class="broadcast-red"><b>The battle crashed</b><br />You can keep playing but it might crash again.</div>
|html|<div class="broadcast-red"><b>The battle crashed</b><br />You can keep playing but it might crash again.</div>
|html|<div class="broadcast-red"><b>The battle crashed</b><br />You can keep playing but it might crash again.</div>
|html|<div class="broadcast-red"><b>The battle crashed</b><br />You can keep playing but it might crash again.</div>
|html|<div class="broadcast-red"><b>The battle crashed</b><br />You can keep playing but it might crash again.</div>
|html|<div class="broadcast-red"><b>The battle crashed</b><br />You can keep playing but it might crash again.</div>
|html|<div class="broadcast-red"><b>The battle crashed</b><br />You can keep playing but it might crash again.</div>
|html|<div class="broadcast-red"><b>The battle crashed</b><br />You can keep playing but it might crash again.</div>
|html|<div class="broadcast-red"><b>The battle crashed</b><br />You can keep playing but it might crash again.</div>
|html|<div class="broadcast-red"><b>The battle crashed</b><br />You can keep playing but it might crash again.</div>
|html|<div class="broadcast-red"><b>The battle crashed</b><br />You can keep playing but it might crash again.</div>
|html|<div class="broadcast-red"><b>The battle crashed</b><br />You can keep playing but it might crash again.</div>
|html|<div class="broadcast-red"><b>The battle crashed</b><br />You can keep playing but it might crash again.</div>
|html|<div class="broadcast-red"><b>The battle crashed</b><br />You can keep playing but it might crash again.</div>
|html|<div class="broadcast-red"><b>The battle crashed</b><br />You can keep playing but it might crash again.</div>
|html|<div class="broadcast-red"><b>The battle crashed</b><br />You can keep playing but it might crash again.</div>
|html|<div class="broadcast-red"><b>The battle crashed</b><br />You can keep playing but it might crash again.</div>
|html|<div class="broadcast-red"><b>The battle crashed</b><br />You can keep playing but it might crash again.</div>
|html|<div class="broadcast-red"><b>The battle crashed</b><br />You can keep playing but it might crash again.</div>
|html|<div class="broadcast-red"><b>The battle crashed</b><br />You can keep playing but it might crash again.</div>
|html|<div class="broadcast-red"><b>The battle crashed</b><br />You can keep playing but it might crash again.</div>
|html|<div class="broadcast-red"><b>The battle crashed</b><br />You can keep playing but it might crash again.</div>
|html|<div class="broadcast-red"><b>The battle crashed</b><br />You can keep playing but it might crash again.</div>
|html|<div class="broadcast-red"><b>The battle crashed</b><br />You can keep playing but it might crash again.</div>
|html|<div class="broadcast-red"><b>The battle crashed</b><br />You can keep playing but it might crash again.</div>
|html|<div class="broadcast-red"><b>The battle crashed</b><br />You can keep playing but it might crash again.</div>
|html|<div class="broadcast-red"><b>The battle crashed</b><br />You can keep playing but it might crash again.</div>
|html|<div class="broadcast-red"><b>The battle crashed</b><br />You can keep playing but it might crash again.</div>
|html|<div class="broadcast-red"><b>The battle crashed</b><br />You can keep playing but it might crash again.</div>
|html|<div class="broadcast-red"><b>The battle crashed</b><br />You can keep playing but it might crash again.</div>
|html|<div class="broadcast-red"><b>The battle crashed</b><br />You can keep playing but it might crash again.</div>
|html|<div class="broadcast-red"><b>The battle crashed</b><br />You can keep playing but it might crash again.</div>
|html|<div class="broadcast-red"><b>The battle crashed</b><br />You can keep playing but it might crash again.</div>
|html|<div class="broadcast-red"><b>The battle crashed</b><br />You can keep playing but it might crash again.</div>
|html|<div class="broadcast-red"><b>The battle crashed</b><br />You can keep playing but it might crash again.</div>
|html|<div class="broadcast-red"><b>The battle crashed</b><br />You can keep playing but it might crash again.</div>
|html|<div class="broadcast-red"><b>The battle crashed</b><br />You can keep playing but it might crash again.</div>
|html|<div class="broadcast-red"><b>The battle crashed</b><br />You can keep playing but it might crash again.</div>
|html|<div class="broadcast-red"><b>The battle crashed</b><br />You can keep playing but it might crash again.</div>
|html|<div class="broadcast-red"><b>The battle crashed</b><br />You can keep playing but it might crash again.</div>
|html|<div class="broadcast-red"><b>The battle crashed</b><br />You can keep playing but it might crash again.</div>
|html|<div class="broadcast-red"><b>The battle crashed</b><br />You can keep playing but it might crash again.</div>
|html|<div class="broadcast-red"><b>The battle crashed</b><br />You can keep playing but it might crash again.</div>

TypeError: Cannot read property 'isActive' of null
    at Tools.Battle.makeRequest (/Users/clazinasteunenberg/Downloads/Test/battle-engine.js:1943:15)
    at process.BattlePokemon.side (/Users/clazinasteunenberg/Downloads/Test/battle-engine.js:157:13)
    at process.EventEmitter.emit (events.js:98:17)
    at handleMessage (child_process.js:318:10)
    at Pipe.channel.onread (child_process.js:345:11)

ReferenceError: potd is not defined
    at Tools.exports.BattleScripts.randomTeam (/Users/clazinasteunenberg/Downloads/Test/data/scripts.js:1522:8)
    at Tools.exports.BattleScripts.getTeam (/Users/clazinasteunenberg/Downloads/Test/data/scripts.js:488:16)
    at new BattleSide (/Users/clazinasteunenberg/Downloads/Test/battle-engine.js:1096:27)
    at Tools.Battle.join (/Users/clazinasteunenberg/Downloads/Test/battle-engine.js:3333:15)
    at Tools.Battle.receive (/Users/clazinasteunenberg/Downloads/Test/battle-engine.js:3390:9)
    at process.BattlePokemon.side (/Users/clazinasteunenberg/Downloads/Test/battle-engine.js:143:12)
    at process.EventEmitter.emit (events.js:98:17)
    at handleMessage (child_process.js:318:10)
    at Pipe.channel.onread (child_process.js:345:11)

Additional information:
message = battle-randombattle-497|join|p1|Meloetta<3V|134
currentRequest = 

Log:
|html|<div class="broadcast-red"><b>The battle crashed</b><br />You can keep playing but it might crash again.</div>
|html|<div class="broadcast-red"><b>The battle crashed</b><br />You can keep playing but it might crash again.</div>
|html|<div class="broadcast-red"><b>The battle crashed</b><br />You can keep playing but it might crash again.</div>
|html|<div class="broadcast-red"><b>The battle crashed</b><br />You can keep playing but it might crash again.</div>
|html|<div class="broadcast-red"><b>The battle crashed</b><br />You can keep playing but it might crash again.</div>
|html|<div class="broadcast-red"><b>The battle crashed</b><br />You can keep playing but it might crash again.</div>
|html|<div class="broadcast-red"><b>The battle crashed</b><br />You can keep playing but it might crash again.</div>
|html|<div class="broadcast-red"><b>The battle crashed</b><br />You can keep playing but it might crash again.</div>
|html|<div class="broadcast-red"><b>The battle crashed</b><br />You can keep playing but it might crash again.</div>
|html|<div class="broadcast-red"><b>The battle crashed</b><br />You can keep playing but it might crash again.</div>
|html|<div class="broadcast-red"><b>The battle crashed</b><br />You can keep playing but it might crash again.</div>
|html|<div class="broadcast-red"><b>The battle crashed</b><br />You can keep playing but it might crash again.</div>
|html|<div class="broadcast-red"><b>The battle crashed</b><br />You can keep playing but it might crash again.</div>
|html|<div class="broadcast-red"><b>The battle crashed</b><br />You can keep playing but it might crash again.</div>
|html|<div class="broadcast-red"><b>The battle crashed</b><br />You can keep playing but it might crash again.</div>
|html|<div class="broadcast-red"><b>The battle crashed</b><br />You can keep playing but it might crash again.</div>
|html|<div class="broadcast-red"><b>The battle crashed</b><br />You can keep playing but it might crash again.</div>
|html|<div class="broadcast-red"><b>The battle crashed</b><br />You can keep playing but it might crash again.</div>
|html|<div class="broadcast-red"><b>The battle crashed</b><br />You can keep playing but it might crash again.</div>
|html|<div class="broadcast-red"><b>The battle crashed</b><br />You can keep playing but it might crash again.</div>
|html|<div class="broadcast-red"><b>The battle crashed</b><br />You can keep playing but it might crash again.</div>
|html|<div class="broadcast-red"><b>The battle crashed</b><br />You can keep playing but it might crash again.</div>
|html|<div class="broadcast-red"><b>The battle crashed</b><br />You can keep playing but it might crash again.</div>
|html|<div class="broadcast-red"><b>The battle crashed</b><br />You can keep playing but it might crash again.</div>
|html|<div class="broadcast-red"><b>The battle crashed</b><br />You can keep playing but it might crash again.</div>
|html|<div class="broadcast-red"><b>The battle crashed</b><br />You can keep playing but it might crash again.</div>
|html|<div class="broadcast-red"><b>The battle crashed</b><br />You can keep playing but it might crash again.</div>
|html|<div class="broadcast-red"><b>The battle crashed</b><br />You can keep playing but it might crash again.</div>
|html|<div class="broadcast-red"><b>The battle crashed</b><br />You can keep playing but it might crash again.</div>
|html|<div class="broadcast-red"><b>The battle crashed</b><br />You can keep playing but it might crash again.</div>
|html|<div class="broadcast-red"><b>The battle crashed</b><br />You can keep playing but it might crash again.</div>
|html|<div class="broadcast-red"><b>The battle crashed</b><br />You can keep playing but it might crash again.</div>
|html|<div class="broadcast-red"><b>The battle crashed</b><br />You can keep playing but it might crash again.</div>
|html|<div class="broadcast-red"><b>The battle crashed</b><br />You can keep playing but it might crash again.</div>
|html|<div class="broadcast-red"><b>The battle crashed</b><br />You can keep playing but it might crash again.</div>
|html|<div class="broadcast-red"><b>The battle crashed</b><br />You can keep playing but it might crash again.</div>
|html|<div class="broadcast-red"><b>The battle crashed</b><br />You can keep playing but it might crash again.</div>
|html|<div class="broadcast-red"><b>The battle crashed</b><br />You can keep playing but it might crash again.</div>
|html|<div class="broadcast-red"><b>The battle crashed</b><br />You can keep playing but it might crash again.</div>
|html|<div class="broadcast-red"><b>The battle crashed</b><br />You can keep playing but it might crash again.</div>
|html|<div class="broadcast-red"><b>The battle crashed</b><br />You can keep playing but it might crash again.</div>
|html|<div class="broadcast-red"><b>The battle crashed</b><br />You can keep playing but it might crash again.</div>
|html|<div class="broadcast-red"><b>The battle crashed</b><br />You can keep playing but it might crash again.</div>
|html|<div class="broadcast-red"><b>The battle crashed</b><br />You can keep playing but it might crash again.</div>
|html|<div class="broadcast-red"><b>The battle crashed</b><br />You can keep playing but it might crash again.</div>
|html|<div class="broadcast-red"><b>The battle crashed</b><br />You can keep playing but it might crash again.</div>
|html|<div class="broadcast-red"><b>The battle crashed</b><br />You can keep playing but it might crash again.</div>

TypeError: Cannot read property 'isActive' of null
    at Tools.Battle.makeRequest (/Users/clazinasteunenberg/Downloads/Test/battle-engine.js:1943:15)
    at process.BattlePokemon.side (/Users/clazinasteunenberg/Downloads/Test/battle-engine.js:157:13)
    at process.EventEmitter.emit (events.js:98:17)
    at handleMessage (child_process.js:318:10)
    at Pipe.channel.onread (child_process.js:345:11)

ReferenceError: potd is not defined
    at Tools.exports.BattleScripts.randomTeam (/Users/clazinasteunenberg/Downloads/Test/data/scripts.js:1522:8)
    at Tools.exports.BattleScripts.getTeam (/Users/clazinasteunenberg/Downloads/Test/data/scripts.js:488:16)
    at new BattleSide (/Users/clazinasteunenberg/Downloads/Test/battle-engine.js:1096:27)
    at Tools.Battle.join (/Users/clazinasteunenberg/Downloads/Test/battle-engine.js:3333:15)
    at Tools.Battle.receive (/Users/clazinasteunenberg/Downloads/Test/battle-engine.js:3390:9)
    at process.BattlePokemon.side (/Users/clazinasteunenberg/Downloads/Test/battle-engine.js:143:12)
    at process.EventEmitter.emit (events.js:98:17)
    at handleMessage (child_process.js:318:10)
    at Pipe.channel.onread (child_process.js:345:11)

Additional information:
message = battle-randombattle-497|join|p1|Meloetta<3V|134
currentRequest = 

Log:
|html|<div class="broadcast-red"><b>The battle crashed</b><br />You can keep playing but it might crash again.</div>
|html|<div class="broadcast-red"><b>The battle crashed</b><br />You can keep playing but it might crash again.</div>
|html|<div class="broadcast-red"><b>The battle crashed</b><br />You can keep playing but it might crash again.</div>
|html|<div class="broadcast-red"><b>The battle crashed</b><br />You can keep playing but it might crash again.</div>
|html|<div class="broadcast-red"><b>The battle crashed</b><br />You can keep playing but it might crash again.</div>
|html|<div class="broadcast-red"><b>The battle crashed</b><br />You can keep playing but it might crash again.</div>
|html|<div class="broadcast-red"><b>The battle crashed</b><br />You can keep playing but it might crash again.</div>
|html|<div class="broadcast-red"><b>The battle crashed</b><br />You can keep playing but it might crash again.</div>
|html|<div class="broadcast-red"><b>The battle crashed</b><br />You can keep playing but it might crash again.</div>
|html|<div class="broadcast-red"><b>The battle crashed</b><br />You can keep playing but it might crash again.</div>
|html|<div class="broadcast-red"><b>The battle crashed</b><br />You can keep playing but it might crash again.</div>
|html|<div class="broadcast-red"><b>The battle crashed</b><br />You can keep playing but it might crash again.</div>
|html|<div class="broadcast-red"><b>The battle crashed</b><br />You can keep playing but it might crash again.</div>
|html|<div class="broadcast-red"><b>The battle crashed</b><br />You can keep playing but it might crash again.</div>
|html|<div class="broadcast-red"><b>The battle crashed</b><br />You can keep playing but it might crash again.</div>
|html|<div class="broadcast-red"><b>The battle crashed</b><br />You can keep playing but it might crash again.</div>
|html|<div class="broadcast-red"><b>The battle crashed</b><br />You can keep playing but it might crash again.</div>
|html|<div class="broadcast-red"><b>The battle crashed</b><br />You can keep playing but it might crash again.</div>
|html|<div class="broadcast-red"><b>The battle crashed</b><br />You can keep playing but it might crash again.</div>
|html|<div class="broadcast-red"><b>The battle crashed</b><br />You can keep playing but it might crash again.</div>
|html|<div class="broadcast-red"><b>The battle crashed</b><br />You can keep playing but it might crash again.</div>
|html|<div class="broadcast-red"><b>The battle crashed</b><br />You can keep playing but it might crash again.</div>
|html|<div class="broadcast-red"><b>The battle crashed</b><br />You can keep playing but it might crash again.</div>
|html|<div class="broadcast-red"><b>The battle crashed</b><br />You can keep playing but it might crash again.</div>
|html|<div class="broadcast-red"><b>The battle crashed</b><br />You can keep playing but it might crash again.</div>
|html|<div class="broadcast-red"><b>The battle crashed</b><br />You can keep playing but it might crash again.</div>
|html|<div class="broadcast-red"><b>The battle crashed</b><br />You can keep playing but it might crash again.</div>
|html|<div class="broadcast-red"><b>The battle crashed</b><br />You can keep playing but it might crash again.</div>
|html|<div class="broadcast-red"><b>The battle crashed</b><br />You can keep playing but it might crash again.</div>
|html|<div class="broadcast-red"><b>The battle crashed</b><br />You can keep playing but it might crash again.</div>
|html|<div class="broadcast-red"><b>The battle crashed</b><br />You can keep playing but it might crash again.</div>
|html|<div class="broadcast-red"><b>The battle crashed</b><br />You can keep playing but it might crash again.</div>
|html|<div class="broadcast-red"><b>The battle crashed</b><br />You can keep playing but it might crash again.</div>
|html|<div class="broadcast-red"><b>The battle crashed</b><br />You can keep playing but it might crash again.</div>
|html|<div class="broadcast-red"><b>The battle crashed</b><br />You can keep playing but it might crash again.</div>
|html|<div class="broadcast-red"><b>The battle crashed</b><br />You can keep playing but it might crash again.</div>
|html|<div class="broadcast-red"><b>The battle crashed</b><br />You can keep playing but it might crash again.</div>
|html|<div class="broadcast-red"><b>The battle crashed</b><br />You can keep playing but it might crash again.</div>
|html|<div class="broadcast-red"><b>The battle crashed</b><br />You can keep playing but it might crash again.</div>
|html|<div class="broadcast-red"><b>The battle crashed</b><br />You can keep playing but it might crash again.</div>
|html|<div class="broadcast-red"><b>The battle crashed</b><br />You can keep playing but it might crash again.</div>
|html|<div class="broadcast-red"><b>The battle crashed</b><br />You can keep playing but it might crash again.</div>
|html|<div class="broadcast-red"><b>The battle crashed</b><br />You can keep playing but it might crash again.</div>
|html|<div class="broadcast-red"><b>The battle crashed</b><br />You can keep playing but it might crash again.</div>
|html|<div class="broadcast-red"><b>The battle crashed</b><br />You can keep playing but it might crash again.</div>
|html|<div class="broadcast-red"><b>The battle crashed</b><br />You can keep playing but it might crash again.</div>
|html|<div class="broadcast-red"><b>The battle crashed</b><br />You can keep playing but it might crash again.</div>
|html|<div class="broadcast-red"><b>The battle crashed</b><br />You can keep playing but it might crash again.</div>

TypeError: Cannot read property 'isActive' of null
    at Tools.Battle.makeRequest (/Users/clazinasteunenberg/Downloads/Test/battle-engine.js:1943:15)
    at process.BattlePokemon.side (/Users/clazinasteunenberg/Downloads/Test/battle-engine.js:157:13)
    at process.EventEmitter.emit (events.js:98:17)
    at handleMessage (child_process.js:318:10)
    at Pipe.channel.onread (child_process.js:345:11)

ReferenceError: potd is not defined
    at Tools.exports.BattleScripts.randomTeam (/Users/clazinasteunenberg/Downloads/Test/data/scripts.js:1522:8)
    at Tools.exports.BattleScripts.getTeam (/Users/clazinasteunenberg/Downloads/Test/data/scripts.js:488:16)
    at new BattleSide (/Users/clazinasteunenberg/Downloads/Test/battle-engine.js:1096:27)
    at Tools.Battle.join (/Users/clazinasteunenberg/Downloads/Test/battle-engine.js:3333:15)
    at Tools.Battle.receive (/Users/clazinasteunenberg/Downloads/Test/battle-engine.js:3390:9)
    at process.BattlePokemon.side (/Users/clazinasteunenberg/Downloads/Test/battle-engine.js:143:12)
    at process.EventEmitter.emit (events.js:98:17)
    at handleMessage (child_process.js:318:10)
    at Pipe.channel.onread (child_process.js:345:11)

Additional information:
message = battle-randombattle-497|join|p1|Meloetta<3V|134
currentRequest = 

Log:
|html|<div class="broadcast-red"><b>The battle crashed</b><br />You can keep playing but it might crash again.</div>
|html|<div class="broadcast-red"><b>The battle crashed</b><br />You can keep playing but it might crash again.</div>
|html|<div class="broadcast-red"><b>The battle crashed</b><br />You can keep playing but it might crash again.</div>
|html|<div class="broadcast-red"><b>The battle crashed</b><br />You can keep playing but it might crash again.</div>
|html|<div class="broadcast-red"><b>The battle crashed</b><br />You can keep playing but it might crash again.</div>
|html|<div class="broadcast-red"><b>The battle crashed</b><br />You can keep playing but it might crash again.</div>
|html|<div class="broadcast-red"><b>The battle crashed</b><br />You can keep playing but it might crash again.</div>
|html|<div class="broadcast-red"><b>The battle crashed</b><br />You can keep playing but it might crash again.</div>
|html|<div class="broadcast-red"><b>The battle crashed</b><br />You can keep playing but it might crash again.</div>
|html|<div class="broadcast-red"><b>The battle crashed</b><br />You can keep playing but it might crash again.</div>
|html|<div class="broadcast-red"><b>The battle crashed</b><br />You can keep playing but it might crash again.</div>
|html|<div class="broadcast-red"><b>The battle crashed</b><br />You can keep playing but it might crash again.</div>
|html|<div class="broadcast-red"><b>The battle crashed</b><br />You can keep playing but it might crash again.</div>
|html|<div class="broadcast-red"><b>The battle crashed</b><br />You can keep playing but it might crash again.</div>
|html|<div class="broadcast-red"><b>The battle crashed</b><br />You can keep playing but it might crash again.</div>
|html|<div class="broadcast-red"><b>The battle crashed</b><br />You can keep playing but it might crash again.</div>
|html|<div class="broadcast-red"><b>The battle crashed</b><br />You can keep playing but it might crash again.</div>
|html|<div class="broadcast-red"><b>The battle crashed</b><br />You can keep playing but it might crash again.</div>
|html|<div class="broadcast-red"><b>The battle crashed</b><br />You can keep playing but it might crash again.</div>
|html|<div class="broadcast-red"><b>The battle crashed</b><br />You can keep playing but it might crash again.</div>
|html|<div class="broadcast-red"><b>The battle crashed</b><br />You can keep playing but it might crash again.</div>
|html|<div class="broadcast-red"><b>The battle crashed</b><br />You can keep playing but it might crash again.</div>
|html|<div class="broadcast-red"><b>The battle crashed</b><br />You can keep playing but it might crash again.</div>
|html|<div class="broadcast-red"><b>The battle crashed</b><br />You can keep playing but it might crash again.</div>
|html|<div class="broadcast-red"><b>The battle crashed</b><br />You can keep playing but it might crash again.</div>
|html|<div class="broadcast-red"><b>The battle crashed</b><br />You can keep playing but it might crash again.</div>
|html|<div class="broadcast-red"><b>The battle crashed</b><br />You can keep playing but it might crash again.</div>
|html|<div class="broadcast-red"><b>The battle crashed</b><br />You can keep playing but it might crash again.</div>
|html|<div class="broadcast-red"><b>The battle crashed</b><br />You can keep playing but it might crash again.</div>
|html|<div class="broadcast-red"><b>The battle crashed</b><br />You can keep playing but it might crash again.</div>
|html|<div class="broadcast-red"><b>The battle crashed</b><br />You can keep playing but it might crash again.</div>
|html|<div class="broadcast-red"><b>The battle crashed</b><br />You can keep playing but it might crash again.</div>
|html|<div class="broadcast-red"><b>The battle crashed</b><br />You can keep playing but it might crash again.</div>
|html|<div class="broadcast-red"><b>The battle crashed</b><br />You can keep playing but it might crash again.</div>
|html|<div class="broadcast-red"><b>The battle crashed</b><br />You can keep playing but it might crash again.</div>
|html|<div class="broadcast-red"><b>The battle crashed</b><br />You can keep playing but it might crash again.</div>
|html|<div class="broadcast-red"><b>The battle crashed</b><br />You can keep playing but it might crash again.</div>
|html|<div class="broadcast-red"><b>The battle crashed</b><br />You can keep playing but it might crash again.</div>
|html|<div class="broadcast-red"><b>The battle crashed</b><br />You can keep playing but it might crash again.</div>
|html|<div class="broadcast-red"><b>The battle crashed</b><br />You can keep playing but it might crash again.</div>
|html|<div class="broadcast-red"><b>The battle crashed</b><br />You can keep playing but it might crash again.</div>
|html|<div class="broadcast-red"><b>The battle crashed</b><br />You can keep playing but it might crash again.</div>
|html|<div class="broadcast-red"><b>The battle crashed</b><br />You can keep playing but it might crash again.</div>
|html|<div class="broadcast-red"><b>The battle crashed</b><br />You can keep playing but it might crash again.</div>
|html|<div class="broadcast-red"><b>The battle crashed</b><br />You can keep playing but it might crash again.</div>
|html|<div class="broadcast-red"><b>The battle crashed</b><br />You can keep playing but it might crash again.</div>
|html|<div class="broadcast-red"><b>The battle crashed</b><br />You can keep playing but it might crash again.</div>
|html|<div class="broadcast-red"><b>The battle crashed</b><br />You can keep playing but it might crash again.</div>
|html|<div class="broadcast-red"><b>The battle crashed</b><br />You can keep playing but it might crash again.</div>

TypeError: Cannot read property 'isActive' of null
    at Tools.Battle.makeRequest (/Users/clazinasteunenberg/Downloads/Test/battle-engine.js:1943:15)
    at process.BattlePokemon.side (/Users/clazinasteunenberg/Downloads/Test/battle-engine.js:157:13)
    at process.EventEmitter.emit (events.js:98:17)
    at handleMessage (child_process.js:318:10)
    at Pipe.channel.onread (child_process.js:345:11)

ReferenceError: potd is not defined
    at Tools.exports.BattleScripts.randomTeam (/Users/clazinasteunenberg/Downloads/Test/data/scripts.js:1522:8)
    at Tools.exports.BattleScripts.getTeam (/Users/clazinasteunenberg/Downloads/Test/data/scripts.js:488:16)
    at new BattleSide (/Users/clazinasteunenberg/Downloads/Test/battle-engine.js:1096:27)
    at Tools.Battle.join (/Users/clazinasteunenberg/Downloads/Test/battle-engine.js:3333:15)
    at Tools.Battle.receive (/Users/clazinasteunenberg/Downloads/Test/battle-engine.js:3390:9)
    at process.BattlePokemon.side (/Users/clazinasteunenberg/Downloads/Test/battle-engine.js:143:12)
    at process.EventEmitter.emit (events.js:98:17)
    at handleMessage (child_process.js:318:10)
    at Pipe.channel.onread (child_process.js:345:11)

Additional information:
message = battle-randombattle-497|join|p1|Meloetta<3V|134
currentRequest = 

Log:
|html|<div class="broadcast-red"><b>The battle crashed</b><br />You can keep playing but it might crash again.</div>
|html|<div class="broadcast-red"><b>The battle crashed</b><br />You can keep playing but it might crash again.</div>
|html|<div class="broadcast-red"><b>The battle crashed</b><br />You can keep playing but it might crash again.</div>
|html|<div class="broadcast-red"><b>The battle crashed</b><br />You can keep playing but it might crash again.</div>
|html|<div class="broadcast-red"><b>The battle crashed</b><br />You can keep playing but it might crash again.</div>
|html|<div class="broadcast-red"><b>The battle crashed</b><br />You can keep playing but it might crash again.</div>
|html|<div class="broadcast-red"><b>The battle crashed</b><br />You can keep playing but it might crash again.</div>
|html|<div class="broadcast-red"><b>The battle crashed</b><br />You can keep playing but it might crash again.</div>
|html|<div class="broadcast-red"><b>The battle crashed</b><br />You can keep playing but it might crash again.</div>
|html|<div class="broadcast-red"><b>The battle crashed</b><br />You can keep playing but it might crash again.</div>
|html|<div class="broadcast-red"><b>The battle crashed</b><br />You can keep playing but it might crash again.</div>
|html|<div class="broadcast-red"><b>The battle crashed</b><br />You can keep playing but it might crash again.</div>
|html|<div class="broadcast-red"><b>The battle crashed</b><br />You can keep playing but it might crash again.</div>
|html|<div class="broadcast-red"><b>The battle crashed</b><br />You can keep playing but it might crash again.</div>
|html|<div class="broadcast-red"><b>The battle crashed</b><br />You can keep playing but it might crash again.</div>
|html|<div class="broadcast-red"><b>The battle crashed</b><br />You can keep playing but it might crash again.</div>
|html|<div class="broadcast-red"><b>The battle crashed</b><br />You can keep playing but it might crash again.</div>
|html|<div class="broadcast-red"><b>The battle crashed</b><br />You can keep playing but it might crash again.</div>
|html|<div class="broadcast-red"><b>The battle crashed</b><br />You can keep playing but it might crash again.</div>
|html|<div class="broadcast-red"><b>The battle crashed</b><br />You can keep playing but it might crash again.</div>
|html|<div class="broadcast-red"><b>The battle crashed</b><br />You can keep playing but it might crash again.</div>
|html|<div class="broadcast-red"><b>The battle crashed</b><br />You can keep playing but it might crash again.</div>
|html|<div class="broadcast-red"><b>The battle crashed</b><br />You can keep playing but it might crash again.</div>
|html|<div class="broadcast-red"><b>The battle crashed</b><br />You can keep playing but it might crash again.</div>
|html|<div class="broadcast-red"><b>The battle crashed</b><br />You can keep playing but it might crash again.</div>
|html|<div class="broadcast-red"><b>The battle crashed</b><br />You can keep playing but it might crash again.</div>
|html|<div class="broadcast-red"><b>The battle crashed</b><br />You can keep playing but it might crash again.</div>
|html|<div class="broadcast-red"><b>The battle crashed</b><br />You can keep playing but it might crash again.</div>
|html|<div class="broadcast-red"><b>The battle crashed</b><br />You can keep playing but it might crash again.</div>
|html|<div class="broadcast-red"><b>The battle crashed</b><br />You can keep playing but it might crash again.</div>
|html|<div class="broadcast-red"><b>The battle crashed</b><br />You can keep playing but it might crash again.</div>
|html|<div class="broadcast-red"><b>The battle crashed</b><br />You can keep playing but it might crash again.</div>
|html|<div class="broadcast-red"><b>The battle crashed</b><br />You can keep playing but it might crash again.</div>
|html|<div class="broadcast-red"><b>The battle crashed</b><br />You can keep playing but it might crash again.</div>
|html|<div class="broadcast-red"><b>The battle crashed</b><br />You can keep playing but it might crash again.</div>
|html|<div class="broadcast-red"><b>The battle crashed</b><br />You can keep playing but it might crash again.</div>
|html|<div class="broadcast-red"><b>The battle crashed</b><br />You can keep playing but it might crash again.</div>
|html|<div class="broadcast-red"><b>The battle crashed</b><br />You can keep playing but it might crash again.</div>
|html|<div class="broadcast-red"><b>The battle crashed</b><br />You can keep playing but it might crash again.</div>
|html|<div class="broadcast-red"><b>The battle crashed</b><br />You can keep playing but it might crash again.</div>
|html|<div class="broadcast-red"><b>The battle crashed</b><br />You can keep playing but it might crash again.</div>
|html|<div class="broadcast-red"><b>The battle crashed</b><br />You can keep playing but it might crash again.</div>
|html|<div class="broadcast-red"><b>The battle crashed</b><br />You can keep playing but it might crash again.</div>
|html|<div class="broadcast-red"><b>The battle crashed</b><br />You can keep playing but it might crash again.</div>
|html|<div class="broadcast-red"><b>The battle crashed</b><br />You can keep playing but it might crash again.</div>
|html|<div class="broadcast-red"><b>The battle crashed</b><br />You can keep playing but it might crash again.</div>
|html|<div class="broadcast-red"><b>The battle crashed</b><br />You can keep playing but it might crash again.</div>
|html|<div class="broadcast-red"><b>The battle crashed</b><br />You can keep playing but it might crash again.</div>
|html|<div class="broadcast-red"><b>The battle crashed</b><br />You can keep playing but it might crash again.</div>
|html|<div class="broadcast-red"><b>The battle crashed</b><br />You can keep playing but it might crash again.</div>

TypeError: Cannot read property 'isActive' of null
    at Tools.Battle.makeRequest (/Users/clazinasteunenberg/Downloads/Test/battle-engine.js:1943:15)
    at process.BattlePokemon.side (/Users/clazinasteunenberg/Downloads/Test/battle-engine.js:157:13)
    at process.EventEmitter.emit (events.js:98:17)
    at handleMessage (child_process.js:318:10)
    at Pipe.channel.onread (child_process.js:345:11)

ReferenceError: potd is not defined
    at Tools.exports.BattleScripts.randomTeam (/Users/clazinasteunenberg/Downloads/Test/data/scripts.js:1522:8)
    at Tools.exports.BattleScripts.getTeam (/Users/clazinasteunenberg/Downloads/Test/data/scripts.js:488:16)
    at new BattleSide (/Users/clazinasteunenberg/Downloads/Test/battle-engine.js:1096:27)
    at Tools.Battle.join (/Users/clazinasteunenberg/Downloads/Test/battle-engine.js:3333:15)
    at Tools.Battle.receive (/Users/clazinasteunenberg/Downloads/Test/battle-engine.js:3390:9)
    at process.BattlePokemon.side (/Users/clazinasteunenberg/Downloads/Test/battle-engine.js:143:12)
    at process.EventEmitter.emit (events.js:98:17)
    at handleMessage (child_process.js:318:10)
    at Pipe.channel.onread (child_process.js:345:11)

Additional information:
message = battle-randombattle-497|join|p1|Meloetta<3V|134
currentRequest = 

Log:
|html|<div class="broadcast-red"><b>The battle crashed</b><br />You can keep playing but it might crash again.</div>
|html|<div class="broadcast-red"><b>The battle crashed</b><br />You can keep playing but it might crash again.</div>
|html|<div class="broadcast-red"><b>The battle crashed</b><br />You can keep playing but it might crash again.</div>
|html|<div class="broadcast-red"><b>The battle crashed</b><br />You can keep playing but it might crash again.</div>
|html|<div class="broadcast-red"><b>The battle crashed</b><br />You can keep playing but it might crash again.</div>
|html|<div class="broadcast-red"><b>The battle crashed</b><br />You can keep playing but it might crash again.</div>
|html|<div class="broadcast-red"><b>The battle crashed</b><br />You can keep playing but it might crash again.</div>
|html|<div class="broadcast-red"><b>The battle crashed</b><br />You can keep playing but it might crash again.</div>
|html|<div class="broadcast-red"><b>The battle crashed</b><br />You can keep playing but it might crash again.</div>
|html|<div class="broadcast-red"><b>The battle crashed</b><br />You can keep playing but it might crash again.</div>
|html|<div class="broadcast-red"><b>The battle crashed</b><br />You can keep playing but it might crash again.</div>
|html|<div class="broadcast-red"><b>The battle crashed</b><br />You can keep playing but it might crash again.</div>
|html|<div class="broadcast-red"><b>The battle crashed</b><br />You can keep playing but it might crash again.</div>
|html|<div class="broadcast-red"><b>The battle crashed</b><br />You can keep playing but it might crash again.</div>
|html|<div class="broadcast-red"><b>The battle crashed</b><br />You can keep playing but it might crash again.</div>
|html|<div class="broadcast-red"><b>The battle crashed</b><br />You can keep playing but it might crash again.</div>
|html|<div class="broadcast-red"><b>The battle crashed</b><br />You can keep playing but it might crash again.</div>
|html|<div class="broadcast-red"><b>The battle crashed</b><br />You can keep playing but it might crash again.</div>
|html|<div class="broadcast-red"><b>The battle crashed</b><br />You can keep playing but it might crash again.</div>
|html|<div class="broadcast-red"><b>The battle crashed</b><br />You can keep playing but it might crash again.</div>
|html|<div class="broadcast-red"><b>The battle crashed</b><br />You can keep playing but it might crash again.</div>
|html|<div class="broadcast-red"><b>The battle crashed</b><br />You can keep playing but it might crash again.</div>
|html|<div class="broadcast-red"><b>The battle crashed</b><br />You can keep playing but it might crash again.</div>
|html|<div class="broadcast-red"><b>The battle crashed</b><br />You can keep playing but it might crash again.</div>
|html|<div class="broadcast-red"><b>The battle crashed</b><br />You can keep playing but it might crash again.</div>
|html|<div class="broadcast-red"><b>The battle crashed</b><br />You can keep playing but it might crash again.</div>
|html|<div class="broadcast-red"><b>The battle crashed</b><br />You can keep playing but it might crash again.</div>
|html|<div class="broadcast-red"><b>The battle crashed</b><br />You can keep playing but it might crash again.</div>
|html|<div class="broadcast-red"><b>The battle crashed</b><br />You can keep playing but it might crash again.</div>
|html|<div class="broadcast-red"><b>The battle crashed</b><br />You can keep playing but it might crash again.</div>
|html|<div class="broadcast-red"><b>The battle crashed</b><br />You can keep playing but it might crash again.</div>
|html|<div class="broadcast-red"><b>The battle crashed</b><br />You can keep playing but it might crash again.</div>
|html|<div class="broadcast-red"><b>The battle crashed</b><br />You can keep playing but it might crash again.</div>
|html|<div class="broadcast-red"><b>The battle crashed</b><br />You can keep playing but it might crash again.</div>
|html|<div class="broadcast-red"><b>The battle crashed</b><br />You can keep playing but it might crash again.</div>
|html|<div class="broadcast-red"><b>The battle crashed</b><br />You can keep playing but it might crash again.</div>
|html|<div class="broadcast-red"><b>The battle crashed</b><br />You can keep playing but it might crash again.</div>
|html|<div class="broadcast-red"><b>The battle crashed</b><br />You can keep playing but it might crash again.</div>
|html|<div class="broadcast-red"><b>The battle crashed</b><br />You can keep playing but it might crash again.</div>
|html|<div class="broadcast-red"><b>The battle crashed</b><br />You can keep playing but it might crash again.</div>
|html|<div class="broadcast-red"><b>The battle crashed</b><br />You can keep playing but it might crash again.</div>
|html|<div class="broadcast-red"><b>The battle crashed</b><br />You can keep playing but it might crash again.</div>
|html|<div class="broadcast-red"><b>The battle crashed</b><br />You can keep playing but it might crash again.</div>
|html|<div class="broadcast-red"><b>The battle crashed</b><br />You can keep playing but it might crash again.</div>
|html|<div class="broadcast-red"><b>The battle crashed</b><br />You can keep playing but it might crash again.</div>
|html|<div class="broadcast-red"><b>The battle crashed</b><br />You can keep playing but it might crash again.</div>
|html|<div class="broadcast-red"><b>The battle crashed</b><br />You can keep playing but it might crash again.</div>
|html|<div class="broadcast-red"><b>The battle crashed</b><br />You can keep playing but it might crash again.</div>
|html|<div class="broadcast-red"><b>The battle crashed</b><br />You can keep playing but it might crash again.</div>
|html|<div class="broadcast-red"><b>The battle crashed</b><br />You can keep playing but it might crash again.</div>
|html|<div class="broadcast-red"><b>The battle crashed</b><br />You can keep playing but it might crash again.</div>

TypeError: Cannot read property 'isActive' of null
    at Tools.Battle.makeRequest (/Users/clazinasteunenberg/Downloads/Test/battle-engine.js:1943:15)
    at process.BattlePokemon.side (/Users/clazinasteunenberg/Downloads/Test/battle-engine.js:157:13)
    at process.EventEmitter.emit (events.js:98:17)
    at handleMessage (child_process.js:318:10)
    at Pipe.channel.onread (child_process.js:345:11)

ReferenceError: potd is not defined
    at Tools.exports.BattleScripts.randomTeam (/Users/clazinasteunenberg/Downloads/Test/data/scripts.js:1522:8)
    at Tools.exports.BattleScripts.getTeam (/Users/clazinasteunenberg/Downloads/Test/data/scripts.js:488:16)
    at new BattleSide (/Users/clazinasteunenberg/Downloads/Test/battle-engine.js:1096:27)
    at Tools.Battle.join (/Users/clazinasteunenberg/Downloads/Test/battle-engine.js:3333:15)
    at Tools.Battle.receive (/Users/clazinasteunenberg/Downloads/Test/battle-engine.js:3390:9)
    at process.BattlePokemon.side (/Users/clazinasteunenberg/Downloads/Test/battle-engine.js:143:12)
    at process.EventEmitter.emit (events.js:98:17)
    at handleMessage (child_process.js:318:10)
    at Pipe.channel.onread (child_process.js:345:11)

Additional information:
message = battle-randombattle-497|join|p1|Meloetta<3V|134
currentRequest = 

Log:
|html|<div class="broadcast-red"><b>The battle crashed</b><br />You can keep playing but it might crash again.</div>
|html|<div class="broadcast-red"><b>The battle crashed</b><br />You can keep playing but it might crash again.</div>
|html|<div class="broadcast-red"><b>The battle crashed</b><br />You can keep playing but it might crash again.</div>
|html|<div class="broadcast-red"><b>The battle crashed</b><br />You can keep playing but it might crash again.</div>
|html|<div class="broadcast-red"><b>The battle crashed</b><br />You can keep playing but it might crash again.</div>
|html|<div class="broadcast-red"><b>The battle crashed</b><br />You can keep playing but it might crash again.</div>
|html|<div class="broadcast-red"><b>The battle crashed</b><br />You can keep playing but it might crash again.</div>
|html|<div class="broadcast-red"><b>The battle crashed</b><br />You can keep playing but it might crash again.</div>
|html|<div class="broadcast-red"><b>The battle crashed</b><br />You can keep playing but it might crash again.</div>
|html|<div class="broadcast-red"><b>The battle crashed</b><br />You can keep playing but it might crash again.</div>
|html|<div class="broadcast-red"><b>The battle crashed</b><br />You can keep playing but it might crash again.</div>
|html|<div class="broadcast-red"><b>The battle crashed</b><br />You can keep playing but it might crash again.</div>
|html|<div class="broadcast-red"><b>The battle crashed</b><br />You can keep playing but it might crash again.</div>
|html|<div class="broadcast-red"><b>The battle crashed</b><br />You can keep playing but it might crash again.</div>
|html|<div class="broadcast-red"><b>The battle crashed</b><br />You can keep playing but it might crash again.</div>
|html|<div class="broadcast-red"><b>The battle crashed</b><br />You can keep playing but it might crash again.</div>
|html|<div class="broadcast-red"><b>The battle crashed</b><br />You can keep playing but it might crash again.</div>
|html|<div class="broadcast-red"><b>The battle crashed</b><br />You can keep playing but it might crash again.</div>
|html|<div class="broadcast-red"><b>The battle crashed</b><br />You can keep playing but it might crash again.</div>
|html|<div class="broadcast-red"><b>The battle crashed</b><br />You can keep playing but it might crash again.</div>
|html|<div class="broadcast-red"><b>The battle crashed</b><br />You can keep playing but it might crash again.</div>
|html|<div class="broadcast-red"><b>The battle crashed</b><br />You can keep playing but it might crash again.</div>
|html|<div class="broadcast-red"><b>The battle crashed</b><br />You can keep playing but it might crash again.</div>
|html|<div class="broadcast-red"><b>The battle crashed</b><br />You can keep playing but it might crash again.</div>
|html|<div class="broadcast-red"><b>The battle crashed</b><br />You can keep playing but it might crash again.</div>
|html|<div class="broadcast-red"><b>The battle crashed</b><br />You can keep playing but it might crash again.</div>
|html|<div class="broadcast-red"><b>The battle crashed</b><br />You can keep playing but it might crash again.</div>
|html|<div class="broadcast-red"><b>The battle crashed</b><br />You can keep playing but it might crash again.</div>
|html|<div class="broadcast-red"><b>The battle crashed</b><br />You can keep playing but it might crash again.</div>
|html|<div class="broadcast-red"><b>The battle crashed</b><br />You can keep playing but it might crash again.</div>
|html|<div class="broadcast-red"><b>The battle crashed</b><br />You can keep playing but it might crash again.</div>
|html|<div class="broadcast-red"><b>The battle crashed</b><br />You can keep playing but it might crash again.</div>
|html|<div class="broadcast-red"><b>The battle crashed</b><br />You can keep playing but it might crash again.</div>
|html|<div class="broadcast-red"><b>The battle crashed</b><br />You can keep playing but it might crash again.</div>
|html|<div class="broadcast-red"><b>The battle crashed</b><br />You can keep playing but it might crash again.</div>
|html|<div class="broadcast-red"><b>The battle crashed</b><br />You can keep playing but it might crash again.</div>
|html|<div class="broadcast-red"><b>The battle crashed</b><br />You can keep playing but it might crash again.</div>
|html|<div class="broadcast-red"><b>The battle crashed</b><br />You can keep playing but it might crash again.</div>
|html|<div class="broadcast-red"><b>The battle crashed</b><br />You can keep playing but it might crash again.</div>
|html|<div class="broadcast-red"><b>The battle crashed</b><br />You can keep playing but it might crash again.</div>
|html|<div class="broadcast-red"><b>The battle crashed</b><br />You can keep playing but it might crash again.</div>
|html|<div class="broadcast-red"><b>The battle crashed</b><br />You can keep playing but it might crash again.</div>
|html|<div class="broadcast-red"><b>The battle crashed</b><br />You can keep playing but it might crash again.</div>
|html|<div class="broadcast-red"><b>The battle crashed</b><br />You can keep playing but it might crash again.</div>
|html|<div class="broadcast-red"><b>The battle crashed</b><br />You can keep playing but it might crash again.</div>
|html|<div class="broadcast-red"><b>The battle crashed</b><br />You can keep playing but it might crash again.</div>
|html|<div class="broadcast-red"><b>The battle crashed</b><br />You can keep playing but it might crash again.</div>
|html|<div class="broadcast-red"><b>The battle crashed</b><br />You can keep playing but it might crash again.</div>
|html|<div class="broadcast-red"><b>The battle crashed</b><br />You can keep playing but it might crash again.</div>
|html|<div class="broadcast-red"><b>The battle crashed</b><br />You can keep playing but it might crash again.</div>
|html|<div class="broadcast-red"><b>The battle crashed</b><br />You can keep playing but it might crash again.</div>
|html|<div class="broadcast-red"><b>The battle crashed</b><br />You can keep playing but it might crash again.</div>

TypeError: Cannot read property 'isActive' of null
    at Tools.Battle.makeRequest (/Users/clazinasteunenberg/Downloads/Test/battle-engine.js:1943:15)
    at process.BattlePokemon.side (/Users/clazinasteunenberg/Downloads/Test/battle-engine.js:157:13)
    at process.EventEmitter.emit (events.js:98:17)
    at handleMessage (child_process.js:318:10)
    at Pipe.channel.onread (child_process.js:345:11)

ReferenceError: potd is not defined
    at Tools.exports.BattleScripts.randomTeam (/Users/clazinasteunenberg/Downloads/Test/data/scripts.js:1522:8)
    at Tools.exports.BattleScripts.getTeam (/Users/clazinasteunenberg/Downloads/Test/data/scripts.js:488:16)
    at new BattleSide (/Users/clazinasteunenberg/Downloads/Test/battle-engine.js:1096:27)
    at Tools.Battle.join (/Users/clazinasteunenberg/Downloads/Test/battle-engine.js:3333:15)
    at Tools.Battle.receive (/Users/clazinasteunenberg/Downloads/Test/battle-engine.js:3390:9)
    at process.BattlePokemon.side (/Users/clazinasteunenberg/Downloads/Test/battle-engine.js:143:12)
    at process.EventEmitter.emit (events.js:98:17)
    at handleMessage (child_process.js:318:10)
    at Pipe.channel.onread (child_process.js:345:11)

Additional information:
message = battle-randombattle-497|join|p1|Meloetta<3V|134
currentRequest = 

Log:
|html|<div class="broadcast-red"><b>The battle crashed</b><br />You can keep playing but it might crash again.</div>
|html|<div class="broadcast-red"><b>The battle crashed</b><br />You can keep playing but it might crash again.</div>
|html|<div class="broadcast-red"><b>The battle crashed</b><br />You can keep playing but it might crash again.</div>
|html|<div class="broadcast-red"><b>The battle crashed</b><br />You can keep playing but it might crash again.</div>
|html|<div class="broadcast-red"><b>The battle crashed</b><br />You can keep playing but it might crash again.</div>
|html|<div class="broadcast-red"><b>The battle crashed</b><br />You can keep playing but it might crash again.</div>
|html|<div class="broadcast-red"><b>The battle crashed</b><br />You can keep playing but it might crash again.</div>
|html|<div class="broadcast-red"><b>The battle crashed</b><br />You can keep playing but it might crash again.</div>
|html|<div class="broadcast-red"><b>The battle crashed</b><br />You can keep playing but it might crash again.</div>
|html|<div class="broadcast-red"><b>The battle crashed</b><br />You can keep playing but it might crash again.</div>
|html|<div class="broadcast-red"><b>The battle crashed</b><br />You can keep playing but it might crash again.</div>
|html|<div class="broadcast-red"><b>The battle crashed</b><br />You can keep playing but it might crash again.</div>
|html|<div class="broadcast-red"><b>The battle crashed</b><br />You can keep playing but it might crash again.</div>
|html|<div class="broadcast-red"><b>The battle crashed</b><br />You can keep playing but it might crash again.</div>
|html|<div class="broadcast-red"><b>The battle crashed</b><br />You can keep playing but it might crash again.</div>
|html|<div class="broadcast-red"><b>The battle crashed</b><br />You can keep playing but it might crash again.</div>
|html|<div class="broadcast-red"><b>The battle crashed</b><br />You can keep playing but it might crash again.</div>
|html|<div class="broadcast-red"><b>The battle crashed</b><br />You can keep playing but it might crash again.</div>
|html|<div class="broadcast-red"><b>The battle crashed</b><br />You can keep playing but it might crash again.</div>
|html|<div class="broadcast-red"><b>The battle crashed</b><br />You can keep playing but it might crash again.</div>
|html|<div class="broadcast-red"><b>The battle crashed</b><br />You can keep playing but it might crash again.</div>
|html|<div class="broadcast-red"><b>The battle crashed</b><br />You can keep playing but it might crash again.</div>
|html|<div class="broadcast-red"><b>The battle crashed</b><br />You can keep playing but it might crash again.</div>
|html|<div class="broadcast-red"><b>The battle crashed</b><br />You can keep playing but it might crash again.</div>
|html|<div class="broadcast-red"><b>The battle crashed</b><br />You can keep playing but it might crash again.</div>
|html|<div class="broadcast-red"><b>The battle crashed</b><br />You can keep playing but it might crash again.</div>
|html|<div class="broadcast-red"><b>The battle crashed</b><br />You can keep playing but it might crash again.</div>
|html|<div class="broadcast-red"><b>The battle crashed</b><br />You can keep playing but it might crash again.</div>
|html|<div class="broadcast-red"><b>The battle crashed</b><br />You can keep playing but it might crash again.</div>
|html|<div class="broadcast-red"><b>The battle crashed</b><br />You can keep playing but it might crash again.</div>
|html|<div class="broadcast-red"><b>The battle crashed</b><br />You can keep playing but it might crash again.</div>
|html|<div class="broadcast-red"><b>The battle crashed</b><br />You can keep playing but it might crash again.</div>
|html|<div class="broadcast-red"><b>The battle crashed</b><br />You can keep playing but it might crash again.</div>
|html|<div class="broadcast-red"><b>The battle crashed</b><br />You can keep playing but it might crash again.</div>
|html|<div class="broadcast-red"><b>The battle crashed</b><br />You can keep playing but it might crash again.</div>
|html|<div class="broadcast-red"><b>The battle crashed</b><br />You can keep playing but it might crash again.</div>
|html|<div class="broadcast-red"><b>The battle crashed</b><br />You can keep playing but it might crash again.</div>
|html|<div class="broadcast-red"><b>The battle crashed</b><br />You can keep playing but it might crash again.</div>
|html|<div class="broadcast-red"><b>The battle crashed</b><br />You can keep playing but it might crash again.</div>
|html|<div class="broadcast-red"><b>The battle crashed</b><br />You can keep playing but it might crash again.</div>
|html|<div class="broadcast-red"><b>The battle crashed</b><br />You can keep playing but it might crash again.</div>
|html|<div class="broadcast-red"><b>The battle crashed</b><br />You can keep playing but it might crash again.</div>
|html|<div class="broadcast-red"><b>The battle crashed</b><br />You can keep playing but it might crash again.</div>
|html|<div class="broadcast-red"><b>The battle crashed</b><br />You can keep playing but it might crash again.</div>
|html|<div class="broadcast-red"><b>The battle crashed</b><br />You can keep playing but it might crash again.</div>
|html|<div class="broadcast-red"><b>The battle crashed</b><br />You can keep playing but it might crash again.</div>
|html|<div class="broadcast-red"><b>The battle crashed</b><br />You can keep playing but it might crash again.</div>
|html|<div class="broadcast-red"><b>The battle crashed</b><br />You can keep playing but it might crash again.</div>
|html|<div class="broadcast-red"><b>The battle crashed</b><br />You can keep playing but it might crash again.</div>
|html|<div class="broadcast-red"><b>The battle crashed</b><br />You can keep playing but it might crash again.</div>
|html|<div class="broadcast-red"><b>The battle crashed</b><br />You can keep playing but it might crash again.</div>
|html|<div class="broadcast-red"><b>The battle crashed</b><br />You can keep playing but it might crash again.</div>
|html|<div class="broadcast-red"><b>The battle crashed</b><br />You can keep playing but it might crash again.</div>

TypeError: Cannot read property 'isActive' of null
    at Tools.Battle.makeRequest (/Users/clazinasteunenberg/Downloads/Test/battle-engine.js:1943:15)
    at process.BattlePokemon.side (/Users/clazinasteunenberg/Downloads/Test/battle-engine.js:157:13)
    at process.EventEmitter.emit (events.js:98:17)
    at handleMessage (child_process.js:318:10)
    at Pipe.channel.onread (child_process.js:345:11)

ReferenceError: potd is not defined
    at Tools.exports.BattleScripts.randomTeam (/Users/clazinasteunenberg/Downloads/Test/data/scripts.js:1522:8)
    at Tools.exports.BattleScripts.getTeam (/Users/clazinasteunenberg/Downloads/Test/data/scripts.js:488:16)
    at new BattleSide (/Users/clazinasteunenberg/Downloads/Test/battle-engine.js:1096:27)
    at Tools.Battle.join (/Users/clazinasteunenberg/Downloads/Test/battle-engine.js:3333:15)
    at Tools.Battle.receive (/Users/clazinasteunenberg/Downloads/Test/battle-engine.js:3390:9)
    at process.BattlePokemon.side (/Users/clazinasteunenberg/Downloads/Test/battle-engine.js:143:12)
    at process.EventEmitter.emit (events.js:98:17)
    at handleMessage (child_process.js:318:10)
    at Pipe.channel.onread (child_process.js:345:11)

Additional information:
message = battle-randombattle-497|join|p1|Meloetta<3V|134
currentRequest = 

Log:
|html|<div class="broadcast-red"><b>The battle crashed</b><br />You can keep playing but it might crash again.</div>
|html|<div class="broadcast-red"><b>The battle crashed</b><br />You can keep playing but it might crash again.</div>
|html|<div class="broadcast-red"><b>The battle crashed</b><br />You can keep playing but it might crash again.</div>
|html|<div class="broadcast-red"><b>The battle crashed</b><br />You can keep playing but it might crash again.</div>
|html|<div class="broadcast-red"><b>The battle crashed</b><br />You can keep playing but it might crash again.</div>
|html|<div class="broadcast-red"><b>The battle crashed</b><br />You can keep playing but it might crash again.</div>
|html|<div class="broadcast-red"><b>The battle crashed</b><br />You can keep playing but it might crash again.</div>
|html|<div class="broadcast-red"><b>The battle crashed</b><br />You can keep playing but it might crash again.</div>
|html|<div class="broadcast-red"><b>The battle crashed</b><br />You can keep playing but it might crash again.</div>
|html|<div class="broadcast-red"><b>The battle crashed</b><br />You can keep playing but it might crash again.</div>
|html|<div class="broadcast-red"><b>The battle crashed</b><br />You can keep playing but it might crash again.</div>
|html|<div class="broadcast-red"><b>The battle crashed</b><br />You can keep playing but it might crash again.</div>
|html|<div class="broadcast-red"><b>The battle crashed</b><br />You can keep playing but it might crash again.</div>
|html|<div class="broadcast-red"><b>The battle crashed</b><br />You can keep playing but it might crash again.</div>
|html|<div class="broadcast-red"><b>The battle crashed</b><br />You can keep playing but it might crash again.</div>
|html|<div class="broadcast-red"><b>The battle crashed</b><br />You can keep playing but it might crash again.</div>
|html|<div class="broadcast-red"><b>The battle crashed</b><br />You can keep playing but it might crash again.</div>
|html|<div class="broadcast-red"><b>The battle crashed</b><br />You can keep playing but it might crash again.</div>
|html|<div class="broadcast-red"><b>The battle crashed</b><br />You can keep playing but it might crash again.</div>
|html|<div class="broadcast-red"><b>The battle crashed</b><br />You can keep playing but it might crash again.</div>
|html|<div class="broadcast-red"><b>The battle crashed</b><br />You can keep playing but it might crash again.</div>
|html|<div class="broadcast-red"><b>The battle crashed</b><br />You can keep playing but it might crash again.</div>
|html|<div class="broadcast-red"><b>The battle crashed</b><br />You can keep playing but it might crash again.</div>
|html|<div class="broadcast-red"><b>The battle crashed</b><br />You can keep playing but it might crash again.</div>
|html|<div class="broadcast-red"><b>The battle crashed</b><br />You can keep playing but it might crash again.</div>
|html|<div class="broadcast-red"><b>The battle crashed</b><br />You can keep playing but it might crash again.</div>
|html|<div class="broadcast-red"><b>The battle crashed</b><br />You can keep playing but it might crash again.</div>
|html|<div class="broadcast-red"><b>The battle crashed</b><br />You can keep playing but it might crash again.</div>
|html|<div class="broadcast-red"><b>The battle crashed</b><br />You can keep playing but it might crash again.</div>
|html|<div class="broadcast-red"><b>The battle crashed</b><br />You can keep playing but it might crash again.</div>
|html|<div class="broadcast-red"><b>The battle crashed</b><br />You can keep playing but it might crash again.</div>
|html|<div class="broadcast-red"><b>The battle crashed</b><br />You can keep playing but it might crash again.</div>
|html|<div class="broadcast-red"><b>The battle crashed</b><br />You can keep playing but it might crash again.</div>
|html|<div class="broadcast-red"><b>The battle crashed</b><br />You can keep playing but it might crash again.</div>
|html|<div class="broadcast-red"><b>The battle crashed</b><br />You can keep playing but it might crash again.</div>
|html|<div class="broadcast-red"><b>The battle crashed</b><br />You can keep playing but it might crash again.</div>
|html|<div class="broadcast-red"><b>The battle crashed</b><br />You can keep playing but it might crash again.</div>
|html|<div class="broadcast-red"><b>The battle crashed</b><br />You can keep playing but it might crash again.</div>
|html|<div class="broadcast-red"><b>The battle crashed</b><br />You can keep playing but it might crash again.</div>
|html|<div class="broadcast-red"><b>The battle crashed</b><br />You can keep playing but it might crash again.</div>
|html|<div class="broadcast-red"><b>The battle crashed</b><br />You can keep playing but it might crash again.</div>
|html|<div class="broadcast-red"><b>The battle crashed</b><br />You can keep playing but it might crash again.</div>
|html|<div class="broadcast-red"><b>The battle crashed</b><br />You can keep playing but it might crash again.</div>
|html|<div class="broadcast-red"><b>The battle crashed</b><br />You can keep playing but it might crash again.</div>
|html|<div class="broadcast-red"><b>The battle crashed</b><br />You can keep playing but it might crash again.</div>
|html|<div class="broadcast-red"><b>The battle crashed</b><br />You can keep playing but it might crash again.</div>
|html|<div class="broadcast-red"><b>The battle crashed</b><br />You can keep playing but it might crash again.</div>
|html|<div class="broadcast-red"><b>The battle crashed</b><br />You can keep playing but it might crash again.</div>
|html|<div class="broadcast-red"><b>The battle crashed</b><br />You can keep playing but it might crash again.</div>
|html|<div class="broadcast-red"><b>The battle crashed</b><br />You can keep playing but it might crash again.</div>
|html|<div class="broadcast-red"><b>The battle crashed</b><br />You can keep playing but it might crash again.</div>
|html|<div class="broadcast-red"><b>The battle crashed</b><br />You can keep playing but it might crash again.</div>
|html|<div class="broadcast-red"><b>The battle crashed</b><br />You can keep playing but it might crash again.</div>
|html|<div class="broadcast-red"><b>The battle crashed</b><br />You can keep playing but it might crash again.</div>

TypeError: Cannot read property 'isActive' of null
    at Tools.Battle.makeRequest (/Users/clazinasteunenberg/Downloads/Test/battle-engine.js:1943:15)
    at process.BattlePokemon.side (/Users/clazinasteunenberg/Downloads/Test/battle-engine.js:157:13)
    at process.EventEmitter.emit (events.js:98:17)
    at handleMessage (child_process.js:318:10)
    at Pipe.channel.onread (child_process.js:345:11)

ReferenceError: potd is not defined
    at Tools.exports.BattleScripts.randomTeam (/Users/clazinasteunenberg/Downloads/Test/data/scripts.js:1522:8)
    at Tools.exports.BattleScripts.getTeam (/Users/clazinasteunenberg/Downloads/Test/data/scripts.js:488:16)
    at new BattleSide (/Users/clazinasteunenberg/Downloads/Test/battle-engine.js:1096:27)
    at Tools.Battle.join (/Users/clazinasteunenberg/Downloads/Test/battle-engine.js:3333:15)
    at Tools.Battle.receive (/Users/clazinasteunenberg/Downloads/Test/battle-engine.js:3390:9)
    at process.BattlePokemon.side (/Users/clazinasteunenberg/Downloads/Test/battle-engine.js:143:12)
    at process.EventEmitter.emit (events.js:98:17)
    at handleMessage (child_process.js:318:10)
    at Pipe.channel.onread (child_process.js:345:11)

Additional information:
message = battle-randombattle-497|join|p1|Meloetta<3V|134
currentRequest = 

Log:
|html|<div class="broadcast-red"><b>The battle crashed</b><br />You can keep playing but it might crash again.</div>
|html|<div class="broadcast-red"><b>The battle crashed</b><br />You can keep playing but it might crash again.</div>
|html|<div class="broadcast-red"><b>The battle crashed</b><br />You can keep playing but it might crash again.</div>
|html|<div class="broadcast-red"><b>The battle crashed</b><br />You can keep playing but it might crash again.</div>
|html|<div class="broadcast-red"><b>The battle crashed</b><br />You can keep playing but it might crash again.</div>
|html|<div class="broadcast-red"><b>The battle crashed</b><br />You can keep playing but it might crash again.</div>
|html|<div class="broadcast-red"><b>The battle crashed</b><br />You can keep playing but it might crash again.</div>
|html|<div class="broadcast-red"><b>The battle crashed</b><br />You can keep playing but it might crash again.</div>
|html|<div class="broadcast-red"><b>The battle crashed</b><br />You can keep playing but it might crash again.</div>
|html|<div class="broadcast-red"><b>The battle crashed</b><br />You can keep playing but it might crash again.</div>
|html|<div class="broadcast-red"><b>The battle crashed</b><br />You can keep playing but it might crash again.</div>
|html|<div class="broadcast-red"><b>The battle crashed</b><br />You can keep playing but it might crash again.</div>
|html|<div class="broadcast-red"><b>The battle crashed</b><br />You can keep playing but it might crash again.</div>
|html|<div class="broadcast-red"><b>The battle crashed</b><br />You can keep playing but it might crash again.</div>
|html|<div class="broadcast-red"><b>The battle crashed</b><br />You can keep playing but it might crash again.</div>
|html|<div class="broadcast-red"><b>The battle crashed</b><br />You can keep playing but it might crash again.</div>
|html|<div class="broadcast-red"><b>The battle crashed</b><br />You can keep playing but it might crash again.</div>
|html|<div class="broadcast-red"><b>The battle crashed</b><br />You can keep playing but it might crash again.</div>
|html|<div class="broadcast-red"><b>The battle crashed</b><br />You can keep playing but it might crash again.</div>
|html|<div class="broadcast-red"><b>The battle crashed</b><br />You can keep playing but it might crash again.</div>
|html|<div class="broadcast-red"><b>The battle crashed</b><br />You can keep playing but it might crash again.</div>
|html|<div class="broadcast-red"><b>The battle crashed</b><br />You can keep playing but it might crash again.</div>
|html|<div class="broadcast-red"><b>The battle crashed</b><br />You can keep playing but it might crash again.</div>
|html|<div class="broadcast-red"><b>The battle crashed</b><br />You can keep playing but it might crash again.</div>
|html|<div class="broadcast-red"><b>The battle crashed</b><br />You can keep playing but it might crash again.</div>
|html|<div class="broadcast-red"><b>The battle crashed</b><br />You can keep playing but it might crash again.</div>
|html|<div class="broadcast-red"><b>The battle crashed</b><br />You can keep playing but it might crash again.</div>
|html|<div class="broadcast-red"><b>The battle crashed</b><br />You can keep playing but it might crash again.</div>
|html|<div class="broadcast-red"><b>The battle crashed</b><br />You can keep playing but it might crash again.</div>
|html|<div class="broadcast-red"><b>The battle crashed</b><br />You can keep playing but it might crash again.</div>
|html|<div class="broadcast-red"><b>The battle crashed</b><br />You can keep playing but it might crash again.</div>
|html|<div class="broadcast-red"><b>The battle crashed</b><br />You can keep playing but it might crash again.</div>
|html|<div class="broadcast-red"><b>The battle crashed</b><br />You can keep playing but it might crash again.</div>
|html|<div class="broadcast-red"><b>The battle crashed</b><br />You can keep playing but it might crash again.</div>
|html|<div class="broadcast-red"><b>The battle crashed</b><br />You can keep playing but it might crash again.</div>
|html|<div class="broadcast-red"><b>The battle crashed</b><br />You can keep playing but it might crash again.</div>
|html|<div class="broadcast-red"><b>The battle crashed</b><br />You can keep playing but it might crash again.</div>
|html|<div class="broadcast-red"><b>The battle crashed</b><br />You can keep playing but it might crash again.</div>
|html|<div class="broadcast-red"><b>The battle crashed</b><br />You can keep playing but it might crash again.</div>
|html|<div class="broadcast-red"><b>The battle crashed</b><br />You can keep playing but it might crash again.</div>
|html|<div class="broadcast-red"><b>The battle crashed</b><br />You can keep playing but it might crash again.</div>
|html|<div class="broadcast-red"><b>The battle crashed</b><br />You can keep playing but it might crash again.</div>
|html|<div class="broadcast-red"><b>The battle crashed</b><br />You can keep playing but it might crash again.</div>
|html|<div class="broadcast-red"><b>The battle crashed</b><br />You can keep playing but it might crash again.</div>
|html|<div class="broadcast-red"><b>The battle crashed</b><br />You can keep playing but it might crash again.</div>
|html|<div class="broadcast-red"><b>The battle crashed</b><br />You can keep playing but it might crash again.</div>
|html|<div class="broadcast-red"><b>The battle crashed</b><br />You can keep playing but it might crash again.</div>
|html|<div class="broadcast-red"><b>The battle crashed</b><br />You can keep playing but it might crash again.</div>
|html|<div class="broadcast-red"><b>The battle crashed</b><br />You can keep playing but it might crash again.</div>
|html|<div class="broadcast-red"><b>The battle crashed</b><br />You can keep playing but it might crash again.</div>
|html|<div class="broadcast-red"><b>The battle crashed</b><br />You can keep playing but it might crash again.</div>
|html|<div class="broadcast-red"><b>The battle crashed</b><br />You can keep playing but it might crash again.</div>
|html|<div class="broadcast-red"><b>The battle crashed</b><br />You can keep playing but it might crash again.</div>
|html|<div class="broadcast-red"><b>The battle crashed</b><br />You can keep playing but it might crash again.</div>
|html|<div class="broadcast-red"><b>The battle crashed</b><br />You can keep playing but it might crash again.</div>

TypeError: Cannot read property 'isActive' of null
    at Tools.Battle.makeRequest (/Users/clazinasteunenberg/Downloads/Test/battle-engine.js:1943:15)
    at process.BattlePokemon.side (/Users/clazinasteunenberg/Downloads/Test/battle-engine.js:157:13)
    at process.EventEmitter.emit (events.js:98:17)
    at handleMessage (child_process.js:318:10)
    at Pipe.channel.onread (child_process.js:345:11)

ReferenceError: potd is not defined
    at Tools.exports.BattleScripts.randomTeam (/Users/clazinasteunenberg/Downloads/Test/data/scripts.js:1522:8)
    at Tools.exports.BattleScripts.getTeam (/Users/clazinasteunenberg/Downloads/Test/data/scripts.js:488:16)
    at new BattleSide (/Users/clazinasteunenberg/Downloads/Test/battle-engine.js:1096:27)
    at Tools.Battle.join (/Users/clazinasteunenberg/Downloads/Test/battle-engine.js:3333:15)
    at Tools.Battle.receive (/Users/clazinasteunenberg/Downloads/Test/battle-engine.js:3390:9)
    at process.BattlePokemon.side (/Users/clazinasteunenberg/Downloads/Test/battle-engine.js:143:12)
    at process.EventEmitter.emit (events.js:98:17)
    at handleMessage (child_process.js:318:10)
    at Pipe.channel.onread (child_process.js:345:11)

Additional information:
message = battle-randombattle-497|join|p1|Meloetta<3V|134
currentRequest = 

Log:
|html|<div class="broadcast-red"><b>The battle crashed</b><br />You can keep playing but it might crash again.</div>
|html|<div class="broadcast-red"><b>The battle crashed</b><br />You can keep playing but it might crash again.</div>
|html|<div class="broadcast-red"><b>The battle crashed</b><br />You can keep playing but it might crash again.</div>
|html|<div class="broadcast-red"><b>The battle crashed</b><br />You can keep playing but it might crash again.</div>
|html|<div class="broadcast-red"><b>The battle crashed</b><br />You can keep playing but it might crash again.</div>
|html|<div class="broadcast-red"><b>The battle crashed</b><br />You can keep playing but it might crash again.</div>
|html|<div class="broadcast-red"><b>The battle crashed</b><br />You can keep playing but it might crash again.</div>
|html|<div class="broadcast-red"><b>The battle crashed</b><br />You can keep playing but it might crash again.</div>
|html|<div class="broadcast-red"><b>The battle crashed</b><br />You can keep playing but it might crash again.</div>
|html|<div class="broadcast-red"><b>The battle crashed</b><br />You can keep playing but it might crash again.</div>
|html|<div class="broadcast-red"><b>The battle crashed</b><br />You can keep playing but it might crash again.</div>
|html|<div class="broadcast-red"><b>The battle crashed</b><br />You can keep playing but it might crash again.</div>
|html|<div class="broadcast-red"><b>The battle crashed</b><br />You can keep playing but it might crash again.</div>
|html|<div class="broadcast-red"><b>The battle crashed</b><br />You can keep playing but it might crash again.</div>
|html|<div class="broadcast-red"><b>The battle crashed</b><br />You can keep playing but it might crash again.</div>
|html|<div class="broadcast-red"><b>The battle crashed</b><br />You can keep playing but it might crash again.</div>
|html|<div class="broadcast-red"><b>The battle crashed</b><br />You can keep playing but it might crash again.</div>
|html|<div class="broadcast-red"><b>The battle crashed</b><br />You can keep playing but it might crash again.</div>
|html|<div class="broadcast-red"><b>The battle crashed</b><br />You can keep playing but it might crash again.</div>
|html|<div class="broadcast-red"><b>The battle crashed</b><br />You can keep playing but it might crash again.</div>
|html|<div class="broadcast-red"><b>The battle crashed</b><br />You can keep playing but it might crash again.</div>
|html|<div class="broadcast-red"><b>The battle crashed</b><br />You can keep playing but it might crash again.</div>
|html|<div class="broadcast-red"><b>The battle crashed</b><br />You can keep playing but it might crash again.</div>
|html|<div class="broadcast-red"><b>The battle crashed</b><br />You can keep playing but it might crash again.</div>
|html|<div class="broadcast-red"><b>The battle crashed</b><br />You can keep playing but it might crash again.</div>
|html|<div class="broadcast-red"><b>The battle crashed</b><br />You can keep playing but it might crash again.</div>
|html|<div class="broadcast-red"><b>The battle crashed</b><br />You can keep playing but it might crash again.</div>
|html|<div class="broadcast-red"><b>The battle crashed</b><br />You can keep playing but it might crash again.</div>
|html|<div class="broadcast-red"><b>The battle crashed</b><br />You can keep playing but it might crash again.</div>
|html|<div class="broadcast-red"><b>The battle crashed</b><br />You can keep playing but it might crash again.</div>
|html|<div class="broadcast-red"><b>The battle crashed</b><br />You can keep playing but it might crash again.</div>
|html|<div class="broadcast-red"><b>The battle crashed</b><br />You can keep playing but it might crash again.</div>
|html|<div class="broadcast-red"><b>The battle crashed</b><br />You can keep playing but it might crash again.</div>
|html|<div class="broadcast-red"><b>The battle crashed</b><br />You can keep playing but it might crash again.</div>
|html|<div class="broadcast-red"><b>The battle crashed</b><br />You can keep playing but it might crash again.</div>
|html|<div class="broadcast-red"><b>The battle crashed</b><br />You can keep playing but it might crash again.</div>
|html|<div class="broadcast-red"><b>The battle crashed</b><br />You can keep playing but it might crash again.</div>
|html|<div class="broadcast-red"><b>The battle crashed</b><br />You can keep playing but it might crash again.</div>
|html|<div class="broadcast-red"><b>The battle crashed</b><br />You can keep playing but it might crash again.</div>
|html|<div class="broadcast-red"><b>The battle crashed</b><br />You can keep playing but it might crash again.</div>
|html|<div class="broadcast-red"><b>The battle crashed</b><br />You can keep playing but it might crash again.</div>
|html|<div class="broadcast-red"><b>The battle crashed</b><br />You can keep playing but it might crash again.</div>
|html|<div class="broadcast-red"><b>The battle crashed</b><br />You can keep playing but it might crash again.</div>
|html|<div class="broadcast-red"><b>The battle crashed</b><br />You can keep playing but it might crash again.</div>
|html|<div class="broadcast-red"><b>The battle crashed</b><br />You can keep playing but it might crash again.</div>
|html|<div class="broadcast-red"><b>The battle crashed</b><br />You can keep playing but it might crash again.</div>
|html|<div class="broadcast-red"><b>The battle crashed</b><br />You can keep playing but it might crash again.</div>
|html|<div class="broadcast-red"><b>The battle crashed</b><br />You can keep playing but it might crash again.</div>
|html|<div class="broadcast-red"><b>The battle crashed</b><br />You can keep playing but it might crash again.</div>
|html|<div class="broadcast-red"><b>The battle crashed</b><br />You can keep playing but it might crash again.</div>
|html|<div class="broadcast-red"><b>The battle crashed</b><br />You can keep playing but it might crash again.</div>
|html|<div class="broadcast-red"><b>The battle crashed</b><br />You can keep playing but it might crash again.</div>
|html|<div class="broadcast-red"><b>The battle crashed</b><br />You can keep playing but it might crash again.</div>
|html|<div class="broadcast-red"><b>The battle crashed</b><br />You can keep playing but it might crash again.</div>
|html|<div class="broadcast-red"><b>The battle crashed</b><br />You can keep playing but it might crash again.</div>
|html|<div class="broadcast-red"><b>The battle crashed</b><br />You can keep playing but it might crash again.</div>

TypeError: Cannot read property 'isActive' of null
    at Tools.Battle.makeRequest (/Users/clazinasteunenberg/Downloads/Test/battle-engine.js:1943:15)
    at process.BattlePokemon.side (/Users/clazinasteunenberg/Downloads/Test/battle-engine.js:157:13)
    at process.EventEmitter.emit (events.js:98:17)
    at handleMessage (child_process.js:318:10)
    at Pipe.channel.onread (child_process.js:345:11)

ReferenceError: potd is not defined
    at Tools.exports.BattleScripts.randomTeam (/Users/clazinasteunenberg/Downloads/Test/data/scripts.js:1522:8)
    at Tools.exports.BattleScripts.getTeam (/Users/clazinasteunenberg/Downloads/Test/data/scripts.js:488:16)
    at new BattleSide (/Users/clazinasteunenberg/Downloads/Test/battle-engine.js:1096:27)
    at Tools.Battle.join (/Users/clazinasteunenberg/Downloads/Test/battle-engine.js:3333:15)
    at Tools.Battle.receive (/Users/clazinasteunenberg/Downloads/Test/battle-engine.js:3390:9)
    at process.BattlePokemon.side (/Users/clazinasteunenberg/Downloads/Test/battle-engine.js:143:12)
    at process.EventEmitter.emit (events.js:98:17)
    at handleMessage (child_process.js:318:10)
    at Pipe.channel.onread (child_process.js:345:11)

Additional information:
message = battle-randombattle-497|join|p1|Meloetta<3V|134
currentRequest = 

Log:
|html|<div class="broadcast-red"><b>The battle crashed</b><br />You can keep playing but it might crash again.</div>
|html|<div class="broadcast-red"><b>The battle crashed</b><br />You can keep playing but it might crash again.</div>
|html|<div class="broadcast-red"><b>The battle crashed</b><br />You can keep playing but it might crash again.</div>
|html|<div class="broadcast-red"><b>The battle crashed</b><br />You can keep playing but it might crash again.</div>
|html|<div class="broadcast-red"><b>The battle crashed</b><br />You can keep playing but it might crash again.</div>
|html|<div class="broadcast-red"><b>The battle crashed</b><br />You can keep playing but it might crash again.</div>
|html|<div class="broadcast-red"><b>The battle crashed</b><br />You can keep playing but it might crash again.</div>
|html|<div class="broadcast-red"><b>The battle crashed</b><br />You can keep playing but it might crash again.</div>
|html|<div class="broadcast-red"><b>The battle crashed</b><br />You can keep playing but it might crash again.</div>
|html|<div class="broadcast-red"><b>The battle crashed</b><br />You can keep playing but it might crash again.</div>
|html|<div class="broadcast-red"><b>The battle crashed</b><br />You can keep playing but it might crash again.</div>
|html|<div class="broadcast-red"><b>The battle crashed</b><br />You can keep playing but it might crash again.</div>
|html|<div class="broadcast-red"><b>The battle crashed</b><br />You can keep playing but it might crash again.</div>
|html|<div class="broadcast-red"><b>The battle crashed</b><br />You can keep playing but it might crash again.</div>
|html|<div class="broadcast-red"><b>The battle crashed</b><br />You can keep playing but it might crash again.</div>
|html|<div class="broadcast-red"><b>The battle crashed</b><br />You can keep playing but it might crash again.</div>
|html|<div class="broadcast-red"><b>The battle crashed</b><br />You can keep playing but it might crash again.</div>
|html|<div class="broadcast-red"><b>The battle crashed</b><br />You can keep playing but it might crash again.</div>
|html|<div class="broadcast-red"><b>The battle crashed</b><br />You can keep playing but it might crash again.</div>
|html|<div class="broadcast-red"><b>The battle crashed</b><br />You can keep playing but it might crash again.</div>
|html|<div class="broadcast-red"><b>The battle crashed</b><br />You can keep playing but it might crash again.</div>
|html|<div class="broadcast-red"><b>The battle crashed</b><br />You can keep playing but it might crash again.</div>
|html|<div class="broadcast-red"><b>The battle crashed</b><br />You can keep playing but it might crash again.</div>
|html|<div class="broadcast-red"><b>The battle crashed</b><br />You can keep playing but it might crash again.</div>
|html|<div class="broadcast-red"><b>The battle crashed</b><br />You can keep playing but it might crash again.</div>
|html|<div class="broadcast-red"><b>The battle crashed</b><br />You can keep playing but it might crash again.</div>
|html|<div class="broadcast-red"><b>The battle crashed</b><br />You can keep playing but it might crash again.</div>
|html|<div class="broadcast-red"><b>The battle crashed</b><br />You can keep playing but it might crash again.</div>
|html|<div class="broadcast-red"><b>The battle crashed</b><br />You can keep playing but it might crash again.</div>
|html|<div class="broadcast-red"><b>The battle crashed</b><br />You can keep playing but it might crash again.</div>
|html|<div class="broadcast-red"><b>The battle crashed</b><br />You can keep playing but it might crash again.</div>
|html|<div class="broadcast-red"><b>The battle crashed</b><br />You can keep playing but it might crash again.</div>
|html|<div class="broadcast-red"><b>The battle crashed</b><br />You can keep playing but it might crash again.</div>
|html|<div class="broadcast-red"><b>The battle crashed</b><br />You can keep playing but it might crash again.</div>
|html|<div class="broadcast-red"><b>The battle crashed</b><br />You can keep playing but it might crash again.</div>
|html|<div class="broadcast-red"><b>The battle crashed</b><br />You can keep playing but it might crash again.</div>
|html|<div class="broadcast-red"><b>The battle crashed</b><br />You can keep playing but it might crash again.</div>
|html|<div class="broadcast-red"><b>The battle crashed</b><br />You can keep playing but it might crash again.</div>
|html|<div class="broadcast-red"><b>The battle crashed</b><br />You can keep playing but it might crash again.</div>
|html|<div class="broadcast-red"><b>The battle crashed</b><br />You can keep playing but it might crash again.</div>
|html|<div class="broadcast-red"><b>The battle crashed</b><br />You can keep playing but it might crash again.</div>
|html|<div class="broadcast-red"><b>The battle crashed</b><br />You can keep playing but it might crash again.</div>
|html|<div class="broadcast-red"><b>The battle crashed</b><br />You can keep playing but it might crash again.</div>
|html|<div class="broadcast-red"><b>The battle crashed</b><br />You can keep playing but it might crash again.</div>
|html|<div class="broadcast-red"><b>The battle crashed</b><br />You can keep playing but it might crash again.</div>
|html|<div class="broadcast-red"><b>The battle crashed</b><br />You can keep playing but it might crash again.</div>
|html|<div class="broadcast-red"><b>The battle crashed</b><br />You can keep playing but it might crash again.</div>
|html|<div class="broadcast-red"><b>The battle crashed</b><br />You can keep playing but it might crash again.</div>
|html|<div class="broadcast-red"><b>The battle crashed</b><br />You can keep playing but it might crash again.</div>
|html|<div class="broadcast-red"><b>The battle crashed</b><br />You can keep playing but it might crash again.</div>
|html|<div class="broadcast-red"><b>The battle crashed</b><br />You can keep playing but it might crash again.</div>
|html|<div class="broadcast-red"><b>The battle crashed</b><br />You can keep playing but it might crash again.</div>
|html|<div class="broadcast-red"><b>The battle crashed</b><br />You can keep playing but it might crash again.</div>
|html|<div class="broadcast-red"><b>The battle crashed</b><br />You can keep playing but it might crash again.</div>
|html|<div class="broadcast-red"><b>The battle crashed</b><br />You can keep playing but it might crash again.</div>
|html|<div class="broadcast-red"><b>The battle crashed</b><br />You can keep playing but it might crash again.</div>
|html|<div class="broadcast-red"><b>The battle crashed</b><br />You can keep playing but it might crash again.</div>

TypeError: Cannot read property 'isActive' of null
    at Tools.Battle.makeRequest (/Users/clazinasteunenberg/Downloads/Test/battle-engine.js:1943:15)
    at process.BattlePokemon.side (/Users/clazinasteunenberg/Downloads/Test/battle-engine.js:157:13)
    at process.EventEmitter.emit (events.js:98:17)
    at handleMessage (child_process.js:318:10)
    at Pipe.channel.onread (child_process.js:345:11)

ReferenceError: potd is not defined
    at Tools.exports.BattleScripts.randomTeam (/Users/clazinasteunenberg/Downloads/Test/data/scripts.js:1522:8)
    at Tools.exports.BattleScripts.getTeam (/Users/clazinasteunenberg/Downloads/Test/data/scripts.js:488:16)
    at new BattleSide (/Users/clazinasteunenberg/Downloads/Test/battle-engine.js:1096:27)
    at Tools.Battle.join (/Users/clazinasteunenberg/Downloads/Test/battle-engine.js:3333:15)
    at Tools.Battle.receive (/Users/clazinasteunenberg/Downloads/Test/battle-engine.js:3390:9)
    at process.BattlePokemon.side (/Users/clazinasteunenberg/Downloads/Test/battle-engine.js:143:12)
    at process.EventEmitter.emit (events.js:98:17)
    at handleMessage (child_process.js:318:10)
    at Pipe.channel.onread (child_process.js:345:11)

Additional information:
message = battle-randombattle-497|join|p1|Meloetta<3V|134
currentRequest = 

Log:
|html|<div class="broadcast-red"><b>The battle crashed</b><br />You can keep playing but it might crash again.</div>
|html|<div class="broadcast-red"><b>The battle crashed</b><br />You can keep playing but it might crash again.</div>
|html|<div class="broadcast-red"><b>The battle crashed</b><br />You can keep playing but it might crash again.</div>
|html|<div class="broadcast-red"><b>The battle crashed</b><br />You can keep playing but it might crash again.</div>
|html|<div class="broadcast-red"><b>The battle crashed</b><br />You can keep playing but it might crash again.</div>
|html|<div class="broadcast-red"><b>The battle crashed</b><br />You can keep playing but it might crash again.</div>
|html|<div class="broadcast-red"><b>The battle crashed</b><br />You can keep playing but it might crash again.</div>
|html|<div class="broadcast-red"><b>The battle crashed</b><br />You can keep playing but it might crash again.</div>
|html|<div class="broadcast-red"><b>The battle crashed</b><br />You can keep playing but it might crash again.</div>
|html|<div class="broadcast-red"><b>The battle crashed</b><br />You can keep playing but it might crash again.</div>
|html|<div class="broadcast-red"><b>The battle crashed</b><br />You can keep playing but it might crash again.</div>
|html|<div class="broadcast-red"><b>The battle crashed</b><br />You can keep playing but it might crash again.</div>
|html|<div class="broadcast-red"><b>The battle crashed</b><br />You can keep playing but it might crash again.</div>
|html|<div class="broadcast-red"><b>The battle crashed</b><br />You can keep playing but it might crash again.</div>
|html|<div class="broadcast-red"><b>The battle crashed</b><br />You can keep playing but it might crash again.</div>
|html|<div class="broadcast-red"><b>The battle crashed</b><br />You can keep playing but it might crash again.</div>
|html|<div class="broadcast-red"><b>The battle crashed</b><br />You can keep playing but it might crash again.</div>
|html|<div class="broadcast-red"><b>The battle crashed</b><br />You can keep playing but it might crash again.</div>
|html|<div class="broadcast-red"><b>The battle crashed</b><br />You can keep playing but it might crash again.</div>
|html|<div class="broadcast-red"><b>The battle crashed</b><br />You can keep playing but it might crash again.</div>
|html|<div class="broadcast-red"><b>The battle crashed</b><br />You can keep playing but it might crash again.</div>
|html|<div class="broadcast-red"><b>The battle crashed</b><br />You can keep playing but it might crash again.</div>
|html|<div class="broadcast-red"><b>The battle crashed</b><br />You can keep playing but it might crash again.</div>
|html|<div class="broadcast-red"><b>The battle crashed</b><br />You can keep playing but it might crash again.</div>
|html|<div class="broadcast-red"><b>The battle crashed</b><br />You can keep playing but it might crash again.</div>
|html|<div class="broadcast-red"><b>The battle crashed</b><br />You can keep playing but it might crash again.</div>
|html|<div class="broadcast-red"><b>The battle crashed</b><br />You can keep playing but it might crash again.</div>
|html|<div class="broadcast-red"><b>The battle crashed</b><br />You can keep playing but it might crash again.</div>
|html|<div class="broadcast-red"><b>The battle crashed</b><br />You can keep playing but it might crash again.</div>
|html|<div class="broadcast-red"><b>The battle crashed</b><br />You can keep playing but it might crash again.</div>
|html|<div class="broadcast-red"><b>The battle crashed</b><br />You can keep playing but it might crash again.</div>
|html|<div class="broadcast-red"><b>The battle crashed</b><br />You can keep playing but it might crash again.</div>
|html|<div class="broadcast-red"><b>The battle crashed</b><br />You can keep playing but it might crash again.</div>
|html|<div class="broadcast-red"><b>The battle crashed</b><br />You can keep playing but it might crash again.</div>
|html|<div class="broadcast-red"><b>The battle crashed</b><br />You can keep playing but it might crash again.</div>
|html|<div class="broadcast-red"><b>The battle crashed</b><br />You can keep playing but it might crash again.</div>
|html|<div class="broadcast-red"><b>The battle crashed</b><br />You can keep playing but it might crash again.</div>
|html|<div class="broadcast-red"><b>The battle crashed</b><br />You can keep playing but it might crash again.</div>
|html|<div class="broadcast-red"><b>The battle crashed</b><br />You can keep playing but it might crash again.</div>
|html|<div class="broadcast-red"><b>The battle crashed</b><br />You can keep playing but it might crash again.</div>
|html|<div class="broadcast-red"><b>The battle crashed</b><br />You can keep playing but it might crash again.</div>
|html|<div class="broadcast-red"><b>The battle crashed</b><br />You can keep playing but it might crash again.</div>
|html|<div class="broadcast-red"><b>The battle crashed</b><br />You can keep playing but it might crash again.</div>
|html|<div class="broadcast-red"><b>The battle crashed</b><br />You can keep playing but it might crash again.</div>
|html|<div class="broadcast-red"><b>The battle crashed</b><br />You can keep playing but it might crash again.</div>
|html|<div class="broadcast-red"><b>The battle crashed</b><br />You can keep playing but it might crash again.</div>
|html|<div class="broadcast-red"><b>The battle crashed</b><br />You can keep playing but it might crash again.</div>
|html|<div class="broadcast-red"><b>The battle crashed</b><br />You can keep playing but it might crash again.</div>
|html|<div class="broadcast-red"><b>The battle crashed</b><br />You can keep playing but it might crash again.</div>
|html|<div class="broadcast-red"><b>The battle crashed</b><br />You can keep playing but it might crash again.</div>
|html|<div class="broadcast-red"><b>The battle crashed</b><br />You can keep playing but it might crash again.</div>
|html|<div class="broadcast-red"><b>The battle crashed</b><br />You can keep playing but it might crash again.</div>
|html|<div class="broadcast-red"><b>The battle crashed</b><br />You can keep playing but it might crash again.</div>
|html|<div class="broadcast-red"><b>The battle crashed</b><br />You can keep playing but it might crash again.</div>
|html|<div class="broadcast-red"><b>The battle crashed</b><br />You can keep playing but it might crash again.</div>
|html|<div class="broadcast-red"><b>The battle crashed</b><br />You can keep playing but it might crash again.</div>
|html|<div class="broadcast-red"><b>The battle crashed</b><br />You can keep playing but it might crash again.</div>
|html|<div class="broadcast-red"><b>The battle crashed</b><br />You can keep playing but it might crash again.</div>

TypeError: Cannot read property 'isActive' of null
    at Tools.Battle.makeRequest (/Users/clazinasteunenberg/Downloads/Test/battle-engine.js:1943:15)
    at process.BattlePokemon.side (/Users/clazinasteunenberg/Downloads/Test/battle-engine.js:157:13)
    at process.EventEmitter.emit (events.js:98:17)
    at handleMessage (child_process.js:318:10)
    at Pipe.channel.onread (child_process.js:345:11)

ReferenceError: potd is not defined
    at Tools.exports.BattleScripts.randomTeam (/Users/clazinasteunenberg/Downloads/Test/data/scripts.js:1522:8)
    at Tools.exports.BattleScripts.getTeam (/Users/clazinasteunenberg/Downloads/Test/data/scripts.js:488:16)
    at new BattleSide (/Users/clazinasteunenberg/Downloads/Test/battle-engine.js:1096:27)
    at Tools.Battle.join (/Users/clazinasteunenberg/Downloads/Test/battle-engine.js:3333:15)
    at Tools.Battle.receive (/Users/clazinasteunenberg/Downloads/Test/battle-engine.js:3390:9)
    at process.BattlePokemon.side (/Users/clazinasteunenberg/Downloads/Test/battle-engine.js:143:12)
    at process.EventEmitter.emit (events.js:98:17)
    at handleMessage (child_process.js:318:10)
    at Pipe.channel.onread (child_process.js:345:11)

Additional information:
message = battle-randombattle-497|join|p1|Meloetta<3V|134
currentRequest = 

Log:
|html|<div class="broadcast-red"><b>The battle crashed</b><br />You can keep playing but it might crash again.</div>
|html|<div class="broadcast-red"><b>The battle crashed</b><br />You can keep playing but it might crash again.</div>
|html|<div class="broadcast-red"><b>The battle crashed</b><br />You can keep playing but it might crash again.</div>
|html|<div class="broadcast-red"><b>The battle crashed</b><br />You can keep playing but it might crash again.</div>
|html|<div class="broadcast-red"><b>The battle crashed</b><br />You can keep playing but it might crash again.</div>
|html|<div class="broadcast-red"><b>The battle crashed</b><br />You can keep playing but it might crash again.</div>
|html|<div class="broadcast-red"><b>The battle crashed</b><br />You can keep playing but it might crash again.</div>
|html|<div class="broadcast-red"><b>The battle crashed</b><br />You can keep playing but it might crash again.</div>
|html|<div class="broadcast-red"><b>The battle crashed</b><br />You can keep playing but it might crash again.</div>
|html|<div class="broadcast-red"><b>The battle crashed</b><br />You can keep playing but it might crash again.</div>
|html|<div class="broadcast-red"><b>The battle crashed</b><br />You can keep playing but it might crash again.</div>
|html|<div class="broadcast-red"><b>The battle crashed</b><br />You can keep playing but it might crash again.</div>
|html|<div class="broadcast-red"><b>The battle crashed</b><br />You can keep playing but it might crash again.</div>
|html|<div class="broadcast-red"><b>The battle crashed</b><br />You can keep playing but it might crash again.</div>
|html|<div class="broadcast-red"><b>The battle crashed</b><br />You can keep playing but it might crash again.</div>
|html|<div class="broadcast-red"><b>The battle crashed</b><br />You can keep playing but it might crash again.</div>
|html|<div class="broadcast-red"><b>The battle crashed</b><br />You can keep playing but it might crash again.</div>
|html|<div class="broadcast-red"><b>The battle crashed</b><br />You can keep playing but it might crash again.</div>
|html|<div class="broadcast-red"><b>The battle crashed</b><br />You can keep playing but it might crash again.</div>
|html|<div class="broadcast-red"><b>The battle crashed</b><br />You can keep playing but it might crash again.</div>
|html|<div class="broadcast-red"><b>The battle crashed</b><br />You can keep playing but it might crash again.</div>
|html|<div class="broadcast-red"><b>The battle crashed</b><br />You can keep playing but it might crash again.</div>
|html|<div class="broadcast-red"><b>The battle crashed</b><br />You can keep playing but it might crash again.</div>
|html|<div class="broadcast-red"><b>The battle crashed</b><br />You can keep playing but it might crash again.</div>
|html|<div class="broadcast-red"><b>The battle crashed</b><br />You can keep playing but it might crash again.</div>
|html|<div class="broadcast-red"><b>The battle crashed</b><br />You can keep playing but it might crash again.</div>
|html|<div class="broadcast-red"><b>The battle crashed</b><br />You can keep playing but it might crash again.</div>
|html|<div class="broadcast-red"><b>The battle crashed</b><br />You can keep playing but it might crash again.</div>
|html|<div class="broadcast-red"><b>The battle crashed</b><br />You can keep playing but it might crash again.</div>
|html|<div class="broadcast-red"><b>The battle crashed</b><br />You can keep playing but it might crash again.</div>
|html|<div class="broadcast-red"><b>The battle crashed</b><br />You can keep playing but it might crash again.</div>
|html|<div class="broadcast-red"><b>The battle crashed</b><br />You can keep playing but it might crash again.</div>
|html|<div class="broadcast-red"><b>The battle crashed</b><br />You can keep playing but it might crash again.</div>
|html|<div class="broadcast-red"><b>The battle crashed</b><br />You can keep playing but it might crash again.</div>
|html|<div class="broadcast-red"><b>The battle crashed</b><br />You can keep playing but it might crash again.</div>
|html|<div class="broadcast-red"><b>The battle crashed</b><br />You can keep playing but it might crash again.</div>
|html|<div class="broadcast-red"><b>The battle crashed</b><br />You can keep playing but it might crash again.</div>
|html|<div class="broadcast-red"><b>The battle crashed</b><br />You can keep playing but it might crash again.</div>
|html|<div class="broadcast-red"><b>The battle crashed</b><br />You can keep playing but it might crash again.</div>
|html|<div class="broadcast-red"><b>The battle crashed</b><br />You can keep playing but it might crash again.</div>
|html|<div class="broadcast-red"><b>The battle crashed</b><br />You can keep playing but it might crash again.</div>
|html|<div class="broadcast-red"><b>The battle crashed</b><br />You can keep playing but it might crash again.</div>
|html|<div class="broadcast-red"><b>The battle crashed</b><br />You can keep playing but it might crash again.</div>
|html|<div class="broadcast-red"><b>The battle crashed</b><br />You can keep playing but it might crash again.</div>
|html|<div class="broadcast-red"><b>The battle crashed</b><br />You can keep playing but it might crash again.</div>
|html|<div class="broadcast-red"><b>The battle crashed</b><br />You can keep playing but it might crash again.</div>
|html|<div class="broadcast-red"><b>The battle crashed</b><br />You can keep playing but it might crash again.</div>
|html|<div class="broadcast-red"><b>The battle crashed</b><br />You can keep playing but it might crash again.</div>
|html|<div class="broadcast-red"><b>The battle crashed</b><br />You can keep playing but it might crash again.</div>
|html|<div class="broadcast-red"><b>The battle crashed</b><br />You can keep playing but it might crash again.</div>
|html|<div class="broadcast-red"><b>The battle crashed</b><br />You can keep playing but it might crash again.</div>
|html|<div class="broadcast-red"><b>The battle crashed</b><br />You can keep playing but it might crash again.</div>
|html|<div class="broadcast-red"><b>The battle crashed</b><br />You can keep playing but it might crash again.</div>
|html|<div class="broadcast-red"><b>The battle crashed</b><br />You can keep playing but it might crash again.</div>
|html|<div class="broadcast-red"><b>The battle crashed</b><br />You can keep playing but it might crash again.</div>
|html|<div class="broadcast-red"><b>The battle crashed</b><br />You can keep playing but it might crash again.</div>
|html|<div class="broadcast-red"><b>The battle crashed</b><br />You can keep playing but it might crash again.</div>
|html|<div class="broadcast-red"><b>The battle crashed</b><br />You can keep playing but it might crash again.</div>
|html|<div class="broadcast-red"><b>The battle crashed</b><br />You can keep playing but it might crash again.</div>

TypeError: Cannot read property 'isActive' of null
    at Tools.Battle.makeRequest (/Users/clazinasteunenberg/Downloads/Test/battle-engine.js:1943:15)
    at process.BattlePokemon.side (/Users/clazinasteunenberg/Downloads/Test/battle-engine.js:157:13)
    at process.EventEmitter.emit (events.js:98:17)
    at handleMessage (child_process.js:318:10)
    at Pipe.channel.onread (child_process.js:345:11)

ReferenceError: potd is not defined
    at Tools.exports.BattleScripts.randomTeam (/Users/clazinasteunenberg/Downloads/Test/data/scripts.js:1522:8)
    at Tools.exports.BattleScripts.getTeam (/Users/clazinasteunenberg/Downloads/Test/data/scripts.js:488:16)
    at new BattleSide (/Users/clazinasteunenberg/Downloads/Test/battle-engine.js:1096:27)
    at Tools.Battle.join (/Users/clazinasteunenberg/Downloads/Test/battle-engine.js:3333:15)
    at Tools.Battle.receive (/Users/clazinasteunenberg/Downloads/Test/battle-engine.js:3390:9)
    at process.BattlePokemon.side (/Users/clazinasteunenberg/Downloads/Test/battle-engine.js:143:12)
    at process.EventEmitter.emit (events.js:98:17)
    at handleMessage (child_process.js:318:10)
    at Pipe.channel.onread (child_process.js:345:11)

Additional information:
message = battle-randombattle-497|join|p1|Meloetta<3V|134
currentRequest = 

Log:
|html|<div class="broadcast-red"><b>The battle crashed</b><br />You can keep playing but it might crash again.</div>
|html|<div class="broadcast-red"><b>The battle crashed</b><br />You can keep playing but it might crash again.</div>
|html|<div class="broadcast-red"><b>The battle crashed</b><br />You can keep playing but it might crash again.</div>
|html|<div class="broadcast-red"><b>The battle crashed</b><br />You can keep playing but it might crash again.</div>
|html|<div class="broadcast-red"><b>The battle crashed</b><br />You can keep playing but it might crash again.</div>
|html|<div class="broadcast-red"><b>The battle crashed</b><br />You can keep playing but it might crash again.</div>
|html|<div class="broadcast-red"><b>The battle crashed</b><br />You can keep playing but it might crash again.</div>
|html|<div class="broadcast-red"><b>The battle crashed</b><br />You can keep playing but it might crash again.</div>
|html|<div class="broadcast-red"><b>The battle crashed</b><br />You can keep playing but it might crash again.</div>
|html|<div class="broadcast-red"><b>The battle crashed</b><br />You can keep playing but it might crash again.</div>
|html|<div class="broadcast-red"><b>The battle crashed</b><br />You can keep playing but it might crash again.</div>
|html|<div class="broadcast-red"><b>The battle crashed</b><br />You can keep playing but it might crash again.</div>
|html|<div class="broadcast-red"><b>The battle crashed</b><br />You can keep playing but it might crash again.</div>
|html|<div class="broadcast-red"><b>The battle crashed</b><br />You can keep playing but it might crash again.</div>
|html|<div class="broadcast-red"><b>The battle crashed</b><br />You can keep playing but it might crash again.</div>
|html|<div class="broadcast-red"><b>The battle crashed</b><br />You can keep playing but it might crash again.</div>
|html|<div class="broadcast-red"><b>The battle crashed</b><br />You can keep playing but it might crash again.</div>
|html|<div class="broadcast-red"><b>The battle crashed</b><br />You can keep playing but it might crash again.</div>
|html|<div class="broadcast-red"><b>The battle crashed</b><br />You can keep playing but it might crash again.</div>
|html|<div class="broadcast-red"><b>The battle crashed</b><br />You can keep playing but it might crash again.</div>
|html|<div class="broadcast-red"><b>The battle crashed</b><br />You can keep playing but it might crash again.</div>
|html|<div class="broadcast-red"><b>The battle crashed</b><br />You can keep playing but it might crash again.</div>
|html|<div class="broadcast-red"><b>The battle crashed</b><br />You can keep playing but it might crash again.</div>
|html|<div class="broadcast-red"><b>The battle crashed</b><br />You can keep playing but it might crash again.</div>
|html|<div class="broadcast-red"><b>The battle crashed</b><br />You can keep playing but it might crash again.</div>
|html|<div class="broadcast-red"><b>The battle crashed</b><br />You can keep playing but it might crash again.</div>
|html|<div class="broadcast-red"><b>The battle crashed</b><br />You can keep playing but it might crash again.</div>
|html|<div class="broadcast-red"><b>The battle crashed</b><br />You can keep playing but it might crash again.</div>
|html|<div class="broadcast-red"><b>The battle crashed</b><br />You can keep playing but it might crash again.</div>
|html|<div class="broadcast-red"><b>The battle crashed</b><br />You can keep playing but it might crash again.</div>
|html|<div class="broadcast-red"><b>The battle crashed</b><br />You can keep playing but it might crash again.</div>
|html|<div class="broadcast-red"><b>The battle crashed</b><br />You can keep playing but it might crash again.</div>
|html|<div class="broadcast-red"><b>The battle crashed</b><br />You can keep playing but it might crash again.</div>
|html|<div class="broadcast-red"><b>The battle crashed</b><br />You can keep playing but it might crash again.</div>
|html|<div class="broadcast-red"><b>The battle crashed</b><br />You can keep playing but it might crash again.</div>
|html|<div class="broadcast-red"><b>The battle crashed</b><br />You can keep playing but it might crash again.</div>
|html|<div class="broadcast-red"><b>The battle crashed</b><br />You can keep playing but it might crash again.</div>
|html|<div class="broadcast-red"><b>The battle crashed</b><br />You can keep playing but it might crash again.</div>
|html|<div class="broadcast-red"><b>The battle crashed</b><br />You can keep playing but it might crash again.</div>
|html|<div class="broadcast-red"><b>The battle crashed</b><br />You can keep playing but it might crash again.</div>
|html|<div class="broadcast-red"><b>The battle crashed</b><br />You can keep playing but it might crash again.</div>
|html|<div class="broadcast-red"><b>The battle crashed</b><br />You can keep playing but it might crash again.</div>
|html|<div class="broadcast-red"><b>The battle crashed</b><br />You can keep playing but it might crash again.</div>
|html|<div class="broadcast-red"><b>The battle crashed</b><br />You can keep playing but it might crash again.</div>
|html|<div class="broadcast-red"><b>The battle crashed</b><br />You can keep playing but it might crash again.</div>
|html|<div class="broadcast-red"><b>The battle crashed</b><br />You can keep playing but it might crash again.</div>
|html|<div class="broadcast-red"><b>The battle crashed</b><br />You can keep playing but it might crash again.</div>
|html|<div class="broadcast-red"><b>The battle crashed</b><br />You can keep playing but it might crash again.</div>
|html|<div class="broadcast-red"><b>The battle crashed</b><br />You can keep playing but it might crash again.</div>
|html|<div class="broadcast-red"><b>The battle crashed</b><br />You can keep playing but it might crash again.</div>
|html|<div class="broadcast-red"><b>The battle crashed</b><br />You can keep playing but it might crash again.</div>
|html|<div class="broadcast-red"><b>The battle crashed</b><br />You can keep playing but it might crash again.</div>
|html|<div class="broadcast-red"><b>The battle crashed</b><br />You can keep playing but it might crash again.</div>
|html|<div class="broadcast-red"><b>The battle crashed</b><br />You can keep playing but it might crash again.</div>
|html|<div class="broadcast-red"><b>The battle crashed</b><br />You can keep playing but it might crash again.</div>
|html|<div class="broadcast-red"><b>The battle crashed</b><br />You can keep playing but it might crash again.</div>
|html|<div class="broadcast-red"><b>The battle crashed</b><br />You can keep playing but it might crash again.</div>
|html|<div class="broadcast-red"><b>The battle crashed</b><br />You can keep playing but it might crash again.</div>
|html|<div class="broadcast-red"><b>The battle crashed</b><br />You can keep playing but it might crash again.</div>
|html|<div class="broadcast-red"><b>The battle crashed</b><br />You can keep playing but it might crash again.</div>

TypeError: Cannot read property 'isActive' of null
    at Tools.Battle.makeRequest (/Users/clazinasteunenberg/Downloads/Test/battle-engine.js:1943:15)
    at process.BattlePokemon.side (/Users/clazinasteunenberg/Downloads/Test/battle-engine.js:157:13)
    at process.EventEmitter.emit (events.js:98:17)
    at handleMessage (child_process.js:318:10)
    at Pipe.channel.onread (child_process.js:345:11)

ReferenceError: potd is not defined
    at Tools.exports.BattleScripts.randomTeam (/Users/clazinasteunenberg/Downloads/Test/data/scripts.js:1522:8)
    at Tools.exports.BattleScripts.getTeam (/Users/clazinasteunenberg/Downloads/Test/data/scripts.js:488:16)
    at new BattleSide (/Users/clazinasteunenberg/Downloads/Test/battle-engine.js:1096:27)
    at Tools.Battle.join (/Users/clazinasteunenberg/Downloads/Test/battle-engine.js:3333:15)
    at Tools.Battle.receive (/Users/clazinasteunenberg/Downloads/Test/battle-engine.js:3390:9)
    at process.BattlePokemon.side (/Users/clazinasteunenberg/Downloads/Test/battle-engine.js:143:12)
    at process.EventEmitter.emit (events.js:98:17)
    at handleMessage (child_process.js:318:10)
    at Pipe.channel.onread (child_process.js:345:11)

Additional information:
message = battle-randombattle-497|join|p1|Meloetta<3V|134
currentRequest = 

Log:
|html|<div class="broadcast-red"><b>The battle crashed</b><br />You can keep playing but it might crash again.</div>
|html|<div class="broadcast-red"><b>The battle crashed</b><br />You can keep playing but it might crash again.</div>
|html|<div class="broadcast-red"><b>The battle crashed</b><br />You can keep playing but it might crash again.</div>
|html|<div class="broadcast-red"><b>The battle crashed</b><br />You can keep playing but it might crash again.</div>
|html|<div class="broadcast-red"><b>The battle crashed</b><br />You can keep playing but it might crash again.</div>
|html|<div class="broadcast-red"><b>The battle crashed</b><br />You can keep playing but it might crash again.</div>
|html|<div class="broadcast-red"><b>The battle crashed</b><br />You can keep playing but it might crash again.</div>
|html|<div class="broadcast-red"><b>The battle crashed</b><br />You can keep playing but it might crash again.</div>
|html|<div class="broadcast-red"><b>The battle crashed</b><br />You can keep playing but it might crash again.</div>
|html|<div class="broadcast-red"><b>The battle crashed</b><br />You can keep playing but it might crash again.</div>
|html|<div class="broadcast-red"><b>The battle crashed</b><br />You can keep playing but it might crash again.</div>
|html|<div class="broadcast-red"><b>The battle crashed</b><br />You can keep playing but it might crash again.</div>
|html|<div class="broadcast-red"><b>The battle crashed</b><br />You can keep playing but it might crash again.</div>
|html|<div class="broadcast-red"><b>The battle crashed</b><br />You can keep playing but it might crash again.</div>
|html|<div class="broadcast-red"><b>The battle crashed</b><br />You can keep playing but it might crash again.</div>
|html|<div class="broadcast-red"><b>The battle crashed</b><br />You can keep playing but it might crash again.</div>
|html|<div class="broadcast-red"><b>The battle crashed</b><br />You can keep playing but it might crash again.</div>
|html|<div class="broadcast-red"><b>The battle crashed</b><br />You can keep playing but it might crash again.</div>
|html|<div class="broadcast-red"><b>The battle crashed</b><br />You can keep playing but it might crash again.</div>
|html|<div class="broadcast-red"><b>The battle crashed</b><br />You can keep playing but it might crash again.</div>
|html|<div class="broadcast-red"><b>The battle crashed</b><br />You can keep playing but it might crash again.</div>
|html|<div class="broadcast-red"><b>The battle crashed</b><br />You can keep playing but it might crash again.</div>
|html|<div class="broadcast-red"><b>The battle crashed</b><br />You can keep playing but it might crash again.</div>
|html|<div class="broadcast-red"><b>The battle crashed</b><br />You can keep playing but it might crash again.</div>
|html|<div class="broadcast-red"><b>The battle crashed</b><br />You can keep playing but it might crash again.</div>
|html|<div class="broadcast-red"><b>The battle crashed</b><br />You can keep playing but it might crash again.</div>
|html|<div class="broadcast-red"><b>The battle crashed</b><br />You can keep playing but it might crash again.</div>
|html|<div class="broadcast-red"><b>The battle crashed</b><br />You can keep playing but it might crash again.</div>
|html|<div class="broadcast-red"><b>The battle crashed</b><br />You can keep playing but it might crash again.</div>
|html|<div class="broadcast-red"><b>The battle crashed</b><br />You can keep playing but it might crash again.</div>
|html|<div class="broadcast-red"><b>The battle crashed</b><br />You can keep playing but it might crash again.</div>
|html|<div class="broadcast-red"><b>The battle crashed</b><br />You can keep playing but it might crash again.</div>
|html|<div class="broadcast-red"><b>The battle crashed</b><br />You can keep playing but it might crash again.</div>
|html|<div class="broadcast-red"><b>The battle crashed</b><br />You can keep playing but it might crash again.</div>
|html|<div class="broadcast-red"><b>The battle crashed</b><br />You can keep playing but it might crash again.</div>
|html|<div class="broadcast-red"><b>The battle crashed</b><br />You can keep playing but it might crash again.</div>
|html|<div class="broadcast-red"><b>The battle crashed</b><br />You can keep playing but it might crash again.</div>
|html|<div class="broadcast-red"><b>The battle crashed</b><br />You can keep playing but it might crash again.</div>
|html|<div class="broadcast-red"><b>The battle crashed</b><br />You can keep playing but it might crash again.</div>
|html|<div class="broadcast-red"><b>The battle crashed</b><br />You can keep playing but it might crash again.</div>
|html|<div class="broadcast-red"><b>The battle crashed</b><br />You can keep playing but it might crash again.</div>
|html|<div class="broadcast-red"><b>The battle crashed</b><br />You can keep playing but it might crash again.</div>
|html|<div class="broadcast-red"><b>The battle crashed</b><br />You can keep playing but it might crash again.</div>
|html|<div class="broadcast-red"><b>The battle crashed</b><br />You can keep playing but it might crash again.</div>
|html|<div class="broadcast-red"><b>The battle crashed</b><br />You can keep playing but it might crash again.</div>
|html|<div class="broadcast-red"><b>The battle crashed</b><br />You can keep playing but it might crash again.</div>
|html|<div class="broadcast-red"><b>The battle crashed</b><br />You can keep playing but it might crash again.</div>
|html|<div class="broadcast-red"><b>The battle crashed</b><br />You can keep playing but it might crash again.</div>
|html|<div class="broadcast-red"><b>The battle crashed</b><br />You can keep playing but it might crash again.</div>
|html|<div class="broadcast-red"><b>The battle crashed</b><br />You can keep playing but it might crash again.</div>
|html|<div class="broadcast-red"><b>The battle crashed</b><br />You can keep playing but it might crash again.</div>
|html|<div class="broadcast-red"><b>The battle crashed</b><br />You can keep playing but it might crash again.</div>
|html|<div class="broadcast-red"><b>The battle crashed</b><br />You can keep playing but it might crash again.</div>
|html|<div class="broadcast-red"><b>The battle crashed</b><br />You can keep playing but it might crash again.</div>
|html|<div class="broadcast-red"><b>The battle crashed</b><br />You can keep playing but it might crash again.</div>
|html|<div class="broadcast-red"><b>The battle crashed</b><br />You can keep playing but it might crash again.</div>
|html|<div class="broadcast-red"><b>The battle crashed</b><br />You can keep playing but it might crash again.</div>
|html|<div class="broadcast-red"><b>The battle crashed</b><br />You can keep playing but it might crash again.</div>
|html|<div class="broadcast-red"><b>The battle crashed</b><br />You can keep playing but it might crash again.</div>
|html|<div class="broadcast-red"><b>The battle crashed</b><br />You can keep playing but it might crash again.</div>
|html|<div class="broadcast-red"><b>The battle crashed</b><br />You can keep playing but it might crash again.</div>

TypeError: Cannot read property 'isActive' of null
    at Tools.Battle.makeRequest (/Users/clazinasteunenberg/Downloads/Test/battle-engine.js:1943:15)
    at process.BattlePokemon.side (/Users/clazinasteunenberg/Downloads/Test/battle-engine.js:157:13)
    at process.EventEmitter.emit (events.js:98:17)
    at handleMessage (child_process.js:318:10)
    at Pipe.channel.onread (child_process.js:345:11)

ReferenceError: potd is not defined
    at Tools.exports.BattleScripts.randomTeam (/Users/clazinasteunenberg/Downloads/Test/data/scripts.js:1522:8)
    at Tools.exports.BattleScripts.getTeam (/Users/clazinasteunenberg/Downloads/Test/data/scripts.js:488:16)
    at new BattleSide (/Users/clazinasteunenberg/Downloads/Test/battle-engine.js:1096:27)
    at Tools.Battle.join (/Users/clazinasteunenberg/Downloads/Test/battle-engine.js:3333:15)
    at Tools.Battle.receive (/Users/clazinasteunenberg/Downloads/Test/battle-engine.js:3390:9)
    at process.BattlePokemon.side (/Users/clazinasteunenberg/Downloads/Test/battle-engine.js:143:12)
    at process.EventEmitter.emit (events.js:98:17)
    at handleMessage (child_process.js:318:10)
    at Pipe.channel.onread (child_process.js:345:11)

Additional information:
message = battle-randombattle-497|join|p1|Meloetta<3V|134
currentRequest = 

Log:
|html|<div class="broadcast-red"><b>The battle crashed</b><br />You can keep playing but it might crash again.</div>
|html|<div class="broadcast-red"><b>The battle crashed</b><br />You can keep playing but it might crash again.</div>
|html|<div class="broadcast-red"><b>The battle crashed</b><br />You can keep playing but it might crash again.</div>
|html|<div class="broadcast-red"><b>The battle crashed</b><br />You can keep playing but it might crash again.</div>
|html|<div class="broadcast-red"><b>The battle crashed</b><br />You can keep playing but it might crash again.</div>
|html|<div class="broadcast-red"><b>The battle crashed</b><br />You can keep playing but it might crash again.</div>
|html|<div class="broadcast-red"><b>The battle crashed</b><br />You can keep playing but it might crash again.</div>
|html|<div class="broadcast-red"><b>The battle crashed</b><br />You can keep playing but it might crash again.</div>
|html|<div class="broadcast-red"><b>The battle crashed</b><br />You can keep playing but it might crash again.</div>
|html|<div class="broadcast-red"><b>The battle crashed</b><br />You can keep playing but it might crash again.</div>
|html|<div class="broadcast-red"><b>The battle crashed</b><br />You can keep playing but it might crash again.</div>
|html|<div class="broadcast-red"><b>The battle crashed</b><br />You can keep playing but it might crash again.</div>
|html|<div class="broadcast-red"><b>The battle crashed</b><br />You can keep playing but it might crash again.</div>
|html|<div class="broadcast-red"><b>The battle crashed</b><br />You can keep playing but it might crash again.</div>
|html|<div class="broadcast-red"><b>The battle crashed</b><br />You can keep playing but it might crash again.</div>
|html|<div class="broadcast-red"><b>The battle crashed</b><br />You can keep playing but it might crash again.</div>
|html|<div class="broadcast-red"><b>The battle crashed</b><br />You can keep playing but it might crash again.</div>
|html|<div class="broadcast-red"><b>The battle crashed</b><br />You can keep playing but it might crash again.</div>
|html|<div class="broadcast-red"><b>The battle crashed</b><br />You can keep playing but it might crash again.</div>
|html|<div class="broadcast-red"><b>The battle crashed</b><br />You can keep playing but it might crash again.</div>
|html|<div class="broadcast-red"><b>The battle crashed</b><br />You can keep playing but it might crash again.</div>
|html|<div class="broadcast-red"><b>The battle crashed</b><br />You can keep playing but it might crash again.</div>
|html|<div class="broadcast-red"><b>The battle crashed</b><br />You can keep playing but it might crash again.</div>
|html|<div class="broadcast-red"><b>The battle crashed</b><br />You can keep playing but it might crash again.</div>
|html|<div class="broadcast-red"><b>The battle crashed</b><br />You can keep playing but it might crash again.</div>
|html|<div class="broadcast-red"><b>The battle crashed</b><br />You can keep playing but it might crash again.</div>
|html|<div class="broadcast-red"><b>The battle crashed</b><br />You can keep playing but it might crash again.</div>
|html|<div class="broadcast-red"><b>The battle crashed</b><br />You can keep playing but it might crash again.</div>
|html|<div class="broadcast-red"><b>The battle crashed</b><br />You can keep playing but it might crash again.</div>
|html|<div class="broadcast-red"><b>The battle crashed</b><br />You can keep playing but it might crash again.</div>
|html|<div class="broadcast-red"><b>The battle crashed</b><br />You can keep playing but it might crash again.</div>
|html|<div class="broadcast-red"><b>The battle crashed</b><br />You can keep playing but it might crash again.</div>
|html|<div class="broadcast-red"><b>The battle crashed</b><br />You can keep playing but it might crash again.</div>
|html|<div class="broadcast-red"><b>The battle crashed</b><br />You can keep playing but it might crash again.</div>
|html|<div class="broadcast-red"><b>The battle crashed</b><br />You can keep playing but it might crash again.</div>
|html|<div class="broadcast-red"><b>The battle crashed</b><br />You can keep playing but it might crash again.</div>
|html|<div class="broadcast-red"><b>The battle crashed</b><br />You can keep playing but it might crash again.</div>
|html|<div class="broadcast-red"><b>The battle crashed</b><br />You can keep playing but it might crash again.</div>
|html|<div class="broadcast-red"><b>The battle crashed</b><br />You can keep playing but it might crash again.</div>
|html|<div class="broadcast-red"><b>The battle crashed</b><br />You can keep playing but it might crash again.</div>
|html|<div class="broadcast-red"><b>The battle crashed</b><br />You can keep playing but it might crash again.</div>
|html|<div class="broadcast-red"><b>The battle crashed</b><br />You can keep playing but it might crash again.</div>
|html|<div class="broadcast-red"><b>The battle crashed</b><br />You can keep playing but it might crash again.</div>
|html|<div class="broadcast-red"><b>The battle crashed</b><br />You can keep playing but it might crash again.</div>
|html|<div class="broadcast-red"><b>The battle crashed</b><br />You can keep playing but it might crash again.</div>
|html|<div class="broadcast-red"><b>The battle crashed</b><br />You can keep playing but it might crash again.</div>
|html|<div class="broadcast-red"><b>The battle crashed</b><br />You can keep playing but it might crash again.</div>
|html|<div class="broadcast-red"><b>The battle crashed</b><br />You can keep playing but it might crash again.</div>
|html|<div class="broadcast-red"><b>The battle crashed</b><br />You can keep playing but it might crash again.</div>
|html|<div class="broadcast-red"><b>The battle crashed</b><br />You can keep playing but it might crash again.</div>
|html|<div class="broadcast-red"><b>The battle crashed</b><br />You can keep playing but it might crash again.</div>
|html|<div class="broadcast-red"><b>The battle crashed</b><br />You can keep playing but it might crash again.</div>
|html|<div class="broadcast-red"><b>The battle crashed</b><br />You can keep playing but it might crash again.</div>
|html|<div class="broadcast-red"><b>The battle crashed</b><br />You can keep playing but it might crash again.</div>
|html|<div class="broadcast-red"><b>The battle crashed</b><br />You can keep playing but it might crash again.</div>
|html|<div class="broadcast-red"><b>The battle crashed</b><br />You can keep playing but it might crash again.</div>
|html|<div class="broadcast-red"><b>The battle crashed</b><br />You can keep playing but it might crash again.</div>
|html|<div class="broadcast-red"><b>The battle crashed</b><br />You can keep playing but it might crash again.</div>
|html|<div class="broadcast-red"><b>The battle crashed</b><br />You can keep playing but it might crash again.</div>
|html|<div class="broadcast-red"><b>The battle crashed</b><br />You can keep playing but it might crash again.</div>
|html|<div class="broadcast-red"><b>The battle crashed</b><br />You can keep playing but it might crash again.</div>
|html|<div class="broadcast-red"><b>The battle crashed</b><br />You can keep playing but it might crash again.</div>

TypeError: Cannot read property 'isActive' of null
    at Tools.Battle.makeRequest (/Users/clazinasteunenberg/Downloads/Test/battle-engine.js:1943:15)
    at process.BattlePokemon.side (/Users/clazinasteunenberg/Downloads/Test/battle-engine.js:157:13)
    at process.EventEmitter.emit (events.js:98:17)
    at handleMessage (child_process.js:318:10)
    at Pipe.channel.onread (child_process.js:345:11)

ReferenceError: potd is not defined
    at Tools.exports.BattleScripts.randomTeam (/Users/clazinasteunenberg/Downloads/Test/data/scripts.js:1522:8)
    at Tools.exports.BattleScripts.getTeam (/Users/clazinasteunenberg/Downloads/Test/data/scripts.js:488:16)
    at new BattleSide (/Users/clazinasteunenberg/Downloads/Test/battle-engine.js:1096:27)
    at Tools.Battle.join (/Users/clazinasteunenberg/Downloads/Test/battle-engine.js:3333:15)
    at Tools.Battle.receive (/Users/clazinasteunenberg/Downloads/Test/battle-engine.js:3390:9)
    at process.BattlePokemon.side (/Users/clazinasteunenberg/Downloads/Test/battle-engine.js:143:12)
    at process.EventEmitter.emit (events.js:98:17)
    at handleMessage (child_process.js:318:10)
    at Pipe.channel.onread (child_process.js:345:11)

Additional information:
message = battle-randombattle-497|join|p1|Meloetta<3V|134
currentRequest = 

Log:
|html|<div class="broadcast-red"><b>The battle crashed</b><br />You can keep playing but it might crash again.</div>
|html|<div class="broadcast-red"><b>The battle crashed</b><br />You can keep playing but it might crash again.</div>
|html|<div class="broadcast-red"><b>The battle crashed</b><br />You can keep playing but it might crash again.</div>
|html|<div class="broadcast-red"><b>The battle crashed</b><br />You can keep playing but it might crash again.</div>
|html|<div class="broadcast-red"><b>The battle crashed</b><br />You can keep playing but it might crash again.</div>
|html|<div class="broadcast-red"><b>The battle crashed</b><br />You can keep playing but it might crash again.</div>
|html|<div class="broadcast-red"><b>The battle crashed</b><br />You can keep playing but it might crash again.</div>
|html|<div class="broadcast-red"><b>The battle crashed</b><br />You can keep playing but it might crash again.</div>
|html|<div class="broadcast-red"><b>The battle crashed</b><br />You can keep playing but it might crash again.</div>
|html|<div class="broadcast-red"><b>The battle crashed</b><br />You can keep playing but it might crash again.</div>
|html|<div class="broadcast-red"><b>The battle crashed</b><br />You can keep playing but it might crash again.</div>
|html|<div class="broadcast-red"><b>The battle crashed</b><br />You can keep playing but it might crash again.</div>
|html|<div class="broadcast-red"><b>The battle crashed</b><br />You can keep playing but it might crash again.</div>
|html|<div class="broadcast-red"><b>The battle crashed</b><br />You can keep playing but it might crash again.</div>
|html|<div class="broadcast-red"><b>The battle crashed</b><br />You can keep playing but it might crash again.</div>
|html|<div class="broadcast-red"><b>The battle crashed</b><br />You can keep playing but it might crash again.</div>
|html|<div class="broadcast-red"><b>The battle crashed</b><br />You can keep playing but it might crash again.</div>
|html|<div class="broadcast-red"><b>The battle crashed</b><br />You can keep playing but it might crash again.</div>
|html|<div class="broadcast-red"><b>The battle crashed</b><br />You can keep playing but it might crash again.</div>
|html|<div class="broadcast-red"><b>The battle crashed</b><br />You can keep playing but it might crash again.</div>
|html|<div class="broadcast-red"><b>The battle crashed</b><br />You can keep playing but it might crash again.</div>
|html|<div class="broadcast-red"><b>The battle crashed</b><br />You can keep playing but it might crash again.</div>
|html|<div class="broadcast-red"><b>The battle crashed</b><br />You can keep playing but it might crash again.</div>
|html|<div class="broadcast-red"><b>The battle crashed</b><br />You can keep playing but it might crash again.</div>
|html|<div class="broadcast-red"><b>The battle crashed</b><br />You can keep playing but it might crash again.</div>
|html|<div class="broadcast-red"><b>The battle crashed</b><br />You can keep playing but it might crash again.</div>
|html|<div class="broadcast-red"><b>The battle crashed</b><br />You can keep playing but it might crash again.</div>
|html|<div class="broadcast-red"><b>The battle crashed</b><br />You can keep playing but it might crash again.</div>
|html|<div class="broadcast-red"><b>The battle crashed</b><br />You can keep playing but it might crash again.</div>
|html|<div class="broadcast-red"><b>The battle crashed</b><br />You can keep playing but it might crash again.</div>
|html|<div class="broadcast-red"><b>The battle crashed</b><br />You can keep playing but it might crash again.</div>
|html|<div class="broadcast-red"><b>The battle crashed</b><br />You can keep playing but it might crash again.</div>
|html|<div class="broadcast-red"><b>The battle crashed</b><br />You can keep playing but it might crash again.</div>
|html|<div class="broadcast-red"><b>The battle crashed</b><br />You can keep playing but it might crash again.</div>
|html|<div class="broadcast-red"><b>The battle crashed</b><br />You can keep playing but it might crash again.</div>
|html|<div class="broadcast-red"><b>The battle crashed</b><br />You can keep playing but it might crash again.</div>
|html|<div class="broadcast-red"><b>The battle crashed</b><br />You can keep playing but it might crash again.</div>
|html|<div class="broadcast-red"><b>The battle crashed</b><br />You can keep playing but it might crash again.</div>
|html|<div class="broadcast-red"><b>The battle crashed</b><br />You can keep playing but it might crash again.</div>
|html|<div class="broadcast-red"><b>The battle crashed</b><br />You can keep playing but it might crash again.</div>
|html|<div class="broadcast-red"><b>The battle crashed</b><br />You can keep playing but it might crash again.</div>
|html|<div class="broadcast-red"><b>The battle crashed</b><br />You can keep playing but it might crash again.</div>
|html|<div class="broadcast-red"><b>The battle crashed</b><br />You can keep playing but it might crash again.</div>
|html|<div class="broadcast-red"><b>The battle crashed</b><br />You can keep playing but it might crash again.</div>
|html|<div class="broadcast-red"><b>The battle crashed</b><br />You can keep playing but it might crash again.</div>
|html|<div class="broadcast-red"><b>The battle crashed</b><br />You can keep playing but it might crash again.</div>
|html|<div class="broadcast-red"><b>The battle crashed</b><br />You can keep playing but it might crash again.</div>
|html|<div class="broadcast-red"><b>The battle crashed</b><br />You can keep playing but it might crash again.</div>
|html|<div class="broadcast-red"><b>The battle crashed</b><br />You can keep playing but it might crash again.</div>
|html|<div class="broadcast-red"><b>The battle crashed</b><br />You can keep playing but it might crash again.</div>
|html|<div class="broadcast-red"><b>The battle crashed</b><br />You can keep playing but it might crash again.</div>
|html|<div class="broadcast-red"><b>The battle crashed</b><br />You can keep playing but it might crash again.</div>
|html|<div class="broadcast-red"><b>The battle crashed</b><br />You can keep playing but it might crash again.</div>
|html|<div class="broadcast-red"><b>The battle crashed</b><br />You can keep playing but it might crash again.</div>
|html|<div class="broadcast-red"><b>The battle crashed</b><br />You can keep playing but it might crash again.</div>
|html|<div class="broadcast-red"><b>The battle crashed</b><br />You can keep playing but it might crash again.</div>
|html|<div class="broadcast-red"><b>The battle crashed</b><br />You can keep playing but it might crash again.</div>
|html|<div class="broadcast-red"><b>The battle crashed</b><br />You can keep playing but it might crash again.</div>
|html|<div class="broadcast-red"><b>The battle crashed</b><br />You can keep playing but it might crash again.</div>
|html|<div class="broadcast-red"><b>The battle crashed</b><br />You can keep playing but it might crash again.</div>
|html|<div class="broadcast-red"><b>The battle crashed</b><br />You can keep playing but it might crash again.</div>
|html|<div class="broadcast-red"><b>The battle crashed</b><br />You can keep playing but it might crash again.</div>
|html|<div class="broadcast-red"><b>The battle crashed</b><br />You can keep playing but it might crash again.</div>

TypeError: Cannot read property 'isActive' of null
    at Tools.Battle.makeRequest (/Users/clazinasteunenberg/Downloads/Test/battle-engine.js:1943:15)
    at process.BattlePokemon.side (/Users/clazinasteunenberg/Downloads/Test/battle-engine.js:157:13)
    at process.EventEmitter.emit (events.js:98:17)
    at handleMessage (child_process.js:318:10)
    at Pipe.channel.onread (child_process.js:345:11)

ReferenceError: potd is not defined
    at Tools.exports.BattleScripts.randomTeam (/Users/clazinasteunenberg/Downloads/Test/data/scripts.js:1522:8)
    at Tools.exports.BattleScripts.getTeam (/Users/clazinasteunenberg/Downloads/Test/data/scripts.js:488:16)
    at new BattleSide (/Users/clazinasteunenberg/Downloads/Test/battle-engine.js:1096:27)
    at Tools.Battle.join (/Users/clazinasteunenberg/Downloads/Test/battle-engine.js:3333:15)
    at Tools.Battle.receive (/Users/clazinasteunenberg/Downloads/Test/battle-engine.js:3390:9)
    at process.BattlePokemon.side (/Users/clazinasteunenberg/Downloads/Test/battle-engine.js:143:12)
    at process.EventEmitter.emit (events.js:98:17)
    at handleMessage (child_process.js:318:10)
    at Pipe.channel.onread (child_process.js:345:11)

Additional information:
message = battle-randombattle-497|join|p1|Meloetta<3V|134
currentRequest = 

Log:
|html|<div class="broadcast-red"><b>The battle crashed</b><br />You can keep playing but it might crash again.</div>
|html|<div class="broadcast-red"><b>The battle crashed</b><br />You can keep playing but it might crash again.</div>
|html|<div class="broadcast-red"><b>The battle crashed</b><br />You can keep playing but it might crash again.</div>
|html|<div class="broadcast-red"><b>The battle crashed</b><br />You can keep playing but it might crash again.</div>
|html|<div class="broadcast-red"><b>The battle crashed</b><br />You can keep playing but it might crash again.</div>
|html|<div class="broadcast-red"><b>The battle crashed</b><br />You can keep playing but it might crash again.</div>
|html|<div class="broadcast-red"><b>The battle crashed</b><br />You can keep playing but it might crash again.</div>
|html|<div class="broadcast-red"><b>The battle crashed</b><br />You can keep playing but it might crash again.</div>
|html|<div class="broadcast-red"><b>The battle crashed</b><br />You can keep playing but it might crash again.</div>
|html|<div class="broadcast-red"><b>The battle crashed</b><br />You can keep playing but it might crash again.</div>
|html|<div class="broadcast-red"><b>The battle crashed</b><br />You can keep playing but it might crash again.</div>
|html|<div class="broadcast-red"><b>The battle crashed</b><br />You can keep playing but it might crash again.</div>
|html|<div class="broadcast-red"><b>The battle crashed</b><br />You can keep playing but it might crash again.</div>
|html|<div class="broadcast-red"><b>The battle crashed</b><br />You can keep playing but it might crash again.</div>
|html|<div class="broadcast-red"><b>The battle crashed</b><br />You can keep playing but it might crash again.</div>
|html|<div class="broadcast-red"><b>The battle crashed</b><br />You can keep playing but it might crash again.</div>
|html|<div class="broadcast-red"><b>The battle crashed</b><br />You can keep playing but it might crash again.</div>
|html|<div class="broadcast-red"><b>The battle crashed</b><br />You can keep playing but it might crash again.</div>
|html|<div class="broadcast-red"><b>The battle crashed</b><br />You can keep playing but it might crash again.</div>
|html|<div class="broadcast-red"><b>The battle crashed</b><br />You can keep playing but it might crash again.</div>
|html|<div class="broadcast-red"><b>The battle crashed</b><br />You can keep playing but it might crash again.</div>
|html|<div class="broadcast-red"><b>The battle crashed</b><br />You can keep playing but it might crash again.</div>
|html|<div class="broadcast-red"><b>The battle crashed</b><br />You can keep playing but it might crash again.</div>
|html|<div class="broadcast-red"><b>The battle crashed</b><br />You can keep playing but it might crash again.</div>
|html|<div class="broadcast-red"><b>The battle crashed</b><br />You can keep playing but it might crash again.</div>
|html|<div class="broadcast-red"><b>The battle crashed</b><br />You can keep playing but it might crash again.</div>
|html|<div class="broadcast-red"><b>The battle crashed</b><br />You can keep playing but it might crash again.</div>
|html|<div class="broadcast-red"><b>The battle crashed</b><br />You can keep playing but it might crash again.</div>
|html|<div class="broadcast-red"><b>The battle crashed</b><br />You can keep playing but it might crash again.</div>
|html|<div class="broadcast-red"><b>The battle crashed</b><br />You can keep playing but it might crash again.</div>
|html|<div class="broadcast-red"><b>The battle crashed</b><br />You can keep playing but it might crash again.</div>
|html|<div class="broadcast-red"><b>The battle crashed</b><br />You can keep playing but it might crash again.</div>
|html|<div class="broadcast-red"><b>The battle crashed</b><br />You can keep playing but it might crash again.</div>
|html|<div class="broadcast-red"><b>The battle crashed</b><br />You can keep playing but it might crash again.</div>
|html|<div class="broadcast-red"><b>The battle crashed</b><br />You can keep playing but it might crash again.</div>
|html|<div class="broadcast-red"><b>The battle crashed</b><br />You can keep playing but it might crash again.</div>
|html|<div class="broadcast-red"><b>The battle crashed</b><br />You can keep playing but it might crash again.</div>
|html|<div class="broadcast-red"><b>The battle crashed</b><br />You can keep playing but it might crash again.</div>
|html|<div class="broadcast-red"><b>The battle crashed</b><br />You can keep playing but it might crash again.</div>
|html|<div class="broadcast-red"><b>The battle crashed</b><br />You can keep playing but it might crash again.</div>
|html|<div class="broadcast-red"><b>The battle crashed</b><br />You can keep playing but it might crash again.</div>
|html|<div class="broadcast-red"><b>The battle crashed</b><br />You can keep playing but it might crash again.</div>
|html|<div class="broadcast-red"><b>The battle crashed</b><br />You can keep playing but it might crash again.</div>
|html|<div class="broadcast-red"><b>The battle crashed</b><br />You can keep playing but it might crash again.</div>
|html|<div class="broadcast-red"><b>The battle crashed</b><br />You can keep playing but it might crash again.</div>
|html|<div class="broadcast-red"><b>The battle crashed</b><br />You can keep playing but it might crash again.</div>
|html|<div class="broadcast-red"><b>The battle crashed</b><br />You can keep playing but it might crash again.</div>
|html|<div class="broadcast-red"><b>The battle crashed</b><br />You can keep playing but it might crash again.</div>
|html|<div class="broadcast-red"><b>The battle crashed</b><br />You can keep playing but it might crash again.</div>
|html|<div class="broadcast-red"><b>The battle crashed</b><br />You can keep playing but it might crash again.</div>
|html|<div class="broadcast-red"><b>The battle crashed</b><br />You can keep playing but it might crash again.</div>
|html|<div class="broadcast-red"><b>The battle crashed</b><br />You can keep playing but it might crash again.</div>
|html|<div class="broadcast-red"><b>The battle crashed</b><br />You can keep playing but it might crash again.</div>
|html|<div class="broadcast-red"><b>The battle crashed</b><br />You can keep playing but it might crash again.</div>
|html|<div class="broadcast-red"><b>The battle crashed</b><br />You can keep playing but it might crash again.</div>
|html|<div class="broadcast-red"><b>The battle crashed</b><br />You can keep playing but it might crash again.</div>
|html|<div class="broadcast-red"><b>The battle crashed</b><br />You can keep playing but it might crash again.</div>
|html|<div class="broadcast-red"><b>The battle crashed</b><br />You can keep playing but it might crash again.</div>
|html|<div class="broadcast-red"><b>The battle crashed</b><br />You can keep playing but it might crash again.</div>
|html|<div class="broadcast-red"><b>The battle crashed</b><br />You can keep playing but it might crash again.</div>
|html|<div class="broadcast-red"><b>The battle crashed</b><br />You can keep playing but it might crash again.</div>
|html|<div class="broadcast-red"><b>The battle crashed</b><br />You can keep playing but it might crash again.</div>
|html|<div class="broadcast-red"><b>The battle crashed</b><br />You can keep playing but it might crash again.</div>
|html|<div class="broadcast-red"><b>The battle crashed</b><br />You can keep playing but it might crash again.</div>

TypeError: Cannot read property 'isActive' of null
    at Tools.Battle.makeRequest (/Users/clazinasteunenberg/Downloads/Test/battle-engine.js:1943:15)
    at process.BattlePokemon.side (/Users/clazinasteunenberg/Downloads/Test/battle-engine.js:157:13)
    at process.EventEmitter.emit (events.js:98:17)
    at handleMessage (child_process.js:318:10)
    at Pipe.channel.onread (child_process.js:345:11)

ReferenceError: potd is not defined
    at Tools.exports.BattleScripts.randomTeam (/Users/clazinasteunenberg/Downloads/Test/data/scripts.js:1522:8)
    at Tools.exports.BattleScripts.getTeam (/Users/clazinasteunenberg/Downloads/Test/data/scripts.js:488:16)
    at new BattleSide (/Users/clazinasteunenberg/Downloads/Test/battle-engine.js:1096:27)
    at Tools.Battle.join (/Users/clazinasteunenberg/Downloads/Test/battle-engine.js:3333:15)
    at Tools.Battle.receive (/Users/clazinasteunenberg/Downloads/Test/battle-engine.js:3390:9)
    at process.BattlePokemon.side (/Users/clazinasteunenberg/Downloads/Test/battle-engine.js:143:12)
    at process.EventEmitter.emit (events.js:98:17)
    at handleMessage (child_process.js:318:10)
    at Pipe.channel.onread (child_process.js:345:11)

Additional information:
message = battle-randombattle-497|join|p1|Meloetta<3V|134
currentRequest = 

Log:
|html|<div class="broadcast-red"><b>The battle crashed</b><br />You can keep playing but it might crash again.</div>
|html|<div class="broadcast-red"><b>The battle crashed</b><br />You can keep playing but it might crash again.</div>
|html|<div class="broadcast-red"><b>The battle crashed</b><br />You can keep playing but it might crash again.</div>
|html|<div class="broadcast-red"><b>The battle crashed</b><br />You can keep playing but it might crash again.</div>
|html|<div class="broadcast-red"><b>The battle crashed</b><br />You can keep playing but it might crash again.</div>
|html|<div class="broadcast-red"><b>The battle crashed</b><br />You can keep playing but it might crash again.</div>
|html|<div class="broadcast-red"><b>The battle crashed</b><br />You can keep playing but it might crash again.</div>
|html|<div class="broadcast-red"><b>The battle crashed</b><br />You can keep playing but it might crash again.</div>
|html|<div class="broadcast-red"><b>The battle crashed</b><br />You can keep playing but it might crash again.</div>
|html|<div class="broadcast-red"><b>The battle crashed</b><br />You can keep playing but it might crash again.</div>
|html|<div class="broadcast-red"><b>The battle crashed</b><br />You can keep playing but it might crash again.</div>
|html|<div class="broadcast-red"><b>The battle crashed</b><br />You can keep playing but it might crash again.</div>
|html|<div class="broadcast-red"><b>The battle crashed</b><br />You can keep playing but it might crash again.</div>
|html|<div class="broadcast-red"><b>The battle crashed</b><br />You can keep playing but it might crash again.</div>
|html|<div class="broadcast-red"><b>The battle crashed</b><br />You can keep playing but it might crash again.</div>
|html|<div class="broadcast-red"><b>The battle crashed</b><br />You can keep playing but it might crash again.</div>
|html|<div class="broadcast-red"><b>The battle crashed</b><br />You can keep playing but it might crash again.</div>
|html|<div class="broadcast-red"><b>The battle crashed</b><br />You can keep playing but it might crash again.</div>
|html|<div class="broadcast-red"><b>The battle crashed</b><br />You can keep playing but it might crash again.</div>
|html|<div class="broadcast-red"><b>The battle crashed</b><br />You can keep playing but it might crash again.</div>
|html|<div class="broadcast-red"><b>The battle crashed</b><br />You can keep playing but it might crash again.</div>
|html|<div class="broadcast-red"><b>The battle crashed</b><br />You can keep playing but it might crash again.</div>
|html|<div class="broadcast-red"><b>The battle crashed</b><br />You can keep playing but it might crash again.</div>
|html|<div class="broadcast-red"><b>The battle crashed</b><br />You can keep playing but it might crash again.</div>
|html|<div class="broadcast-red"><b>The battle crashed</b><br />You can keep playing but it might crash again.</div>
|html|<div class="broadcast-red"><b>The battle crashed</b><br />You can keep playing but it might crash again.</div>
|html|<div class="broadcast-red"><b>The battle crashed</b><br />You can keep playing but it might crash again.</div>
|html|<div class="broadcast-red"><b>The battle crashed</b><br />You can keep playing but it might crash again.</div>
|html|<div class="broadcast-red"><b>The battle crashed</b><br />You can keep playing but it might crash again.</div>
|html|<div class="broadcast-red"><b>The battle crashed</b><br />You can keep playing but it might crash again.</div>
|html|<div class="broadcast-red"><b>The battle crashed</b><br />You can keep playing but it might crash again.</div>
|html|<div class="broadcast-red"><b>The battle crashed</b><br />You can keep playing but it might crash again.</div>
|html|<div class="broadcast-red"><b>The battle crashed</b><br />You can keep playing but it might crash again.</div>
|html|<div class="broadcast-red"><b>The battle crashed</b><br />You can keep playing but it might crash again.</div>
|html|<div class="broadcast-red"><b>The battle crashed</b><br />You can keep playing but it might crash again.</div>
|html|<div class="broadcast-red"><b>The battle crashed</b><br />You can keep playing but it might crash again.</div>
|html|<div class="broadcast-red"><b>The battle crashed</b><br />You can keep playing but it might crash again.</div>
|html|<div class="broadcast-red"><b>The battle crashed</b><br />You can keep playing but it might crash again.</div>
|html|<div class="broadcast-red"><b>The battle crashed</b><br />You can keep playing but it might crash again.</div>
|html|<div class="broadcast-red"><b>The battle crashed</b><br />You can keep playing but it might crash again.</div>
|html|<div class="broadcast-red"><b>The battle crashed</b><br />You can keep playing but it might crash again.</div>
|html|<div class="broadcast-red"><b>The battle crashed</b><br />You can keep playing but it might crash again.</div>
|html|<div class="broadcast-red"><b>The battle crashed</b><br />You can keep playing but it might crash again.</div>
|html|<div class="broadcast-red"><b>The battle crashed</b><br />You can keep playing but it might crash again.</div>
|html|<div class="broadcast-red"><b>The battle crashed</b><br />You can keep playing but it might crash again.</div>
|html|<div class="broadcast-red"><b>The battle crashed</b><br />You can keep playing but it might crash again.</div>
|html|<div class="broadcast-red"><b>The battle crashed</b><br />You can keep playing but it might crash again.</div>
|html|<div class="broadcast-red"><b>The battle crashed</b><br />You can keep playing but it might crash again.</div>
|html|<div class="broadcast-red"><b>The battle crashed</b><br />You can keep playing but it might crash again.</div>
|html|<div class="broadcast-red"><b>The battle crashed</b><br />You can keep playing but it might crash again.</div>
|html|<div class="broadcast-red"><b>The battle crashed</b><br />You can keep playing but it might crash again.</div>
|html|<div class="broadcast-red"><b>The battle crashed</b><br />You can keep playing but it might crash again.</div>
|html|<div class="broadcast-red"><b>The battle crashed</b><br />You can keep playing but it might crash again.</div>
|html|<div class="broadcast-red"><b>The battle crashed</b><br />You can keep playing but it might crash again.</div>
|html|<div class="broadcast-red"><b>The battle crashed</b><br />You can keep playing but it might crash again.</div>
|html|<div class="broadcast-red"><b>The battle crashed</b><br />You can keep playing but it might crash again.</div>
|html|<div class="broadcast-red"><b>The battle crashed</b><br />You can keep playing but it might crash again.</div>
|html|<div class="broadcast-red"><b>The battle crashed</b><br />You can keep playing but it might crash again.</div>
|html|<div class="broadcast-red"><b>The battle crashed</b><br />You can keep playing but it might crash again.</div>
|html|<div class="broadcast-red"><b>The battle crashed</b><br />You can keep playing but it might crash again.</div>
|html|<div class="broadcast-red"><b>The battle crashed</b><br />You can keep playing but it might crash again.</div>
|html|<div class="broadcast-red"><b>The battle crashed</b><br />You can keep playing but it might crash again.</div>
|html|<div class="broadcast-red"><b>The battle crashed</b><br />You can keep playing but it might crash again.</div>
|html|<div class="broadcast-red"><b>The battle crashed</b><br />You can keep playing but it might crash again.</div>
|html|<div class="broadcast-red"><b>The battle crashed</b><br />You can keep playing but it might crash again.</div>

TypeError: Cannot read property 'isActive' of null
    at Tools.Battle.makeRequest (/Users/clazinasteunenberg/Downloads/Test/battle-engine.js:1943:15)
    at process.BattlePokemon.side (/Users/clazinasteunenberg/Downloads/Test/battle-engine.js:157:13)
    at process.EventEmitter.emit (events.js:98:17)
    at handleMessage (child_process.js:318:10)
    at Pipe.channel.onread (child_process.js:345:11)

ReferenceError: potd is not defined
    at Tools.exports.BattleScripts.randomTeam (/Users/clazinasteunenberg/Downloads/Test/data/scripts.js:1522:8)
    at Tools.exports.BattleScripts.getTeam (/Users/clazinasteunenberg/Downloads/Test/data/scripts.js:488:16)
    at new BattleSide (/Users/clazinasteunenberg/Downloads/Test/battle-engine.js:1096:27)
    at Tools.Battle.join (/Users/clazinasteunenberg/Downloads/Test/battle-engine.js:3333:15)
    at Tools.Battle.receive (/Users/clazinasteunenberg/Downloads/Test/battle-engine.js:3390:9)
    at process.BattlePokemon.side (/Users/clazinasteunenberg/Downloads/Test/battle-engine.js:143:12)
    at process.EventEmitter.emit (events.js:98:17)
    at handleMessage (child_process.js:318:10)
    at Pipe.channel.onread (child_process.js:345:11)

Additional information:
message = battle-randombattle-497|join|p1|Meloetta<3V|134
currentRequest = 

Log:
|html|<div class="broadcast-red"><b>The battle crashed</b><br />You can keep playing but it might crash again.</div>
|html|<div class="broadcast-red"><b>The battle crashed</b><br />You can keep playing but it might crash again.</div>
|html|<div class="broadcast-red"><b>The battle crashed</b><br />You can keep playing but it might crash again.</div>
|html|<div class="broadcast-red"><b>The battle crashed</b><br />You can keep playing but it might crash again.</div>
|html|<div class="broadcast-red"><b>The battle crashed</b><br />You can keep playing but it might crash again.</div>
|html|<div class="broadcast-red"><b>The battle crashed</b><br />You can keep playing but it might crash again.</div>
|html|<div class="broadcast-red"><b>The battle crashed</b><br />You can keep playing but it might crash again.</div>
|html|<div class="broadcast-red"><b>The battle crashed</b><br />You can keep playing but it might crash again.</div>
|html|<div class="broadcast-red"><b>The battle crashed</b><br />You can keep playing but it might crash again.</div>
|html|<div class="broadcast-red"><b>The battle crashed</b><br />You can keep playing but it might crash again.</div>
|html|<div class="broadcast-red"><b>The battle crashed</b><br />You can keep playing but it might crash again.</div>
|html|<div class="broadcast-red"><b>The battle crashed</b><br />You can keep playing but it might crash again.</div>
|html|<div class="broadcast-red"><b>The battle crashed</b><br />You can keep playing but it might crash again.</div>
|html|<div class="broadcast-red"><b>The battle crashed</b><br />You can keep playing but it might crash again.</div>
|html|<div class="broadcast-red"><b>The battle crashed</b><br />You can keep playing but it might crash again.</div>
|html|<div class="broadcast-red"><b>The battle crashed</b><br />You can keep playing but it might crash again.</div>
|html|<div class="broadcast-red"><b>The battle crashed</b><br />You can keep playing but it might crash again.</div>
|html|<div class="broadcast-red"><b>The battle crashed</b><br />You can keep playing but it might crash again.</div>
|html|<div class="broadcast-red"><b>The battle crashed</b><br />You can keep playing but it might crash again.</div>
|html|<div class="broadcast-red"><b>The battle crashed</b><br />You can keep playing but it might crash again.</div>
|html|<div class="broadcast-red"><b>The battle crashed</b><br />You can keep playing but it might crash again.</div>
|html|<div class="broadcast-red"><b>The battle crashed</b><br />You can keep playing but it might crash again.</div>
|html|<div class="broadcast-red"><b>The battle crashed</b><br />You can keep playing but it might crash again.</div>
|html|<div class="broadcast-red"><b>The battle crashed</b><br />You can keep playing but it might crash again.</div>
|html|<div class="broadcast-red"><b>The battle crashed</b><br />You can keep playing but it might crash again.</div>
|html|<div class="broadcast-red"><b>The battle crashed</b><br />You can keep playing but it might crash again.</div>
|html|<div class="broadcast-red"><b>The battle crashed</b><br />You can keep playing but it might crash again.</div>
|html|<div class="broadcast-red"><b>The battle crashed</b><br />You can keep playing but it might crash again.</div>
|html|<div class="broadcast-red"><b>The battle crashed</b><br />You can keep playing but it might crash again.</div>
|html|<div class="broadcast-red"><b>The battle crashed</b><br />You can keep playing but it might crash again.</div>
|html|<div class="broadcast-red"><b>The battle crashed</b><br />You can keep playing but it might crash again.</div>
|html|<div class="broadcast-red"><b>The battle crashed</b><br />You can keep playing but it might crash again.</div>
|html|<div class="broadcast-red"><b>The battle crashed</b><br />You can keep playing but it might crash again.</div>
|html|<div class="broadcast-red"><b>The battle crashed</b><br />You can keep playing but it might crash again.</div>
|html|<div class="broadcast-red"><b>The battle crashed</b><br />You can keep playing but it might crash again.</div>
|html|<div class="broadcast-red"><b>The battle crashed</b><br />You can keep playing but it might crash again.</div>
|html|<div class="broadcast-red"><b>The battle crashed</b><br />You can keep playing but it might crash again.</div>
|html|<div class="broadcast-red"><b>The battle crashed</b><br />You can keep playing but it might crash again.</div>
|html|<div class="broadcast-red"><b>The battle crashed</b><br />You can keep playing but it might crash again.</div>
|html|<div class="broadcast-red"><b>The battle crashed</b><br />You can keep playing but it might crash again.</div>
|html|<div class="broadcast-red"><b>The battle crashed</b><br />You can keep playing but it might crash again.</div>
|html|<div class="broadcast-red"><b>The battle crashed</b><br />You can keep playing but it might crash again.</div>
|html|<div class="broadcast-red"><b>The battle crashed</b><br />You can keep playing but it might crash again.</div>
|html|<div class="broadcast-red"><b>The battle crashed</b><br />You can keep playing but it might crash again.</div>
|html|<div class="broadcast-red"><b>The battle crashed</b><br />You can keep playing but it might crash again.</div>
|html|<div class="broadcast-red"><b>The battle crashed</b><br />You can keep playing but it might crash again.</div>
|html|<div class="broadcast-red"><b>The battle crashed</b><br />You can keep playing but it might crash again.</div>
|html|<div class="broadcast-red"><b>The battle crashed</b><br />You can keep playing but it might crash again.</div>
|html|<div class="broadcast-red"><b>The battle crashed</b><br />You can keep playing but it might crash again.</div>
|html|<div class="broadcast-red"><b>The battle crashed</b><br />You can keep playing but it might crash again.</div>
|html|<div class="broadcast-red"><b>The battle crashed</b><br />You can keep playing but it might crash again.</div>
|html|<div class="broadcast-red"><b>The battle crashed</b><br />You can keep playing but it might crash again.</div>
|html|<div class="broadcast-red"><b>The battle crashed</b><br />You can keep playing but it might crash again.</div>
|html|<div class="broadcast-red"><b>The battle crashed</b><br />You can keep playing but it might crash again.</div>
|html|<div class="broadcast-red"><b>The battle crashed</b><br />You can keep playing but it might crash again.</div>
|html|<div class="broadcast-red"><b>The battle crashed</b><br />You can keep playing but it might crash again.</div>
|html|<div class="broadcast-red"><b>The battle crashed</b><br />You can keep playing but it might crash again.</div>
|html|<div class="broadcast-red"><b>The battle crashed</b><br />You can keep playing but it might crash again.</div>
|html|<div class="broadcast-red"><b>The battle crashed</b><br />You can keep playing but it might crash again.</div>
|html|<div class="broadcast-red"><b>The battle crashed</b><br />You can keep playing but it might crash again.</div>
|html|<div class="broadcast-red"><b>The battle crashed</b><br />You can keep playing but it might crash again.</div>
|html|<div class="broadcast-red"><b>The battle crashed</b><br />You can keep playing but it might crash again.</div>
|html|<div class="broadcast-red"><b>The battle crashed</b><br />You can keep playing but it might crash again.</div>
|html|<div class="broadcast-red"><b>The battle crashed</b><br />You can keep playing but it might crash again.</div>
|html|<div class="broadcast-red"><b>The battle crashed</b><br />You can keep playing but it might crash again.</div>
|html|<div class="broadcast-red"><b>The battle crashed</b><br />You can keep playing but it might crash again.</div>

TypeError: Cannot read property 'isActive' of null
    at Tools.Battle.makeRequest (/Users/clazinasteunenberg/Downloads/Test/battle-engine.js:1943:15)
    at process.BattlePokemon.side (/Users/clazinasteunenberg/Downloads/Test/battle-engine.js:157:13)
    at process.EventEmitter.emit (events.js:98:17)
    at handleMessage (child_process.js:318:10)
    at Pipe.channel.onread (child_process.js:345:11)

ReferenceError: potd is not defined
    at Tools.exports.BattleScripts.randomTeam (/Users/clazinasteunenberg/Downloads/Test/data/scripts.js:1522:8)
    at Tools.exports.BattleScripts.getTeam (/Users/clazinasteunenberg/Downloads/Test/data/scripts.js:488:16)
    at new BattleSide (/Users/clazinasteunenberg/Downloads/Test/battle-engine.js:1096:27)
    at Tools.Battle.join (/Users/clazinasteunenberg/Downloads/Test/battle-engine.js:3333:15)
    at Tools.Battle.receive (/Users/clazinasteunenberg/Downloads/Test/battle-engine.js:3390:9)
    at process.BattlePokemon.side (/Users/clazinasteunenberg/Downloads/Test/battle-engine.js:143:12)
    at process.EventEmitter.emit (events.js:98:17)
    at handleMessage (child_process.js:318:10)
    at Pipe.channel.onread (child_process.js:345:11)

Additional information:
message = battle-randombattle-497|join|p1|Meloetta<3V|134
currentRequest = 

Log:
|html|<div class="broadcast-red"><b>The battle crashed</b><br />You can keep playing but it might crash again.</div>
|html|<div class="broadcast-red"><b>The battle crashed</b><br />You can keep playing but it might crash again.</div>
|html|<div class="broadcast-red"><b>The battle crashed</b><br />You can keep playing but it might crash again.</div>
|html|<div class="broadcast-red"><b>The battle crashed</b><br />You can keep playing but it might crash again.</div>
|html|<div class="broadcast-red"><b>The battle crashed</b><br />You can keep playing but it might crash again.</div>
|html|<div class="broadcast-red"><b>The battle crashed</b><br />You can keep playing but it might crash again.</div>
|html|<div class="broadcast-red"><b>The battle crashed</b><br />You can keep playing but it might crash again.</div>
|html|<div class="broadcast-red"><b>The battle crashed</b><br />You can keep playing but it might crash again.</div>
|html|<div class="broadcast-red"><b>The battle crashed</b><br />You can keep playing but it might crash again.</div>
|html|<div class="broadcast-red"><b>The battle crashed</b><br />You can keep playing but it might crash again.</div>
|html|<div class="broadcast-red"><b>The battle crashed</b><br />You can keep playing but it might crash again.</div>
|html|<div class="broadcast-red"><b>The battle crashed</b><br />You can keep playing but it might crash again.</div>
|html|<div class="broadcast-red"><b>The battle crashed</b><br />You can keep playing but it might crash again.</div>
|html|<div class="broadcast-red"><b>The battle crashed</b><br />You can keep playing but it might crash again.</div>
|html|<div class="broadcast-red"><b>The battle crashed</b><br />You can keep playing but it might crash again.</div>
|html|<div class="broadcast-red"><b>The battle crashed</b><br />You can keep playing but it might crash again.</div>
|html|<div class="broadcast-red"><b>The battle crashed</b><br />You can keep playing but it might crash again.</div>
|html|<div class="broadcast-red"><b>The battle crashed</b><br />You can keep playing but it might crash again.</div>
|html|<div class="broadcast-red"><b>The battle crashed</b><br />You can keep playing but it might crash again.</div>
|html|<div class="broadcast-red"><b>The battle crashed</b><br />You can keep playing but it might crash again.</div>
|html|<div class="broadcast-red"><b>The battle crashed</b><br />You can keep playing but it might crash again.</div>
|html|<div class="broadcast-red"><b>The battle crashed</b><br />You can keep playing but it might crash again.</div>
|html|<div class="broadcast-red"><b>The battle crashed</b><br />You can keep playing but it might crash again.</div>
|html|<div class="broadcast-red"><b>The battle crashed</b><br />You can keep playing but it might crash again.</div>
|html|<div class="broadcast-red"><b>The battle crashed</b><br />You can keep playing but it might crash again.</div>
|html|<div class="broadcast-red"><b>The battle crashed</b><br />You can keep playing but it might crash again.</div>
|html|<div class="broadcast-red"><b>The battle crashed</b><br />You can keep playing but it might crash again.</div>
|html|<div class="broadcast-red"><b>The battle crashed</b><br />You can keep playing but it might crash again.</div>
|html|<div class="broadcast-red"><b>The battle crashed</b><br />You can keep playing but it might crash again.</div>
|html|<div class="broadcast-red"><b>The battle crashed</b><br />You can keep playing but it might crash again.</div>
|html|<div class="broadcast-red"><b>The battle crashed</b><br />You can keep playing but it might crash again.</div>
|html|<div class="broadcast-red"><b>The battle crashed</b><br />You can keep playing but it might crash again.</div>
|html|<div class="broadcast-red"><b>The battle crashed</b><br />You can keep playing but it might crash again.</div>
|html|<div class="broadcast-red"><b>The battle crashed</b><br />You can keep playing but it might crash again.</div>
|html|<div class="broadcast-red"><b>The battle crashed</b><br />You can keep playing but it might crash again.</div>
|html|<div class="broadcast-red"><b>The battle crashed</b><br />You can keep playing but it might crash again.</div>
|html|<div class="broadcast-red"><b>The battle crashed</b><br />You can keep playing but it might crash again.</div>
|html|<div class="broadcast-red"><b>The battle crashed</b><br />You can keep playing but it might crash again.</div>
|html|<div class="broadcast-red"><b>The battle crashed</b><br />You can keep playing but it might crash again.</div>
|html|<div class="broadcast-red"><b>The battle crashed</b><br />You can keep playing but it might crash again.</div>
|html|<div class="broadcast-red"><b>The battle crashed</b><br />You can keep playing but it might crash again.</div>
|html|<div class="broadcast-red"><b>The battle crashed</b><br />You can keep playing but it might crash again.</div>
|html|<div class="broadcast-red"><b>The battle crashed</b><br />You can keep playing but it might crash again.</div>
|html|<div class="broadcast-red"><b>The battle crashed</b><br />You can keep playing but it might crash again.</div>
|html|<div class="broadcast-red"><b>The battle crashed</b><br />You can keep playing but it might crash again.</div>
|html|<div class="broadcast-red"><b>The battle crashed</b><br />You can keep playing but it might crash again.</div>
|html|<div class="broadcast-red"><b>The battle crashed</b><br />You can keep playing but it might crash again.</div>
|html|<div class="broadcast-red"><b>The battle crashed</b><br />You can keep playing but it might crash again.</div>
|html|<div class="broadcast-red"><b>The battle crashed</b><br />You can keep playing but it might crash again.</div>
|html|<div class="broadcast-red"><b>The battle crashed</b><br />You can keep playing but it might crash again.</div>
|html|<div class="broadcast-red"><b>The battle crashed</b><br />You can keep playing but it might crash again.</div>
|html|<div class="broadcast-red"><b>The battle crashed</b><br />You can keep playing but it might crash again.</div>
|html|<div class="broadcast-red"><b>The battle crashed</b><br />You can keep playing but it might crash again.</div>
|html|<div class="broadcast-red"><b>The battle crashed</b><br />You can keep playing but it might crash again.</div>
|html|<div class="broadcast-red"><b>The battle crashed</b><br />You can keep playing but it might crash again.</div>
|html|<div class="broadcast-red"><b>The battle crashed</b><br />You can keep playing but it might crash again.</div>
|html|<div class="broadcast-red"><b>The battle crashed</b><br />You can keep playing but it might crash again.</div>
|html|<div class="broadcast-red"><b>The battle crashed</b><br />You can keep playing but it might crash again.</div>
|html|<div class="broadcast-red"><b>The battle crashed</b><br />You can keep playing but it might crash again.</div>
|html|<div class="broadcast-red"><b>The battle crashed</b><br />You can keep playing but it might crash again.</div>
|html|<div class="broadcast-red"><b>The battle crashed</b><br />You can keep playing but it might crash again.</div>
|html|<div class="broadcast-red"><b>The battle crashed</b><br />You can keep playing but it might crash again.</div>
|html|<div class="broadcast-red"><b>The battle crashed</b><br />You can keep playing but it might crash again.</div>
|html|<div class="broadcast-red"><b>The battle crashed</b><br />You can keep playing but it might crash again.</div>
|html|<div class="broadcast-red"><b>The battle crashed</b><br />You can keep playing but it might crash again.</div>
|html|<div class="broadcast-red"><b>The battle crashed</b><br />You can keep playing but it might crash again.</div>
|html|<div class="broadcast-red"><b>The battle crashed</b><br />You can keep playing but it might crash again.</div>

TypeError: Cannot read property 'isActive' of null
    at Tools.Battle.makeRequest (/Users/clazinasteunenberg/Downloads/Test/battle-engine.js:1943:15)
    at process.BattlePokemon.side (/Users/clazinasteunenberg/Downloads/Test/battle-engine.js:157:13)
    at process.EventEmitter.emit (events.js:98:17)
    at handleMessage (child_process.js:318:10)
    at Pipe.channel.onread (child_process.js:345:11)

ReferenceError: potd is not defined
    at Tools.exports.BattleScripts.randomTeam (/Users/clazinasteunenberg/Downloads/Test/data/scripts.js:1522:8)
    at Tools.exports.BattleScripts.getTeam (/Users/clazinasteunenberg/Downloads/Test/data/scripts.js:488:16)
    at new BattleSide (/Users/clazinasteunenberg/Downloads/Test/battle-engine.js:1096:27)
    at Tools.Battle.join (/Users/clazinasteunenberg/Downloads/Test/battle-engine.js:3333:15)
    at Tools.Battle.receive (/Users/clazinasteunenberg/Downloads/Test/battle-engine.js:3390:9)
    at process.BattlePokemon.side (/Users/clazinasteunenberg/Downloads/Test/battle-engine.js:143:12)
    at process.EventEmitter.emit (events.js:98:17)
    at handleMessage (child_process.js:318:10)
    at Pipe.channel.onread (child_process.js:345:11)

Additional information:
message = battle-randombattle-497|join|p1|Meloetta<3V|134
currentRequest = 

Log:
|html|<div class="broadcast-red"><b>The battle crashed</b><br />You can keep playing but it might crash again.</div>
|html|<div class="broadcast-red"><b>The battle crashed</b><br />You can keep playing but it might crash again.</div>
|html|<div class="broadcast-red"><b>The battle crashed</b><br />You can keep playing but it might crash again.</div>
|html|<div class="broadcast-red"><b>The battle crashed</b><br />You can keep playing but it might crash again.</div>
|html|<div class="broadcast-red"><b>The battle crashed</b><br />You can keep playing but it might crash again.</div>
|html|<div class="broadcast-red"><b>The battle crashed</b><br />You can keep playing but it might crash again.</div>
|html|<div class="broadcast-red"><b>The battle crashed</b><br />You can keep playing but it might crash again.</div>
|html|<div class="broadcast-red"><b>The battle crashed</b><br />You can keep playing but it might crash again.</div>
|html|<div class="broadcast-red"><b>The battle crashed</b><br />You can keep playing but it might crash again.</div>
|html|<div class="broadcast-red"><b>The battle crashed</b><br />You can keep playing but it might crash again.</div>
|html|<div class="broadcast-red"><b>The battle crashed</b><br />You can keep playing but it might crash again.</div>
|html|<div class="broadcast-red"><b>The battle crashed</b><br />You can keep playing but it might crash again.</div>
|html|<div class="broadcast-red"><b>The battle crashed</b><br />You can keep playing but it might crash again.</div>
|html|<div class="broadcast-red"><b>The battle crashed</b><br />You can keep playing but it might crash again.</div>
|html|<div class="broadcast-red"><b>The battle crashed</b><br />You can keep playing but it might crash again.</div>
|html|<div class="broadcast-red"><b>The battle crashed</b><br />You can keep playing but it might crash again.</div>
|html|<div class="broadcast-red"><b>The battle crashed</b><br />You can keep playing but it might crash again.</div>
|html|<div class="broadcast-red"><b>The battle crashed</b><br />You can keep playing but it might crash again.</div>
|html|<div class="broadcast-red"><b>The battle crashed</b><br />You can keep playing but it might crash again.</div>
|html|<div class="broadcast-red"><b>The battle crashed</b><br />You can keep playing but it might crash again.</div>
|html|<div class="broadcast-red"><b>The battle crashed</b><br />You can keep playing but it might crash again.</div>
|html|<div class="broadcast-red"><b>The battle crashed</b><br />You can keep playing but it might crash again.</div>
|html|<div class="broadcast-red"><b>The battle crashed</b><br />You can keep playing but it might crash again.</div>
|html|<div class="broadcast-red"><b>The battle crashed</b><br />You can keep playing but it might crash again.</div>
|html|<div class="broadcast-red"><b>The battle crashed</b><br />You can keep playing but it might crash again.</div>
|html|<div class="broadcast-red"><b>The battle crashed</b><br />You can keep playing but it might crash again.</div>
|html|<div class="broadcast-red"><b>The battle crashed</b><br />You can keep playing but it might crash again.</div>
|html|<div class="broadcast-red"><b>The battle crashed</b><br />You can keep playing but it might crash again.</div>
|html|<div class="broadcast-red"><b>The battle crashed</b><br />You can keep playing but it might crash again.</div>
|html|<div class="broadcast-red"><b>The battle crashed</b><br />You can keep playing but it might crash again.</div>
|html|<div class="broadcast-red"><b>The battle crashed</b><br />You can keep playing but it might crash again.</div>
|html|<div class="broadcast-red"><b>The battle crashed</b><br />You can keep playing but it might crash again.</div>
|html|<div class="broadcast-red"><b>The battle crashed</b><br />You can keep playing but it might crash again.</div>
|html|<div class="broadcast-red"><b>The battle crashed</b><br />You can keep playing but it might crash again.</div>
|html|<div class="broadcast-red"><b>The battle crashed</b><br />You can keep playing but it might crash again.</div>
|html|<div class="broadcast-red"><b>The battle crashed</b><br />You can keep playing but it might crash again.</div>
|html|<div class="broadcast-red"><b>The battle crashed</b><br />You can keep playing but it might crash again.</div>
|html|<div class="broadcast-red"><b>The battle crashed</b><br />You can keep playing but it might crash again.</div>
|html|<div class="broadcast-red"><b>The battle crashed</b><br />You can keep playing but it might crash again.</div>
|html|<div class="broadcast-red"><b>The battle crashed</b><br />You can keep playing but it might crash again.</div>
|html|<div class="broadcast-red"><b>The battle crashed</b><br />You can keep playing but it might crash again.</div>
|html|<div class="broadcast-red"><b>The battle crashed</b><br />You can keep playing but it might crash again.</div>
|html|<div class="broadcast-red"><b>The battle crashed</b><br />You can keep playing but it might crash again.</div>
|html|<div class="broadcast-red"><b>The battle crashed</b><br />You can keep playing but it might crash again.</div>
|html|<div class="broadcast-red"><b>The battle crashed</b><br />You can keep playing but it might crash again.</div>
|html|<div class="broadcast-red"><b>The battle crashed</b><br />You can keep playing but it might crash again.</div>
|html|<div class="broadcast-red"><b>The battle crashed</b><br />You can keep playing but it might crash again.</div>
|html|<div class="broadcast-red"><b>The battle crashed</b><br />You can keep playing but it might crash again.</div>
|html|<div class="broadcast-red"><b>The battle crashed</b><br />You can keep playing but it might crash again.</div>
|html|<div class="broadcast-red"><b>The battle crashed</b><br />You can keep playing but it might crash again.</div>
|html|<div class="broadcast-red"><b>The battle crashed</b><br />You can keep playing but it might crash again.</div>
|html|<div class="broadcast-red"><b>The battle crashed</b><br />You can keep playing but it might crash again.</div>
|html|<div class="broadcast-red"><b>The battle crashed</b><br />You can keep playing but it might crash again.</div>
|html|<div class="broadcast-red"><b>The battle crashed</b><br />You can keep playing but it might crash again.</div>
|html|<div class="broadcast-red"><b>The battle crashed</b><br />You can keep playing but it might crash again.</div>
|html|<div class="broadcast-red"><b>The battle crashed</b><br />You can keep playing but it might crash again.</div>
|html|<div class="broadcast-red"><b>The battle crashed</b><br />You can keep playing but it might crash again.</div>
|html|<div class="broadcast-red"><b>The battle crashed</b><br />You can keep playing but it might crash again.</div>
|html|<div class="broadcast-red"><b>The battle crashed</b><br />You can keep playing but it might crash again.</div>
|html|<div class="broadcast-red"><b>The battle crashed</b><br />You can keep playing but it might crash again.</div>
|html|<div class="broadcast-red"><b>The battle crashed</b><br />You can keep playing but it might crash again.</div>
|html|<div class="broadcast-red"><b>The battle crashed</b><br />You can keep playing but it might crash again.</div>
|html|<div class="broadcast-red"><b>The battle crashed</b><br />You can keep playing but it might crash again.</div>
|html|<div class="broadcast-red"><b>The battle crashed</b><br />You can keep playing but it might crash again.</div>
|html|<div class="broadcast-red"><b>The battle crashed</b><br />You can keep playing but it might crash again.</div>
|html|<div class="broadcast-red"><b>The battle crashed</b><br />You can keep playing but it might crash again.</div>
|html|<div class="broadcast-red"><b>The battle crashed</b><br />You can keep playing but it might crash again.</div>
|html|<div class="broadcast-red"><b>The battle crashed</b><br />You can keep playing but it might crash again.</div>

TypeError: Cannot read property 'isActive' of null
    at Tools.Battle.makeRequest (/Users/clazinasteunenberg/Downloads/Test/battle-engine.js:1943:15)
    at process.BattlePokemon.side (/Users/clazinasteunenberg/Downloads/Test/battle-engine.js:157:13)
    at process.EventEmitter.emit (events.js:98:17)
    at handleMessage (child_process.js:318:10)
    at Pipe.channel.onread (child_process.js:345:11)

ReferenceError: potd is not defined
    at Tools.exports.BattleScripts.randomTeam (/Users/clazinasteunenberg/Downloads/Test/data/scripts.js:1522:8)
    at Tools.exports.BattleScripts.getTeam (/Users/clazinasteunenberg/Downloads/Test/data/scripts.js:488:16)
    at new BattleSide (/Users/clazinasteunenberg/Downloads/Test/battle-engine.js:1096:27)
    at Tools.Battle.join (/Users/clazinasteunenberg/Downloads/Test/battle-engine.js:3333:15)
    at Tools.Battle.receive (/Users/clazinasteunenberg/Downloads/Test/battle-engine.js:3390:9)
    at process.BattlePokemon.side (/Users/clazinasteunenberg/Downloads/Test/battle-engine.js:143:12)
    at process.EventEmitter.emit (events.js:98:17)
    at handleMessage (child_process.js:318:10)
    at Pipe.channel.onread (child_process.js:345:11)

Additional information:
message = battle-randombattle-497|join|p1|Meloetta<3V|134
currentRequest = 

Log:
|html|<div class="broadcast-red"><b>The battle crashed</b><br />You can keep playing but it might crash again.</div>
|html|<div class="broadcast-red"><b>The battle crashed</b><br />You can keep playing but it might crash again.</div>
|html|<div class="broadcast-red"><b>The battle crashed</b><br />You can keep playing but it might crash again.</div>
|html|<div class="broadcast-red"><b>The battle crashed</b><br />You can keep playing but it might crash again.</div>
|html|<div class="broadcast-red"><b>The battle crashed</b><br />You can keep playing but it might crash again.</div>
|html|<div class="broadcast-red"><b>The battle crashed</b><br />You can keep playing but it might crash again.</div>
|html|<div class="broadcast-red"><b>The battle crashed</b><br />You can keep playing but it might crash again.</div>
|html|<div class="broadcast-red"><b>The battle crashed</b><br />You can keep playing but it might crash again.</div>
|html|<div class="broadcast-red"><b>The battle crashed</b><br />You can keep playing but it might crash again.</div>
|html|<div class="broadcast-red"><b>The battle crashed</b><br />You can keep playing but it might crash again.</div>
|html|<div class="broadcast-red"><b>The battle crashed</b><br />You can keep playing but it might crash again.</div>
|html|<div class="broadcast-red"><b>The battle crashed</b><br />You can keep playing but it might crash again.</div>
|html|<div class="broadcast-red"><b>The battle crashed</b><br />You can keep playing but it might crash again.</div>
|html|<div class="broadcast-red"><b>The battle crashed</b><br />You can keep playing but it might crash again.</div>
|html|<div class="broadcast-red"><b>The battle crashed</b><br />You can keep playing but it might crash again.</div>
|html|<div class="broadcast-red"><b>The battle crashed</b><br />You can keep playing but it might crash again.</div>
|html|<div class="broadcast-red"><b>The battle crashed</b><br />You can keep playing but it might crash again.</div>
|html|<div class="broadcast-red"><b>The battle crashed</b><br />You can keep playing but it might crash again.</div>
|html|<div class="broadcast-red"><b>The battle crashed</b><br />You can keep playing but it might crash again.</div>
|html|<div class="broadcast-red"><b>The battle crashed</b><br />You can keep playing but it might crash again.</div>
|html|<div class="broadcast-red"><b>The battle crashed</b><br />You can keep playing but it might crash again.</div>
|html|<div class="broadcast-red"><b>The battle crashed</b><br />You can keep playing but it might crash again.</div>
|html|<div class="broadcast-red"><b>The battle crashed</b><br />You can keep playing but it might crash again.</div>
|html|<div class="broadcast-red"><b>The battle crashed</b><br />You can keep playing but it might crash again.</div>
|html|<div class="broadcast-red"><b>The battle crashed</b><br />You can keep playing but it might crash again.</div>
|html|<div class="broadcast-red"><b>The battle crashed</b><br />You can keep playing but it might crash again.</div>
|html|<div class="broadcast-red"><b>The battle crashed</b><br />You can keep playing but it might crash again.</div>
|html|<div class="broadcast-red"><b>The battle crashed</b><br />You can keep playing but it might crash again.</div>
|html|<div class="broadcast-red"><b>The battle crashed</b><br />You can keep playing but it might crash again.</div>
|html|<div class="broadcast-red"><b>The battle crashed</b><br />You can keep playing but it might crash again.</div>
|html|<div class="broadcast-red"><b>The battle crashed</b><br />You can keep playing but it might crash again.</div>
|html|<div class="broadcast-red"><b>The battle crashed</b><br />You can keep playing but it might crash again.</div>
|html|<div class="broadcast-red"><b>The battle crashed</b><br />You can keep playing but it might crash again.</div>
|html|<div class="broadcast-red"><b>The battle crashed</b><br />You can keep playing but it might crash again.</div>
|html|<div class="broadcast-red"><b>The battle crashed</b><br />You can keep playing but it might crash again.</div>
|html|<div class="broadcast-red"><b>The battle crashed</b><br />You can keep playing but it might crash again.</div>
|html|<div class="broadcast-red"><b>The battle crashed</b><br />You can keep playing but it might crash again.</div>
|html|<div class="broadcast-red"><b>The battle crashed</b><br />You can keep playing but it might crash again.</div>
|html|<div class="broadcast-red"><b>The battle crashed</b><br />You can keep playing but it might crash again.</div>
|html|<div class="broadcast-red"><b>The battle crashed</b><br />You can keep playing but it might crash again.</div>
|html|<div class="broadcast-red"><b>The battle crashed</b><br />You can keep playing but it might crash again.</div>
|html|<div class="broadcast-red"><b>The battle crashed</b><br />You can keep playing but it might crash again.</div>
|html|<div class="broadcast-red"><b>The battle crashed</b><br />You can keep playing but it might crash again.</div>
|html|<div class="broadcast-red"><b>The battle crashed</b><br />You can keep playing but it might crash again.</div>
|html|<div class="broadcast-red"><b>The battle crashed</b><br />You can keep playing but it might crash again.</div>
|html|<div class="broadcast-red"><b>The battle crashed</b><br />You can keep playing but it might crash again.</div>
|html|<div class="broadcast-red"><b>The battle crashed</b><br />You can keep playing but it might crash again.</div>
|html|<div class="broadcast-red"><b>The battle crashed</b><br />You can keep playing but it might crash again.</div>
|html|<div class="broadcast-red"><b>The battle crashed</b><br />You can keep playing but it might crash again.</div>
|html|<div class="broadcast-red"><b>The battle crashed</b><br />You can keep playing but it might crash again.</div>
|html|<div class="broadcast-red"><b>The battle crashed</b><br />You can keep playing but it might crash again.</div>
|html|<div class="broadcast-red"><b>The battle crashed</b><br />You can keep playing but it might crash again.</div>
|html|<div class="broadcast-red"><b>The battle crashed</b><br />You can keep playing but it might crash again.</div>
|html|<div class="broadcast-red"><b>The battle crashed</b><br />You can keep playing but it might crash again.</div>
|html|<div class="broadcast-red"><b>The battle crashed</b><br />You can keep playing but it might crash again.</div>
|html|<div class="broadcast-red"><b>The battle crashed</b><br />You can keep playing but it might crash again.</div>
|html|<div class="broadcast-red"><b>The battle crashed</b><br />You can keep playing but it might crash again.</div>
|html|<div class="broadcast-red"><b>The battle crashed</b><br />You can keep playing but it might crash again.</div>
|html|<div class="broadcast-red"><b>The battle crashed</b><br />You can keep playing but it might crash again.</div>
|html|<div class="broadcast-red"><b>The battle crashed</b><br />You can keep playing but it might crash again.</div>
|html|<div class="broadcast-red"><b>The battle crashed</b><br />You can keep playing but it might crash again.</div>
|html|<div class="broadcast-red"><b>The battle crashed</b><br />You can keep playing but it might crash again.</div>
|html|<div class="broadcast-red"><b>The battle crashed</b><br />You can keep playing but it might crash again.</div>
|html|<div class="broadcast-red"><b>The battle crashed</b><br />You can keep playing but it might crash again.</div>
|html|<div class="broadcast-red"><b>The battle crashed</b><br />You can keep playing but it might crash again.</div>
|html|<div class="broadcast-red"><b>The battle crashed</b><br />You can keep playing but it might crash again.</div>
|html|<div class="broadcast-red"><b>The battle crashed</b><br />You can keep playing but it might crash again.</div>
|html|<div class="broadcast-red"><b>The battle crashed</b><br />You can keep playing but it might crash again.</div>
|html|<div class="broadcast-red"><b>The battle crashed</b><br />You can keep playing but it might crash again.</div>

TypeError: Cannot read property 'isActive' of null
    at Tools.Battle.makeRequest (/Users/clazinasteunenberg/Downloads/Test/battle-engine.js:1943:15)
    at process.BattlePokemon.side (/Users/clazinasteunenberg/Downloads/Test/battle-engine.js:157:13)
    at process.EventEmitter.emit (events.js:98:17)
    at handleMessage (child_process.js:318:10)
    at Pipe.channel.onread (child_process.js:345:11)

ReferenceError: potd is not defined
    at Tools.exports.BattleScripts.randomTeam (/Users/clazinasteunenberg/Downloads/Test/data/scripts.js:1522:8)
    at Tools.exports.BattleScripts.getTeam (/Users/clazinasteunenberg/Downloads/Test/data/scripts.js:488:16)
    at new BattleSide (/Users/clazinasteunenberg/Downloads/Test/battle-engine.js:1096:27)
    at Tools.Battle.join (/Users/clazinasteunenberg/Downloads/Test/battle-engine.js:3333:15)
    at Tools.Battle.receive (/Users/clazinasteunenberg/Downloads/Test/battle-engine.js:3390:9)
    at process.BattlePokemon.side (/Users/clazinasteunenberg/Downloads/Test/battle-engine.js:143:12)
    at process.EventEmitter.emit (events.js:98:17)
    at handleMessage (child_process.js:318:10)
    at Pipe.channel.onread (child_process.js:345:11)

Additional information:
message = battle-randombattle-497|join|p1|Meloetta<3V|134
currentRequest = 

Log:
|html|<div class="broadcast-red"><b>The battle crashed</b><br />You can keep playing but it might crash again.</div>
|html|<div class="broadcast-red"><b>The battle crashed</b><br />You can keep playing but it might crash again.</div>
|html|<div class="broadcast-red"><b>The battle crashed</b><br />You can keep playing but it might crash again.</div>
|html|<div class="broadcast-red"><b>The battle crashed</b><br />You can keep playing but it might crash again.</div>
|html|<div class="broadcast-red"><b>The battle crashed</b><br />You can keep playing but it might crash again.</div>
|html|<div class="broadcast-red"><b>The battle crashed</b><br />You can keep playing but it might crash again.</div>
|html|<div class="broadcast-red"><b>The battle crashed</b><br />You can keep playing but it might crash again.</div>
|html|<div class="broadcast-red"><b>The battle crashed</b><br />You can keep playing but it might crash again.</div>
|html|<div class="broadcast-red"><b>The battle crashed</b><br />You can keep playing but it might crash again.</div>
|html|<div class="broadcast-red"><b>The battle crashed</b><br />You can keep playing but it might crash again.</div>
|html|<div class="broadcast-red"><b>The battle crashed</b><br />You can keep playing but it might crash again.</div>
|html|<div class="broadcast-red"><b>The battle crashed</b><br />You can keep playing but it might crash again.</div>
|html|<div class="broadcast-red"><b>The battle crashed</b><br />You can keep playing but it might crash again.</div>
|html|<div class="broadcast-red"><b>The battle crashed</b><br />You can keep playing but it might crash again.</div>
|html|<div class="broadcast-red"><b>The battle crashed</b><br />You can keep playing but it might crash again.</div>
|html|<div class="broadcast-red"><b>The battle crashed</b><br />You can keep playing but it might crash again.</div>
|html|<div class="broadcast-red"><b>The battle crashed</b><br />You can keep playing but it might crash again.</div>
|html|<div class="broadcast-red"><b>The battle crashed</b><br />You can keep playing but it might crash again.</div>
|html|<div class="broadcast-red"><b>The battle crashed</b><br />You can keep playing but it might crash again.</div>
|html|<div class="broadcast-red"><b>The battle crashed</b><br />You can keep playing but it might crash again.</div>
|html|<div class="broadcast-red"><b>The battle crashed</b><br />You can keep playing but it might crash again.</div>
|html|<div class="broadcast-red"><b>The battle crashed</b><br />You can keep playing but it might crash again.</div>
|html|<div class="broadcast-red"><b>The battle crashed</b><br />You can keep playing but it might crash again.</div>
|html|<div class="broadcast-red"><b>The battle crashed</b><br />You can keep playing but it might crash again.</div>
|html|<div class="broadcast-red"><b>The battle crashed</b><br />You can keep playing but it might crash again.</div>
|html|<div class="broadcast-red"><b>The battle crashed</b><br />You can keep playing but it might crash again.</div>
|html|<div class="broadcast-red"><b>The battle crashed</b><br />You can keep playing but it might crash again.</div>
|html|<div class="broadcast-red"><b>The battle crashed</b><br />You can keep playing but it might crash again.</div>
|html|<div class="broadcast-red"><b>The battle crashed</b><br />You can keep playing but it might crash again.</div>
|html|<div class="broadcast-red"><b>The battle crashed</b><br />You can keep playing but it might crash again.</div>
|html|<div class="broadcast-red"><b>The battle crashed</b><br />You can keep playing but it might crash again.</div>
|html|<div class="broadcast-red"><b>The battle crashed</b><br />You can keep playing but it might crash again.</div>
|html|<div class="broadcast-red"><b>The battle crashed</b><br />You can keep playing but it might crash again.</div>
|html|<div class="broadcast-red"><b>The battle crashed</b><br />You can keep playing but it might crash again.</div>
|html|<div class="broadcast-red"><b>The battle crashed</b><br />You can keep playing but it might crash again.</div>
|html|<div class="broadcast-red"><b>The battle crashed</b><br />You can keep playing but it might crash again.</div>
|html|<div class="broadcast-red"><b>The battle crashed</b><br />You can keep playing but it might crash again.</div>
|html|<div class="broadcast-red"><b>The battle crashed</b><br />You can keep playing but it might crash again.</div>
|html|<div class="broadcast-red"><b>The battle crashed</b><br />You can keep playing but it might crash again.</div>
|html|<div class="broadcast-red"><b>The battle crashed</b><br />You can keep playing but it might crash again.</div>
|html|<div class="broadcast-red"><b>The battle crashed</b><br />You can keep playing but it might crash again.</div>
|html|<div class="broadcast-red"><b>The battle crashed</b><br />You can keep playing but it might crash again.</div>
|html|<div class="broadcast-red"><b>The battle crashed</b><br />You can keep playing but it might crash again.</div>
|html|<div class="broadcast-red"><b>The battle crashed</b><br />You can keep playing but it might crash again.</div>
|html|<div class="broadcast-red"><b>The battle crashed</b><br />You can keep playing but it might crash again.</div>
|html|<div class="broadcast-red"><b>The battle crashed</b><br />You can keep playing but it might crash again.</div>
|html|<div class="broadcast-red"><b>The battle crashed</b><br />You can keep playing but it might crash again.</div>
|html|<div class="broadcast-red"><b>The battle crashed</b><br />You can keep playing but it might crash again.</div>
|html|<div class="broadcast-red"><b>The battle crashed</b><br />You can keep playing but it might crash again.</div>
|html|<div class="broadcast-red"><b>The battle crashed</b><br />You can keep playing but it might crash again.</div>
|html|<div class="broadcast-red"><b>The battle crashed</b><br />You can keep playing but it might crash again.</div>
|html|<div class="broadcast-red"><b>The battle crashed</b><br />You can keep playing but it might crash again.</div>
|html|<div class="broadcast-red"><b>The battle crashed</b><br />You can keep playing but it might crash again.</div>
|html|<div class="broadcast-red"><b>The battle crashed</b><br />You can keep playing but it might crash again.</div>
|html|<div class="broadcast-red"><b>The battle crashed</b><br />You can keep playing but it might crash again.</div>
|html|<div class="broadcast-red"><b>The battle crashed</b><br />You can keep playing but it might crash again.</div>
|html|<div class="broadcast-red"><b>The battle crashed</b><br />You can keep playing but it might crash again.</div>
|html|<div class="broadcast-red"><b>The battle crashed</b><br />You can keep playing but it might crash again.</div>
|html|<div class="broadcast-red"><b>The battle crashed</b><br />You can keep playing but it might crash again.</div>
|html|<div class="broadcast-red"><b>The battle crashed</b><br />You can keep playing but it might crash again.</div>
|html|<div class="broadcast-red"><b>The battle crashed</b><br />You can keep playing but it might crash again.</div>
|html|<div class="broadcast-red"><b>The battle crashed</b><br />You can keep playing but it might crash again.</div>
|html|<div class="broadcast-red"><b>The battle crashed</b><br />You can keep playing but it might crash again.</div>
|html|<div class="broadcast-red"><b>The battle crashed</b><br />You can keep playing but it might crash again.</div>
|html|<div class="broadcast-red"><b>The battle crashed</b><br />You can keep playing but it might crash again.</div>
|html|<div class="broadcast-red"><b>The battle crashed</b><br />You can keep playing but it might crash again.</div>
|html|<div class="broadcast-red"><b>The battle crashed</b><br />You can keep playing but it might crash again.</div>
|html|<div class="broadcast-red"><b>The battle crashed</b><br />You can keep playing but it might crash again.</div>
|html|<div class="broadcast-red"><b>The battle crashed</b><br />You can keep playing but it might crash again.</div>
|html|<div class="broadcast-red"><b>The battle crashed</b><br />You can keep playing but it might crash again.</div>

TypeError: Cannot read property 'isActive' of null
    at Tools.Battle.makeRequest (/Users/clazinasteunenberg/Downloads/Test/battle-engine.js:1943:15)
    at process.BattlePokemon.side (/Users/clazinasteunenberg/Downloads/Test/battle-engine.js:157:13)
    at process.EventEmitter.emit (events.js:98:17)
    at handleMessage (child_process.js:318:10)
    at Pipe.channel.onread (child_process.js:345:11)

ReferenceError: potd is not defined
    at Tools.exports.BattleScripts.randomTeam (/Users/clazinasteunenberg/Downloads/Test/data/scripts.js:1522:8)
    at Tools.exports.BattleScripts.getTeam (/Users/clazinasteunenberg/Downloads/Test/data/scripts.js:488:16)
    at new BattleSide (/Users/clazinasteunenberg/Downloads/Test/battle-engine.js:1096:27)
    at Tools.Battle.join (/Users/clazinasteunenberg/Downloads/Test/battle-engine.js:3333:15)
    at Tools.Battle.receive (/Users/clazinasteunenberg/Downloads/Test/battle-engine.js:3390:9)
    at process.BattlePokemon.side (/Users/clazinasteunenberg/Downloads/Test/battle-engine.js:143:12)
    at process.EventEmitter.emit (events.js:98:17)
    at handleMessage (child_process.js:318:10)
    at Pipe.channel.onread (child_process.js:345:11)

Additional information:
message = battle-randombattle-497|join|p1|Meloetta<3V|134
currentRequest = 

Log:
|html|<div class="broadcast-red"><b>The battle crashed</b><br />You can keep playing but it might crash again.</div>
|html|<div class="broadcast-red"><b>The battle crashed</b><br />You can keep playing but it might crash again.</div>
|html|<div class="broadcast-red"><b>The battle crashed</b><br />You can keep playing but it might crash again.</div>
|html|<div class="broadcast-red"><b>The battle crashed</b><br />You can keep playing but it might crash again.</div>
|html|<div class="broadcast-red"><b>The battle crashed</b><br />You can keep playing but it might crash again.</div>
|html|<div class="broadcast-red"><b>The battle crashed</b><br />You can keep playing but it might crash again.</div>
|html|<div class="broadcast-red"><b>The battle crashed</b><br />You can keep playing but it might crash again.</div>
|html|<div class="broadcast-red"><b>The battle crashed</b><br />You can keep playing but it might crash again.</div>
|html|<div class="broadcast-red"><b>The battle crashed</b><br />You can keep playing but it might crash again.</div>
|html|<div class="broadcast-red"><b>The battle crashed</b><br />You can keep playing but it might crash again.</div>
|html|<div class="broadcast-red"><b>The battle crashed</b><br />You can keep playing but it might crash again.</div>
|html|<div class="broadcast-red"><b>The battle crashed</b><br />You can keep playing but it might crash again.</div>
|html|<div class="broadcast-red"><b>The battle crashed</b><br />You can keep playing but it might crash again.</div>
|html|<div class="broadcast-red"><b>The battle crashed</b><br />You can keep playing but it might crash again.</div>
|html|<div class="broadcast-red"><b>The battle crashed</b><br />You can keep playing but it might crash again.</div>
|html|<div class="broadcast-red"><b>The battle crashed</b><br />You can keep playing but it might crash again.</div>
|html|<div class="broadcast-red"><b>The battle crashed</b><br />You can keep playing but it might crash again.</div>
|html|<div class="broadcast-red"><b>The battle crashed</b><br />You can keep playing but it might crash again.</div>
|html|<div class="broadcast-red"><b>The battle crashed</b><br />You can keep playing but it might crash again.</div>
|html|<div class="broadcast-red"><b>The battle crashed</b><br />You can keep playing but it might crash again.</div>
|html|<div class="broadcast-red"><b>The battle crashed</b><br />You can keep playing but it might crash again.</div>
|html|<div class="broadcast-red"><b>The battle crashed</b><br />You can keep playing but it might crash again.</div>
|html|<div class="broadcast-red"><b>The battle crashed</b><br />You can keep playing but it might crash again.</div>
|html|<div class="broadcast-red"><b>The battle crashed</b><br />You can keep playing but it might crash again.</div>
|html|<div class="broadcast-red"><b>The battle crashed</b><br />You can keep playing but it might crash again.</div>
|html|<div class="broadcast-red"><b>The battle crashed</b><br />You can keep playing but it might crash again.</div>
|html|<div class="broadcast-red"><b>The battle crashed</b><br />You can keep playing but it might crash again.</div>
|html|<div class="broadcast-red"><b>The battle crashed</b><br />You can keep playing but it might crash again.</div>
|html|<div class="broadcast-red"><b>The battle crashed</b><br />You can keep playing but it might crash again.</div>
|html|<div class="broadcast-red"><b>The battle crashed</b><br />You can keep playing but it might crash again.</div>
|html|<div class="broadcast-red"><b>The battle crashed</b><br />You can keep playing but it might crash again.</div>
|html|<div class="broadcast-red"><b>The battle crashed</b><br />You can keep playing but it might crash again.</div>
|html|<div class="broadcast-red"><b>The battle crashed</b><br />You can keep playing but it might crash again.</div>
|html|<div class="broadcast-red"><b>The battle crashed</b><br />You can keep playing but it might crash again.</div>
|html|<div class="broadcast-red"><b>The battle crashed</b><br />You can keep playing but it might crash again.</div>
|html|<div class="broadcast-red"><b>The battle crashed</b><br />You can keep playing but it might crash again.</div>
|html|<div class="broadcast-red"><b>The battle crashed</b><br />You can keep playing but it might crash again.</div>
|html|<div class="broadcast-red"><b>The battle crashed</b><br />You can keep playing but it might crash again.</div>
|html|<div class="broadcast-red"><b>The battle crashed</b><br />You can keep playing but it might crash again.</div>
|html|<div class="broadcast-red"><b>The battle crashed</b><br />You can keep playing but it might crash again.</div>
|html|<div class="broadcast-red"><b>The battle crashed</b><br />You can keep playing but it might crash again.</div>
|html|<div class="broadcast-red"><b>The battle crashed</b><br />You can keep playing but it might crash again.</div>
|html|<div class="broadcast-red"><b>The battle crashed</b><br />You can keep playing but it might crash again.</div>
|html|<div class="broadcast-red"><b>The battle crashed</b><br />You can keep playing but it might crash again.</div>
|html|<div class="broadcast-red"><b>The battle crashed</b><br />You can keep playing but it might crash again.</div>
|html|<div class="broadcast-red"><b>The battle crashed</b><br />You can keep playing but it might crash again.</div>
|html|<div class="broadcast-red"><b>The battle crashed</b><br />You can keep playing but it might crash again.</div>
|html|<div class="broadcast-red"><b>The battle crashed</b><br />You can keep playing but it might crash again.</div>
|html|<div class="broadcast-red"><b>The battle crashed</b><br />You can keep playing but it might crash again.</div>
|html|<div class="broadcast-red"><b>The battle crashed</b><br />You can keep playing but it might crash again.</div>
|html|<div class="broadcast-red"><b>The battle crashed</b><br />You can keep playing but it might crash again.</div>
|html|<div class="broadcast-red"><b>The battle crashed</b><br />You can keep playing but it might crash again.</div>
|html|<div class="broadcast-red"><b>The battle crashed</b><br />You can keep playing but it might crash again.</div>
|html|<div class="broadcast-red"><b>The battle crashed</b><br />You can keep playing but it might crash again.</div>
|html|<div class="broadcast-red"><b>The battle crashed</b><br />You can keep playing but it might crash again.</div>
|html|<div class="broadcast-red"><b>The battle crashed</b><br />You can keep playing but it might crash again.</div>
|html|<div class="broadcast-red"><b>The battle crashed</b><br />You can keep playing but it might crash again.</div>
|html|<div class="broadcast-red"><b>The battle crashed</b><br />You can keep playing but it might crash again.</div>
|html|<div class="broadcast-red"><b>The battle crashed</b><br />You can keep playing but it might crash again.</div>
|html|<div class="broadcast-red"><b>The battle crashed</b><br />You can keep playing but it might crash again.</div>
|html|<div class="broadcast-red"><b>The battle crashed</b><br />You can keep playing but it might crash again.</div>
|html|<div class="broadcast-red"><b>The battle crashed</b><br />You can keep playing but it might crash again.</div>
|html|<div class="broadcast-red"><b>The battle crashed</b><br />You can keep playing but it might crash again.</div>
|html|<div class="broadcast-red"><b>The battle crashed</b><br />You can keep playing but it might crash again.</div>
|html|<div class="broadcast-red"><b>The battle crashed</b><br />You can keep playing but it might crash again.</div>
|html|<div class="broadcast-red"><b>The battle crashed</b><br />You can keep playing but it might crash again.</div>
|html|<div class="broadcast-red"><b>The battle crashed</b><br />You can keep playing but it might crash again.</div>
|html|<div class="broadcast-red"><b>The battle crashed</b><br />You can keep playing but it might crash again.</div>
|html|<div class="broadcast-red"><b>The battle crashed</b><br />You can keep playing but it might crash again.</div>
|html|<div class="broadcast-red"><b>The battle crashed</b><br />You can keep playing but it might crash again.</div>
|html|<div class="broadcast-red"><b>The battle crashed</b><br />You can keep playing but it might crash again.</div>

TypeError: Cannot read property 'isActive' of null
    at Tools.Battle.makeRequest (/Users/clazinasteunenberg/Downloads/Test/battle-engine.js:1943:15)
    at process.BattlePokemon.side (/Users/clazinasteunenberg/Downloads/Test/battle-engine.js:157:13)
    at process.EventEmitter.emit (events.js:98:17)
    at handleMessage (child_process.js:318:10)
    at Pipe.channel.onread (child_process.js:345:11)

ReferenceError: potd is not defined
    at Tools.exports.BattleScripts.randomTeam (/Users/clazinasteunenberg/Downloads/Test/data/scripts.js:1522:8)
    at Tools.exports.BattleScripts.getTeam (/Users/clazinasteunenberg/Downloads/Test/data/scripts.js:488:16)
    at new BattleSide (/Users/clazinasteunenberg/Downloads/Test/battle-engine.js:1096:27)
    at Tools.Battle.join (/Users/clazinasteunenberg/Downloads/Test/battle-engine.js:3333:15)
    at Tools.Battle.receive (/Users/clazinasteunenberg/Downloads/Test/battle-engine.js:3390:9)
    at process.BattlePokemon.side (/Users/clazinasteunenberg/Downloads/Test/battle-engine.js:143:12)
    at process.EventEmitter.emit (events.js:98:17)
    at handleMessage (child_process.js:318:10)
    at Pipe.channel.onread (child_process.js:345:11)

Additional information:
message = battle-randombattle-497|join|p1|Meloetta<3V|134
currentRequest = 

Log:
|html|<div class="broadcast-red"><b>The battle crashed</b><br />You can keep playing but it might crash again.</div>
|html|<div class="broadcast-red"><b>The battle crashed</b><br />You can keep playing but it might crash again.</div>
|html|<div class="broadcast-red"><b>The battle crashed</b><br />You can keep playing but it might crash again.</div>
|html|<div class="broadcast-red"><b>The battle crashed</b><br />You can keep playing but it might crash again.</div>
|html|<div class="broadcast-red"><b>The battle crashed</b><br />You can keep playing but it might crash again.</div>
|html|<div class="broadcast-red"><b>The battle crashed</b><br />You can keep playing but it might crash again.</div>
|html|<div class="broadcast-red"><b>The battle crashed</b><br />You can keep playing but it might crash again.</div>
|html|<div class="broadcast-red"><b>The battle crashed</b><br />You can keep playing but it might crash again.</div>
|html|<div class="broadcast-red"><b>The battle crashed</b><br />You can keep playing but it might crash again.</div>
|html|<div class="broadcast-red"><b>The battle crashed</b><br />You can keep playing but it might crash again.</div>
|html|<div class="broadcast-red"><b>The battle crashed</b><br />You can keep playing but it might crash again.</div>
|html|<div class="broadcast-red"><b>The battle crashed</b><br />You can keep playing but it might crash again.</div>
|html|<div class="broadcast-red"><b>The battle crashed</b><br />You can keep playing but it might crash again.</div>
|html|<div class="broadcast-red"><b>The battle crashed</b><br />You can keep playing but it might crash again.</div>
|html|<div class="broadcast-red"><b>The battle crashed</b><br />You can keep playing but it might crash again.</div>
|html|<div class="broadcast-red"><b>The battle crashed</b><br />You can keep playing but it might crash again.</div>
|html|<div class="broadcast-red"><b>The battle crashed</b><br />You can keep playing but it might crash again.</div>
|html|<div class="broadcast-red"><b>The battle crashed</b><br />You can keep playing but it might crash again.</div>
|html|<div class="broadcast-red"><b>The battle crashed</b><br />You can keep playing but it might crash again.</div>
|html|<div class="broadcast-red"><b>The battle crashed</b><br />You can keep playing but it might crash again.</div>
|html|<div class="broadcast-red"><b>The battle crashed</b><br />You can keep playing but it might crash again.</div>
|html|<div class="broadcast-red"><b>The battle crashed</b><br />You can keep playing but it might crash again.</div>
|html|<div class="broadcast-red"><b>The battle crashed</b><br />You can keep playing but it might crash again.</div>
|html|<div class="broadcast-red"><b>The battle crashed</b><br />You can keep playing but it might crash again.</div>
|html|<div class="broadcast-red"><b>The battle crashed</b><br />You can keep playing but it might crash again.</div>
|html|<div class="broadcast-red"><b>The battle crashed</b><br />You can keep playing but it might crash again.</div>
|html|<div class="broadcast-red"><b>The battle crashed</b><br />You can keep playing but it might crash again.</div>
|html|<div class="broadcast-red"><b>The battle crashed</b><br />You can keep playing but it might crash again.</div>
|html|<div class="broadcast-red"><b>The battle crashed</b><br />You can keep playing but it might crash again.</div>
|html|<div class="broadcast-red"><b>The battle crashed</b><br />You can keep playing but it might crash again.</div>
|html|<div class="broadcast-red"><b>The battle crashed</b><br />You can keep playing but it might crash again.</div>
|html|<div class="broadcast-red"><b>The battle crashed</b><br />You can keep playing but it might crash again.</div>
|html|<div class="broadcast-red"><b>The battle crashed</b><br />You can keep playing but it might crash again.</div>
|html|<div class="broadcast-red"><b>The battle crashed</b><br />You can keep playing but it might crash again.</div>
|html|<div class="broadcast-red"><b>The battle crashed</b><br />You can keep playing but it might crash again.</div>
|html|<div class="broadcast-red"><b>The battle crashed</b><br />You can keep playing but it might crash again.</div>
|html|<div class="broadcast-red"><b>The battle crashed</b><br />You can keep playing but it might crash again.</div>
|html|<div class="broadcast-red"><b>The battle crashed</b><br />You can keep playing but it might crash again.</div>
|html|<div class="broadcast-red"><b>The battle crashed</b><br />You can keep playing but it might crash again.</div>
|html|<div class="broadcast-red"><b>The battle crashed</b><br />You can keep playing but it might crash again.</div>
|html|<div class="broadcast-red"><b>The battle crashed</b><br />You can keep playing but it might crash again.</div>
|html|<div class="broadcast-red"><b>The battle crashed</b><br />You can keep playing but it might crash again.</div>
|html|<div class="broadcast-red"><b>The battle crashed</b><br />You can keep playing but it might crash again.</div>
|html|<div class="broadcast-red"><b>The battle crashed</b><br />You can keep playing but it might crash again.</div>
|html|<div class="broadcast-red"><b>The battle crashed</b><br />You can keep playing but it might crash again.</div>
|html|<div class="broadcast-red"><b>The battle crashed</b><br />You can keep playing but it might crash again.</div>
|html|<div class="broadcast-red"><b>The battle crashed</b><br />You can keep playing but it might crash again.</div>
|html|<div class="broadcast-red"><b>The battle crashed</b><br />You can keep playing but it might crash again.</div>
|html|<div class="broadcast-red"><b>The battle crashed</b><br />You can keep playing but it might crash again.</div>
|html|<div class="broadcast-red"><b>The battle crashed</b><br />You can keep playing but it might crash again.</div>
|html|<div class="broadcast-red"><b>The battle crashed</b><br />You can keep playing but it might crash again.</div>
|html|<div class="broadcast-red"><b>The battle crashed</b><br />You can keep playing but it might crash again.</div>
|html|<div class="broadcast-red"><b>The battle crashed</b><br />You can keep playing but it might crash again.</div>
|html|<div class="broadcast-red"><b>The battle crashed</b><br />You can keep playing but it might crash again.</div>
|html|<div class="broadcast-red"><b>The battle crashed</b><br />You can keep playing but it might crash again.</div>
|html|<div class="broadcast-red"><b>The battle crashed</b><br />You can keep playing but it might crash again.</div>
|html|<div class="broadcast-red"><b>The battle crashed</b><br />You can keep playing but it might crash again.</div>
|html|<div class="broadcast-red"><b>The battle crashed</b><br />You can keep playing but it might crash again.</div>
|html|<div class="broadcast-red"><b>The battle crashed</b><br />You can keep playing but it might crash again.</div>
|html|<div class="broadcast-red"><b>The battle crashed</b><br />You can keep playing but it might crash again.</div>
|html|<div class="broadcast-red"><b>The battle crashed</b><br />You can keep playing but it might crash again.</div>
|html|<div class="broadcast-red"><b>The battle crashed</b><br />You can keep playing but it might crash again.</div>
|html|<div class="broadcast-red"><b>The battle crashed</b><br />You can keep playing but it might crash again.</div>
|html|<div class="broadcast-red"><b>The battle crashed</b><br />You can keep playing but it might crash again.</div>
|html|<div class="broadcast-red"><b>The battle crashed</b><br />You can keep playing but it might crash again.</div>
|html|<div class="broadcast-red"><b>The battle crashed</b><br />You can keep playing but it might crash again.</div>
|html|<div class="broadcast-red"><b>The battle crashed</b><br />You can keep playing but it might crash again.</div>
|html|<div class="broadcast-red"><b>The battle crashed</b><br />You can keep playing but it might crash again.</div>
|html|<div class="broadcast-red"><b>The battle crashed</b><br />You can keep playing but it might crash again.</div>
|html|<div class="broadcast-red"><b>The battle crashed</b><br />You can keep playing but it might crash again.</div>
|html|<div class="broadcast-red"><b>The battle crashed</b><br />You can keep playing but it might crash again.</div>
|html|<div class="broadcast-red"><b>The battle crashed</b><br />You can keep playing but it might crash again.</div>

TypeError: Cannot read property 'isActive' of null
    at Tools.Battle.makeRequest (/Users/clazinasteunenberg/Downloads/Test/battle-engine.js:1943:15)
    at process.BattlePokemon.side (/Users/clazinasteunenberg/Downloads/Test/battle-engine.js:157:13)
    at process.EventEmitter.emit (events.js:98:17)
    at handleMessage (child_process.js:318:10)
    at Pipe.channel.onread (child_process.js:345:11)

ReferenceError: potd is not defined
    at Tools.exports.BattleScripts.randomTeam (/Users/clazinasteunenberg/Downloads/Test/data/scripts.js:1522:8)
    at Tools.exports.BattleScripts.getTeam (/Users/clazinasteunenberg/Downloads/Test/data/scripts.js:488:16)
    at new BattleSide (/Users/clazinasteunenberg/Downloads/Test/battle-engine.js:1096:27)
    at Tools.Battle.join (/Users/clazinasteunenberg/Downloads/Test/battle-engine.js:3333:15)
    at Tools.Battle.receive (/Users/clazinasteunenberg/Downloads/Test/battle-engine.js:3390:9)
    at process.BattlePokemon.side (/Users/clazinasteunenberg/Downloads/Test/battle-engine.js:143:12)
    at process.EventEmitter.emit (events.js:98:17)
    at handleMessage (child_process.js:318:10)
    at Pipe.channel.onread (child_process.js:345:11)

Additional information:
message = battle-randombattle-497|join|p1|Meloetta<3V|134
currentRequest = 

Log:
|html|<div class="broadcast-red"><b>The battle crashed</b><br />You can keep playing but it might crash again.</div>
|html|<div class="broadcast-red"><b>The battle crashed</b><br />You can keep playing but it might crash again.</div>
|html|<div class="broadcast-red"><b>The battle crashed</b><br />You can keep playing but it might crash again.</div>
|html|<div class="broadcast-red"><b>The battle crashed</b><br />You can keep playing but it might crash again.</div>
|html|<div class="broadcast-red"><b>The battle crashed</b><br />You can keep playing but it might crash again.</div>
|html|<div class="broadcast-red"><b>The battle crashed</b><br />You can keep playing but it might crash again.</div>
|html|<div class="broadcast-red"><b>The battle crashed</b><br />You can keep playing but it might crash again.</div>
|html|<div class="broadcast-red"><b>The battle crashed</b><br />You can keep playing but it might crash again.</div>
|html|<div class="broadcast-red"><b>The battle crashed</b><br />You can keep playing but it might crash again.</div>
|html|<div class="broadcast-red"><b>The battle crashed</b><br />You can keep playing but it might crash again.</div>
|html|<div class="broadcast-red"><b>The battle crashed</b><br />You can keep playing but it might crash again.</div>
|html|<div class="broadcast-red"><b>The battle crashed</b><br />You can keep playing but it might crash again.</div>
|html|<div class="broadcast-red"><b>The battle crashed</b><br />You can keep playing but it might crash again.</div>
|html|<div class="broadcast-red"><b>The battle crashed</b><br />You can keep playing but it might crash again.</div>
|html|<div class="broadcast-red"><b>The battle crashed</b><br />You can keep playing but it might crash again.</div>
|html|<div class="broadcast-red"><b>The battle crashed</b><br />You can keep playing but it might crash again.</div>
|html|<div class="broadcast-red"><b>The battle crashed</b><br />You can keep playing but it might crash again.</div>
|html|<div class="broadcast-red"><b>The battle crashed</b><br />You can keep playing but it might crash again.</div>
|html|<div class="broadcast-red"><b>The battle crashed</b><br />You can keep playing but it might crash again.</div>
|html|<div class="broadcast-red"><b>The battle crashed</b><br />You can keep playing but it might crash again.</div>
|html|<div class="broadcast-red"><b>The battle crashed</b><br />You can keep playing but it might crash again.</div>
|html|<div class="broadcast-red"><b>The battle crashed</b><br />You can keep playing but it might crash again.</div>
|html|<div class="broadcast-red"><b>The battle crashed</b><br />You can keep playing but it might crash again.</div>
|html|<div class="broadcast-red"><b>The battle crashed</b><br />You can keep playing but it might crash again.</div>
|html|<div class="broadcast-red"><b>The battle crashed</b><br />You can keep playing but it might crash again.</div>
|html|<div class="broadcast-red"><b>The battle crashed</b><br />You can keep playing but it might crash again.</div>
|html|<div class="broadcast-red"><b>The battle crashed</b><br />You can keep playing but it might crash again.</div>
|html|<div class="broadcast-red"><b>The battle crashed</b><br />You can keep playing but it might crash again.</div>
|html|<div class="broadcast-red"><b>The battle crashed</b><br />You can keep playing but it might crash again.</div>
|html|<div class="broadcast-red"><b>The battle crashed</b><br />You can keep playing but it might crash again.</div>
|html|<div class="broadcast-red"><b>The battle crashed</b><br />You can keep playing but it might crash again.</div>
|html|<div class="broadcast-red"><b>The battle crashed</b><br />You can keep playing but it might crash again.</div>
|html|<div class="broadcast-red"><b>The battle crashed</b><br />You can keep playing but it might crash again.</div>
|html|<div class="broadcast-red"><b>The battle crashed</b><br />You can keep playing but it might crash again.</div>
|html|<div class="broadcast-red"><b>The battle crashed</b><br />You can keep playing but it might crash again.</div>
|html|<div class="broadcast-red"><b>The battle crashed</b><br />You can keep playing but it might crash again.</div>
|html|<div class="broadcast-red"><b>The battle crashed</b><br />You can keep playing but it might crash again.</div>
|html|<div class="broadcast-red"><b>The battle crashed</b><br />You can keep playing but it might crash again.</div>
|html|<div class="broadcast-red"><b>The battle crashed</b><br />You can keep playing but it might crash again.</div>
|html|<div class="broadcast-red"><b>The battle crashed</b><br />You can keep playing but it might crash again.</div>
|html|<div class="broadcast-red"><b>The battle crashed</b><br />You can keep playing but it might crash again.</div>
|html|<div class="broadcast-red"><b>The battle crashed</b><br />You can keep playing but it might crash again.</div>
|html|<div class="broadcast-red"><b>The battle crashed</b><br />You can keep playing but it might crash again.</div>
|html|<div class="broadcast-red"><b>The battle crashed</b><br />You can keep playing but it might crash again.</div>
|html|<div class="broadcast-red"><b>The battle crashed</b><br />You can keep playing but it might crash again.</div>
|html|<div class="broadcast-red"><b>The battle crashed</b><br />You can keep playing but it might crash again.</div>
|html|<div class="broadcast-red"><b>The battle crashed</b><br />You can keep playing but it might crash again.</div>
|html|<div class="broadcast-red"><b>The battle crashed</b><br />You can keep playing but it might crash again.</div>
|html|<div class="broadcast-red"><b>The battle crashed</b><br />You can keep playing but it might crash again.</div>
|html|<div class="broadcast-red"><b>The battle crashed</b><br />You can keep playing but it might crash again.</div>
|html|<div class="broadcast-red"><b>The battle crashed</b><br />You can keep playing but it might crash again.</div>
|html|<div class="broadcast-red"><b>The battle crashed</b><br />You can keep playing but it might crash again.</div>
|html|<div class="broadcast-red"><b>The battle crashed</b><br />You can keep playing but it might crash again.</div>
|html|<div class="broadcast-red"><b>The battle crashed</b><br />You can keep playing but it might crash again.</div>
|html|<div class="broadcast-red"><b>The battle crashed</b><br />You can keep playing but it might crash again.</div>
|html|<div class="broadcast-red"><b>The battle crashed</b><br />You can keep playing but it might crash again.</div>
|html|<div class="broadcast-red"><b>The battle crashed</b><br />You can keep playing but it might crash again.</div>
|html|<div class="broadcast-red"><b>The battle crashed</b><br />You can keep playing but it might crash again.</div>
|html|<div class="broadcast-red"><b>The battle crashed</b><br />You can keep playing but it might crash again.</div>
|html|<div class="broadcast-red"><b>The battle crashed</b><br />You can keep playing but it might crash again.</div>
|html|<div class="broadcast-red"><b>The battle crashed</b><br />You can keep playing but it might crash again.</div>
|html|<div class="broadcast-red"><b>The battle crashed</b><br />You can keep playing but it might crash again.</div>
|html|<div class="broadcast-red"><b>The battle crashed</b><br />You can keep playing but it might crash again.</div>
|html|<div class="broadcast-red"><b>The battle crashed</b><br />You can keep playing but it might crash again.</div>
|html|<div class="broadcast-red"><b>The battle crashed</b><br />You can keep playing but it might crash again.</div>
|html|<div class="broadcast-red"><b>The battle crashed</b><br />You can keep playing but it might crash again.</div>
|html|<div class="broadcast-red"><b>The battle crashed</b><br />You can keep playing but it might crash again.</div>
|html|<div class="broadcast-red"><b>The battle crashed</b><br />You can keep playing but it might crash again.</div>
|html|<div class="broadcast-red"><b>The battle crashed</b><br />You can keep playing but it might crash again.</div>
|html|<div class="broadcast-red"><b>The battle crashed</b><br />You can keep playing but it might crash again.</div>
|html|<div class="broadcast-red"><b>The battle crashed</b><br />You can keep playing but it might crash again.</div>
|html|<div class="broadcast-red"><b>The battle crashed</b><br />You can keep playing but it might crash again.</div>
|html|<div class="broadcast-red"><b>The battle crashed</b><br />You can keep playing but it might crash again.</div>

TypeError: Cannot read property 'isActive' of null
    at Tools.Battle.makeRequest (/Users/clazinasteunenberg/Downloads/Test/battle-engine.js:1943:15)
    at process.BattlePokemon.side (/Users/clazinasteunenberg/Downloads/Test/battle-engine.js:157:13)
    at process.EventEmitter.emit (events.js:98:17)
    at handleMessage (child_process.js:318:10)
    at Pipe.channel.onread (child_process.js:345:11)

ReferenceError: potd is not defined
    at Tools.exports.BattleScripts.randomTeam (/Users/clazinasteunenberg/Downloads/Test/data/scripts.js:1522:8)
    at Tools.exports.BattleScripts.getTeam (/Users/clazinasteunenberg/Downloads/Test/data/scripts.js:488:16)
    at new BattleSide (/Users/clazinasteunenberg/Downloads/Test/battle-engine.js:1096:27)
    at Tools.Battle.join (/Users/clazinasteunenberg/Downloads/Test/battle-engine.js:3333:15)
    at Tools.Battle.receive (/Users/clazinasteunenberg/Downloads/Test/battle-engine.js:3390:9)
    at process.BattlePokemon.side (/Users/clazinasteunenberg/Downloads/Test/battle-engine.js:143:12)
    at process.EventEmitter.emit (events.js:98:17)
    at handleMessage (child_process.js:318:10)
    at Pipe.channel.onread (child_process.js:345:11)

Additional information:
message = battle-randombattle-497|join|p1|Meloetta<3V|134
currentRequest = 

Log:
|html|<div class="broadcast-red"><b>The battle crashed</b><br />You can keep playing but it might crash again.</div>
|html|<div class="broadcast-red"><b>The battle crashed</b><br />You can keep playing but it might crash again.</div>
|html|<div class="broadcast-red"><b>The battle crashed</b><br />You can keep playing but it might crash again.</div>
|html|<div class="broadcast-red"><b>The battle crashed</b><br />You can keep playing but it might crash again.</div>
|html|<div class="broadcast-red"><b>The battle crashed</b><br />You can keep playing but it might crash again.</div>
|html|<div class="broadcast-red"><b>The battle crashed</b><br />You can keep playing but it might crash again.</div>
|html|<div class="broadcast-red"><b>The battle crashed</b><br />You can keep playing but it might crash again.</div>
|html|<div class="broadcast-red"><b>The battle crashed</b><br />You can keep playing but it might crash again.</div>
|html|<div class="broadcast-red"><b>The battle crashed</b><br />You can keep playing but it might crash again.</div>
|html|<div class="broadcast-red"><b>The battle crashed</b><br />You can keep playing but it might crash again.</div>
|html|<div class="broadcast-red"><b>The battle crashed</b><br />You can keep playing but it might crash again.</div>
|html|<div class="broadcast-red"><b>The battle crashed</b><br />You can keep playing but it might crash again.</div>
|html|<div class="broadcast-red"><b>The battle crashed</b><br />You can keep playing but it might crash again.</div>
|html|<div class="broadcast-red"><b>The battle crashed</b><br />You can keep playing but it might crash again.</div>
|html|<div class="broadcast-red"><b>The battle crashed</b><br />You can keep playing but it might crash again.</div>
|html|<div class="broadcast-red"><b>The battle crashed</b><br />You can keep playing but it might crash again.</div>
|html|<div class="broadcast-red"><b>The battle crashed</b><br />You can keep playing but it might crash again.</div>
|html|<div class="broadcast-red"><b>The battle crashed</b><br />You can keep playing but it might crash again.</div>
|html|<div class="broadcast-red"><b>The battle crashed</b><br />You can keep playing but it might crash again.</div>
|html|<div class="broadcast-red"><b>The battle crashed</b><br />You can keep playing but it might crash again.</div>
|html|<div class="broadcast-red"><b>The battle crashed</b><br />You can keep playing but it might crash again.</div>
|html|<div class="broadcast-red"><b>The battle crashed</b><br />You can keep playing but it might crash again.</div>
|html|<div class="broadcast-red"><b>The battle crashed</b><br />You can keep playing but it might crash again.</div>
|html|<div class="broadcast-red"><b>The battle crashed</b><br />You can keep playing but it might crash again.</div>
|html|<div class="broadcast-red"><b>The battle crashed</b><br />You can keep playing but it might crash again.</div>
|html|<div class="broadcast-red"><b>The battle crashed</b><br />You can keep playing but it might crash again.</div>
|html|<div class="broadcast-red"><b>The battle crashed</b><br />You can keep playing but it might crash again.</div>
|html|<div class="broadcast-red"><b>The battle crashed</b><br />You can keep playing but it might crash again.</div>
|html|<div class="broadcast-red"><b>The battle crashed</b><br />You can keep playing but it might crash again.</div>
|html|<div class="broadcast-red"><b>The battle crashed</b><br />You can keep playing but it might crash again.</div>
|html|<div class="broadcast-red"><b>The battle crashed</b><br />You can keep playing but it might crash again.</div>
|html|<div class="broadcast-red"><b>The battle crashed</b><br />You can keep playing but it might crash again.</div>
|html|<div class="broadcast-red"><b>The battle crashed</b><br />You can keep playing but it might crash again.</div>
|html|<div class="broadcast-red"><b>The battle crashed</b><br />You can keep playing but it might crash again.</div>
|html|<div class="broadcast-red"><b>The battle crashed</b><br />You can keep playing but it might crash again.</div>
|html|<div class="broadcast-red"><b>The battle crashed</b><br />You can keep playing but it might crash again.</div>
|html|<div class="broadcast-red"><b>The battle crashed</b><br />You can keep playing but it might crash again.</div>
|html|<div class="broadcast-red"><b>The battle crashed</b><br />You can keep playing but it might crash again.</div>
|html|<div class="broadcast-red"><b>The battle crashed</b><br />You can keep playing but it might crash again.</div>
|html|<div class="broadcast-red"><b>The battle crashed</b><br />You can keep playing but it might crash again.</div>
|html|<div class="broadcast-red"><b>The battle crashed</b><br />You can keep playing but it might crash again.</div>
|html|<div class="broadcast-red"><b>The battle crashed</b><br />You can keep playing but it might crash again.</div>
|html|<div class="broadcast-red"><b>The battle crashed</b><br />You can keep playing but it might crash again.</div>
|html|<div class="broadcast-red"><b>The battle crashed</b><br />You can keep playing but it might crash again.</div>
|html|<div class="broadcast-red"><b>The battle crashed</b><br />You can keep playing but it might crash again.</div>
|html|<div class="broadcast-red"><b>The battle crashed</b><br />You can keep playing but it might crash again.</div>
|html|<div class="broadcast-red"><b>The battle crashed</b><br />You can keep playing but it might crash again.</div>
|html|<div class="broadcast-red"><b>The battle crashed</b><br />You can keep playing but it might crash again.</div>
|html|<div class="broadcast-red"><b>The battle crashed</b><br />You can keep playing but it might crash again.</div>
|html|<div class="broadcast-red"><b>The battle crashed</b><br />You can keep playing but it might crash again.</div>
|html|<div class="broadcast-red"><b>The battle crashed</b><br />You can keep playing but it might crash again.</div>
|html|<div class="broadcast-red"><b>The battle crashed</b><br />You can keep playing but it might crash again.</div>
|html|<div class="broadcast-red"><b>The battle crashed</b><br />You can keep playing but it might crash again.</div>
|html|<div class="broadcast-red"><b>The battle crashed</b><br />You can keep playing but it might crash again.</div>
|html|<div class="broadcast-red"><b>The battle crashed</b><br />You can keep playing but it might crash again.</div>
|html|<div class="broadcast-red"><b>The battle crashed</b><br />You can keep playing but it might crash again.</div>
|html|<div class="broadcast-red"><b>The battle crashed</b><br />You can keep playing but it might crash again.</div>
|html|<div class="broadcast-red"><b>The battle crashed</b><br />You can keep playing but it might crash again.</div>
|html|<div class="broadcast-red"><b>The battle crashed</b><br />You can keep playing but it might crash again.</div>
|html|<div class="broadcast-red"><b>The battle crashed</b><br />You can keep playing but it might crash again.</div>
|html|<div class="broadcast-red"><b>The battle crashed</b><br />You can keep playing but it might crash again.</div>
|html|<div class="broadcast-red"><b>The battle crashed</b><br />You can keep playing but it might crash again.</div>
|html|<div class="broadcast-red"><b>The battle crashed</b><br />You can keep playing but it might crash again.</div>
|html|<div class="broadcast-red"><b>The battle crashed</b><br />You can keep playing but it might crash again.</div>
|html|<div class="broadcast-red"><b>The battle crashed</b><br />You can keep playing but it might crash again.</div>
|html|<div class="broadcast-red"><b>The battle crashed</b><br />You can keep playing but it might crash again.</div>
|html|<div class="broadcast-red"><b>The battle crashed</b><br />You can keep playing but it might crash again.</div>
|html|<div class="broadcast-red"><b>The battle crashed</b><br />You can keep playing but it might crash again.</div>
|html|<div class="broadcast-red"><b>The battle crashed</b><br />You can keep playing but it might crash again.</div>
|html|<div class="broadcast-red"><b>The battle crashed</b><br />You can keep playing but it might crash again.</div>
|html|<div class="broadcast-red"><b>The battle crashed</b><br />You can keep playing but it might crash again.</div>
|html|<div class="broadcast-red"><b>The battle crashed</b><br />You can keep playing but it might crash again.</div>
|html|<div class="broadcast-red"><b>The battle crashed</b><br />You can keep playing but it might crash again.</div>
|html|<div class="broadcast-red"><b>The battle crashed</b><br />You can keep playing but it might crash again.</div>

TypeError: Cannot read property 'isActive' of null
    at Tools.Battle.makeRequest (/Users/clazinasteunenberg/Downloads/Test/battle-engine.js:1943:15)
    at process.BattlePokemon.side (/Users/clazinasteunenberg/Downloads/Test/battle-engine.js:157:13)
    at process.EventEmitter.emit (events.js:98:17)
    at handleMessage (child_process.js:318:10)
    at Pipe.channel.onread (child_process.js:345:11)

ReferenceError: potd is not defined
    at Tools.exports.BattleScripts.randomTeam (/Users/clazinasteunenberg/Downloads/Test/data/scripts.js:1522:8)
    at Tools.exports.BattleScripts.getTeam (/Users/clazinasteunenberg/Downloads/Test/data/scripts.js:488:16)
    at new BattleSide (/Users/clazinasteunenberg/Downloads/Test/battle-engine.js:1096:27)
    at Tools.Battle.join (/Users/clazinasteunenberg/Downloads/Test/battle-engine.js:3333:15)
    at Tools.Battle.receive (/Users/clazinasteunenberg/Downloads/Test/battle-engine.js:3390:9)
    at process.BattlePokemon.side (/Users/clazinasteunenberg/Downloads/Test/battle-engine.js:143:12)
    at process.EventEmitter.emit (events.js:98:17)
    at handleMessage (child_process.js:318:10)
    at Pipe.channel.onread (child_process.js:345:11)

Additional information:
message = battle-randombattle-497|join|p1|Meloetta<3V|134
currentRequest = 

Log:
|html|<div class="broadcast-red"><b>The battle crashed</b><br />You can keep playing but it might crash again.</div>
|html|<div class="broadcast-red"><b>The battle crashed</b><br />You can keep playing but it might crash again.</div>
|html|<div class="broadcast-red"><b>The battle crashed</b><br />You can keep playing but it might crash again.</div>
|html|<div class="broadcast-red"><b>The battle crashed</b><br />You can keep playing but it might crash again.</div>
|html|<div class="broadcast-red"><b>The battle crashed</b><br />You can keep playing but it might crash again.</div>
|html|<div class="broadcast-red"><b>The battle crashed</b><br />You can keep playing but it might crash again.</div>
|html|<div class="broadcast-red"><b>The battle crashed</b><br />You can keep playing but it might crash again.</div>
|html|<div class="broadcast-red"><b>The battle crashed</b><br />You can keep playing but it might crash again.</div>
|html|<div class="broadcast-red"><b>The battle crashed</b><br />You can keep playing but it might crash again.</div>
|html|<div class="broadcast-red"><b>The battle crashed</b><br />You can keep playing but it might crash again.</div>
|html|<div class="broadcast-red"><b>The battle crashed</b><br />You can keep playing but it might crash again.</div>
|html|<div class="broadcast-red"><b>The battle crashed</b><br />You can keep playing but it might crash again.</div>
|html|<div class="broadcast-red"><b>The battle crashed</b><br />You can keep playing but it might crash again.</div>
|html|<div class="broadcast-red"><b>The battle crashed</b><br />You can keep playing but it might crash again.</div>
|html|<div class="broadcast-red"><b>The battle crashed</b><br />You can keep playing but it might crash again.</div>
|html|<div class="broadcast-red"><b>The battle crashed</b><br />You can keep playing but it might crash again.</div>
|html|<div class="broadcast-red"><b>The battle crashed</b><br />You can keep playing but it might crash again.</div>
|html|<div class="broadcast-red"><b>The battle crashed</b><br />You can keep playing but it might crash again.</div>
|html|<div class="broadcast-red"><b>The battle crashed</b><br />You can keep playing but it might crash again.</div>
|html|<div class="broadcast-red"><b>The battle crashed</b><br />You can keep playing but it might crash again.</div>
|html|<div class="broadcast-red"><b>The battle crashed</b><br />You can keep playing but it might crash again.</div>
|html|<div class="broadcast-red"><b>The battle crashed</b><br />You can keep playing but it might crash again.</div>
|html|<div class="broadcast-red"><b>The battle crashed</b><br />You can keep playing but it might crash again.</div>
|html|<div class="broadcast-red"><b>The battle crashed</b><br />You can keep playing but it might crash again.</div>
|html|<div class="broadcast-red"><b>The battle crashed</b><br />You can keep playing but it might crash again.</div>
|html|<div class="broadcast-red"><b>The battle crashed</b><br />You can keep playing but it might crash again.</div>
|html|<div class="broadcast-red"><b>The battle crashed</b><br />You can keep playing but it might crash again.</div>
|html|<div class="broadcast-red"><b>The battle crashed</b><br />You can keep playing but it might crash again.</div>
|html|<div class="broadcast-red"><b>The battle crashed</b><br />You can keep playing but it might crash again.</div>
|html|<div class="broadcast-red"><b>The battle crashed</b><br />You can keep playing but it might crash again.</div>
|html|<div class="broadcast-red"><b>The battle crashed</b><br />You can keep playing but it might crash again.</div>
|html|<div class="broadcast-red"><b>The battle crashed</b><br />You can keep playing but it might crash again.</div>
|html|<div class="broadcast-red"><b>The battle crashed</b><br />You can keep playing but it might crash again.</div>
|html|<div class="broadcast-red"><b>The battle crashed</b><br />You can keep playing but it might crash again.</div>
|html|<div class="broadcast-red"><b>The battle crashed</b><br />You can keep playing but it might crash again.</div>
|html|<div class="broadcast-red"><b>The battle crashed</b><br />You can keep playing but it might crash again.</div>
|html|<div class="broadcast-red"><b>The battle crashed</b><br />You can keep playing but it might crash again.</div>
|html|<div class="broadcast-red"><b>The battle crashed</b><br />You can keep playing but it might crash again.</div>
|html|<div class="broadcast-red"><b>The battle crashed</b><br />You can keep playing but it might crash again.</div>
|html|<div class="broadcast-red"><b>The battle crashed</b><br />You can keep playing but it might crash again.</div>
|html|<div class="broadcast-red"><b>The battle crashed</b><br />You can keep playing but it might crash again.</div>
|html|<div class="broadcast-red"><b>The battle crashed</b><br />You can keep playing but it might crash again.</div>
|html|<div class="broadcast-red"><b>The battle crashed</b><br />You can keep playing but it might crash again.</div>
|html|<div class="broadcast-red"><b>The battle crashed</b><br />You can keep playing but it might crash again.</div>
|html|<div class="broadcast-red"><b>The battle crashed</b><br />You can keep playing but it might crash again.</div>
|html|<div class="broadcast-red"><b>The battle crashed</b><br />You can keep playing but it might crash again.</div>
|html|<div class="broadcast-red"><b>The battle crashed</b><br />You can keep playing but it might crash again.</div>
|html|<div class="broadcast-red"><b>The battle crashed</b><br />You can keep playing but it might crash again.</div>
|html|<div class="broadcast-red"><b>The battle crashed</b><br />You can keep playing but it might crash again.</div>
|html|<div class="broadcast-red"><b>The battle crashed</b><br />You can keep playing but it might crash again.</div>
|html|<div class="broadcast-red"><b>The battle crashed</b><br />You can keep playing but it might crash again.</div>
|html|<div class="broadcast-red"><b>The battle crashed</b><br />You can keep playing but it might crash again.</div>
|html|<div class="broadcast-red"><b>The battle crashed</b><br />You can keep playing but it might crash again.</div>
|html|<div class="broadcast-red"><b>The battle crashed</b><br />You can keep playing but it might crash again.</div>
|html|<div class="broadcast-red"><b>The battle crashed</b><br />You can keep playing but it might crash again.</div>
|html|<div class="broadcast-red"><b>The battle crashed</b><br />You can keep playing but it might crash again.</div>
|html|<div class="broadcast-red"><b>The battle crashed</b><br />You can keep playing but it might crash again.</div>
|html|<div class="broadcast-red"><b>The battle crashed</b><br />You can keep playing but it might crash again.</div>
|html|<div class="broadcast-red"><b>The battle crashed</b><br />You can keep playing but it might crash again.</div>
|html|<div class="broadcast-red"><b>The battle crashed</b><br />You can keep playing but it might crash again.</div>
|html|<div class="broadcast-red"><b>The battle crashed</b><br />You can keep playing but it might crash again.</div>
|html|<div class="broadcast-red"><b>The battle crashed</b><br />You can keep playing but it might crash again.</div>
|html|<div class="broadcast-red"><b>The battle crashed</b><br />You can keep playing but it might crash again.</div>
|html|<div class="broadcast-red"><b>The battle crashed</b><br />You can keep playing but it might crash again.</div>
|html|<div class="broadcast-red"><b>The battle crashed</b><br />You can keep playing but it might crash again.</div>
|html|<div class="broadcast-red"><b>The battle crashed</b><br />You can keep playing but it might crash again.</div>
|html|<div class="broadcast-red"><b>The battle crashed</b><br />You can keep playing but it might crash again.</div>
|html|<div class="broadcast-red"><b>The battle crashed</b><br />You can keep playing but it might crash again.</div>
|html|<div class="broadcast-red"><b>The battle crashed</b><br />You can keep playing but it might crash again.</div>
|html|<div class="broadcast-red"><b>The battle crashed</b><br />You can keep playing but it might crash again.</div>
|html|<div class="broadcast-red"><b>The battle crashed</b><br />You can keep playing but it might crash again.</div>
|html|<div class="broadcast-red"><b>The battle crashed</b><br />You can keep playing but it might crash again.</div>
|html|<div class="broadcast-red"><b>The battle crashed</b><br />You can keep playing but it might crash again.</div>
|html|<div class="broadcast-red"><b>The battle crashed</b><br />You can keep playing but it might crash again.</div>
|html|<div class="broadcast-red"><b>The battle crashed</b><br />You can keep playing but it might crash again.</div>

TypeError: Cannot read property 'isActive' of null
    at Tools.Battle.makeRequest (/Users/clazinasteunenberg/Downloads/Test/battle-engine.js:1943:15)
    at process.BattlePokemon.side (/Users/clazinasteunenberg/Downloads/Test/battle-engine.js:157:13)
    at process.EventEmitter.emit (events.js:98:17)
    at handleMessage (child_process.js:318:10)
    at Pipe.channel.onread (child_process.js:345:11)

ReferenceError: potd is not defined
    at Tools.exports.BattleScripts.randomTeam (/Users/clazinasteunenberg/Downloads/Test/data/scripts.js:1522:8)
    at Tools.exports.BattleScripts.getTeam (/Users/clazinasteunenberg/Downloads/Test/data/scripts.js:488:16)
    at new BattleSide (/Users/clazinasteunenberg/Downloads/Test/battle-engine.js:1096:27)
    at Tools.Battle.join (/Users/clazinasteunenberg/Downloads/Test/battle-engine.js:3333:15)
    at Tools.Battle.receive (/Users/clazinasteunenberg/Downloads/Test/battle-engine.js:3390:9)
    at process.BattlePokemon.side (/Users/clazinasteunenberg/Downloads/Test/battle-engine.js:143:12)
    at process.EventEmitter.emit (events.js:98:17)
    at handleMessage (child_process.js:318:10)
    at Pipe.channel.onread (child_process.js:345:11)

Additional information:
message = battle-randombattle-497|join|p1|Meloetta<3V|134
currentRequest = 

Log:
|html|<div class="broadcast-red"><b>The battle crashed</b><br />You can keep playing but it might crash again.</div>
|html|<div class="broadcast-red"><b>The battle crashed</b><br />You can keep playing but it might crash again.</div>
|html|<div class="broadcast-red"><b>The battle crashed</b><br />You can keep playing but it might crash again.</div>
|html|<div class="broadcast-red"><b>The battle crashed</b><br />You can keep playing but it might crash again.</div>
|html|<div class="broadcast-red"><b>The battle crashed</b><br />You can keep playing but it might crash again.</div>
|html|<div class="broadcast-red"><b>The battle crashed</b><br />You can keep playing but it might crash again.</div>
|html|<div class="broadcast-red"><b>The battle crashed</b><br />You can keep playing but it might crash again.</div>
|html|<div class="broadcast-red"><b>The battle crashed</b><br />You can keep playing but it might crash again.</div>
|html|<div class="broadcast-red"><b>The battle crashed</b><br />You can keep playing but it might crash again.</div>
|html|<div class="broadcast-red"><b>The battle crashed</b><br />You can keep playing but it might crash again.</div>
|html|<div class="broadcast-red"><b>The battle crashed</b><br />You can keep playing but it might crash again.</div>
|html|<div class="broadcast-red"><b>The battle crashed</b><br />You can keep playing but it might crash again.</div>
|html|<div class="broadcast-red"><b>The battle crashed</b><br />You can keep playing but it might crash again.</div>
|html|<div class="broadcast-red"><b>The battle crashed</b><br />You can keep playing but it might crash again.</div>
|html|<div class="broadcast-red"><b>The battle crashed</b><br />You can keep playing but it might crash again.</div>
|html|<div class="broadcast-red"><b>The battle crashed</b><br />You can keep playing but it might crash again.</div>
|html|<div class="broadcast-red"><b>The battle crashed</b><br />You can keep playing but it might crash again.</div>
|html|<div class="broadcast-red"><b>The battle crashed</b><br />You can keep playing but it might crash again.</div>
|html|<div class="broadcast-red"><b>The battle crashed</b><br />You can keep playing but it might crash again.</div>
|html|<div class="broadcast-red"><b>The battle crashed</b><br />You can keep playing but it might crash again.</div>
|html|<div class="broadcast-red"><b>The battle crashed</b><br />You can keep playing but it might crash again.</div>
|html|<div class="broadcast-red"><b>The battle crashed</b><br />You can keep playing but it might crash again.</div>
|html|<div class="broadcast-red"><b>The battle crashed</b><br />You can keep playing but it might crash again.</div>
|html|<div class="broadcast-red"><b>The battle crashed</b><br />You can keep playing but it might crash again.</div>
|html|<div class="broadcast-red"><b>The battle crashed</b><br />You can keep playing but it might crash again.</div>
|html|<div class="broadcast-red"><b>The battle crashed</b><br />You can keep playing but it might crash again.</div>
|html|<div class="broadcast-red"><b>The battle crashed</b><br />You can keep playing but it might crash again.</div>
|html|<div class="broadcast-red"><b>The battle crashed</b><br />You can keep playing but it might crash again.</div>
|html|<div class="broadcast-red"><b>The battle crashed</b><br />You can keep playing but it might crash again.</div>
|html|<div class="broadcast-red"><b>The battle crashed</b><br />You can keep playing but it might crash again.</div>
|html|<div class="broadcast-red"><b>The battle crashed</b><br />You can keep playing but it might crash again.</div>
|html|<div class="broadcast-red"><b>The battle crashed</b><br />You can keep playing but it might crash again.</div>
|html|<div class="broadcast-red"><b>The battle crashed</b><br />You can keep playing but it might crash again.</div>
|html|<div class="broadcast-red"><b>The battle crashed</b><br />You can keep playing but it might crash again.</div>
|html|<div class="broadcast-red"><b>The battle crashed</b><br />You can keep playing but it might crash again.</div>
|html|<div class="broadcast-red"><b>The battle crashed</b><br />You can keep playing but it might crash again.</div>
|html|<div class="broadcast-red"><b>The battle crashed</b><br />You can keep playing but it might crash again.</div>
|html|<div class="broadcast-red"><b>The battle crashed</b><br />You can keep playing but it might crash again.</div>
|html|<div class="broadcast-red"><b>The battle crashed</b><br />You can keep playing but it might crash again.</div>
|html|<div class="broadcast-red"><b>The battle crashed</b><br />You can keep playing but it might crash again.</div>
|html|<div class="broadcast-red"><b>The battle crashed</b><br />You can keep playing but it might crash again.</div>
|html|<div class="broadcast-red"><b>The battle crashed</b><br />You can keep playing but it might crash again.</div>
|html|<div class="broadcast-red"><b>The battle crashed</b><br />You can keep playing but it might crash again.</div>
|html|<div class="broadcast-red"><b>The battle crashed</b><br />You can keep playing but it might crash again.</div>
|html|<div class="broadcast-red"><b>The battle crashed</b><br />You can keep playing but it might crash again.</div>
|html|<div class="broadcast-red"><b>The battle crashed</b><br />You can keep playing but it might crash again.</div>
|html|<div class="broadcast-red"><b>The battle crashed</b><br />You can keep playing but it might crash again.</div>
|html|<div class="broadcast-red"><b>The battle crashed</b><br />You can keep playing but it might crash again.</div>
|html|<div class="broadcast-red"><b>The battle crashed</b><br />You can keep playing but it might crash again.</div>
|html|<div class="broadcast-red"><b>The battle crashed</b><br />You can keep playing but it might crash again.</div>
|html|<div class="broadcast-red"><b>The battle crashed</b><br />You can keep playing but it might crash again.</div>
|html|<div class="broadcast-red"><b>The battle crashed</b><br />You can keep playing but it might crash again.</div>
|html|<div class="broadcast-red"><b>The battle crashed</b><br />You can keep playing but it might crash again.</div>
|html|<div class="broadcast-red"><b>The battle crashed</b><br />You can keep playing but it might crash again.</div>
|html|<div class="broadcast-red"><b>The battle crashed</b><br />You can keep playing but it might crash again.</div>
|html|<div class="broadcast-red"><b>The battle crashed</b><br />You can keep playing but it might crash again.</div>
|html|<div class="broadcast-red"><b>The battle crashed</b><br />You can keep playing but it might crash again.</div>
|html|<div class="broadcast-red"><b>The battle crashed</b><br />You can keep playing but it might crash again.</div>
|html|<div class="broadcast-red"><b>The battle crashed</b><br />You can keep playing but it might crash again.</div>
|html|<div class="broadcast-red"><b>The battle crashed</b><br />You can keep playing but it might crash again.</div>
|html|<div class="broadcast-red"><b>The battle crashed</b><br />You can keep playing but it might crash again.</div>
|html|<div class="broadcast-red"><b>The battle crashed</b><br />You can keep playing but it might crash again.</div>
|html|<div class="broadcast-red"><b>The battle crashed</b><br />You can keep playing but it might crash again.</div>
|html|<div class="broadcast-red"><b>The battle crashed</b><br />You can keep playing but it might crash again.</div>
|html|<div class="broadcast-red"><b>The battle crashed</b><br />You can keep playing but it might crash again.</div>
|html|<div class="broadcast-red"><b>The battle crashed</b><br />You can keep playing but it might crash again.</div>
|html|<div class="broadcast-red"><b>The battle crashed</b><br />You can keep playing but it might crash again.</div>
|html|<div class="broadcast-red"><b>The battle crashed</b><br />You can keep playing but it might crash again.</div>
|html|<div class="broadcast-red"><b>The battle crashed</b><br />You can keep playing but it might crash again.</div>
|html|<div class="broadcast-red"><b>The battle crashed</b><br />You can keep playing but it might crash again.</div>
|html|<div class="broadcast-red"><b>The battle crashed</b><br />You can keep playing but it might crash again.</div>
|html|<div class="broadcast-red"><b>The battle crashed</b><br />You can keep playing but it might crash again.</div>
|html|<div class="broadcast-red"><b>The battle crashed</b><br />You can keep playing but it might crash again.</div>
|html|<div class="broadcast-red"><b>The battle crashed</b><br />You can keep playing but it might crash again.</div>
|html|<div class="broadcast-red"><b>The battle crashed</b><br />You can keep playing but it might crash again.</div>
|html|<div class="broadcast-red"><b>The battle crashed</b><br />You can keep playing but it might crash again.</div>

TypeError: Cannot read property 'isActive' of null
    at Tools.Battle.makeRequest (/Users/clazinasteunenberg/Downloads/Test/battle-engine.js:1943:15)
    at process.BattlePokemon.side (/Users/clazinasteunenberg/Downloads/Test/battle-engine.js:157:13)
    at process.EventEmitter.emit (events.js:98:17)
    at handleMessage (child_process.js:318:10)
    at Pipe.channel.onread (child_process.js:345:11)

ReferenceError: potd is not defined
    at Tools.exports.BattleScripts.randomTeam (/Users/clazinasteunenberg/Downloads/Test/data/scripts.js:1522:8)
    at Tools.exports.BattleScripts.getTeam (/Users/clazinasteunenberg/Downloads/Test/data/scripts.js:488:16)
    at new BattleSide (/Users/clazinasteunenberg/Downloads/Test/battle-engine.js:1096:27)
    at Tools.Battle.join (/Users/clazinasteunenberg/Downloads/Test/battle-engine.js:3333:15)
    at Tools.Battle.receive (/Users/clazinasteunenberg/Downloads/Test/battle-engine.js:3390:9)
    at process.BattlePokemon.side (/Users/clazinasteunenberg/Downloads/Test/battle-engine.js:143:12)
    at process.EventEmitter.emit (events.js:98:17)
    at handleMessage (child_process.js:318:10)
    at Pipe.channel.onread (child_process.js:345:11)

Additional information:
message = battle-randombattle-497|join|p1|Meloetta<3V|134
currentRequest = 

Log:
|html|<div class="broadcast-red"><b>The battle crashed</b><br />You can keep playing but it might crash again.</div>
|html|<div class="broadcast-red"><b>The battle crashed</b><br />You can keep playing but it might crash again.</div>
|html|<div class="broadcast-red"><b>The battle crashed</b><br />You can keep playing but it might crash again.</div>
|html|<div class="broadcast-red"><b>The battle crashed</b><br />You can keep playing but it might crash again.</div>
|html|<div class="broadcast-red"><b>The battle crashed</b><br />You can keep playing but it might crash again.</div>
|html|<div class="broadcast-red"><b>The battle crashed</b><br />You can keep playing but it might crash again.</div>
|html|<div class="broadcast-red"><b>The battle crashed</b><br />You can keep playing but it might crash again.</div>
|html|<div class="broadcast-red"><b>The battle crashed</b><br />You can keep playing but it might crash again.</div>
|html|<div class="broadcast-red"><b>The battle crashed</b><br />You can keep playing but it might crash again.</div>
|html|<div class="broadcast-red"><b>The battle crashed</b><br />You can keep playing but it might crash again.</div>
|html|<div class="broadcast-red"><b>The battle crashed</b><br />You can keep playing but it might crash again.</div>
|html|<div class="broadcast-red"><b>The battle crashed</b><br />You can keep playing but it might crash again.</div>
|html|<div class="broadcast-red"><b>The battle crashed</b><br />You can keep playing but it might crash again.</div>
|html|<div class="broadcast-red"><b>The battle crashed</b><br />You can keep playing but it might crash again.</div>
|html|<div class="broadcast-red"><b>The battle crashed</b><br />You can keep playing but it might crash again.</div>
|html|<div class="broadcast-red"><b>The battle crashed</b><br />You can keep playing but it might crash again.</div>
|html|<div class="broadcast-red"><b>The battle crashed</b><br />You can keep playing but it might crash again.</div>
|html|<div class="broadcast-red"><b>The battle crashed</b><br />You can keep playing but it might crash again.</div>
|html|<div class="broadcast-red"><b>The battle crashed</b><br />You can keep playing but it might crash again.</div>
|html|<div class="broadcast-red"><b>The battle crashed</b><br />You can keep playing but it might crash again.</div>
|html|<div class="broadcast-red"><b>The battle crashed</b><br />You can keep playing but it might crash again.</div>
|html|<div class="broadcast-red"><b>The battle crashed</b><br />You can keep playing but it might crash again.</div>
|html|<div class="broadcast-red"><b>The battle crashed</b><br />You can keep playing but it might crash again.</div>
|html|<div class="broadcast-red"><b>The battle crashed</b><br />You can keep playing but it might crash again.</div>
|html|<div class="broadcast-red"><b>The battle crashed</b><br />You can keep playing but it might crash again.</div>
|html|<div class="broadcast-red"><b>The battle crashed</b><br />You can keep playing but it might crash again.</div>
|html|<div class="broadcast-red"><b>The battle crashed</b><br />You can keep playing but it might crash again.</div>
|html|<div class="broadcast-red"><b>The battle crashed</b><br />You can keep playing but it might crash again.</div>
|html|<div class="broadcast-red"><b>The battle crashed</b><br />You can keep playing but it might crash again.</div>
|html|<div class="broadcast-red"><b>The battle crashed</b><br />You can keep playing but it might crash again.</div>
|html|<div class="broadcast-red"><b>The battle crashed</b><br />You can keep playing but it might crash again.</div>
|html|<div class="broadcast-red"><b>The battle crashed</b><br />You can keep playing but it might crash again.</div>
|html|<div class="broadcast-red"><b>The battle crashed</b><br />You can keep playing but it might crash again.</div>
|html|<div class="broadcast-red"><b>The battle crashed</b><br />You can keep playing but it might crash again.</div>
|html|<div class="broadcast-red"><b>The battle crashed</b><br />You can keep playing but it might crash again.</div>
|html|<div class="broadcast-red"><b>The battle crashed</b><br />You can keep playing but it might crash again.</div>
|html|<div class="broadcast-red"><b>The battle crashed</b><br />You can keep playing but it might crash again.</div>
|html|<div class="broadcast-red"><b>The battle crashed</b><br />You can keep playing but it might crash again.</div>
|html|<div class="broadcast-red"><b>The battle crashed</b><br />You can keep playing but it might crash again.</div>
|html|<div class="broadcast-red"><b>The battle crashed</b><br />You can keep playing but it might crash again.</div>
|html|<div class="broadcast-red"><b>The battle crashed</b><br />You can keep playing but it might crash again.</div>
|html|<div class="broadcast-red"><b>The battle crashed</b><br />You can keep playing but it might crash again.</div>
|html|<div class="broadcast-red"><b>The battle crashed</b><br />You can keep playing but it might crash again.</div>
|html|<div class="broadcast-red"><b>The battle crashed</b><br />You can keep playing but it might crash again.</div>
|html|<div class="broadcast-red"><b>The battle crashed</b><br />You can keep playing but it might crash again.</div>
|html|<div class="broadcast-red"><b>The battle crashed</b><br />You can keep playing but it might crash again.</div>
|html|<div class="broadcast-red"><b>The battle crashed</b><br />You can keep playing but it might crash again.</div>
|html|<div class="broadcast-red"><b>The battle crashed</b><br />You can keep playing but it might crash again.</div>
|html|<div class="broadcast-red"><b>The battle crashed</b><br />You can keep playing but it might crash again.</div>
|html|<div class="broadcast-red"><b>The battle crashed</b><br />You can keep playing but it might crash again.</div>
|html|<div class="broadcast-red"><b>The battle crashed</b><br />You can keep playing but it might crash again.</div>
|html|<div class="broadcast-red"><b>The battle crashed</b><br />You can keep playing but it might crash again.</div>
|html|<div class="broadcast-red"><b>The battle crashed</b><br />You can keep playing but it might crash again.</div>
|html|<div class="broadcast-red"><b>The battle crashed</b><br />You can keep playing but it might crash again.</div>
|html|<div class="broadcast-red"><b>The battle crashed</b><br />You can keep playing but it might crash again.</div>
|html|<div class="broadcast-red"><b>The battle crashed</b><br />You can keep playing but it might crash again.</div>
|html|<div class="broadcast-red"><b>The battle crashed</b><br />You can keep playing but it might crash again.</div>
|html|<div class="broadcast-red"><b>The battle crashed</b><br />You can keep playing but it might crash again.</div>
|html|<div class="broadcast-red"><b>The battle crashed</b><br />You can keep playing but it might crash again.</div>
|html|<div class="broadcast-red"><b>The battle crashed</b><br />You can keep playing but it might crash again.</div>
|html|<div class="broadcast-red"><b>The battle crashed</b><br />You can keep playing but it might crash again.</div>
|html|<div class="broadcast-red"><b>The battle crashed</b><br />You can keep playing but it might crash again.</div>
|html|<div class="broadcast-red"><b>The battle crashed</b><br />You can keep playing but it might crash again.</div>
|html|<div class="broadcast-red"><b>The battle crashed</b><br />You can keep playing but it might crash again.</div>
|html|<div class="broadcast-red"><b>The battle crashed</b><br />You can keep playing but it might crash again.</div>
|html|<div class="broadcast-red"><b>The battle crashed</b><br />You can keep playing but it might crash again.</div>
|html|<div class="broadcast-red"><b>The battle crashed</b><br />You can keep playing but it might crash again.</div>
|html|<div class="broadcast-red"><b>The battle crashed</b><br />You can keep playing but it might crash again.</div>
|html|<div class="broadcast-red"><b>The battle crashed</b><br />You can keep playing but it might crash again.</div>
|html|<div class="broadcast-red"><b>The battle crashed</b><br />You can keep playing but it might crash again.</div>
|html|<div class="broadcast-red"><b>The battle crashed</b><br />You can keep playing but it might crash again.</div>
|html|<div class="broadcast-red"><b>The battle crashed</b><br />You can keep playing but it might crash again.</div>
|html|<div class="broadcast-red"><b>The battle crashed</b><br />You can keep playing but it might crash again.</div>
|html|<div class="broadcast-red"><b>The battle crashed</b><br />You can keep playing but it might crash again.</div>
|html|<div class="broadcast-red"><b>The battle crashed</b><br />You can keep playing but it might crash again.</div>
|html|<div class="broadcast-red"><b>The battle crashed</b><br />You can keep playing but it might crash again.</div>
|html|<div class="broadcast-red"><b>The battle crashed</b><br />You can keep playing but it might crash again.</div>

TypeError: Cannot read property 'isActive' of null
    at Tools.Battle.makeRequest (/Users/clazinasteunenberg/Downloads/Test/battle-engine.js:1943:15)
    at process.BattlePokemon.side (/Users/clazinasteunenberg/Downloads/Test/battle-engine.js:157:13)
    at process.EventEmitter.emit (events.js:98:17)
    at handleMessage (child_process.js:318:10)
    at Pipe.channel.onread (child_process.js:345:11)

ReferenceError: potd is not defined
    at Tools.exports.BattleScripts.randomTeam (/Users/clazinasteunenberg/Downloads/Test/data/scripts.js:1522:8)
    at Tools.exports.BattleScripts.getTeam (/Users/clazinasteunenberg/Downloads/Test/data/scripts.js:488:16)
    at new BattleSide (/Users/clazinasteunenberg/Downloads/Test/battle-engine.js:1096:27)
    at Tools.Battle.join (/Users/clazinasteunenberg/Downloads/Test/battle-engine.js:3333:15)
    at Tools.Battle.receive (/Users/clazinasteunenberg/Downloads/Test/battle-engine.js:3390:9)
    at process.BattlePokemon.side (/Users/clazinasteunenberg/Downloads/Test/battle-engine.js:143:12)
    at process.EventEmitter.emit (events.js:98:17)
    at handleMessage (child_process.js:318:10)
    at Pipe.channel.onread (child_process.js:345:11)

Additional information:
message = battle-randombattle-497|join|p1|Meloetta<3V|134
currentRequest = 

Log:
|html|<div class="broadcast-red"><b>The battle crashed</b><br />You can keep playing but it might crash again.</div>
|html|<div class="broadcast-red"><b>The battle crashed</b><br />You can keep playing but it might crash again.</div>
|html|<div class="broadcast-red"><b>The battle crashed</b><br />You can keep playing but it might crash again.</div>
|html|<div class="broadcast-red"><b>The battle crashed</b><br />You can keep playing but it might crash again.</div>
|html|<div class="broadcast-red"><b>The battle crashed</b><br />You can keep playing but it might crash again.</div>
|html|<div class="broadcast-red"><b>The battle crashed</b><br />You can keep playing but it might crash again.</div>
|html|<div class="broadcast-red"><b>The battle crashed</b><br />You can keep playing but it might crash again.</div>
|html|<div class="broadcast-red"><b>The battle crashed</b><br />You can keep playing but it might crash again.</div>
|html|<div class="broadcast-red"><b>The battle crashed</b><br />You can keep playing but it might crash again.</div>
|html|<div class="broadcast-red"><b>The battle crashed</b><br />You can keep playing but it might crash again.</div>
|html|<div class="broadcast-red"><b>The battle crashed</b><br />You can keep playing but it might crash again.</div>
|html|<div class="broadcast-red"><b>The battle crashed</b><br />You can keep playing but it might crash again.</div>
|html|<div class="broadcast-red"><b>The battle crashed</b><br />You can keep playing but it might crash again.</div>
|html|<div class="broadcast-red"><b>The battle crashed</b><br />You can keep playing but it might crash again.</div>
|html|<div class="broadcast-red"><b>The battle crashed</b><br />You can keep playing but it might crash again.</div>
|html|<div class="broadcast-red"><b>The battle crashed</b><br />You can keep playing but it might crash again.</div>
|html|<div class="broadcast-red"><b>The battle crashed</b><br />You can keep playing but it might crash again.</div>
|html|<div class="broadcast-red"><b>The battle crashed</b><br />You can keep playing but it might crash again.</div>
|html|<div class="broadcast-red"><b>The battle crashed</b><br />You can keep playing but it might crash again.</div>
|html|<div class="broadcast-red"><b>The battle crashed</b><br />You can keep playing but it might crash again.</div>
|html|<div class="broadcast-red"><b>The battle crashed</b><br />You can keep playing but it might crash again.</div>
|html|<div class="broadcast-red"><b>The battle crashed</b><br />You can keep playing but it might crash again.</div>
|html|<div class="broadcast-red"><b>The battle crashed</b><br />You can keep playing but it might crash again.</div>
|html|<div class="broadcast-red"><b>The battle crashed</b><br />You can keep playing but it might crash again.</div>
|html|<div class="broadcast-red"><b>The battle crashed</b><br />You can keep playing but it might crash again.</div>
|html|<div class="broadcast-red"><b>The battle crashed</b><br />You can keep playing but it might crash again.</div>
|html|<div class="broadcast-red"><b>The battle crashed</b><br />You can keep playing but it might crash again.</div>
|html|<div class="broadcast-red"><b>The battle crashed</b><br />You can keep playing but it might crash again.</div>
|html|<div class="broadcast-red"><b>The battle crashed</b><br />You can keep playing but it might crash again.</div>
|html|<div class="broadcast-red"><b>The battle crashed</b><br />You can keep playing but it might crash again.</div>
|html|<div class="broadcast-red"><b>The battle crashed</b><br />You can keep playing but it might crash again.</div>
|html|<div class="broadcast-red"><b>The battle crashed</b><br />You can keep playing but it might crash again.</div>
|html|<div class="broadcast-red"><b>The battle crashed</b><br />You can keep playing but it might crash again.</div>
|html|<div class="broadcast-red"><b>The battle crashed</b><br />You can keep playing but it might crash again.</div>
|html|<div class="broadcast-red"><b>The battle crashed</b><br />You can keep playing but it might crash again.</div>
|html|<div class="broadcast-red"><b>The battle crashed</b><br />You can keep playing but it might crash again.</div>
|html|<div class="broadcast-red"><b>The battle crashed</b><br />You can keep playing but it might crash again.</div>
|html|<div class="broadcast-red"><b>The battle crashed</b><br />You can keep playing but it might crash again.</div>
|html|<div class="broadcast-red"><b>The battle crashed</b><br />You can keep playing but it might crash again.</div>
|html|<div class="broadcast-red"><b>The battle crashed</b><br />You can keep playing but it might crash again.</div>
|html|<div class="broadcast-red"><b>The battle crashed</b><br />You can keep playing but it might crash again.</div>
|html|<div class="broadcast-red"><b>The battle crashed</b><br />You can keep playing but it might crash again.</div>
|html|<div class="broadcast-red"><b>The battle crashed</b><br />You can keep playing but it might crash again.</div>
|html|<div class="broadcast-red"><b>The battle crashed</b><br />You can keep playing but it might crash again.</div>
|html|<div class="broadcast-red"><b>The battle crashed</b><br />You can keep playing but it might crash again.</div>
|html|<div class="broadcast-red"><b>The battle crashed</b><br />You can keep playing but it might crash again.</div>
|html|<div class="broadcast-red"><b>The battle crashed</b><br />You can keep playing but it might crash again.</div>
|html|<div class="broadcast-red"><b>The battle crashed</b><br />You can keep playing but it might crash again.</div>
|html|<div class="broadcast-red"><b>The battle crashed</b><br />You can keep playing but it might crash again.</div>
|html|<div class="broadcast-red"><b>The battle crashed</b><br />You can keep playing but it might crash again.</div>
|html|<div class="broadcast-red"><b>The battle crashed</b><br />You can keep playing but it might crash again.</div>
|html|<div class="broadcast-red"><b>The battle crashed</b><br />You can keep playing but it might crash again.</div>
|html|<div class="broadcast-red"><b>The battle crashed</b><br />You can keep playing but it might crash again.</div>
|html|<div class="broadcast-red"><b>The battle crashed</b><br />You can keep playing but it might crash again.</div>
|html|<div class="broadcast-red"><b>The battle crashed</b><br />You can keep playing but it might crash again.</div>
|html|<div class="broadcast-red"><b>The battle crashed</b><br />You can keep playing but it might crash again.</div>
|html|<div class="broadcast-red"><b>The battle crashed</b><br />You can keep playing but it might crash again.</div>
|html|<div class="broadcast-red"><b>The battle crashed</b><br />You can keep playing but it might crash again.</div>
|html|<div class="broadcast-red"><b>The battle crashed</b><br />You can keep playing but it might crash again.</div>
|html|<div class="broadcast-red"><b>The battle crashed</b><br />You can keep playing but it might crash again.</div>
|html|<div class="broadcast-red"><b>The battle crashed</b><br />You can keep playing but it might crash again.</div>
|html|<div class="broadcast-red"><b>The battle crashed</b><br />You can keep playing but it might crash again.</div>
|html|<div class="broadcast-red"><b>The battle crashed</b><br />You can keep playing but it might crash again.</div>
|html|<div class="broadcast-red"><b>The battle crashed</b><br />You can keep playing but it might crash again.</div>
|html|<div class="broadcast-red"><b>The battle crashed</b><br />You can keep playing but it might crash again.</div>
|html|<div class="broadcast-red"><b>The battle crashed</b><br />You can keep playing but it might crash again.</div>
|html|<div class="broadcast-red"><b>The battle crashed</b><br />You can keep playing but it might crash again.</div>
|html|<div class="broadcast-red"><b>The battle crashed</b><br />You can keep playing but it might crash again.</div>
|html|<div class="broadcast-red"><b>The battle crashed</b><br />You can keep playing but it might crash again.</div>
|html|<div class="broadcast-red"><b>The battle crashed</b><br />You can keep playing but it might crash again.</div>
|html|<div class="broadcast-red"><b>The battle crashed</b><br />You can keep playing but it might crash again.</div>
|html|<div class="broadcast-red"><b>The battle crashed</b><br />You can keep playing but it might crash again.</div>
|html|<div class="broadcast-red"><b>The battle crashed</b><br />You can keep playing but it might crash again.</div>
|html|<div class="broadcast-red"><b>The battle crashed</b><br />You can keep playing but it might crash again.</div>
|html|<div class="broadcast-red"><b>The battle crashed</b><br />You can keep playing but it might crash again.</div>
|html|<div class="broadcast-red"><b>The battle crashed</b><br />You can keep playing but it might crash again.</div>
|html|<div class="broadcast-red"><b>The battle crashed</b><br />You can keep playing but it might crash again.</div>
|html|<div class="broadcast-red"><b>The battle crashed</b><br />You can keep playing but it might crash again.</div>

TypeError: Cannot read property 'isActive' of null
    at Tools.Battle.makeRequest (/Users/clazinasteunenberg/Downloads/Test/battle-engine.js:1943:15)
    at process.BattlePokemon.side (/Users/clazinasteunenberg/Downloads/Test/battle-engine.js:157:13)
    at process.EventEmitter.emit (events.js:98:17)
    at handleMessage (child_process.js:318:10)
    at Pipe.channel.onread (child_process.js:345:11)

ReferenceError: potd is not defined
    at Tools.exports.BattleScripts.randomTeam (/Users/clazinasteunenberg/Downloads/Test/data/scripts.js:1522:8)
    at Tools.exports.BattleScripts.getTeam (/Users/clazinasteunenberg/Downloads/Test/data/scripts.js:488:16)
    at new BattleSide (/Users/clazinasteunenberg/Downloads/Test/battle-engine.js:1096:27)
    at Tools.Battle.join (/Users/clazinasteunenberg/Downloads/Test/battle-engine.js:3333:15)
    at Tools.Battle.receive (/Users/clazinasteunenberg/Downloads/Test/battle-engine.js:3390:9)
    at process.BattlePokemon.side (/Users/clazinasteunenberg/Downloads/Test/battle-engine.js:143:12)
    at process.EventEmitter.emit (events.js:98:17)
    at handleMessage (child_process.js:318:10)
    at Pipe.channel.onread (child_process.js:345:11)

Additional information:
message = battle-randombattle-497|join|p1|Meloetta<3V|134
currentRequest = 

Log:
|html|<div class="broadcast-red"><b>The battle crashed</b><br />You can keep playing but it might crash again.</div>
|html|<div class="broadcast-red"><b>The battle crashed</b><br />You can keep playing but it might crash again.</div>
|html|<div class="broadcast-red"><b>The battle crashed</b><br />You can keep playing but it might crash again.</div>
|html|<div class="broadcast-red"><b>The battle crashed</b><br />You can keep playing but it might crash again.</div>
|html|<div class="broadcast-red"><b>The battle crashed</b><br />You can keep playing but it might crash again.</div>
|html|<div class="broadcast-red"><b>The battle crashed</b><br />You can keep playing but it might crash again.</div>
|html|<div class="broadcast-red"><b>The battle crashed</b><br />You can keep playing but it might crash again.</div>
|html|<div class="broadcast-red"><b>The battle crashed</b><br />You can keep playing but it might crash again.</div>
|html|<div class="broadcast-red"><b>The battle crashed</b><br />You can keep playing but it might crash again.</div>
|html|<div class="broadcast-red"><b>The battle crashed</b><br />You can keep playing but it might crash again.</div>
|html|<div class="broadcast-red"><b>The battle crashed</b><br />You can keep playing but it might crash again.</div>
|html|<div class="broadcast-red"><b>The battle crashed</b><br />You can keep playing but it might crash again.</div>
|html|<div class="broadcast-red"><b>The battle crashed</b><br />You can keep playing but it might crash again.</div>
|html|<div class="broadcast-red"><b>The battle crashed</b><br />You can keep playing but it might crash again.</div>
|html|<div class="broadcast-red"><b>The battle crashed</b><br />You can keep playing but it might crash again.</div>
|html|<div class="broadcast-red"><b>The battle crashed</b><br />You can keep playing but it might crash again.</div>
|html|<div class="broadcast-red"><b>The battle crashed</b><br />You can keep playing but it might crash again.</div>
|html|<div class="broadcast-red"><b>The battle crashed</b><br />You can keep playing but it might crash again.</div>
|html|<div class="broadcast-red"><b>The battle crashed</b><br />You can keep playing but it might crash again.</div>
|html|<div class="broadcast-red"><b>The battle crashed</b><br />You can keep playing but it might crash again.</div>
|html|<div class="broadcast-red"><b>The battle crashed</b><br />You can keep playing but it might crash again.</div>
|html|<div class="broadcast-red"><b>The battle crashed</b><br />You can keep playing but it might crash again.</div>
|html|<div class="broadcast-red"><b>The battle crashed</b><br />You can keep playing but it might crash again.</div>
|html|<div class="broadcast-red"><b>The battle crashed</b><br />You can keep playing but it might crash again.</div>
|html|<div class="broadcast-red"><b>The battle crashed</b><br />You can keep playing but it might crash again.</div>
|html|<div class="broadcast-red"><b>The battle crashed</b><br />You can keep playing but it might crash again.</div>
|html|<div class="broadcast-red"><b>The battle crashed</b><br />You can keep playing but it might crash again.</div>
|html|<div class="broadcast-red"><b>The battle crashed</b><br />You can keep playing but it might crash again.</div>
|html|<div class="broadcast-red"><b>The battle crashed</b><br />You can keep playing but it might crash again.</div>
|html|<div class="broadcast-red"><b>The battle crashed</b><br />You can keep playing but it might crash again.</div>
|html|<div class="broadcast-red"><b>The battle crashed</b><br />You can keep playing but it might crash again.</div>
|html|<div class="broadcast-red"><b>The battle crashed</b><br />You can keep playing but it might crash again.</div>
|html|<div class="broadcast-red"><b>The battle crashed</b><br />You can keep playing but it might crash again.</div>
|html|<div class="broadcast-red"><b>The battle crashed</b><br />You can keep playing but it might crash again.</div>
|html|<div class="broadcast-red"><b>The battle crashed</b><br />You can keep playing but it might crash again.</div>
|html|<div class="broadcast-red"><b>The battle crashed</b><br />You can keep playing but it might crash again.</div>
|html|<div class="broadcast-red"><b>The battle crashed</b><br />You can keep playing but it might crash again.</div>
|html|<div class="broadcast-red"><b>The battle crashed</b><br />You can keep playing but it might crash again.</div>
|html|<div class="broadcast-red"><b>The battle crashed</b><br />You can keep playing but it might crash again.</div>
|html|<div class="broadcast-red"><b>The battle crashed</b><br />You can keep playing but it might crash again.</div>
|html|<div class="broadcast-red"><b>The battle crashed</b><br />You can keep playing but it might crash again.</div>
|html|<div class="broadcast-red"><b>The battle crashed</b><br />You can keep playing but it might crash again.</div>
|html|<div class="broadcast-red"><b>The battle crashed</b><br />You can keep playing but it might crash again.</div>
|html|<div class="broadcast-red"><b>The battle crashed</b><br />You can keep playing but it might crash again.</div>
|html|<div class="broadcast-red"><b>The battle crashed</b><br />You can keep playing but it might crash again.</div>
|html|<div class="broadcast-red"><b>The battle crashed</b><br />You can keep playing but it might crash again.</div>
|html|<div class="broadcast-red"><b>The battle crashed</b><br />You can keep playing but it might crash again.</div>
|html|<div class="broadcast-red"><b>The battle crashed</b><br />You can keep playing but it might crash again.</div>
|html|<div class="broadcast-red"><b>The battle crashed</b><br />You can keep playing but it might crash again.</div>
|html|<div class="broadcast-red"><b>The battle crashed</b><br />You can keep playing but it might crash again.</div>
|html|<div class="broadcast-red"><b>The battle crashed</b><br />You can keep playing but it might crash again.</div>
|html|<div class="broadcast-red"><b>The battle crashed</b><br />You can keep playing but it might crash again.</div>
|html|<div class="broadcast-red"><b>The battle crashed</b><br />You can keep playing but it might crash again.</div>
|html|<div class="broadcast-red"><b>The battle crashed</b><br />You can keep playing but it might crash again.</div>
|html|<div class="broadcast-red"><b>The battle crashed</b><br />You can keep playing but it might crash again.</div>
|html|<div class="broadcast-red"><b>The battle crashed</b><br />You can keep playing but it might crash again.</div>
|html|<div class="broadcast-red"><b>The battle crashed</b><br />You can keep playing but it might crash again.</div>
|html|<div class="broadcast-red"><b>The battle crashed</b><br />You can keep playing but it might crash again.</div>
|html|<div class="broadcast-red"><b>The battle crashed</b><br />You can keep playing but it might crash again.</div>
|html|<div class="broadcast-red"><b>The battle crashed</b><br />You can keep playing but it might crash again.</div>
|html|<div class="broadcast-red"><b>The battle crashed</b><br />You can keep playing but it might crash again.</div>
|html|<div class="broadcast-red"><b>The battle crashed</b><br />You can keep playing but it might crash again.</div>
|html|<div class="broadcast-red"><b>The battle crashed</b><br />You can keep playing but it might crash again.</div>
|html|<div class="broadcast-red"><b>The battle crashed</b><br />You can keep playing but it might crash again.</div>
|html|<div class="broadcast-red"><b>The battle crashed</b><br />You can keep playing but it might crash again.</div>
|html|<div class="broadcast-red"><b>The battle crashed</b><br />You can keep playing but it might crash again.</div>
|html|<div class="broadcast-red"><b>The battle crashed</b><br />You can keep playing but it might crash again.</div>
|html|<div class="broadcast-red"><b>The battle crashed</b><br />You can keep playing but it might crash again.</div>
|html|<div class="broadcast-red"><b>The battle crashed</b><br />You can keep playing but it might crash again.</div>
|html|<div class="broadcast-red"><b>The battle crashed</b><br />You can keep playing but it might crash again.</div>
|html|<div class="broadcast-red"><b>The battle crashed</b><br />You can keep playing but it might crash again.</div>
|html|<div class="broadcast-red"><b>The battle crashed</b><br />You can keep playing but it might crash again.</div>
|html|<div class="broadcast-red"><b>The battle crashed</b><br />You can keep playing but it might crash again.</div>
|html|<div class="broadcast-red"><b>The battle crashed</b><br />You can keep playing but it might crash again.</div>
|html|<div class="broadcast-red"><b>The battle crashed</b><br />You can keep playing but it might crash again.</div>
|html|<div class="broadcast-red"><b>The battle crashed</b><br />You can keep playing but it might crash again.</div>
|html|<div class="broadcast-red"><b>The battle crashed</b><br />You can keep playing but it might crash again.</div>
|html|<div class="broadcast-red"><b>The battle crashed</b><br />You can keep playing but it might crash again.</div>
|html|<div class="broadcast-red"><b>The battle crashed</b><br />You can keep playing but it might crash again.</div>

TypeError: Cannot read property 'isActive' of null
    at Tools.Battle.makeRequest (/Users/clazinasteunenberg/Downloads/Test/battle-engine.js:1943:15)
    at process.BattlePokemon.side (/Users/clazinasteunenberg/Downloads/Test/battle-engine.js:157:13)
    at process.EventEmitter.emit (events.js:98:17)
    at handleMessage (child_process.js:318:10)
    at Pipe.channel.onread (child_process.js:345:11)

ReferenceError: potd is not defined
    at Tools.exports.BattleScripts.randomTeam (/Users/clazinasteunenberg/Downloads/Test/data/scripts.js:1522:8)
    at Tools.exports.BattleScripts.getTeam (/Users/clazinasteunenberg/Downloads/Test/data/scripts.js:488:16)
    at new BattleSide (/Users/clazinasteunenberg/Downloads/Test/battle-engine.js:1096:27)
    at Tools.Battle.join (/Users/clazinasteunenberg/Downloads/Test/battle-engine.js:3333:15)
    at Tools.Battle.receive (/Users/clazinasteunenberg/Downloads/Test/battle-engine.js:3390:9)
    at process.BattlePokemon.side (/Users/clazinasteunenberg/Downloads/Test/battle-engine.js:143:12)
    at process.EventEmitter.emit (events.js:98:17)
    at handleMessage (child_process.js:318:10)
    at Pipe.channel.onread (child_process.js:345:11)

Additional information:
message = battle-randombattle-497|join|p1|Meloetta<3V|134
currentRequest = 

Log:
|html|<div class="broadcast-red"><b>The battle crashed</b><br />You can keep playing but it might crash again.</div>
|html|<div class="broadcast-red"><b>The battle crashed</b><br />You can keep playing but it might crash again.</div>
|html|<div class="broadcast-red"><b>The battle crashed</b><br />You can keep playing but it might crash again.</div>
|html|<div class="broadcast-red"><b>The battle crashed</b><br />You can keep playing but it might crash again.</div>
|html|<div class="broadcast-red"><b>The battle crashed</b><br />You can keep playing but it might crash again.</div>
|html|<div class="broadcast-red"><b>The battle crashed</b><br />You can keep playing but it might crash again.</div>
|html|<div class="broadcast-red"><b>The battle crashed</b><br />You can keep playing but it might crash again.</div>
|html|<div class="broadcast-red"><b>The battle crashed</b><br />You can keep playing but it might crash again.</div>
|html|<div class="broadcast-red"><b>The battle crashed</b><br />You can keep playing but it might crash again.</div>
|html|<div class="broadcast-red"><b>The battle crashed</b><br />You can keep playing but it might crash again.</div>
|html|<div class="broadcast-red"><b>The battle crashed</b><br />You can keep playing but it might crash again.</div>
|html|<div class="broadcast-red"><b>The battle crashed</b><br />You can keep playing but it might crash again.</div>
|html|<div class="broadcast-red"><b>The battle crashed</b><br />You can keep playing but it might crash again.</div>
|html|<div class="broadcast-red"><b>The battle crashed</b><br />You can keep playing but it might crash again.</div>
|html|<div class="broadcast-red"><b>The battle crashed</b><br />You can keep playing but it might crash again.</div>
|html|<div class="broadcast-red"><b>The battle crashed</b><br />You can keep playing but it might crash again.</div>
|html|<div class="broadcast-red"><b>The battle crashed</b><br />You can keep playing but it might crash again.</div>
|html|<div class="broadcast-red"><b>The battle crashed</b><br />You can keep playing but it might crash again.</div>
|html|<div class="broadcast-red"><b>The battle crashed</b><br />You can keep playing but it might crash again.</div>
|html|<div class="broadcast-red"><b>The battle crashed</b><br />You can keep playing but it might crash again.</div>
|html|<div class="broadcast-red"><b>The battle crashed</b><br />You can keep playing but it might crash again.</div>
|html|<div class="broadcast-red"><b>The battle crashed</b><br />You can keep playing but it might crash again.</div>
|html|<div class="broadcast-red"><b>The battle crashed</b><br />You can keep playing but it might crash again.</div>
|html|<div class="broadcast-red"><b>The battle crashed</b><br />You can keep playing but it might crash again.</div>
|html|<div class="broadcast-red"><b>The battle crashed</b><br />You can keep playing but it might crash again.</div>
|html|<div class="broadcast-red"><b>The battle crashed</b><br />You can keep playing but it might crash again.</div>
|html|<div class="broadcast-red"><b>The battle crashed</b><br />You can keep playing but it might crash again.</div>
|html|<div class="broadcast-red"><b>The battle crashed</b><br />You can keep playing but it might crash again.</div>
|html|<div class="broadcast-red"><b>The battle crashed</b><br />You can keep playing but it might crash again.</div>
|html|<div class="broadcast-red"><b>The battle crashed</b><br />You can keep playing but it might crash again.</div>
|html|<div class="broadcast-red"><b>The battle crashed</b><br />You can keep playing but it might crash again.</div>
|html|<div class="broadcast-red"><b>The battle crashed</b><br />You can keep playing but it might crash again.</div>
|html|<div class="broadcast-red"><b>The battle crashed</b><br />You can keep playing but it might crash again.</div>
|html|<div class="broadcast-red"><b>The battle crashed</b><br />You can keep playing but it might crash again.</div>
|html|<div class="broadcast-red"><b>The battle crashed</b><br />You can keep playing but it might crash again.</div>
|html|<div class="broadcast-red"><b>The battle crashed</b><br />You can keep playing but it might crash again.</div>
|html|<div class="broadcast-red"><b>The battle crashed</b><br />You can keep playing but it might crash again.</div>
|html|<div class="broadcast-red"><b>The battle crashed</b><br />You can keep playing but it might crash again.</div>
|html|<div class="broadcast-red"><b>The battle crashed</b><br />You can keep playing but it might crash again.</div>
|html|<div class="broadcast-red"><b>The battle crashed</b><br />You can keep playing but it might crash again.</div>
|html|<div class="broadcast-red"><b>The battle crashed</b><br />You can keep playing but it might crash again.</div>
|html|<div class="broadcast-red"><b>The battle crashed</b><br />You can keep playing but it might crash again.</div>
|html|<div class="broadcast-red"><b>The battle crashed</b><br />You can keep playing but it might crash again.</div>
|html|<div class="broadcast-red"><b>The battle crashed</b><br />You can keep playing but it might crash again.</div>
|html|<div class="broadcast-red"><b>The battle crashed</b><br />You can keep playing but it might crash again.</div>
|html|<div class="broadcast-red"><b>The battle crashed</b><br />You can keep playing but it might crash again.</div>
|html|<div class="broadcast-red"><b>The battle crashed</b><br />You can keep playing but it might crash again.</div>
|html|<div class="broadcast-red"><b>The battle crashed</b><br />You can keep playing but it might crash again.</div>
|html|<div class="broadcast-red"><b>The battle crashed</b><br />You can keep playing but it might crash again.</div>
|html|<div class="broadcast-red"><b>The battle crashed</b><br />You can keep playing but it might crash again.</div>
|html|<div class="broadcast-red"><b>The battle crashed</b><br />You can keep playing but it might crash again.</div>
|html|<div class="broadcast-red"><b>The battle crashed</b><br />You can keep playing but it might crash again.</div>
|html|<div class="broadcast-red"><b>The battle crashed</b><br />You can keep playing but it might crash again.</div>
|html|<div class="broadcast-red"><b>The battle crashed</b><br />You can keep playing but it might crash again.</div>
|html|<div class="broadcast-red"><b>The battle crashed</b><br />You can keep playing but it might crash again.</div>
|html|<div class="broadcast-red"><b>The battle crashed</b><br />You can keep playing but it might crash again.</div>
|html|<div class="broadcast-red"><b>The battle crashed</b><br />You can keep playing but it might crash again.</div>
|html|<div class="broadcast-red"><b>The battle crashed</b><br />You can keep playing but it might crash again.</div>
|html|<div class="broadcast-red"><b>The battle crashed</b><br />You can keep playing but it might crash again.</div>
|html|<div class="broadcast-red"><b>The battle crashed</b><br />You can keep playing but it might crash again.</div>
|html|<div class="broadcast-red"><b>The battle crashed</b><br />You can keep playing but it might crash again.</div>
|html|<div class="broadcast-red"><b>The battle crashed</b><br />You can keep playing but it might crash again.</div>
|html|<div class="broadcast-red"><b>The battle crashed</b><br />You can keep playing but it might crash again.</div>
|html|<div class="broadcast-red"><b>The battle crashed</b><br />You can keep playing but it might crash again.</div>
|html|<div class="broadcast-red"><b>The battle crashed</b><br />You can keep playing but it might crash again.</div>
|html|<div class="broadcast-red"><b>The battle crashed</b><br />You can keep playing but it might crash again.</div>
|html|<div class="broadcast-red"><b>The battle crashed</b><br />You can keep playing but it might crash again.</div>
|html|<div class="broadcast-red"><b>The battle crashed</b><br />You can keep playing but it might crash again.</div>
|html|<div class="broadcast-red"><b>The battle crashed</b><br />You can keep playing but it might crash again.</div>
|html|<div class="broadcast-red"><b>The battle crashed</b><br />You can keep playing but it might crash again.</div>
|html|<div class="broadcast-red"><b>The battle crashed</b><br />You can keep playing but it might crash again.</div>
|html|<div class="broadcast-red"><b>The battle crashed</b><br />You can keep playing but it might crash again.</div>
|html|<div class="broadcast-red"><b>The battle crashed</b><br />You can keep playing but it might crash again.</div>
|html|<div class="broadcast-red"><b>The battle crashed</b><br />You can keep playing but it might crash again.</div>
|html|<div class="broadcast-red"><b>The battle crashed</b><br />You can keep playing but it might crash again.</div>
|html|<div class="broadcast-red"><b>The battle crashed</b><br />You can keep playing but it might crash again.</div>
|html|<div class="broadcast-red"><b>The battle crashed</b><br />You can keep playing but it might crash again.</div>
|html|<div class="broadcast-red"><b>The battle crashed</b><br />You can keep playing but it might crash again.</div>
|html|<div class="broadcast-red"><b>The battle crashed</b><br />You can keep playing but it might crash again.</div>
|html|<div class="broadcast-red"><b>The battle crashed</b><br />You can keep playing but it might crash again.</div>

TypeError: Cannot read property 'isActive' of null
    at Tools.Battle.makeRequest (/Users/clazinasteunenberg/Downloads/Test/battle-engine.js:1943:15)
    at process.BattlePokemon.side (/Users/clazinasteunenberg/Downloads/Test/battle-engine.js:157:13)
    at process.EventEmitter.emit (events.js:98:17)
    at handleMessage (child_process.js:318:10)
    at Pipe.channel.onread (child_process.js:345:11)

ReferenceError: potd is not defined
    at Tools.exports.BattleScripts.randomTeam (/Users/clazinasteunenberg/Downloads/Test/data/scripts.js:1522:8)
    at Tools.exports.BattleScripts.getTeam (/Users/clazinasteunenberg/Downloads/Test/data/scripts.js:488:16)
    at new BattleSide (/Users/clazinasteunenberg/Downloads/Test/battle-engine.js:1096:27)
    at Tools.Battle.join (/Users/clazinasteunenberg/Downloads/Test/battle-engine.js:3333:15)
    at Tools.Battle.receive (/Users/clazinasteunenberg/Downloads/Test/battle-engine.js:3390:9)
    at process.BattlePokemon.side (/Users/clazinasteunenberg/Downloads/Test/battle-engine.js:143:12)
    at process.EventEmitter.emit (events.js:98:17)
    at handleMessage (child_process.js:318:10)
    at Pipe.channel.onread (child_process.js:345:11)

Additional information:
message = battle-randombattle-497|join|p1|Meloetta<3V|134
currentRequest = 

Log:
|html|<div class="broadcast-red"><b>The battle crashed</b><br />You can keep playing but it might crash again.</div>
|html|<div class="broadcast-red"><b>The battle crashed</b><br />You can keep playing but it might crash again.</div>
|html|<div class="broadcast-red"><b>The battle crashed</b><br />You can keep playing but it might crash again.</div>
|html|<div class="broadcast-red"><b>The battle crashed</b><br />You can keep playing but it might crash again.</div>
|html|<div class="broadcast-red"><b>The battle crashed</b><br />You can keep playing but it might crash again.</div>
|html|<div class="broadcast-red"><b>The battle crashed</b><br />You can keep playing but it might crash again.</div>
|html|<div class="broadcast-red"><b>The battle crashed</b><br />You can keep playing but it might crash again.</div>
|html|<div class="broadcast-red"><b>The battle crashed</b><br />You can keep playing but it might crash again.</div>
|html|<div class="broadcast-red"><b>The battle crashed</b><br />You can keep playing but it might crash again.</div>
|html|<div class="broadcast-red"><b>The battle crashed</b><br />You can keep playing but it might crash again.</div>
|html|<div class="broadcast-red"><b>The battle crashed</b><br />You can keep playing but it might crash again.</div>
|html|<div class="broadcast-red"><b>The battle crashed</b><br />You can keep playing but it might crash again.</div>
|html|<div class="broadcast-red"><b>The battle crashed</b><br />You can keep playing but it might crash again.</div>
|html|<div class="broadcast-red"><b>The battle crashed</b><br />You can keep playing but it might crash again.</div>
|html|<div class="broadcast-red"><b>The battle crashed</b><br />You can keep playing but it might crash again.</div>
|html|<div class="broadcast-red"><b>The battle crashed</b><br />You can keep playing but it might crash again.</div>
|html|<div class="broadcast-red"><b>The battle crashed</b><br />You can keep playing but it might crash again.</div>
|html|<div class="broadcast-red"><b>The battle crashed</b><br />You can keep playing but it might crash again.</div>
|html|<div class="broadcast-red"><b>The battle crashed</b><br />You can keep playing but it might crash again.</div>
|html|<div class="broadcast-red"><b>The battle crashed</b><br />You can keep playing but it might crash again.</div>
|html|<div class="broadcast-red"><b>The battle crashed</b><br />You can keep playing but it might crash again.</div>
|html|<div class="broadcast-red"><b>The battle crashed</b><br />You can keep playing but it might crash again.</div>
|html|<div class="broadcast-red"><b>The battle crashed</b><br />You can keep playing but it might crash again.</div>
|html|<div class="broadcast-red"><b>The battle crashed</b><br />You can keep playing but it might crash again.</div>
|html|<div class="broadcast-red"><b>The battle crashed</b><br />You can keep playing but it might crash again.</div>
|html|<div class="broadcast-red"><b>The battle crashed</b><br />You can keep playing but it might crash again.</div>
|html|<div class="broadcast-red"><b>The battle crashed</b><br />You can keep playing but it might crash again.</div>
|html|<div class="broadcast-red"><b>The battle crashed</b><br />You can keep playing but it might crash again.</div>
|html|<div class="broadcast-red"><b>The battle crashed</b><br />You can keep playing but it might crash again.</div>
|html|<div class="broadcast-red"><b>The battle crashed</b><br />You can keep playing but it might crash again.</div>
|html|<div class="broadcast-red"><b>The battle crashed</b><br />You can keep playing but it might crash again.</div>
|html|<div class="broadcast-red"><b>The battle crashed</b><br />You can keep playing but it might crash again.</div>
|html|<div class="broadcast-red"><b>The battle crashed</b><br />You can keep playing but it might crash again.</div>
|html|<div class="broadcast-red"><b>The battle crashed</b><br />You can keep playing but it might crash again.</div>
|html|<div class="broadcast-red"><b>The battle crashed</b><br />You can keep playing but it might crash again.</div>
|html|<div class="broadcast-red"><b>The battle crashed</b><br />You can keep playing but it might crash again.</div>
|html|<div class="broadcast-red"><b>The battle crashed</b><br />You can keep playing but it might crash again.</div>
|html|<div class="broadcast-red"><b>The battle crashed</b><br />You can keep playing but it might crash again.</div>
|html|<div class="broadcast-red"><b>The battle crashed</b><br />You can keep playing but it might crash again.</div>
|html|<div class="broadcast-red"><b>The battle crashed</b><br />You can keep playing but it might crash again.</div>
|html|<div class="broadcast-red"><b>The battle crashed</b><br />You can keep playing but it might crash again.</div>
|html|<div class="broadcast-red"><b>The battle crashed</b><br />You can keep playing but it might crash again.</div>
|html|<div class="broadcast-red"><b>The battle crashed</b><br />You can keep playing but it might crash again.</div>
|html|<div class="broadcast-red"><b>The battle crashed</b><br />You can keep playing but it might crash again.</div>
|html|<div class="broadcast-red"><b>The battle crashed</b><br />You can keep playing but it might crash again.</div>
|html|<div class="broadcast-red"><b>The battle crashed</b><br />You can keep playing but it might crash again.</div>
|html|<div class="broadcast-red"><b>The battle crashed</b><br />You can keep playing but it might crash again.</div>
|html|<div class="broadcast-red"><b>The battle crashed</b><br />You can keep playing but it might crash again.</div>
|html|<div class="broadcast-red"><b>The battle crashed</b><br />You can keep playing but it might crash again.</div>
|html|<div class="broadcast-red"><b>The battle crashed</b><br />You can keep playing but it might crash again.</div>
|html|<div class="broadcast-red"><b>The battle crashed</b><br />You can keep playing but it might crash again.</div>
|html|<div class="broadcast-red"><b>The battle crashed</b><br />You can keep playing but it might crash again.</div>
|html|<div class="broadcast-red"><b>The battle crashed</b><br />You can keep playing but it might crash again.</div>
|html|<div class="broadcast-red"><b>The battle crashed</b><br />You can keep playing but it might crash again.</div>
|html|<div class="broadcast-red"><b>The battle crashed</b><br />You can keep playing but it might crash again.</div>
|html|<div class="broadcast-red"><b>The battle crashed</b><br />You can keep playing but it might crash again.</div>
|html|<div class="broadcast-red"><b>The battle crashed</b><br />You can keep playing but it might crash again.</div>
|html|<div class="broadcast-red"><b>The battle crashed</b><br />You can keep playing but it might crash again.</div>
|html|<div class="broadcast-red"><b>The battle crashed</b><br />You can keep playing but it might crash again.</div>
|html|<div class="broadcast-red"><b>The battle crashed</b><br />You can keep playing but it might crash again.</div>
|html|<div class="broadcast-red"><b>The battle crashed</b><br />You can keep playing but it might crash again.</div>
|html|<div class="broadcast-red"><b>The battle crashed</b><br />You can keep playing but it might crash again.</div>
|html|<div class="broadcast-red"><b>The battle crashed</b><br />You can keep playing but it might crash again.</div>
|html|<div class="broadcast-red"><b>The battle crashed</b><br />You can keep playing but it might crash again.</div>
|html|<div class="broadcast-red"><b>The battle crashed</b><br />You can keep playing but it might crash again.</div>
|html|<div class="broadcast-red"><b>The battle crashed</b><br />You can keep playing but it might crash again.</div>
|html|<div class="broadcast-red"><b>The battle crashed</b><br />You can keep playing but it might crash again.</div>
|html|<div class="broadcast-red"><b>The battle crashed</b><br />You can keep playing but it might crash again.</div>
|html|<div class="broadcast-red"><b>The battle crashed</b><br />You can keep playing but it might crash again.</div>
|html|<div class="broadcast-red"><b>The battle crashed</b><br />You can keep playing but it might crash again.</div>
|html|<div class="broadcast-red"><b>The battle crashed</b><br />You can keep playing but it might crash again.</div>
|html|<div class="broadcast-red"><b>The battle crashed</b><br />You can keep playing but it might crash again.</div>
|html|<div class="broadcast-red"><b>The battle crashed</b><br />You can keep playing but it might crash again.</div>
|html|<div class="broadcast-red"><b>The battle crashed</b><br />You can keep playing but it might crash again.</div>
|html|<div class="broadcast-red"><b>The battle crashed</b><br />You can keep playing but it might crash again.</div>
|html|<div class="broadcast-red"><b>The battle crashed</b><br />You can keep playing but it might crash again.</div>
|html|<div class="broadcast-red"><b>The battle crashed</b><br />You can keep playing but it might crash again.</div>
|html|<div class="broadcast-red"><b>The battle crashed</b><br />You can keep playing but it might crash again.</div>
|html|<div class="broadcast-red"><b>The battle crashed</b><br />You can keep playing but it might crash again.</div>
|html|<div class="broadcast-red"><b>The battle crashed</b><br />You can keep playing but it might crash again.</div>
|html|<div class="broadcast-red"><b>The battle crashed</b><br />You can keep playing but it might crash again.</div>

TypeError: Cannot read property 'isActive' of null
    at Tools.Battle.makeRequest (/Users/clazinasteunenberg/Downloads/Test/battle-engine.js:1943:15)
    at process.BattlePokemon.side (/Users/clazinasteunenberg/Downloads/Test/battle-engine.js:157:13)
    at process.EventEmitter.emit (events.js:98:17)
    at handleMessage (child_process.js:318:10)
    at Pipe.channel.onread (child_process.js:345:11)

ReferenceError: potd is not defined
    at Tools.exports.BattleScripts.randomTeam (/Users/clazinasteunenberg/Downloads/Test/data/scripts.js:1522:8)
    at Tools.exports.BattleScripts.getTeam (/Users/clazinasteunenberg/Downloads/Test/data/scripts.js:488:16)
    at new BattleSide (/Users/clazinasteunenberg/Downloads/Test/battle-engine.js:1096:27)
    at Tools.Battle.join (/Users/clazinasteunenberg/Downloads/Test/battle-engine.js:3333:15)
    at Tools.Battle.receive (/Users/clazinasteunenberg/Downloads/Test/battle-engine.js:3390:9)
    at process.BattlePokemon.side (/Users/clazinasteunenberg/Downloads/Test/battle-engine.js:143:12)
    at process.EventEmitter.emit (events.js:98:17)
    at handleMessage (child_process.js:318:10)
    at Pipe.channel.onread (child_process.js:345:11)

Additional information:
message = battle-randombattle-497|join|p1|Meloetta<3V|134
currentRequest = 

Log:
|html|<div class="broadcast-red"><b>The battle crashed</b><br />You can keep playing but it might crash again.</div>
|html|<div class="broadcast-red"><b>The battle crashed</b><br />You can keep playing but it might crash again.</div>
|html|<div class="broadcast-red"><b>The battle crashed</b><br />You can keep playing but it might crash again.</div>
|html|<div class="broadcast-red"><b>The battle crashed</b><br />You can keep playing but it might crash again.</div>
|html|<div class="broadcast-red"><b>The battle crashed</b><br />You can keep playing but it might crash again.</div>
|html|<div class="broadcast-red"><b>The battle crashed</b><br />You can keep playing but it might crash again.</div>
|html|<div class="broadcast-red"><b>The battle crashed</b><br />You can keep playing but it might crash again.</div>
|html|<div class="broadcast-red"><b>The battle crashed</b><br />You can keep playing but it might crash again.</div>
|html|<div class="broadcast-red"><b>The battle crashed</b><br />You can keep playing but it might crash again.</div>
|html|<div class="broadcast-red"><b>The battle crashed</b><br />You can keep playing but it might crash again.</div>
|html|<div class="broadcast-red"><b>The battle crashed</b><br />You can keep playing but it might crash again.</div>
|html|<div class="broadcast-red"><b>The battle crashed</b><br />You can keep playing but it might crash again.</div>
|html|<div class="broadcast-red"><b>The battle crashed</b><br />You can keep playing but it might crash again.</div>
|html|<div class="broadcast-red"><b>The battle crashed</b><br />You can keep playing but it might crash again.</div>
|html|<div class="broadcast-red"><b>The battle crashed</b><br />You can keep playing but it might crash again.</div>
|html|<div class="broadcast-red"><b>The battle crashed</b><br />You can keep playing but it might crash again.</div>
|html|<div class="broadcast-red"><b>The battle crashed</b><br />You can keep playing but it might crash again.</div>
|html|<div class="broadcast-red"><b>The battle crashed</b><br />You can keep playing but it might crash again.</div>
|html|<div class="broadcast-red"><b>The battle crashed</b><br />You can keep playing but it might crash again.</div>
|html|<div class="broadcast-red"><b>The battle crashed</b><br />You can keep playing but it might crash again.</div>
|html|<div class="broadcast-red"><b>The battle crashed</b><br />You can keep playing but it might crash again.</div>
|html|<div class="broadcast-red"><b>The battle crashed</b><br />You can keep playing but it might crash again.</div>
|html|<div class="broadcast-red"><b>The battle crashed</b><br />You can keep playing but it might crash again.</div>
|html|<div class="broadcast-red"><b>The battle crashed</b><br />You can keep playing but it might crash again.</div>
|html|<div class="broadcast-red"><b>The battle crashed</b><br />You can keep playing but it might crash again.</div>
|html|<div class="broadcast-red"><b>The battle crashed</b><br />You can keep playing but it might crash again.</div>
|html|<div class="broadcast-red"><b>The battle crashed</b><br />You can keep playing but it might crash again.</div>
|html|<div class="broadcast-red"><b>The battle crashed</b><br />You can keep playing but it might crash again.</div>
|html|<div class="broadcast-red"><b>The battle crashed</b><br />You can keep playing but it might crash again.</div>
|html|<div class="broadcast-red"><b>The battle crashed</b><br />You can keep playing but it might crash again.</div>
|html|<div class="broadcast-red"><b>The battle crashed</b><br />You can keep playing but it might crash again.</div>
|html|<div class="broadcast-red"><b>The battle crashed</b><br />You can keep playing but it might crash again.</div>
|html|<div class="broadcast-red"><b>The battle crashed</b><br />You can keep playing but it might crash again.</div>
|html|<div class="broadcast-red"><b>The battle crashed</b><br />You can keep playing but it might crash again.</div>
|html|<div class="broadcast-red"><b>The battle crashed</b><br />You can keep playing but it might crash again.</div>
|html|<div class="broadcast-red"><b>The battle crashed</b><br />You can keep playing but it might crash again.</div>
|html|<div class="broadcast-red"><b>The battle crashed</b><br />You can keep playing but it might crash again.</div>
|html|<div class="broadcast-red"><b>The battle crashed</b><br />You can keep playing but it might crash again.</div>
|html|<div class="broadcast-red"><b>The battle crashed</b><br />You can keep playing but it might crash again.</div>
|html|<div class="broadcast-red"><b>The battle crashed</b><br />You can keep playing but it might crash again.</div>
|html|<div class="broadcast-red"><b>The battle crashed</b><br />You can keep playing but it might crash again.</div>
|html|<div class="broadcast-red"><b>The battle crashed</b><br />You can keep playing but it might crash again.</div>
|html|<div class="broadcast-red"><b>The battle crashed</b><br />You can keep playing but it might crash again.</div>
|html|<div class="broadcast-red"><b>The battle crashed</b><br />You can keep playing but it might crash again.</div>
|html|<div class="broadcast-red"><b>The battle crashed</b><br />You can keep playing but it might crash again.</div>
|html|<div class="broadcast-red"><b>The battle crashed</b><br />You can keep playing but it might crash again.</div>
|html|<div class="broadcast-red"><b>The battle crashed</b><br />You can keep playing but it might crash again.</div>
|html|<div class="broadcast-red"><b>The battle crashed</b><br />You can keep playing but it might crash again.</div>
|html|<div class="broadcast-red"><b>The battle crashed</b><br />You can keep playing but it might crash again.</div>
|html|<div class="broadcast-red"><b>The battle crashed</b><br />You can keep playing but it might crash again.</div>
|html|<div class="broadcast-red"><b>The battle crashed</b><br />You can keep playing but it might crash again.</div>
|html|<div class="broadcast-red"><b>The battle crashed</b><br />You can keep playing but it might crash again.</div>
|html|<div class="broadcast-red"><b>The battle crashed</b><br />You can keep playing but it might crash again.</div>
|html|<div class="broadcast-red"><b>The battle crashed</b><br />You can keep playing but it might crash again.</div>
|html|<div class="broadcast-red"><b>The battle crashed</b><br />You can keep playing but it might crash again.</div>
|html|<div class="broadcast-red"><b>The battle crashed</b><br />You can keep playing but it might crash again.</div>
|html|<div class="broadcast-red"><b>The battle crashed</b><br />You can keep playing but it might crash again.</div>
|html|<div class="broadcast-red"><b>The battle crashed</b><br />You can keep playing but it might crash again.</div>
|html|<div class="broadcast-red"><b>The battle crashed</b><br />You can keep playing but it might crash again.</div>
|html|<div class="broadcast-red"><b>The battle crashed</b><br />You can keep playing but it might crash again.</div>
|html|<div class="broadcast-red"><b>The battle crashed</b><br />You can keep playing but it might crash again.</div>
|html|<div class="broadcast-red"><b>The battle crashed</b><br />You can keep playing but it might crash again.</div>
|html|<div class="broadcast-red"><b>The battle crashed</b><br />You can keep playing but it might crash again.</div>
|html|<div class="broadcast-red"><b>The battle crashed</b><br />You can keep playing but it might crash again.</div>
|html|<div class="broadcast-red"><b>The battle crashed</b><br />You can keep playing but it might crash again.</div>
|html|<div class="broadcast-red"><b>The battle crashed</b><br />You can keep playing but it might crash again.</div>
|html|<div class="broadcast-red"><b>The battle crashed</b><br />You can keep playing but it might crash again.</div>
|html|<div class="broadcast-red"><b>The battle crashed</b><br />You can keep playing but it might crash again.</div>
|html|<div class="broadcast-red"><b>The battle crashed</b><br />You can keep playing but it might crash again.</div>
|html|<div class="broadcast-red"><b>The battle crashed</b><br />You can keep playing but it might crash again.</div>
|html|<div class="broadcast-red"><b>The battle crashed</b><br />You can keep playing but it might crash again.</div>
|html|<div class="broadcast-red"><b>The battle crashed</b><br />You can keep playing but it might crash again.</div>
|html|<div class="broadcast-red"><b>The battle crashed</b><br />You can keep playing but it might crash again.</div>
|html|<div class="broadcast-red"><b>The battle crashed</b><br />You can keep playing but it might crash again.</div>
|html|<div class="broadcast-red"><b>The battle crashed</b><br />You can keep playing but it might crash again.</div>
|html|<div class="broadcast-red"><b>The battle crashed</b><br />You can keep playing but it might crash again.</div>
|html|<div class="broadcast-red"><b>The battle crashed</b><br />You can keep playing but it might crash again.</div>
|html|<div class="broadcast-red"><b>The battle crashed</b><br />You can keep playing but it might crash again.</div>
|html|<div class="broadcast-red"><b>The battle crashed</b><br />You can keep playing but it might crash again.</div>
|html|<div class="broadcast-red"><b>The battle crashed</b><br />You can keep playing but it might crash again.</div>
|html|<div class="broadcast-red"><b>The battle crashed</b><br />You can keep playing but it might crash again.</div>
|html|<div class="broadcast-red"><b>The battle crashed</b><br />You can keep playing but it might crash again.</div>

TypeError: Cannot read property 'isActive' of null
    at Tools.Battle.makeRequest (/Users/clazinasteunenberg/Downloads/Test/battle-engine.js:1943:15)
    at process.BattlePokemon.side (/Users/clazinasteunenberg/Downloads/Test/battle-engine.js:157:13)
    at process.EventEmitter.emit (events.js:98:17)
    at handleMessage (child_process.js:318:10)
    at Pipe.channel.onread (child_process.js:345:11)

ReferenceError: potd is not defined
    at Tools.exports.BattleScripts.randomTeam (/Users/clazinasteunenberg/Downloads/Test/data/scripts.js:1522:8)
    at Tools.exports.BattleScripts.getTeam (/Users/clazinasteunenberg/Downloads/Test/data/scripts.js:488:16)
    at new BattleSide (/Users/clazinasteunenberg/Downloads/Test/battle-engine.js:1096:27)
    at Tools.Battle.join (/Users/clazinasteunenberg/Downloads/Test/battle-engine.js:3333:15)
    at Tools.Battle.receive (/Users/clazinasteunenberg/Downloads/Test/battle-engine.js:3390:9)
    at process.BattlePokemon.side (/Users/clazinasteunenberg/Downloads/Test/battle-engine.js:143:12)
    at process.EventEmitter.emit (events.js:98:17)
    at handleMessage (child_process.js:318:10)
    at Pipe.channel.onread (child_process.js:345:11)

Additional information:
message = battle-randombattle-497|join|p1|Meloetta<3V|134
currentRequest = 

Log:
|html|<div class="broadcast-red"><b>The battle crashed</b><br />You can keep playing but it might crash again.</div>
|html|<div class="broadcast-red"><b>The battle crashed</b><br />You can keep playing but it might crash again.</div>
|html|<div class="broadcast-red"><b>The battle crashed</b><br />You can keep playing but it might crash again.</div>
|html|<div class="broadcast-red"><b>The battle crashed</b><br />You can keep playing but it might crash again.</div>
|html|<div class="broadcast-red"><b>The battle crashed</b><br />You can keep playing but it might crash again.</div>
|html|<div class="broadcast-red"><b>The battle crashed</b><br />You can keep playing but it might crash again.</div>
|html|<div class="broadcast-red"><b>The battle crashed</b><br />You can keep playing but it might crash again.</div>
|html|<div class="broadcast-red"><b>The battle crashed</b><br />You can keep playing but it might crash again.</div>
|html|<div class="broadcast-red"><b>The battle crashed</b><br />You can keep playing but it might crash again.</div>
|html|<div class="broadcast-red"><b>The battle crashed</b><br />You can keep playing but it might crash again.</div>
|html|<div class="broadcast-red"><b>The battle crashed</b><br />You can keep playing but it might crash again.</div>
|html|<div class="broadcast-red"><b>The battle crashed</b><br />You can keep playing but it might crash again.</div>
|html|<div class="broadcast-red"><b>The battle crashed</b><br />You can keep playing but it might crash again.</div>
|html|<div class="broadcast-red"><b>The battle crashed</b><br />You can keep playing but it might crash again.</div>
|html|<div class="broadcast-red"><b>The battle crashed</b><br />You can keep playing but it might crash again.</div>
|html|<div class="broadcast-red"><b>The battle crashed</b><br />You can keep playing but it might crash again.</div>
|html|<div class="broadcast-red"><b>The battle crashed</b><br />You can keep playing but it might crash again.</div>
|html|<div class="broadcast-red"><b>The battle crashed</b><br />You can keep playing but it might crash again.</div>
|html|<div class="broadcast-red"><b>The battle crashed</b><br />You can keep playing but it might crash again.</div>
|html|<div class="broadcast-red"><b>The battle crashed</b><br />You can keep playing but it might crash again.</div>
|html|<div class="broadcast-red"><b>The battle crashed</b><br />You can keep playing but it might crash again.</div>
|html|<div class="broadcast-red"><b>The battle crashed</b><br />You can keep playing but it might crash again.</div>
|html|<div class="broadcast-red"><b>The battle crashed</b><br />You can keep playing but it might crash again.</div>
|html|<div class="broadcast-red"><b>The battle crashed</b><br />You can keep playing but it might crash again.</div>
|html|<div class="broadcast-red"><b>The battle crashed</b><br />You can keep playing but it might crash again.</div>
|html|<div class="broadcast-red"><b>The battle crashed</b><br />You can keep playing but it might crash again.</div>
|html|<div class="broadcast-red"><b>The battle crashed</b><br />You can keep playing but it might crash again.</div>
|html|<div class="broadcast-red"><b>The battle crashed</b><br />You can keep playing but it might crash again.</div>
|html|<div class="broadcast-red"><b>The battle crashed</b><br />You can keep playing but it might crash again.</div>
|html|<div class="broadcast-red"><b>The battle crashed</b><br />You can keep playing but it might crash again.</div>
|html|<div class="broadcast-red"><b>The battle crashed</b><br />You can keep playing but it might crash again.</div>
|html|<div class="broadcast-red"><b>The battle crashed</b><br />You can keep playing but it might crash again.</div>
|html|<div class="broadcast-red"><b>The battle crashed</b><br />You can keep playing but it might crash again.</div>
|html|<div class="broadcast-red"><b>The battle crashed</b><br />You can keep playing but it might crash again.</div>
|html|<div class="broadcast-red"><b>The battle crashed</b><br />You can keep playing but it might crash again.</div>
|html|<div class="broadcast-red"><b>The battle crashed</b><br />You can keep playing but it might crash again.</div>
|html|<div class="broadcast-red"><b>The battle crashed</b><br />You can keep playing but it might crash again.</div>
|html|<div class="broadcast-red"><b>The battle crashed</b><br />You can keep playing but it might crash again.</div>
|html|<div class="broadcast-red"><b>The battle crashed</b><br />You can keep playing but it might crash again.</div>
|html|<div class="broadcast-red"><b>The battle crashed</b><br />You can keep playing but it might crash again.</div>
|html|<div class="broadcast-red"><b>The battle crashed</b><br />You can keep playing but it might crash again.</div>
|html|<div class="broadcast-red"><b>The battle crashed</b><br />You can keep playing but it might crash again.</div>
|html|<div class="broadcast-red"><b>The battle crashed</b><br />You can keep playing but it might crash again.</div>
|html|<div class="broadcast-red"><b>The battle crashed</b><br />You can keep playing but it might crash again.</div>
|html|<div class="broadcast-red"><b>The battle crashed</b><br />You can keep playing but it might crash again.</div>
|html|<div class="broadcast-red"><b>The battle crashed</b><br />You can keep playing but it might crash again.</div>
|html|<div class="broadcast-red"><b>The battle crashed</b><br />You can keep playing but it might crash again.</div>
|html|<div class="broadcast-red"><b>The battle crashed</b><br />You can keep playing but it might crash again.</div>
|html|<div class="broadcast-red"><b>The battle crashed</b><br />You can keep playing but it might crash again.</div>
|html|<div class="broadcast-red"><b>The battle crashed</b><br />You can keep playing but it might crash again.</div>
|html|<div class="broadcast-red"><b>The battle crashed</b><br />You can keep playing but it might crash again.</div>
|html|<div class="broadcast-red"><b>The battle crashed</b><br />You can keep playing but it might crash again.</div>
|html|<div class="broadcast-red"><b>The battle crashed</b><br />You can keep playing but it might crash again.</div>
|html|<div class="broadcast-red"><b>The battle crashed</b><br />You can keep playing but it might crash again.</div>
|html|<div class="broadcast-red"><b>The battle crashed</b><br />You can keep playing but it might crash again.</div>
|html|<div class="broadcast-red"><b>The battle crashed</b><br />You can keep playing but it might crash again.</div>
|html|<div class="broadcast-red"><b>The battle crashed</b><br />You can keep playing but it might crash again.</div>
|html|<div class="broadcast-red"><b>The battle crashed</b><br />You can keep playing but it might crash again.</div>
|html|<div class="broadcast-red"><b>The battle crashed</b><br />You can keep playing but it might crash again.</div>
|html|<div class="broadcast-red"><b>The battle crashed</b><br />You can keep playing but it might crash again.</div>
|html|<div class="broadcast-red"><b>The battle crashed</b><br />You can keep playing but it might crash again.</div>
|html|<div class="broadcast-red"><b>The battle crashed</b><br />You can keep playing but it might crash again.</div>
|html|<div class="broadcast-red"><b>The battle crashed</b><br />You can keep playing but it might crash again.</div>
|html|<div class="broadcast-red"><b>The battle crashed</b><br />You can keep playing but it might crash again.</div>
|html|<div class="broadcast-red"><b>The battle crashed</b><br />You can keep playing but it might crash again.</div>
|html|<div class="broadcast-red"><b>The battle crashed</b><br />You can keep playing but it might crash again.</div>
|html|<div class="broadcast-red"><b>The battle crashed</b><br />You can keep playing but it might crash again.</div>
|html|<div class="broadcast-red"><b>The battle crashed</b><br />You can keep playing but it might crash again.</div>
|html|<div class="broadcast-red"><b>The battle crashed</b><br />You can keep playing but it might crash again.</div>
|html|<div class="broadcast-red"><b>The battle crashed</b><br />You can keep playing but it might crash again.</div>
|html|<div class="broadcast-red"><b>The battle crashed</b><br />You can keep playing but it might crash again.</div>
|html|<div class="broadcast-red"><b>The battle crashed</b><br />You can keep playing but it might crash again.</div>
|html|<div class="broadcast-red"><b>The battle crashed</b><br />You can keep playing but it might crash again.</div>
|html|<div class="broadcast-red"><b>The battle crashed</b><br />You can keep playing but it might crash again.</div>
|html|<div class="broadcast-red"><b>The battle crashed</b><br />You can keep playing but it might crash again.</div>
|html|<div class="broadcast-red"><b>The battle crashed</b><br />You can keep playing but it might crash again.</div>
|html|<div class="broadcast-red"><b>The battle crashed</b><br />You can keep playing but it might crash again.</div>
|html|<div class="broadcast-red"><b>The battle crashed</b><br />You can keep playing but it might crash again.</div>
|html|<div class="broadcast-red"><b>The battle crashed</b><br />You can keep playing but it might crash again.</div>
|html|<div class="broadcast-red"><b>The battle crashed</b><br />You can keep playing but it might crash again.</div>
|html|<div class="broadcast-red"><b>The battle crashed</b><br />You can keep playing but it might crash again.</div>
|html|<div class="broadcast-red"><b>The battle crashed</b><br />You can keep playing but it might crash again.</div>
|html|<div class="broadcast-red"><b>The battle crashed</b><br />You can keep playing but it might crash again.</div>

TypeError: Cannot read property 'isActive' of null
    at Tools.Battle.makeRequest (/Users/clazinasteunenberg/Downloads/Test/battle-engine.js:1943:15)
    at process.BattlePokemon.side (/Users/clazinasteunenberg/Downloads/Test/battle-engine.js:157:13)
    at process.EventEmitter.emit (events.js:98:17)
    at handleMessage (child_process.js:318:10)
    at Pipe.channel.onread (child_process.js:345:11)

ReferenceError: potd is not defined
    at Tools.exports.BattleScripts.randomTeam (/Users/clazinasteunenberg/Downloads/Test/data/scripts.js:1522:8)
    at Tools.exports.BattleScripts.getTeam (/Users/clazinasteunenberg/Downloads/Test/data/scripts.js:488:16)
    at new BattleSide (/Users/clazinasteunenberg/Downloads/Test/battle-engine.js:1096:27)
    at Tools.Battle.join (/Users/clazinasteunenberg/Downloads/Test/battle-engine.js:3333:15)
    at Tools.Battle.receive (/Users/clazinasteunenberg/Downloads/Test/battle-engine.js:3390:9)
    at process.BattlePokemon.side (/Users/clazinasteunenberg/Downloads/Test/battle-engine.js:143:12)
    at process.EventEmitter.emit (events.js:98:17)
    at handleMessage (child_process.js:318:10)
    at Pipe.channel.onread (child_process.js:345:11)

Additional information:
message = battle-randombattle-497|join|p1|Meloetta<3V|134
currentRequest = 

Log:
|html|<div class="broadcast-red"><b>The battle crashed</b><br />You can keep playing but it might crash again.</div>
|html|<div class="broadcast-red"><b>The battle crashed</b><br />You can keep playing but it might crash again.</div>
|html|<div class="broadcast-red"><b>The battle crashed</b><br />You can keep playing but it might crash again.</div>
|html|<div class="broadcast-red"><b>The battle crashed</b><br />You can keep playing but it might crash again.</div>
|html|<div class="broadcast-red"><b>The battle crashed</b><br />You can keep playing but it might crash again.</div>
|html|<div class="broadcast-red"><b>The battle crashed</b><br />You can keep playing but it might crash again.</div>
|html|<div class="broadcast-red"><b>The battle crashed</b><br />You can keep playing but it might crash again.</div>
|html|<div class="broadcast-red"><b>The battle crashed</b><br />You can keep playing but it might crash again.</div>
|html|<div class="broadcast-red"><b>The battle crashed</b><br />You can keep playing but it might crash again.</div>
|html|<div class="broadcast-red"><b>The battle crashed</b><br />You can keep playing but it might crash again.</div>
|html|<div class="broadcast-red"><b>The battle crashed</b><br />You can keep playing but it might crash again.</div>
|html|<div class="broadcast-red"><b>The battle crashed</b><br />You can keep playing but it might crash again.</div>
|html|<div class="broadcast-red"><b>The battle crashed</b><br />You can keep playing but it might crash again.</div>
|html|<div class="broadcast-red"><b>The battle crashed</b><br />You can keep playing but it might crash again.</div>
|html|<div class="broadcast-red"><b>The battle crashed</b><br />You can keep playing but it might crash again.</div>
|html|<div class="broadcast-red"><b>The battle crashed</b><br />You can keep playing but it might crash again.</div>
|html|<div class="broadcast-red"><b>The battle crashed</b><br />You can keep playing but it might crash again.</div>
|html|<div class="broadcast-red"><b>The battle crashed</b><br />You can keep playing but it might crash again.</div>
|html|<div class="broadcast-red"><b>The battle crashed</b><br />You can keep playing but it might crash again.</div>
|html|<div class="broadcast-red"><b>The battle crashed</b><br />You can keep playing but it might crash again.</div>
|html|<div class="broadcast-red"><b>The battle crashed</b><br />You can keep playing but it might crash again.</div>
|html|<div class="broadcast-red"><b>The battle crashed</b><br />You can keep playing but it might crash again.</div>
|html|<div class="broadcast-red"><b>The battle crashed</b><br />You can keep playing but it might crash again.</div>
|html|<div class="broadcast-red"><b>The battle crashed</b><br />You can keep playing but it might crash again.</div>
|html|<div class="broadcast-red"><b>The battle crashed</b><br />You can keep playing but it might crash again.</div>
|html|<div class="broadcast-red"><b>The battle crashed</b><br />You can keep playing but it might crash again.</div>
|html|<div class="broadcast-red"><b>The battle crashed</b><br />You can keep playing but it might crash again.</div>
|html|<div class="broadcast-red"><b>The battle crashed</b><br />You can keep playing but it might crash again.</div>
|html|<div class="broadcast-red"><b>The battle crashed</b><br />You can keep playing but it might crash again.</div>
|html|<div class="broadcast-red"><b>The battle crashed</b><br />You can keep playing but it might crash again.</div>
|html|<div class="broadcast-red"><b>The battle crashed</b><br />You can keep playing but it might crash again.</div>
|html|<div class="broadcast-red"><b>The battle crashed</b><br />You can keep playing but it might crash again.</div>
|html|<div class="broadcast-red"><b>The battle crashed</b><br />You can keep playing but it might crash again.</div>
|html|<div class="broadcast-red"><b>The battle crashed</b><br />You can keep playing but it might crash again.</div>
|html|<div class="broadcast-red"><b>The battle crashed</b><br />You can keep playing but it might crash again.</div>
|html|<div class="broadcast-red"><b>The battle crashed</b><br />You can keep playing but it might crash again.</div>
|html|<div class="broadcast-red"><b>The battle crashed</b><br />You can keep playing but it might crash again.</div>
|html|<div class="broadcast-red"><b>The battle crashed</b><br />You can keep playing but it might crash again.</div>
|html|<div class="broadcast-red"><b>The battle crashed</b><br />You can keep playing but it might crash again.</div>
|html|<div class="broadcast-red"><b>The battle crashed</b><br />You can keep playing but it might crash again.</div>
|html|<div class="broadcast-red"><b>The battle crashed</b><br />You can keep playing but it might crash again.</div>
|html|<div class="broadcast-red"><b>The battle crashed</b><br />You can keep playing but it might crash again.</div>
|html|<div class="broadcast-red"><b>The battle crashed</b><br />You can keep playing but it might crash again.</div>
|html|<div class="broadcast-red"><b>The battle crashed</b><br />You can keep playing but it might crash again.</div>
|html|<div class="broadcast-red"><b>The battle crashed</b><br />You can keep playing but it might crash again.</div>
|html|<div class="broadcast-red"><b>The battle crashed</b><br />You can keep playing but it might crash again.</div>
|html|<div class="broadcast-red"><b>The battle crashed</b><br />You can keep playing but it might crash again.</div>
|html|<div class="broadcast-red"><b>The battle crashed</b><br />You can keep playing but it might crash again.</div>
|html|<div class="broadcast-red"><b>The battle crashed</b><br />You can keep playing but it might crash again.</div>
|html|<div class="broadcast-red"><b>The battle crashed</b><br />You can keep playing but it might crash again.</div>
|html|<div class="broadcast-red"><b>The battle crashed</b><br />You can keep playing but it might crash again.</div>
|html|<div class="broadcast-red"><b>The battle crashed</b><br />You can keep playing but it might crash again.</div>
|html|<div class="broadcast-red"><b>The battle crashed</b><br />You can keep playing but it might crash again.</div>
|html|<div class="broadcast-red"><b>The battle crashed</b><br />You can keep playing but it might crash again.</div>
|html|<div class="broadcast-red"><b>The battle crashed</b><br />You can keep playing but it might crash again.</div>
|html|<div class="broadcast-red"><b>The battle crashed</b><br />You can keep playing but it might crash again.</div>
|html|<div class="broadcast-red"><b>The battle crashed</b><br />You can keep playing but it might crash again.</div>
|html|<div class="broadcast-red"><b>The battle crashed</b><br />You can keep playing but it might crash again.</div>
|html|<div class="broadcast-red"><b>The battle crashed</b><br />You can keep playing but it might crash again.</div>
|html|<div class="broadcast-red"><b>The battle crashed</b><br />You can keep playing but it might crash again.</div>
|html|<div class="broadcast-red"><b>The battle crashed</b><br />You can keep playing but it might crash again.</div>
|html|<div class="broadcast-red"><b>The battle crashed</b><br />You can keep playing but it might crash again.</div>
|html|<div class="broadcast-red"><b>The battle crashed</b><br />You can keep playing but it might crash again.</div>
|html|<div class="broadcast-red"><b>The battle crashed</b><br />You can keep playing but it might crash again.</div>
|html|<div class="broadcast-red"><b>The battle crashed</b><br />You can keep playing but it might crash again.</div>
|html|<div class="broadcast-red"><b>The battle crashed</b><br />You can keep playing but it might crash again.</div>
|html|<div class="broadcast-red"><b>The battle crashed</b><br />You can keep playing but it might crash again.</div>
|html|<div class="broadcast-red"><b>The battle crashed</b><br />You can keep playing but it might crash again.</div>
|html|<div class="broadcast-red"><b>The battle crashed</b><br />You can keep playing but it might crash again.</div>
|html|<div class="broadcast-red"><b>The battle crashed</b><br />You can keep playing but it might crash again.</div>
|html|<div class="broadcast-red"><b>The battle crashed</b><br />You can keep playing but it might crash again.</div>
|html|<div class="broadcast-red"><b>The battle crashed</b><br />You can keep playing but it might crash again.</div>
|html|<div class="broadcast-red"><b>The battle crashed</b><br />You can keep playing but it might crash again.</div>
|html|<div class="broadcast-red"><b>The battle crashed</b><br />You can keep playing but it might crash again.</div>
|html|<div class="broadcast-red"><b>The battle crashed</b><br />You can keep playing but it might crash again.</div>
|html|<div class="broadcast-red"><b>The battle crashed</b><br />You can keep playing but it might crash again.</div>
|html|<div class="broadcast-red"><b>The battle crashed</b><br />You can keep playing but it might crash again.</div>
|html|<div class="broadcast-red"><b>The battle crashed</b><br />You can keep playing but it might crash again.</div>
|html|<div class="broadcast-red"><b>The battle crashed</b><br />You can keep playing but it might crash again.</div>
|html|<div class="broadcast-red"><b>The battle crashed</b><br />You can keep playing but it might crash again.</div>
|html|<div class="broadcast-red"><b>The battle crashed</b><br />You can keep playing but it might crash again.</div>
|html|<div class="broadcast-red"><b>The battle crashed</b><br />You can keep playing but it might crash again.</div>
|html|<div class="broadcast-red"><b>The battle crashed</b><br />You can keep playing but it might crash again.</div>
|html|<div class="broadcast-red"><b>The battle crashed</b><br />You can keep playing but it might crash again.</div>

TypeError: Cannot read property 'isActive' of null
    at Tools.Battle.makeRequest (/Users/clazinasteunenberg/Downloads/Test/battle-engine.js:1943:15)
    at process.BattlePokemon.side (/Users/clazinasteunenberg/Downloads/Test/battle-engine.js:157:13)
    at process.EventEmitter.emit (events.js:98:17)
    at handleMessage (child_process.js:318:10)
    at Pipe.channel.onread (child_process.js:345:11)

ReferenceError: potd is not defined
    at Tools.exports.BattleScripts.randomTeam (/Users/clazinasteunenberg/Downloads/Test/data/scripts.js:1522:8)
    at Tools.exports.BattleScripts.getTeam (/Users/clazinasteunenberg/Downloads/Test/data/scripts.js:488:16)
    at new BattleSide (/Users/clazinasteunenberg/Downloads/Test/battle-engine.js:1096:27)
    at Tools.Battle.join (/Users/clazinasteunenberg/Downloads/Test/battle-engine.js:3333:15)
    at Tools.Battle.receive (/Users/clazinasteunenberg/Downloads/Test/battle-engine.js:3390:9)
    at process.BattlePokemon.side (/Users/clazinasteunenberg/Downloads/Test/battle-engine.js:143:12)
    at process.EventEmitter.emit (events.js:98:17)
    at handleMessage (child_process.js:318:10)
    at Pipe.channel.onread (child_process.js:345:11)

Additional information:
message = battle-randombattle-497|join|p1|Meloetta<3V|134
currentRequest = 

Log:
|html|<div class="broadcast-red"><b>The battle crashed</b><br />You can keep playing but it might crash again.</div>
|html|<div class="broadcast-red"><b>The battle crashed</b><br />You can keep playing but it might crash again.</div>
|html|<div class="broadcast-red"><b>The battle crashed</b><br />You can keep playing but it might crash again.</div>
|html|<div class="broadcast-red"><b>The battle crashed</b><br />You can keep playing but it might crash again.</div>
|html|<div class="broadcast-red"><b>The battle crashed</b><br />You can keep playing but it might crash again.</div>
|html|<div class="broadcast-red"><b>The battle crashed</b><br />You can keep playing but it might crash again.</div>
|html|<div class="broadcast-red"><b>The battle crashed</b><br />You can keep playing but it might crash again.</div>
|html|<div class="broadcast-red"><b>The battle crashed</b><br />You can keep playing but it might crash again.</div>
|html|<div class="broadcast-red"><b>The battle crashed</b><br />You can keep playing but it might crash again.</div>
|html|<div class="broadcast-red"><b>The battle crashed</b><br />You can keep playing but it might crash again.</div>
|html|<div class="broadcast-red"><b>The battle crashed</b><br />You can keep playing but it might crash again.</div>
|html|<div class="broadcast-red"><b>The battle crashed</b><br />You can keep playing but it might crash again.</div>
|html|<div class="broadcast-red"><b>The battle crashed</b><br />You can keep playing but it might crash again.</div>
|html|<div class="broadcast-red"><b>The battle crashed</b><br />You can keep playing but it might crash again.</div>
|html|<div class="broadcast-red"><b>The battle crashed</b><br />You can keep playing but it might crash again.</div>
|html|<div class="broadcast-red"><b>The battle crashed</b><br />You can keep playing but it might crash again.</div>
|html|<div class="broadcast-red"><b>The battle crashed</b><br />You can keep playing but it might crash again.</div>
|html|<div class="broadcast-red"><b>The battle crashed</b><br />You can keep playing but it might crash again.</div>
|html|<div class="broadcast-red"><b>The battle crashed</b><br />You can keep playing but it might crash again.</div>
|html|<div class="broadcast-red"><b>The battle crashed</b><br />You can keep playing but it might crash again.</div>
|html|<div class="broadcast-red"><b>The battle crashed</b><br />You can keep playing but it might crash again.</div>
|html|<div class="broadcast-red"><b>The battle crashed</b><br />You can keep playing but it might crash again.</div>
|html|<div class="broadcast-red"><b>The battle crashed</b><br />You can keep playing but it might crash again.</div>
|html|<div class="broadcast-red"><b>The battle crashed</b><br />You can keep playing but it might crash again.</div>
|html|<div class="broadcast-red"><b>The battle crashed</b><br />You can keep playing but it might crash again.</div>
|html|<div class="broadcast-red"><b>The battle crashed</b><br />You can keep playing but it might crash again.</div>
|html|<div class="broadcast-red"><b>The battle crashed</b><br />You can keep playing but it might crash again.</div>
|html|<div class="broadcast-red"><b>The battle crashed</b><br />You can keep playing but it might crash again.</div>
|html|<div class="broadcast-red"><b>The battle crashed</b><br />You can keep playing but it might crash again.</div>
|html|<div class="broadcast-red"><b>The battle crashed</b><br />You can keep playing but it might crash again.</div>
|html|<div class="broadcast-red"><b>The battle crashed</b><br />You can keep playing but it might crash again.</div>
|html|<div class="broadcast-red"><b>The battle crashed</b><br />You can keep playing but it might crash again.</div>
|html|<div class="broadcast-red"><b>The battle crashed</b><br />You can keep playing but it might crash again.</div>
|html|<div class="broadcast-red"><b>The battle crashed</b><br />You can keep playing but it might crash again.</div>
|html|<div class="broadcast-red"><b>The battle crashed</b><br />You can keep playing but it might crash again.</div>
|html|<div class="broadcast-red"><b>The battle crashed</b><br />You can keep playing but it might crash again.</div>
|html|<div class="broadcast-red"><b>The battle crashed</b><br />You can keep playing but it might crash again.</div>
|html|<div class="broadcast-red"><b>The battle crashed</b><br />You can keep playing but it might crash again.</div>
|html|<div class="broadcast-red"><b>The battle crashed</b><br />You can keep playing but it might crash again.</div>
|html|<div class="broadcast-red"><b>The battle crashed</b><br />You can keep playing but it might crash again.</div>
|html|<div class="broadcast-red"><b>The battle crashed</b><br />You can keep playing but it might crash again.</div>
|html|<div class="broadcast-red"><b>The battle crashed</b><br />You can keep playing but it might crash again.</div>
|html|<div class="broadcast-red"><b>The battle crashed</b><br />You can keep playing but it might crash again.</div>
|html|<div class="broadcast-red"><b>The battle crashed</b><br />You can keep playing but it might crash again.</div>
|html|<div class="broadcast-red"><b>The battle crashed</b><br />You can keep playing but it might crash again.</div>
|html|<div class="broadcast-red"><b>The battle crashed</b><br />You can keep playing but it might crash again.</div>
|html|<div class="broadcast-red"><b>The battle crashed</b><br />You can keep playing but it might crash again.</div>
|html|<div class="broadcast-red"><b>The battle crashed</b><br />You can keep playing but it might crash again.</div>
|html|<div class="broadcast-red"><b>The battle crashed</b><br />You can keep playing but it might crash again.</div>
|html|<div class="broadcast-red"><b>The battle crashed</b><br />You can keep playing but it might crash again.</div>
|html|<div class="broadcast-red"><b>The battle crashed</b><br />You can keep playing but it might crash again.</div>
|html|<div class="broadcast-red"><b>The battle crashed</b><br />You can keep playing but it might crash again.</div>
|html|<div class="broadcast-red"><b>The battle crashed</b><br />You can keep playing but it might crash again.</div>
|html|<div class="broadcast-red"><b>The battle crashed</b><br />You can keep playing but it might crash again.</div>
|html|<div class="broadcast-red"><b>The battle crashed</b><br />You can keep playing but it might crash again.</div>
|html|<div class="broadcast-red"><b>The battle crashed</b><br />You can keep playing but it might crash again.</div>
|html|<div class="broadcast-red"><b>The battle crashed</b><br />You can keep playing but it might crash again.</div>
|html|<div class="broadcast-red"><b>The battle crashed</b><br />You can keep playing but it might crash again.</div>
|html|<div class="broadcast-red"><b>The battle crashed</b><br />You can keep playing but it might crash again.</div>
|html|<div class="broadcast-red"><b>The battle crashed</b><br />You can keep playing but it might crash again.</div>
|html|<div class="broadcast-red"><b>The battle crashed</b><br />You can keep playing but it might crash again.</div>
|html|<div class="broadcast-red"><b>The battle crashed</b><br />You can keep playing but it might crash again.</div>
|html|<div class="broadcast-red"><b>The battle crashed</b><br />You can keep playing but it might crash again.</div>
|html|<div class="broadcast-red"><b>The battle crashed</b><br />You can keep playing but it might crash again.</div>
|html|<div class="broadcast-red"><b>The battle crashed</b><br />You can keep playing but it might crash again.</div>
|html|<div class="broadcast-red"><b>The battle crashed</b><br />You can keep playing but it might crash again.</div>
|html|<div class="broadcast-red"><b>The battle crashed</b><br />You can keep playing but it might crash again.</div>
|html|<div class="broadcast-red"><b>The battle crashed</b><br />You can keep playing but it might crash again.</div>
|html|<div class="broadcast-red"><b>The battle crashed</b><br />You can keep playing but it might crash again.</div>
|html|<div class="broadcast-red"><b>The battle crashed</b><br />You can keep playing but it might crash again.</div>
|html|<div class="broadcast-red"><b>The battle crashed</b><br />You can keep playing but it might crash again.</div>
|html|<div class="broadcast-red"><b>The battle crashed</b><br />You can keep playing but it might crash again.</div>
|html|<div class="broadcast-red"><b>The battle crashed</b><br />You can keep playing but it might crash again.</div>
|html|<div class="broadcast-red"><b>The battle crashed</b><br />You can keep playing but it might crash again.</div>
|html|<div class="broadcast-red"><b>The battle crashed</b><br />You can keep playing but it might crash again.</div>
|html|<div class="broadcast-red"><b>The battle crashed</b><br />You can keep playing but it might crash again.</div>
|html|<div class="broadcast-red"><b>The battle crashed</b><br />You can keep playing but it might crash again.</div>
|html|<div class="broadcast-red"><b>The battle crashed</b><br />You can keep playing but it might crash again.</div>
|html|<div class="broadcast-red"><b>The battle crashed</b><br />You can keep playing but it might crash again.</div>
|html|<div class="broadcast-red"><b>The battle crashed</b><br />You can keep playing but it might crash again.</div>
|html|<div class="broadcast-red"><b>The battle crashed</b><br />You can keep playing but it might crash again.</div>
|html|<div class="broadcast-red"><b>The battle crashed</b><br />You can keep playing but it might crash again.</div>
|html|<div class="broadcast-red"><b>The battle crashed</b><br />You can keep playing but it might crash again.</div>
|html|<div class="broadcast-red"><b>The battle crashed</b><br />You can keep playing but it might crash again.</div>
|html|<div class="broadcast-red"><b>The battle crashed</b><br />You can keep playing but it might crash again.</div>

TypeError: Cannot read property 'isActive' of null
    at Tools.Battle.makeRequest (/Users/clazinasteunenberg/Downloads/Test/battle-engine.js:1943:15)
    at process.BattlePokemon.side (/Users/clazinasteunenberg/Downloads/Test/battle-engine.js:157:13)
    at process.EventEmitter.emit (events.js:98:17)
    at handleMessage (child_process.js:318:10)
    at Pipe.channel.onread (child_process.js:345:11)

ReferenceError: potd is not defined
    at Tools.exports.BattleScripts.randomTeam (/Users/clazinasteunenberg/Downloads/Test/data/scripts.js:1522:8)
    at Tools.exports.BattleScripts.getTeam (/Users/clazinasteunenberg/Downloads/Test/data/scripts.js:488:16)
    at new BattleSide (/Users/clazinasteunenberg/Downloads/Test/battle-engine.js:1096:27)
    at Tools.Battle.join (/Users/clazinasteunenberg/Downloads/Test/battle-engine.js:3333:15)
    at Tools.Battle.receive (/Users/clazinasteunenberg/Downloads/Test/battle-engine.js:3390:9)
    at process.BattlePokemon.side (/Users/clazinasteunenberg/Downloads/Test/battle-engine.js:143:12)
    at process.EventEmitter.emit (events.js:98:17)
    at handleMessage (child_process.js:318:10)
    at Pipe.channel.onread (child_process.js:345:11)

Additional information:
message = battle-randombattle-497|join|p1|Meloetta<3V|134
currentRequest = 

Log:
|html|<div class="broadcast-red"><b>The battle crashed</b><br />You can keep playing but it might crash again.</div>
|html|<div class="broadcast-red"><b>The battle crashed</b><br />You can keep playing but it might crash again.</div>
|html|<div class="broadcast-red"><b>The battle crashed</b><br />You can keep playing but it might crash again.</div>
|html|<div class="broadcast-red"><b>The battle crashed</b><br />You can keep playing but it might crash again.</div>
|html|<div class="broadcast-red"><b>The battle crashed</b><br />You can keep playing but it might crash again.</div>
|html|<div class="broadcast-red"><b>The battle crashed</b><br />You can keep playing but it might crash again.</div>
|html|<div class="broadcast-red"><b>The battle crashed</b><br />You can keep playing but it might crash again.</div>
|html|<div class="broadcast-red"><b>The battle crashed</b><br />You can keep playing but it might crash again.</div>
|html|<div class="broadcast-red"><b>The battle crashed</b><br />You can keep playing but it might crash again.</div>
|html|<div class="broadcast-red"><b>The battle crashed</b><br />You can keep playing but it might crash again.</div>
|html|<div class="broadcast-red"><b>The battle crashed</b><br />You can keep playing but it might crash again.</div>
|html|<div class="broadcast-red"><b>The battle crashed</b><br />You can keep playing but it might crash again.</div>
|html|<div class="broadcast-red"><b>The battle crashed</b><br />You can keep playing but it might crash again.</div>
|html|<div class="broadcast-red"><b>The battle crashed</b><br />You can keep playing but it might crash again.</div>
|html|<div class="broadcast-red"><b>The battle crashed</b><br />You can keep playing but it might crash again.</div>
|html|<div class="broadcast-red"><b>The battle crashed</b><br />You can keep playing but it might crash again.</div>
|html|<div class="broadcast-red"><b>The battle crashed</b><br />You can keep playing but it might crash again.</div>
|html|<div class="broadcast-red"><b>The battle crashed</b><br />You can keep playing but it might crash again.</div>
|html|<div class="broadcast-red"><b>The battle crashed</b><br />You can keep playing but it might crash again.</div>
|html|<div class="broadcast-red"><b>The battle crashed</b><br />You can keep playing but it might crash again.</div>
|html|<div class="broadcast-red"><b>The battle crashed</b><br />You can keep playing but it might crash again.</div>
|html|<div class="broadcast-red"><b>The battle crashed</b><br />You can keep playing but it might crash again.</div>
|html|<div class="broadcast-red"><b>The battle crashed</b><br />You can keep playing but it might crash again.</div>
|html|<div class="broadcast-red"><b>The battle crashed</b><br />You can keep playing but it might crash again.</div>
|html|<div class="broadcast-red"><b>The battle crashed</b><br />You can keep playing but it might crash again.</div>
|html|<div class="broadcast-red"><b>The battle crashed</b><br />You can keep playing but it might crash again.</div>
|html|<div class="broadcast-red"><b>The battle crashed</b><br />You can keep playing but it might crash again.</div>
|html|<div class="broadcast-red"><b>The battle crashed</b><br />You can keep playing but it might crash again.</div>
|html|<div class="broadcast-red"><b>The battle crashed</b><br />You can keep playing but it might crash again.</div>
|html|<div class="broadcast-red"><b>The battle crashed</b><br />You can keep playing but it might crash again.</div>
|html|<div class="broadcast-red"><b>The battle crashed</b><br />You can keep playing but it might crash again.</div>
|html|<div class="broadcast-red"><b>The battle crashed</b><br />You can keep playing but it might crash again.</div>
|html|<div class="broadcast-red"><b>The battle crashed</b><br />You can keep playing but it might crash again.</div>
|html|<div class="broadcast-red"><b>The battle crashed</b><br />You can keep playing but it might crash again.</div>
|html|<div class="broadcast-red"><b>The battle crashed</b><br />You can keep playing but it might crash again.</div>
|html|<div class="broadcast-red"><b>The battle crashed</b><br />You can keep playing but it might crash again.</div>
|html|<div class="broadcast-red"><b>The battle crashed</b><br />You can keep playing but it might crash again.</div>
|html|<div class="broadcast-red"><b>The battle crashed</b><br />You can keep playing but it might crash again.</div>
|html|<div class="broadcast-red"><b>The battle crashed</b><br />You can keep playing but it might crash again.</div>
|html|<div class="broadcast-red"><b>The battle crashed</b><br />You can keep playing but it might crash again.</div>
|html|<div class="broadcast-red"><b>The battle crashed</b><br />You can keep playing but it might crash again.</div>
|html|<div class="broadcast-red"><b>The battle crashed</b><br />You can keep playing but it might crash again.</div>
|html|<div class="broadcast-red"><b>The battle crashed</b><br />You can keep playing but it might crash again.</div>
|html|<div class="broadcast-red"><b>The battle crashed</b><br />You can keep playing but it might crash again.</div>
|html|<div class="broadcast-red"><b>The battle crashed</b><br />You can keep playing but it might crash again.</div>
|html|<div class="broadcast-red"><b>The battle crashed</b><br />You can keep playing but it might crash again.</div>
|html|<div class="broadcast-red"><b>The battle crashed</b><br />You can keep playing but it might crash again.</div>
|html|<div class="broadcast-red"><b>The battle crashed</b><br />You can keep playing but it might crash again.</div>
|html|<div class="broadcast-red"><b>The battle crashed</b><br />You can keep playing but it might crash again.</div>
|html|<div class="broadcast-red"><b>The battle crashed</b><br />You can keep playing but it might crash again.</div>
|html|<div class="broadcast-red"><b>The battle crashed</b><br />You can keep playing but it might crash again.</div>
|html|<div class="broadcast-red"><b>The battle crashed</b><br />You can keep playing but it might crash again.</div>
|html|<div class="broadcast-red"><b>The battle crashed</b><br />You can keep playing but it might crash again.</div>
|html|<div class="broadcast-red"><b>The battle crashed</b><br />You can keep playing but it might crash again.</div>
|html|<div class="broadcast-red"><b>The battle crashed</b><br />You can keep playing but it might crash again.</div>
|html|<div class="broadcast-red"><b>The battle crashed</b><br />You can keep playing but it might crash again.</div>
|html|<div class="broadcast-red"><b>The battle crashed</b><br />You can keep playing but it might crash again.</div>
|html|<div class="broadcast-red"><b>The battle crashed</b><br />You can keep playing but it might crash again.</div>
|html|<div class="broadcast-red"><b>The battle crashed</b><br />You can keep playing but it might crash again.</div>
|html|<div class="broadcast-red"><b>The battle crashed</b><br />You can keep playing but it might crash again.</div>
|html|<div class="broadcast-red"><b>The battle crashed</b><br />You can keep playing but it might crash again.</div>
|html|<div class="broadcast-red"><b>The battle crashed</b><br />You can keep playing but it might crash again.</div>
|html|<div class="broadcast-red"><b>The battle crashed</b><br />You can keep playing but it might crash again.</div>
|html|<div class="broadcast-red"><b>The battle crashed</b><br />You can keep playing but it might crash again.</div>
|html|<div class="broadcast-red"><b>The battle crashed</b><br />You can keep playing but it might crash again.</div>
|html|<div class="broadcast-red"><b>The battle crashed</b><br />You can keep playing but it might crash again.</div>
|html|<div class="broadcast-red"><b>The battle crashed</b><br />You can keep playing but it might crash again.</div>
|html|<div class="broadcast-red"><b>The battle crashed</b><br />You can keep playing but it might crash again.</div>
|html|<div class="broadcast-red"><b>The battle crashed</b><br />You can keep playing but it might crash again.</div>
|html|<div class="broadcast-red"><b>The battle crashed</b><br />You can keep playing but it might crash again.</div>
|html|<div class="broadcast-red"><b>The battle crashed</b><br />You can keep playing but it might crash again.</div>
|html|<div class="broadcast-red"><b>The battle crashed</b><br />You can keep playing but it might crash again.</div>
|html|<div class="broadcast-red"><b>The battle crashed</b><br />You can keep playing but it might crash again.</div>
|html|<div class="broadcast-red"><b>The battle crashed</b><br />You can keep playing but it might crash again.</div>
|html|<div class="broadcast-red"><b>The battle crashed</b><br />You can keep playing but it might crash again.</div>
|html|<div class="broadcast-red"><b>The battle crashed</b><br />You can keep playing but it might crash again.</div>
|html|<div class="broadcast-red"><b>The battle crashed</b><br />You can keep playing but it might crash again.</div>
|html|<div class="broadcast-red"><b>The battle crashed</b><br />You can keep playing but it might crash again.</div>
|html|<div class="broadcast-red"><b>The battle crashed</b><br />You can keep playing but it might crash again.</div>
|html|<div class="broadcast-red"><b>The battle crashed</b><br />You can keep playing but it might crash again.</div>
|html|<div class="broadcast-red"><b>The battle crashed</b><br />You can keep playing but it might crash again.</div>
|html|<div class="broadcast-red"><b>The battle crashed</b><br />You can keep playing but it might crash again.</div>
|html|<div class="broadcast-red"><b>The battle crashed</b><br />You can keep playing but it might crash again.</div>
|html|<div class="broadcast-red"><b>The battle crashed</b><br />You can keep playing but it might crash again.</div>
|html|<div class="broadcast-red"><b>The battle crashed</b><br />You can keep playing but it might crash again.</div>
|html|<div class="broadcast-red"><b>The battle crashed</b><br />You can keep playing but it might crash again.</div>

TypeError: Cannot read property 'isActive' of null
    at Tools.Battle.makeRequest (/Users/clazinasteunenberg/Downloads/Test/battle-engine.js:1943:15)
    at process.BattlePokemon.side (/Users/clazinasteunenberg/Downloads/Test/battle-engine.js:157:13)
    at process.EventEmitter.emit (events.js:98:17)
    at handleMessage (child_process.js:318:10)
    at Pipe.channel.onread (child_process.js:345:11)

ReferenceError: potd is not defined
    at Tools.exports.BattleScripts.randomTeam (/Users/clazinasteunenberg/Downloads/Test/data/scripts.js:1522:8)
    at Tools.exports.BattleScripts.getTeam (/Users/clazinasteunenberg/Downloads/Test/data/scripts.js:488:16)
    at new BattleSide (/Users/clazinasteunenberg/Downloads/Test/battle-engine.js:1096:27)
    at Tools.Battle.join (/Users/clazinasteunenberg/Downloads/Test/battle-engine.js:3333:15)
    at Tools.Battle.receive (/Users/clazinasteunenberg/Downloads/Test/battle-engine.js:3390:9)
    at process.BattlePokemon.side (/Users/clazinasteunenberg/Downloads/Test/battle-engine.js:143:12)
    at process.EventEmitter.emit (events.js:98:17)
    at handleMessage (child_process.js:318:10)
    at Pipe.channel.onread (child_process.js:345:11)

Additional information:
message = battle-randombattle-497|join|p1|Meloetta<3V|134
currentRequest = 

Log:
|html|<div class="broadcast-red"><b>The battle crashed</b><br />You can keep playing but it might crash again.</div>
|html|<div class="broadcast-red"><b>The battle crashed</b><br />You can keep playing but it might crash again.</div>
|html|<div class="broadcast-red"><b>The battle crashed</b><br />You can keep playing but it might crash again.</div>
|html|<div class="broadcast-red"><b>The battle crashed</b><br />You can keep playing but it might crash again.</div>
|html|<div class="broadcast-red"><b>The battle crashed</b><br />You can keep playing but it might crash again.</div>
|html|<div class="broadcast-red"><b>The battle crashed</b><br />You can keep playing but it might crash again.</div>
|html|<div class="broadcast-red"><b>The battle crashed</b><br />You can keep playing but it might crash again.</div>
|html|<div class="broadcast-red"><b>The battle crashed</b><br />You can keep playing but it might crash again.</div>
|html|<div class="broadcast-red"><b>The battle crashed</b><br />You can keep playing but it might crash again.</div>
|html|<div class="broadcast-red"><b>The battle crashed</b><br />You can keep playing but it might crash again.</div>
|html|<div class="broadcast-red"><b>The battle crashed</b><br />You can keep playing but it might crash again.</div>
|html|<div class="broadcast-red"><b>The battle crashed</b><br />You can keep playing but it might crash again.</div>
|html|<div class="broadcast-red"><b>The battle crashed</b><br />You can keep playing but it might crash again.</div>
|html|<div class="broadcast-red"><b>The battle crashed</b><br />You can keep playing but it might crash again.</div>
|html|<div class="broadcast-red"><b>The battle crashed</b><br />You can keep playing but it might crash again.</div>
|html|<div class="broadcast-red"><b>The battle crashed</b><br />You can keep playing but it might crash again.</div>
|html|<div class="broadcast-red"><b>The battle crashed</b><br />You can keep playing but it might crash again.</div>
|html|<div class="broadcast-red"><b>The battle crashed</b><br />You can keep playing but it might crash again.</div>
|html|<div class="broadcast-red"><b>The battle crashed</b><br />You can keep playing but it might crash again.</div>
|html|<div class="broadcast-red"><b>The battle crashed</b><br />You can keep playing but it might crash again.</div>
|html|<div class="broadcast-red"><b>The battle crashed</b><br />You can keep playing but it might crash again.</div>
|html|<div class="broadcast-red"><b>The battle crashed</b><br />You can keep playing but it might crash again.</div>
|html|<div class="broadcast-red"><b>The battle crashed</b><br />You can keep playing but it might crash again.</div>
|html|<div class="broadcast-red"><b>The battle crashed</b><br />You can keep playing but it might crash again.</div>
|html|<div class="broadcast-red"><b>The battle crashed</b><br />You can keep playing but it might crash again.</div>
|html|<div class="broadcast-red"><b>The battle crashed</b><br />You can keep playing but it might crash again.</div>
|html|<div class="broadcast-red"><b>The battle crashed</b><br />You can keep playing but it might crash again.</div>
|html|<div class="broadcast-red"><b>The battle crashed</b><br />You can keep playing but it might crash again.</div>
|html|<div class="broadcast-red"><b>The battle crashed</b><br />You can keep playing but it might crash again.</div>
|html|<div class="broadcast-red"><b>The battle crashed</b><br />You can keep playing but it might crash again.</div>
|html|<div class="broadcast-red"><b>The battle crashed</b><br />You can keep playing but it might crash again.</div>
|html|<div class="broadcast-red"><b>The battle crashed</b><br />You can keep playing but it might crash again.</div>
|html|<div class="broadcast-red"><b>The battle crashed</b><br />You can keep playing but it might crash again.</div>
|html|<div class="broadcast-red"><b>The battle crashed</b><br />You can keep playing but it might crash again.</div>
|html|<div class="broadcast-red"><b>The battle crashed</b><br />You can keep playing but it might crash again.</div>
|html|<div class="broadcast-red"><b>The battle crashed</b><br />You can keep playing but it might crash again.</div>
|html|<div class="broadcast-red"><b>The battle crashed</b><br />You can keep playing but it might crash again.</div>
|html|<div class="broadcast-red"><b>The battle crashed</b><br />You can keep playing but it might crash again.</div>
|html|<div class="broadcast-red"><b>The battle crashed</b><br />You can keep playing but it might crash again.</div>
|html|<div class="broadcast-red"><b>The battle crashed</b><br />You can keep playing but it might crash again.</div>
|html|<div class="broadcast-red"><b>The battle crashed</b><br />You can keep playing but it might crash again.</div>
|html|<div class="broadcast-red"><b>The battle crashed</b><br />You can keep playing but it might crash again.</div>
|html|<div class="broadcast-red"><b>The battle crashed</b><br />You can keep playing but it might crash again.</div>
|html|<div class="broadcast-red"><b>The battle crashed</b><br />You can keep playing but it might crash again.</div>
|html|<div class="broadcast-red"><b>The battle crashed</b><br />You can keep playing but it might crash again.</div>
|html|<div class="broadcast-red"><b>The battle crashed</b><br />You can keep playing but it might crash again.</div>
|html|<div class="broadcast-red"><b>The battle crashed</b><br />You can keep playing but it might crash again.</div>
|html|<div class="broadcast-red"><b>The battle crashed</b><br />You can keep playing but it might crash again.</div>
|html|<div class="broadcast-red"><b>The battle crashed</b><br />You can keep playing but it might crash again.</div>
|html|<div class="broadcast-red"><b>The battle crashed</b><br />You can keep playing but it might crash again.</div>
|html|<div class="broadcast-red"><b>The battle crashed</b><br />You can keep playing but it might crash again.</div>
|html|<div class="broadcast-red"><b>The battle crashed</b><br />You can keep playing but it might crash again.</div>
|html|<div class="broadcast-red"><b>The battle crashed</b><br />You can keep playing but it might crash again.</div>
|html|<div class="broadcast-red"><b>The battle crashed</b><br />You can keep playing but it might crash again.</div>
|html|<div class="broadcast-red"><b>The battle crashed</b><br />You can keep playing but it might crash again.</div>
|html|<div class="broadcast-red"><b>The battle crashed</b><br />You can keep playing but it might crash again.</div>
|html|<div class="broadcast-red"><b>The battle crashed</b><br />You can keep playing but it might crash again.</div>
|html|<div class="broadcast-red"><b>The battle crashed</b><br />You can keep playing but it might crash again.</div>
|html|<div class="broadcast-red"><b>The battle crashed</b><br />You can keep playing but it might crash again.</div>
|html|<div class="broadcast-red"><b>The battle crashed</b><br />You can keep playing but it might crash again.</div>
|html|<div class="broadcast-red"><b>The battle crashed</b><br />You can keep playing but it might crash again.</div>
|html|<div class="broadcast-red"><b>The battle crashed</b><br />You can keep playing but it might crash again.</div>
|html|<div class="broadcast-red"><b>The battle crashed</b><br />You can keep playing but it might crash again.</div>
|html|<div class="broadcast-red"><b>The battle crashed</b><br />You can keep playing but it might crash again.</div>
|html|<div class="broadcast-red"><b>The battle crashed</b><br />You can keep playing but it might crash again.</div>
|html|<div class="broadcast-red"><b>The battle crashed</b><br />You can keep playing but it might crash again.</div>
|html|<div class="broadcast-red"><b>The battle crashed</b><br />You can keep playing but it might crash again.</div>
|html|<div class="broadcast-red"><b>The battle crashed</b><br />You can keep playing but it might crash again.</div>
|html|<div class="broadcast-red"><b>The battle crashed</b><br />You can keep playing but it might crash again.</div>
|html|<div class="broadcast-red"><b>The battle crashed</b><br />You can keep playing but it might crash again.</div>
|html|<div class="broadcast-red"><b>The battle crashed</b><br />You can keep playing but it might crash again.</div>
|html|<div class="broadcast-red"><b>The battle crashed</b><br />You can keep playing but it might crash again.</div>
|html|<div class="broadcast-red"><b>The battle crashed</b><br />You can keep playing but it might crash again.</div>
|html|<div class="broadcast-red"><b>The battle crashed</b><br />You can keep playing but it might crash again.</div>
|html|<div class="broadcast-red"><b>The battle crashed</b><br />You can keep playing but it might crash again.</div>
|html|<div class="broadcast-red"><b>The battle crashed</b><br />You can keep playing but it might crash again.</div>
|html|<div class="broadcast-red"><b>The battle crashed</b><br />You can keep playing but it might crash again.</div>
|html|<div class="broadcast-red"><b>The battle crashed</b><br />You can keep playing but it might crash again.</div>
|html|<div class="broadcast-red"><b>The battle crashed</b><br />You can keep playing but it might crash again.</div>
|html|<div class="broadcast-red"><b>The battle crashed</b><br />You can keep playing but it might crash again.</div>
|html|<div class="broadcast-red"><b>The battle crashed</b><br />You can keep playing but it might crash again.</div>
|html|<div class="broadcast-red"><b>The battle crashed</b><br />You can keep playing but it might crash again.</div>
|html|<div class="broadcast-red"><b>The battle crashed</b><br />You can keep playing but it might crash again.</div>
|html|<div class="broadcast-red"><b>The battle crashed</b><br />You can keep playing but it might crash again.</div>
|html|<div class="broadcast-red"><b>The battle crashed</b><br />You can keep playing but it might crash again.</div>
|html|<div class="broadcast-red"><b>The battle crashed</b><br />You can keep playing but it might crash again.</div>
|html|<div class="broadcast-red"><b>The battle crashed</b><br />You can keep playing but it might crash again.</div>

TypeError: Cannot read property 'isActive' of null
    at Tools.Battle.makeRequest (/Users/clazinasteunenberg/Downloads/Test/battle-engine.js:1943:15)
    at process.BattlePokemon.side (/Users/clazinasteunenberg/Downloads/Test/battle-engine.js:157:13)
    at process.EventEmitter.emit (events.js:98:17)
    at handleMessage (child_process.js:318:10)
    at Pipe.channel.onread (child_process.js:345:11)

ReferenceError: potd is not defined
    at Tools.exports.BattleScripts.randomTeam (/Users/clazinasteunenberg/Downloads/Test/data/scripts.js:1522:8)
    at Tools.exports.BattleScripts.getTeam (/Users/clazinasteunenberg/Downloads/Test/data/scripts.js:488:16)
    at new BattleSide (/Users/clazinasteunenberg/Downloads/Test/battle-engine.js:1096:27)
    at Tools.Battle.join (/Users/clazinasteunenberg/Downloads/Test/battle-engine.js:3333:15)
    at Tools.Battle.receive (/Users/clazinasteunenberg/Downloads/Test/battle-engine.js:3390:9)
    at process.BattlePokemon.side (/Users/clazinasteunenberg/Downloads/Test/battle-engine.js:143:12)
    at process.EventEmitter.emit (events.js:98:17)
    at handleMessage (child_process.js:318:10)
    at Pipe.channel.onread (child_process.js:345:11)

Additional information:
message = battle-randombattle-497|join|p1|Meloetta<3V|134
currentRequest = 

Log:
|html|<div class="broadcast-red"><b>The battle crashed</b><br />You can keep playing but it might crash again.</div>
|html|<div class="broadcast-red"><b>The battle crashed</b><br />You can keep playing but it might crash again.</div>
|html|<div class="broadcast-red"><b>The battle crashed</b><br />You can keep playing but it might crash again.</div>
|html|<div class="broadcast-red"><b>The battle crashed</b><br />You can keep playing but it might crash again.</div>
|html|<div class="broadcast-red"><b>The battle crashed</b><br />You can keep playing but it might crash again.</div>
|html|<div class="broadcast-red"><b>The battle crashed</b><br />You can keep playing but it might crash again.</div>
|html|<div class="broadcast-red"><b>The battle crashed</b><br />You can keep playing but it might crash again.</div>
|html|<div class="broadcast-red"><b>The battle crashed</b><br />You can keep playing but it might crash again.</div>
|html|<div class="broadcast-red"><b>The battle crashed</b><br />You can keep playing but it might crash again.</div>
|html|<div class="broadcast-red"><b>The battle crashed</b><br />You can keep playing but it might crash again.</div>
|html|<div class="broadcast-red"><b>The battle crashed</b><br />You can keep playing but it might crash again.</div>
|html|<div class="broadcast-red"><b>The battle crashed</b><br />You can keep playing but it might crash again.</div>
|html|<div class="broadcast-red"><b>The battle crashed</b><br />You can keep playing but it might crash again.</div>
|html|<div class="broadcast-red"><b>The battle crashed</b><br />You can keep playing but it might crash again.</div>
|html|<div class="broadcast-red"><b>The battle crashed</b><br />You can keep playing but it might crash again.</div>
|html|<div class="broadcast-red"><b>The battle crashed</b><br />You can keep playing but it might crash again.</div>
|html|<div class="broadcast-red"><b>The battle crashed</b><br />You can keep playing but it might crash again.</div>
|html|<div class="broadcast-red"><b>The battle crashed</b><br />You can keep playing but it might crash again.</div>
|html|<div class="broadcast-red"><b>The battle crashed</b><br />You can keep playing but it might crash again.</div>
|html|<div class="broadcast-red"><b>The battle crashed</b><br />You can keep playing but it might crash again.</div>
|html|<div class="broadcast-red"><b>The battle crashed</b><br />You can keep playing but it might crash again.</div>
|html|<div class="broadcast-red"><b>The battle crashed</b><br />You can keep playing but it might crash again.</div>
|html|<div class="broadcast-red"><b>The battle crashed</b><br />You can keep playing but it might crash again.</div>
|html|<div class="broadcast-red"><b>The battle crashed</b><br />You can keep playing but it might crash again.</div>
|html|<div class="broadcast-red"><b>The battle crashed</b><br />You can keep playing but it might crash again.</div>
|html|<div class="broadcast-red"><b>The battle crashed</b><br />You can keep playing but it might crash again.</div>
|html|<div class="broadcast-red"><b>The battle crashed</b><br />You can keep playing but it might crash again.</div>
|html|<div class="broadcast-red"><b>The battle crashed</b><br />You can keep playing but it might crash again.</div>
|html|<div class="broadcast-red"><b>The battle crashed</b><br />You can keep playing but it might crash again.</div>
|html|<div class="broadcast-red"><b>The battle crashed</b><br />You can keep playing but it might crash again.</div>
|html|<div class="broadcast-red"><b>The battle crashed</b><br />You can keep playing but it might crash again.</div>
|html|<div class="broadcast-red"><b>The battle crashed</b><br />You can keep playing but it might crash again.</div>
|html|<div class="broadcast-red"><b>The battle crashed</b><br />You can keep playing but it might crash again.</div>
|html|<div class="broadcast-red"><b>The battle crashed</b><br />You can keep playing but it might crash again.</div>
|html|<div class="broadcast-red"><b>The battle crashed</b><br />You can keep playing but it might crash again.</div>
|html|<div class="broadcast-red"><b>The battle crashed</b><br />You can keep playing but it might crash again.</div>
|html|<div class="broadcast-red"><b>The battle crashed</b><br />You can keep playing but it might crash again.</div>
|html|<div class="broadcast-red"><b>The battle crashed</b><br />You can keep playing but it might crash again.</div>
|html|<div class="broadcast-red"><b>The battle crashed</b><br />You can keep playing but it might crash again.</div>
|html|<div class="broadcast-red"><b>The battle crashed</b><br />You can keep playing but it might crash again.</div>
|html|<div class="broadcast-red"><b>The battle crashed</b><br />You can keep playing but it might crash again.</div>
|html|<div class="broadcast-red"><b>The battle crashed</b><br />You can keep playing but it might crash again.</div>
|html|<div class="broadcast-red"><b>The battle crashed</b><br />You can keep playing but it might crash again.</div>
|html|<div class="broadcast-red"><b>The battle crashed</b><br />You can keep playing but it might crash again.</div>
|html|<div class="broadcast-red"><b>The battle crashed</b><br />You can keep playing but it might crash again.</div>
|html|<div class="broadcast-red"><b>The battle crashed</b><br />You can keep playing but it might crash again.</div>
|html|<div class="broadcast-red"><b>The battle crashed</b><br />You can keep playing but it might crash again.</div>
|html|<div class="broadcast-red"><b>The battle crashed</b><br />You can keep playing but it might crash again.</div>
|html|<div class="broadcast-red"><b>The battle crashed</b><br />You can keep playing but it might crash again.</div>
|html|<div class="broadcast-red"><b>The battle crashed</b><br />You can keep playing but it might crash again.</div>
|html|<div class="broadcast-red"><b>The battle crashed</b><br />You can keep playing but it might crash again.</div>
|html|<div class="broadcast-red"><b>The battle crashed</b><br />You can keep playing but it might crash again.</div>
|html|<div class="broadcast-red"><b>The battle crashed</b><br />You can keep playing but it might crash again.</div>
|html|<div class="broadcast-red"><b>The battle crashed</b><br />You can keep playing but it might crash again.</div>
|html|<div class="broadcast-red"><b>The battle crashed</b><br />You can keep playing but it might crash again.</div>
|html|<div class="broadcast-red"><b>The battle crashed</b><br />You can keep playing but it might crash again.</div>
|html|<div class="broadcast-red"><b>The battle crashed</b><br />You can keep playing but it might crash again.</div>
|html|<div class="broadcast-red"><b>The battle crashed</b><br />You can keep playing but it might crash again.</div>
|html|<div class="broadcast-red"><b>The battle crashed</b><br />You can keep playing but it might crash again.</div>
|html|<div class="broadcast-red"><b>The battle crashed</b><br />You can keep playing but it might crash again.</div>
|html|<div class="broadcast-red"><b>The battle crashed</b><br />You can keep playing but it might crash again.</div>
|html|<div class="broadcast-red"><b>The battle crashed</b><br />You can keep playing but it might crash again.</div>
|html|<div class="broadcast-red"><b>The battle crashed</b><br />You can keep playing but it might crash again.</div>
|html|<div class="broadcast-red"><b>The battle crashed</b><br />You can keep playing but it might crash again.</div>
|html|<div class="broadcast-red"><b>The battle crashed</b><br />You can keep playing but it might crash again.</div>
|html|<div class="broadcast-red"><b>The battle crashed</b><br />You can keep playing but it might crash again.</div>
|html|<div class="broadcast-red"><b>The battle crashed</b><br />You can keep playing but it might crash again.</div>
|html|<div class="broadcast-red"><b>The battle crashed</b><br />You can keep playing but it might crash again.</div>
|html|<div class="broadcast-red"><b>The battle crashed</b><br />You can keep playing but it might crash again.</div>
|html|<div class="broadcast-red"><b>The battle crashed</b><br />You can keep playing but it might crash again.</div>
|html|<div class="broadcast-red"><b>The battle crashed</b><br />You can keep playing but it might crash again.</div>
|html|<div class="broadcast-red"><b>The battle crashed</b><br />You can keep playing but it might crash again.</div>
|html|<div class="broadcast-red"><b>The battle crashed</b><br />You can keep playing but it might crash again.</div>
|html|<div class="broadcast-red"><b>The battle crashed</b><br />You can keep playing but it might crash again.</div>
|html|<div class="broadcast-red"><b>The battle crashed</b><br />You can keep playing but it might crash again.</div>
|html|<div class="broadcast-red"><b>The battle crashed</b><br />You can keep playing but it might crash again.</div>
|html|<div class="broadcast-red"><b>The battle crashed</b><br />You can keep playing but it might crash again.</div>
|html|<div class="broadcast-red"><b>The battle crashed</b><br />You can keep playing but it might crash again.</div>
|html|<div class="broadcast-red"><b>The battle crashed</b><br />You can keep playing but it might crash again.</div>
|html|<div class="broadcast-red"><b>The battle crashed</b><br />You can keep playing but it might crash again.</div>
|html|<div class="broadcast-red"><b>The battle crashed</b><br />You can keep playing but it might crash again.</div>
|html|<div class="broadcast-red"><b>The battle crashed</b><br />You can keep playing but it might crash again.</div>
|html|<div class="broadcast-red"><b>The battle crashed</b><br />You can keep playing but it might crash again.</div>
|html|<div class="broadcast-red"><b>The battle crashed</b><br />You can keep playing but it might crash again.</div>
|html|<div class="broadcast-red"><b>The battle crashed</b><br />You can keep playing but it might crash again.</div>
|html|<div class="broadcast-red"><b>The battle crashed</b><br />You can keep playing but it might crash again.</div>
|html|<div class="broadcast-red"><b>The battle crashed</b><br />You can keep playing but it might crash again.</div>
|html|<div class="broadcast-red"><b>The battle crashed</b><br />You can keep playing but it might crash again.</div>

TypeError: Cannot read property 'isActive' of null
    at Tools.Battle.makeRequest (/Users/clazinasteunenberg/Downloads/Test/battle-engine.js:1943:15)
    at process.BattlePokemon.side (/Users/clazinasteunenberg/Downloads/Test/battle-engine.js:157:13)
    at process.EventEmitter.emit (events.js:98:17)
    at handleMessage (child_process.js:318:10)
    at Pipe.channel.onread (child_process.js:345:11)

ReferenceError: potd is not defined
    at Tools.exports.BattleScripts.randomTeam (/Users/clazinasteunenberg/Downloads/Test/data/scripts.js:1522:8)
    at Tools.exports.BattleScripts.getTeam (/Users/clazinasteunenberg/Downloads/Test/data/scripts.js:488:16)
    at new BattleSide (/Users/clazinasteunenberg/Downloads/Test/battle-engine.js:1096:27)
    at Tools.Battle.join (/Users/clazinasteunenberg/Downloads/Test/battle-engine.js:3333:15)
    at Tools.Battle.receive (/Users/clazinasteunenberg/Downloads/Test/battle-engine.js:3390:9)
    at process.BattlePokemon.side (/Users/clazinasteunenberg/Downloads/Test/battle-engine.js:143:12)
    at process.EventEmitter.emit (events.js:98:17)
    at handleMessage (child_process.js:318:10)
    at Pipe.channel.onread (child_process.js:345:11)

Additional information:
message = battle-randombattle-497|join|p1|Meloetta<3V|134
currentRequest = 

Log:
|html|<div class="broadcast-red"><b>The battle crashed</b><br />You can keep playing but it might crash again.</div>
|html|<div class="broadcast-red"><b>The battle crashed</b><br />You can keep playing but it might crash again.</div>
|html|<div class="broadcast-red"><b>The battle crashed</b><br />You can keep playing but it might crash again.</div>
|html|<div class="broadcast-red"><b>The battle crashed</b><br />You can keep playing but it might crash again.</div>
|html|<div class="broadcast-red"><b>The battle crashed</b><br />You can keep playing but it might crash again.</div>
|html|<div class="broadcast-red"><b>The battle crashed</b><br />You can keep playing but it might crash again.</div>
|html|<div class="broadcast-red"><b>The battle crashed</b><br />You can keep playing but it might crash again.</div>
|html|<div class="broadcast-red"><b>The battle crashed</b><br />You can keep playing but it might crash again.</div>
|html|<div class="broadcast-red"><b>The battle crashed</b><br />You can keep playing but it might crash again.</div>
|html|<div class="broadcast-red"><b>The battle crashed</b><br />You can keep playing but it might crash again.</div>
|html|<div class="broadcast-red"><b>The battle crashed</b><br />You can keep playing but it might crash again.</div>
|html|<div class="broadcast-red"><b>The battle crashed</b><br />You can keep playing but it might crash again.</div>
|html|<div class="broadcast-red"><b>The battle crashed</b><br />You can keep playing but it might crash again.</div>
|html|<div class="broadcast-red"><b>The battle crashed</b><br />You can keep playing but it might crash again.</div>
|html|<div class="broadcast-red"><b>The battle crashed</b><br />You can keep playing but it might crash again.</div>
|html|<div class="broadcast-red"><b>The battle crashed</b><br />You can keep playing but it might crash again.</div>
|html|<div class="broadcast-red"><b>The battle crashed</b><br />You can keep playing but it might crash again.</div>
|html|<div class="broadcast-red"><b>The battle crashed</b><br />You can keep playing but it might crash again.</div>
|html|<div class="broadcast-red"><b>The battle crashed</b><br />You can keep playing but it might crash again.</div>
|html|<div class="broadcast-red"><b>The battle crashed</b><br />You can keep playing but it might crash again.</div>
|html|<div class="broadcast-red"><b>The battle crashed</b><br />You can keep playing but it might crash again.</div>
|html|<div class="broadcast-red"><b>The battle crashed</b><br />You can keep playing but it might crash again.</div>
|html|<div class="broadcast-red"><b>The battle crashed</b><br />You can keep playing but it might crash again.</div>
|html|<div class="broadcast-red"><b>The battle crashed</b><br />You can keep playing but it might crash again.</div>
|html|<div class="broadcast-red"><b>The battle crashed</b><br />You can keep playing but it might crash again.</div>
|html|<div class="broadcast-red"><b>The battle crashed</b><br />You can keep playing but it might crash again.</div>
|html|<div class="broadcast-red"><b>The battle crashed</b><br />You can keep playing but it might crash again.</div>
|html|<div class="broadcast-red"><b>The battle crashed</b><br />You can keep playing but it might crash again.</div>
|html|<div class="broadcast-red"><b>The battle crashed</b><br />You can keep playing but it might crash again.</div>
|html|<div class="broadcast-red"><b>The battle crashed</b><br />You can keep playing but it might crash again.</div>
|html|<div class="broadcast-red"><b>The battle crashed</b><br />You can keep playing but it might crash again.</div>
|html|<div class="broadcast-red"><b>The battle crashed</b><br />You can keep playing but it might crash again.</div>
|html|<div class="broadcast-red"><b>The battle crashed</b><br />You can keep playing but it might crash again.</div>
|html|<div class="broadcast-red"><b>The battle crashed</b><br />You can keep playing but it might crash again.</div>
|html|<div class="broadcast-red"><b>The battle crashed</b><br />You can keep playing but it might crash again.</div>
|html|<div class="broadcast-red"><b>The battle crashed</b><br />You can keep playing but it might crash again.</div>
|html|<div class="broadcast-red"><b>The battle crashed</b><br />You can keep playing but it might crash again.</div>
|html|<div class="broadcast-red"><b>The battle crashed</b><br />You can keep playing but it might crash again.</div>
|html|<div class="broadcast-red"><b>The battle crashed</b><br />You can keep playing but it might crash again.</div>
|html|<div class="broadcast-red"><b>The battle crashed</b><br />You can keep playing but it might crash again.</div>
|html|<div class="broadcast-red"><b>The battle crashed</b><br />You can keep playing but it might crash again.</div>
|html|<div class="broadcast-red"><b>The battle crashed</b><br />You can keep playing but it might crash again.</div>
|html|<div class="broadcast-red"><b>The battle crashed</b><br />You can keep playing but it might crash again.</div>
|html|<div class="broadcast-red"><b>The battle crashed</b><br />You can keep playing but it might crash again.</div>
|html|<div class="broadcast-red"><b>The battle crashed</b><br />You can keep playing but it might crash again.</div>
|html|<div class="broadcast-red"><b>The battle crashed</b><br />You can keep playing but it might crash again.</div>
|html|<div class="broadcast-red"><b>The battle crashed</b><br />You can keep playing but it might crash again.</div>
|html|<div class="broadcast-red"><b>The battle crashed</b><br />You can keep playing but it might crash again.</div>
|html|<div class="broadcast-red"><b>The battle crashed</b><br />You can keep playing but it might crash again.</div>
|html|<div class="broadcast-red"><b>The battle crashed</b><br />You can keep playing but it might crash again.</div>
|html|<div class="broadcast-red"><b>The battle crashed</b><br />You can keep playing but it might crash again.</div>
|html|<div class="broadcast-red"><b>The battle crashed</b><br />You can keep playing but it might crash again.</div>
|html|<div class="broadcast-red"><b>The battle crashed</b><br />You can keep playing but it might crash again.</div>
|html|<div class="broadcast-red"><b>The battle crashed</b><br />You can keep playing but it might crash again.</div>
|html|<div class="broadcast-red"><b>The battle crashed</b><br />You can keep playing but it might crash again.</div>
|html|<div class="broadcast-red"><b>The battle crashed</b><br />You can keep playing but it might crash again.</div>
|html|<div class="broadcast-red"><b>The battle crashed</b><br />You can keep playing but it might crash again.</div>
|html|<div class="broadcast-red"><b>The battle crashed</b><br />You can keep playing but it might crash again.</div>
|html|<div class="broadcast-red"><b>The battle crashed</b><br />You can keep playing but it might crash again.</div>
|html|<div class="broadcast-red"><b>The battle crashed</b><br />You can keep playing but it might crash again.</div>
|html|<div class="broadcast-red"><b>The battle crashed</b><br />You can keep playing but it might crash again.</div>
|html|<div class="broadcast-red"><b>The battle crashed</b><br />You can keep playing but it might crash again.</div>
|html|<div class="broadcast-red"><b>The battle crashed</b><br />You can keep playing but it might crash again.</div>
|html|<div class="broadcast-red"><b>The battle crashed</b><br />You can keep playing but it might crash again.</div>
|html|<div class="broadcast-red"><b>The battle crashed</b><br />You can keep playing but it might crash again.</div>
|html|<div class="broadcast-red"><b>The battle crashed</b><br />You can keep playing but it might crash again.</div>
|html|<div class="broadcast-red"><b>The battle crashed</b><br />You can keep playing but it might crash again.</div>
|html|<div class="broadcast-red"><b>The battle crashed</b><br />You can keep playing but it might crash again.</div>
|html|<div class="broadcast-red"><b>The battle crashed</b><br />You can keep playing but it might crash again.</div>
|html|<div class="broadcast-red"><b>The battle crashed</b><br />You can keep playing but it might crash again.</div>
|html|<div class="broadcast-red"><b>The battle crashed</b><br />You can keep playing but it might crash again.</div>
|html|<div class="broadcast-red"><b>The battle crashed</b><br />You can keep playing but it might crash again.</div>
|html|<div class="broadcast-red"><b>The battle crashed</b><br />You can keep playing but it might crash again.</div>
|html|<div class="broadcast-red"><b>The battle crashed</b><br />You can keep playing but it might crash again.</div>
|html|<div class="broadcast-red"><b>The battle crashed</b><br />You can keep playing but it might crash again.</div>
|html|<div class="broadcast-red"><b>The battle crashed</b><br />You can keep playing but it might crash again.</div>
|html|<div class="broadcast-red"><b>The battle crashed</b><br />You can keep playing but it might crash again.</div>
|html|<div class="broadcast-red"><b>The battle crashed</b><br />You can keep playing but it might crash again.</div>
|html|<div class="broadcast-red"><b>The battle crashed</b><br />You can keep playing but it might crash again.</div>
|html|<div class="broadcast-red"><b>The battle crashed</b><br />You can keep playing but it might crash again.</div>
|html|<div class="broadcast-red"><b>The battle crashed</b><br />You can keep playing but it might crash again.</div>
|html|<div class="broadcast-red"><b>The battle crashed</b><br />You can keep playing but it might crash again.</div>
|html|<div class="broadcast-red"><b>The battle crashed</b><br />You can keep playing but it might crash again.</div>
|html|<div class="broadcast-red"><b>The battle crashed</b><br />You can keep playing but it might crash again.</div>
|html|<div class="broadcast-red"><b>The battle crashed</b><br />You can keep playing but it might crash again.</div>
|html|<div class="broadcast-red"><b>The battle crashed</b><br />You can keep playing but it might crash again.</div>
|html|<div class="broadcast-red"><b>The battle crashed</b><br />You can keep playing but it might crash again.</div>
|html|<div class="broadcast-red"><b>The battle crashed</b><br />You can keep playing but it might crash again.</div>
|html|<div class="broadcast-red"><b>The battle crashed</b><br />You can keep playing but it might crash again.</div>

TypeError: Cannot read property 'isActive' of null
    at Tools.Battle.makeRequest (/Users/clazinasteunenberg/Downloads/Test/battle-engine.js:1943:15)
    at process.BattlePokemon.side (/Users/clazinasteunenberg/Downloads/Test/battle-engine.js:157:13)
    at process.EventEmitter.emit (events.js:98:17)
    at handleMessage (child_process.js:318:10)
    at Pipe.channel.onread (child_process.js:345:11)

ReferenceError: potd is not defined
    at Tools.exports.BattleScripts.randomTeam (/Users/clazinasteunenberg/Downloads/Test/data/scripts.js:1522:8)
    at Tools.exports.BattleScripts.getTeam (/Users/clazinasteunenberg/Downloads/Test/data/scripts.js:488:16)
    at new BattleSide (/Users/clazinasteunenberg/Downloads/Test/battle-engine.js:1096:27)
    at Tools.Battle.join (/Users/clazinasteunenberg/Downloads/Test/battle-engine.js:3333:15)
    at Tools.Battle.receive (/Users/clazinasteunenberg/Downloads/Test/battle-engine.js:3390:9)
    at process.BattlePokemon.side (/Users/clazinasteunenberg/Downloads/Test/battle-engine.js:143:12)
    at process.EventEmitter.emit (events.js:98:17)
    at handleMessage (child_process.js:318:10)
    at Pipe.channel.onread (child_process.js:345:11)

Additional information:
message = battle-randombattle-497|join|p1|Meloetta<3V|134
currentRequest = 

Log:
|html|<div class="broadcast-red"><b>The battle crashed</b><br />You can keep playing but it might crash again.</div>
|html|<div class="broadcast-red"><b>The battle crashed</b><br />You can keep playing but it might crash again.</div>
|html|<div class="broadcast-red"><b>The battle crashed</b><br />You can keep playing but it might crash again.</div>
|html|<div class="broadcast-red"><b>The battle crashed</b><br />You can keep playing but it might crash again.</div>
|html|<div class="broadcast-red"><b>The battle crashed</b><br />You can keep playing but it might crash again.</div>
|html|<div class="broadcast-red"><b>The battle crashed</b><br />You can keep playing but it might crash again.</div>
|html|<div class="broadcast-red"><b>The battle crashed</b><br />You can keep playing but it might crash again.</div>
|html|<div class="broadcast-red"><b>The battle crashed</b><br />You can keep playing but it might crash again.</div>
|html|<div class="broadcast-red"><b>The battle crashed</b><br />You can keep playing but it might crash again.</div>
|html|<div class="broadcast-red"><b>The battle crashed</b><br />You can keep playing but it might crash again.</div>
|html|<div class="broadcast-red"><b>The battle crashed</b><br />You can keep playing but it might crash again.</div>
|html|<div class="broadcast-red"><b>The battle crashed</b><br />You can keep playing but it might crash again.</div>
|html|<div class="broadcast-red"><b>The battle crashed</b><br />You can keep playing but it might crash again.</div>
|html|<div class="broadcast-red"><b>The battle crashed</b><br />You can keep playing but it might crash again.</div>
|html|<div class="broadcast-red"><b>The battle crashed</b><br />You can keep playing but it might crash again.</div>
|html|<div class="broadcast-red"><b>The battle crashed</b><br />You can keep playing but it might crash again.</div>
|html|<div class="broadcast-red"><b>The battle crashed</b><br />You can keep playing but it might crash again.</div>
|html|<div class="broadcast-red"><b>The battle crashed</b><br />You can keep playing but it might crash again.</div>
|html|<div class="broadcast-red"><b>The battle crashed</b><br />You can keep playing but it might crash again.</div>
|html|<div class="broadcast-red"><b>The battle crashed</b><br />You can keep playing but it might crash again.</div>
|html|<div class="broadcast-red"><b>The battle crashed</b><br />You can keep playing but it might crash again.</div>
|html|<div class="broadcast-red"><b>The battle crashed</b><br />You can keep playing but it might crash again.</div>
|html|<div class="broadcast-red"><b>The battle crashed</b><br />You can keep playing but it might crash again.</div>
|html|<div class="broadcast-red"><b>The battle crashed</b><br />You can keep playing but it might crash again.</div>
|html|<div class="broadcast-red"><b>The battle crashed</b><br />You can keep playing but it might crash again.</div>
|html|<div class="broadcast-red"><b>The battle crashed</b><br />You can keep playing but it might crash again.</div>
|html|<div class="broadcast-red"><b>The battle crashed</b><br />You can keep playing but it might crash again.</div>
|html|<div class="broadcast-red"><b>The battle crashed</b><br />You can keep playing but it might crash again.</div>
|html|<div class="broadcast-red"><b>The battle crashed</b><br />You can keep playing but it might crash again.</div>
|html|<div class="broadcast-red"><b>The battle crashed</b><br />You can keep playing but it might crash again.</div>
|html|<div class="broadcast-red"><b>The battle crashed</b><br />You can keep playing but it might crash again.</div>
|html|<div class="broadcast-red"><b>The battle crashed</b><br />You can keep playing but it might crash again.</div>
|html|<div class="broadcast-red"><b>The battle crashed</b><br />You can keep playing but it might crash again.</div>
|html|<div class="broadcast-red"><b>The battle crashed</b><br />You can keep playing but it might crash again.</div>
|html|<div class="broadcast-red"><b>The battle crashed</b><br />You can keep playing but it might crash again.</div>
|html|<div class="broadcast-red"><b>The battle crashed</b><br />You can keep playing but it might crash again.</div>
|html|<div class="broadcast-red"><b>The battle crashed</b><br />You can keep playing but it might crash again.</div>
|html|<div class="broadcast-red"><b>The battle crashed</b><br />You can keep playing but it might crash again.</div>
|html|<div class="broadcast-red"><b>The battle crashed</b><br />You can keep playing but it might crash again.</div>
|html|<div class="broadcast-red"><b>The battle crashed</b><br />You can keep playing but it might crash again.</div>
|html|<div class="broadcast-red"><b>The battle crashed</b><br />You can keep playing but it might crash again.</div>
|html|<div class="broadcast-red"><b>The battle crashed</b><br />You can keep playing but it might crash again.</div>
|html|<div class="broadcast-red"><b>The battle crashed</b><br />You can keep playing but it might crash again.</div>
|html|<div class="broadcast-red"><b>The battle crashed</b><br />You can keep playing but it might crash again.</div>
|html|<div class="broadcast-red"><b>The battle crashed</b><br />You can keep playing but it might crash again.</div>
|html|<div class="broadcast-red"><b>The battle crashed</b><br />You can keep playing but it might crash again.</div>
|html|<div class="broadcast-red"><b>The battle crashed</b><br />You can keep playing but it might crash again.</div>
|html|<div class="broadcast-red"><b>The battle crashed</b><br />You can keep playing but it might crash again.</div>
|html|<div class="broadcast-red"><b>The battle crashed</b><br />You can keep playing but it might crash again.</div>
|html|<div class="broadcast-red"><b>The battle crashed</b><br />You can keep playing but it might crash again.</div>
|html|<div class="broadcast-red"><b>The battle crashed</b><br />You can keep playing but it might crash again.</div>
|html|<div class="broadcast-red"><b>The battle crashed</b><br />You can keep playing but it might crash again.</div>
|html|<div class="broadcast-red"><b>The battle crashed</b><br />You can keep playing but it might crash again.</div>
|html|<div class="broadcast-red"><b>The battle crashed</b><br />You can keep playing but it might crash again.</div>
|html|<div class="broadcast-red"><b>The battle crashed</b><br />You can keep playing but it might crash again.</div>
|html|<div class="broadcast-red"><b>The battle crashed</b><br />You can keep playing but it might crash again.</div>
|html|<div class="broadcast-red"><b>The battle crashed</b><br />You can keep playing but it might crash again.</div>
|html|<div class="broadcast-red"><b>The battle crashed</b><br />You can keep playing but it might crash again.</div>
|html|<div class="broadcast-red"><b>The battle crashed</b><br />You can keep playing but it might crash again.</div>
|html|<div class="broadcast-red"><b>The battle crashed</b><br />You can keep playing but it might crash again.</div>
|html|<div class="broadcast-red"><b>The battle crashed</b><br />You can keep playing but it might crash again.</div>
|html|<div class="broadcast-red"><b>The battle crashed</b><br />You can keep playing but it might crash again.</div>
|html|<div class="broadcast-red"><b>The battle crashed</b><br />You can keep playing but it might crash again.</div>
|html|<div class="broadcast-red"><b>The battle crashed</b><br />You can keep playing but it might crash again.</div>
|html|<div class="broadcast-red"><b>The battle crashed</b><br />You can keep playing but it might crash again.</div>
|html|<div class="broadcast-red"><b>The battle crashed</b><br />You can keep playing but it might crash again.</div>
|html|<div class="broadcast-red"><b>The battle crashed</b><br />You can keep playing but it might crash again.</div>
|html|<div class="broadcast-red"><b>The battle crashed</b><br />You can keep playing but it might crash again.</div>
|html|<div class="broadcast-red"><b>The battle crashed</b><br />You can keep playing but it might crash again.</div>
|html|<div class="broadcast-red"><b>The battle crashed</b><br />You can keep playing but it might crash again.</div>
|html|<div class="broadcast-red"><b>The battle crashed</b><br />You can keep playing but it might crash again.</div>
|html|<div class="broadcast-red"><b>The battle crashed</b><br />You can keep playing but it might crash again.</div>
|html|<div class="broadcast-red"><b>The battle crashed</b><br />You can keep playing but it might crash again.</div>
|html|<div class="broadcast-red"><b>The battle crashed</b><br />You can keep playing but it might crash again.</div>
|html|<div class="broadcast-red"><b>The battle crashed</b><br />You can keep playing but it might crash again.</div>
|html|<div class="broadcast-red"><b>The battle crashed</b><br />You can keep playing but it might crash again.</div>
|html|<div class="broadcast-red"><b>The battle crashed</b><br />You can keep playing but it might crash again.</div>
|html|<div class="broadcast-red"><b>The battle crashed</b><br />You can keep playing but it might crash again.</div>
|html|<div class="broadcast-red"><b>The battle crashed</b><br />You can keep playing but it might crash again.</div>
|html|<div class="broadcast-red"><b>The battle crashed</b><br />You can keep playing but it might crash again.</div>
|html|<div class="broadcast-red"><b>The battle crashed</b><br />You can keep playing but it might crash again.</div>
|html|<div class="broadcast-red"><b>The battle crashed</b><br />You can keep playing but it might crash again.</div>
|html|<div class="broadcast-red"><b>The battle crashed</b><br />You can keep playing but it might crash again.</div>
|html|<div class="broadcast-red"><b>The battle crashed</b><br />You can keep playing but it might crash again.</div>
|html|<div class="broadcast-red"><b>The battle crashed</b><br />You can keep playing but it might crash again.</div>
|html|<div class="broadcast-red"><b>The battle crashed</b><br />You can keep playing but it might crash again.</div>
|html|<div class="broadcast-red"><b>The battle crashed</b><br />You can keep playing but it might crash again.</div>
|html|<div class="broadcast-red"><b>The battle crashed</b><br />You can keep playing but it might crash again.</div>
|html|<div class="broadcast-red"><b>The battle crashed</b><br />You can keep playing but it might crash again.</div>
|html|<div class="broadcast-red"><b>The battle crashed</b><br />You can keep playing but it might crash again.</div>

TypeError: Cannot read property 'isActive' of null
    at Tools.Battle.makeRequest (/Users/clazinasteunenberg/Downloads/Test/battle-engine.js:1943:15)
    at process.BattlePokemon.side (/Users/clazinasteunenberg/Downloads/Test/battle-engine.js:157:13)
    at process.EventEmitter.emit (events.js:98:17)
    at handleMessage (child_process.js:318:10)
    at Pipe.channel.onread (child_process.js:345:11)

ReferenceError: potd is not defined
    at Tools.exports.BattleScripts.randomTeam (/Users/clazinasteunenberg/Downloads/Test/data/scripts.js:1522:8)
    at Tools.exports.BattleScripts.getTeam (/Users/clazinasteunenberg/Downloads/Test/data/scripts.js:488:16)
    at new BattleSide (/Users/clazinasteunenberg/Downloads/Test/battle-engine.js:1096:27)
    at Tools.Battle.join (/Users/clazinasteunenberg/Downloads/Test/battle-engine.js:3333:15)
    at Tools.Battle.receive (/Users/clazinasteunenberg/Downloads/Test/battle-engine.js:3390:9)
    at process.BattlePokemon.side (/Users/clazinasteunenberg/Downloads/Test/battle-engine.js:143:12)
    at process.EventEmitter.emit (events.js:98:17)
    at handleMessage (child_process.js:318:10)
    at Pipe.channel.onread (child_process.js:345:11)

Additional information:
message = battle-randombattle-497|join|p1|Meloetta<3V|134
currentRequest = 

Log:
|html|<div class="broadcast-red"><b>The battle crashed</b><br />You can keep playing but it might crash again.</div>
|html|<div class="broadcast-red"><b>The battle crashed</b><br />You can keep playing but it might crash again.</div>
|html|<div class="broadcast-red"><b>The battle crashed</b><br />You can keep playing but it might crash again.</div>
|html|<div class="broadcast-red"><b>The battle crashed</b><br />You can keep playing but it might crash again.</div>
|html|<div class="broadcast-red"><b>The battle crashed</b><br />You can keep playing but it might crash again.</div>
|html|<div class="broadcast-red"><b>The battle crashed</b><br />You can keep playing but it might crash again.</div>
|html|<div class="broadcast-red"><b>The battle crashed</b><br />You can keep playing but it might crash again.</div>
|html|<div class="broadcast-red"><b>The battle crashed</b><br />You can keep playing but it might crash again.</div>
|html|<div class="broadcast-red"><b>The battle crashed</b><br />You can keep playing but it might crash again.</div>
|html|<div class="broadcast-red"><b>The battle crashed</b><br />You can keep playing but it might crash again.</div>
|html|<div class="broadcast-red"><b>The battle crashed</b><br />You can keep playing but it might crash again.</div>
|html|<div class="broadcast-red"><b>The battle crashed</b><br />You can keep playing but it might crash again.</div>
|html|<div class="broadcast-red"><b>The battle crashed</b><br />You can keep playing but it might crash again.</div>
|html|<div class="broadcast-red"><b>The battle crashed</b><br />You can keep playing but it might crash again.</div>
|html|<div class="broadcast-red"><b>The battle crashed</b><br />You can keep playing but it might crash again.</div>
|html|<div class="broadcast-red"><b>The battle crashed</b><br />You can keep playing but it might crash again.</div>
|html|<div class="broadcast-red"><b>The battle crashed</b><br />You can keep playing but it might crash again.</div>
|html|<div class="broadcast-red"><b>The battle crashed</b><br />You can keep playing but it might crash again.</div>
|html|<div class="broadcast-red"><b>The battle crashed</b><br />You can keep playing but it might crash again.</div>
|html|<div class="broadcast-red"><b>The battle crashed</b><br />You can keep playing but it might crash again.</div>
|html|<div class="broadcast-red"><b>The battle crashed</b><br />You can keep playing but it might crash again.</div>
|html|<div class="broadcast-red"><b>The battle crashed</b><br />You can keep playing but it might crash again.</div>
|html|<div class="broadcast-red"><b>The battle crashed</b><br />You can keep playing but it might crash again.</div>
|html|<div class="broadcast-red"><b>The battle crashed</b><br />You can keep playing but it might crash again.</div>
|html|<div class="broadcast-red"><b>The battle crashed</b><br />You can keep playing but it might crash again.</div>
|html|<div class="broadcast-red"><b>The battle crashed</b><br />You can keep playing but it might crash again.</div>
|html|<div class="broadcast-red"><b>The battle crashed</b><br />You can keep playing but it might crash again.</div>
|html|<div class="broadcast-red"><b>The battle crashed</b><br />You can keep playing but it might crash again.</div>
|html|<div class="broadcast-red"><b>The battle crashed</b><br />You can keep playing but it might crash again.</div>
|html|<div class="broadcast-red"><b>The battle crashed</b><br />You can keep playing but it might crash again.</div>
|html|<div class="broadcast-red"><b>The battle crashed</b><br />You can keep playing but it might crash again.</div>
|html|<div class="broadcast-red"><b>The battle crashed</b><br />You can keep playing but it might crash again.</div>
|html|<div class="broadcast-red"><b>The battle crashed</b><br />You can keep playing but it might crash again.</div>
|html|<div class="broadcast-red"><b>The battle crashed</b><br />You can keep playing but it might crash again.</div>
|html|<div class="broadcast-red"><b>The battle crashed</b><br />You can keep playing but it might crash again.</div>
|html|<div class="broadcast-red"><b>The battle crashed</b><br />You can keep playing but it might crash again.</div>
|html|<div class="broadcast-red"><b>The battle crashed</b><br />You can keep playing but it might crash again.</div>
|html|<div class="broadcast-red"><b>The battle crashed</b><br />You can keep playing but it might crash again.</div>
|html|<div class="broadcast-red"><b>The battle crashed</b><br />You can keep playing but it might crash again.</div>
|html|<div class="broadcast-red"><b>The battle crashed</b><br />You can keep playing but it might crash again.</div>
|html|<div class="broadcast-red"><b>The battle crashed</b><br />You can keep playing but it might crash again.</div>
|html|<div class="broadcast-red"><b>The battle crashed</b><br />You can keep playing but it might crash again.</div>
|html|<div class="broadcast-red"><b>The battle crashed</b><br />You can keep playing but it might crash again.</div>
|html|<div class="broadcast-red"><b>The battle crashed</b><br />You can keep playing but it might crash again.</div>
|html|<div class="broadcast-red"><b>The battle crashed</b><br />You can keep playing but it might crash again.</div>
|html|<div class="broadcast-red"><b>The battle crashed</b><br />You can keep playing but it might crash again.</div>
|html|<div class="broadcast-red"><b>The battle crashed</b><br />You can keep playing but it might crash again.</div>
|html|<div class="broadcast-red"><b>The battle crashed</b><br />You can keep playing but it might crash again.</div>
|html|<div class="broadcast-red"><b>The battle crashed</b><br />You can keep playing but it might crash again.</div>
|html|<div class="broadcast-red"><b>The battle crashed</b><br />You can keep playing but it might crash again.</div>
|html|<div class="broadcast-red"><b>The battle crashed</b><br />You can keep playing but it might crash again.</div>
|html|<div class="broadcast-red"><b>The battle crashed</b><br />You can keep playing but it might crash again.</div>
|html|<div class="broadcast-red"><b>The battle crashed</b><br />You can keep playing but it might crash again.</div>
|html|<div class="broadcast-red"><b>The battle crashed</b><br />You can keep playing but it might crash again.</div>
|html|<div class="broadcast-red"><b>The battle crashed</b><br />You can keep playing but it might crash again.</div>
|html|<div class="broadcast-red"><b>The battle crashed</b><br />You can keep playing but it might crash again.</div>
|html|<div class="broadcast-red"><b>The battle crashed</b><br />You can keep playing but it might crash again.</div>
|html|<div class="broadcast-red"><b>The battle crashed</b><br />You can keep playing but it might crash again.</div>
|html|<div class="broadcast-red"><b>The battle crashed</b><br />You can keep playing but it might crash again.</div>
|html|<div class="broadcast-red"><b>The battle crashed</b><br />You can keep playing but it might crash again.</div>
|html|<div class="broadcast-red"><b>The battle crashed</b><br />You can keep playing but it might crash again.</div>
|html|<div class="broadcast-red"><b>The battle crashed</b><br />You can keep playing but it might crash again.</div>
|html|<div class="broadcast-red"><b>The battle crashed</b><br />You can keep playing but it might crash again.</div>
|html|<div class="broadcast-red"><b>The battle crashed</b><br />You can keep playing but it might crash again.</div>
|html|<div class="broadcast-red"><b>The battle crashed</b><br />You can keep playing but it might crash again.</div>
|html|<div class="broadcast-red"><b>The battle crashed</b><br />You can keep playing but it might crash again.</div>
|html|<div class="broadcast-red"><b>The battle crashed</b><br />You can keep playing but it might crash again.</div>
|html|<div class="broadcast-red"><b>The battle crashed</b><br />You can keep playing but it might crash again.</div>
|html|<div class="broadcast-red"><b>The battle crashed</b><br />You can keep playing but it might crash again.</div>
|html|<div class="broadcast-red"><b>The battle crashed</b><br />You can keep playing but it might crash again.</div>
|html|<div class="broadcast-red"><b>The battle crashed</b><br />You can keep playing but it might crash again.</div>
|html|<div class="broadcast-red"><b>The battle crashed</b><br />You can keep playing but it might crash again.</div>
|html|<div class="broadcast-red"><b>The battle crashed</b><br />You can keep playing but it might crash again.</div>
|html|<div class="broadcast-red"><b>The battle crashed</b><br />You can keep playing but it might crash again.</div>
|html|<div class="broadcast-red"><b>The battle crashed</b><br />You can keep playing but it might crash again.</div>
|html|<div class="broadcast-red"><b>The battle crashed</b><br />You can keep playing but it might crash again.</div>
|html|<div class="broadcast-red"><b>The battle crashed</b><br />You can keep playing but it might crash again.</div>
|html|<div class="broadcast-red"><b>The battle crashed</b><br />You can keep playing but it might crash again.</div>
|html|<div class="broadcast-red"><b>The battle crashed</b><br />You can keep playing but it might crash again.</div>
|html|<div class="broadcast-red"><b>The battle crashed</b><br />You can keep playing but it might crash again.</div>
|html|<div class="broadcast-red"><b>The battle crashed</b><br />You can keep playing but it might crash again.</div>
|html|<div class="broadcast-red"><b>The battle crashed</b><br />You can keep playing but it might crash again.</div>
|html|<div class="broadcast-red"><b>The battle crashed</b><br />You can keep playing but it might crash again.</div>
|html|<div class="broadcast-red"><b>The battle crashed</b><br />You can keep playing but it might crash again.</div>
|html|<div class="broadcast-red"><b>The battle crashed</b><br />You can keep playing but it might crash again.</div>
|html|<div class="broadcast-red"><b>The battle crashed</b><br />You can keep playing but it might crash again.</div>
|html|<div class="broadcast-red"><b>The battle crashed</b><br />You can keep playing but it might crash again.</div>
|html|<div class="broadcast-red"><b>The battle crashed</b><br />You can keep playing but it might crash again.</div>
|html|<div class="broadcast-red"><b>The battle crashed</b><br />You can keep playing but it might crash again.</div>
|html|<div class="broadcast-red"><b>The battle crashed</b><br />You can keep playing but it might crash again.</div>
|html|<div class="broadcast-red"><b>The battle crashed</b><br />You can keep playing but it might crash again.</div>

TypeError: Cannot read property 'isActive' of null
    at Tools.Battle.makeRequest (/Users/clazinasteunenberg/Downloads/Test/battle-engine.js:1943:15)
    at process.BattlePokemon.side (/Users/clazinasteunenberg/Downloads/Test/battle-engine.js:157:13)
    at process.EventEmitter.emit (events.js:98:17)
    at handleMessage (child_process.js:318:10)
    at Pipe.channel.onread (child_process.js:345:11)

ReferenceError: potd is not defined
    at Tools.exports.BattleScripts.randomTeam (/Users/clazinasteunenberg/Downloads/Test/data/scripts.js:1522:8)
    at Tools.exports.BattleScripts.getTeam (/Users/clazinasteunenberg/Downloads/Test/data/scripts.js:488:16)
    at new BattleSide (/Users/clazinasteunenberg/Downloads/Test/battle-engine.js:1096:27)
    at Tools.Battle.join (/Users/clazinasteunenberg/Downloads/Test/battle-engine.js:3333:15)
    at Tools.Battle.receive (/Users/clazinasteunenberg/Downloads/Test/battle-engine.js:3390:9)
    at process.BattlePokemon.side (/Users/clazinasteunenberg/Downloads/Test/battle-engine.js:143:12)
    at process.EventEmitter.emit (events.js:98:17)
    at handleMessage (child_process.js:318:10)
    at Pipe.channel.onread (child_process.js:345:11)

Additional information:
message = battle-randombattle-497|join|p1|Meloetta<3V|134
currentRequest = 

Log:
|html|<div class="broadcast-red"><b>The battle crashed</b><br />You can keep playing but it might crash again.</div>
|html|<div class="broadcast-red"><b>The battle crashed</b><br />You can keep playing but it might crash again.</div>
|html|<div class="broadcast-red"><b>The battle crashed</b><br />You can keep playing but it might crash again.</div>
|html|<div class="broadcast-red"><b>The battle crashed</b><br />You can keep playing but it might crash again.</div>
|html|<div class="broadcast-red"><b>The battle crashed</b><br />You can keep playing but it might crash again.</div>
|html|<div class="broadcast-red"><b>The battle crashed</b><br />You can keep playing but it might crash again.</div>
|html|<div class="broadcast-red"><b>The battle crashed</b><br />You can keep playing but it might crash again.</div>
|html|<div class="broadcast-red"><b>The battle crashed</b><br />You can keep playing but it might crash again.</div>
|html|<div class="broadcast-red"><b>The battle crashed</b><br />You can keep playing but it might crash again.</div>
|html|<div class="broadcast-red"><b>The battle crashed</b><br />You can keep playing but it might crash again.</div>
|html|<div class="broadcast-red"><b>The battle crashed</b><br />You can keep playing but it might crash again.</div>
|html|<div class="broadcast-red"><b>The battle crashed</b><br />You can keep playing but it might crash again.</div>
|html|<div class="broadcast-red"><b>The battle crashed</b><br />You can keep playing but it might crash again.</div>
|html|<div class="broadcast-red"><b>The battle crashed</b><br />You can keep playing but it might crash again.</div>
|html|<div class="broadcast-red"><b>The battle crashed</b><br />You can keep playing but it might crash again.</div>
|html|<div class="broadcast-red"><b>The battle crashed</b><br />You can keep playing but it might crash again.</div>
|html|<div class="broadcast-red"><b>The battle crashed</b><br />You can keep playing but it might crash again.</div>
|html|<div class="broadcast-red"><b>The battle crashed</b><br />You can keep playing but it might crash again.</div>
|html|<div class="broadcast-red"><b>The battle crashed</b><br />You can keep playing but it might crash again.</div>
|html|<div class="broadcast-red"><b>The battle crashed</b><br />You can keep playing but it might crash again.</div>
|html|<div class="broadcast-red"><b>The battle crashed</b><br />You can keep playing but it might crash again.</div>
|html|<div class="broadcast-red"><b>The battle crashed</b><br />You can keep playing but it might crash again.</div>
|html|<div class="broadcast-red"><b>The battle crashed</b><br />You can keep playing but it might crash again.</div>
|html|<div class="broadcast-red"><b>The battle crashed</b><br />You can keep playing but it might crash again.</div>
|html|<div class="broadcast-red"><b>The battle crashed</b><br />You can keep playing but it might crash again.</div>
|html|<div class="broadcast-red"><b>The battle crashed</b><br />You can keep playing but it might crash again.</div>
|html|<div class="broadcast-red"><b>The battle crashed</b><br />You can keep playing but it might crash again.</div>
|html|<div class="broadcast-red"><b>The battle crashed</b><br />You can keep playing but it might crash again.</div>
|html|<div class="broadcast-red"><b>The battle crashed</b><br />You can keep playing but it might crash again.</div>
|html|<div class="broadcast-red"><b>The battle crashed</b><br />You can keep playing but it might crash again.</div>
|html|<div class="broadcast-red"><b>The battle crashed</b><br />You can keep playing but it might crash again.</div>
|html|<div class="broadcast-red"><b>The battle crashed</b><br />You can keep playing but it might crash again.</div>
|html|<div class="broadcast-red"><b>The battle crashed</b><br />You can keep playing but it might crash again.</div>
|html|<div class="broadcast-red"><b>The battle crashed</b><br />You can keep playing but it might crash again.</div>
|html|<div class="broadcast-red"><b>The battle crashed</b><br />You can keep playing but it might crash again.</div>
|html|<div class="broadcast-red"><b>The battle crashed</b><br />You can keep playing but it might crash again.</div>
|html|<div class="broadcast-red"><b>The battle crashed</b><br />You can keep playing but it might crash again.</div>
|html|<div class="broadcast-red"><b>The battle crashed</b><br />You can keep playing but it might crash again.</div>
|html|<div class="broadcast-red"><b>The battle crashed</b><br />You can keep playing but it might crash again.</div>
|html|<div class="broadcast-red"><b>The battle crashed</b><br />You can keep playing but it might crash again.</div>
|html|<div class="broadcast-red"><b>The battle crashed</b><br />You can keep playing but it might crash again.</div>
|html|<div class="broadcast-red"><b>The battle crashed</b><br />You can keep playing but it might crash again.</div>
|html|<div class="broadcast-red"><b>The battle crashed</b><br />You can keep playing but it might crash again.</div>
|html|<div class="broadcast-red"><b>The battle crashed</b><br />You can keep playing but it might crash again.</div>
|html|<div class="broadcast-red"><b>The battle crashed</b><br />You can keep playing but it might crash again.</div>
|html|<div class="broadcast-red"><b>The battle crashed</b><br />You can keep playing but it might crash again.</div>
|html|<div class="broadcast-red"><b>The battle crashed</b><br />You can keep playing but it might crash again.</div>
|html|<div class="broadcast-red"><b>The battle crashed</b><br />You can keep playing but it might crash again.</div>
|html|<div class="broadcast-red"><b>The battle crashed</b><br />You can keep playing but it might crash again.</div>
|html|<div class="broadcast-red"><b>The battle crashed</b><br />You can keep playing but it might crash again.</div>
|html|<div class="broadcast-red"><b>The battle crashed</b><br />You can keep playing but it might crash again.</div>
|html|<div class="broadcast-red"><b>The battle crashed</b><br />You can keep playing but it might crash again.</div>
|html|<div class="broadcast-red"><b>The battle crashed</b><br />You can keep playing but it might crash again.</div>
|html|<div class="broadcast-red"><b>The battle crashed</b><br />You can keep playing but it might crash again.</div>
|html|<div class="broadcast-red"><b>The battle crashed</b><br />You can keep playing but it might crash again.</div>
|html|<div class="broadcast-red"><b>The battle crashed</b><br />You can keep playing but it might crash again.</div>
|html|<div class="broadcast-red"><b>The battle crashed</b><br />You can keep playing but it might crash again.</div>
|html|<div class="broadcast-red"><b>The battle crashed</b><br />You can keep playing but it might crash again.</div>
|html|<div class="broadcast-red"><b>The battle crashed</b><br />You can keep playing but it might crash again.</div>
|html|<div class="broadcast-red"><b>The battle crashed</b><br />You can keep playing but it might crash again.</div>
|html|<div class="broadcast-red"><b>The battle crashed</b><br />You can keep playing but it might crash again.</div>
|html|<div class="broadcast-red"><b>The battle crashed</b><br />You can keep playing but it might crash again.</div>
|html|<div class="broadcast-red"><b>The battle crashed</b><br />You can keep playing but it might crash again.</div>
|html|<div class="broadcast-red"><b>The battle crashed</b><br />You can keep playing but it might crash again.</div>
|html|<div class="broadcast-red"><b>The battle crashed</b><br />You can keep playing but it might crash again.</div>
|html|<div class="broadcast-red"><b>The battle crashed</b><br />You can keep playing but it might crash again.</div>
|html|<div class="broadcast-red"><b>The battle crashed</b><br />You can keep playing but it might crash again.</div>
|html|<div class="broadcast-red"><b>The battle crashed</b><br />You can keep playing but it might crash again.</div>
|html|<div class="broadcast-red"><b>The battle crashed</b><br />You can keep playing but it might crash again.</div>
|html|<div class="broadcast-red"><b>The battle crashed</b><br />You can keep playing but it might crash again.</div>
|html|<div class="broadcast-red"><b>The battle crashed</b><br />You can keep playing but it might crash again.</div>
|html|<div class="broadcast-red"><b>The battle crashed</b><br />You can keep playing but it might crash again.</div>
|html|<div class="broadcast-red"><b>The battle crashed</b><br />You can keep playing but it might crash again.</div>
|html|<div class="broadcast-red"><b>The battle crashed</b><br />You can keep playing but it might crash again.</div>
|html|<div class="broadcast-red"><b>The battle crashed</b><br />You can keep playing but it might crash again.</div>
|html|<div class="broadcast-red"><b>The battle crashed</b><br />You can keep playing but it might crash again.</div>
|html|<div class="broadcast-red"><b>The battle crashed</b><br />You can keep playing but it might crash again.</div>
|html|<div class="broadcast-red"><b>The battle crashed</b><br />You can keep playing but it might crash again.</div>
|html|<div class="broadcast-red"><b>The battle crashed</b><br />You can keep playing but it might crash again.</div>
|html|<div class="broadcast-red"><b>The battle crashed</b><br />You can keep playing but it might crash again.</div>
|html|<div class="broadcast-red"><b>The battle crashed</b><br />You can keep playing but it might crash again.</div>
|html|<div class="broadcast-red"><b>The battle crashed</b><br />You can keep playing but it might crash again.</div>
|html|<div class="broadcast-red"><b>The battle crashed</b><br />You can keep playing but it might crash again.</div>
|html|<div class="broadcast-red"><b>The battle crashed</b><br />You can keep playing but it might crash again.</div>
|html|<div class="broadcast-red"><b>The battle crashed</b><br />You can keep playing but it might crash again.</div>
|html|<div class="broadcast-red"><b>The battle crashed</b><br />You can keep playing but it might crash again.</div>
|html|<div class="broadcast-red"><b>The battle crashed</b><br />You can keep playing but it might crash again.</div>
|html|<div class="broadcast-red"><b>The battle crashed</b><br />You can keep playing but it might crash again.</div>
|html|<div class="broadcast-red"><b>The battle crashed</b><br />You can keep playing but it might crash again.</div>
|html|<div class="broadcast-red"><b>The battle crashed</b><br />You can keep playing but it might crash again.</div>
|html|<div class="broadcast-red"><b>The battle crashed</b><br />You can keep playing but it might crash again.</div>
|html|<div class="broadcast-red"><b>The battle crashed</b><br />You can keep playing but it might crash again.</div>

TypeError: Cannot read property 'isActive' of null
    at Tools.Battle.makeRequest (/Users/clazinasteunenberg/Downloads/Test/battle-engine.js:1943:15)
    at process.BattlePokemon.side (/Users/clazinasteunenberg/Downloads/Test/battle-engine.js:157:13)
    at process.EventEmitter.emit (events.js:98:17)
    at handleMessage (child_process.js:318:10)
    at Pipe.channel.onread (child_process.js:345:11)

ReferenceError: potd is not defined
    at Tools.exports.BattleScripts.randomTeam (/Users/clazinasteunenberg/Downloads/Test/data/scripts.js:1522:8)
    at Tools.exports.BattleScripts.getTeam (/Users/clazinasteunenberg/Downloads/Test/data/scripts.js:488:16)
    at new BattleSide (/Users/clazinasteunenberg/Downloads/Test/battle-engine.js:1096:27)
    at Tools.Battle.join (/Users/clazinasteunenberg/Downloads/Test/battle-engine.js:3333:15)
    at Tools.Battle.receive (/Users/clazinasteunenberg/Downloads/Test/battle-engine.js:3390:9)
    at process.BattlePokemon.side (/Users/clazinasteunenberg/Downloads/Test/battle-engine.js:143:12)
    at process.EventEmitter.emit (events.js:98:17)
    at handleMessage (child_process.js:318:10)
    at Pipe.channel.onread (child_process.js:345:11)

Additional information:
message = battle-randombattle-497|join|p1|Meloetta<3V|134
currentRequest = 

Log:
|html|<div class="broadcast-red"><b>The battle crashed</b><br />You can keep playing but it might crash again.</div>
|html|<div class="broadcast-red"><b>The battle crashed</b><br />You can keep playing but it might crash again.</div>
|html|<div class="broadcast-red"><b>The battle crashed</b><br />You can keep playing but it might crash again.</div>
|html|<div class="broadcast-red"><b>The battle crashed</b><br />You can keep playing but it might crash again.</div>
|html|<div class="broadcast-red"><b>The battle crashed</b><br />You can keep playing but it might crash again.</div>
|html|<div class="broadcast-red"><b>The battle crashed</b><br />You can keep playing but it might crash again.</div>
|html|<div class="broadcast-red"><b>The battle crashed</b><br />You can keep playing but it might crash again.</div>
|html|<div class="broadcast-red"><b>The battle crashed</b><br />You can keep playing but it might crash again.</div>
|html|<div class="broadcast-red"><b>The battle crashed</b><br />You can keep playing but it might crash again.</div>
|html|<div class="broadcast-red"><b>The battle crashed</b><br />You can keep playing but it might crash again.</div>
|html|<div class="broadcast-red"><b>The battle crashed</b><br />You can keep playing but it might crash again.</div>
|html|<div class="broadcast-red"><b>The battle crashed</b><br />You can keep playing but it might crash again.</div>
|html|<div class="broadcast-red"><b>The battle crashed</b><br />You can keep playing but it might crash again.</div>
|html|<div class="broadcast-red"><b>The battle crashed</b><br />You can keep playing but it might crash again.</div>
|html|<div class="broadcast-red"><b>The battle crashed</b><br />You can keep playing but it might crash again.</div>
|html|<div class="broadcast-red"><b>The battle crashed</b><br />You can keep playing but it might crash again.</div>
|html|<div class="broadcast-red"><b>The battle crashed</b><br />You can keep playing but it might crash again.</div>
|html|<div class="broadcast-red"><b>The battle crashed</b><br />You can keep playing but it might crash again.</div>
|html|<div class="broadcast-red"><b>The battle crashed</b><br />You can keep playing but it might crash again.</div>
|html|<div class="broadcast-red"><b>The battle crashed</b><br />You can keep playing but it might crash again.</div>
|html|<div class="broadcast-red"><b>The battle crashed</b><br />You can keep playing but it might crash again.</div>
|html|<div class="broadcast-red"><b>The battle crashed</b><br />You can keep playing but it might crash again.</div>
|html|<div class="broadcast-red"><b>The battle crashed</b><br />You can keep playing but it might crash again.</div>
|html|<div class="broadcast-red"><b>The battle crashed</b><br />You can keep playing but it might crash again.</div>
|html|<div class="broadcast-red"><b>The battle crashed</b><br />You can keep playing but it might crash again.</div>
|html|<div class="broadcast-red"><b>The battle crashed</b><br />You can keep playing but it might crash again.</div>
|html|<div class="broadcast-red"><b>The battle crashed</b><br />You can keep playing but it might crash again.</div>
|html|<div class="broadcast-red"><b>The battle crashed</b><br />You can keep playing but it might crash again.</div>
|html|<div class="broadcast-red"><b>The battle crashed</b><br />You can keep playing but it might crash again.</div>
|html|<div class="broadcast-red"><b>The battle crashed</b><br />You can keep playing but it might crash again.</div>
|html|<div class="broadcast-red"><b>The battle crashed</b><br />You can keep playing but it might crash again.</div>
|html|<div class="broadcast-red"><b>The battle crashed</b><br />You can keep playing but it might crash again.</div>
|html|<div class="broadcast-red"><b>The battle crashed</b><br />You can keep playing but it might crash again.</div>
|html|<div class="broadcast-red"><b>The battle crashed</b><br />You can keep playing but it might crash again.</div>
|html|<div class="broadcast-red"><b>The battle crashed</b><br />You can keep playing but it might crash again.</div>
|html|<div class="broadcast-red"><b>The battle crashed</b><br />You can keep playing but it might crash again.</div>
|html|<div class="broadcast-red"><b>The battle crashed</b><br />You can keep playing but it might crash again.</div>
|html|<div class="broadcast-red"><b>The battle crashed</b><br />You can keep playing but it might crash again.</div>
|html|<div class="broadcast-red"><b>The battle crashed</b><br />You can keep playing but it might crash again.</div>
|html|<div class="broadcast-red"><b>The battle crashed</b><br />You can keep playing but it might crash again.</div>
|html|<div class="broadcast-red"><b>The battle crashed</b><br />You can keep playing but it might crash again.</div>
|html|<div class="broadcast-red"><b>The battle crashed</b><br />You can keep playing but it might crash again.</div>
|html|<div class="broadcast-red"><b>The battle crashed</b><br />You can keep playing but it might crash again.</div>
|html|<div class="broadcast-red"><b>The battle crashed</b><br />You can keep playing but it might crash again.</div>
|html|<div class="broadcast-red"><b>The battle crashed</b><br />You can keep playing but it might crash again.</div>
|html|<div class="broadcast-red"><b>The battle crashed</b><br />You can keep playing but it might crash again.</div>
|html|<div class="broadcast-red"><b>The battle crashed</b><br />You can keep playing but it might crash again.</div>
|html|<div class="broadcast-red"><b>The battle crashed</b><br />You can keep playing but it might crash again.</div>
|html|<div class="broadcast-red"><b>The battle crashed</b><br />You can keep playing but it might crash again.</div>
|html|<div class="broadcast-red"><b>The battle crashed</b><br />You can keep playing but it might crash again.</div>
|html|<div class="broadcast-red"><b>The battle crashed</b><br />You can keep playing but it might crash again.</div>
|html|<div class="broadcast-red"><b>The battle crashed</b><br />You can keep playing but it might crash again.</div>
|html|<div class="broadcast-red"><b>The battle crashed</b><br />You can keep playing but it might crash again.</div>
|html|<div class="broadcast-red"><b>The battle crashed</b><br />You can keep playing but it might crash again.</div>
|html|<div class="broadcast-red"><b>The battle crashed</b><br />You can keep playing but it might crash again.</div>
|html|<div class="broadcast-red"><b>The battle crashed</b><br />You can keep playing but it might crash again.</div>
|html|<div class="broadcast-red"><b>The battle crashed</b><br />You can keep playing but it might crash again.</div>
|html|<div class="broadcast-red"><b>The battle crashed</b><br />You can keep playing but it might crash again.</div>
|html|<div class="broadcast-red"><b>The battle crashed</b><br />You can keep playing but it might crash again.</div>
|html|<div class="broadcast-red"><b>The battle crashed</b><br />You can keep playing but it might crash again.</div>
|html|<div class="broadcast-red"><b>The battle crashed</b><br />You can keep playing but it might crash again.</div>
|html|<div class="broadcast-red"><b>The battle crashed</b><br />You can keep playing but it might crash again.</div>
|html|<div class="broadcast-red"><b>The battle crashed</b><br />You can keep playing but it might crash again.</div>
|html|<div class="broadcast-red"><b>The battle crashed</b><br />You can keep playing but it might crash again.</div>
|html|<div class="broadcast-red"><b>The battle crashed</b><br />You can keep playing but it might crash again.</div>
|html|<div class="broadcast-red"><b>The battle crashed</b><br />You can keep playing but it might crash again.</div>
|html|<div class="broadcast-red"><b>The battle crashed</b><br />You can keep playing but it might crash again.</div>
|html|<div class="broadcast-red"><b>The battle crashed</b><br />You can keep playing but it might crash again.</div>
|html|<div class="broadcast-red"><b>The battle crashed</b><br />You can keep playing but it might crash again.</div>
|html|<div class="broadcast-red"><b>The battle crashed</b><br />You can keep playing but it might crash again.</div>
|html|<div class="broadcast-red"><b>The battle crashed</b><br />You can keep playing but it might crash again.</div>
|html|<div class="broadcast-red"><b>The battle crashed</b><br />You can keep playing but it might crash again.</div>
|html|<div class="broadcast-red"><b>The battle crashed</b><br />You can keep playing but it might crash again.</div>
|html|<div class="broadcast-red"><b>The battle crashed</b><br />You can keep playing but it might crash again.</div>
|html|<div class="broadcast-red"><b>The battle crashed</b><br />You can keep playing but it might crash again.</div>
|html|<div class="broadcast-red"><b>The battle crashed</b><br />You can keep playing but it might crash again.</div>
|html|<div class="broadcast-red"><b>The battle crashed</b><br />You can keep playing but it might crash again.</div>
|html|<div class="broadcast-red"><b>The battle crashed</b><br />You can keep playing but it might crash again.</div>
|html|<div class="broadcast-red"><b>The battle crashed</b><br />You can keep playing but it might crash again.</div>
|html|<div class="broadcast-red"><b>The battle crashed</b><br />You can keep playing but it might crash again.</div>
|html|<div class="broadcast-red"><b>The battle crashed</b><br />You can keep playing but it might crash again.</div>
|html|<div class="broadcast-red"><b>The battle crashed</b><br />You can keep playing but it might crash again.</div>
|html|<div class="broadcast-red"><b>The battle crashed</b><br />You can keep playing but it might crash again.</div>
|html|<div class="broadcast-red"><b>The battle crashed</b><br />You can keep playing but it might crash again.</div>
|html|<div class="broadcast-red"><b>The battle crashed</b><br />You can keep playing but it might crash again.</div>
|html|<div class="broadcast-red"><b>The battle crashed</b><br />You can keep playing but it might crash again.</div>
|html|<div class="broadcast-red"><b>The battle crashed</b><br />You can keep playing but it might crash again.</div>
|html|<div class="broadcast-red"><b>The battle crashed</b><br />You can keep playing but it might crash again.</div>
|html|<div class="broadcast-red"><b>The battle crashed</b><br />You can keep playing but it might crash again.</div>
|html|<div class="broadcast-red"><b>The battle crashed</b><br />You can keep playing but it might crash again.</div>
|html|<div class="broadcast-red"><b>The battle crashed</b><br />You can keep playing but it might crash again.</div>
|html|<div class="broadcast-red"><b>The battle crashed</b><br />You can keep playing but it might crash again.</div>
|html|<div class="broadcast-red"><b>The battle crashed</b><br />You can keep playing but it might crash again.</div>

TypeError: Cannot read property 'isActive' of null
    at Tools.Battle.makeRequest (/Users/clazinasteunenberg/Downloads/Test/battle-engine.js:1943:15)
    at process.BattlePokemon.side (/Users/clazinasteunenberg/Downloads/Test/battle-engine.js:157:13)
    at process.EventEmitter.emit (events.js:98:17)
    at handleMessage (child_process.js:318:10)
    at Pipe.channel.onread (child_process.js:345:11)

ReferenceError: potd is not defined
    at Tools.exports.BattleScripts.randomTeam (/Users/clazinasteunenberg/Downloads/Test/data/scripts.js:1522:8)
    at Tools.exports.BattleScripts.getTeam (/Users/clazinasteunenberg/Downloads/Test/data/scripts.js:488:16)
    at new BattleSide (/Users/clazinasteunenberg/Downloads/Test/battle-engine.js:1096:27)
    at Tools.Battle.join (/Users/clazinasteunenberg/Downloads/Test/battle-engine.js:3333:15)
    at Tools.Battle.receive (/Users/clazinasteunenberg/Downloads/Test/battle-engine.js:3390:9)
    at process.BattlePokemon.side (/Users/clazinasteunenberg/Downloads/Test/battle-engine.js:143:12)
    at process.EventEmitter.emit (events.js:98:17)
    at handleMessage (child_process.js:318:10)
    at Pipe.channel.onread (child_process.js:345:11)

Additional information:
message = battle-randombattle-497|join|p1|Meloetta<3V|134
currentRequest = 

Log:
|html|<div class="broadcast-red"><b>The battle crashed</b><br />You can keep playing but it might crash again.</div>
|html|<div class="broadcast-red"><b>The battle crashed</b><br />You can keep playing but it might crash again.</div>
|html|<div class="broadcast-red"><b>The battle crashed</b><br />You can keep playing but it might crash again.</div>
|html|<div class="broadcast-red"><b>The battle crashed</b><br />You can keep playing but it might crash again.</div>
|html|<div class="broadcast-red"><b>The battle crashed</b><br />You can keep playing but it might crash again.</div>
|html|<div class="broadcast-red"><b>The battle crashed</b><br />You can keep playing but it might crash again.</div>
|html|<div class="broadcast-red"><b>The battle crashed</b><br />You can keep playing but it might crash again.</div>
|html|<div class="broadcast-red"><b>The battle crashed</b><br />You can keep playing but it might crash again.</div>
|html|<div class="broadcast-red"><b>The battle crashed</b><br />You can keep playing but it might crash again.</div>
|html|<div class="broadcast-red"><b>The battle crashed</b><br />You can keep playing but it might crash again.</div>
|html|<div class="broadcast-red"><b>The battle crashed</b><br />You can keep playing but it might crash again.</div>
|html|<div class="broadcast-red"><b>The battle crashed</b><br />You can keep playing but it might crash again.</div>
|html|<div class="broadcast-red"><b>The battle crashed</b><br />You can keep playing but it might crash again.</div>
|html|<div class="broadcast-red"><b>The battle crashed</b><br />You can keep playing but it might crash again.</div>
|html|<div class="broadcast-red"><b>The battle crashed</b><br />You can keep playing but it might crash again.</div>
|html|<div class="broadcast-red"><b>The battle crashed</b><br />You can keep playing but it might crash again.</div>
|html|<div class="broadcast-red"><b>The battle crashed</b><br />You can keep playing but it might crash again.</div>
|html|<div class="broadcast-red"><b>The battle crashed</b><br />You can keep playing but it might crash again.</div>
|html|<div class="broadcast-red"><b>The battle crashed</b><br />You can keep playing but it might crash again.</div>
|html|<div class="broadcast-red"><b>The battle crashed</b><br />You can keep playing but it might crash again.</div>
|html|<div class="broadcast-red"><b>The battle crashed</b><br />You can keep playing but it might crash again.</div>
|html|<div class="broadcast-red"><b>The battle crashed</b><br />You can keep playing but it might crash again.</div>
|html|<div class="broadcast-red"><b>The battle crashed</b><br />You can keep playing but it might crash again.</div>
|html|<div class="broadcast-red"><b>The battle crashed</b><br />You can keep playing but it might crash again.</div>
|html|<div class="broadcast-red"><b>The battle crashed</b><br />You can keep playing but it might crash again.</div>
|html|<div class="broadcast-red"><b>The battle crashed</b><br />You can keep playing but it might crash again.</div>
|html|<div class="broadcast-red"><b>The battle crashed</b><br />You can keep playing but it might crash again.</div>
|html|<div class="broadcast-red"><b>The battle crashed</b><br />You can keep playing but it might crash again.</div>
|html|<div class="broadcast-red"><b>The battle crashed</b><br />You can keep playing but it might crash again.</div>
|html|<div class="broadcast-red"><b>The battle crashed</b><br />You can keep playing but it might crash again.</div>
|html|<div class="broadcast-red"><b>The battle crashed</b><br />You can keep playing but it might crash again.</div>
|html|<div class="broadcast-red"><b>The battle crashed</b><br />You can keep playing but it might crash again.</div>
|html|<div class="broadcast-red"><b>The battle crashed</b><br />You can keep playing but it might crash again.</div>
|html|<div class="broadcast-red"><b>The battle crashed</b><br />You can keep playing but it might crash again.</div>
|html|<div class="broadcast-red"><b>The battle crashed</b><br />You can keep playing but it might crash again.</div>
|html|<div class="broadcast-red"><b>The battle crashed</b><br />You can keep playing but it might crash again.</div>
|html|<div class="broadcast-red"><b>The battle crashed</b><br />You can keep playing but it might crash again.</div>
|html|<div class="broadcast-red"><b>The battle crashed</b><br />You can keep playing but it might crash again.</div>
|html|<div class="broadcast-red"><b>The battle crashed</b><br />You can keep playing but it might crash again.</div>
|html|<div class="broadcast-red"><b>The battle crashed</b><br />You can keep playing but it might crash again.</div>
|html|<div class="broadcast-red"><b>The battle crashed</b><br />You can keep playing but it might crash again.</div>
|html|<div class="broadcast-red"><b>The battle crashed</b><br />You can keep playing but it might crash again.</div>
|html|<div class="broadcast-red"><b>The battle crashed</b><br />You can keep playing but it might crash again.</div>
|html|<div class="broadcast-red"><b>The battle crashed</b><br />You can keep playing but it might crash again.</div>
|html|<div class="broadcast-red"><b>The battle crashed</b><br />You can keep playing but it might crash again.</div>
|html|<div class="broadcast-red"><b>The battle crashed</b><br />You can keep playing but it might crash again.</div>
|html|<div class="broadcast-red"><b>The battle crashed</b><br />You can keep playing but it might crash again.</div>
|html|<div class="broadcast-red"><b>The battle crashed</b><br />You can keep playing but it might crash again.</div>
|html|<div class="broadcast-red"><b>The battle crashed</b><br />You can keep playing but it might crash again.</div>
|html|<div class="broadcast-red"><b>The battle crashed</b><br />You can keep playing but it might crash again.</div>
|html|<div class="broadcast-red"><b>The battle crashed</b><br />You can keep playing but it might crash again.</div>
|html|<div class="broadcast-red"><b>The battle crashed</b><br />You can keep playing but it might crash again.</div>
|html|<div class="broadcast-red"><b>The battle crashed</b><br />You can keep playing but it might crash again.</div>
|html|<div class="broadcast-red"><b>The battle crashed</b><br />You can keep playing but it might crash again.</div>
|html|<div class="broadcast-red"><b>The battle crashed</b><br />You can keep playing but it might crash again.</div>
|html|<div class="broadcast-red"><b>The battle crashed</b><br />You can keep playing but it might crash again.</div>
|html|<div class="broadcast-red"><b>The battle crashed</b><br />You can keep playing but it might crash again.</div>
|html|<div class="broadcast-red"><b>The battle crashed</b><br />You can keep playing but it might crash again.</div>
|html|<div class="broadcast-red"><b>The battle crashed</b><br />You can keep playing but it might crash again.</div>
|html|<div class="broadcast-red"><b>The battle crashed</b><br />You can keep playing but it might crash again.</div>
|html|<div class="broadcast-red"><b>The battle crashed</b><br />You can keep playing but it might crash again.</div>
|html|<div class="broadcast-red"><b>The battle crashed</b><br />You can keep playing but it might crash again.</div>
|html|<div class="broadcast-red"><b>The battle crashed</b><br />You can keep playing but it might crash again.</div>
|html|<div class="broadcast-red"><b>The battle crashed</b><br />You can keep playing but it might crash again.</div>
|html|<div class="broadcast-red"><b>The battle crashed</b><br />You can keep playing but it might crash again.</div>
|html|<div class="broadcast-red"><b>The battle crashed</b><br />You can keep playing but it might crash again.</div>
|html|<div class="broadcast-red"><b>The battle crashed</b><br />You can keep playing but it might crash again.</div>
|html|<div class="broadcast-red"><b>The battle crashed</b><br />You can keep playing but it might crash again.</div>
|html|<div class="broadcast-red"><b>The battle crashed</b><br />You can keep playing but it might crash again.</div>
|html|<div class="broadcast-red"><b>The battle crashed</b><br />You can keep playing but it might crash again.</div>
|html|<div class="broadcast-red"><b>The battle crashed</b><br />You can keep playing but it might crash again.</div>
|html|<div class="broadcast-red"><b>The battle crashed</b><br />You can keep playing but it might crash again.</div>
|html|<div class="broadcast-red"><b>The battle crashed</b><br />You can keep playing but it might crash again.</div>
|html|<div class="broadcast-red"><b>The battle crashed</b><br />You can keep playing but it might crash again.</div>
|html|<div class="broadcast-red"><b>The battle crashed</b><br />You can keep playing but it might crash again.</div>
|html|<div class="broadcast-red"><b>The battle crashed</b><br />You can keep playing but it might crash again.</div>
|html|<div class="broadcast-red"><b>The battle crashed</b><br />You can keep playing but it might crash again.</div>
|html|<div class="broadcast-red"><b>The battle crashed</b><br />You can keep playing but it might crash again.</div>
|html|<div class="broadcast-red"><b>The battle crashed</b><br />You can keep playing but it might crash again.</div>
|html|<div class="broadcast-red"><b>The battle crashed</b><br />You can keep playing but it might crash again.</div>
|html|<div class="broadcast-red"><b>The battle crashed</b><br />You can keep playing but it might crash again.</div>
|html|<div class="broadcast-red"><b>The battle crashed</b><br />You can keep playing but it might crash again.</div>
|html|<div class="broadcast-red"><b>The battle crashed</b><br />You can keep playing but it might crash again.</div>
|html|<div class="broadcast-red"><b>The battle crashed</b><br />You can keep playing but it might crash again.</div>
|html|<div class="broadcast-red"><b>The battle crashed</b><br />You can keep playing but it might crash again.</div>
|html|<div class="broadcast-red"><b>The battle crashed</b><br />You can keep playing but it might crash again.</div>
|html|<div class="broadcast-red"><b>The battle crashed</b><br />You can keep playing but it might crash again.</div>
|html|<div class="broadcast-red"><b>The battle crashed</b><br />You can keep playing but it might crash again.</div>
|html|<div class="broadcast-red"><b>The battle crashed</b><br />You can keep playing but it might crash again.</div>
|html|<div class="broadcast-red"><b>The battle crashed</b><br />You can keep playing but it might crash again.</div>
|html|<div class="broadcast-red"><b>The battle crashed</b><br />You can keep playing but it might crash again.</div>
|html|<div class="broadcast-red"><b>The battle crashed</b><br />You can keep playing but it might crash again.</div>
|html|<div class="broadcast-red"><b>The battle crashed</b><br />You can keep playing but it might crash again.</div>
|html|<div class="broadcast-red"><b>The battle crashed</b><br />You can keep playing but it might crash again.</div>

TypeError: Cannot read property 'isActive' of null
    at Tools.Battle.makeRequest (/Users/clazinasteunenberg/Downloads/Test/battle-engine.js:1943:15)
    at process.BattlePokemon.side (/Users/clazinasteunenberg/Downloads/Test/battle-engine.js:157:13)
    at process.EventEmitter.emit (events.js:98:17)
    at handleMessage (child_process.js:318:10)
    at Pipe.channel.onread (child_process.js:345:11)

ReferenceError: potd is not defined
    at Tools.exports.BattleScripts.randomTeam (/Users/clazinasteunenberg/Downloads/Test/data/scripts.js:1522:8)
    at Tools.exports.BattleScripts.getTeam (/Users/clazinasteunenberg/Downloads/Test/data/scripts.js:488:16)
    at new BattleSide (/Users/clazinasteunenberg/Downloads/Test/battle-engine.js:1096:27)
    at Tools.Battle.join (/Users/clazinasteunenberg/Downloads/Test/battle-engine.js:3333:15)
    at Tools.Battle.receive (/Users/clazinasteunenberg/Downloads/Test/battle-engine.js:3390:9)
    at process.BattlePokemon.side (/Users/clazinasteunenberg/Downloads/Test/battle-engine.js:143:12)
    at process.EventEmitter.emit (events.js:98:17)
    at handleMessage (child_process.js:318:10)
    at Pipe.channel.onread (child_process.js:345:11)

Additional information:
message = battle-randombattle-497|join|p1|Meloetta<3V|134
currentRequest = 

Log:
|html|<div class="broadcast-red"><b>The battle crashed</b><br />You can keep playing but it might crash again.</div>
|html|<div class="broadcast-red"><b>The battle crashed</b><br />You can keep playing but it might crash again.</div>
|html|<div class="broadcast-red"><b>The battle crashed</b><br />You can keep playing but it might crash again.</div>
|html|<div class="broadcast-red"><b>The battle crashed</b><br />You can keep playing but it might crash again.</div>
|html|<div class="broadcast-red"><b>The battle crashed</b><br />You can keep playing but it might crash again.</div>
|html|<div class="broadcast-red"><b>The battle crashed</b><br />You can keep playing but it might crash again.</div>
|html|<div class="broadcast-red"><b>The battle crashed</b><br />You can keep playing but it might crash again.</div>
|html|<div class="broadcast-red"><b>The battle crashed</b><br />You can keep playing but it might crash again.</div>
|html|<div class="broadcast-red"><b>The battle crashed</b><br />You can keep playing but it might crash again.</div>
|html|<div class="broadcast-red"><b>The battle crashed</b><br />You can keep playing but it might crash again.</div>
|html|<div class="broadcast-red"><b>The battle crashed</b><br />You can keep playing but it might crash again.</div>
|html|<div class="broadcast-red"><b>The battle crashed</b><br />You can keep playing but it might crash again.</div>
|html|<div class="broadcast-red"><b>The battle crashed</b><br />You can keep playing but it might crash again.</div>
|html|<div class="broadcast-red"><b>The battle crashed</b><br />You can keep playing but it might crash again.</div>
|html|<div class="broadcast-red"><b>The battle crashed</b><br />You can keep playing but it might crash again.</div>
|html|<div class="broadcast-red"><b>The battle crashed</b><br />You can keep playing but it might crash again.</div>
|html|<div class="broadcast-red"><b>The battle crashed</b><br />You can keep playing but it might crash again.</div>
|html|<div class="broadcast-red"><b>The battle crashed</b><br />You can keep playing but it might crash again.</div>
|html|<div class="broadcast-red"><b>The battle crashed</b><br />You can keep playing but it might crash again.</div>
|html|<div class="broadcast-red"><b>The battle crashed</b><br />You can keep playing but it might crash again.</div>
|html|<div class="broadcast-red"><b>The battle crashed</b><br />You can keep playing but it might crash again.</div>
|html|<div class="broadcast-red"><b>The battle crashed</b><br />You can keep playing but it might crash again.</div>
|html|<div class="broadcast-red"><b>The battle crashed</b><br />You can keep playing but it might crash again.</div>
|html|<div class="broadcast-red"><b>The battle crashed</b><br />You can keep playing but it might crash again.</div>
|html|<div class="broadcast-red"><b>The battle crashed</b><br />You can keep playing but it might crash again.</div>
|html|<div class="broadcast-red"><b>The battle crashed</b><br />You can keep playing but it might crash again.</div>
|html|<div class="broadcast-red"><b>The battle crashed</b><br />You can keep playing but it might crash again.</div>
|html|<div class="broadcast-red"><b>The battle crashed</b><br />You can keep playing but it might crash again.</div>
|html|<div class="broadcast-red"><b>The battle crashed</b><br />You can keep playing but it might crash again.</div>
|html|<div class="broadcast-red"><b>The battle crashed</b><br />You can keep playing but it might crash again.</div>
|html|<div class="broadcast-red"><b>The battle crashed</b><br />You can keep playing but it might crash again.</div>
|html|<div class="broadcast-red"><b>The battle crashed</b><br />You can keep playing but it might crash again.</div>
|html|<div class="broadcast-red"><b>The battle crashed</b><br />You can keep playing but it might crash again.</div>
|html|<div class="broadcast-red"><b>The battle crashed</b><br />You can keep playing but it might crash again.</div>
|html|<div class="broadcast-red"><b>The battle crashed</b><br />You can keep playing but it might crash again.</div>
|html|<div class="broadcast-red"><b>The battle crashed</b><br />You can keep playing but it might crash again.</div>
|html|<div class="broadcast-red"><b>The battle crashed</b><br />You can keep playing but it might crash again.</div>
|html|<div class="broadcast-red"><b>The battle crashed</b><br />You can keep playing but it might crash again.</div>
|html|<div class="broadcast-red"><b>The battle crashed</b><br />You can keep playing but it might crash again.</div>
|html|<div class="broadcast-red"><b>The battle crashed</b><br />You can keep playing but it might crash again.</div>
|html|<div class="broadcast-red"><b>The battle crashed</b><br />You can keep playing but it might crash again.</div>
|html|<div class="broadcast-red"><b>The battle crashed</b><br />You can keep playing but it might crash again.</div>
|html|<div class="broadcast-red"><b>The battle crashed</b><br />You can keep playing but it might crash again.</div>
|html|<div class="broadcast-red"><b>The battle crashed</b><br />You can keep playing but it might crash again.</div>
|html|<div class="broadcast-red"><b>The battle crashed</b><br />You can keep playing but it might crash again.</div>
|html|<div class="broadcast-red"><b>The battle crashed</b><br />You can keep playing but it might crash again.</div>
|html|<div class="broadcast-red"><b>The battle crashed</b><br />You can keep playing but it might crash again.</div>
|html|<div class="broadcast-red"><b>The battle crashed</b><br />You can keep playing but it might crash again.</div>
|html|<div class="broadcast-red"><b>The battle crashed</b><br />You can keep playing but it might crash again.</div>
|html|<div class="broadcast-red"><b>The battle crashed</b><br />You can keep playing but it might crash again.</div>
|html|<div class="broadcast-red"><b>The battle crashed</b><br />You can keep playing but it might crash again.</div>
|html|<div class="broadcast-red"><b>The battle crashed</b><br />You can keep playing but it might crash again.</div>
|html|<div class="broadcast-red"><b>The battle crashed</b><br />You can keep playing but it might crash again.</div>
|html|<div class="broadcast-red"><b>The battle crashed</b><br />You can keep playing but it might crash again.</div>
|html|<div class="broadcast-red"><b>The battle crashed</b><br />You can keep playing but it might crash again.</div>
|html|<div class="broadcast-red"><b>The battle crashed</b><br />You can keep playing but it might crash again.</div>
|html|<div class="broadcast-red"><b>The battle crashed</b><br />You can keep playing but it might crash again.</div>
|html|<div class="broadcast-red"><b>The battle crashed</b><br />You can keep playing but it might crash again.</div>
|html|<div class="broadcast-red"><b>The battle crashed</b><br />You can keep playing but it might crash again.</div>
|html|<div class="broadcast-red"><b>The battle crashed</b><br />You can keep playing but it might crash again.</div>
|html|<div class="broadcast-red"><b>The battle crashed</b><br />You can keep playing but it might crash again.</div>
|html|<div class="broadcast-red"><b>The battle crashed</b><br />You can keep playing but it might crash again.</div>
|html|<div class="broadcast-red"><b>The battle crashed</b><br />You can keep playing but it might crash again.</div>
|html|<div class="broadcast-red"><b>The battle crashed</b><br />You can keep playing but it might crash again.</div>
|html|<div class="broadcast-red"><b>The battle crashed</b><br />You can keep playing but it might crash again.</div>
|html|<div class="broadcast-red"><b>The battle crashed</b><br />You can keep playing but it might crash again.</div>
|html|<div class="broadcast-red"><b>The battle crashed</b><br />You can keep playing but it might crash again.</div>
|html|<div class="broadcast-red"><b>The battle crashed</b><br />You can keep playing but it might crash again.</div>
|html|<div class="broadcast-red"><b>The battle crashed</b><br />You can keep playing but it might crash again.</div>
|html|<div class="broadcast-red"><b>The battle crashed</b><br />You can keep playing but it might crash again.</div>
|html|<div class="broadcast-red"><b>The battle crashed</b><br />You can keep playing but it might crash again.</div>
|html|<div class="broadcast-red"><b>The battle crashed</b><br />You can keep playing but it might crash again.</div>
|html|<div class="broadcast-red"><b>The battle crashed</b><br />You can keep playing but it might crash again.</div>
|html|<div class="broadcast-red"><b>The battle crashed</b><br />You can keep playing but it might crash again.</div>
|html|<div class="broadcast-red"><b>The battle crashed</b><br />You can keep playing but it might crash again.</div>
|html|<div class="broadcast-red"><b>The battle crashed</b><br />You can keep playing but it might crash again.</div>
|html|<div class="broadcast-red"><b>The battle crashed</b><br />You can keep playing but it might crash again.</div>
|html|<div class="broadcast-red"><b>The battle crashed</b><br />You can keep playing but it might crash again.</div>
|html|<div class="broadcast-red"><b>The battle crashed</b><br />You can keep playing but it might crash again.</div>
|html|<div class="broadcast-red"><b>The battle crashed</b><br />You can keep playing but it might crash again.</div>
|html|<div class="broadcast-red"><b>The battle crashed</b><br />You can keep playing but it might crash again.</div>
|html|<div class="broadcast-red"><b>The battle crashed</b><br />You can keep playing but it might crash again.</div>
|html|<div class="broadcast-red"><b>The battle crashed</b><br />You can keep playing but it might crash again.</div>
|html|<div class="broadcast-red"><b>The battle crashed</b><br />You can keep playing but it might crash again.</div>
|html|<div class="broadcast-red"><b>The battle crashed</b><br />You can keep playing but it might crash again.</div>
|html|<div class="broadcast-red"><b>The battle crashed</b><br />You can keep playing but it might crash again.</div>
|html|<div class="broadcast-red"><b>The battle crashed</b><br />You can keep playing but it might crash again.</div>
|html|<div class="broadcast-red"><b>The battle crashed</b><br />You can keep playing but it might crash again.</div>
|html|<div class="broadcast-red"><b>The battle crashed</b><br />You can keep playing but it might crash again.</div>
|html|<div class="broadcast-red"><b>The battle crashed</b><br />You can keep playing but it might crash again.</div>
|html|<div class="broadcast-red"><b>The battle crashed</b><br />You can keep playing but it might crash again.</div>
|html|<div class="broadcast-red"><b>The battle crashed</b><br />You can keep playing but it might crash again.</div>
|html|<div class="broadcast-red"><b>The battle crashed</b><br />You can keep playing but it might crash again.</div>
|html|<div class="broadcast-red"><b>The battle crashed</b><br />You can keep playing but it might crash again.</div>
|html|<div class="broadcast-red"><b>The battle crashed</b><br />You can keep playing but it might crash again.</div>

TypeError: Cannot read property 'isActive' of null
    at Tools.Battle.makeRequest (/Users/clazinasteunenberg/Downloads/Test/battle-engine.js:1943:15)
    at process.BattlePokemon.side (/Users/clazinasteunenberg/Downloads/Test/battle-engine.js:157:13)
    at process.EventEmitter.emit (events.js:98:17)
    at handleMessage (child_process.js:318:10)
    at Pipe.channel.onread (child_process.js:345:11)

ReferenceError: potd is not defined
    at Tools.exports.BattleScripts.randomTeam (/Users/clazinasteunenberg/Downloads/Test/data/scripts.js:1522:8)
    at Tools.exports.BattleScripts.getTeam (/Users/clazinasteunenberg/Downloads/Test/data/scripts.js:488:16)
    at new BattleSide (/Users/clazinasteunenberg/Downloads/Test/battle-engine.js:1096:27)
    at Tools.Battle.join (/Users/clazinasteunenberg/Downloads/Test/battle-engine.js:3333:15)
    at Tools.Battle.receive (/Users/clazinasteunenberg/Downloads/Test/battle-engine.js:3390:9)
    at process.BattlePokemon.side (/Users/clazinasteunenberg/Downloads/Test/battle-engine.js:143:12)
    at process.EventEmitter.emit (events.js:98:17)
    at handleMessage (child_process.js:318:10)
    at Pipe.channel.onread (child_process.js:345:11)

Additional information:
message = battle-randombattle-497|join|p1|Meloetta<3V|134
currentRequest = 

Log:
|html|<div class="broadcast-red"><b>The battle crashed</b><br />You can keep playing but it might crash again.</div>
|html|<div class="broadcast-red"><b>The battle crashed</b><br />You can keep playing but it might crash again.</div>
|html|<div class="broadcast-red"><b>The battle crashed</b><br />You can keep playing but it might crash again.</div>
|html|<div class="broadcast-red"><b>The battle crashed</b><br />You can keep playing but it might crash again.</div>
|html|<div class="broadcast-red"><b>The battle crashed</b><br />You can keep playing but it might crash again.</div>
|html|<div class="broadcast-red"><b>The battle crashed</b><br />You can keep playing but it might crash again.</div>
|html|<div class="broadcast-red"><b>The battle crashed</b><br />You can keep playing but it might crash again.</div>
|html|<div class="broadcast-red"><b>The battle crashed</b><br />You can keep playing but it might crash again.</div>
|html|<div class="broadcast-red"><b>The battle crashed</b><br />You can keep playing but it might crash again.</div>
|html|<div class="broadcast-red"><b>The battle crashed</b><br />You can keep playing but it might crash again.</div>
|html|<div class="broadcast-red"><b>The battle crashed</b><br />You can keep playing but it might crash again.</div>
|html|<div class="broadcast-red"><b>The battle crashed</b><br />You can keep playing but it might crash again.</div>
|html|<div class="broadcast-red"><b>The battle crashed</b><br />You can keep playing but it might crash again.</div>
|html|<div class="broadcast-red"><b>The battle crashed</b><br />You can keep playing but it might crash again.</div>
|html|<div class="broadcast-red"><b>The battle crashed</b><br />You can keep playing but it might crash again.</div>
|html|<div class="broadcast-red"><b>The battle crashed</b><br />You can keep playing but it might crash again.</div>
|html|<div class="broadcast-red"><b>The battle crashed</b><br />You can keep playing but it might crash again.</div>
|html|<div class="broadcast-red"><b>The battle crashed</b><br />You can keep playing but it might crash again.</div>
|html|<div class="broadcast-red"><b>The battle crashed</b><br />You can keep playing but it might crash again.</div>
|html|<div class="broadcast-red"><b>The battle crashed</b><br />You can keep playing but it might crash again.</div>
|html|<div class="broadcast-red"><b>The battle crashed</b><br />You can keep playing but it might crash again.</div>
|html|<div class="broadcast-red"><b>The battle crashed</b><br />You can keep playing but it might crash again.</div>
|html|<div class="broadcast-red"><b>The battle crashed</b><br />You can keep playing but it might crash again.</div>
|html|<div class="broadcast-red"><b>The battle crashed</b><br />You can keep playing but it might crash again.</div>
|html|<div class="broadcast-red"><b>The battle crashed</b><br />You can keep playing but it might crash again.</div>
|html|<div class="broadcast-red"><b>The battle crashed</b><br />You can keep playing but it might crash again.</div>
|html|<div class="broadcast-red"><b>The battle crashed</b><br />You can keep playing but it might crash again.</div>
|html|<div class="broadcast-red"><b>The battle crashed</b><br />You can keep playing but it might crash again.</div>
|html|<div class="broadcast-red"><b>The battle crashed</b><br />You can keep playing but it might crash again.</div>
|html|<div class="broadcast-red"><b>The battle crashed</b><br />You can keep playing but it might crash again.</div>
|html|<div class="broadcast-red"><b>The battle crashed</b><br />You can keep playing but it might crash again.</div>
|html|<div class="broadcast-red"><b>The battle crashed</b><br />You can keep playing but it might crash again.</div>
|html|<div class="broadcast-red"><b>The battle crashed</b><br />You can keep playing but it might crash again.</div>
|html|<div class="broadcast-red"><b>The battle crashed</b><br />You can keep playing but it might crash again.</div>
|html|<div class="broadcast-red"><b>The battle crashed</b><br />You can keep playing but it might crash again.</div>
|html|<div class="broadcast-red"><b>The battle crashed</b><br />You can keep playing but it might crash again.</div>
|html|<div class="broadcast-red"><b>The battle crashed</b><br />You can keep playing but it might crash again.</div>
|html|<div class="broadcast-red"><b>The battle crashed</b><br />You can keep playing but it might crash again.</div>
|html|<div class="broadcast-red"><b>The battle crashed</b><br />You can keep playing but it might crash again.</div>
|html|<div class="broadcast-red"><b>The battle crashed</b><br />You can keep playing but it might crash again.</div>
|html|<div class="broadcast-red"><b>The battle crashed</b><br />You can keep playing but it might crash again.</div>
|html|<div class="broadcast-red"><b>The battle crashed</b><br />You can keep playing but it might crash again.</div>
|html|<div class="broadcast-red"><b>The battle crashed</b><br />You can keep playing but it might crash again.</div>
|html|<div class="broadcast-red"><b>The battle crashed</b><br />You can keep playing but it might crash again.</div>
|html|<div class="broadcast-red"><b>The battle crashed</b><br />You can keep playing but it might crash again.</div>
|html|<div class="broadcast-red"><b>The battle crashed</b><br />You can keep playing but it might crash again.</div>
|html|<div class="broadcast-red"><b>The battle crashed</b><br />You can keep playing but it might crash again.</div>
|html|<div class="broadcast-red"><b>The battle crashed</b><br />You can keep playing but it might crash again.</div>
|html|<div class="broadcast-red"><b>The battle crashed</b><br />You can keep playing but it might crash again.</div>
|html|<div class="broadcast-red"><b>The battle crashed</b><br />You can keep playing but it might crash again.</div>
|html|<div class="broadcast-red"><b>The battle crashed</b><br />You can keep playing but it might crash again.</div>
|html|<div class="broadcast-red"><b>The battle crashed</b><br />You can keep playing but it might crash again.</div>
|html|<div class="broadcast-red"><b>The battle crashed</b><br />You can keep playing but it might crash again.</div>
|html|<div class="broadcast-red"><b>The battle crashed</b><br />You can keep playing but it might crash again.</div>
|html|<div class="broadcast-red"><b>The battle crashed</b><br />You can keep playing but it might crash again.</div>
|html|<div class="broadcast-red"><b>The battle crashed</b><br />You can keep playing but it might crash again.</div>
|html|<div class="broadcast-red"><b>The battle crashed</b><br />You can keep playing but it might crash again.</div>
|html|<div class="broadcast-red"><b>The battle crashed</b><br />You can keep playing but it might crash again.</div>
|html|<div class="broadcast-red"><b>The battle crashed</b><br />You can keep playing but it might crash again.</div>
|html|<div class="broadcast-red"><b>The battle crashed</b><br />You can keep playing but it might crash again.</div>
|html|<div class="broadcast-red"><b>The battle crashed</b><br />You can keep playing but it might crash again.</div>
|html|<div class="broadcast-red"><b>The battle crashed</b><br />You can keep playing but it might crash again.</div>
|html|<div class="broadcast-red"><b>The battle crashed</b><br />You can keep playing but it might crash again.</div>
|html|<div class="broadcast-red"><b>The battle crashed</b><br />You can keep playing but it might crash again.</div>
|html|<div class="broadcast-red"><b>The battle crashed</b><br />You can keep playing but it might crash again.</div>
|html|<div class="broadcast-red"><b>The battle crashed</b><br />You can keep playing but it might crash again.</div>
|html|<div class="broadcast-red"><b>The battle crashed</b><br />You can keep playing but it might crash again.</div>
|html|<div class="broadcast-red"><b>The battle crashed</b><br />You can keep playing but it might crash again.</div>
|html|<div class="broadcast-red"><b>The battle crashed</b><br />You can keep playing but it might crash again.</div>
|html|<div class="broadcast-red"><b>The battle crashed</b><br />You can keep playing but it might crash again.</div>
|html|<div class="broadcast-red"><b>The battle crashed</b><br />You can keep playing but it might crash again.</div>
|html|<div class="broadcast-red"><b>The battle crashed</b><br />You can keep playing but it might crash again.</div>
|html|<div class="broadcast-red"><b>The battle crashed</b><br />You can keep playing but it might crash again.</div>
|html|<div class="broadcast-red"><b>The battle crashed</b><br />You can keep playing but it might crash again.</div>
|html|<div class="broadcast-red"><b>The battle crashed</b><br />You can keep playing but it might crash again.</div>
|html|<div class="broadcast-red"><b>The battle crashed</b><br />You can keep playing but it might crash again.</div>
|html|<div class="broadcast-red"><b>The battle crashed</b><br />You can keep playing but it might crash again.</div>
|html|<div class="broadcast-red"><b>The battle crashed</b><br />You can keep playing but it might crash again.</div>
|html|<div class="broadcast-red"><b>The battle crashed</b><br />You can keep playing but it might crash again.</div>
|html|<div class="broadcast-red"><b>The battle crashed</b><br />You can keep playing but it might crash again.</div>
|html|<div class="broadcast-red"><b>The battle crashed</b><br />You can keep playing but it might crash again.</div>
|html|<div class="broadcast-red"><b>The battle crashed</b><br />You can keep playing but it might crash again.</div>
|html|<div class="broadcast-red"><b>The battle crashed</b><br />You can keep playing but it might crash again.</div>
|html|<div class="broadcast-red"><b>The battle crashed</b><br />You can keep playing but it might crash again.</div>
|html|<div class="broadcast-red"><b>The battle crashed</b><br />You can keep playing but it might crash again.</div>
|html|<div class="broadcast-red"><b>The battle crashed</b><br />You can keep playing but it might crash again.</div>
|html|<div class="broadcast-red"><b>The battle crashed</b><br />You can keep playing but it might crash again.</div>
|html|<div class="broadcast-red"><b>The battle crashed</b><br />You can keep playing but it might crash again.</div>
|html|<div class="broadcast-red"><b>The battle crashed</b><br />You can keep playing but it might crash again.</div>
|html|<div class="broadcast-red"><b>The battle crashed</b><br />You can keep playing but it might crash again.</div>
|html|<div class="broadcast-red"><b>The battle crashed</b><br />You can keep playing but it might crash again.</div>
|html|<div class="broadcast-red"><b>The battle crashed</b><br />You can keep playing but it might crash again.</div>
|html|<div class="broadcast-red"><b>The battle crashed</b><br />You can keep playing but it might crash again.</div>
|html|<div class="broadcast-red"><b>The battle crashed</b><br />You can keep playing but it might crash again.</div>
|html|<div class="broadcast-red"><b>The battle crashed</b><br />You can keep playing but it might crash again.</div>
|html|<div class="broadcast-red"><b>The battle crashed</b><br />You can keep playing but it might crash again.</div>

TypeError: Cannot read property 'isActive' of null
    at Tools.Battle.makeRequest (/Users/clazinasteunenberg/Downloads/Test/battle-engine.js:1943:15)
    at process.BattlePokemon.side (/Users/clazinasteunenberg/Downloads/Test/battle-engine.js:157:13)
    at process.EventEmitter.emit (events.js:98:17)
    at handleMessage (child_process.js:318:10)
    at Pipe.channel.onread (child_process.js:345:11)

ReferenceError: potd is not defined
    at Tools.exports.BattleScripts.randomTeam (/Users/clazinasteunenberg/Downloads/Test/data/scripts.js:1522:8)
    at Tools.exports.BattleScripts.getTeam (/Users/clazinasteunenberg/Downloads/Test/data/scripts.js:488:16)
    at new BattleSide (/Users/clazinasteunenberg/Downloads/Test/battle-engine.js:1096:27)
    at Tools.Battle.join (/Users/clazinasteunenberg/Downloads/Test/battle-engine.js:3333:15)
    at Tools.Battle.receive (/Users/clazinasteunenberg/Downloads/Test/battle-engine.js:3390:9)
    at process.BattlePokemon.side (/Users/clazinasteunenberg/Downloads/Test/battle-engine.js:143:12)
    at process.EventEmitter.emit (events.js:98:17)
    at handleMessage (child_process.js:318:10)
    at Pipe.channel.onread (child_process.js:345:11)

Additional information:
message = battle-randombattle-497|join|p1|Meloetta<3V|134
currentRequest = 

Log:
|html|<div class="broadcast-red"><b>The battle crashed</b><br />You can keep playing but it might crash again.</div>
|html|<div class="broadcast-red"><b>The battle crashed</b><br />You can keep playing but it might crash again.</div>
|html|<div class="broadcast-red"><b>The battle crashed</b><br />You can keep playing but it might crash again.</div>
|html|<div class="broadcast-red"><b>The battle crashed</b><br />You can keep playing but it might crash again.</div>
|html|<div class="broadcast-red"><b>The battle crashed</b><br />You can keep playing but it might crash again.</div>
|html|<div class="broadcast-red"><b>The battle crashed</b><br />You can keep playing but it might crash again.</div>
|html|<div class="broadcast-red"><b>The battle crashed</b><br />You can keep playing but it might crash again.</div>
|html|<div class="broadcast-red"><b>The battle crashed</b><br />You can keep playing but it might crash again.</div>
|html|<div class="broadcast-red"><b>The battle crashed</b><br />You can keep playing but it might crash again.</div>
|html|<div class="broadcast-red"><b>The battle crashed</b><br />You can keep playing but it might crash again.</div>
|html|<div class="broadcast-red"><b>The battle crashed</b><br />You can keep playing but it might crash again.</div>
|html|<div class="broadcast-red"><b>The battle crashed</b><br />You can keep playing but it might crash again.</div>
|html|<div class="broadcast-red"><b>The battle crashed</b><br />You can keep playing but it might crash again.</div>
|html|<div class="broadcast-red"><b>The battle crashed</b><br />You can keep playing but it might crash again.</div>
|html|<div class="broadcast-red"><b>The battle crashed</b><br />You can keep playing but it might crash again.</div>
|html|<div class="broadcast-red"><b>The battle crashed</b><br />You can keep playing but it might crash again.</div>
|html|<div class="broadcast-red"><b>The battle crashed</b><br />You can keep playing but it might crash again.</div>
|html|<div class="broadcast-red"><b>The battle crashed</b><br />You can keep playing but it might crash again.</div>
|html|<div class="broadcast-red"><b>The battle crashed</b><br />You can keep playing but it might crash again.</div>
|html|<div class="broadcast-red"><b>The battle crashed</b><br />You can keep playing but it might crash again.</div>
|html|<div class="broadcast-red"><b>The battle crashed</b><br />You can keep playing but it might crash again.</div>
|html|<div class="broadcast-red"><b>The battle crashed</b><br />You can keep playing but it might crash again.</div>
|html|<div class="broadcast-red"><b>The battle crashed</b><br />You can keep playing but it might crash again.</div>
|html|<div class="broadcast-red"><b>The battle crashed</b><br />You can keep playing but it might crash again.</div>
|html|<div class="broadcast-red"><b>The battle crashed</b><br />You can keep playing but it might crash again.</div>
|html|<div class="broadcast-red"><b>The battle crashed</b><br />You can keep playing but it might crash again.</div>
|html|<div class="broadcast-red"><b>The battle crashed</b><br />You can keep playing but it might crash again.</div>
|html|<div class="broadcast-red"><b>The battle crashed</b><br />You can keep playing but it might crash again.</div>
|html|<div class="broadcast-red"><b>The battle crashed</b><br />You can keep playing but it might crash again.</div>
|html|<div class="broadcast-red"><b>The battle crashed</b><br />You can keep playing but it might crash again.</div>
|html|<div class="broadcast-red"><b>The battle crashed</b><br />You can keep playing but it might crash again.</div>
|html|<div class="broadcast-red"><b>The battle crashed</b><br />You can keep playing but it might crash again.</div>
|html|<div class="broadcast-red"><b>The battle crashed</b><br />You can keep playing but it might crash again.</div>
|html|<div class="broadcast-red"><b>The battle crashed</b><br />You can keep playing but it might crash again.</div>
|html|<div class="broadcast-red"><b>The battle crashed</b><br />You can keep playing but it might crash again.</div>
|html|<div class="broadcast-red"><b>The battle crashed</b><br />You can keep playing but it might crash again.</div>
|html|<div class="broadcast-red"><b>The battle crashed</b><br />You can keep playing but it might crash again.</div>
|html|<div class="broadcast-red"><b>The battle crashed</b><br />You can keep playing but it might crash again.</div>
|html|<div class="broadcast-red"><b>The battle crashed</b><br />You can keep playing but it might crash again.</div>
|html|<div class="broadcast-red"><b>The battle crashed</b><br />You can keep playing but it might crash again.</div>
|html|<div class="broadcast-red"><b>The battle crashed</b><br />You can keep playing but it might crash again.</div>
|html|<div class="broadcast-red"><b>The battle crashed</b><br />You can keep playing but it might crash again.</div>
|html|<div class="broadcast-red"><b>The battle crashed</b><br />You can keep playing but it might crash again.</div>
|html|<div class="broadcast-red"><b>The battle crashed</b><br />You can keep playing but it might crash again.</div>
|html|<div class="broadcast-red"><b>The battle crashed</b><br />You can keep playing but it might crash again.</div>
|html|<div class="broadcast-red"><b>The battle crashed</b><br />You can keep playing but it might crash again.</div>
|html|<div class="broadcast-red"><b>The battle crashed</b><br />You can keep playing but it might crash again.</div>
|html|<div class="broadcast-red"><b>The battle crashed</b><br />You can keep playing but it might crash again.</div>
|html|<div class="broadcast-red"><b>The battle crashed</b><br />You can keep playing but it might crash again.</div>
|html|<div class="broadcast-red"><b>The battle crashed</b><br />You can keep playing but it might crash again.</div>
|html|<div class="broadcast-red"><b>The battle crashed</b><br />You can keep playing but it might crash again.</div>
|html|<div class="broadcast-red"><b>The battle crashed</b><br />You can keep playing but it might crash again.</div>
|html|<div class="broadcast-red"><b>The battle crashed</b><br />You can keep playing but it might crash again.</div>
|html|<div class="broadcast-red"><b>The battle crashed</b><br />You can keep playing but it might crash again.</div>
|html|<div class="broadcast-red"><b>The battle crashed</b><br />You can keep playing but it might crash again.</div>
|html|<div class="broadcast-red"><b>The battle crashed</b><br />You can keep playing but it might crash again.</div>
|html|<div class="broadcast-red"><b>The battle crashed</b><br />You can keep playing but it might crash again.</div>
|html|<div class="broadcast-red"><b>The battle crashed</b><br />You can keep playing but it might crash again.</div>
|html|<div class="broadcast-red"><b>The battle crashed</b><br />You can keep playing but it might crash again.</div>
|html|<div class="broadcast-red"><b>The battle crashed</b><br />You can keep playing but it might crash again.</div>
|html|<div class="broadcast-red"><b>The battle crashed</b><br />You can keep playing but it might crash again.</div>
|html|<div class="broadcast-red"><b>The battle crashed</b><br />You can keep playing but it might crash again.</div>
|html|<div class="broadcast-red"><b>The battle crashed</b><br />You can keep playing but it might crash again.</div>
|html|<div class="broadcast-red"><b>The battle crashed</b><br />You can keep playing but it might crash again.</div>
|html|<div class="broadcast-red"><b>The battle crashed</b><br />You can keep playing but it might crash again.</div>
|html|<div class="broadcast-red"><b>The battle crashed</b><br />You can keep playing but it might crash again.</div>
|html|<div class="broadcast-red"><b>The battle crashed</b><br />You can keep playing but it might crash again.</div>
|html|<div class="broadcast-red"><b>The battle crashed</b><br />You can keep playing but it might crash again.</div>
|html|<div class="broadcast-red"><b>The battle crashed</b><br />You can keep playing but it might crash again.</div>
|html|<div class="broadcast-red"><b>The battle crashed</b><br />You can keep playing but it might crash again.</div>
|html|<div class="broadcast-red"><b>The battle crashed</b><br />You can keep playing but it might crash again.</div>
|html|<div class="broadcast-red"><b>The battle crashed</b><br />You can keep playing but it might crash again.</div>
|html|<div class="broadcast-red"><b>The battle crashed</b><br />You can keep playing but it might crash again.</div>
|html|<div class="broadcast-red"><b>The battle crashed</b><br />You can keep playing but it might crash again.</div>
|html|<div class="broadcast-red"><b>The battle crashed</b><br />You can keep playing but it might crash again.</div>
|html|<div class="broadcast-red"><b>The battle crashed</b><br />You can keep playing but it might crash again.</div>
|html|<div class="broadcast-red"><b>The battle crashed</b><br />You can keep playing but it might crash again.</div>
|html|<div class="broadcast-red"><b>The battle crashed</b><br />You can keep playing but it might crash again.</div>
|html|<div class="broadcast-red"><b>The battle crashed</b><br />You can keep playing but it might crash again.</div>
|html|<div class="broadcast-red"><b>The battle crashed</b><br />You can keep playing but it might crash again.</div>
|html|<div class="broadcast-red"><b>The battle crashed</b><br />You can keep playing but it might crash again.</div>
|html|<div class="broadcast-red"><b>The battle crashed</b><br />You can keep playing but it might crash again.</div>
|html|<div class="broadcast-red"><b>The battle crashed</b><br />You can keep playing but it might crash again.</div>
|html|<div class="broadcast-red"><b>The battle crashed</b><br />You can keep playing but it might crash again.</div>
|html|<div class="broadcast-red"><b>The battle crashed</b><br />You can keep playing but it might crash again.</div>
|html|<div class="broadcast-red"><b>The battle crashed</b><br />You can keep playing but it might crash again.</div>
|html|<div class="broadcast-red"><b>The battle crashed</b><br />You can keep playing but it might crash again.</div>
|html|<div class="broadcast-red"><b>The battle crashed</b><br />You can keep playing but it might crash again.</div>
|html|<div class="broadcast-red"><b>The battle crashed</b><br />You can keep playing but it might crash again.</div>
|html|<div class="broadcast-red"><b>The battle crashed</b><br />You can keep playing but it might crash again.</div>
|html|<div class="broadcast-red"><b>The battle crashed</b><br />You can keep playing but it might crash again.</div>
|html|<div class="broadcast-red"><b>The battle crashed</b><br />You can keep playing but it might crash again.</div>
|html|<div class="broadcast-red"><b>The battle crashed</b><br />You can keep playing but it might crash again.</div>
|html|<div class="broadcast-red"><b>The battle crashed</b><br />You can keep playing but it might crash again.</div>
|html|<div class="broadcast-red"><b>The battle crashed</b><br />You can keep playing but it might crash again.</div>
|html|<div class="broadcast-red"><b>The battle crashed</b><br />You can keep playing but it might crash again.</div>
|html|<div class="broadcast-red"><b>The battle crashed</b><br />You can keep playing but it might crash again.</div>

TypeError: Cannot read property 'isActive' of null
    at Tools.Battle.makeRequest (/Users/clazinasteunenberg/Downloads/Test/battle-engine.js:1943:15)
    at process.BattlePokemon.side (/Users/clazinasteunenberg/Downloads/Test/battle-engine.js:157:13)
    at process.EventEmitter.emit (events.js:98:17)
    at handleMessage (child_process.js:318:10)
    at Pipe.channel.onread (child_process.js:345:11)

ReferenceError: potd is not defined
    at Tools.exports.BattleScripts.randomTeam (/Users/clazinasteunenberg/Downloads/Test/data/scripts.js:1522:8)
    at Tools.exports.BattleScripts.getTeam (/Users/clazinasteunenberg/Downloads/Test/data/scripts.js:488:16)
    at new BattleSide (/Users/clazinasteunenberg/Downloads/Test/battle-engine.js:1096:27)
    at Tools.Battle.join (/Users/clazinasteunenberg/Downloads/Test/battle-engine.js:3333:15)
    at Tools.Battle.receive (/Users/clazinasteunenberg/Downloads/Test/battle-engine.js:3390:9)
    at process.BattlePokemon.side (/Users/clazinasteunenberg/Downloads/Test/battle-engine.js:143:12)
    at process.EventEmitter.emit (events.js:98:17)
    at handleMessage (child_process.js:318:10)
    at Pipe.channel.onread (child_process.js:345:11)

Additional information:
message = battle-randombattle-497|join|p1|Meloetta<3V|134
currentRequest = 

Log:
|html|<div class="broadcast-red"><b>The battle crashed</b><br />You can keep playing but it might crash again.</div>
|html|<div class="broadcast-red"><b>The battle crashed</b><br />You can keep playing but it might crash again.</div>
|html|<div class="broadcast-red"><b>The battle crashed</b><br />You can keep playing but it might crash again.</div>
|html|<div class="broadcast-red"><b>The battle crashed</b><br />You can keep playing but it might crash again.</div>
|html|<div class="broadcast-red"><b>The battle crashed</b><br />You can keep playing but it might crash again.</div>
|html|<div class="broadcast-red"><b>The battle crashed</b><br />You can keep playing but it might crash again.</div>
|html|<div class="broadcast-red"><b>The battle crashed</b><br />You can keep playing but it might crash again.</div>
|html|<div class="broadcast-red"><b>The battle crashed</b><br />You can keep playing but it might crash again.</div>
|html|<div class="broadcast-red"><b>The battle crashed</b><br />You can keep playing but it might crash again.</div>
|html|<div class="broadcast-red"><b>The battle crashed</b><br />You can keep playing but it might crash again.</div>
|html|<div class="broadcast-red"><b>The battle crashed</b><br />You can keep playing but it might crash again.</div>
|html|<div class="broadcast-red"><b>The battle crashed</b><br />You can keep playing but it might crash again.</div>
|html|<div class="broadcast-red"><b>The battle crashed</b><br />You can keep playing but it might crash again.</div>
|html|<div class="broadcast-red"><b>The battle crashed</b><br />You can keep playing but it might crash again.</div>
|html|<div class="broadcast-red"><b>The battle crashed</b><br />You can keep playing but it might crash again.</div>
|html|<div class="broadcast-red"><b>The battle crashed</b><br />You can keep playing but it might crash again.</div>
|html|<div class="broadcast-red"><b>The battle crashed</b><br />You can keep playing but it might crash again.</div>
|html|<div class="broadcast-red"><b>The battle crashed</b><br />You can keep playing but it might crash again.</div>
|html|<div class="broadcast-red"><b>The battle crashed</b><br />You can keep playing but it might crash again.</div>
|html|<div class="broadcast-red"><b>The battle crashed</b><br />You can keep playing but it might crash again.</div>
|html|<div class="broadcast-red"><b>The battle crashed</b><br />You can keep playing but it might crash again.</div>
|html|<div class="broadcast-red"><b>The battle crashed</b><br />You can keep playing but it might crash again.</div>
|html|<div class="broadcast-red"><b>The battle crashed</b><br />You can keep playing but it might crash again.</div>
|html|<div class="broadcast-red"><b>The battle crashed</b><br />You can keep playing but it might crash again.</div>
|html|<div class="broadcast-red"><b>The battle crashed</b><br />You can keep playing but it might crash again.</div>
|html|<div class="broadcast-red"><b>The battle crashed</b><br />You can keep playing but it might crash again.</div>
|html|<div class="broadcast-red"><b>The battle crashed</b><br />You can keep playing but it might crash again.</div>
|html|<div class="broadcast-red"><b>The battle crashed</b><br />You can keep playing but it might crash again.</div>
|html|<div class="broadcast-red"><b>The battle crashed</b><br />You can keep playing but it might crash again.</div>
|html|<div class="broadcast-red"><b>The battle crashed</b><br />You can keep playing but it might crash again.</div>
|html|<div class="broadcast-red"><b>The battle crashed</b><br />You can keep playing but it might crash again.</div>
|html|<div class="broadcast-red"><b>The battle crashed</b><br />You can keep playing but it might crash again.</div>
|html|<div class="broadcast-red"><b>The battle crashed</b><br />You can keep playing but it might crash again.</div>
|html|<div class="broadcast-red"><b>The battle crashed</b><br />You can keep playing but it might crash again.</div>
|html|<div class="broadcast-red"><b>The battle crashed</b><br />You can keep playing but it might crash again.</div>
|html|<div class="broadcast-red"><b>The battle crashed</b><br />You can keep playing but it might crash again.</div>
|html|<div class="broadcast-red"><b>The battle crashed</b><br />You can keep playing but it might crash again.</div>
|html|<div class="broadcast-red"><b>The battle crashed</b><br />You can keep playing but it might crash again.</div>
|html|<div class="broadcast-red"><b>The battle crashed</b><br />You can keep playing but it might crash again.</div>
|html|<div class="broadcast-red"><b>The battle crashed</b><br />You can keep playing but it might crash again.</div>
|html|<div class="broadcast-red"><b>The battle crashed</b><br />You can keep playing but it might crash again.</div>
|html|<div class="broadcast-red"><b>The battle crashed</b><br />You can keep playing but it might crash again.</div>
|html|<div class="broadcast-red"><b>The battle crashed</b><br />You can keep playing but it might crash again.</div>
|html|<div class="broadcast-red"><b>The battle crashed</b><br />You can keep playing but it might crash again.</div>
|html|<div class="broadcast-red"><b>The battle crashed</b><br />You can keep playing but it might crash again.</div>
|html|<div class="broadcast-red"><b>The battle crashed</b><br />You can keep playing but it might crash again.</div>
|html|<div class="broadcast-red"><b>The battle crashed</b><br />You can keep playing but it might crash again.</div>
|html|<div class="broadcast-red"><b>The battle crashed</b><br />You can keep playing but it might crash again.</div>
|html|<div class="broadcast-red"><b>The battle crashed</b><br />You can keep playing but it might crash again.</div>
|html|<div class="broadcast-red"><b>The battle crashed</b><br />You can keep playing but it might crash again.</div>
|html|<div class="broadcast-red"><b>The battle crashed</b><br />You can keep playing but it might crash again.</div>
|html|<div class="broadcast-red"><b>The battle crashed</b><br />You can keep playing but it might crash again.</div>
|html|<div class="broadcast-red"><b>The battle crashed</b><br />You can keep playing but it might crash again.</div>
|html|<div class="broadcast-red"><b>The battle crashed</b><br />You can keep playing but it might crash again.</div>
|html|<div class="broadcast-red"><b>The battle crashed</b><br />You can keep playing but it might crash again.</div>
|html|<div class="broadcast-red"><b>The battle crashed</b><br />You can keep playing but it might crash again.</div>
|html|<div class="broadcast-red"><b>The battle crashed</b><br />You can keep playing but it might crash again.</div>
|html|<div class="broadcast-red"><b>The battle crashed</b><br />You can keep playing but it might crash again.</div>
|html|<div class="broadcast-red"><b>The battle crashed</b><br />You can keep playing but it might crash again.</div>
|html|<div class="broadcast-red"><b>The battle crashed</b><br />You can keep playing but it might crash again.</div>
|html|<div class="broadcast-red"><b>The battle crashed</b><br />You can keep playing but it might crash again.</div>
|html|<div class="broadcast-red"><b>The battle crashed</b><br />You can keep playing but it might crash again.</div>
|html|<div class="broadcast-red"><b>The battle crashed</b><br />You can keep playing but it might crash again.</div>
|html|<div class="broadcast-red"><b>The battle crashed</b><br />You can keep playing but it might crash again.</div>
|html|<div class="broadcast-red"><b>The battle crashed</b><br />You can keep playing but it might crash again.</div>
|html|<div class="broadcast-red"><b>The battle crashed</b><br />You can keep playing but it might crash again.</div>
|html|<div class="broadcast-red"><b>The battle crashed</b><br />You can keep playing but it might crash again.</div>
|html|<div class="broadcast-red"><b>The battle crashed</b><br />You can keep playing but it might crash again.</div>
|html|<div class="broadcast-red"><b>The battle crashed</b><br />You can keep playing but it might crash again.</div>
|html|<div class="broadcast-red"><b>The battle crashed</b><br />You can keep playing but it might crash again.</div>
|html|<div class="broadcast-red"><b>The battle crashed</b><br />You can keep playing but it might crash again.</div>
|html|<div class="broadcast-red"><b>The battle crashed</b><br />You can keep playing but it might crash again.</div>
|html|<div class="broadcast-red"><b>The battle crashed</b><br />You can keep playing but it might crash again.</div>
|html|<div class="broadcast-red"><b>The battle crashed</b><br />You can keep playing but it might crash again.</div>
|html|<div class="broadcast-red"><b>The battle crashed</b><br />You can keep playing but it might crash again.</div>
|html|<div class="broadcast-red"><b>The battle crashed</b><br />You can keep playing but it might crash again.</div>
|html|<div class="broadcast-red"><b>The battle crashed</b><br />You can keep playing but it might crash again.</div>
|html|<div class="broadcast-red"><b>The battle crashed</b><br />You can keep playing but it might crash again.</div>
|html|<div class="broadcast-red"><b>The battle crashed</b><br />You can keep playing but it might crash again.</div>
|html|<div class="broadcast-red"><b>The battle crashed</b><br />You can keep playing but it might crash again.</div>
|html|<div class="broadcast-red"><b>The battle crashed</b><br />You can keep playing but it might crash again.</div>
|html|<div class="broadcast-red"><b>The battle crashed</b><br />You can keep playing but it might crash again.</div>
|html|<div class="broadcast-red"><b>The battle crashed</b><br />You can keep playing but it might crash again.</div>
|html|<div class="broadcast-red"><b>The battle crashed</b><br />You can keep playing but it might crash again.</div>
|html|<div class="broadcast-red"><b>The battle crashed</b><br />You can keep playing but it might crash again.</div>
|html|<div class="broadcast-red"><b>The battle crashed</b><br />You can keep playing but it might crash again.</div>
|html|<div class="broadcast-red"><b>The battle crashed</b><br />You can keep playing but it might crash again.</div>
|html|<div class="broadcast-red"><b>The battle crashed</b><br />You can keep playing but it might crash again.</div>
|html|<div class="broadcast-red"><b>The battle crashed</b><br />You can keep playing but it might crash again.</div>
|html|<div class="broadcast-red"><b>The battle crashed</b><br />You can keep playing but it might crash again.</div>
|html|<div class="broadcast-red"><b>The battle crashed</b><br />You can keep playing but it might crash again.</div>
|html|<div class="broadcast-red"><b>The battle crashed</b><br />You can keep playing but it might crash again.</div>
|html|<div class="broadcast-red"><b>The battle crashed</b><br />You can keep playing but it might crash again.</div>
|html|<div class="broadcast-red"><b>The battle crashed</b><br />You can keep playing but it might crash again.</div>
|html|<div class="broadcast-red"><b>The battle crashed</b><br />You can keep playing but it might crash again.</div>
|html|<div class="broadcast-red"><b>The battle crashed</b><br />You can keep playing but it might crash again.</div>
|html|<div class="broadcast-red"><b>The battle crashed</b><br />You can keep playing but it might crash again.</div>
|html|<div class="broadcast-red"><b>The battle crashed</b><br />You can keep playing but it might crash again.</div>

TypeError: Cannot read property 'isActive' of null
    at Tools.Battle.makeRequest (/Users/clazinasteunenberg/Downloads/Test/battle-engine.js:1943:15)
    at process.BattlePokemon.side (/Users/clazinasteunenberg/Downloads/Test/battle-engine.js:157:13)
    at process.EventEmitter.emit (events.js:98:17)
    at handleMessage (child_process.js:318:10)
    at Pipe.channel.onread (child_process.js:345:11)

ReferenceError: potd is not defined
    at Tools.exports.BattleScripts.randomTeam (/Users/clazinasteunenberg/Downloads/Test/data/scripts.js:1522:8)
    at Tools.exports.BattleScripts.getTeam (/Users/clazinasteunenberg/Downloads/Test/data/scripts.js:488:16)
    at new BattleSide (/Users/clazinasteunenberg/Downloads/Test/battle-engine.js:1096:27)
    at Tools.Battle.join (/Users/clazinasteunenberg/Downloads/Test/battle-engine.js:3333:15)
    at Tools.Battle.receive (/Users/clazinasteunenberg/Downloads/Test/battle-engine.js:3390:9)
    at process.BattlePokemon.side (/Users/clazinasteunenberg/Downloads/Test/battle-engine.js:143:12)
    at process.EventEmitter.emit (events.js:98:17)
    at handleMessage (child_process.js:318:10)
    at Pipe.channel.onread (child_process.js:345:11)

Additional information:
message = battle-randombattle-497|join|p1|Meloetta<3V|134
currentRequest = 

Log:
|html|<div class="broadcast-red"><b>The battle crashed</b><br />You can keep playing but it might crash again.</div>
|html|<div class="broadcast-red"><b>The battle crashed</b><br />You can keep playing but it might crash again.</div>
|html|<div class="broadcast-red"><b>The battle crashed</b><br />You can keep playing but it might crash again.</div>
|html|<div class="broadcast-red"><b>The battle crashed</b><br />You can keep playing but it might crash again.</div>
|html|<div class="broadcast-red"><b>The battle crashed</b><br />You can keep playing but it might crash again.</div>
|html|<div class="broadcast-red"><b>The battle crashed</b><br />You can keep playing but it might crash again.</div>
|html|<div class="broadcast-red"><b>The battle crashed</b><br />You can keep playing but it might crash again.</div>
|html|<div class="broadcast-red"><b>The battle crashed</b><br />You can keep playing but it might crash again.</div>
|html|<div class="broadcast-red"><b>The battle crashed</b><br />You can keep playing but it might crash again.</div>
|html|<div class="broadcast-red"><b>The battle crashed</b><br />You can keep playing but it might crash again.</div>
|html|<div class="broadcast-red"><b>The battle crashed</b><br />You can keep playing but it might crash again.</div>
|html|<div class="broadcast-red"><b>The battle crashed</b><br />You can keep playing but it might crash again.</div>
|html|<div class="broadcast-red"><b>The battle crashed</b><br />You can keep playing but it might crash again.</div>
|html|<div class="broadcast-red"><b>The battle crashed</b><br />You can keep playing but it might crash again.</div>
|html|<div class="broadcast-red"><b>The battle crashed</b><br />You can keep playing but it might crash again.</div>
|html|<div class="broadcast-red"><b>The battle crashed</b><br />You can keep playing but it might crash again.</div>
|html|<div class="broadcast-red"><b>The battle crashed</b><br />You can keep playing but it might crash again.</div>
|html|<div class="broadcast-red"><b>The battle crashed</b><br />You can keep playing but it might crash again.</div>
|html|<div class="broadcast-red"><b>The battle crashed</b><br />You can keep playing but it might crash again.</div>
|html|<div class="broadcast-red"><b>The battle crashed</b><br />You can keep playing but it might crash again.</div>
|html|<div class="broadcast-red"><b>The battle crashed</b><br />You can keep playing but it might crash again.</div>
|html|<div class="broadcast-red"><b>The battle crashed</b><br />You can keep playing but it might crash again.</div>
|html|<div class="broadcast-red"><b>The battle crashed</b><br />You can keep playing but it might crash again.</div>
|html|<div class="broadcast-red"><b>The battle crashed</b><br />You can keep playing but it might crash again.</div>
|html|<div class="broadcast-red"><b>The battle crashed</b><br />You can keep playing but it might crash again.</div>
|html|<div class="broadcast-red"><b>The battle crashed</b><br />You can keep playing but it might crash again.</div>
|html|<div class="broadcast-red"><b>The battle crashed</b><br />You can keep playing but it might crash again.</div>
|html|<div class="broadcast-red"><b>The battle crashed</b><br />You can keep playing but it might crash again.</div>
|html|<div class="broadcast-red"><b>The battle crashed</b><br />You can keep playing but it might crash again.</div>
|html|<div class="broadcast-red"><b>The battle crashed</b><br />You can keep playing but it might crash again.</div>
|html|<div class="broadcast-red"><b>The battle crashed</b><br />You can keep playing but it might crash again.</div>
|html|<div class="broadcast-red"><b>The battle crashed</b><br />You can keep playing but it might crash again.</div>
|html|<div class="broadcast-red"><b>The battle crashed</b><br />You can keep playing but it might crash again.</div>
|html|<div class="broadcast-red"><b>The battle crashed</b><br />You can keep playing but it might crash again.</div>
|html|<div class="broadcast-red"><b>The battle crashed</b><br />You can keep playing but it might crash again.</div>
|html|<div class="broadcast-red"><b>The battle crashed</b><br />You can keep playing but it might crash again.</div>
|html|<div class="broadcast-red"><b>The battle crashed</b><br />You can keep playing but it might crash again.</div>
|html|<div class="broadcast-red"><b>The battle crashed</b><br />You can keep playing but it might crash again.</div>
|html|<div class="broadcast-red"><b>The battle crashed</b><br />You can keep playing but it might crash again.</div>
|html|<div class="broadcast-red"><b>The battle crashed</b><br />You can keep playing but it might crash again.</div>
|html|<div class="broadcast-red"><b>The battle crashed</b><br />You can keep playing but it might crash again.</div>
|html|<div class="broadcast-red"><b>The battle crashed</b><br />You can keep playing but it might crash again.</div>
|html|<div class="broadcast-red"><b>The battle crashed</b><br />You can keep playing but it might crash again.</div>
|html|<div class="broadcast-red"><b>The battle crashed</b><br />You can keep playing but it might crash again.</div>
|html|<div class="broadcast-red"><b>The battle crashed</b><br />You can keep playing but it might crash again.</div>
|html|<div class="broadcast-red"><b>The battle crashed</b><br />You can keep playing but it might crash again.</div>
|html|<div class="broadcast-red"><b>The battle crashed</b><br />You can keep playing but it might crash again.</div>
|html|<div class="broadcast-red"><b>The battle crashed</b><br />You can keep playing but it might crash again.</div>
|html|<div class="broadcast-red"><b>The battle crashed</b><br />You can keep playing but it might crash again.</div>
|html|<div class="broadcast-red"><b>The battle crashed</b><br />You can keep playing but it might crash again.</div>
|html|<div class="broadcast-red"><b>The battle crashed</b><br />You can keep playing but it might crash again.</div>
|html|<div class="broadcast-red"><b>The battle crashed</b><br />You can keep playing but it might crash again.</div>
|html|<div class="broadcast-red"><b>The battle crashed</b><br />You can keep playing but it might crash again.</div>
|html|<div class="broadcast-red"><b>The battle crashed</b><br />You can keep playing but it might crash again.</div>
|html|<div class="broadcast-red"><b>The battle crashed</b><br />You can keep playing but it might crash again.</div>
|html|<div class="broadcast-red"><b>The battle crashed</b><br />You can keep playing but it might crash again.</div>
|html|<div class="broadcast-red"><b>The battle crashed</b><br />You can keep playing but it might crash again.</div>
|html|<div class="broadcast-red"><b>The battle crashed</b><br />You can keep playing but it might crash again.</div>
|html|<div class="broadcast-red"><b>The battle crashed</b><br />You can keep playing but it might crash again.</div>
|html|<div class="broadcast-red"><b>The battle crashed</b><br />You can keep playing but it might crash again.</div>
|html|<div class="broadcast-red"><b>The battle crashed</b><br />You can keep playing but it might crash again.</div>
|html|<div class="broadcast-red"><b>The battle crashed</b><br />You can keep playing but it might crash again.</div>
|html|<div class="broadcast-red"><b>The battle crashed</b><br />You can keep playing but it might crash again.</div>
|html|<div class="broadcast-red"><b>The battle crashed</b><br />You can keep playing but it might crash again.</div>
|html|<div class="broadcast-red"><b>The battle crashed</b><br />You can keep playing but it might crash again.</div>
|html|<div class="broadcast-red"><b>The battle crashed</b><br />You can keep playing but it might crash again.</div>
|html|<div class="broadcast-red"><b>The battle crashed</b><br />You can keep playing but it might crash again.</div>
|html|<div class="broadcast-red"><b>The battle crashed</b><br />You can keep playing but it might crash again.</div>
|html|<div class="broadcast-red"><b>The battle crashed</b><br />You can keep playing but it might crash again.</div>
|html|<div class="broadcast-red"><b>The battle crashed</b><br />You can keep playing but it might crash again.</div>
|html|<div class="broadcast-red"><b>The battle crashed</b><br />You can keep playing but it might crash again.</div>
|html|<div class="broadcast-red"><b>The battle crashed</b><br />You can keep playing but it might crash again.</div>
|html|<div class="broadcast-red"><b>The battle crashed</b><br />You can keep playing but it might crash again.</div>
|html|<div class="broadcast-red"><b>The battle crashed</b><br />You can keep playing but it might crash again.</div>
|html|<div class="broadcast-red"><b>The battle crashed</b><br />You can keep playing but it might crash again.</div>
|html|<div class="broadcast-red"><b>The battle crashed</b><br />You can keep playing but it might crash again.</div>
|html|<div class="broadcast-red"><b>The battle crashed</b><br />You can keep playing but it might crash again.</div>
|html|<div class="broadcast-red"><b>The battle crashed</b><br />You can keep playing but it might crash again.</div>
|html|<div class="broadcast-red"><b>The battle crashed</b><br />You can keep playing but it might crash again.</div>
|html|<div class="broadcast-red"><b>The battle crashed</b><br />You can keep playing but it might crash again.</div>
|html|<div class="broadcast-red"><b>The battle crashed</b><br />You can keep playing but it might crash again.</div>
|html|<div class="broadcast-red"><b>The battle crashed</b><br />You can keep playing but it might crash again.</div>
|html|<div class="broadcast-red"><b>The battle crashed</b><br />You can keep playing but it might crash again.</div>
|html|<div class="broadcast-red"><b>The battle crashed</b><br />You can keep playing but it might crash again.</div>
|html|<div class="broadcast-red"><b>The battle crashed</b><br />You can keep playing but it might crash again.</div>
|html|<div class="broadcast-red"><b>The battle crashed</b><br />You can keep playing but it might crash again.</div>
|html|<div class="broadcast-red"><b>The battle crashed</b><br />You can keep playing but it might crash again.</div>
|html|<div class="broadcast-red"><b>The battle crashed</b><br />You can keep playing but it might crash again.</div>
|html|<div class="broadcast-red"><b>The battle crashed</b><br />You can keep playing but it might crash again.</div>
|html|<div class="broadcast-red"><b>The battle crashed</b><br />You can keep playing but it might crash again.</div>
|html|<div class="broadcast-red"><b>The battle crashed</b><br />You can keep playing but it might crash again.</div>
|html|<div class="broadcast-red"><b>The battle crashed</b><br />You can keep playing but it might crash again.</div>
|html|<div class="broadcast-red"><b>The battle crashed</b><br />You can keep playing but it might crash again.</div>
|html|<div class="broadcast-red"><b>The battle crashed</b><br />You can keep playing but it might crash again.</div>
|html|<div class="broadcast-red"><b>The battle crashed</b><br />You can keep playing but it might crash again.</div>
|html|<div class="broadcast-red"><b>The battle crashed</b><br />You can keep playing but it might crash again.</div>
|html|<div class="broadcast-red"><b>The battle crashed</b><br />You can keep playing but it might crash again.</div>
|html|<div class="broadcast-red"><b>The battle crashed</b><br />You can keep playing but it might crash again.</div>
|html|<div class="broadcast-red"><b>The battle crashed</b><br />You can keep playing but it might crash again.</div>

TypeError: Cannot read property 'isActive' of null
    at Tools.Battle.makeRequest (/Users/clazinasteunenberg/Downloads/Test/battle-engine.js:1943:15)
    at process.BattlePokemon.side (/Users/clazinasteunenberg/Downloads/Test/battle-engine.js:157:13)
    at process.EventEmitter.emit (events.js:98:17)
    at handleMessage (child_process.js:318:10)
    at Pipe.channel.onread (child_process.js:345:11)

ReferenceError: potd is not defined
    at Tools.exports.BattleScripts.randomTeam (/Users/clazinasteunenberg/Downloads/Test/data/scripts.js:1522:8)
    at Tools.exports.BattleScripts.getTeam (/Users/clazinasteunenberg/Downloads/Test/data/scripts.js:488:16)
    at new BattleSide (/Users/clazinasteunenberg/Downloads/Test/battle-engine.js:1096:27)
    at Tools.Battle.join (/Users/clazinasteunenberg/Downloads/Test/battle-engine.js:3333:15)
    at Tools.Battle.receive (/Users/clazinasteunenberg/Downloads/Test/battle-engine.js:3390:9)
    at process.BattlePokemon.side (/Users/clazinasteunenberg/Downloads/Test/battle-engine.js:143:12)
    at process.EventEmitter.emit (events.js:98:17)
    at handleMessage (child_process.js:318:10)
    at Pipe.channel.onread (child_process.js:345:11)

Additional information:
message = battle-randombattle-497|join|p1|Meloetta<3V|134
currentRequest = 

Log:
|html|<div class="broadcast-red"><b>The battle crashed</b><br />You can keep playing but it might crash again.</div>
|html|<div class="broadcast-red"><b>The battle crashed</b><br />You can keep playing but it might crash again.</div>
|html|<div class="broadcast-red"><b>The battle crashed</b><br />You can keep playing but it might crash again.</div>
|html|<div class="broadcast-red"><b>The battle crashed</b><br />You can keep playing but it might crash again.</div>
|html|<div class="broadcast-red"><b>The battle crashed</b><br />You can keep playing but it might crash again.</div>
|html|<div class="broadcast-red"><b>The battle crashed</b><br />You can keep playing but it might crash again.</div>
|html|<div class="broadcast-red"><b>The battle crashed</b><br />You can keep playing but it might crash again.</div>
|html|<div class="broadcast-red"><b>The battle crashed</b><br />You can keep playing but it might crash again.</div>
|html|<div class="broadcast-red"><b>The battle crashed</b><br />You can keep playing but it might crash again.</div>
|html|<div class="broadcast-red"><b>The battle crashed</b><br />You can keep playing but it might crash again.</div>
|html|<div class="broadcast-red"><b>The battle crashed</b><br />You can keep playing but it might crash again.</div>
|html|<div class="broadcast-red"><b>The battle crashed</b><br />You can keep playing but it might crash again.</div>
|html|<div class="broadcast-red"><b>The battle crashed</b><br />You can keep playing but it might crash again.</div>
|html|<div class="broadcast-red"><b>The battle crashed</b><br />You can keep playing but it might crash again.</div>
|html|<div class="broadcast-red"><b>The battle crashed</b><br />You can keep playing but it might crash again.</div>
|html|<div class="broadcast-red"><b>The battle crashed</b><br />You can keep playing but it might crash again.</div>
|html|<div class="broadcast-red"><b>The battle crashed</b><br />You can keep playing but it might crash again.</div>
|html|<div class="broadcast-red"><b>The battle crashed</b><br />You can keep playing but it might crash again.</div>
|html|<div class="broadcast-red"><b>The battle crashed</b><br />You can keep playing but it might crash again.</div>
|html|<div class="broadcast-red"><b>The battle crashed</b><br />You can keep playing but it might crash again.</div>
|html|<div class="broadcast-red"><b>The battle crashed</b><br />You can keep playing but it might crash again.</div>
|html|<div class="broadcast-red"><b>The battle crashed</b><br />You can keep playing but it might crash again.</div>
|html|<div class="broadcast-red"><b>The battle crashed</b><br />You can keep playing but it might crash again.</div>
|html|<div class="broadcast-red"><b>The battle crashed</b><br />You can keep playing but it might crash again.</div>
|html|<div class="broadcast-red"><b>The battle crashed</b><br />You can keep playing but it might crash again.</div>
|html|<div class="broadcast-red"><b>The battle crashed</b><br />You can keep playing but it might crash again.</div>
|html|<div class="broadcast-red"><b>The battle crashed</b><br />You can keep playing but it might crash again.</div>
|html|<div class="broadcast-red"><b>The battle crashed</b><br />You can keep playing but it might crash again.</div>
|html|<div class="broadcast-red"><b>The battle crashed</b><br />You can keep playing but it might crash again.</div>
|html|<div class="broadcast-red"><b>The battle crashed</b><br />You can keep playing but it might crash again.</div>
|html|<div class="broadcast-red"><b>The battle crashed</b><br />You can keep playing but it might crash again.</div>
|html|<div class="broadcast-red"><b>The battle crashed</b><br />You can keep playing but it might crash again.</div>
|html|<div class="broadcast-red"><b>The battle crashed</b><br />You can keep playing but it might crash again.</div>
|html|<div class="broadcast-red"><b>The battle crashed</b><br />You can keep playing but it might crash again.</div>
|html|<div class="broadcast-red"><b>The battle crashed</b><br />You can keep playing but it might crash again.</div>
|html|<div class="broadcast-red"><b>The battle crashed</b><br />You can keep playing but it might crash again.</div>
|html|<div class="broadcast-red"><b>The battle crashed</b><br />You can keep playing but it might crash again.</div>
|html|<div class="broadcast-red"><b>The battle crashed</b><br />You can keep playing but it might crash again.</div>
|html|<div class="broadcast-red"><b>The battle crashed</b><br />You can keep playing but it might crash again.</div>
|html|<div class="broadcast-red"><b>The battle crashed</b><br />You can keep playing but it might crash again.</div>
|html|<div class="broadcast-red"><b>The battle crashed</b><br />You can keep playing but it might crash again.</div>
|html|<div class="broadcast-red"><b>The battle crashed</b><br />You can keep playing but it might crash again.</div>
|html|<div class="broadcast-red"><b>The battle crashed</b><br />You can keep playing but it might crash again.</div>
|html|<div class="broadcast-red"><b>The battle crashed</b><br />You can keep playing but it might crash again.</div>
|html|<div class="broadcast-red"><b>The battle crashed</b><br />You can keep playing but it might crash again.</div>
|html|<div class="broadcast-red"><b>The battle crashed</b><br />You can keep playing but it might crash again.</div>
|html|<div class="broadcast-red"><b>The battle crashed</b><br />You can keep playing but it might crash again.</div>
|html|<div class="broadcast-red"><b>The battle crashed</b><br />You can keep playing but it might crash again.</div>
|html|<div class="broadcast-red"><b>The battle crashed</b><br />You can keep playing but it might crash again.</div>
|html|<div class="broadcast-red"><b>The battle crashed</b><br />You can keep playing but it might crash again.</div>
|html|<div class="broadcast-red"><b>The battle crashed</b><br />You can keep playing but it might crash again.</div>
|html|<div class="broadcast-red"><b>The battle crashed</b><br />You can keep playing but it might crash again.</div>
|html|<div class="broadcast-red"><b>The battle crashed</b><br />You can keep playing but it might crash again.</div>
|html|<div class="broadcast-red"><b>The battle crashed</b><br />You can keep playing but it might crash again.</div>
|html|<div class="broadcast-red"><b>The battle crashed</b><br />You can keep playing but it might crash again.</div>
|html|<div class="broadcast-red"><b>The battle crashed</b><br />You can keep playing but it might crash again.</div>
|html|<div class="broadcast-red"><b>The battle crashed</b><br />You can keep playing but it might crash again.</div>
|html|<div class="broadcast-red"><b>The battle crashed</b><br />You can keep playing but it might crash again.</div>
|html|<div class="broadcast-red"><b>The battle crashed</b><br />You can keep playing but it might crash again.</div>
|html|<div class="broadcast-red"><b>The battle crashed</b><br />You can keep playing but it might crash again.</div>
|html|<div class="broadcast-red"><b>The battle crashed</b><br />You can keep playing but it might crash again.</div>
|html|<div class="broadcast-red"><b>The battle crashed</b><br />You can keep playing but it might crash again.</div>
|html|<div class="broadcast-red"><b>The battle crashed</b><br />You can keep playing but it might crash again.</div>
|html|<div class="broadcast-red"><b>The battle crashed</b><br />You can keep playing but it might crash again.</div>
|html|<div class="broadcast-red"><b>The battle crashed</b><br />You can keep playing but it might crash again.</div>
|html|<div class="broadcast-red"><b>The battle crashed</b><br />You can keep playing but it might crash again.</div>
|html|<div class="broadcast-red"><b>The battle crashed</b><br />You can keep playing but it might crash again.</div>
|html|<div class="broadcast-red"><b>The battle crashed</b><br />You can keep playing but it might crash again.</div>
|html|<div class="broadcast-red"><b>The battle crashed</b><br />You can keep playing but it might crash again.</div>
|html|<div class="broadcast-red"><b>The battle crashed</b><br />You can keep playing but it might crash again.</div>
|html|<div class="broadcast-red"><b>The battle crashed</b><br />You can keep playing but it might crash again.</div>
|html|<div class="broadcast-red"><b>The battle crashed</b><br />You can keep playing but it might crash again.</div>
|html|<div class="broadcast-red"><b>The battle crashed</b><br />You can keep playing but it might crash again.</div>
|html|<div class="broadcast-red"><b>The battle crashed</b><br />You can keep playing but it might crash again.</div>
|html|<div class="broadcast-red"><b>The battle crashed</b><br />You can keep playing but it might crash again.</div>
|html|<div class="broadcast-red"><b>The battle crashed</b><br />You can keep playing but it might crash again.</div>
|html|<div class="broadcast-red"><b>The battle crashed</b><br />You can keep playing but it might crash again.</div>
|html|<div class="broadcast-red"><b>The battle crashed</b><br />You can keep playing but it might crash again.</div>
|html|<div class="broadcast-red"><b>The battle crashed</b><br />You can keep playing but it might crash again.</div>
|html|<div class="broadcast-red"><b>The battle crashed</b><br />You can keep playing but it might crash again.</div>
|html|<div class="broadcast-red"><b>The battle crashed</b><br />You can keep playing but it might crash again.</div>
|html|<div class="broadcast-red"><b>The battle crashed</b><br />You can keep playing but it might crash again.</div>
|html|<div class="broadcast-red"><b>The battle crashed</b><br />You can keep playing but it might crash again.</div>
|html|<div class="broadcast-red"><b>The battle crashed</b><br />You can keep playing but it might crash again.</div>
|html|<div class="broadcast-red"><b>The battle crashed</b><br />You can keep playing but it might crash again.</div>
|html|<div class="broadcast-red"><b>The battle crashed</b><br />You can keep playing but it might crash again.</div>
|html|<div class="broadcast-red"><b>The battle crashed</b><br />You can keep playing but it might crash again.</div>
|html|<div class="broadcast-red"><b>The battle crashed</b><br />You can keep playing but it might crash again.</div>
|html|<div class="broadcast-red"><b>The battle crashed</b><br />You can keep playing but it might crash again.</div>
|html|<div class="broadcast-red"><b>The battle crashed</b><br />You can keep playing but it might crash again.</div>
|html|<div class="broadcast-red"><b>The battle crashed</b><br />You can keep playing but it might crash again.</div>
|html|<div class="broadcast-red"><b>The battle crashed</b><br />You can keep playing but it might crash again.</div>
|html|<div class="broadcast-red"><b>The battle crashed</b><br />You can keep playing but it might crash again.</div>
|html|<div class="broadcast-red"><b>The battle crashed</b><br />You can keep playing but it might crash again.</div>
|html|<div class="broadcast-red"><b>The battle crashed</b><br />You can keep playing but it might crash again.</div>
|html|<div class="broadcast-red"><b>The battle crashed</b><br />You can keep playing but it might crash again.</div>
|html|<div class="broadcast-red"><b>The battle crashed</b><br />You can keep playing but it might crash again.</div>
|html|<div class="broadcast-red"><b>The battle crashed</b><br />You can keep playing but it might crash again.</div>
|html|<div class="broadcast-red"><b>The battle crashed</b><br />You can keep playing but it might crash again.</div>
|html|<div class="broadcast-red"><b>The battle crashed</b><br />You can keep playing but it might crash again.</div>

TypeError: Cannot read property 'isActive' of null
    at Tools.Battle.makeRequest (/Users/clazinasteunenberg/Downloads/Test/battle-engine.js:1943:15)
    at process.BattlePokemon.side (/Users/clazinasteunenberg/Downloads/Test/battle-engine.js:157:13)
    at process.EventEmitter.emit (events.js:98:17)
    at handleMessage (child_process.js:318:10)
    at Pipe.channel.onread (child_process.js:345:11)

ReferenceError: potd is not defined
    at Tools.exports.BattleScripts.randomTeam (/Users/clazinasteunenberg/Downloads/Test/data/scripts.js:1522:8)
    at Tools.exports.BattleScripts.getTeam (/Users/clazinasteunenberg/Downloads/Test/data/scripts.js:488:16)
    at new BattleSide (/Users/clazinasteunenberg/Downloads/Test/battle-engine.js:1096:27)
    at Tools.Battle.join (/Users/clazinasteunenberg/Downloads/Test/battle-engine.js:3333:15)
    at Tools.Battle.receive (/Users/clazinasteunenberg/Downloads/Test/battle-engine.js:3390:9)
    at process.BattlePokemon.side (/Users/clazinasteunenberg/Downloads/Test/battle-engine.js:143:12)
    at process.EventEmitter.emit (events.js:98:17)
    at handleMessage (child_process.js:318:10)
    at Pipe.channel.onread (child_process.js:345:11)

Additional information:
message = battle-randombattle-497|join|p1|Meloetta<3V|134
currentRequest = 

Log:
|html|<div class="broadcast-red"><b>The battle crashed</b><br />You can keep playing but it might crash again.</div>
|html|<div class="broadcast-red"><b>The battle crashed</b><br />You can keep playing but it might crash again.</div>
|html|<div class="broadcast-red"><b>The battle crashed</b><br />You can keep playing but it might crash again.</div>
|html|<div class="broadcast-red"><b>The battle crashed</b><br />You can keep playing but it might crash again.</div>
|html|<div class="broadcast-red"><b>The battle crashed</b><br />You can keep playing but it might crash again.</div>
|html|<div class="broadcast-red"><b>The battle crashed</b><br />You can keep playing but it might crash again.</div>
|html|<div class="broadcast-red"><b>The battle crashed</b><br />You can keep playing but it might crash again.</div>
|html|<div class="broadcast-red"><b>The battle crashed</b><br />You can keep playing but it might crash again.</div>
|html|<div class="broadcast-red"><b>The battle crashed</b><br />You can keep playing but it might crash again.</div>
|html|<div class="broadcast-red"><b>The battle crashed</b><br />You can keep playing but it might crash again.</div>
|html|<div class="broadcast-red"><b>The battle crashed</b><br />You can keep playing but it might crash again.</div>
|html|<div class="broadcast-red"><b>The battle crashed</b><br />You can keep playing but it might crash again.</div>
|html|<div class="broadcast-red"><b>The battle crashed</b><br />You can keep playing but it might crash again.</div>
|html|<div class="broadcast-red"><b>The battle crashed</b><br />You can keep playing but it might crash again.</div>
|html|<div class="broadcast-red"><b>The battle crashed</b><br />You can keep playing but it might crash again.</div>
|html|<div class="broadcast-red"><b>The battle crashed</b><br />You can keep playing but it might crash again.</div>
|html|<div class="broadcast-red"><b>The battle crashed</b><br />You can keep playing but it might crash again.</div>
|html|<div class="broadcast-red"><b>The battle crashed</b><br />You can keep playing but it might crash again.</div>
|html|<div class="broadcast-red"><b>The battle crashed</b><br />You can keep playing but it might crash again.</div>
|html|<div class="broadcast-red"><b>The battle crashed</b><br />You can keep playing but it might crash again.</div>
|html|<div class="broadcast-red"><b>The battle crashed</b><br />You can keep playing but it might crash again.</div>
|html|<div class="broadcast-red"><b>The battle crashed</b><br />You can keep playing but it might crash again.</div>
|html|<div class="broadcast-red"><b>The battle crashed</b><br />You can keep playing but it might crash again.</div>
|html|<div class="broadcast-red"><b>The battle crashed</b><br />You can keep playing but it might crash again.</div>
|html|<div class="broadcast-red"><b>The battle crashed</b><br />You can keep playing but it might crash again.</div>
|html|<div class="broadcast-red"><b>The battle crashed</b><br />You can keep playing but it might crash again.</div>
|html|<div class="broadcast-red"><b>The battle crashed</b><br />You can keep playing but it might crash again.</div>
|html|<div class="broadcast-red"><b>The battle crashed</b><br />You can keep playing but it might crash again.</div>
|html|<div class="broadcast-red"><b>The battle crashed</b><br />You can keep playing but it might crash again.</div>
|html|<div class="broadcast-red"><b>The battle crashed</b><br />You can keep playing but it might crash again.</div>
|html|<div class="broadcast-red"><b>The battle crashed</b><br />You can keep playing but it might crash again.</div>
|html|<div class="broadcast-red"><b>The battle crashed</b><br />You can keep playing but it might crash again.</div>
|html|<div class="broadcast-red"><b>The battle crashed</b><br />You can keep playing but it might crash again.</div>
|html|<div class="broadcast-red"><b>The battle crashed</b><br />You can keep playing but it might crash again.</div>
|html|<div class="broadcast-red"><b>The battle crashed</b><br />You can keep playing but it might crash again.</div>
|html|<div class="broadcast-red"><b>The battle crashed</b><br />You can keep playing but it might crash again.</div>
|html|<div class="broadcast-red"><b>The battle crashed</b><br />You can keep playing but it might crash again.</div>
|html|<div class="broadcast-red"><b>The battle crashed</b><br />You can keep playing but it might crash again.</div>
|html|<div class="broadcast-red"><b>The battle crashed</b><br />You can keep playing but it might crash again.</div>
|html|<div class="broadcast-red"><b>The battle crashed</b><br />You can keep playing but it might crash again.</div>
|html|<div class="broadcast-red"><b>The battle crashed</b><br />You can keep playing but it might crash again.</div>
|html|<div class="broadcast-red"><b>The battle crashed</b><br />You can keep playing but it might crash again.</div>
|html|<div class="broadcast-red"><b>The battle crashed</b><br />You can keep playing but it might crash again.</div>
|html|<div class="broadcast-red"><b>The battle crashed</b><br />You can keep playing but it might crash again.</div>
|html|<div class="broadcast-red"><b>The battle crashed</b><br />You can keep playing but it might crash again.</div>
|html|<div class="broadcast-red"><b>The battle crashed</b><br />You can keep playing but it might crash again.</div>
|html|<div class="broadcast-red"><b>The battle crashed</b><br />You can keep playing but it might crash again.</div>
|html|<div class="broadcast-red"><b>The battle crashed</b><br />You can keep playing but it might crash again.</div>
|html|<div class="broadcast-red"><b>The battle crashed</b><br />You can keep playing but it might crash again.</div>
|html|<div class="broadcast-red"><b>The battle crashed</b><br />You can keep playing but it might crash again.</div>
|html|<div class="broadcast-red"><b>The battle crashed</b><br />You can keep playing but it might crash again.</div>
|html|<div class="broadcast-red"><b>The battle crashed</b><br />You can keep playing but it might crash again.</div>
|html|<div class="broadcast-red"><b>The battle crashed</b><br />You can keep playing but it might crash again.</div>
|html|<div class="broadcast-red"><b>The battle crashed</b><br />You can keep playing but it might crash again.</div>
|html|<div class="broadcast-red"><b>The battle crashed</b><br />You can keep playing but it might crash again.</div>
|html|<div class="broadcast-red"><b>The battle crashed</b><br />You can keep playing but it might crash again.</div>
|html|<div class="broadcast-red"><b>The battle crashed</b><br />You can keep playing but it might crash again.</div>
|html|<div class="broadcast-red"><b>The battle crashed</b><br />You can keep playing but it might crash again.</div>
|html|<div class="broadcast-red"><b>The battle crashed</b><br />You can keep playing but it might crash again.</div>
|html|<div class="broadcast-red"><b>The battle crashed</b><br />You can keep playing but it might crash again.</div>
|html|<div class="broadcast-red"><b>The battle crashed</b><br />You can keep playing but it might crash again.</div>
|html|<div class="broadcast-red"><b>The battle crashed</b><br />You can keep playing but it might crash again.</div>
|html|<div class="broadcast-red"><b>The battle crashed</b><br />You can keep playing but it might crash again.</div>
|html|<div class="broadcast-red"><b>The battle crashed</b><br />You can keep playing but it might crash again.</div>
|html|<div class="broadcast-red"><b>The battle crashed</b><br />You can keep playing but it might crash again.</div>
|html|<div class="broadcast-red"><b>The battle crashed</b><br />You can keep playing but it might crash again.</div>
|html|<div class="broadcast-red"><b>The battle crashed</b><br />You can keep playing but it might crash again.</div>
|html|<div class="broadcast-red"><b>The battle crashed</b><br />You can keep playing but it might crash again.</div>
|html|<div class="broadcast-red"><b>The battle crashed</b><br />You can keep playing but it might crash again.</div>
|html|<div class="broadcast-red"><b>The battle crashed</b><br />You can keep playing but it might crash again.</div>
|html|<div class="broadcast-red"><b>The battle crashed</b><br />You can keep playing but it might crash again.</div>
|html|<div class="broadcast-red"><b>The battle crashed</b><br />You can keep playing but it might crash again.</div>
|html|<div class="broadcast-red"><b>The battle crashed</b><br />You can keep playing but it might crash again.</div>
|html|<div class="broadcast-red"><b>The battle crashed</b><br />You can keep playing but it might crash again.</div>
|html|<div class="broadcast-red"><b>The battle crashed</b><br />You can keep playing but it might crash again.</div>
|html|<div class="broadcast-red"><b>The battle crashed</b><br />You can keep playing but it might crash again.</div>
|html|<div class="broadcast-red"><b>The battle crashed</b><br />You can keep playing but it might crash again.</div>
|html|<div class="broadcast-red"><b>The battle crashed</b><br />You can keep playing but it might crash again.</div>
|html|<div class="broadcast-red"><b>The battle crashed</b><br />You can keep playing but it might crash again.</div>
|html|<div class="broadcast-red"><b>The battle crashed</b><br />You can keep playing but it might crash again.</div>
|html|<div class="broadcast-red"><b>The battle crashed</b><br />You can keep playing but it might crash again.</div>
|html|<div class="broadcast-red"><b>The battle crashed</b><br />You can keep playing but it might crash again.</div>
|html|<div class="broadcast-red"><b>The battle crashed</b><br />You can keep playing but it might crash again.</div>
|html|<div class="broadcast-red"><b>The battle crashed</b><br />You can keep playing but it might crash again.</div>
|html|<div class="broadcast-red"><b>The battle crashed</b><br />You can keep playing but it might crash again.</div>
|html|<div class="broadcast-red"><b>The battle crashed</b><br />You can keep playing but it might crash again.</div>
|html|<div class="broadcast-red"><b>The battle crashed</b><br />You can keep playing but it might crash again.</div>
|html|<div class="broadcast-red"><b>The battle crashed</b><br />You can keep playing but it might crash again.</div>
|html|<div class="broadcast-red"><b>The battle crashed</b><br />You can keep playing but it might crash again.</div>
|html|<div class="broadcast-red"><b>The battle crashed</b><br />You can keep playing but it might crash again.</div>
|html|<div class="broadcast-red"><b>The battle crashed</b><br />You can keep playing but it might crash again.</div>
|html|<div class="broadcast-red"><b>The battle crashed</b><br />You can keep playing but it might crash again.</div>
|html|<div class="broadcast-red"><b>The battle crashed</b><br />You can keep playing but it might crash again.</div>
|html|<div class="broadcast-red"><b>The battle crashed</b><br />You can keep playing but it might crash again.</div>
|html|<div class="broadcast-red"><b>The battle crashed</b><br />You can keep playing but it might crash again.</div>
|html|<div class="broadcast-red"><b>The battle crashed</b><br />You can keep playing but it might crash again.</div>
|html|<div class="broadcast-red"><b>The battle crashed</b><br />You can keep playing but it might crash again.</div>
|html|<div class="broadcast-red"><b>The battle crashed</b><br />You can keep playing but it might crash again.</div>
|html|<div class="broadcast-red"><b>The battle crashed</b><br />You can keep playing but it might crash again.</div>
|html|<div class="broadcast-red"><b>The battle crashed</b><br />You can keep playing but it might crash again.</div>
|html|<div class="broadcast-red"><b>The battle crashed</b><br />You can keep playing but it might crash again.</div>

TypeError: Cannot read property 'isActive' of null
    at Tools.Battle.makeRequest (/Users/clazinasteunenberg/Downloads/Test/battle-engine.js:1943:15)
    at process.BattlePokemon.side (/Users/clazinasteunenberg/Downloads/Test/battle-engine.js:157:13)
    at process.EventEmitter.emit (events.js:98:17)
    at handleMessage (child_process.js:318:10)
    at Pipe.channel.onread (child_process.js:345:11)

ReferenceError: potd is not defined
    at Tools.exports.BattleScripts.randomTeam (/Users/clazinasteunenberg/Downloads/Test/data/scripts.js:1522:8)
    at Tools.exports.BattleScripts.getTeam (/Users/clazinasteunenberg/Downloads/Test/data/scripts.js:488:16)
    at new BattleSide (/Users/clazinasteunenberg/Downloads/Test/battle-engine.js:1096:27)
    at Tools.Battle.join (/Users/clazinasteunenberg/Downloads/Test/battle-engine.js:3333:15)
    at Tools.Battle.receive (/Users/clazinasteunenberg/Downloads/Test/battle-engine.js:3390:9)
    at process.BattlePokemon.side (/Users/clazinasteunenberg/Downloads/Test/battle-engine.js:143:12)
    at process.EventEmitter.emit (events.js:98:17)
    at handleMessage (child_process.js:318:10)
    at Pipe.channel.onread (child_process.js:345:11)

Additional information:
message = battle-randombattle-497|join|p1|Meloetta<3V|134
currentRequest = 

Log:
|html|<div class="broadcast-red"><b>The battle crashed</b><br />You can keep playing but it might crash again.</div>
|html|<div class="broadcast-red"><b>The battle crashed</b><br />You can keep playing but it might crash again.</div>
|html|<div class="broadcast-red"><b>The battle crashed</b><br />You can keep playing but it might crash again.</div>
|html|<div class="broadcast-red"><b>The battle crashed</b><br />You can keep playing but it might crash again.</div>
|html|<div class="broadcast-red"><b>The battle crashed</b><br />You can keep playing but it might crash again.</div>
|html|<div class="broadcast-red"><b>The battle crashed</b><br />You can keep playing but it might crash again.</div>
|html|<div class="broadcast-red"><b>The battle crashed</b><br />You can keep playing but it might crash again.</div>
|html|<div class="broadcast-red"><b>The battle crashed</b><br />You can keep playing but it might crash again.</div>
|html|<div class="broadcast-red"><b>The battle crashed</b><br />You can keep playing but it might crash again.</div>
|html|<div class="broadcast-red"><b>The battle crashed</b><br />You can keep playing but it might crash again.</div>
|html|<div class="broadcast-red"><b>The battle crashed</b><br />You can keep playing but it might crash again.</div>
|html|<div class="broadcast-red"><b>The battle crashed</b><br />You can keep playing but it might crash again.</div>
|html|<div class="broadcast-red"><b>The battle crashed</b><br />You can keep playing but it might crash again.</div>
|html|<div class="broadcast-red"><b>The battle crashed</b><br />You can keep playing but it might crash again.</div>
|html|<div class="broadcast-red"><b>The battle crashed</b><br />You can keep playing but it might crash again.</div>
|html|<div class="broadcast-red"><b>The battle crashed</b><br />You can keep playing but it might crash again.</div>
|html|<div class="broadcast-red"><b>The battle crashed</b><br />You can keep playing but it might crash again.</div>
|html|<div class="broadcast-red"><b>The battle crashed</b><br />You can keep playing but it might crash again.</div>
|html|<div class="broadcast-red"><b>The battle crashed</b><br />You can keep playing but it might crash again.</div>
|html|<div class="broadcast-red"><b>The battle crashed</b><br />You can keep playing but it might crash again.</div>
|html|<div class="broadcast-red"><b>The battle crashed</b><br />You can keep playing but it might crash again.</div>
|html|<div class="broadcast-red"><b>The battle crashed</b><br />You can keep playing but it might crash again.</div>
|html|<div class="broadcast-red"><b>The battle crashed</b><br />You can keep playing but it might crash again.</div>
|html|<div class="broadcast-red"><b>The battle crashed</b><br />You can keep playing but it might crash again.</div>
|html|<div class="broadcast-red"><b>The battle crashed</b><br />You can keep playing but it might crash again.</div>
|html|<div class="broadcast-red"><b>The battle crashed</b><br />You can keep playing but it might crash again.</div>
|html|<div class="broadcast-red"><b>The battle crashed</b><br />You can keep playing but it might crash again.</div>
|html|<div class="broadcast-red"><b>The battle crashed</b><br />You can keep playing but it might crash again.</div>
|html|<div class="broadcast-red"><b>The battle crashed</b><br />You can keep playing but it might crash again.</div>
|html|<div class="broadcast-red"><b>The battle crashed</b><br />You can keep playing but it might crash again.</div>
|html|<div class="broadcast-red"><b>The battle crashed</b><br />You can keep playing but it might crash again.</div>
|html|<div class="broadcast-red"><b>The battle crashed</b><br />You can keep playing but it might crash again.</div>
|html|<div class="broadcast-red"><b>The battle crashed</b><br />You can keep playing but it might crash again.</div>
|html|<div class="broadcast-red"><b>The battle crashed</b><br />You can keep playing but it might crash again.</div>
|html|<div class="broadcast-red"><b>The battle crashed</b><br />You can keep playing but it might crash again.</div>
|html|<div class="broadcast-red"><b>The battle crashed</b><br />You can keep playing but it might crash again.</div>
|html|<div class="broadcast-red"><b>The battle crashed</b><br />You can keep playing but it might crash again.</div>
|html|<div class="broadcast-red"><b>The battle crashed</b><br />You can keep playing but it might crash again.</div>
|html|<div class="broadcast-red"><b>The battle crashed</b><br />You can keep playing but it might crash again.</div>
|html|<div class="broadcast-red"><b>The battle crashed</b><br />You can keep playing but it might crash again.</div>
|html|<div class="broadcast-red"><b>The battle crashed</b><br />You can keep playing but it might crash again.</div>
|html|<div class="broadcast-red"><b>The battle crashed</b><br />You can keep playing but it might crash again.</div>
|html|<div class="broadcast-red"><b>The battle crashed</b><br />You can keep playing but it might crash again.</div>
|html|<div class="broadcast-red"><b>The battle crashed</b><br />You can keep playing but it might crash again.</div>
|html|<div class="broadcast-red"><b>The battle crashed</b><br />You can keep playing but it might crash again.</div>
|html|<div class="broadcast-red"><b>The battle crashed</b><br />You can keep playing but it might crash again.</div>
|html|<div class="broadcast-red"><b>The battle crashed</b><br />You can keep playing but it might crash again.</div>
|html|<div class="broadcast-red"><b>The battle crashed</b><br />You can keep playing but it might crash again.</div>
|html|<div class="broadcast-red"><b>The battle crashed</b><br />You can keep playing but it might crash again.</div>
|html|<div class="broadcast-red"><b>The battle crashed</b><br />You can keep playing but it might crash again.</div>
|html|<div class="broadcast-red"><b>The battle crashed</b><br />You can keep playing but it might crash again.</div>
|html|<div class="broadcast-red"><b>The battle crashed</b><br />You can keep playing but it might crash again.</div>
|html|<div class="broadcast-red"><b>The battle crashed</b><br />You can keep playing but it might crash again.</div>
|html|<div class="broadcast-red"><b>The battle crashed</b><br />You can keep playing but it might crash again.</div>
|html|<div class="broadcast-red"><b>The battle crashed</b><br />You can keep playing but it might crash again.</div>
|html|<div class="broadcast-red"><b>The battle crashed</b><br />You can keep playing but it might crash again.</div>
|html|<div class="broadcast-red"><b>The battle crashed</b><br />You can keep playing but it might crash again.</div>
|html|<div class="broadcast-red"><b>The battle crashed</b><br />You can keep playing but it might crash again.</div>
|html|<div class="broadcast-red"><b>The battle crashed</b><br />You can keep playing but it might crash again.</div>
|html|<div class="broadcast-red"><b>The battle crashed</b><br />You can keep playing but it might crash again.</div>
|html|<div class="broadcast-red"><b>The battle crashed</b><br />You can keep playing but it might crash again.</div>
|html|<div class="broadcast-red"><b>The battle crashed</b><br />You can keep playing but it might crash again.</div>
|html|<div class="broadcast-red"><b>The battle crashed</b><br />You can keep playing but it might crash again.</div>
|html|<div class="broadcast-red"><b>The battle crashed</b><br />You can keep playing but it might crash again.</div>
|html|<div class="broadcast-red"><b>The battle crashed</b><br />You can keep playing but it might crash again.</div>
|html|<div class="broadcast-red"><b>The battle crashed</b><br />You can keep playing but it might crash again.</div>
|html|<div class="broadcast-red"><b>The battle crashed</b><br />You can keep playing but it might crash again.</div>
|html|<div class="broadcast-red"><b>The battle crashed</b><br />You can keep playing but it might crash again.</div>
|html|<div class="broadcast-red"><b>The battle crashed</b><br />You can keep playing but it might crash again.</div>
|html|<div class="broadcast-red"><b>The battle crashed</b><br />You can keep playing but it might crash again.</div>
|html|<div class="broadcast-red"><b>The battle crashed</b><br />You can keep playing but it might crash again.</div>
|html|<div class="broadcast-red"><b>The battle crashed</b><br />You can keep playing but it might crash again.</div>
|html|<div class="broadcast-red"><b>The battle crashed</b><br />You can keep playing but it might crash again.</div>
|html|<div class="broadcast-red"><b>The battle crashed</b><br />You can keep playing but it might crash again.</div>
|html|<div class="broadcast-red"><b>The battle crashed</b><br />You can keep playing but it might crash again.</div>
|html|<div class="broadcast-red"><b>The battle crashed</b><br />You can keep playing but it might crash again.</div>
|html|<div class="broadcast-red"><b>The battle crashed</b><br />You can keep playing but it might crash again.</div>
|html|<div class="broadcast-red"><b>The battle crashed</b><br />You can keep playing but it might crash again.</div>
|html|<div class="broadcast-red"><b>The battle crashed</b><br />You can keep playing but it might crash again.</div>
|html|<div class="broadcast-red"><b>The battle crashed</b><br />You can keep playing but it might crash again.</div>
|html|<div class="broadcast-red"><b>The battle crashed</b><br />You can keep playing but it might crash again.</div>
|html|<div class="broadcast-red"><b>The battle crashed</b><br />You can keep playing but it might crash again.</div>
|html|<div class="broadcast-red"><b>The battle crashed</b><br />You can keep playing but it might crash again.</div>
|html|<div class="broadcast-red"><b>The battle crashed</b><br />You can keep playing but it might crash again.</div>
|html|<div class="broadcast-red"><b>The battle crashed</b><br />You can keep playing but it might crash again.</div>
|html|<div class="broadcast-red"><b>The battle crashed</b><br />You can keep playing but it might crash again.</div>
|html|<div class="broadcast-red"><b>The battle crashed</b><br />You can keep playing but it might crash again.</div>
|html|<div class="broadcast-red"><b>The battle crashed</b><br />You can keep playing but it might crash again.</div>
|html|<div class="broadcast-red"><b>The battle crashed</b><br />You can keep playing but it might crash again.</div>
|html|<div class="broadcast-red"><b>The battle crashed</b><br />You can keep playing but it might crash again.</div>
|html|<div class="broadcast-red"><b>The battle crashed</b><br />You can keep playing but it might crash again.</div>
|html|<div class="broadcast-red"><b>The battle crashed</b><br />You can keep playing but it might crash again.</div>
|html|<div class="broadcast-red"><b>The battle crashed</b><br />You can keep playing but it might crash again.</div>
|html|<div class="broadcast-red"><b>The battle crashed</b><br />You can keep playing but it might crash again.</div>
|html|<div class="broadcast-red"><b>The battle crashed</b><br />You can keep playing but it might crash again.</div>
|html|<div class="broadcast-red"><b>The battle crashed</b><br />You can keep playing but it might crash again.</div>
|html|<div class="broadcast-red"><b>The battle crashed</b><br />You can keep playing but it might crash again.</div>
|html|<div class="broadcast-red"><b>The battle crashed</b><br />You can keep playing but it might crash again.</div>
|html|<div class="broadcast-red"><b>The battle crashed</b><br />You can keep playing but it might crash again.</div>
|html|<div class="broadcast-red"><b>The battle crashed</b><br />You can keep playing but it might crash again.</div>
|html|<div class="broadcast-red"><b>The battle crashed</b><br />You can keep playing but it might crash again.</div>
|html|<div class="broadcast-red"><b>The battle crashed</b><br />You can keep playing but it might crash again.</div>

TypeError: Cannot read property 'isActive' of null
    at Tools.Battle.makeRequest (/Users/clazinasteunenberg/Downloads/Test/battle-engine.js:1943:15)
    at process.BattlePokemon.side (/Users/clazinasteunenberg/Downloads/Test/battle-engine.js:157:13)
    at process.EventEmitter.emit (events.js:98:17)
    at handleMessage (child_process.js:318:10)
    at Pipe.channel.onread (child_process.js:345:11)

ReferenceError: potd is not defined
    at Tools.exports.BattleScripts.randomTeam (/Users/clazinasteunenberg/Downloads/Test/data/scripts.js:1522:8)
    at Tools.exports.BattleScripts.getTeam (/Users/clazinasteunenberg/Downloads/Test/data/scripts.js:488:16)
    at new BattleSide (/Users/clazinasteunenberg/Downloads/Test/battle-engine.js:1096:27)
    at Tools.Battle.join (/Users/clazinasteunenberg/Downloads/Test/battle-engine.js:3333:15)
    at Tools.Battle.receive (/Users/clazinasteunenberg/Downloads/Test/battle-engine.js:3390:9)
    at process.BattlePokemon.side (/Users/clazinasteunenberg/Downloads/Test/battle-engine.js:143:12)
    at process.EventEmitter.emit (events.js:98:17)
    at handleMessage (child_process.js:318:10)
    at Pipe.channel.onread (child_process.js:345:11)

Additional information:
message = battle-randombattle-497|join|p1|Meloetta<3V|134
currentRequest = 

Log:
|html|<div class="broadcast-red"><b>The battle crashed</b><br />You can keep playing but it might crash again.</div>
|html|<div class="broadcast-red"><b>The battle crashed</b><br />You can keep playing but it might crash again.</div>
|html|<div class="broadcast-red"><b>The battle crashed</b><br />You can keep playing but it might crash again.</div>
|html|<div class="broadcast-red"><b>The battle crashed</b><br />You can keep playing but it might crash again.</div>
|html|<div class="broadcast-red"><b>The battle crashed</b><br />You can keep playing but it might crash again.</div>
|html|<div class="broadcast-red"><b>The battle crashed</b><br />You can keep playing but it might crash again.</div>
|html|<div class="broadcast-red"><b>The battle crashed</b><br />You can keep playing but it might crash again.</div>
|html|<div class="broadcast-red"><b>The battle crashed</b><br />You can keep playing but it might crash again.</div>
|html|<div class="broadcast-red"><b>The battle crashed</b><br />You can keep playing but it might crash again.</div>
|html|<div class="broadcast-red"><b>The battle crashed</b><br />You can keep playing but it might crash again.</div>
|html|<div class="broadcast-red"><b>The battle crashed</b><br />You can keep playing but it might crash again.</div>
|html|<div class="broadcast-red"><b>The battle crashed</b><br />You can keep playing but it might crash again.</div>
|html|<div class="broadcast-red"><b>The battle crashed</b><br />You can keep playing but it might crash again.</div>
|html|<div class="broadcast-red"><b>The battle crashed</b><br />You can keep playing but it might crash again.</div>
|html|<div class="broadcast-red"><b>The battle crashed</b><br />You can keep playing but it might crash again.</div>
|html|<div class="broadcast-red"><b>The battle crashed</b><br />You can keep playing but it might crash again.</div>
|html|<div class="broadcast-red"><b>The battle crashed</b><br />You can keep playing but it might crash again.</div>
|html|<div class="broadcast-red"><b>The battle crashed</b><br />You can keep playing but it might crash again.</div>
|html|<div class="broadcast-red"><b>The battle crashed</b><br />You can keep playing but it might crash again.</div>
|html|<div class="broadcast-red"><b>The battle crashed</b><br />You can keep playing but it might crash again.</div>
|html|<div class="broadcast-red"><b>The battle crashed</b><br />You can keep playing but it might crash again.</div>
|html|<div class="broadcast-red"><b>The battle crashed</b><br />You can keep playing but it might crash again.</div>
|html|<div class="broadcast-red"><b>The battle crashed</b><br />You can keep playing but it might crash again.</div>
|html|<div class="broadcast-red"><b>The battle crashed</b><br />You can keep playing but it might crash again.</div>
|html|<div class="broadcast-red"><b>The battle crashed</b><br />You can keep playing but it might crash again.</div>
|html|<div class="broadcast-red"><b>The battle crashed</b><br />You can keep playing but it might crash again.</div>
|html|<div class="broadcast-red"><b>The battle crashed</b><br />You can keep playing but it might crash again.</div>
|html|<div class="broadcast-red"><b>The battle crashed</b><br />You can keep playing but it might crash again.</div>
|html|<div class="broadcast-red"><b>The battle crashed</b><br />You can keep playing but it might crash again.</div>
|html|<div class="broadcast-red"><b>The battle crashed</b><br />You can keep playing but it might crash again.</div>
|html|<div class="broadcast-red"><b>The battle crashed</b><br />You can keep playing but it might crash again.</div>
|html|<div class="broadcast-red"><b>The battle crashed</b><br />You can keep playing but it might crash again.</div>
|html|<div class="broadcast-red"><b>The battle crashed</b><br />You can keep playing but it might crash again.</div>
|html|<div class="broadcast-red"><b>The battle crashed</b><br />You can keep playing but it might crash again.</div>
|html|<div class="broadcast-red"><b>The battle crashed</b><br />You can keep playing but it might crash again.</div>
|html|<div class="broadcast-red"><b>The battle crashed</b><br />You can keep playing but it might crash again.</div>
|html|<div class="broadcast-red"><b>The battle crashed</b><br />You can keep playing but it might crash again.</div>
|html|<div class="broadcast-red"><b>The battle crashed</b><br />You can keep playing but it might crash again.</div>
|html|<div class="broadcast-red"><b>The battle crashed</b><br />You can keep playing but it might crash again.</div>
|html|<div class="broadcast-red"><b>The battle crashed</b><br />You can keep playing but it might crash again.</div>
|html|<div class="broadcast-red"><b>The battle crashed</b><br />You can keep playing but it might crash again.</div>
|html|<div class="broadcast-red"><b>The battle crashed</b><br />You can keep playing but it might crash again.</div>
|html|<div class="broadcast-red"><b>The battle crashed</b><br />You can keep playing but it might crash again.</div>
|html|<div class="broadcast-red"><b>The battle crashed</b><br />You can keep playing but it might crash again.</div>
|html|<div class="broadcast-red"><b>The battle crashed</b><br />You can keep playing but it might crash again.</div>
|html|<div class="broadcast-red"><b>The battle crashed</b><br />You can keep playing but it might crash again.</div>
|html|<div class="broadcast-red"><b>The battle crashed</b><br />You can keep playing but it might crash again.</div>
|html|<div class="broadcast-red"><b>The battle crashed</b><br />You can keep playing but it might crash again.</div>
|html|<div class="broadcast-red"><b>The battle crashed</b><br />You can keep playing but it might crash again.</div>
|html|<div class="broadcast-red"><b>The battle crashed</b><br />You can keep playing but it might crash again.</div>
|html|<div class="broadcast-red"><b>The battle crashed</b><br />You can keep playing but it might crash again.</div>
|html|<div class="broadcast-red"><b>The battle crashed</b><br />You can keep playing but it might crash again.</div>
|html|<div class="broadcast-red"><b>The battle crashed</b><br />You can keep playing but it might crash again.</div>
|html|<div class="broadcast-red"><b>The battle crashed</b><br />You can keep playing but it might crash again.</div>
|html|<div class="broadcast-red"><b>The battle crashed</b><br />You can keep playing but it might crash again.</div>
|html|<div class="broadcast-red"><b>The battle crashed</b><br />You can keep playing but it might crash again.</div>
|html|<div class="broadcast-red"><b>The battle crashed</b><br />You can keep playing but it might crash again.</div>
|html|<div class="broadcast-red"><b>The battle crashed</b><br />You can keep playing but it might crash again.</div>
|html|<div class="broadcast-red"><b>The battle crashed</b><br />You can keep playing but it might crash again.</div>
|html|<div class="broadcast-red"><b>The battle crashed</b><br />You can keep playing but it might crash again.</div>
|html|<div class="broadcast-red"><b>The battle crashed</b><br />You can keep playing but it might crash again.</div>
|html|<div class="broadcast-red"><b>The battle crashed</b><br />You can keep playing but it might crash again.</div>
|html|<div class="broadcast-red"><b>The battle crashed</b><br />You can keep playing but it might crash again.</div>
|html|<div class="broadcast-red"><b>The battle crashed</b><br />You can keep playing but it might crash again.</div>
|html|<div class="broadcast-red"><b>The battle crashed</b><br />You can keep playing but it might crash again.</div>
|html|<div class="broadcast-red"><b>The battle crashed</b><br />You can keep playing but it might crash again.</div>
|html|<div class="broadcast-red"><b>The battle crashed</b><br />You can keep playing but it might crash again.</div>
|html|<div class="broadcast-red"><b>The battle crashed</b><br />You can keep playing but it might crash again.</div>
|html|<div class="broadcast-red"><b>The battle crashed</b><br />You can keep playing but it might crash again.</div>
|html|<div class="broadcast-red"><b>The battle crashed</b><br />You can keep playing but it might crash again.</div>
|html|<div class="broadcast-red"><b>The battle crashed</b><br />You can keep playing but it might crash again.</div>
|html|<div class="broadcast-red"><b>The battle crashed</b><br />You can keep playing but it might crash again.</div>
|html|<div class="broadcast-red"><b>The battle crashed</b><br />You can keep playing but it might crash again.</div>
|html|<div class="broadcast-red"><b>The battle crashed</b><br />You can keep playing but it might crash again.</div>
|html|<div class="broadcast-red"><b>The battle crashed</b><br />You can keep playing but it might crash again.</div>
|html|<div class="broadcast-red"><b>The battle crashed</b><br />You can keep playing but it might crash again.</div>
|html|<div class="broadcast-red"><b>The battle crashed</b><br />You can keep playing but it might crash again.</div>
|html|<div class="broadcast-red"><b>The battle crashed</b><br />You can keep playing but it might crash again.</div>
|html|<div class="broadcast-red"><b>The battle crashed</b><br />You can keep playing but it might crash again.</div>
|html|<div class="broadcast-red"><b>The battle crashed</b><br />You can keep playing but it might crash again.</div>
|html|<div class="broadcast-red"><b>The battle crashed</b><br />You can keep playing but it might crash again.</div>
|html|<div class="broadcast-red"><b>The battle crashed</b><br />You can keep playing but it might crash again.</div>
|html|<div class="broadcast-red"><b>The battle crashed</b><br />You can keep playing but it might crash again.</div>
|html|<div class="broadcast-red"><b>The battle crashed</b><br />You can keep playing but it might crash again.</div>
|html|<div class="broadcast-red"><b>The battle crashed</b><br />You can keep playing but it might crash again.</div>
|html|<div class="broadcast-red"><b>The battle crashed</b><br />You can keep playing but it might crash again.</div>
|html|<div class="broadcast-red"><b>The battle crashed</b><br />You can keep playing but it might crash again.</div>
|html|<div class="broadcast-red"><b>The battle crashed</b><br />You can keep playing but it might crash again.</div>
|html|<div class="broadcast-red"><b>The battle crashed</b><br />You can keep playing but it might crash again.</div>
|html|<div class="broadcast-red"><b>The battle crashed</b><br />You can keep playing but it might crash again.</div>
|html|<div class="broadcast-red"><b>The battle crashed</b><br />You can keep playing but it might crash again.</div>
|html|<div class="broadcast-red"><b>The battle crashed</b><br />You can keep playing but it might crash again.</div>
|html|<div class="broadcast-red"><b>The battle crashed</b><br />You can keep playing but it might crash again.</div>
|html|<div class="broadcast-red"><b>The battle crashed</b><br />You can keep playing but it might crash again.</div>
|html|<div class="broadcast-red"><b>The battle crashed</b><br />You can keep playing but it might crash again.</div>
|html|<div class="broadcast-red"><b>The battle crashed</b><br />You can keep playing but it might crash again.</div>
|html|<div class="broadcast-red"><b>The battle crashed</b><br />You can keep playing but it might crash again.</div>
|html|<div class="broadcast-red"><b>The battle crashed</b><br />You can keep playing but it might crash again.</div>
|html|<div class="broadcast-red"><b>The battle crashed</b><br />You can keep playing but it might crash again.</div>
|html|<div class="broadcast-red"><b>The battle crashed</b><br />You can keep playing but it might crash again.</div>
|html|<div class="broadcast-red"><b>The battle crashed</b><br />You can keep playing but it might crash again.</div>
|html|<div class="broadcast-red"><b>The battle crashed</b><br />You can keep playing but it might crash again.</div>
|html|<div class="broadcast-red"><b>The battle crashed</b><br />You can keep playing but it might crash again.</div>

TypeError: Cannot read property 'isActive' of null
    at Tools.Battle.makeRequest (/Users/clazinasteunenberg/Downloads/Test/battle-engine.js:1943:15)
    at process.BattlePokemon.side (/Users/clazinasteunenberg/Downloads/Test/battle-engine.js:157:13)
    at process.EventEmitter.emit (events.js:98:17)
    at handleMessage (child_process.js:318:10)
    at Pipe.channel.onread (child_process.js:345:11)

ReferenceError: potd is not defined
    at Tools.exports.BattleScripts.randomTeam (/Users/clazinasteunenberg/Downloads/Test/data/scripts.js:1522:8)
    at Tools.exports.BattleScripts.getTeam (/Users/clazinasteunenberg/Downloads/Test/data/scripts.js:488:16)
    at new BattleSide (/Users/clazinasteunenberg/Downloads/Test/battle-engine.js:1096:27)
    at Tools.Battle.join (/Users/clazinasteunenberg/Downloads/Test/battle-engine.js:3333:15)
    at Tools.Battle.receive (/Users/clazinasteunenberg/Downloads/Test/battle-engine.js:3390:9)
    at process.BattlePokemon.side (/Users/clazinasteunenberg/Downloads/Test/battle-engine.js:143:12)
    at process.EventEmitter.emit (events.js:98:17)
    at handleMessage (child_process.js:318:10)
    at Pipe.channel.onread (child_process.js:345:11)

Additional information:
message = battle-randombattle-497|join|p1|Meloetta<3V|134
currentRequest = 

Log:
|html|<div class="broadcast-red"><b>The battle crashed</b><br />You can keep playing but it might crash again.</div>
|html|<div class="broadcast-red"><b>The battle crashed</b><br />You can keep playing but it might crash again.</div>
|html|<div class="broadcast-red"><b>The battle crashed</b><br />You can keep playing but it might crash again.</div>
|html|<div class="broadcast-red"><b>The battle crashed</b><br />You can keep playing but it might crash again.</div>
|html|<div class="broadcast-red"><b>The battle crashed</b><br />You can keep playing but it might crash again.</div>
|html|<div class="broadcast-red"><b>The battle crashed</b><br />You can keep playing but it might crash again.</div>
|html|<div class="broadcast-red"><b>The battle crashed</b><br />You can keep playing but it might crash again.</div>
|html|<div class="broadcast-red"><b>The battle crashed</b><br />You can keep playing but it might crash again.</div>
|html|<div class="broadcast-red"><b>The battle crashed</b><br />You can keep playing but it might crash again.</div>
|html|<div class="broadcast-red"><b>The battle crashed</b><br />You can keep playing but it might crash again.</div>
|html|<div class="broadcast-red"><b>The battle crashed</b><br />You can keep playing but it might crash again.</div>
|html|<div class="broadcast-red"><b>The battle crashed</b><br />You can keep playing but it might crash again.</div>
|html|<div class="broadcast-red"><b>The battle crashed</b><br />You can keep playing but it might crash again.</div>
|html|<div class="broadcast-red"><b>The battle crashed</b><br />You can keep playing but it might crash again.</div>
|html|<div class="broadcast-red"><b>The battle crashed</b><br />You can keep playing but it might crash again.</div>
|html|<div class="broadcast-red"><b>The battle crashed</b><br />You can keep playing but it might crash again.</div>
|html|<div class="broadcast-red"><b>The battle crashed</b><br />You can keep playing but it might crash again.</div>
|html|<div class="broadcast-red"><b>The battle crashed</b><br />You can keep playing but it might crash again.</div>
|html|<div class="broadcast-red"><b>The battle crashed</b><br />You can keep playing but it might crash again.</div>
|html|<div class="broadcast-red"><b>The battle crashed</b><br />You can keep playing but it might crash again.</div>
|html|<div class="broadcast-red"><b>The battle crashed</b><br />You can keep playing but it might crash again.</div>
|html|<div class="broadcast-red"><b>The battle crashed</b><br />You can keep playing but it might crash again.</div>
|html|<div class="broadcast-red"><b>The battle crashed</b><br />You can keep playing but it might crash again.</div>
|html|<div class="broadcast-red"><b>The battle crashed</b><br />You can keep playing but it might crash again.</div>
|html|<div class="broadcast-red"><b>The battle crashed</b><br />You can keep playing but it might crash again.</div>
|html|<div class="broadcast-red"><b>The battle crashed</b><br />You can keep playing but it might crash again.</div>
|html|<div class="broadcast-red"><b>The battle crashed</b><br />You can keep playing but it might crash again.</div>
|html|<div class="broadcast-red"><b>The battle crashed</b><br />You can keep playing but it might crash again.</div>
|html|<div class="broadcast-red"><b>The battle crashed</b><br />You can keep playing but it might crash again.</div>
|html|<div class="broadcast-red"><b>The battle crashed</b><br />You can keep playing but it might crash again.</div>
|html|<div class="broadcast-red"><b>The battle crashed</b><br />You can keep playing but it might crash again.</div>
|html|<div class="broadcast-red"><b>The battle crashed</b><br />You can keep playing but it might crash again.</div>
|html|<div class="broadcast-red"><b>The battle crashed</b><br />You can keep playing but it might crash again.</div>
|html|<div class="broadcast-red"><b>The battle crashed</b><br />You can keep playing but it might crash again.</div>
|html|<div class="broadcast-red"><b>The battle crashed</b><br />You can keep playing but it might crash again.</div>
|html|<div class="broadcast-red"><b>The battle crashed</b><br />You can keep playing but it might crash again.</div>
|html|<div class="broadcast-red"><b>The battle crashed</b><br />You can keep playing but it might crash again.</div>
|html|<div class="broadcast-red"><b>The battle crashed</b><br />You can keep playing but it might crash again.</div>
|html|<div class="broadcast-red"><b>The battle crashed</b><br />You can keep playing but it might crash again.</div>
|html|<div class="broadcast-red"><b>The battle crashed</b><br />You can keep playing but it might crash again.</div>
|html|<div class="broadcast-red"><b>The battle crashed</b><br />You can keep playing but it might crash again.</div>
|html|<div class="broadcast-red"><b>The battle crashed</b><br />You can keep playing but it might crash again.</div>
|html|<div class="broadcast-red"><b>The battle crashed</b><br />You can keep playing but it might crash again.</div>
|html|<div class="broadcast-red"><b>The battle crashed</b><br />You can keep playing but it might crash again.</div>
|html|<div class="broadcast-red"><b>The battle crashed</b><br />You can keep playing but it might crash again.</div>
|html|<div class="broadcast-red"><b>The battle crashed</b><br />You can keep playing but it might crash again.</div>
|html|<div class="broadcast-red"><b>The battle crashed</b><br />You can keep playing but it might crash again.</div>
|html|<div class="broadcast-red"><b>The battle crashed</b><br />You can keep playing but it might crash again.</div>
|html|<div class="broadcast-red"><b>The battle crashed</b><br />You can keep playing but it might crash again.</div>
|html|<div class="broadcast-red"><b>The battle crashed</b><br />You can keep playing but it might crash again.</div>
|html|<div class="broadcast-red"><b>The battle crashed</b><br />You can keep playing but it might crash again.</div>
|html|<div class="broadcast-red"><b>The battle crashed</b><br />You can keep playing but it might crash again.</div>
|html|<div class="broadcast-red"><b>The battle crashed</b><br />You can keep playing but it might crash again.</div>
|html|<div class="broadcast-red"><b>The battle crashed</b><br />You can keep playing but it might crash again.</div>
|html|<div class="broadcast-red"><b>The battle crashed</b><br />You can keep playing but it might crash again.</div>
|html|<div class="broadcast-red"><b>The battle crashed</b><br />You can keep playing but it might crash again.</div>
|html|<div class="broadcast-red"><b>The battle crashed</b><br />You can keep playing but it might crash again.</div>
|html|<div class="broadcast-red"><b>The battle crashed</b><br />You can keep playing but it might crash again.</div>
|html|<div class="broadcast-red"><b>The battle crashed</b><br />You can keep playing but it might crash again.</div>
|html|<div class="broadcast-red"><b>The battle crashed</b><br />You can keep playing but it might crash again.</div>
|html|<div class="broadcast-red"><b>The battle crashed</b><br />You can keep playing but it might crash again.</div>
|html|<div class="broadcast-red"><b>The battle crashed</b><br />You can keep playing but it might crash again.</div>
|html|<div class="broadcast-red"><b>The battle crashed</b><br />You can keep playing but it might crash again.</div>
|html|<div class="broadcast-red"><b>The battle crashed</b><br />You can keep playing but it might crash again.</div>
|html|<div class="broadcast-red"><b>The battle crashed</b><br />You can keep playing but it might crash again.</div>
|html|<div class="broadcast-red"><b>The battle crashed</b><br />You can keep playing but it might crash again.</div>
|html|<div class="broadcast-red"><b>The battle crashed</b><br />You can keep playing but it might crash again.</div>
|html|<div class="broadcast-red"><b>The battle crashed</b><br />You can keep playing but it might crash again.</div>
|html|<div class="broadcast-red"><b>The battle crashed</b><br />You can keep playing but it might crash again.</div>
|html|<div class="broadcast-red"><b>The battle crashed</b><br />You can keep playing but it might crash again.</div>
|html|<div class="broadcast-red"><b>The battle crashed</b><br />You can keep playing but it might crash again.</div>
|html|<div class="broadcast-red"><b>The battle crashed</b><br />You can keep playing but it might crash again.</div>
|html|<div class="broadcast-red"><b>The battle crashed</b><br />You can keep playing but it might crash again.</div>
|html|<div class="broadcast-red"><b>The battle crashed</b><br />You can keep playing but it might crash again.</div>
|html|<div class="broadcast-red"><b>The battle crashed</b><br />You can keep playing but it might crash again.</div>
|html|<div class="broadcast-red"><b>The battle crashed</b><br />You can keep playing but it might crash again.</div>
|html|<div class="broadcast-red"><b>The battle crashed</b><br />You can keep playing but it might crash again.</div>
|html|<div class="broadcast-red"><b>The battle crashed</b><br />You can keep playing but it might crash again.</div>
|html|<div class="broadcast-red"><b>The battle crashed</b><br />You can keep playing but it might crash again.</div>
|html|<div class="broadcast-red"><b>The battle crashed</b><br />You can keep playing but it might crash again.</div>
|html|<div class="broadcast-red"><b>The battle crashed</b><br />You can keep playing but it might crash again.</div>
|html|<div class="broadcast-red"><b>The battle crashed</b><br />You can keep playing but it might crash again.</div>
|html|<div class="broadcast-red"><b>The battle crashed</b><br />You can keep playing but it might crash again.</div>
|html|<div class="broadcast-red"><b>The battle crashed</b><br />You can keep playing but it might crash again.</div>
|html|<div class="broadcast-red"><b>The battle crashed</b><br />You can keep playing but it might crash again.</div>
|html|<div class="broadcast-red"><b>The battle crashed</b><br />You can keep playing but it might crash again.</div>
|html|<div class="broadcast-red"><b>The battle crashed</b><br />You can keep playing but it might crash again.</div>
|html|<div class="broadcast-red"><b>The battle crashed</b><br />You can keep playing but it might crash again.</div>
|html|<div class="broadcast-red"><b>The battle crashed</b><br />You can keep playing but it might crash again.</div>
|html|<div class="broadcast-red"><b>The battle crashed</b><br />You can keep playing but it might crash again.</div>
|html|<div class="broadcast-red"><b>The battle crashed</b><br />You can keep playing but it might crash again.</div>
|html|<div class="broadcast-red"><b>The battle crashed</b><br />You can keep playing but it might crash again.</div>
|html|<div class="broadcast-red"><b>The battle crashed</b><br />You can keep playing but it might crash again.</div>
|html|<div class="broadcast-red"><b>The battle crashed</b><br />You can keep playing but it might crash again.</div>
|html|<div class="broadcast-red"><b>The battle crashed</b><br />You can keep playing but it might crash again.</div>
|html|<div class="broadcast-red"><b>The battle crashed</b><br />You can keep playing but it might crash again.</div>
|html|<div class="broadcast-red"><b>The battle crashed</b><br />You can keep playing but it might crash again.</div>
|html|<div class="broadcast-red"><b>The battle crashed</b><br />You can keep playing but it might crash again.</div>
|html|<div class="broadcast-red"><b>The battle crashed</b><br />You can keep playing but it might crash again.</div>
|html|<div class="broadcast-red"><b>The battle crashed</b><br />You can keep playing but it might crash again.</div>
|html|<div class="broadcast-red"><b>The battle crashed</b><br />You can keep playing but it might crash again.</div>
|html|<div class="broadcast-red"><b>The battle crashed</b><br />You can keep playing but it might crash again.</div>
|html|<div class="broadcast-red"><b>The battle crashed</b><br />You can keep playing but it might crash again.</div>
|html|<div class="broadcast-red"><b>The battle crashed</b><br />You can keep playing but it might crash again.</div>

TypeError: Cannot read property 'isActive' of null
    at Tools.Battle.makeRequest (/Users/clazinasteunenberg/Downloads/Test/battle-engine.js:1943:15)
    at process.BattlePokemon.side (/Users/clazinasteunenberg/Downloads/Test/battle-engine.js:157:13)
    at process.EventEmitter.emit (events.js:98:17)
    at handleMessage (child_process.js:318:10)
    at Pipe.channel.onread (child_process.js:345:11)

ReferenceError: potd is not defined
    at Tools.exports.BattleScripts.randomTeam (/Users/clazinasteunenberg/Downloads/Test/data/scripts.js:1522:8)
    at Tools.exports.BattleScripts.getTeam (/Users/clazinasteunenberg/Downloads/Test/data/scripts.js:488:16)
    at new BattleSide (/Users/clazinasteunenberg/Downloads/Test/battle-engine.js:1096:27)
    at Tools.Battle.join (/Users/clazinasteunenberg/Downloads/Test/battle-engine.js:3333:15)
    at Tools.Battle.receive (/Users/clazinasteunenberg/Downloads/Test/battle-engine.js:3390:9)
    at process.BattlePokemon.side (/Users/clazinasteunenberg/Downloads/Test/battle-engine.js:143:12)
    at process.EventEmitter.emit (events.js:98:17)
    at handleMessage (child_process.js:318:10)
    at Pipe.channel.onread (child_process.js:345:11)

Additional information:
message = battle-randombattle-497|join|p1|Meloetta<3V|134
currentRequest = 

Log:
|html|<div class="broadcast-red"><b>The battle crashed</b><br />You can keep playing but it might crash again.</div>
|html|<div class="broadcast-red"><b>The battle crashed</b><br />You can keep playing but it might crash again.</div>
|html|<div class="broadcast-red"><b>The battle crashed</b><br />You can keep playing but it might crash again.</div>
|html|<div class="broadcast-red"><b>The battle crashed</b><br />You can keep playing but it might crash again.</div>
|html|<div class="broadcast-red"><b>The battle crashed</b><br />You can keep playing but it might crash again.</div>
|html|<div class="broadcast-red"><b>The battle crashed</b><br />You can keep playing but it might crash again.</div>
|html|<div class="broadcast-red"><b>The battle crashed</b><br />You can keep playing but it might crash again.</div>
|html|<div class="broadcast-red"><b>The battle crashed</b><br />You can keep playing but it might crash again.</div>
|html|<div class="broadcast-red"><b>The battle crashed</b><br />You can keep playing but it might crash again.</div>
|html|<div class="broadcast-red"><b>The battle crashed</b><br />You can keep playing but it might crash again.</div>
|html|<div class="broadcast-red"><b>The battle crashed</b><br />You can keep playing but it might crash again.</div>
|html|<div class="broadcast-red"><b>The battle crashed</b><br />You can keep playing but it might crash again.</div>
|html|<div class="broadcast-red"><b>The battle crashed</b><br />You can keep playing but it might crash again.</div>
|html|<div class="broadcast-red"><b>The battle crashed</b><br />You can keep playing but it might crash again.</div>
|html|<div class="broadcast-red"><b>The battle crashed</b><br />You can keep playing but it might crash again.</div>
|html|<div class="broadcast-red"><b>The battle crashed</b><br />You can keep playing but it might crash again.</div>
|html|<div class="broadcast-red"><b>The battle crashed</b><br />You can keep playing but it might crash again.</div>
|html|<div class="broadcast-red"><b>The battle crashed</b><br />You can keep playing but it might crash again.</div>
|html|<div class="broadcast-red"><b>The battle crashed</b><br />You can keep playing but it might crash again.</div>
|html|<div class="broadcast-red"><b>The battle crashed</b><br />You can keep playing but it might crash again.</div>
|html|<div class="broadcast-red"><b>The battle crashed</b><br />You can keep playing but it might crash again.</div>
|html|<div class="broadcast-red"><b>The battle crashed</b><br />You can keep playing but it might crash again.</div>
|html|<div class="broadcast-red"><b>The battle crashed</b><br />You can keep playing but it might crash again.</div>
|html|<div class="broadcast-red"><b>The battle crashed</b><br />You can keep playing but it might crash again.</div>
|html|<div class="broadcast-red"><b>The battle crashed</b><br />You can keep playing but it might crash again.</div>
|html|<div class="broadcast-red"><b>The battle crashed</b><br />You can keep playing but it might crash again.</div>
|html|<div class="broadcast-red"><b>The battle crashed</b><br />You can keep playing but it might crash again.</div>
|html|<div class="broadcast-red"><b>The battle crashed</b><br />You can keep playing but it might crash again.</div>
|html|<div class="broadcast-red"><b>The battle crashed</b><br />You can keep playing but it might crash again.</div>
|html|<div class="broadcast-red"><b>The battle crashed</b><br />You can keep playing but it might crash again.</div>
|html|<div class="broadcast-red"><b>The battle crashed</b><br />You can keep playing but it might crash again.</div>
|html|<div class="broadcast-red"><b>The battle crashed</b><br />You can keep playing but it might crash again.</div>
|html|<div class="broadcast-red"><b>The battle crashed</b><br />You can keep playing but it might crash again.</div>
|html|<div class="broadcast-red"><b>The battle crashed</b><br />You can keep playing but it might crash again.</div>
|html|<div class="broadcast-red"><b>The battle crashed</b><br />You can keep playing but it might crash again.</div>
|html|<div class="broadcast-red"><b>The battle crashed</b><br />You can keep playing but it might crash again.</div>
|html|<div class="broadcast-red"><b>The battle crashed</b><br />You can keep playing but it might crash again.</div>
|html|<div class="broadcast-red"><b>The battle crashed</b><br />You can keep playing but it might crash again.</div>
|html|<div class="broadcast-red"><b>The battle crashed</b><br />You can keep playing but it might crash again.</div>
|html|<div class="broadcast-red"><b>The battle crashed</b><br />You can keep playing but it might crash again.</div>
|html|<div class="broadcast-red"><b>The battle crashed</b><br />You can keep playing but it might crash again.</div>
|html|<div class="broadcast-red"><b>The battle crashed</b><br />You can keep playing but it might crash again.</div>
|html|<div class="broadcast-red"><b>The battle crashed</b><br />You can keep playing but it might crash again.</div>
|html|<div class="broadcast-red"><b>The battle crashed</b><br />You can keep playing but it might crash again.</div>
|html|<div class="broadcast-red"><b>The battle crashed</b><br />You can keep playing but it might crash again.</div>
|html|<div class="broadcast-red"><b>The battle crashed</b><br />You can keep playing but it might crash again.</div>
|html|<div class="broadcast-red"><b>The battle crashed</b><br />You can keep playing but it might crash again.</div>
|html|<div class="broadcast-red"><b>The battle crashed</b><br />You can keep playing but it might crash again.</div>
|html|<div class="broadcast-red"><b>The battle crashed</b><br />You can keep playing but it might crash again.</div>
|html|<div class="broadcast-red"><b>The battle crashed</b><br />You can keep playing but it might crash again.</div>
|html|<div class="broadcast-red"><b>The battle crashed</b><br />You can keep playing but it might crash again.</div>
|html|<div class="broadcast-red"><b>The battle crashed</b><br />You can keep playing but it might crash again.</div>
|html|<div class="broadcast-red"><b>The battle crashed</b><br />You can keep playing but it might crash again.</div>
|html|<div class="broadcast-red"><b>The battle crashed</b><br />You can keep playing but it might crash again.</div>
|html|<div class="broadcast-red"><b>The battle crashed</b><br />You can keep playing but it might crash again.</div>
|html|<div class="broadcast-red"><b>The battle crashed</b><br />You can keep playing but it might crash again.</div>
|html|<div class="broadcast-red"><b>The battle crashed</b><br />You can keep playing but it might crash again.</div>
|html|<div class="broadcast-red"><b>The battle crashed</b><br />You can keep playing but it might crash again.</div>
|html|<div class="broadcast-red"><b>The battle crashed</b><br />You can keep playing but it might crash again.</div>
|html|<div class="broadcast-red"><b>The battle crashed</b><br />You can keep playing but it might crash again.</div>
|html|<div class="broadcast-red"><b>The battle crashed</b><br />You can keep playing but it might crash again.</div>
|html|<div class="broadcast-red"><b>The battle crashed</b><br />You can keep playing but it might crash again.</div>
|html|<div class="broadcast-red"><b>The battle crashed</b><br />You can keep playing but it might crash again.</div>
|html|<div class="broadcast-red"><b>The battle crashed</b><br />You can keep playing but it might crash again.</div>
|html|<div class="broadcast-red"><b>The battle crashed</b><br />You can keep playing but it might crash again.</div>
|html|<div class="broadcast-red"><b>The battle crashed</b><br />You can keep playing but it might crash again.</div>
|html|<div class="broadcast-red"><b>The battle crashed</b><br />You can keep playing but it might crash again.</div>
|html|<div class="broadcast-red"><b>The battle crashed</b><br />You can keep playing but it might crash again.</div>
|html|<div class="broadcast-red"><b>The battle crashed</b><br />You can keep playing but it might crash again.</div>
|html|<div class="broadcast-red"><b>The battle crashed</b><br />You can keep playing but it might crash again.</div>
|html|<div class="broadcast-red"><b>The battle crashed</b><br />You can keep playing but it might crash again.</div>
|html|<div class="broadcast-red"><b>The battle crashed</b><br />You can keep playing but it might crash again.</div>
|html|<div class="broadcast-red"><b>The battle crashed</b><br />You can keep playing but it might crash again.</div>
|html|<div class="broadcast-red"><b>The battle crashed</b><br />You can keep playing but it might crash again.</div>
|html|<div class="broadcast-red"><b>The battle crashed</b><br />You can keep playing but it might crash again.</div>
|html|<div class="broadcast-red"><b>The battle crashed</b><br />You can keep playing but it might crash again.</div>
|html|<div class="broadcast-red"><b>The battle crashed</b><br />You can keep playing but it might crash again.</div>
|html|<div class="broadcast-red"><b>The battle crashed</b><br />You can keep playing but it might crash again.</div>
|html|<div class="broadcast-red"><b>The battle crashed</b><br />You can keep playing but it might crash again.</div>
|html|<div class="broadcast-red"><b>The battle crashed</b><br />You can keep playing but it might crash again.</div>
|html|<div class="broadcast-red"><b>The battle crashed</b><br />You can keep playing but it might crash again.</div>
|html|<div class="broadcast-red"><b>The battle crashed</b><br />You can keep playing but it might crash again.</div>
|html|<div class="broadcast-red"><b>The battle crashed</b><br />You can keep playing but it might crash again.</div>
|html|<div class="broadcast-red"><b>The battle crashed</b><br />You can keep playing but it might crash again.</div>
|html|<div class="broadcast-red"><b>The battle crashed</b><br />You can keep playing but it might crash again.</div>
|html|<div class="broadcast-red"><b>The battle crashed</b><br />You can keep playing but it might crash again.</div>
|html|<div class="broadcast-red"><b>The battle crashed</b><br />You can keep playing but it might crash again.</div>
|html|<div class="broadcast-red"><b>The battle crashed</b><br />You can keep playing but it might crash again.</div>
|html|<div class="broadcast-red"><b>The battle crashed</b><br />You can keep playing but it might crash again.</div>
|html|<div class="broadcast-red"><b>The battle crashed</b><br />You can keep playing but it might crash again.</div>
|html|<div class="broadcast-red"><b>The battle crashed</b><br />You can keep playing but it might crash again.</div>
|html|<div class="broadcast-red"><b>The battle crashed</b><br />You can keep playing but it might crash again.</div>
|html|<div class="broadcast-red"><b>The battle crashed</b><br />You can keep playing but it might crash again.</div>
|html|<div class="broadcast-red"><b>The battle crashed</b><br />You can keep playing but it might crash again.</div>
|html|<div class="broadcast-red"><b>The battle crashed</b><br />You can keep playing but it might crash again.</div>
|html|<div class="broadcast-red"><b>The battle crashed</b><br />You can keep playing but it might crash again.</div>
|html|<div class="broadcast-red"><b>The battle crashed</b><br />You can keep playing but it might crash again.</div>
|html|<div class="broadcast-red"><b>The battle crashed</b><br />You can keep playing but it might crash again.</div>
|html|<div class="broadcast-red"><b>The battle crashed</b><br />You can keep playing but it might crash again.</div>
|html|<div class="broadcast-red"><b>The battle crashed</b><br />You can keep playing but it might crash again.</div>
|html|<div class="broadcast-red"><b>The battle crashed</b><br />You can keep playing but it might crash again.</div>
|html|<div class="broadcast-red"><b>The battle crashed</b><br />You can keep playing but it might crash again.</div>
|html|<div class="broadcast-red"><b>The battle crashed</b><br />You can keep playing but it might crash again.</div>
|html|<div class="broadcast-red"><b>The battle crashed</b><br />You can keep playing but it might crash again.</div>
|html|<div class="broadcast-red"><b>The battle crashed</b><br />You can keep playing but it might crash again.</div>

TypeError: Cannot read property 'isActive' of null
    at Tools.Battle.makeRequest (/Users/clazinasteunenberg/Downloads/Test/battle-engine.js:1943:15)
    at process.BattlePokemon.side (/Users/clazinasteunenberg/Downloads/Test/battle-engine.js:157:13)
    at process.EventEmitter.emit (events.js:98:17)
    at handleMessage (child_process.js:318:10)
    at Pipe.channel.onread (child_process.js:345:11)

ReferenceError: potd is not defined
    at Tools.exports.BattleScripts.randomTeam (/Users/clazinasteunenberg/Downloads/Test/data/scripts.js:1522:8)
    at Tools.exports.BattleScripts.getTeam (/Users/clazinasteunenberg/Downloads/Test/data/scripts.js:488:16)
    at new BattleSide (/Users/clazinasteunenberg/Downloads/Test/battle-engine.js:1096:27)
    at Tools.Battle.join (/Users/clazinasteunenberg/Downloads/Test/battle-engine.js:3333:15)
    at Tools.Battle.receive (/Users/clazinasteunenberg/Downloads/Test/battle-engine.js:3390:9)
    at process.BattlePokemon.side (/Users/clazinasteunenberg/Downloads/Test/battle-engine.js:143:12)
    at process.EventEmitter.emit (events.js:98:17)
    at handleMessage (child_process.js:318:10)
    at Pipe.channel.onread (child_process.js:345:11)

Additional information:
message = battle-randombattle-497|join|p1|Meloetta<3V|134
currentRequest = 

Log:
|html|<div class="broadcast-red"><b>The battle crashed</b><br />You can keep playing but it might crash again.</div>
|html|<div class="broadcast-red"><b>The battle crashed</b><br />You can keep playing but it might crash again.</div>
|html|<div class="broadcast-red"><b>The battle crashed</b><br />You can keep playing but it might crash again.</div>
|html|<div class="broadcast-red"><b>The battle crashed</b><br />You can keep playing but it might crash again.</div>
|html|<div class="broadcast-red"><b>The battle crashed</b><br />You can keep playing but it might crash again.</div>
|html|<div class="broadcast-red"><b>The battle crashed</b><br />You can keep playing but it might crash again.</div>
|html|<div class="broadcast-red"><b>The battle crashed</b><br />You can keep playing but it might crash again.</div>
|html|<div class="broadcast-red"><b>The battle crashed</b><br />You can keep playing but it might crash again.</div>
|html|<div class="broadcast-red"><b>The battle crashed</b><br />You can keep playing but it might crash again.</div>
|html|<div class="broadcast-red"><b>The battle crashed</b><br />You can keep playing but it might crash again.</div>
|html|<div class="broadcast-red"><b>The battle crashed</b><br />You can keep playing but it might crash again.</div>
|html|<div class="broadcast-red"><b>The battle crashed</b><br />You can keep playing but it might crash again.</div>
|html|<div class="broadcast-red"><b>The battle crashed</b><br />You can keep playing but it might crash again.</div>
|html|<div class="broadcast-red"><b>The battle crashed</b><br />You can keep playing but it might crash again.</div>
|html|<div class="broadcast-red"><b>The battle crashed</b><br />You can keep playing but it might crash again.</div>
|html|<div class="broadcast-red"><b>The battle crashed</b><br />You can keep playing but it might crash again.</div>
|html|<div class="broadcast-red"><b>The battle crashed</b><br />You can keep playing but it might crash again.</div>
|html|<div class="broadcast-red"><b>The battle crashed</b><br />You can keep playing but it might crash again.</div>
|html|<div class="broadcast-red"><b>The battle crashed</b><br />You can keep playing but it might crash again.</div>
|html|<div class="broadcast-red"><b>The battle crashed</b><br />You can keep playing but it might crash again.</div>
|html|<div class="broadcast-red"><b>The battle crashed</b><br />You can keep playing but it might crash again.</div>
|html|<div class="broadcast-red"><b>The battle crashed</b><br />You can keep playing but it might crash again.</div>
|html|<div class="broadcast-red"><b>The battle crashed</b><br />You can keep playing but it might crash again.</div>
|html|<div class="broadcast-red"><b>The battle crashed</b><br />You can keep playing but it might crash again.</div>
|html|<div class="broadcast-red"><b>The battle crashed</b><br />You can keep playing but it might crash again.</div>
|html|<div class="broadcast-red"><b>The battle crashed</b><br />You can keep playing but it might crash again.</div>
|html|<div class="broadcast-red"><b>The battle crashed</b><br />You can keep playing but it might crash again.</div>
|html|<div class="broadcast-red"><b>The battle crashed</b><br />You can keep playing but it might crash again.</div>
|html|<div class="broadcast-red"><b>The battle crashed</b><br />You can keep playing but it might crash again.</div>
|html|<div class="broadcast-red"><b>The battle crashed</b><br />You can keep playing but it might crash again.</div>
|html|<div class="broadcast-red"><b>The battle crashed</b><br />You can keep playing but it might crash again.</div>
|html|<div class="broadcast-red"><b>The battle crashed</b><br />You can keep playing but it might crash again.</div>
|html|<div class="broadcast-red"><b>The battle crashed</b><br />You can keep playing but it might crash again.</div>
|html|<div class="broadcast-red"><b>The battle crashed</b><br />You can keep playing but it might crash again.</div>
|html|<div class="broadcast-red"><b>The battle crashed</b><br />You can keep playing but it might crash again.</div>
|html|<div class="broadcast-red"><b>The battle crashed</b><br />You can keep playing but it might crash again.</div>
|html|<div class="broadcast-red"><b>The battle crashed</b><br />You can keep playing but it might crash again.</div>
|html|<div class="broadcast-red"><b>The battle crashed</b><br />You can keep playing but it might crash again.</div>
|html|<div class="broadcast-red"><b>The battle crashed</b><br />You can keep playing but it might crash again.</div>
|html|<div class="broadcast-red"><b>The battle crashed</b><br />You can keep playing but it might crash again.</div>
|html|<div class="broadcast-red"><b>The battle crashed</b><br />You can keep playing but it might crash again.</div>
|html|<div class="broadcast-red"><b>The battle crashed</b><br />You can keep playing but it might crash again.</div>
|html|<div class="broadcast-red"><b>The battle crashed</b><br />You can keep playing but it might crash again.</div>
|html|<div class="broadcast-red"><b>The battle crashed</b><br />You can keep playing but it might crash again.</div>
|html|<div class="broadcast-red"><b>The battle crashed</b><br />You can keep playing but it might crash again.</div>
|html|<div class="broadcast-red"><b>The battle crashed</b><br />You can keep playing but it might crash again.</div>
|html|<div class="broadcast-red"><b>The battle crashed</b><br />You can keep playing but it might crash again.</div>
|html|<div class="broadcast-red"><b>The battle crashed</b><br />You can keep playing but it might crash again.</div>
|html|<div class="broadcast-red"><b>The battle crashed</b><br />You can keep playing but it might crash again.</div>
|html|<div class="broadcast-red"><b>The battle crashed</b><br />You can keep playing but it might crash again.</div>
|html|<div class="broadcast-red"><b>The battle crashed</b><br />You can keep playing but it might crash again.</div>
|html|<div class="broadcast-red"><b>The battle crashed</b><br />You can keep playing but it might crash again.</div>
|html|<div class="broadcast-red"><b>The battle crashed</b><br />You can keep playing but it might crash again.</div>
|html|<div class="broadcast-red"><b>The battle crashed</b><br />You can keep playing but it might crash again.</div>
|html|<div class="broadcast-red"><b>The battle crashed</b><br />You can keep playing but it might crash again.</div>
|html|<div class="broadcast-red"><b>The battle crashed</b><br />You can keep playing but it might crash again.</div>
|html|<div class="broadcast-red"><b>The battle crashed</b><br />You can keep playing but it might crash again.</div>
|html|<div class="broadcast-red"><b>The battle crashed</b><br />You can keep playing but it might crash again.</div>
|html|<div class="broadcast-red"><b>The battle crashed</b><br />You can keep playing but it might crash again.</div>
|html|<div class="broadcast-red"><b>The battle crashed</b><br />You can keep playing but it might crash again.</div>
|html|<div class="broadcast-red"><b>The battle crashed</b><br />You can keep playing but it might crash again.</div>
|html|<div class="broadcast-red"><b>The battle crashed</b><br />You can keep playing but it might crash again.</div>
|html|<div class="broadcast-red"><b>The battle crashed</b><br />You can keep playing but it might crash again.</div>
|html|<div class="broadcast-red"><b>The battle crashed</b><br />You can keep playing but it might crash again.</div>
|html|<div class="broadcast-red"><b>The battle crashed</b><br />You can keep playing but it might crash again.</div>
|html|<div class="broadcast-red"><b>The battle crashed</b><br />You can keep playing but it might crash again.</div>
|html|<div class="broadcast-red"><b>The battle crashed</b><br />You can keep playing but it might crash again.</div>
|html|<div class="broadcast-red"><b>The battle crashed</b><br />You can keep playing but it might crash again.</div>
|html|<div class="broadcast-red"><b>The battle crashed</b><br />You can keep playing but it might crash again.</div>
|html|<div class="broadcast-red"><b>The battle crashed</b><br />You can keep playing but it might crash again.</div>
|html|<div class="broadcast-red"><b>The battle crashed</b><br />You can keep playing but it might crash again.</div>
|html|<div class="broadcast-red"><b>The battle crashed</b><br />You can keep playing but it might crash again.</div>
|html|<div class="broadcast-red"><b>The battle crashed</b><br />You can keep playing but it might crash again.</div>
|html|<div class="broadcast-red"><b>The battle crashed</b><br />You can keep playing but it might crash again.</div>
|html|<div class="broadcast-red"><b>The battle crashed</b><br />You can keep playing but it might crash again.</div>
|html|<div class="broadcast-red"><b>The battle crashed</b><br />You can keep playing but it might crash again.</div>
|html|<div class="broadcast-red"><b>The battle crashed</b><br />You can keep playing but it might crash again.</div>
|html|<div class="broadcast-red"><b>The battle crashed</b><br />You can keep playing but it might crash again.</div>
|html|<div class="broadcast-red"><b>The battle crashed</b><br />You can keep playing but it might crash again.</div>
|html|<div class="broadcast-red"><b>The battle crashed</b><br />You can keep playing but it might crash again.</div>
|html|<div class="broadcast-red"><b>The battle crashed</b><br />You can keep playing but it might crash again.</div>
|html|<div class="broadcast-red"><b>The battle crashed</b><br />You can keep playing but it might crash again.</div>
|html|<div class="broadcast-red"><b>The battle crashed</b><br />You can keep playing but it might crash again.</div>
|html|<div class="broadcast-red"><b>The battle crashed</b><br />You can keep playing but it might crash again.</div>
|html|<div class="broadcast-red"><b>The battle crashed</b><br />You can keep playing but it might crash again.</div>
|html|<div class="broadcast-red"><b>The battle crashed</b><br />You can keep playing but it might crash again.</div>
|html|<div class="broadcast-red"><b>The battle crashed</b><br />You can keep playing but it might crash again.</div>
|html|<div class="broadcast-red"><b>The battle crashed</b><br />You can keep playing but it might crash again.</div>
|html|<div class="broadcast-red"><b>The battle crashed</b><br />You can keep playing but it might crash again.</div>
|html|<div class="broadcast-red"><b>The battle crashed</b><br />You can keep playing but it might crash again.</div>
|html|<div class="broadcast-red"><b>The battle crashed</b><br />You can keep playing but it might crash again.</div>
|html|<div class="broadcast-red"><b>The battle crashed</b><br />You can keep playing but it might crash again.</div>
|html|<div class="broadcast-red"><b>The battle crashed</b><br />You can keep playing but it might crash again.</div>
|html|<div class="broadcast-red"><b>The battle crashed</b><br />You can keep playing but it might crash again.</div>
|html|<div class="broadcast-red"><b>The battle crashed</b><br />You can keep playing but it might crash again.</div>
|html|<div class="broadcast-red"><b>The battle crashed</b><br />You can keep playing but it might crash again.</div>
|html|<div class="broadcast-red"><b>The battle crashed</b><br />You can keep playing but it might crash again.</div>
|html|<div class="broadcast-red"><b>The battle crashed</b><br />You can keep playing but it might crash again.</div>
|html|<div class="broadcast-red"><b>The battle crashed</b><br />You can keep playing but it might crash again.</div>
|html|<div class="broadcast-red"><b>The battle crashed</b><br />You can keep playing but it might crash again.</div>
|html|<div class="broadcast-red"><b>The battle crashed</b><br />You can keep playing but it might crash again.</div>
|html|<div class="broadcast-red"><b>The battle crashed</b><br />You can keep playing but it might crash again.</div>
|html|<div class="broadcast-red"><b>The battle crashed</b><br />You can keep playing but it might crash again.</div>
|html|<div class="broadcast-red"><b>The battle crashed</b><br />You can keep playing but it might crash again.</div>
|html|<div class="broadcast-red"><b>The battle crashed</b><br />You can keep playing but it might crash again.</div>
|html|<div class="broadcast-red"><b>The battle crashed</b><br />You can keep playing but it might crash again.</div>

TypeError: Cannot read property 'isActive' of null
    at Tools.Battle.makeRequest (/Users/clazinasteunenberg/Downloads/Test/battle-engine.js:1943:15)
    at process.BattlePokemon.side (/Users/clazinasteunenberg/Downloads/Test/battle-engine.js:157:13)
    at process.EventEmitter.emit (events.js:98:17)
    at handleMessage (child_process.js:318:10)
    at Pipe.channel.onread (child_process.js:345:11)

ReferenceError: potd is not defined
    at Tools.exports.BattleScripts.randomTeam (/Users/clazinasteunenberg/Downloads/Test/data/scripts.js:1522:8)
    at Tools.exports.BattleScripts.getTeam (/Users/clazinasteunenberg/Downloads/Test/data/scripts.js:488:16)
    at new BattleSide (/Users/clazinasteunenberg/Downloads/Test/battle-engine.js:1096:27)
    at Tools.Battle.join (/Users/clazinasteunenberg/Downloads/Test/battle-engine.js:3333:15)
    at Tools.Battle.receive (/Users/clazinasteunenberg/Downloads/Test/battle-engine.js:3390:9)
    at process.BattlePokemon.side (/Users/clazinasteunenberg/Downloads/Test/battle-engine.js:143:12)
    at process.EventEmitter.emit (events.js:98:17)
    at handleMessage (child_process.js:318:10)
    at Pipe.channel.onread (child_process.js:345:11)

Additional information:
message = battle-randombattle-497|join|p1|Meloetta<3V|134
currentRequest = 

Log:
|html|<div class="broadcast-red"><b>The battle crashed</b><br />You can keep playing but it might crash again.</div>
|html|<div class="broadcast-red"><b>The battle crashed</b><br />You can keep playing but it might crash again.</div>
|html|<div class="broadcast-red"><b>The battle crashed</b><br />You can keep playing but it might crash again.</div>
|html|<div class="broadcast-red"><b>The battle crashed</b><br />You can keep playing but it might crash again.</div>
|html|<div class="broadcast-red"><b>The battle crashed</b><br />You can keep playing but it might crash again.</div>
|html|<div class="broadcast-red"><b>The battle crashed</b><br />You can keep playing but it might crash again.</div>
|html|<div class="broadcast-red"><b>The battle crashed</b><br />You can keep playing but it might crash again.</div>
|html|<div class="broadcast-red"><b>The battle crashed</b><br />You can keep playing but it might crash again.</div>
|html|<div class="broadcast-red"><b>The battle crashed</b><br />You can keep playing but it might crash again.</div>
|html|<div class="broadcast-red"><b>The battle crashed</b><br />You can keep playing but it might crash again.</div>
|html|<div class="broadcast-red"><b>The battle crashed</b><br />You can keep playing but it might crash again.</div>
|html|<div class="broadcast-red"><b>The battle crashed</b><br />You can keep playing but it might crash again.</div>
|html|<div class="broadcast-red"><b>The battle crashed</b><br />You can keep playing but it might crash again.</div>
|html|<div class="broadcast-red"><b>The battle crashed</b><br />You can keep playing but it might crash again.</div>
|html|<div class="broadcast-red"><b>The battle crashed</b><br />You can keep playing but it might crash again.</div>
|html|<div class="broadcast-red"><b>The battle crashed</b><br />You can keep playing but it might crash again.</div>
|html|<div class="broadcast-red"><b>The battle crashed</b><br />You can keep playing but it might crash again.</div>
|html|<div class="broadcast-red"><b>The battle crashed</b><br />You can keep playing but it might crash again.</div>
|html|<div class="broadcast-red"><b>The battle crashed</b><br />You can keep playing but it might crash again.</div>
|html|<div class="broadcast-red"><b>The battle crashed</b><br />You can keep playing but it might crash again.</div>
|html|<div class="broadcast-red"><b>The battle crashed</b><br />You can keep playing but it might crash again.</div>
|html|<div class="broadcast-red"><b>The battle crashed</b><br />You can keep playing but it might crash again.</div>
|html|<div class="broadcast-red"><b>The battle crashed</b><br />You can keep playing but it might crash again.</div>
|html|<div class="broadcast-red"><b>The battle crashed</b><br />You can keep playing but it might crash again.</div>
|html|<div class="broadcast-red"><b>The battle crashed</b><br />You can keep playing but it might crash again.</div>
|html|<div class="broadcast-red"><b>The battle crashed</b><br />You can keep playing but it might crash again.</div>
|html|<div class="broadcast-red"><b>The battle crashed</b><br />You can keep playing but it might crash again.</div>
|html|<div class="broadcast-red"><b>The battle crashed</b><br />You can keep playing but it might crash again.</div>
|html|<div class="broadcast-red"><b>The battle crashed</b><br />You can keep playing but it might crash again.</div>
|html|<div class="broadcast-red"><b>The battle crashed</b><br />You can keep playing but it might crash again.</div>
|html|<div class="broadcast-red"><b>The battle crashed</b><br />You can keep playing but it might crash again.</div>
|html|<div class="broadcast-red"><b>The battle crashed</b><br />You can keep playing but it might crash again.</div>
|html|<div class="broadcast-red"><b>The battle crashed</b><br />You can keep playing but it might crash again.</div>
|html|<div class="broadcast-red"><b>The battle crashed</b><br />You can keep playing but it might crash again.</div>
|html|<div class="broadcast-red"><b>The battle crashed</b><br />You can keep playing but it might crash again.</div>
|html|<div class="broadcast-red"><b>The battle crashed</b><br />You can keep playing but it might crash again.</div>
|html|<div class="broadcast-red"><b>The battle crashed</b><br />You can keep playing but it might crash again.</div>
|html|<div class="broadcast-red"><b>The battle crashed</b><br />You can keep playing but it might crash again.</div>
|html|<div class="broadcast-red"><b>The battle crashed</b><br />You can keep playing but it might crash again.</div>
|html|<div class="broadcast-red"><b>The battle crashed</b><br />You can keep playing but it might crash again.</div>
|html|<div class="broadcast-red"><b>The battle crashed</b><br />You can keep playing but it might crash again.</div>
|html|<div class="broadcast-red"><b>The battle crashed</b><br />You can keep playing but it might crash again.</div>
|html|<div class="broadcast-red"><b>The battle crashed</b><br />You can keep playing but it might crash again.</div>
|html|<div class="broadcast-red"><b>The battle crashed</b><br />You can keep playing but it might crash again.</div>
|html|<div class="broadcast-red"><b>The battle crashed</b><br />You can keep playing but it might crash again.</div>
|html|<div class="broadcast-red"><b>The battle crashed</b><br />You can keep playing but it might crash again.</div>
|html|<div class="broadcast-red"><b>The battle crashed</b><br />You can keep playing but it might crash again.</div>
|html|<div class="broadcast-red"><b>The battle crashed</b><br />You can keep playing but it might crash again.</div>
|html|<div class="broadcast-red"><b>The battle crashed</b><br />You can keep playing but it might crash again.</div>
|html|<div class="broadcast-red"><b>The battle crashed</b><br />You can keep playing but it might crash again.</div>
|html|<div class="broadcast-red"><b>The battle crashed</b><br />You can keep playing but it might crash again.</div>
|html|<div class="broadcast-red"><b>The battle crashed</b><br />You can keep playing but it might crash again.</div>
|html|<div class="broadcast-red"><b>The battle crashed</b><br />You can keep playing but it might crash again.</div>
|html|<div class="broadcast-red"><b>The battle crashed</b><br />You can keep playing but it might crash again.</div>
|html|<div class="broadcast-red"><b>The battle crashed</b><br />You can keep playing but it might crash again.</div>
|html|<div class="broadcast-red"><b>The battle crashed</b><br />You can keep playing but it might crash again.</div>
|html|<div class="broadcast-red"><b>The battle crashed</b><br />You can keep playing but it might crash again.</div>
|html|<div class="broadcast-red"><b>The battle crashed</b><br />You can keep playing but it might crash again.</div>
|html|<div class="broadcast-red"><b>The battle crashed</b><br />You can keep playing but it might crash again.</div>
|html|<div class="broadcast-red"><b>The battle crashed</b><br />You can keep playing but it might crash again.</div>
|html|<div class="broadcast-red"><b>The battle crashed</b><br />You can keep playing but it might crash again.</div>
|html|<div class="broadcast-red"><b>The battle crashed</b><br />You can keep playing but it might crash again.</div>
|html|<div class="broadcast-red"><b>The battle crashed</b><br />You can keep playing but it might crash again.</div>
|html|<div class="broadcast-red"><b>The battle crashed</b><br />You can keep playing but it might crash again.</div>
|html|<div class="broadcast-red"><b>The battle crashed</b><br />You can keep playing but it might crash again.</div>
|html|<div class="broadcast-red"><b>The battle crashed</b><br />You can keep playing but it might crash again.</div>
|html|<div class="broadcast-red"><b>The battle crashed</b><br />You can keep playing but it might crash again.</div>
|html|<div class="broadcast-red"><b>The battle crashed</b><br />You can keep playing but it might crash again.</div>
|html|<div class="broadcast-red"><b>The battle crashed</b><br />You can keep playing but it might crash again.</div>
|html|<div class="broadcast-red"><b>The battle crashed</b><br />You can keep playing but it might crash again.</div>
|html|<div class="broadcast-red"><b>The battle crashed</b><br />You can keep playing but it might crash again.</div>
|html|<div class="broadcast-red"><b>The battle crashed</b><br />You can keep playing but it might crash again.</div>
|html|<div class="broadcast-red"><b>The battle crashed</b><br />You can keep playing but it might crash again.</div>
|html|<div class="broadcast-red"><b>The battle crashed</b><br />You can keep playing but it might crash again.</div>
|html|<div class="broadcast-red"><b>The battle crashed</b><br />You can keep playing but it might crash again.</div>
|html|<div class="broadcast-red"><b>The battle crashed</b><br />You can keep playing but it might crash again.</div>
|html|<div class="broadcast-red"><b>The battle crashed</b><br />You can keep playing but it might crash again.</div>
|html|<div class="broadcast-red"><b>The battle crashed</b><br />You can keep playing but it might crash again.</div>
|html|<div class="broadcast-red"><b>The battle crashed</b><br />You can keep playing but it might crash again.</div>
|html|<div class="broadcast-red"><b>The battle crashed</b><br />You can keep playing but it might crash again.</div>
|html|<div class="broadcast-red"><b>The battle crashed</b><br />You can keep playing but it might crash again.</div>
|html|<div class="broadcast-red"><b>The battle crashed</b><br />You can keep playing but it might crash again.</div>
|html|<div class="broadcast-red"><b>The battle crashed</b><br />You can keep playing but it might crash again.</div>
|html|<div class="broadcast-red"><b>The battle crashed</b><br />You can keep playing but it might crash again.</div>
|html|<div class="broadcast-red"><b>The battle crashed</b><br />You can keep playing but it might crash again.</div>
|html|<div class="broadcast-red"><b>The battle crashed</b><br />You can keep playing but it might crash again.</div>
|html|<div class="broadcast-red"><b>The battle crashed</b><br />You can keep playing but it might crash again.</div>
|html|<div class="broadcast-red"><b>The battle crashed</b><br />You can keep playing but it might crash again.</div>
|html|<div class="broadcast-red"><b>The battle crashed</b><br />You can keep playing but it might crash again.</div>
|html|<div class="broadcast-red"><b>The battle crashed</b><br />You can keep playing but it might crash again.</div>
|html|<div class="broadcast-red"><b>The battle crashed</b><br />You can keep playing but it might crash again.</div>
|html|<div class="broadcast-red"><b>The battle crashed</b><br />You can keep playing but it might crash again.</div>
|html|<div class="broadcast-red"><b>The battle crashed</b><br />You can keep playing but it might crash again.</div>
|html|<div class="broadcast-red"><b>The battle crashed</b><br />You can keep playing but it might crash again.</div>
|html|<div class="broadcast-red"><b>The battle crashed</b><br />You can keep playing but it might crash again.</div>
|html|<div class="broadcast-red"><b>The battle crashed</b><br />You can keep playing but it might crash again.</div>
|html|<div class="broadcast-red"><b>The battle crashed</b><br />You can keep playing but it might crash again.</div>
|html|<div class="broadcast-red"><b>The battle crashed</b><br />You can keep playing but it might crash again.</div>
|html|<div class="broadcast-red"><b>The battle crashed</b><br />You can keep playing but it might crash again.</div>
|html|<div class="broadcast-red"><b>The battle crashed</b><br />You can keep playing but it might crash again.</div>
|html|<div class="broadcast-red"><b>The battle crashed</b><br />You can keep playing but it might crash again.</div>
|html|<div class="broadcast-red"><b>The battle crashed</b><br />You can keep playing but it might crash again.</div>
|html|<div class="broadcast-red"><b>The battle crashed</b><br />You can keep playing but it might crash again.</div>
|html|<div class="broadcast-red"><b>The battle crashed</b><br />You can keep playing but it might crash again.</div>
|html|<div class="broadcast-red"><b>The battle crashed</b><br />You can keep playing but it might crash again.</div>
|html|<div class="broadcast-red"><b>The battle crashed</b><br />You can keep playing but it might crash again.</div>
|html|<div class="broadcast-red"><b>The battle crashed</b><br />You can keep playing but it might crash again.</div>

TypeError: Cannot read property 'isActive' of null
    at Tools.Battle.makeRequest (/Users/clazinasteunenberg/Downloads/Test/battle-engine.js:1943:15)
    at process.BattlePokemon.side (/Users/clazinasteunenberg/Downloads/Test/battle-engine.js:157:13)
    at process.EventEmitter.emit (events.js:98:17)
    at handleMessage (child_process.js:318:10)
    at Pipe.channel.onread (child_process.js:345:11)

ReferenceError: potd is not defined
    at Tools.exports.BattleScripts.randomTeam (/Users/clazinasteunenberg/Downloads/Test/data/scripts.js:1522:8)
    at Tools.exports.BattleScripts.getTeam (/Users/clazinasteunenberg/Downloads/Test/data/scripts.js:488:16)
    at new BattleSide (/Users/clazinasteunenberg/Downloads/Test/battle-engine.js:1096:27)
    at Tools.Battle.join (/Users/clazinasteunenberg/Downloads/Test/battle-engine.js:3333:15)
    at Tools.Battle.receive (/Users/clazinasteunenberg/Downloads/Test/battle-engine.js:3390:9)
    at process.BattlePokemon.side (/Users/clazinasteunenberg/Downloads/Test/battle-engine.js:143:12)
    at process.EventEmitter.emit (events.js:98:17)
    at handleMessage (child_process.js:318:10)
    at Pipe.channel.onread (child_process.js:345:11)

Additional information:
message = battle-randombattle-497|join|p1|Meloetta<3V|134
currentRequest = 

Log:
|html|<div class="broadcast-red"><b>The battle crashed</b><br />You can keep playing but it might crash again.</div>
|html|<div class="broadcast-red"><b>The battle crashed</b><br />You can keep playing but it might crash again.</div>
|html|<div class="broadcast-red"><b>The battle crashed</b><br />You can keep playing but it might crash again.</div>
|html|<div class="broadcast-red"><b>The battle crashed</b><br />You can keep playing but it might crash again.</div>
|html|<div class="broadcast-red"><b>The battle crashed</b><br />You can keep playing but it might crash again.</div>
|html|<div class="broadcast-red"><b>The battle crashed</b><br />You can keep playing but it might crash again.</div>
|html|<div class="broadcast-red"><b>The battle crashed</b><br />You can keep playing but it might crash again.</div>
|html|<div class="broadcast-red"><b>The battle crashed</b><br />You can keep playing but it might crash again.</div>
|html|<div class="broadcast-red"><b>The battle crashed</b><br />You can keep playing but it might crash again.</div>
|html|<div class="broadcast-red"><b>The battle crashed</b><br />You can keep playing but it might crash again.</div>
|html|<div class="broadcast-red"><b>The battle crashed</b><br />You can keep playing but it might crash again.</div>
|html|<div class="broadcast-red"><b>The battle crashed</b><br />You can keep playing but it might crash again.</div>
|html|<div class="broadcast-red"><b>The battle crashed</b><br />You can keep playing but it might crash again.</div>
|html|<div class="broadcast-red"><b>The battle crashed</b><br />You can keep playing but it might crash again.</div>
|html|<div class="broadcast-red"><b>The battle crashed</b><br />You can keep playing but it might crash again.</div>
|html|<div class="broadcast-red"><b>The battle crashed</b><br />You can keep playing but it might crash again.</div>
|html|<div class="broadcast-red"><b>The battle crashed</b><br />You can keep playing but it might crash again.</div>
|html|<div class="broadcast-red"><b>The battle crashed</b><br />You can keep playing but it might crash again.</div>
|html|<div class="broadcast-red"><b>The battle crashed</b><br />You can keep playing but it might crash again.</div>
|html|<div class="broadcast-red"><b>The battle crashed</b><br />You can keep playing but it might crash again.</div>
|html|<div class="broadcast-red"><b>The battle crashed</b><br />You can keep playing but it might crash again.</div>
|html|<div class="broadcast-red"><b>The battle crashed</b><br />You can keep playing but it might crash again.</div>
|html|<div class="broadcast-red"><b>The battle crashed</b><br />You can keep playing but it might crash again.</div>
|html|<div class="broadcast-red"><b>The battle crashed</b><br />You can keep playing but it might crash again.</div>
|html|<div class="broadcast-red"><b>The battle crashed</b><br />You can keep playing but it might crash again.</div>
|html|<div class="broadcast-red"><b>The battle crashed</b><br />You can keep playing but it might crash again.</div>
|html|<div class="broadcast-red"><b>The battle crashed</b><br />You can keep playing but it might crash again.</div>
|html|<div class="broadcast-red"><b>The battle crashed</b><br />You can keep playing but it might crash again.</div>
|html|<div class="broadcast-red"><b>The battle crashed</b><br />You can keep playing but it might crash again.</div>
|html|<div class="broadcast-red"><b>The battle crashed</b><br />You can keep playing but it might crash again.</div>
|html|<div class="broadcast-red"><b>The battle crashed</b><br />You can keep playing but it might crash again.</div>
|html|<div class="broadcast-red"><b>The battle crashed</b><br />You can keep playing but it might crash again.</div>
|html|<div class="broadcast-red"><b>The battle crashed</b><br />You can keep playing but it might crash again.</div>
|html|<div class="broadcast-red"><b>The battle crashed</b><br />You can keep playing but it might crash again.</div>
|html|<div class="broadcast-red"><b>The battle crashed</b><br />You can keep playing but it might crash again.</div>
|html|<div class="broadcast-red"><b>The battle crashed</b><br />You can keep playing but it might crash again.</div>
|html|<div class="broadcast-red"><b>The battle crashed</b><br />You can keep playing but it might crash again.</div>
|html|<div class="broadcast-red"><b>The battle crashed</b><br />You can keep playing but it might crash again.</div>
|html|<div class="broadcast-red"><b>The battle crashed</b><br />You can keep playing but it might crash again.</div>
|html|<div class="broadcast-red"><b>The battle crashed</b><br />You can keep playing but it might crash again.</div>
|html|<div class="broadcast-red"><b>The battle crashed</b><br />You can keep playing but it might crash again.</div>
|html|<div class="broadcast-red"><b>The battle crashed</b><br />You can keep playing but it might crash again.</div>
|html|<div class="broadcast-red"><b>The battle crashed</b><br />You can keep playing but it might crash again.</div>
|html|<div class="broadcast-red"><b>The battle crashed</b><br />You can keep playing but it might crash again.</div>
|html|<div class="broadcast-red"><b>The battle crashed</b><br />You can keep playing but it might crash again.</div>
|html|<div class="broadcast-red"><b>The battle crashed</b><br />You can keep playing but it might crash again.</div>
|html|<div class="broadcast-red"><b>The battle crashed</b><br />You can keep playing but it might crash again.</div>
|html|<div class="broadcast-red"><b>The battle crashed</b><br />You can keep playing but it might crash again.</div>
|html|<div class="broadcast-red"><b>The battle crashed</b><br />You can keep playing but it might crash again.</div>
|html|<div class="broadcast-red"><b>The battle crashed</b><br />You can keep playing but it might crash again.</div>
|html|<div class="broadcast-red"><b>The battle crashed</b><br />You can keep playing but it might crash again.</div>
|html|<div class="broadcast-red"><b>The battle crashed</b><br />You can keep playing but it might crash again.</div>
|html|<div class="broadcast-red"><b>The battle crashed</b><br />You can keep playing but it might crash again.</div>
|html|<div class="broadcast-red"><b>The battle crashed</b><br />You can keep playing but it might crash again.</div>
|html|<div class="broadcast-red"><b>The battle crashed</b><br />You can keep playing but it might crash again.</div>
|html|<div class="broadcast-red"><b>The battle crashed</b><br />You can keep playing but it might crash again.</div>
|html|<div class="broadcast-red"><b>The battle crashed</b><br />You can keep playing but it might crash again.</div>
|html|<div class="broadcast-red"><b>The battle crashed</b><br />You can keep playing but it might crash again.</div>
|html|<div class="broadcast-red"><b>The battle crashed</b><br />You can keep playing but it might crash again.</div>
|html|<div class="broadcast-red"><b>The battle crashed</b><br />You can keep playing but it might crash again.</div>
|html|<div class="broadcast-red"><b>The battle crashed</b><br />You can keep playing but it might crash again.</div>
|html|<div class="broadcast-red"><b>The battle crashed</b><br />You can keep playing but it might crash again.</div>
|html|<div class="broadcast-red"><b>The battle crashed</b><br />You can keep playing but it might crash again.</div>
|html|<div class="broadcast-red"><b>The battle crashed</b><br />You can keep playing but it might crash again.</div>
|html|<div class="broadcast-red"><b>The battle crashed</b><br />You can keep playing but it might crash again.</div>
|html|<div class="broadcast-red"><b>The battle crashed</b><br />You can keep playing but it might crash again.</div>
|html|<div class="broadcast-red"><b>The battle crashed</b><br />You can keep playing but it might crash again.</div>
|html|<div class="broadcast-red"><b>The battle crashed</b><br />You can keep playing but it might crash again.</div>
|html|<div class="broadcast-red"><b>The battle crashed</b><br />You can keep playing but it might crash again.</div>
|html|<div class="broadcast-red"><b>The battle crashed</b><br />You can keep playing but it might crash again.</div>
|html|<div class="broadcast-red"><b>The battle crashed</b><br />You can keep playing but it might crash again.</div>
|html|<div class="broadcast-red"><b>The battle crashed</b><br />You can keep playing but it might crash again.</div>
|html|<div class="broadcast-red"><b>The battle crashed</b><br />You can keep playing but it might crash again.</div>
|html|<div class="broadcast-red"><b>The battle crashed</b><br />You can keep playing but it might crash again.</div>
|html|<div class="broadcast-red"><b>The battle crashed</b><br />You can keep playing but it might crash again.</div>
|html|<div class="broadcast-red"><b>The battle crashed</b><br />You can keep playing but it might crash again.</div>
|html|<div class="broadcast-red"><b>The battle crashed</b><br />You can keep playing but it might crash again.</div>
|html|<div class="broadcast-red"><b>The battle crashed</b><br />You can keep playing but it might crash again.</div>
|html|<div class="broadcast-red"><b>The battle crashed</b><br />You can keep playing but it might crash again.</div>
|html|<div class="broadcast-red"><b>The battle crashed</b><br />You can keep playing but it might crash again.</div>
|html|<div class="broadcast-red"><b>The battle crashed</b><br />You can keep playing but it might crash again.</div>
|html|<div class="broadcast-red"><b>The battle crashed</b><br />You can keep playing but it might crash again.</div>
|html|<div class="broadcast-red"><b>The battle crashed</b><br />You can keep playing but it might crash again.</div>
|html|<div class="broadcast-red"><b>The battle crashed</b><br />You can keep playing but it might crash again.</div>
|html|<div class="broadcast-red"><b>The battle crashed</b><br />You can keep playing but it might crash again.</div>
|html|<div class="broadcast-red"><b>The battle crashed</b><br />You can keep playing but it might crash again.</div>
|html|<div class="broadcast-red"><b>The battle crashed</b><br />You can keep playing but it might crash again.</div>
|html|<div class="broadcast-red"><b>The battle crashed</b><br />You can keep playing but it might crash again.</div>
|html|<div class="broadcast-red"><b>The battle crashed</b><br />You can keep playing but it might crash again.</div>
|html|<div class="broadcast-red"><b>The battle crashed</b><br />You can keep playing but it might crash again.</div>
|html|<div class="broadcast-red"><b>The battle crashed</b><br />You can keep playing but it might crash again.</div>
|html|<div class="broadcast-red"><b>The battle crashed</b><br />You can keep playing but it might crash again.</div>
|html|<div class="broadcast-red"><b>The battle crashed</b><br />You can keep playing but it might crash again.</div>
|html|<div class="broadcast-red"><b>The battle crashed</b><br />You can keep playing but it might crash again.</div>
|html|<div class="broadcast-red"><b>The battle crashed</b><br />You can keep playing but it might crash again.</div>
|html|<div class="broadcast-red"><b>The battle crashed</b><br />You can keep playing but it might crash again.</div>
|html|<div class="broadcast-red"><b>The battle crashed</b><br />You can keep playing but it might crash again.</div>
|html|<div class="broadcast-red"><b>The battle crashed</b><br />You can keep playing but it might crash again.</div>
|html|<div class="broadcast-red"><b>The battle crashed</b><br />You can keep playing but it might crash again.</div>
|html|<div class="broadcast-red"><b>The battle crashed</b><br />You can keep playing but it might crash again.</div>
|html|<div class="broadcast-red"><b>The battle crashed</b><br />You can keep playing but it might crash again.</div>
|html|<div class="broadcast-red"><b>The battle crashed</b><br />You can keep playing but it might crash again.</div>
|html|<div class="broadcast-red"><b>The battle crashed</b><br />You can keep playing but it might crash again.</div>
|html|<div class="broadcast-red"><b>The battle crashed</b><br />You can keep playing but it might crash again.</div>
|html|<div class="broadcast-red"><b>The battle crashed</b><br />You can keep playing but it might crash again.</div>
|html|<div class="broadcast-red"><b>The battle crashed</b><br />You can keep playing but it might crash again.</div>
|html|<div class="broadcast-red"><b>The battle crashed</b><br />You can keep playing but it might crash again.</div>
|html|<div class="broadcast-red"><b>The battle crashed</b><br />You can keep playing but it might crash again.</div>

TypeError: Cannot read property 'isActive' of null
    at Tools.Battle.makeRequest (/Users/clazinasteunenberg/Downloads/Test/battle-engine.js:1943:15)
    at process.BattlePokemon.side (/Users/clazinasteunenberg/Downloads/Test/battle-engine.js:157:13)
    at process.EventEmitter.emit (events.js:98:17)
    at handleMessage (child_process.js:318:10)
    at Pipe.channel.onread (child_process.js:345:11)

ReferenceError: potd is not defined
    at Tools.exports.BattleScripts.randomTeam (/Users/clazinasteunenberg/Downloads/Test/data/scripts.js:1522:8)
    at Tools.exports.BattleScripts.getTeam (/Users/clazinasteunenberg/Downloads/Test/data/scripts.js:488:16)
    at new BattleSide (/Users/clazinasteunenberg/Downloads/Test/battle-engine.js:1096:27)
    at Tools.Battle.join (/Users/clazinasteunenberg/Downloads/Test/battle-engine.js:3333:15)
    at Tools.Battle.receive (/Users/clazinasteunenberg/Downloads/Test/battle-engine.js:3390:9)
    at process.BattlePokemon.side (/Users/clazinasteunenberg/Downloads/Test/battle-engine.js:143:12)
    at process.EventEmitter.emit (events.js:98:17)
    at handleMessage (child_process.js:318:10)
    at Pipe.channel.onread (child_process.js:345:11)

Additional information:
message = battle-randombattle-497|join|p1|Meloetta<3V|134
currentRequest = 

Log:
|html|<div class="broadcast-red"><b>The battle crashed</b><br />You can keep playing but it might crash again.</div>
|html|<div class="broadcast-red"><b>The battle crashed</b><br />You can keep playing but it might crash again.</div>
|html|<div class="broadcast-red"><b>The battle crashed</b><br />You can keep playing but it might crash again.</div>
|html|<div class="broadcast-red"><b>The battle crashed</b><br />You can keep playing but it might crash again.</div>
|html|<div class="broadcast-red"><b>The battle crashed</b><br />You can keep playing but it might crash again.</div>
|html|<div class="broadcast-red"><b>The battle crashed</b><br />You can keep playing but it might crash again.</div>
|html|<div class="broadcast-red"><b>The battle crashed</b><br />You can keep playing but it might crash again.</div>
|html|<div class="broadcast-red"><b>The battle crashed</b><br />You can keep playing but it might crash again.</div>
|html|<div class="broadcast-red"><b>The battle crashed</b><br />You can keep playing but it might crash again.</div>
|html|<div class="broadcast-red"><b>The battle crashed</b><br />You can keep playing but it might crash again.</div>
|html|<div class="broadcast-red"><b>The battle crashed</b><br />You can keep playing but it might crash again.</div>
|html|<div class="broadcast-red"><b>The battle crashed</b><br />You can keep playing but it might crash again.</div>
|html|<div class="broadcast-red"><b>The battle crashed</b><br />You can keep playing but it might crash again.</div>
|html|<div class="broadcast-red"><b>The battle crashed</b><br />You can keep playing but it might crash again.</div>
|html|<div class="broadcast-red"><b>The battle crashed</b><br />You can keep playing but it might crash again.</div>
|html|<div class="broadcast-red"><b>The battle crashed</b><br />You can keep playing but it might crash again.</div>
|html|<div class="broadcast-red"><b>The battle crashed</b><br />You can keep playing but it might crash again.</div>
|html|<div class="broadcast-red"><b>The battle crashed</b><br />You can keep playing but it might crash again.</div>
|html|<div class="broadcast-red"><b>The battle crashed</b><br />You can keep playing but it might crash again.</div>
|html|<div class="broadcast-red"><b>The battle crashed</b><br />You can keep playing but it might crash again.</div>
|html|<div class="broadcast-red"><b>The battle crashed</b><br />You can keep playing but it might crash again.</div>
|html|<div class="broadcast-red"><b>The battle crashed</b><br />You can keep playing but it might crash again.</div>
|html|<div class="broadcast-red"><b>The battle crashed</b><br />You can keep playing but it might crash again.</div>
|html|<div class="broadcast-red"><b>The battle crashed</b><br />You can keep playing but it might crash again.</div>
|html|<div class="broadcast-red"><b>The battle crashed</b><br />You can keep playing but it might crash again.</div>
|html|<div class="broadcast-red"><b>The battle crashed</b><br />You can keep playing but it might crash again.</div>
|html|<div class="broadcast-red"><b>The battle crashed</b><br />You can keep playing but it might crash again.</div>
|html|<div class="broadcast-red"><b>The battle crashed</b><br />You can keep playing but it might crash again.</div>
|html|<div class="broadcast-red"><b>The battle crashed</b><br />You can keep playing but it might crash again.</div>
|html|<div class="broadcast-red"><b>The battle crashed</b><br />You can keep playing but it might crash again.</div>
|html|<div class="broadcast-red"><b>The battle crashed</b><br />You can keep playing but it might crash again.</div>
|html|<div class="broadcast-red"><b>The battle crashed</b><br />You can keep playing but it might crash again.</div>
|html|<div class="broadcast-red"><b>The battle crashed</b><br />You can keep playing but it might crash again.</div>
|html|<div class="broadcast-red"><b>The battle crashed</b><br />You can keep playing but it might crash again.</div>
|html|<div class="broadcast-red"><b>The battle crashed</b><br />You can keep playing but it might crash again.</div>
|html|<div class="broadcast-red"><b>The battle crashed</b><br />You can keep playing but it might crash again.</div>
|html|<div class="broadcast-red"><b>The battle crashed</b><br />You can keep playing but it might crash again.</div>
|html|<div class="broadcast-red"><b>The battle crashed</b><br />You can keep playing but it might crash again.</div>
|html|<div class="broadcast-red"><b>The battle crashed</b><br />You can keep playing but it might crash again.</div>
|html|<div class="broadcast-red"><b>The battle crashed</b><br />You can keep playing but it might crash again.</div>
|html|<div class="broadcast-red"><b>The battle crashed</b><br />You can keep playing but it might crash again.</div>
|html|<div class="broadcast-red"><b>The battle crashed</b><br />You can keep playing but it might crash again.</div>
|html|<div class="broadcast-red"><b>The battle crashed</b><br />You can keep playing but it might crash again.</div>
|html|<div class="broadcast-red"><b>The battle crashed</b><br />You can keep playing but it might crash again.</div>
|html|<div class="broadcast-red"><b>The battle crashed</b><br />You can keep playing but it might crash again.</div>
|html|<div class="broadcast-red"><b>The battle crashed</b><br />You can keep playing but it might crash again.</div>
|html|<div class="broadcast-red"><b>The battle crashed</b><br />You can keep playing but it might crash again.</div>
|html|<div class="broadcast-red"><b>The battle crashed</b><br />You can keep playing but it might crash again.</div>
|html|<div class="broadcast-red"><b>The battle crashed</b><br />You can keep playing but it might crash again.</div>
|html|<div class="broadcast-red"><b>The battle crashed</b><br />You can keep playing but it might crash again.</div>
|html|<div class="broadcast-red"><b>The battle crashed</b><br />You can keep playing but it might crash again.</div>
|html|<div class="broadcast-red"><b>The battle crashed</b><br />You can keep playing but it might crash again.</div>
|html|<div class="broadcast-red"><b>The battle crashed</b><br />You can keep playing but it might crash again.</div>
|html|<div class="broadcast-red"><b>The battle crashed</b><br />You can keep playing but it might crash again.</div>
|html|<div class="broadcast-red"><b>The battle crashed</b><br />You can keep playing but it might crash again.</div>
|html|<div class="broadcast-red"><b>The battle crashed</b><br />You can keep playing but it might crash again.</div>
|html|<div class="broadcast-red"><b>The battle crashed</b><br />You can keep playing but it might crash again.</div>
|html|<div class="broadcast-red"><b>The battle crashed</b><br />You can keep playing but it might crash again.</div>
|html|<div class="broadcast-red"><b>The battle crashed</b><br />You can keep playing but it might crash again.</div>
|html|<div class="broadcast-red"><b>The battle crashed</b><br />You can keep playing but it might crash again.</div>
|html|<div class="broadcast-red"><b>The battle crashed</b><br />You can keep playing but it might crash again.</div>
|html|<div class="broadcast-red"><b>The battle crashed</b><br />You can keep playing but it might crash again.</div>
|html|<div class="broadcast-red"><b>The battle crashed</b><br />You can keep playing but it might crash again.</div>
|html|<div class="broadcast-red"><b>The battle crashed</b><br />You can keep playing but it might crash again.</div>
|html|<div class="broadcast-red"><b>The battle crashed</b><br />You can keep playing but it might crash again.</div>
|html|<div class="broadcast-red"><b>The battle crashed</b><br />You can keep playing but it might crash again.</div>
|html|<div class="broadcast-red"><b>The battle crashed</b><br />You can keep playing but it might crash again.</div>
|html|<div class="broadcast-red"><b>The battle crashed</b><br />You can keep playing but it might crash again.</div>
|html|<div class="broadcast-red"><b>The battle crashed</b><br />You can keep playing but it might crash again.</div>
|html|<div class="broadcast-red"><b>The battle crashed</b><br />You can keep playing but it might crash again.</div>
|html|<div class="broadcast-red"><b>The battle crashed</b><br />You can keep playing but it might crash again.</div>
|html|<div class="broadcast-red"><b>The battle crashed</b><br />You can keep playing but it might crash again.</div>
|html|<div class="broadcast-red"><b>The battle crashed</b><br />You can keep playing but it might crash again.</div>
|html|<div class="broadcast-red"><b>The battle crashed</b><br />You can keep playing but it might crash again.</div>
|html|<div class="broadcast-red"><b>The battle crashed</b><br />You can keep playing but it might crash again.</div>
|html|<div class="broadcast-red"><b>The battle crashed</b><br />You can keep playing but it might crash again.</div>
|html|<div class="broadcast-red"><b>The battle crashed</b><br />You can keep playing but it might crash again.</div>
|html|<div class="broadcast-red"><b>The battle crashed</b><br />You can keep playing but it might crash again.</div>
|html|<div class="broadcast-red"><b>The battle crashed</b><br />You can keep playing but it might crash again.</div>
|html|<div class="broadcast-red"><b>The battle crashed</b><br />You can keep playing but it might crash again.</div>
|html|<div class="broadcast-red"><b>The battle crashed</b><br />You can keep playing but it might crash again.</div>
|html|<div class="broadcast-red"><b>The battle crashed</b><br />You can keep playing but it might crash again.</div>
|html|<div class="broadcast-red"><b>The battle crashed</b><br />You can keep playing but it might crash again.</div>
|html|<div class="broadcast-red"><b>The battle crashed</b><br />You can keep playing but it might crash again.</div>
|html|<div class="broadcast-red"><b>The battle crashed</b><br />You can keep playing but it might crash again.</div>
|html|<div class="broadcast-red"><b>The battle crashed</b><br />You can keep playing but it might crash again.</div>
|html|<div class="broadcast-red"><b>The battle crashed</b><br />You can keep playing but it might crash again.</div>
|html|<div class="broadcast-red"><b>The battle crashed</b><br />You can keep playing but it might crash again.</div>
|html|<div class="broadcast-red"><b>The battle crashed</b><br />You can keep playing but it might crash again.</div>
|html|<div class="broadcast-red"><b>The battle crashed</b><br />You can keep playing but it might crash again.</div>
|html|<div class="broadcast-red"><b>The battle crashed</b><br />You can keep playing but it might crash again.</div>
|html|<div class="broadcast-red"><b>The battle crashed</b><br />You can keep playing but it might crash again.</div>
|html|<div class="broadcast-red"><b>The battle crashed</b><br />You can keep playing but it might crash again.</div>
|html|<div class="broadcast-red"><b>The battle crashed</b><br />You can keep playing but it might crash again.</div>
|html|<div class="broadcast-red"><b>The battle crashed</b><br />You can keep playing but it might crash again.</div>
|html|<div class="broadcast-red"><b>The battle crashed</b><br />You can keep playing but it might crash again.</div>
|html|<div class="broadcast-red"><b>The battle crashed</b><br />You can keep playing but it might crash again.</div>
|html|<div class="broadcast-red"><b>The battle crashed</b><br />You can keep playing but it might crash again.</div>
|html|<div class="broadcast-red"><b>The battle crashed</b><br />You can keep playing but it might crash again.</div>
|html|<div class="broadcast-red"><b>The battle crashed</b><br />You can keep playing but it might crash again.</div>
|html|<div class="broadcast-red"><b>The battle crashed</b><br />You can keep playing but it might crash again.</div>
|html|<div class="broadcast-red"><b>The battle crashed</b><br />You can keep playing but it might crash again.</div>
|html|<div class="broadcast-red"><b>The battle crashed</b><br />You can keep playing but it might crash again.</div>
|html|<div class="broadcast-red"><b>The battle crashed</b><br />You can keep playing but it might crash again.</div>
|html|<div class="broadcast-red"><b>The battle crashed</b><br />You can keep playing but it might crash again.</div>
|html|<div class="broadcast-red"><b>The battle crashed</b><br />You can keep playing but it might crash again.</div>
|html|<div class="broadcast-red"><b>The battle crashed</b><br />You can keep playing but it might crash again.</div>
|html|<div class="broadcast-red"><b>The battle crashed</b><br />You can keep playing but it might crash again.</div>
|html|<div class="broadcast-red"><b>The battle crashed</b><br />You can keep playing but it might crash again.</div>

TypeError: Cannot read property 'isActive' of null
    at Tools.Battle.makeRequest (/Users/clazinasteunenberg/Downloads/Test/battle-engine.js:1943:15)
    at process.BattlePokemon.side (/Users/clazinasteunenberg/Downloads/Test/battle-engine.js:157:13)
    at process.EventEmitter.emit (events.js:98:17)
    at handleMessage (child_process.js:318:10)
    at Pipe.channel.onread (child_process.js:345:11)

ReferenceError: potd is not defined
    at Tools.exports.BattleScripts.randomTeam (/Users/clazinasteunenberg/Downloads/Test/data/scripts.js:1522:8)
    at Tools.exports.BattleScripts.getTeam (/Users/clazinasteunenberg/Downloads/Test/data/scripts.js:488:16)
    at new BattleSide (/Users/clazinasteunenberg/Downloads/Test/battle-engine.js:1096:27)
    at Tools.Battle.join (/Users/clazinasteunenberg/Downloads/Test/battle-engine.js:3333:15)
    at Tools.Battle.receive (/Users/clazinasteunenberg/Downloads/Test/battle-engine.js:3390:9)
    at process.BattlePokemon.side (/Users/clazinasteunenberg/Downloads/Test/battle-engine.js:143:12)
    at process.EventEmitter.emit (events.js:98:17)
    at handleMessage (child_process.js:318:10)
    at Pipe.channel.onread (child_process.js:345:11)

Additional information:
message = battle-randombattle-497|join|p1|Meloetta<3V|134
currentRequest = 

Log:
|html|<div class="broadcast-red"><b>The battle crashed</b><br />You can keep playing but it might crash again.</div>
|html|<div class="broadcast-red"><b>The battle crashed</b><br />You can keep playing but it might crash again.</div>
|html|<div class="broadcast-red"><b>The battle crashed</b><br />You can keep playing but it might crash again.</div>
|html|<div class="broadcast-red"><b>The battle crashed</b><br />You can keep playing but it might crash again.</div>
|html|<div class="broadcast-red"><b>The battle crashed</b><br />You can keep playing but it might crash again.</div>
|html|<div class="broadcast-red"><b>The battle crashed</b><br />You can keep playing but it might crash again.</div>
|html|<div class="broadcast-red"><b>The battle crashed</b><br />You can keep playing but it might crash again.</div>
|html|<div class="broadcast-red"><b>The battle crashed</b><br />You can keep playing but it might crash again.</div>
|html|<div class="broadcast-red"><b>The battle crashed</b><br />You can keep playing but it might crash again.</div>
|html|<div class="broadcast-red"><b>The battle crashed</b><br />You can keep playing but it might crash again.</div>
|html|<div class="broadcast-red"><b>The battle crashed</b><br />You can keep playing but it might crash again.</div>
|html|<div class="broadcast-red"><b>The battle crashed</b><br />You can keep playing but it might crash again.</div>
|html|<div class="broadcast-red"><b>The battle crashed</b><br />You can keep playing but it might crash again.</div>
|html|<div class="broadcast-red"><b>The battle crashed</b><br />You can keep playing but it might crash again.</div>
|html|<div class="broadcast-red"><b>The battle crashed</b><br />You can keep playing but it might crash again.</div>
|html|<div class="broadcast-red"><b>The battle crashed</b><br />You can keep playing but it might crash again.</div>
|html|<div class="broadcast-red"><b>The battle crashed</b><br />You can keep playing but it might crash again.</div>
|html|<div class="broadcast-red"><b>The battle crashed</b><br />You can keep playing but it might crash again.</div>
|html|<div class="broadcast-red"><b>The battle crashed</b><br />You can keep playing but it might crash again.</div>
|html|<div class="broadcast-red"><b>The battle crashed</b><br />You can keep playing but it might crash again.</div>
|html|<div class="broadcast-red"><b>The battle crashed</b><br />You can keep playing but it might crash again.</div>
|html|<div class="broadcast-red"><b>The battle crashed</b><br />You can keep playing but it might crash again.</div>
|html|<div class="broadcast-red"><b>The battle crashed</b><br />You can keep playing but it might crash again.</div>
|html|<div class="broadcast-red"><b>The battle crashed</b><br />You can keep playing but it might crash again.</div>
|html|<div class="broadcast-red"><b>The battle crashed</b><br />You can keep playing but it might crash again.</div>
|html|<div class="broadcast-red"><b>The battle crashed</b><br />You can keep playing but it might crash again.</div>
|html|<div class="broadcast-red"><b>The battle crashed</b><br />You can keep playing but it might crash again.</div>
|html|<div class="broadcast-red"><b>The battle crashed</b><br />You can keep playing but it might crash again.</div>
|html|<div class="broadcast-red"><b>The battle crashed</b><br />You can keep playing but it might crash again.</div>
|html|<div class="broadcast-red"><b>The battle crashed</b><br />You can keep playing but it might crash again.</div>
|html|<div class="broadcast-red"><b>The battle crashed</b><br />You can keep playing but it might crash again.</div>
|html|<div class="broadcast-red"><b>The battle crashed</b><br />You can keep playing but it might crash again.</div>
|html|<div class="broadcast-red"><b>The battle crashed</b><br />You can keep playing but it might crash again.</div>
|html|<div class="broadcast-red"><b>The battle crashed</b><br />You can keep playing but it might crash again.</div>
|html|<div class="broadcast-red"><b>The battle crashed</b><br />You can keep playing but it might crash again.</div>
|html|<div class="broadcast-red"><b>The battle crashed</b><br />You can keep playing but it might crash again.</div>
|html|<div class="broadcast-red"><b>The battle crashed</b><br />You can keep playing but it might crash again.</div>
|html|<div class="broadcast-red"><b>The battle crashed</b><br />You can keep playing but it might crash again.</div>
|html|<div class="broadcast-red"><b>The battle crashed</b><br />You can keep playing but it might crash again.</div>
|html|<div class="broadcast-red"><b>The battle crashed</b><br />You can keep playing but it might crash again.</div>
|html|<div class="broadcast-red"><b>The battle crashed</b><br />You can keep playing but it might crash again.</div>
|html|<div class="broadcast-red"><b>The battle crashed</b><br />You can keep playing but it might crash again.</div>
|html|<div class="broadcast-red"><b>The battle crashed</b><br />You can keep playing but it might crash again.</div>
|html|<div class="broadcast-red"><b>The battle crashed</b><br />You can keep playing but it might crash again.</div>
|html|<div class="broadcast-red"><b>The battle crashed</b><br />You can keep playing but it might crash again.</div>
|html|<div class="broadcast-red"><b>The battle crashed</b><br />You can keep playing but it might crash again.</div>
|html|<div class="broadcast-red"><b>The battle crashed</b><br />You can keep playing but it might crash again.</div>
|html|<div class="broadcast-red"><b>The battle crashed</b><br />You can keep playing but it might crash again.</div>
|html|<div class="broadcast-red"><b>The battle crashed</b><br />You can keep playing but it might crash again.</div>
|html|<div class="broadcast-red"><b>The battle crashed</b><br />You can keep playing but it might crash again.</div>
|html|<div class="broadcast-red"><b>The battle crashed</b><br />You can keep playing but it might crash again.</div>
|html|<div class="broadcast-red"><b>The battle crashed</b><br />You can keep playing but it might crash again.</div>
|html|<div class="broadcast-red"><b>The battle crashed</b><br />You can keep playing but it might crash again.</div>
|html|<div class="broadcast-red"><b>The battle crashed</b><br />You can keep playing but it might crash again.</div>
|html|<div class="broadcast-red"><b>The battle crashed</b><br />You can keep playing but it might crash again.</div>
|html|<div class="broadcast-red"><b>The battle crashed</b><br />You can keep playing but it might crash again.</div>
|html|<div class="broadcast-red"><b>The battle crashed</b><br />You can keep playing but it might crash again.</div>
|html|<div class="broadcast-red"><b>The battle crashed</b><br />You can keep playing but it might crash again.</div>
|html|<div class="broadcast-red"><b>The battle crashed</b><br />You can keep playing but it might crash again.</div>
|html|<div class="broadcast-red"><b>The battle crashed</b><br />You can keep playing but it might crash again.</div>
|html|<div class="broadcast-red"><b>The battle crashed</b><br />You can keep playing but it might crash again.</div>
|html|<div class="broadcast-red"><b>The battle crashed</b><br />You can keep playing but it might crash again.</div>
|html|<div class="broadcast-red"><b>The battle crashed</b><br />You can keep playing but it might crash again.</div>
|html|<div class="broadcast-red"><b>The battle crashed</b><br />You can keep playing but it might crash again.</div>
|html|<div class="broadcast-red"><b>The battle crashed</b><br />You can keep playing but it might crash again.</div>
|html|<div class="broadcast-red"><b>The battle crashed</b><br />You can keep playing but it might crash again.</div>
|html|<div class="broadcast-red"><b>The battle crashed</b><br />You can keep playing but it might crash again.</div>
|html|<div class="broadcast-red"><b>The battle crashed</b><br />You can keep playing but it might crash again.</div>
|html|<div class="broadcast-red"><b>The battle crashed</b><br />You can keep playing but it might crash again.</div>
|html|<div class="broadcast-red"><b>The battle crashed</b><br />You can keep playing but it might crash again.</div>
|html|<div class="broadcast-red"><b>The battle crashed</b><br />You can keep playing but it might crash again.</div>
|html|<div class="broadcast-red"><b>The battle crashed</b><br />You can keep playing but it might crash again.</div>
|html|<div class="broadcast-red"><b>The battle crashed</b><br />You can keep playing but it might crash again.</div>
|html|<div class="broadcast-red"><b>The battle crashed</b><br />You can keep playing but it might crash again.</div>
|html|<div class="broadcast-red"><b>The battle crashed</b><br />You can keep playing but it might crash again.</div>
|html|<div class="broadcast-red"><b>The battle crashed</b><br />You can keep playing but it might crash again.</div>
|html|<div class="broadcast-red"><b>The battle crashed</b><br />You can keep playing but it might crash again.</div>
|html|<div class="broadcast-red"><b>The battle crashed</b><br />You can keep playing but it might crash again.</div>
|html|<div class="broadcast-red"><b>The battle crashed</b><br />You can keep playing but it might crash again.</div>
|html|<div class="broadcast-red"><b>The battle crashed</b><br />You can keep playing but it might crash again.</div>
|html|<div class="broadcast-red"><b>The battle crashed</b><br />You can keep playing but it might crash again.</div>
|html|<div class="broadcast-red"><b>The battle crashed</b><br />You can keep playing but it might crash again.</div>
|html|<div class="broadcast-red"><b>The battle crashed</b><br />You can keep playing but it might crash again.</div>
|html|<div class="broadcast-red"><b>The battle crashed</b><br />You can keep playing but it might crash again.</div>
|html|<div class="broadcast-red"><b>The battle crashed</b><br />You can keep playing but it might crash again.</div>
|html|<div class="broadcast-red"><b>The battle crashed</b><br />You can keep playing but it might crash again.</div>
|html|<div class="broadcast-red"><b>The battle crashed</b><br />You can keep playing but it might crash again.</div>
|html|<div class="broadcast-red"><b>The battle crashed</b><br />You can keep playing but it might crash again.</div>
|html|<div class="broadcast-red"><b>The battle crashed</b><br />You can keep playing but it might crash again.</div>
|html|<div class="broadcast-red"><b>The battle crashed</b><br />You can keep playing but it might crash again.</div>
|html|<div class="broadcast-red"><b>The battle crashed</b><br />You can keep playing but it might crash again.</div>
|html|<div class="broadcast-red"><b>The battle crashed</b><br />You can keep playing but it might crash again.</div>
|html|<div class="broadcast-red"><b>The battle crashed</b><br />You can keep playing but it might crash again.</div>
|html|<div class="broadcast-red"><b>The battle crashed</b><br />You can keep playing but it might crash again.</div>
|html|<div class="broadcast-red"><b>The battle crashed</b><br />You can keep playing but it might crash again.</div>
|html|<div class="broadcast-red"><b>The battle crashed</b><br />You can keep playing but it might crash again.</div>
|html|<div class="broadcast-red"><b>The battle crashed</b><br />You can keep playing but it might crash again.</div>
|html|<div class="broadcast-red"><b>The battle crashed</b><br />You can keep playing but it might crash again.</div>
|html|<div class="broadcast-red"><b>The battle crashed</b><br />You can keep playing but it might crash again.</div>
|html|<div class="broadcast-red"><b>The battle crashed</b><br />You can keep playing but it might crash again.</div>
|html|<div class="broadcast-red"><b>The battle crashed</b><br />You can keep playing but it might crash again.</div>
|html|<div class="broadcast-red"><b>The battle crashed</b><br />You can keep playing but it might crash again.</div>
|html|<div class="broadcast-red"><b>The battle crashed</b><br />You can keep playing but it might crash again.</div>
|html|<div class="broadcast-red"><b>The battle crashed</b><br />You can keep playing but it might crash again.</div>
|html|<div class="broadcast-red"><b>The battle crashed</b><br />You can keep playing but it might crash again.</div>
|html|<div class="broadcast-red"><b>The battle crashed</b><br />You can keep playing but it might crash again.</div>
|html|<div class="broadcast-red"><b>The battle crashed</b><br />You can keep playing but it might crash again.</div>
|html|<div class="broadcast-red"><b>The battle crashed</b><br />You can keep playing but it might crash again.</div>
|html|<div class="broadcast-red"><b>The battle crashed</b><br />You can keep playing but it might crash again.</div>
|html|<div class="broadcast-red"><b>The battle crashed</b><br />You can keep playing but it might crash again.</div>

TypeError: Cannot read property 'isActive' of null
    at Tools.Battle.makeRequest (/Users/clazinasteunenberg/Downloads/Test/battle-engine.js:1943:15)
    at process.BattlePokemon.side (/Users/clazinasteunenberg/Downloads/Test/battle-engine.js:157:13)
    at process.EventEmitter.emit (events.js:98:17)
    at handleMessage (child_process.js:318:10)
    at Pipe.channel.onread (child_process.js:345:11)

ReferenceError: potd is not defined
    at Tools.exports.BattleScripts.randomTeam (/Users/clazinasteunenberg/Downloads/Test/data/scripts.js:1522:8)
    at Tools.exports.BattleScripts.getTeam (/Users/clazinasteunenberg/Downloads/Test/data/scripts.js:488:16)
    at new BattleSide (/Users/clazinasteunenberg/Downloads/Test/battle-engine.js:1096:27)
    at Tools.Battle.join (/Users/clazinasteunenberg/Downloads/Test/battle-engine.js:3333:15)
    at Tools.Battle.receive (/Users/clazinasteunenberg/Downloads/Test/battle-engine.js:3390:9)
    at process.BattlePokemon.side (/Users/clazinasteunenberg/Downloads/Test/battle-engine.js:143:12)
    at process.EventEmitter.emit (events.js:98:17)
    at handleMessage (child_process.js:318:10)
    at Pipe.channel.onread (child_process.js:345:11)

Additional information:
message = battle-randombattle-497|join|p1|Meloetta<3V|134
currentRequest = 

Log:
|html|<div class="broadcast-red"><b>The battle crashed</b><br />You can keep playing but it might crash again.</div>
|html|<div class="broadcast-red"><b>The battle crashed</b><br />You can keep playing but it might crash again.</div>
|html|<div class="broadcast-red"><b>The battle crashed</b><br />You can keep playing but it might crash again.</div>
|html|<div class="broadcast-red"><b>The battle crashed</b><br />You can keep playing but it might crash again.</div>
|html|<div class="broadcast-red"><b>The battle crashed</b><br />You can keep playing but it might crash again.</div>
|html|<div class="broadcast-red"><b>The battle crashed</b><br />You can keep playing but it might crash again.</div>
|html|<div class="broadcast-red"><b>The battle crashed</b><br />You can keep playing but it might crash again.</div>
|html|<div class="broadcast-red"><b>The battle crashed</b><br />You can keep playing but it might crash again.</div>
|html|<div class="broadcast-red"><b>The battle crashed</b><br />You can keep playing but it might crash again.</div>
|html|<div class="broadcast-red"><b>The battle crashed</b><br />You can keep playing but it might crash again.</div>
|html|<div class="broadcast-red"><b>The battle crashed</b><br />You can keep playing but it might crash again.</div>
|html|<div class="broadcast-red"><b>The battle crashed</b><br />You can keep playing but it might crash again.</div>
|html|<div class="broadcast-red"><b>The battle crashed</b><br />You can keep playing but it might crash again.</div>
|html|<div class="broadcast-red"><b>The battle crashed</b><br />You can keep playing but it might crash again.</div>
|html|<div class="broadcast-red"><b>The battle crashed</b><br />You can keep playing but it might crash again.</div>
|html|<div class="broadcast-red"><b>The battle crashed</b><br />You can keep playing but it might crash again.</div>
|html|<div class="broadcast-red"><b>The battle crashed</b><br />You can keep playing but it might crash again.</div>
|html|<div class="broadcast-red"><b>The battle crashed</b><br />You can keep playing but it might crash again.</div>
|html|<div class="broadcast-red"><b>The battle crashed</b><br />You can keep playing but it might crash again.</div>
|html|<div class="broadcast-red"><b>The battle crashed</b><br />You can keep playing but it might crash again.</div>
|html|<div class="broadcast-red"><b>The battle crashed</b><br />You can keep playing but it might crash again.</div>
|html|<div class="broadcast-red"><b>The battle crashed</b><br />You can keep playing but it might crash again.</div>
|html|<div class="broadcast-red"><b>The battle crashed</b><br />You can keep playing but it might crash again.</div>
|html|<div class="broadcast-red"><b>The battle crashed</b><br />You can keep playing but it might crash again.</div>
|html|<div class="broadcast-red"><b>The battle crashed</b><br />You can keep playing but it might crash again.</div>
|html|<div class="broadcast-red"><b>The battle crashed</b><br />You can keep playing but it might crash again.</div>
|html|<div class="broadcast-red"><b>The battle crashed</b><br />You can keep playing but it might crash again.</div>
|html|<div class="broadcast-red"><b>The battle crashed</b><br />You can keep playing but it might crash again.</div>
|html|<div class="broadcast-red"><b>The battle crashed</b><br />You can keep playing but it might crash again.</div>
|html|<div class="broadcast-red"><b>The battle crashed</b><br />You can keep playing but it might crash again.</div>
|html|<div class="broadcast-red"><b>The battle crashed</b><br />You can keep playing but it might crash again.</div>
|html|<div class="broadcast-red"><b>The battle crashed</b><br />You can keep playing but it might crash again.</div>
|html|<div class="broadcast-red"><b>The battle crashed</b><br />You can keep playing but it might crash again.</div>
|html|<div class="broadcast-red"><b>The battle crashed</b><br />You can keep playing but it might crash again.</div>
|html|<div class="broadcast-red"><b>The battle crashed</b><br />You can keep playing but it might crash again.</div>
|html|<div class="broadcast-red"><b>The battle crashed</b><br />You can keep playing but it might crash again.</div>
|html|<div class="broadcast-red"><b>The battle crashed</b><br />You can keep playing but it might crash again.</div>
|html|<div class="broadcast-red"><b>The battle crashed</b><br />You can keep playing but it might crash again.</div>
|html|<div class="broadcast-red"><b>The battle crashed</b><br />You can keep playing but it might crash again.</div>
|html|<div class="broadcast-red"><b>The battle crashed</b><br />You can keep playing but it might crash again.</div>
|html|<div class="broadcast-red"><b>The battle crashed</b><br />You can keep playing but it might crash again.</div>
|html|<div class="broadcast-red"><b>The battle crashed</b><br />You can keep playing but it might crash again.</div>
|html|<div class="broadcast-red"><b>The battle crashed</b><br />You can keep playing but it might crash again.</div>
|html|<div class="broadcast-red"><b>The battle crashed</b><br />You can keep playing but it might crash again.</div>
|html|<div class="broadcast-red"><b>The battle crashed</b><br />You can keep playing but it might crash again.</div>
|html|<div class="broadcast-red"><b>The battle crashed</b><br />You can keep playing but it might crash again.</div>
|html|<div class="broadcast-red"><b>The battle crashed</b><br />You can keep playing but it might crash again.</div>
|html|<div class="broadcast-red"><b>The battle crashed</b><br />You can keep playing but it might crash again.</div>
|html|<div class="broadcast-red"><b>The battle crashed</b><br />You can keep playing but it might crash again.</div>
|html|<div class="broadcast-red"><b>The battle crashed</b><br />You can keep playing but it might crash again.</div>
|html|<div class="broadcast-red"><b>The battle crashed</b><br />You can keep playing but it might crash again.</div>
|html|<div class="broadcast-red"><b>The battle crashed</b><br />You can keep playing but it might crash again.</div>
|html|<div class="broadcast-red"><b>The battle crashed</b><br />You can keep playing but it might crash again.</div>
|html|<div class="broadcast-red"><b>The battle crashed</b><br />You can keep playing but it might crash again.</div>
|html|<div class="broadcast-red"><b>The battle crashed</b><br />You can keep playing but it might crash again.</div>
|html|<div class="broadcast-red"><b>The battle crashed</b><br />You can keep playing but it might crash again.</div>
|html|<div class="broadcast-red"><b>The battle crashed</b><br />You can keep playing but it might crash again.</div>
|html|<div class="broadcast-red"><b>The battle crashed</b><br />You can keep playing but it might crash again.</div>
|html|<div class="broadcast-red"><b>The battle crashed</b><br />You can keep playing but it might crash again.</div>
|html|<div class="broadcast-red"><b>The battle crashed</b><br />You can keep playing but it might crash again.</div>
|html|<div class="broadcast-red"><b>The battle crashed</b><br />You can keep playing but it might crash again.</div>
|html|<div class="broadcast-red"><b>The battle crashed</b><br />You can keep playing but it might crash again.</div>
|html|<div class="broadcast-red"><b>The battle crashed</b><br />You can keep playing but it might crash again.</div>
|html|<div class="broadcast-red"><b>The battle crashed</b><br />You can keep playing but it might crash again.</div>
|html|<div class="broadcast-red"><b>The battle crashed</b><br />You can keep playing but it might crash again.</div>
|html|<div class="broadcast-red"><b>The battle crashed</b><br />You can keep playing but it might crash again.</div>
|html|<div class="broadcast-red"><b>The battle crashed</b><br />You can keep playing but it might crash again.</div>
|html|<div class="broadcast-red"><b>The battle crashed</b><br />You can keep playing but it might crash again.</div>
|html|<div class="broadcast-red"><b>The battle crashed</b><br />You can keep playing but it might crash again.</div>
|html|<div class="broadcast-red"><b>The battle crashed</b><br />You can keep playing but it might crash again.</div>
|html|<div class="broadcast-red"><b>The battle crashed</b><br />You can keep playing but it might crash again.</div>
|html|<div class="broadcast-red"><b>The battle crashed</b><br />You can keep playing but it might crash again.</div>
|html|<div class="broadcast-red"><b>The battle crashed</b><br />You can keep playing but it might crash again.</div>
|html|<div class="broadcast-red"><b>The battle crashed</b><br />You can keep playing but it might crash again.</div>
|html|<div class="broadcast-red"><b>The battle crashed</b><br />You can keep playing but it might crash again.</div>
|html|<div class="broadcast-red"><b>The battle crashed</b><br />You can keep playing but it might crash again.</div>
|html|<div class="broadcast-red"><b>The battle crashed</b><br />You can keep playing but it might crash again.</div>
|html|<div class="broadcast-red"><b>The battle crashed</b><br />You can keep playing but it might crash again.</div>
|html|<div class="broadcast-red"><b>The battle crashed</b><br />You can keep playing but it might crash again.</div>
|html|<div class="broadcast-red"><b>The battle crashed</b><br />You can keep playing but it might crash again.</div>
|html|<div class="broadcast-red"><b>The battle crashed</b><br />You can keep playing but it might crash again.</div>
|html|<div class="broadcast-red"><b>The battle crashed</b><br />You can keep playing but it might crash again.</div>
|html|<div class="broadcast-red"><b>The battle crashed</b><br />You can keep playing but it might crash again.</div>
|html|<div class="broadcast-red"><b>The battle crashed</b><br />You can keep playing but it might crash again.</div>
|html|<div class="broadcast-red"><b>The battle crashed</b><br />You can keep playing but it might crash again.</div>
|html|<div class="broadcast-red"><b>The battle crashed</b><br />You can keep playing but it might crash again.</div>
|html|<div class="broadcast-red"><b>The battle crashed</b><br />You can keep playing but it might crash again.</div>
|html|<div class="broadcast-red"><b>The battle crashed</b><br />You can keep playing but it might crash again.</div>
|html|<div class="broadcast-red"><b>The battle crashed</b><br />You can keep playing but it might crash again.</div>
|html|<div class="broadcast-red"><b>The battle crashed</b><br />You can keep playing but it might crash again.</div>
|html|<div class="broadcast-red"><b>The battle crashed</b><br />You can keep playing but it might crash again.</div>
|html|<div class="broadcast-red"><b>The battle crashed</b><br />You can keep playing but it might crash again.</div>
|html|<div class="broadcast-red"><b>The battle crashed</b><br />You can keep playing but it might crash again.</div>
|html|<div class="broadcast-red"><b>The battle crashed</b><br />You can keep playing but it might crash again.</div>
|html|<div class="broadcast-red"><b>The battle crashed</b><br />You can keep playing but it might crash again.</div>
|html|<div class="broadcast-red"><b>The battle crashed</b><br />You can keep playing but it might crash again.</div>
|html|<div class="broadcast-red"><b>The battle crashed</b><br />You can keep playing but it might crash again.</div>
|html|<div class="broadcast-red"><b>The battle crashed</b><br />You can keep playing but it might crash again.</div>
|html|<div class="broadcast-red"><b>The battle crashed</b><br />You can keep playing but it might crash again.</div>
|html|<div class="broadcast-red"><b>The battle crashed</b><br />You can keep playing but it might crash again.</div>
|html|<div class="broadcast-red"><b>The battle crashed</b><br />You can keep playing but it might crash again.</div>
|html|<div class="broadcast-red"><b>The battle crashed</b><br />You can keep playing but it might crash again.</div>
|html|<div class="broadcast-red"><b>The battle crashed</b><br />You can keep playing but it might crash again.</div>
|html|<div class="broadcast-red"><b>The battle crashed</b><br />You can keep playing but it might crash again.</div>
|html|<div class="broadcast-red"><b>The battle crashed</b><br />You can keep playing but it might crash again.</div>
|html|<div class="broadcast-red"><b>The battle crashed</b><br />You can keep playing but it might crash again.</div>
|html|<div class="broadcast-red"><b>The battle crashed</b><br />You can keep playing but it might crash again.</div>
|html|<div class="broadcast-red"><b>The battle crashed</b><br />You can keep playing but it might crash again.</div>
|html|<div class="broadcast-red"><b>The battle crashed</b><br />You can keep playing but it might crash again.</div>
|html|<div class="broadcast-red"><b>The battle crashed</b><br />You can keep playing but it might crash again.</div>
|html|<div class="broadcast-red"><b>The battle crashed</b><br />You can keep playing but it might crash again.</div>

TypeError: Cannot read property 'isActive' of null
    at Tools.Battle.makeRequest (/Users/clazinasteunenberg/Downloads/Test/battle-engine.js:1943:15)
    at process.BattlePokemon.side (/Users/clazinasteunenberg/Downloads/Test/battle-engine.js:157:13)
    at process.EventEmitter.emit (events.js:98:17)
    at handleMessage (child_process.js:318:10)
    at Pipe.channel.onread (child_process.js:345:11)

ReferenceError: potd is not defined
    at Tools.exports.BattleScripts.randomTeam (/Users/clazinasteunenberg/Downloads/Test/data/scripts.js:1522:8)
    at Tools.exports.BattleScripts.getTeam (/Users/clazinasteunenberg/Downloads/Test/data/scripts.js:488:16)
    at new BattleSide (/Users/clazinasteunenberg/Downloads/Test/battle-engine.js:1096:27)
    at Tools.Battle.join (/Users/clazinasteunenberg/Downloads/Test/battle-engine.js:3333:15)
    at Tools.Battle.receive (/Users/clazinasteunenberg/Downloads/Test/battle-engine.js:3390:9)
    at process.BattlePokemon.side (/Users/clazinasteunenberg/Downloads/Test/battle-engine.js:143:12)
    at process.EventEmitter.emit (events.js:98:17)
    at handleMessage (child_process.js:318:10)
    at Pipe.channel.onread (child_process.js:345:11)

Additional information:
message = battle-randombattle-497|join|p1|Meloetta<3V|134
currentRequest = 

Log:
|html|<div class="broadcast-red"><b>The battle crashed</b><br />You can keep playing but it might crash again.</div>
|html|<div class="broadcast-red"><b>The battle crashed</b><br />You can keep playing but it might crash again.</div>
|html|<div class="broadcast-red"><b>The battle crashed</b><br />You can keep playing but it might crash again.</div>
|html|<div class="broadcast-red"><b>The battle crashed</b><br />You can keep playing but it might crash again.</div>
|html|<div class="broadcast-red"><b>The battle crashed</b><br />You can keep playing but it might crash again.</div>
|html|<div class="broadcast-red"><b>The battle crashed</b><br />You can keep playing but it might crash again.</div>
|html|<div class="broadcast-red"><b>The battle crashed</b><br />You can keep playing but it might crash again.</div>
|html|<div class="broadcast-red"><b>The battle crashed</b><br />You can keep playing but it might crash again.</div>
|html|<div class="broadcast-red"><b>The battle crashed</b><br />You can keep playing but it might crash again.</div>
|html|<div class="broadcast-red"><b>The battle crashed</b><br />You can keep playing but it might crash again.</div>
|html|<div class="broadcast-red"><b>The battle crashed</b><br />You can keep playing but it might crash again.</div>
|html|<div class="broadcast-red"><b>The battle crashed</b><br />You can keep playing but it might crash again.</div>
|html|<div class="broadcast-red"><b>The battle crashed</b><br />You can keep playing but it might crash again.</div>
|html|<div class="broadcast-red"><b>The battle crashed</b><br />You can keep playing but it might crash again.</div>
|html|<div class="broadcast-red"><b>The battle crashed</b><br />You can keep playing but it might crash again.</div>
|html|<div class="broadcast-red"><b>The battle crashed</b><br />You can keep playing but it might crash again.</div>
|html|<div class="broadcast-red"><b>The battle crashed</b><br />You can keep playing but it might crash again.</div>
|html|<div class="broadcast-red"><b>The battle crashed</b><br />You can keep playing but it might crash again.</div>
|html|<div class="broadcast-red"><b>The battle crashed</b><br />You can keep playing but it might crash again.</div>
|html|<div class="broadcast-red"><b>The battle crashed</b><br />You can keep playing but it might crash again.</div>
|html|<div class="broadcast-red"><b>The battle crashed</b><br />You can keep playing but it might crash again.</div>
|html|<div class="broadcast-red"><b>The battle crashed</b><br />You can keep playing but it might crash again.</div>
|html|<div class="broadcast-red"><b>The battle crashed</b><br />You can keep playing but it might crash again.</div>
|html|<div class="broadcast-red"><b>The battle crashed</b><br />You can keep playing but it might crash again.</div>
|html|<div class="broadcast-red"><b>The battle crashed</b><br />You can keep playing but it might crash again.</div>
|html|<div class="broadcast-red"><b>The battle crashed</b><br />You can keep playing but it might crash again.</div>
|html|<div class="broadcast-red"><b>The battle crashed</b><br />You can keep playing but it might crash again.</div>
|html|<div class="broadcast-red"><b>The battle crashed</b><br />You can keep playing but it might crash again.</div>
|html|<div class="broadcast-red"><b>The battle crashed</b><br />You can keep playing but it might crash again.</div>
|html|<div class="broadcast-red"><b>The battle crashed</b><br />You can keep playing but it might crash again.</div>
|html|<div class="broadcast-red"><b>The battle crashed</b><br />You can keep playing but it might crash again.</div>
|html|<div class="broadcast-red"><b>The battle crashed</b><br />You can keep playing but it might crash again.</div>
|html|<div class="broadcast-red"><b>The battle crashed</b><br />You can keep playing but it might crash again.</div>
|html|<div class="broadcast-red"><b>The battle crashed</b><br />You can keep playing but it might crash again.</div>
|html|<div class="broadcast-red"><b>The battle crashed</b><br />You can keep playing but it might crash again.</div>
|html|<div class="broadcast-red"><b>The battle crashed</b><br />You can keep playing but it might crash again.</div>
|html|<div class="broadcast-red"><b>The battle crashed</b><br />You can keep playing but it might crash again.</div>
|html|<div class="broadcast-red"><b>The battle crashed</b><br />You can keep playing but it might crash again.</div>
|html|<div class="broadcast-red"><b>The battle crashed</b><br />You can keep playing but it might crash again.</div>
|html|<div class="broadcast-red"><b>The battle crashed</b><br />You can keep playing but it might crash again.</div>
|html|<div class="broadcast-red"><b>The battle crashed</b><br />You can keep playing but it might crash again.</div>
|html|<div class="broadcast-red"><b>The battle crashed</b><br />You can keep playing but it might crash again.</div>
|html|<div class="broadcast-red"><b>The battle crashed</b><br />You can keep playing but it might crash again.</div>
|html|<div class="broadcast-red"><b>The battle crashed</b><br />You can keep playing but it might crash again.</div>
|html|<div class="broadcast-red"><b>The battle crashed</b><br />You can keep playing but it might crash again.</div>
|html|<div class="broadcast-red"><b>The battle crashed</b><br />You can keep playing but it might crash again.</div>
|html|<div class="broadcast-red"><b>The battle crashed</b><br />You can keep playing but it might crash again.</div>
|html|<div class="broadcast-red"><b>The battle crashed</b><br />You can keep playing but it might crash again.</div>
|html|<div class="broadcast-red"><b>The battle crashed</b><br />You can keep playing but it might crash again.</div>
|html|<div class="broadcast-red"><b>The battle crashed</b><br />You can keep playing but it might crash again.</div>
|html|<div class="broadcast-red"><b>The battle crashed</b><br />You can keep playing but it might crash again.</div>
|html|<div class="broadcast-red"><b>The battle crashed</b><br />You can keep playing but it might crash again.</div>
|html|<div class="broadcast-red"><b>The battle crashed</b><br />You can keep playing but it might crash again.</div>
|html|<div class="broadcast-red"><b>The battle crashed</b><br />You can keep playing but it might crash again.</div>
|html|<div class="broadcast-red"><b>The battle crashed</b><br />You can keep playing but it might crash again.</div>
|html|<div class="broadcast-red"><b>The battle crashed</b><br />You can keep playing but it might crash again.</div>
|html|<div class="broadcast-red"><b>The battle crashed</b><br />You can keep playing but it might crash again.</div>
|html|<div class="broadcast-red"><b>The battle crashed</b><br />You can keep playing but it might crash again.</div>
|html|<div class="broadcast-red"><b>The battle crashed</b><br />You can keep playing but it might crash again.</div>
|html|<div class="broadcast-red"><b>The battle crashed</b><br />You can keep playing but it might crash again.</div>
|html|<div class="broadcast-red"><b>The battle crashed</b><br />You can keep playing but it might crash again.</div>
|html|<div class="broadcast-red"><b>The battle crashed</b><br />You can keep playing but it might crash again.</div>
|html|<div class="broadcast-red"><b>The battle crashed</b><br />You can keep playing but it might crash again.</div>
|html|<div class="broadcast-red"><b>The battle crashed</b><br />You can keep playing but it might crash again.</div>
|html|<div class="broadcast-red"><b>The battle crashed</b><br />You can keep playing but it might crash again.</div>
|html|<div class="broadcast-red"><b>The battle crashed</b><br />You can keep playing but it might crash again.</div>
|html|<div class="broadcast-red"><b>The battle crashed</b><br />You can keep playing but it might crash again.</div>
|html|<div class="broadcast-red"><b>The battle crashed</b><br />You can keep playing but it might crash again.</div>
|html|<div class="broadcast-red"><b>The battle crashed</b><br />You can keep playing but it might crash again.</div>
|html|<div class="broadcast-red"><b>The battle crashed</b><br />You can keep playing but it might crash again.</div>
|html|<div class="broadcast-red"><b>The battle crashed</b><br />You can keep playing but it might crash again.</div>
|html|<div class="broadcast-red"><b>The battle crashed</b><br />You can keep playing but it might crash again.</div>
|html|<div class="broadcast-red"><b>The battle crashed</b><br />You can keep playing but it might crash again.</div>
|html|<div class="broadcast-red"><b>The battle crashed</b><br />You can keep playing but it might crash again.</div>
|html|<div class="broadcast-red"><b>The battle crashed</b><br />You can keep playing but it might crash again.</div>
|html|<div class="broadcast-red"><b>The battle crashed</b><br />You can keep playing but it might crash again.</div>
|html|<div class="broadcast-red"><b>The battle crashed</b><br />You can keep playing but it might crash again.</div>
|html|<div class="broadcast-red"><b>The battle crashed</b><br />You can keep playing but it might crash again.</div>
|html|<div class="broadcast-red"><b>The battle crashed</b><br />You can keep playing but it might crash again.</div>
|html|<div class="broadcast-red"><b>The battle crashed</b><br />You can keep playing but it might crash again.</div>
|html|<div class="broadcast-red"><b>The battle crashed</b><br />You can keep playing but it might crash again.</div>
|html|<div class="broadcast-red"><b>The battle crashed</b><br />You can keep playing but it might crash again.</div>
|html|<div class="broadcast-red"><b>The battle crashed</b><br />You can keep playing but it might crash again.</div>
|html|<div class="broadcast-red"><b>The battle crashed</b><br />You can keep playing but it might crash again.</div>
|html|<div class="broadcast-red"><b>The battle crashed</b><br />You can keep playing but it might crash again.</div>
|html|<div class="broadcast-red"><b>The battle crashed</b><br />You can keep playing but it might crash again.</div>
|html|<div class="broadcast-red"><b>The battle crashed</b><br />You can keep playing but it might crash again.</div>
|html|<div class="broadcast-red"><b>The battle crashed</b><br />You can keep playing but it might crash again.</div>
|html|<div class="broadcast-red"><b>The battle crashed</b><br />You can keep playing but it might crash again.</div>
|html|<div class="broadcast-red"><b>The battle crashed</b><br />You can keep playing but it might crash again.</div>
|html|<div class="broadcast-red"><b>The battle crashed</b><br />You can keep playing but it might crash again.</div>
|html|<div class="broadcast-red"><b>The battle crashed</b><br />You can keep playing but it might crash again.</div>
|html|<div class="broadcast-red"><b>The battle crashed</b><br />You can keep playing but it might crash again.</div>
|html|<div class="broadcast-red"><b>The battle crashed</b><br />You can keep playing but it might crash again.</div>
|html|<div class="broadcast-red"><b>The battle crashed</b><br />You can keep playing but it might crash again.</div>
|html|<div class="broadcast-red"><b>The battle crashed</b><br />You can keep playing but it might crash again.</div>
|html|<div class="broadcast-red"><b>The battle crashed</b><br />You can keep playing but it might crash again.</div>
|html|<div class="broadcast-red"><b>The battle crashed</b><br />You can keep playing but it might crash again.</div>
|html|<div class="broadcast-red"><b>The battle crashed</b><br />You can keep playing but it might crash again.</div>
|html|<div class="broadcast-red"><b>The battle crashed</b><br />You can keep playing but it might crash again.</div>
|html|<div class="broadcast-red"><b>The battle crashed</b><br />You can keep playing but it might crash again.</div>
|html|<div class="broadcast-red"><b>The battle crashed</b><br />You can keep playing but it might crash again.</div>
|html|<div class="broadcast-red"><b>The battle crashed</b><br />You can keep playing but it might crash again.</div>
|html|<div class="broadcast-red"><b>The battle crashed</b><br />You can keep playing but it might crash again.</div>
|html|<div class="broadcast-red"><b>The battle crashed</b><br />You can keep playing but it might crash again.</div>
|html|<div class="broadcast-red"><b>The battle crashed</b><br />You can keep playing but it might crash again.</div>
|html|<div class="broadcast-red"><b>The battle crashed</b><br />You can keep playing but it might crash again.</div>
|html|<div class="broadcast-red"><b>The battle crashed</b><br />You can keep playing but it might crash again.</div>
|html|<div class="broadcast-red"><b>The battle crashed</b><br />You can keep playing but it might crash again.</div>
|html|<div class="broadcast-red"><b>The battle crashed</b><br />You can keep playing but it might crash again.</div>
|html|<div class="broadcast-red"><b>The battle crashed</b><br />You can keep playing but it might crash again.</div>
|html|<div class="broadcast-red"><b>The battle crashed</b><br />You can keep playing but it might crash again.</div>

TypeError: Cannot read property 'isActive' of null
    at Tools.Battle.makeRequest (/Users/clazinasteunenberg/Downloads/Test/battle-engine.js:1943:15)
    at process.BattlePokemon.side (/Users/clazinasteunenberg/Downloads/Test/battle-engine.js:157:13)
    at process.EventEmitter.emit (events.js:98:17)
    at handleMessage (child_process.js:318:10)
    at Pipe.channel.onread (child_process.js:345:11)

ReferenceError: potd is not defined
    at Tools.exports.BattleScripts.randomTeam (/Users/clazinasteunenberg/Downloads/Test/data/scripts.js:1522:8)
    at Tools.exports.BattleScripts.getTeam (/Users/clazinasteunenberg/Downloads/Test/data/scripts.js:488:16)
    at new BattleSide (/Users/clazinasteunenberg/Downloads/Test/battle-engine.js:1096:27)
    at Tools.Battle.join (/Users/clazinasteunenberg/Downloads/Test/battle-engine.js:3333:15)
    at Tools.Battle.receive (/Users/clazinasteunenberg/Downloads/Test/battle-engine.js:3390:9)
    at process.BattlePokemon.side (/Users/clazinasteunenberg/Downloads/Test/battle-engine.js:143:12)
    at process.EventEmitter.emit (events.js:98:17)
    at handleMessage (child_process.js:318:10)
    at Pipe.channel.onread (child_process.js:345:11)

Additional information:
message = battle-randombattle-497|join|p1|Meloetta<3V|134
currentRequest = 

Log:
|html|<div class="broadcast-red"><b>The battle crashed</b><br />You can keep playing but it might crash again.</div>
|html|<div class="broadcast-red"><b>The battle crashed</b><br />You can keep playing but it might crash again.</div>
|html|<div class="broadcast-red"><b>The battle crashed</b><br />You can keep playing but it might crash again.</div>
|html|<div class="broadcast-red"><b>The battle crashed</b><br />You can keep playing but it might crash again.</div>
|html|<div class="broadcast-red"><b>The battle crashed</b><br />You can keep playing but it might crash again.</div>
|html|<div class="broadcast-red"><b>The battle crashed</b><br />You can keep playing but it might crash again.</div>
|html|<div class="broadcast-red"><b>The battle crashed</b><br />You can keep playing but it might crash again.</div>
|html|<div class="broadcast-red"><b>The battle crashed</b><br />You can keep playing but it might crash again.</div>
|html|<div class="broadcast-red"><b>The battle crashed</b><br />You can keep playing but it might crash again.</div>
|html|<div class="broadcast-red"><b>The battle crashed</b><br />You can keep playing but it might crash again.</div>
|html|<div class="broadcast-red"><b>The battle crashed</b><br />You can keep playing but it might crash again.</div>
|html|<div class="broadcast-red"><b>The battle crashed</b><br />You can keep playing but it might crash again.</div>
|html|<div class="broadcast-red"><b>The battle crashed</b><br />You can keep playing but it might crash again.</div>
|html|<div class="broadcast-red"><b>The battle crashed</b><br />You can keep playing but it might crash again.</div>
|html|<div class="broadcast-red"><b>The battle crashed</b><br />You can keep playing but it might crash again.</div>
|html|<div class="broadcast-red"><b>The battle crashed</b><br />You can keep playing but it might crash again.</div>
|html|<div class="broadcast-red"><b>The battle crashed</b><br />You can keep playing but it might crash again.</div>
|html|<div class="broadcast-red"><b>The battle crashed</b><br />You can keep playing but it might crash again.</div>
|html|<div class="broadcast-red"><b>The battle crashed</b><br />You can keep playing but it might crash again.</div>
|html|<div class="broadcast-red"><b>The battle crashed</b><br />You can keep playing but it might crash again.</div>
|html|<div class="broadcast-red"><b>The battle crashed</b><br />You can keep playing but it might crash again.</div>
|html|<div class="broadcast-red"><b>The battle crashed</b><br />You can keep playing but it might crash again.</div>
|html|<div class="broadcast-red"><b>The battle crashed</b><br />You can keep playing but it might crash again.</div>
|html|<div class="broadcast-red"><b>The battle crashed</b><br />You can keep playing but it might crash again.</div>
|html|<div class="broadcast-red"><b>The battle crashed</b><br />You can keep playing but it might crash again.</div>
|html|<div class="broadcast-red"><b>The battle crashed</b><br />You can keep playing but it might crash again.</div>
|html|<div class="broadcast-red"><b>The battle crashed</b><br />You can keep playing but it might crash again.</div>
|html|<div class="broadcast-red"><b>The battle crashed</b><br />You can keep playing but it might crash again.</div>
|html|<div class="broadcast-red"><b>The battle crashed</b><br />You can keep playing but it might crash again.</div>
|html|<div class="broadcast-red"><b>The battle crashed</b><br />You can keep playing but it might crash again.</div>
|html|<div class="broadcast-red"><b>The battle crashed</b><br />You can keep playing but it might crash again.</div>
|html|<div class="broadcast-red"><b>The battle crashed</b><br />You can keep playing but it might crash again.</div>
|html|<div class="broadcast-red"><b>The battle crashed</b><br />You can keep playing but it might crash again.</div>
|html|<div class="broadcast-red"><b>The battle crashed</b><br />You can keep playing but it might crash again.</div>
|html|<div class="broadcast-red"><b>The battle crashed</b><br />You can keep playing but it might crash again.</div>
|html|<div class="broadcast-red"><b>The battle crashed</b><br />You can keep playing but it might crash again.</div>
|html|<div class="broadcast-red"><b>The battle crashed</b><br />You can keep playing but it might crash again.</div>
|html|<div class="broadcast-red"><b>The battle crashed</b><br />You can keep playing but it might crash again.</div>
|html|<div class="broadcast-red"><b>The battle crashed</b><br />You can keep playing but it might crash again.</div>
|html|<div class="broadcast-red"><b>The battle crashed</b><br />You can keep playing but it might crash again.</div>
|html|<div class="broadcast-red"><b>The battle crashed</b><br />You can keep playing but it might crash again.</div>
|html|<div class="broadcast-red"><b>The battle crashed</b><br />You can keep playing but it might crash again.</div>
|html|<div class="broadcast-red"><b>The battle crashed</b><br />You can keep playing but it might crash again.</div>
|html|<div class="broadcast-red"><b>The battle crashed</b><br />You can keep playing but it might crash again.</div>
|html|<div class="broadcast-red"><b>The battle crashed</b><br />You can keep playing but it might crash again.</div>
|html|<div class="broadcast-red"><b>The battle crashed</b><br />You can keep playing but it might crash again.</div>
|html|<div class="broadcast-red"><b>The battle crashed</b><br />You can keep playing but it might crash again.</div>
|html|<div class="broadcast-red"><b>The battle crashed</b><br />You can keep playing but it might crash again.</div>
|html|<div class="broadcast-red"><b>The battle crashed</b><br />You can keep playing but it might crash again.</div>
|html|<div class="broadcast-red"><b>The battle crashed</b><br />You can keep playing but it might crash again.</div>
|html|<div class="broadcast-red"><b>The battle crashed</b><br />You can keep playing but it might crash again.</div>
|html|<div class="broadcast-red"><b>The battle crashed</b><br />You can keep playing but it might crash again.</div>
|html|<div class="broadcast-red"><b>The battle crashed</b><br />You can keep playing but it might crash again.</div>
|html|<div class="broadcast-red"><b>The battle crashed</b><br />You can keep playing but it might crash again.</div>
|html|<div class="broadcast-red"><b>The battle crashed</b><br />You can keep playing but it might crash again.</div>
|html|<div class="broadcast-red"><b>The battle crashed</b><br />You can keep playing but it might crash again.</div>
|html|<div class="broadcast-red"><b>The battle crashed</b><br />You can keep playing but it might crash again.</div>
|html|<div class="broadcast-red"><b>The battle crashed</b><br />You can keep playing but it might crash again.</div>
|html|<div class="broadcast-red"><b>The battle crashed</b><br />You can keep playing but it might crash again.</div>
|html|<div class="broadcast-red"><b>The battle crashed</b><br />You can keep playing but it might crash again.</div>
|html|<div class="broadcast-red"><b>The battle crashed</b><br />You can keep playing but it might crash again.</div>
|html|<div class="broadcast-red"><b>The battle crashed</b><br />You can keep playing but it might crash again.</div>
|html|<div class="broadcast-red"><b>The battle crashed</b><br />You can keep playing but it might crash again.</div>
|html|<div class="broadcast-red"><b>The battle crashed</b><br />You can keep playing but it might crash again.</div>
|html|<div class="broadcast-red"><b>The battle crashed</b><br />You can keep playing but it might crash again.</div>
|html|<div class="broadcast-red"><b>The battle crashed</b><br />You can keep playing but it might crash again.</div>
|html|<div class="broadcast-red"><b>The battle crashed</b><br />You can keep playing but it might crash again.</div>
|html|<div class="broadcast-red"><b>The battle crashed</b><br />You can keep playing but it might crash again.</div>
|html|<div class="broadcast-red"><b>The battle crashed</b><br />You can keep playing but it might crash again.</div>
|html|<div class="broadcast-red"><b>The battle crashed</b><br />You can keep playing but it might crash again.</div>
|html|<div class="broadcast-red"><b>The battle crashed</b><br />You can keep playing but it might crash again.</div>
|html|<div class="broadcast-red"><b>The battle crashed</b><br />You can keep playing but it might crash again.</div>
|html|<div class="broadcast-red"><b>The battle crashed</b><br />You can keep playing but it might crash again.</div>
|html|<div class="broadcast-red"><b>The battle crashed</b><br />You can keep playing but it might crash again.</div>
|html|<div class="broadcast-red"><b>The battle crashed</b><br />You can keep playing but it might crash again.</div>
|html|<div class="broadcast-red"><b>The battle crashed</b><br />You can keep playing but it might crash again.</div>
|html|<div class="broadcast-red"><b>The battle crashed</b><br />You can keep playing but it might crash again.</div>
|html|<div class="broadcast-red"><b>The battle crashed</b><br />You can keep playing but it might crash again.</div>
|html|<div class="broadcast-red"><b>The battle crashed</b><br />You can keep playing but it might crash again.</div>
|html|<div class="broadcast-red"><b>The battle crashed</b><br />You can keep playing but it might crash again.</div>
|html|<div class="broadcast-red"><b>The battle crashed</b><br />You can keep playing but it might crash again.</div>
|html|<div class="broadcast-red"><b>The battle crashed</b><br />You can keep playing but it might crash again.</div>
|html|<div class="broadcast-red"><b>The battle crashed</b><br />You can keep playing but it might crash again.</div>
|html|<div class="broadcast-red"><b>The battle crashed</b><br />You can keep playing but it might crash again.</div>
|html|<div class="broadcast-red"><b>The battle crashed</b><br />You can keep playing but it might crash again.</div>
|html|<div class="broadcast-red"><b>The battle crashed</b><br />You can keep playing but it might crash again.</div>
|html|<div class="broadcast-red"><b>The battle crashed</b><br />You can keep playing but it might crash again.</div>
|html|<div class="broadcast-red"><b>The battle crashed</b><br />You can keep playing but it might crash again.</div>
|html|<div class="broadcast-red"><b>The battle crashed</b><br />You can keep playing but it might crash again.</div>
|html|<div class="broadcast-red"><b>The battle crashed</b><br />You can keep playing but it might crash again.</div>
|html|<div class="broadcast-red"><b>The battle crashed</b><br />You can keep playing but it might crash again.</div>
|html|<div class="broadcast-red"><b>The battle crashed</b><br />You can keep playing but it might crash again.</div>
|html|<div class="broadcast-red"><b>The battle crashed</b><br />You can keep playing but it might crash again.</div>
|html|<div class="broadcast-red"><b>The battle crashed</b><br />You can keep playing but it might crash again.</div>
|html|<div class="broadcast-red"><b>The battle crashed</b><br />You can keep playing but it might crash again.</div>
|html|<div class="broadcast-red"><b>The battle crashed</b><br />You can keep playing but it might crash again.</div>
|html|<div class="broadcast-red"><b>The battle crashed</b><br />You can keep playing but it might crash again.</div>
|html|<div class="broadcast-red"><b>The battle crashed</b><br />You can keep playing but it might crash again.</div>
|html|<div class="broadcast-red"><b>The battle crashed</b><br />You can keep playing but it might crash again.</div>
|html|<div class="broadcast-red"><b>The battle crashed</b><br />You can keep playing but it might crash again.</div>
|html|<div class="broadcast-red"><b>The battle crashed</b><br />You can keep playing but it might crash again.</div>
|html|<div class="broadcast-red"><b>The battle crashed</b><br />You can keep playing but it might crash again.</div>
|html|<div class="broadcast-red"><b>The battle crashed</b><br />You can keep playing but it might crash again.</div>
|html|<div class="broadcast-red"><b>The battle crashed</b><br />You can keep playing but it might crash again.</div>
|html|<div class="broadcast-red"><b>The battle crashed</b><br />You can keep playing but it might crash again.</div>
|html|<div class="broadcast-red"><b>The battle crashed</b><br />You can keep playing but it might crash again.</div>
|html|<div class="broadcast-red"><b>The battle crashed</b><br />You can keep playing but it might crash again.</div>
|html|<div class="broadcast-red"><b>The battle crashed</b><br />You can keep playing but it might crash again.</div>
|html|<div class="broadcast-red"><b>The battle crashed</b><br />You can keep playing but it might crash again.</div>
|html|<div class="broadcast-red"><b>The battle crashed</b><br />You can keep playing but it might crash again.</div>
|html|<div class="broadcast-red"><b>The battle crashed</b><br />You can keep playing but it might crash again.</div>
|html|<div class="broadcast-red"><b>The battle crashed</b><br />You can keep playing but it might crash again.</div>
|html|<div class="broadcast-red"><b>The battle crashed</b><br />You can keep playing but it might crash again.</div>

TypeError: Cannot read property 'isActive' of null
    at Tools.Battle.makeRequest (/Users/clazinasteunenberg/Downloads/Test/battle-engine.js:1943:15)
    at process.BattlePokemon.side (/Users/clazinasteunenberg/Downloads/Test/battle-engine.js:157:13)
    at process.EventEmitter.emit (events.js:98:17)
    at handleMessage (child_process.js:318:10)
    at Pipe.channel.onread (child_process.js:345:11)

ReferenceError: potd is not defined
    at Tools.exports.BattleScripts.randomTeam (/Users/clazinasteunenberg/Downloads/Test/data/scripts.js:1522:8)
    at Tools.exports.BattleScripts.getTeam (/Users/clazinasteunenberg/Downloads/Test/data/scripts.js:488:16)
    at new BattleSide (/Users/clazinasteunenberg/Downloads/Test/battle-engine.js:1096:27)
    at Tools.Battle.join (/Users/clazinasteunenberg/Downloads/Test/battle-engine.js:3333:15)
    at Tools.Battle.receive (/Users/clazinasteunenberg/Downloads/Test/battle-engine.js:3390:9)
    at process.BattlePokemon.side (/Users/clazinasteunenberg/Downloads/Test/battle-engine.js:143:12)
    at process.EventEmitter.emit (events.js:98:17)
    at handleMessage (child_process.js:318:10)
    at Pipe.channel.onread (child_process.js:345:11)

Additional information:
message = battle-randombattle-497|join|p1|Meloetta<3V|134
currentRequest = 

Log:
|html|<div class="broadcast-red"><b>The battle crashed</b><br />You can keep playing but it might crash again.</div>
|html|<div class="broadcast-red"><b>The battle crashed</b><br />You can keep playing but it might crash again.</div>
|html|<div class="broadcast-red"><b>The battle crashed</b><br />You can keep playing but it might crash again.</div>
|html|<div class="broadcast-red"><b>The battle crashed</b><br />You can keep playing but it might crash again.</div>
|html|<div class="broadcast-red"><b>The battle crashed</b><br />You can keep playing but it might crash again.</div>
|html|<div class="broadcast-red"><b>The battle crashed</b><br />You can keep playing but it might crash again.</div>
|html|<div class="broadcast-red"><b>The battle crashed</b><br />You can keep playing but it might crash again.</div>
|html|<div class="broadcast-red"><b>The battle crashed</b><br />You can keep playing but it might crash again.</div>
|html|<div class="broadcast-red"><b>The battle crashed</b><br />You can keep playing but it might crash again.</div>
|html|<div class="broadcast-red"><b>The battle crashed</b><br />You can keep playing but it might crash again.</div>
|html|<div class="broadcast-red"><b>The battle crashed</b><br />You can keep playing but it might crash again.</div>
|html|<div class="broadcast-red"><b>The battle crashed</b><br />You can keep playing but it might crash again.</div>
|html|<div class="broadcast-red"><b>The battle crashed</b><br />You can keep playing but it might crash again.</div>
|html|<div class="broadcast-red"><b>The battle crashed</b><br />You can keep playing but it might crash again.</div>
|html|<div class="broadcast-red"><b>The battle crashed</b><br />You can keep playing but it might crash again.</div>
|html|<div class="broadcast-red"><b>The battle crashed</b><br />You can keep playing but it might crash again.</div>
|html|<div class="broadcast-red"><b>The battle crashed</b><br />You can keep playing but it might crash again.</div>
|html|<div class="broadcast-red"><b>The battle crashed</b><br />You can keep playing but it might crash again.</div>
|html|<div class="broadcast-red"><b>The battle crashed</b><br />You can keep playing but it might crash again.</div>
|html|<div class="broadcast-red"><b>The battle crashed</b><br />You can keep playing but it might crash again.</div>
|html|<div class="broadcast-red"><b>The battle crashed</b><br />You can keep playing but it might crash again.</div>
|html|<div class="broadcast-red"><b>The battle crashed</b><br />You can keep playing but it might crash again.</div>
|html|<div class="broadcast-red"><b>The battle crashed</b><br />You can keep playing but it might crash again.</div>
|html|<div class="broadcast-red"><b>The battle crashed</b><br />You can keep playing but it might crash again.</div>
|html|<div class="broadcast-red"><b>The battle crashed</b><br />You can keep playing but it might crash again.</div>
|html|<div class="broadcast-red"><b>The battle crashed</b><br />You can keep playing but it might crash again.</div>
|html|<div class="broadcast-red"><b>The battle crashed</b><br />You can keep playing but it might crash again.</div>
|html|<div class="broadcast-red"><b>The battle crashed</b><br />You can keep playing but it might crash again.</div>
|html|<div class="broadcast-red"><b>The battle crashed</b><br />You can keep playing but it might crash again.</div>
|html|<div class="broadcast-red"><b>The battle crashed</b><br />You can keep playing but it might crash again.</div>
|html|<div class="broadcast-red"><b>The battle crashed</b><br />You can keep playing but it might crash again.</div>
|html|<div class="broadcast-red"><b>The battle crashed</b><br />You can keep playing but it might crash again.</div>
|html|<div class="broadcast-red"><b>The battle crashed</b><br />You can keep playing but it might crash again.</div>
|html|<div class="broadcast-red"><b>The battle crashed</b><br />You can keep playing but it might crash again.</div>
|html|<div class="broadcast-red"><b>The battle crashed</b><br />You can keep playing but it might crash again.</div>
|html|<div class="broadcast-red"><b>The battle crashed</b><br />You can keep playing but it might crash again.</div>
|html|<div class="broadcast-red"><b>The battle crashed</b><br />You can keep playing but it might crash again.</div>
|html|<div class="broadcast-red"><b>The battle crashed</b><br />You can keep playing but it might crash again.</div>
|html|<div class="broadcast-red"><b>The battle crashed</b><br />You can keep playing but it might crash again.</div>
|html|<div class="broadcast-red"><b>The battle crashed</b><br />You can keep playing but it might crash again.</div>
|html|<div class="broadcast-red"><b>The battle crashed</b><br />You can keep playing but it might crash again.</div>
|html|<div class="broadcast-red"><b>The battle crashed</b><br />You can keep playing but it might crash again.</div>
|html|<div class="broadcast-red"><b>The battle crashed</b><br />You can keep playing but it might crash again.</div>
|html|<div class="broadcast-red"><b>The battle crashed</b><br />You can keep playing but it might crash again.</div>
|html|<div class="broadcast-red"><b>The battle crashed</b><br />You can keep playing but it might crash again.</div>
|html|<div class="broadcast-red"><b>The battle crashed</b><br />You can keep playing but it might crash again.</div>
|html|<div class="broadcast-red"><b>The battle crashed</b><br />You can keep playing but it might crash again.</div>
|html|<div class="broadcast-red"><b>The battle crashed</b><br />You can keep playing but it might crash again.</div>
|html|<div class="broadcast-red"><b>The battle crashed</b><br />You can keep playing but it might crash again.</div>
|html|<div class="broadcast-red"><b>The battle crashed</b><br />You can keep playing but it might crash again.</div>
|html|<div class="broadcast-red"><b>The battle crashed</b><br />You can keep playing but it might crash again.</div>
|html|<div class="broadcast-red"><b>The battle crashed</b><br />You can keep playing but it might crash again.</div>
|html|<div class="broadcast-red"><b>The battle crashed</b><br />You can keep playing but it might crash again.</div>
|html|<div class="broadcast-red"><b>The battle crashed</b><br />You can keep playing but it might crash again.</div>
|html|<div class="broadcast-red"><b>The battle crashed</b><br />You can keep playing but it might crash again.</div>
|html|<div class="broadcast-red"><b>The battle crashed</b><br />You can keep playing but it might crash again.</div>
|html|<div class="broadcast-red"><b>The battle crashed</b><br />You can keep playing but it might crash again.</div>
|html|<div class="broadcast-red"><b>The battle crashed</b><br />You can keep playing but it might crash again.</div>
|html|<div class="broadcast-red"><b>The battle crashed</b><br />You can keep playing but it might crash again.</div>
|html|<div class="broadcast-red"><b>The battle crashed</b><br />You can keep playing but it might crash again.</div>
|html|<div class="broadcast-red"><b>The battle crashed</b><br />You can keep playing but it might crash again.</div>
|html|<div class="broadcast-red"><b>The battle crashed</b><br />You can keep playing but it might crash again.</div>
|html|<div class="broadcast-red"><b>The battle crashed</b><br />You can keep playing but it might crash again.</div>
|html|<div class="broadcast-red"><b>The battle crashed</b><br />You can keep playing but it might crash again.</div>
|html|<div class="broadcast-red"><b>The battle crashed</b><br />You can keep playing but it might crash again.</div>
|html|<div class="broadcast-red"><b>The battle crashed</b><br />You can keep playing but it might crash again.</div>
|html|<div class="broadcast-red"><b>The battle crashed</b><br />You can keep playing but it might crash again.</div>
|html|<div class="broadcast-red"><b>The battle crashed</b><br />You can keep playing but it might crash again.</div>
|html|<div class="broadcast-red"><b>The battle crashed</b><br />You can keep playing but it might crash again.</div>
|html|<div class="broadcast-red"><b>The battle crashed</b><br />You can keep playing but it might crash again.</div>
|html|<div class="broadcast-red"><b>The battle crashed</b><br />You can keep playing but it might crash again.</div>
|html|<div class="broadcast-red"><b>The battle crashed</b><br />You can keep playing but it might crash again.</div>
|html|<div class="broadcast-red"><b>The battle crashed</b><br />You can keep playing but it might crash again.</div>
|html|<div class="broadcast-red"><b>The battle crashed</b><br />You can keep playing but it might crash again.</div>
|html|<div class="broadcast-red"><b>The battle crashed</b><br />You can keep playing but it might crash again.</div>
|html|<div class="broadcast-red"><b>The battle crashed</b><br />You can keep playing but it might crash again.</div>
|html|<div class="broadcast-red"><b>The battle crashed</b><br />You can keep playing but it might crash again.</div>
|html|<div class="broadcast-red"><b>The battle crashed</b><br />You can keep playing but it might crash again.</div>
|html|<div class="broadcast-red"><b>The battle crashed</b><br />You can keep playing but it might crash again.</div>
|html|<div class="broadcast-red"><b>The battle crashed</b><br />You can keep playing but it might crash again.</div>
|html|<div class="broadcast-red"><b>The battle crashed</b><br />You can keep playing but it might crash again.</div>
|html|<div class="broadcast-red"><b>The battle crashed</b><br />You can keep playing but it might crash again.</div>
|html|<div class="broadcast-red"><b>The battle crashed</b><br />You can keep playing but it might crash again.</div>
|html|<div class="broadcast-red"><b>The battle crashed</b><br />You can keep playing but it might crash again.</div>
|html|<div class="broadcast-red"><b>The battle crashed</b><br />You can keep playing but it might crash again.</div>
|html|<div class="broadcast-red"><b>The battle crashed</b><br />You can keep playing but it might crash again.</div>
|html|<div class="broadcast-red"><b>The battle crashed</b><br />You can keep playing but it might crash again.</div>
|html|<div class="broadcast-red"><b>The battle crashed</b><br />You can keep playing but it might crash again.</div>
|html|<div class="broadcast-red"><b>The battle crashed</b><br />You can keep playing but it might crash again.</div>
|html|<div class="broadcast-red"><b>The battle crashed</b><br />You can keep playing but it might crash again.</div>
|html|<div class="broadcast-red"><b>The battle crashed</b><br />You can keep playing but it might crash again.</div>
|html|<div class="broadcast-red"><b>The battle crashed</b><br />You can keep playing but it might crash again.</div>
|html|<div class="broadcast-red"><b>The battle crashed</b><br />You can keep playing but it might crash again.</div>
|html|<div class="broadcast-red"><b>The battle crashed</b><br />You can keep playing but it might crash again.</div>
|html|<div class="broadcast-red"><b>The battle crashed</b><br />You can keep playing but it might crash again.</div>
|html|<div class="broadcast-red"><b>The battle crashed</b><br />You can keep playing but it might crash again.</div>
|html|<div class="broadcast-red"><b>The battle crashed</b><br />You can keep playing but it might crash again.</div>
|html|<div class="broadcast-red"><b>The battle crashed</b><br />You can keep playing but it might crash again.</div>
|html|<div class="broadcast-red"><b>The battle crashed</b><br />You can keep playing but it might crash again.</div>
|html|<div class="broadcast-red"><b>The battle crashed</b><br />You can keep playing but it might crash again.</div>
|html|<div class="broadcast-red"><b>The battle crashed</b><br />You can keep playing but it might crash again.</div>
|html|<div class="broadcast-red"><b>The battle crashed</b><br />You can keep playing but it might crash again.</div>
|html|<div class="broadcast-red"><b>The battle crashed</b><br />You can keep playing but it might crash again.</div>
|html|<div class="broadcast-red"><b>The battle crashed</b><br />You can keep playing but it might crash again.</div>
|html|<div class="broadcast-red"><b>The battle crashed</b><br />You can keep playing but it might crash again.</div>
|html|<div class="broadcast-red"><b>The battle crashed</b><br />You can keep playing but it might crash again.</div>
|html|<div class="broadcast-red"><b>The battle crashed</b><br />You can keep playing but it might crash again.</div>
|html|<div class="broadcast-red"><b>The battle crashed</b><br />You can keep playing but it might crash again.</div>
|html|<div class="broadcast-red"><b>The battle crashed</b><br />You can keep playing but it might crash again.</div>
|html|<div class="broadcast-red"><b>The battle crashed</b><br />You can keep playing but it might crash again.</div>
|html|<div class="broadcast-red"><b>The battle crashed</b><br />You can keep playing but it might crash again.</div>
|html|<div class="broadcast-red"><b>The battle crashed</b><br />You can keep playing but it might crash again.</div>
|html|<div class="broadcast-red"><b>The battle crashed</b><br />You can keep playing but it might crash again.</div>
|html|<div class="broadcast-red"><b>The battle crashed</b><br />You can keep playing but it might crash again.</div>

TypeError: Cannot read property 'isActive' of null
    at Tools.Battle.makeRequest (/Users/clazinasteunenberg/Downloads/Test/battle-engine.js:1943:15)
    at process.BattlePokemon.side (/Users/clazinasteunenberg/Downloads/Test/battle-engine.js:157:13)
    at process.EventEmitter.emit (events.js:98:17)
    at handleMessage (child_process.js:318:10)
    at Pipe.channel.onread (child_process.js:345:11)

ReferenceError: potd is not defined
    at Tools.exports.BattleScripts.randomTeam (/Users/clazinasteunenberg/Downloads/Test/data/scripts.js:1522:8)
    at Tools.exports.BattleScripts.getTeam (/Users/clazinasteunenberg/Downloads/Test/data/scripts.js:488:16)
    at new BattleSide (/Users/clazinasteunenberg/Downloads/Test/battle-engine.js:1096:27)
    at Tools.Battle.join (/Users/clazinasteunenberg/Downloads/Test/battle-engine.js:3333:15)
    at Tools.Battle.receive (/Users/clazinasteunenberg/Downloads/Test/battle-engine.js:3390:9)
    at process.BattlePokemon.side (/Users/clazinasteunenberg/Downloads/Test/battle-engine.js:143:12)
    at process.EventEmitter.emit (events.js:98:17)
    at handleMessage (child_process.js:318:10)
    at Pipe.channel.onread (child_process.js:345:11)

Additional information:
message = battle-randombattle-497|join|p1|Meloetta<3V|134
currentRequest = 

Log:
|html|<div class="broadcast-red"><b>The battle crashed</b><br />You can keep playing but it might crash again.</div>
|html|<div class="broadcast-red"><b>The battle crashed</b><br />You can keep playing but it might crash again.</div>
|html|<div class="broadcast-red"><b>The battle crashed</b><br />You can keep playing but it might crash again.</div>
|html|<div class="broadcast-red"><b>The battle crashed</b><br />You can keep playing but it might crash again.</div>
|html|<div class="broadcast-red"><b>The battle crashed</b><br />You can keep playing but it might crash again.</div>
|html|<div class="broadcast-red"><b>The battle crashed</b><br />You can keep playing but it might crash again.</div>
|html|<div class="broadcast-red"><b>The battle crashed</b><br />You can keep playing but it might crash again.</div>
|html|<div class="broadcast-red"><b>The battle crashed</b><br />You can keep playing but it might crash again.</div>
|html|<div class="broadcast-red"><b>The battle crashed</b><br />You can keep playing but it might crash again.</div>
|html|<div class="broadcast-red"><b>The battle crashed</b><br />You can keep playing but it might crash again.</div>
|html|<div class="broadcast-red"><b>The battle crashed</b><br />You can keep playing but it might crash again.</div>
|html|<div class="broadcast-red"><b>The battle crashed</b><br />You can keep playing but it might crash again.</div>
|html|<div class="broadcast-red"><b>The battle crashed</b><br />You can keep playing but it might crash again.</div>
|html|<div class="broadcast-red"><b>The battle crashed</b><br />You can keep playing but it might crash again.</div>
|html|<div class="broadcast-red"><b>The battle crashed</b><br />You can keep playing but it might crash again.</div>
|html|<div class="broadcast-red"><b>The battle crashed</b><br />You can keep playing but it might crash again.</div>
|html|<div class="broadcast-red"><b>The battle crashed</b><br />You can keep playing but it might crash again.</div>
|html|<div class="broadcast-red"><b>The battle crashed</b><br />You can keep playing but it might crash again.</div>
|html|<div class="broadcast-red"><b>The battle crashed</b><br />You can keep playing but it might crash again.</div>
|html|<div class="broadcast-red"><b>The battle crashed</b><br />You can keep playing but it might crash again.</div>
|html|<div class="broadcast-red"><b>The battle crashed</b><br />You can keep playing but it might crash again.</div>
|html|<div class="broadcast-red"><b>The battle crashed</b><br />You can keep playing but it might crash again.</div>
|html|<div class="broadcast-red"><b>The battle crashed</b><br />You can keep playing but it might crash again.</div>
|html|<div class="broadcast-red"><b>The battle crashed</b><br />You can keep playing but it might crash again.</div>
|html|<div class="broadcast-red"><b>The battle crashed</b><br />You can keep playing but it might crash again.</div>
|html|<div class="broadcast-red"><b>The battle crashed</b><br />You can keep playing but it might crash again.</div>
|html|<div class="broadcast-red"><b>The battle crashed</b><br />You can keep playing but it might crash again.</div>
|html|<div class="broadcast-red"><b>The battle crashed</b><br />You can keep playing but it might crash again.</div>
|html|<div class="broadcast-red"><b>The battle crashed</b><br />You can keep playing but it might crash again.</div>
|html|<div class="broadcast-red"><b>The battle crashed</b><br />You can keep playing but it might crash again.</div>
|html|<div class="broadcast-red"><b>The battle crashed</b><br />You can keep playing but it might crash again.</div>
|html|<div class="broadcast-red"><b>The battle crashed</b><br />You can keep playing but it might crash again.</div>
|html|<div class="broadcast-red"><b>The battle crashed</b><br />You can keep playing but it might crash again.</div>
|html|<div class="broadcast-red"><b>The battle crashed</b><br />You can keep playing but it might crash again.</div>
|html|<div class="broadcast-red"><b>The battle crashed</b><br />You can keep playing but it might crash again.</div>
|html|<div class="broadcast-red"><b>The battle crashed</b><br />You can keep playing but it might crash again.</div>
|html|<div class="broadcast-red"><b>The battle crashed</b><br />You can keep playing but it might crash again.</div>
|html|<div class="broadcast-red"><b>The battle crashed</b><br />You can keep playing but it might crash again.</div>
|html|<div class="broadcast-red"><b>The battle crashed</b><br />You can keep playing but it might crash again.</div>
|html|<div class="broadcast-red"><b>The battle crashed</b><br />You can keep playing but it might crash again.</div>
|html|<div class="broadcast-red"><b>The battle crashed</b><br />You can keep playing but it might crash again.</div>
|html|<div class="broadcast-red"><b>The battle crashed</b><br />You can keep playing but it might crash again.</div>
|html|<div class="broadcast-red"><b>The battle crashed</b><br />You can keep playing but it might crash again.</div>
|html|<div class="broadcast-red"><b>The battle crashed</b><br />You can keep playing but it might crash again.</div>
|html|<div class="broadcast-red"><b>The battle crashed</b><br />You can keep playing but it might crash again.</div>
|html|<div class="broadcast-red"><b>The battle crashed</b><br />You can keep playing but it might crash again.</div>
|html|<div class="broadcast-red"><b>The battle crashed</b><br />You can keep playing but it might crash again.</div>
|html|<div class="broadcast-red"><b>The battle crashed</b><br />You can keep playing but it might crash again.</div>
|html|<div class="broadcast-red"><b>The battle crashed</b><br />You can keep playing but it might crash again.</div>
|html|<div class="broadcast-red"><b>The battle crashed</b><br />You can keep playing but it might crash again.</div>
|html|<div class="broadcast-red"><b>The battle crashed</b><br />You can keep playing but it might crash again.</div>
|html|<div class="broadcast-red"><b>The battle crashed</b><br />You can keep playing but it might crash again.</div>
|html|<div class="broadcast-red"><b>The battle crashed</b><br />You can keep playing but it might crash again.</div>
|html|<div class="broadcast-red"><b>The battle crashed</b><br />You can keep playing but it might crash again.</div>
|html|<div class="broadcast-red"><b>The battle crashed</b><br />You can keep playing but it might crash again.</div>
|html|<div class="broadcast-red"><b>The battle crashed</b><br />You can keep playing but it might crash again.</div>
|html|<div class="broadcast-red"><b>The battle crashed</b><br />You can keep playing but it might crash again.</div>
|html|<div class="broadcast-red"><b>The battle crashed</b><br />You can keep playing but it might crash again.</div>
|html|<div class="broadcast-red"><b>The battle crashed</b><br />You can keep playing but it might crash again.</div>
|html|<div class="broadcast-red"><b>The battle crashed</b><br />You can keep playing but it might crash again.</div>
|html|<div class="broadcast-red"><b>The battle crashed</b><br />You can keep playing but it might crash again.</div>
|html|<div class="broadcast-red"><b>The battle crashed</b><br />You can keep playing but it might crash again.</div>
|html|<div class="broadcast-red"><b>The battle crashed</b><br />You can keep playing but it might crash again.</div>
|html|<div class="broadcast-red"><b>The battle crashed</b><br />You can keep playing but it might crash again.</div>
|html|<div class="broadcast-red"><b>The battle crashed</b><br />You can keep playing but it might crash again.</div>
|html|<div class="broadcast-red"><b>The battle crashed</b><br />You can keep playing but it might crash again.</div>
|html|<div class="broadcast-red"><b>The battle crashed</b><br />You can keep playing but it might crash again.</div>
|html|<div class="broadcast-red"><b>The battle crashed</b><br />You can keep playing but it might crash again.</div>
|html|<div class="broadcast-red"><b>The battle crashed</b><br />You can keep playing but it might crash again.</div>
|html|<div class="broadcast-red"><b>The battle crashed</b><br />You can keep playing but it might crash again.</div>
|html|<div class="broadcast-red"><b>The battle crashed</b><br />You can keep playing but it might crash again.</div>
|html|<div class="broadcast-red"><b>The battle crashed</b><br />You can keep playing but it might crash again.</div>
|html|<div class="broadcast-red"><b>The battle crashed</b><br />You can keep playing but it might crash again.</div>
|html|<div class="broadcast-red"><b>The battle crashed</b><br />You can keep playing but it might crash again.</div>
|html|<div class="broadcast-red"><b>The battle crashed</b><br />You can keep playing but it might crash again.</div>
|html|<div class="broadcast-red"><b>The battle crashed</b><br />You can keep playing but it might crash again.</div>
|html|<div class="broadcast-red"><b>The battle crashed</b><br />You can keep playing but it might crash again.</div>
|html|<div class="broadcast-red"><b>The battle crashed</b><br />You can keep playing but it might crash again.</div>
|html|<div class="broadcast-red"><b>The battle crashed</b><br />You can keep playing but it might crash again.</div>
|html|<div class="broadcast-red"><b>The battle crashed</b><br />You can keep playing but it might crash again.</div>
|html|<div class="broadcast-red"><b>The battle crashed</b><br />You can keep playing but it might crash again.</div>
|html|<div class="broadcast-red"><b>The battle crashed</b><br />You can keep playing but it might crash again.</div>
|html|<div class="broadcast-red"><b>The battle crashed</b><br />You can keep playing but it might crash again.</div>
|html|<div class="broadcast-red"><b>The battle crashed</b><br />You can keep playing but it might crash again.</div>
|html|<div class="broadcast-red"><b>The battle crashed</b><br />You can keep playing but it might crash again.</div>
|html|<div class="broadcast-red"><b>The battle crashed</b><br />You can keep playing but it might crash again.</div>
|html|<div class="broadcast-red"><b>The battle crashed</b><br />You can keep playing but it might crash again.</div>
|html|<div class="broadcast-red"><b>The battle crashed</b><br />You can keep playing but it might crash again.</div>
|html|<div class="broadcast-red"><b>The battle crashed</b><br />You can keep playing but it might crash again.</div>
|html|<div class="broadcast-red"><b>The battle crashed</b><br />You can keep playing but it might crash again.</div>
|html|<div class="broadcast-red"><b>The battle crashed</b><br />You can keep playing but it might crash again.</div>
|html|<div class="broadcast-red"><b>The battle crashed</b><br />You can keep playing but it might crash again.</div>
|html|<div class="broadcast-red"><b>The battle crashed</b><br />You can keep playing but it might crash again.</div>
|html|<div class="broadcast-red"><b>The battle crashed</b><br />You can keep playing but it might crash again.</div>
|html|<div class="broadcast-red"><b>The battle crashed</b><br />You can keep playing but it might crash again.</div>
|html|<div class="broadcast-red"><b>The battle crashed</b><br />You can keep playing but it might crash again.</div>
|html|<div class="broadcast-red"><b>The battle crashed</b><br />You can keep playing but it might crash again.</div>
|html|<div class="broadcast-red"><b>The battle crashed</b><br />You can keep playing but it might crash again.</div>
|html|<div class="broadcast-red"><b>The battle crashed</b><br />You can keep playing but it might crash again.</div>
|html|<div class="broadcast-red"><b>The battle crashed</b><br />You can keep playing but it might crash again.</div>
|html|<div class="broadcast-red"><b>The battle crashed</b><br />You can keep playing but it might crash again.</div>
|html|<div class="broadcast-red"><b>The battle crashed</b><br />You can keep playing but it might crash again.</div>
|html|<div class="broadcast-red"><b>The battle crashed</b><br />You can keep playing but it might crash again.</div>
|html|<div class="broadcast-red"><b>The battle crashed</b><br />You can keep playing but it might crash again.</div>
|html|<div class="broadcast-red"><b>The battle crashed</b><br />You can keep playing but it might crash again.</div>
|html|<div class="broadcast-red"><b>The battle crashed</b><br />You can keep playing but it might crash again.</div>
|html|<div class="broadcast-red"><b>The battle crashed</b><br />You can keep playing but it might crash again.</div>
|html|<div class="broadcast-red"><b>The battle crashed</b><br />You can keep playing but it might crash again.</div>
|html|<div class="broadcast-red"><b>The battle crashed</b><br />You can keep playing but it might crash again.</div>
|html|<div class="broadcast-red"><b>The battle crashed</b><br />You can keep playing but it might crash again.</div>
|html|<div class="broadcast-red"><b>The battle crashed</b><br />You can keep playing but it might crash again.</div>
|html|<div class="broadcast-red"><b>The battle crashed</b><br />You can keep playing but it might crash again.</div>
|html|<div class="broadcast-red"><b>The battle crashed</b><br />You can keep playing but it might crash again.</div>
|html|<div class="broadcast-red"><b>The battle crashed</b><br />You can keep playing but it might crash again.</div>
|html|<div class="broadcast-red"><b>The battle crashed</b><br />You can keep playing but it might crash again.</div>

TypeError: Cannot read property 'isActive' of null
    at Tools.Battle.makeRequest (/Users/clazinasteunenberg/Downloads/Test/battle-engine.js:1943:15)
    at process.BattlePokemon.side (/Users/clazinasteunenberg/Downloads/Test/battle-engine.js:157:13)
    at process.EventEmitter.emit (events.js:98:17)
    at handleMessage (child_process.js:318:10)
    at Pipe.channel.onread (child_process.js:345:11)

ReferenceError: potd is not defined
    at Tools.exports.BattleScripts.randomTeam (/Users/clazinasteunenberg/Downloads/Test/data/scripts.js:1522:8)
    at Tools.exports.BattleScripts.getTeam (/Users/clazinasteunenberg/Downloads/Test/data/scripts.js:488:16)
    at new BattleSide (/Users/clazinasteunenberg/Downloads/Test/battle-engine.js:1096:27)
    at Tools.Battle.join (/Users/clazinasteunenberg/Downloads/Test/battle-engine.js:3333:15)
    at Tools.Battle.receive (/Users/clazinasteunenberg/Downloads/Test/battle-engine.js:3390:9)
    at process.BattlePokemon.side (/Users/clazinasteunenberg/Downloads/Test/battle-engine.js:143:12)
    at process.EventEmitter.emit (events.js:98:17)
    at handleMessage (child_process.js:318:10)
    at Pipe.channel.onread (child_process.js:345:11)

Additional information:
message = battle-randombattle-497|join|p1|Meloetta<3V|134
currentRequest = 

Log:
|html|<div class="broadcast-red"><b>The battle crashed</b><br />You can keep playing but it might crash again.</div>
|html|<div class="broadcast-red"><b>The battle crashed</b><br />You can keep playing but it might crash again.</div>
|html|<div class="broadcast-red"><b>The battle crashed</b><br />You can keep playing but it might crash again.</div>
|html|<div class="broadcast-red"><b>The battle crashed</b><br />You can keep playing but it might crash again.</div>
|html|<div class="broadcast-red"><b>The battle crashed</b><br />You can keep playing but it might crash again.</div>
|html|<div class="broadcast-red"><b>The battle crashed</b><br />You can keep playing but it might crash again.</div>
|html|<div class="broadcast-red"><b>The battle crashed</b><br />You can keep playing but it might crash again.</div>
|html|<div class="broadcast-red"><b>The battle crashed</b><br />You can keep playing but it might crash again.</div>
|html|<div class="broadcast-red"><b>The battle crashed</b><br />You can keep playing but it might crash again.</div>
|html|<div class="broadcast-red"><b>The battle crashed</b><br />You can keep playing but it might crash again.</div>
|html|<div class="broadcast-red"><b>The battle crashed</b><br />You can keep playing but it might crash again.</div>
|html|<div class="broadcast-red"><b>The battle crashed</b><br />You can keep playing but it might crash again.</div>
|html|<div class="broadcast-red"><b>The battle crashed</b><br />You can keep playing but it might crash again.</div>
|html|<div class="broadcast-red"><b>The battle crashed</b><br />You can keep playing but it might crash again.</div>
|html|<div class="broadcast-red"><b>The battle crashed</b><br />You can keep playing but it might crash again.</div>
|html|<div class="broadcast-red"><b>The battle crashed</b><br />You can keep playing but it might crash again.</div>
|html|<div class="broadcast-red"><b>The battle crashed</b><br />You can keep playing but it might crash again.</div>
|html|<div class="broadcast-red"><b>The battle crashed</b><br />You can keep playing but it might crash again.</div>
|html|<div class="broadcast-red"><b>The battle crashed</b><br />You can keep playing but it might crash again.</div>
|html|<div class="broadcast-red"><b>The battle crashed</b><br />You can keep playing but it might crash again.</div>
|html|<div class="broadcast-red"><b>The battle crashed</b><br />You can keep playing but it might crash again.</div>
|html|<div class="broadcast-red"><b>The battle crashed</b><br />You can keep playing but it might crash again.</div>
|html|<div class="broadcast-red"><b>The battle crashed</b><br />You can keep playing but it might crash again.</div>
|html|<div class="broadcast-red"><b>The battle crashed</b><br />You can keep playing but it might crash again.</div>
|html|<div class="broadcast-red"><b>The battle crashed</b><br />You can keep playing but it might crash again.</div>
|html|<div class="broadcast-red"><b>The battle crashed</b><br />You can keep playing but it might crash again.</div>
|html|<div class="broadcast-red"><b>The battle crashed</b><br />You can keep playing but it might crash again.</div>
|html|<div class="broadcast-red"><b>The battle crashed</b><br />You can keep playing but it might crash again.</div>
|html|<div class="broadcast-red"><b>The battle crashed</b><br />You can keep playing but it might crash again.</div>
|html|<div class="broadcast-red"><b>The battle crashed</b><br />You can keep playing but it might crash again.</div>
|html|<div class="broadcast-red"><b>The battle crashed</b><br />You can keep playing but it might crash again.</div>
|html|<div class="broadcast-red"><b>The battle crashed</b><br />You can keep playing but it might crash again.</div>
|html|<div class="broadcast-red"><b>The battle crashed</b><br />You can keep playing but it might crash again.</div>
|html|<div class="broadcast-red"><b>The battle crashed</b><br />You can keep playing but it might crash again.</div>
|html|<div class="broadcast-red"><b>The battle crashed</b><br />You can keep playing but it might crash again.</div>
|html|<div class="broadcast-red"><b>The battle crashed</b><br />You can keep playing but it might crash again.</div>
|html|<div class="broadcast-red"><b>The battle crashed</b><br />You can keep playing but it might crash again.</div>
|html|<div class="broadcast-red"><b>The battle crashed</b><br />You can keep playing but it might crash again.</div>
|html|<div class="broadcast-red"><b>The battle crashed</b><br />You can keep playing but it might crash again.</div>
|html|<div class="broadcast-red"><b>The battle crashed</b><br />You can keep playing but it might crash again.</div>
|html|<div class="broadcast-red"><b>The battle crashed</b><br />You can keep playing but it might crash again.</div>
|html|<div class="broadcast-red"><b>The battle crashed</b><br />You can keep playing but it might crash again.</div>
|html|<div class="broadcast-red"><b>The battle crashed</b><br />You can keep playing but it might crash again.</div>
|html|<div class="broadcast-red"><b>The battle crashed</b><br />You can keep playing but it might crash again.</div>
|html|<div class="broadcast-red"><b>The battle crashed</b><br />You can keep playing but it might crash again.</div>
|html|<div class="broadcast-red"><b>The battle crashed</b><br />You can keep playing but it might crash again.</div>
|html|<div class="broadcast-red"><b>The battle crashed</b><br />You can keep playing but it might crash again.</div>
|html|<div class="broadcast-red"><b>The battle crashed</b><br />You can keep playing but it might crash again.</div>
|html|<div class="broadcast-red"><b>The battle crashed</b><br />You can keep playing but it might crash again.</div>
|html|<div class="broadcast-red"><b>The battle crashed</b><br />You can keep playing but it might crash again.</div>
|html|<div class="broadcast-red"><b>The battle crashed</b><br />You can keep playing but it might crash again.</div>
|html|<div class="broadcast-red"><b>The battle crashed</b><br />You can keep playing but it might crash again.</div>
|html|<div class="broadcast-red"><b>The battle crashed</b><br />You can keep playing but it might crash again.</div>
|html|<div class="broadcast-red"><b>The battle crashed</b><br />You can keep playing but it might crash again.</div>
|html|<div class="broadcast-red"><b>The battle crashed</b><br />You can keep playing but it might crash again.</div>
|html|<div class="broadcast-red"><b>The battle crashed</b><br />You can keep playing but it might crash again.</div>
|html|<div class="broadcast-red"><b>The battle crashed</b><br />You can keep playing but it might crash again.</div>
|html|<div class="broadcast-red"><b>The battle crashed</b><br />You can keep playing but it might crash again.</div>
|html|<div class="broadcast-red"><b>The battle crashed</b><br />You can keep playing but it might crash again.</div>
|html|<div class="broadcast-red"><b>The battle crashed</b><br />You can keep playing but it might crash again.</div>
|html|<div class="broadcast-red"><b>The battle crashed</b><br />You can keep playing but it might crash again.</div>
|html|<div class="broadcast-red"><b>The battle crashed</b><br />You can keep playing but it might crash again.</div>
|html|<div class="broadcast-red"><b>The battle crashed</b><br />You can keep playing but it might crash again.</div>
|html|<div class="broadcast-red"><b>The battle crashed</b><br />You can keep playing but it might crash again.</div>
|html|<div class="broadcast-red"><b>The battle crashed</b><br />You can keep playing but it might crash again.</div>
|html|<div class="broadcast-red"><b>The battle crashed</b><br />You can keep playing but it might crash again.</div>
|html|<div class="broadcast-red"><b>The battle crashed</b><br />You can keep playing but it might crash again.</div>
|html|<div class="broadcast-red"><b>The battle crashed</b><br />You can keep playing but it might crash again.</div>
|html|<div class="broadcast-red"><b>The battle crashed</b><br />You can keep playing but it might crash again.</div>
|html|<div class="broadcast-red"><b>The battle crashed</b><br />You can keep playing but it might crash again.</div>
|html|<div class="broadcast-red"><b>The battle crashed</b><br />You can keep playing but it might crash again.</div>
|html|<div class="broadcast-red"><b>The battle crashed</b><br />You can keep playing but it might crash again.</div>
|html|<div class="broadcast-red"><b>The battle crashed</b><br />You can keep playing but it might crash again.</div>
|html|<div class="broadcast-red"><b>The battle crashed</b><br />You can keep playing but it might crash again.</div>
|html|<div class="broadcast-red"><b>The battle crashed</b><br />You can keep playing but it might crash again.</div>
|html|<div class="broadcast-red"><b>The battle crashed</b><br />You can keep playing but it might crash again.</div>
|html|<div class="broadcast-red"><b>The battle crashed</b><br />You can keep playing but it might crash again.</div>
|html|<div class="broadcast-red"><b>The battle crashed</b><br />You can keep playing but it might crash again.</div>
|html|<div class="broadcast-red"><b>The battle crashed</b><br />You can keep playing but it might crash again.</div>
|html|<div class="broadcast-red"><b>The battle crashed</b><br />You can keep playing but it might crash again.</div>
|html|<div class="broadcast-red"><b>The battle crashed</b><br />You can keep playing but it might crash again.</div>
|html|<div class="broadcast-red"><b>The battle crashed</b><br />You can keep playing but it might crash again.</div>
|html|<div class="broadcast-red"><b>The battle crashed</b><br />You can keep playing but it might crash again.</div>
|html|<div class="broadcast-red"><b>The battle crashed</b><br />You can keep playing but it might crash again.</div>
|html|<div class="broadcast-red"><b>The battle crashed</b><br />You can keep playing but it might crash again.</div>
|html|<div class="broadcast-red"><b>The battle crashed</b><br />You can keep playing but it might crash again.</div>
|html|<div class="broadcast-red"><b>The battle crashed</b><br />You can keep playing but it might crash again.</div>
|html|<div class="broadcast-red"><b>The battle crashed</b><br />You can keep playing but it might crash again.</div>
|html|<div class="broadcast-red"><b>The battle crashed</b><br />You can keep playing but it might crash again.</div>
|html|<div class="broadcast-red"><b>The battle crashed</b><br />You can keep playing but it might crash again.</div>
|html|<div class="broadcast-red"><b>The battle crashed</b><br />You can keep playing but it might crash again.</div>
|html|<div class="broadcast-red"><b>The battle crashed</b><br />You can keep playing but it might crash again.</div>
|html|<div class="broadcast-red"><b>The battle crashed</b><br />You can keep playing but it might crash again.</div>
|html|<div class="broadcast-red"><b>The battle crashed</b><br />You can keep playing but it might crash again.</div>
|html|<div class="broadcast-red"><b>The battle crashed</b><br />You can keep playing but it might crash again.</div>
|html|<div class="broadcast-red"><b>The battle crashed</b><br />You can keep playing but it might crash again.</div>
|html|<div class="broadcast-red"><b>The battle crashed</b><br />You can keep playing but it might crash again.</div>
|html|<div class="broadcast-red"><b>The battle crashed</b><br />You can keep playing but it might crash again.</div>
|html|<div class="broadcast-red"><b>The battle crashed</b><br />You can keep playing but it might crash again.</div>
|html|<div class="broadcast-red"><b>The battle crashed</b><br />You can keep playing but it might crash again.</div>
|html|<div class="broadcast-red"><b>The battle crashed</b><br />You can keep playing but it might crash again.</div>
|html|<div class="broadcast-red"><b>The battle crashed</b><br />You can keep playing but it might crash again.</div>
|html|<div class="broadcast-red"><b>The battle crashed</b><br />You can keep playing but it might crash again.</div>
|html|<div class="broadcast-red"><b>The battle crashed</b><br />You can keep playing but it might crash again.</div>
|html|<div class="broadcast-red"><b>The battle crashed</b><br />You can keep playing but it might crash again.</div>
|html|<div class="broadcast-red"><b>The battle crashed</b><br />You can keep playing but it might crash again.</div>
|html|<div class="broadcast-red"><b>The battle crashed</b><br />You can keep playing but it might crash again.</div>
|html|<div class="broadcast-red"><b>The battle crashed</b><br />You can keep playing but it might crash again.</div>
|html|<div class="broadcast-red"><b>The battle crashed</b><br />You can keep playing but it might crash again.</div>
|html|<div class="broadcast-red"><b>The battle crashed</b><br />You can keep playing but it might crash again.</div>
|html|<div class="broadcast-red"><b>The battle crashed</b><br />You can keep playing but it might crash again.</div>
|html|<div class="broadcast-red"><b>The battle crashed</b><br />You can keep playing but it might crash again.</div>
|html|<div class="broadcast-red"><b>The battle crashed</b><br />You can keep playing but it might crash again.</div>
|html|<div class="broadcast-red"><b>The battle crashed</b><br />You can keep playing but it might crash again.</div>
|html|<div class="broadcast-red"><b>The battle crashed</b><br />You can keep playing but it might crash again.</div>
|html|<div class="broadcast-red"><b>The battle crashed</b><br />You can keep playing but it might crash again.</div>

TypeError: Cannot read property 'isActive' of null
    at Tools.Battle.makeRequest (/Users/clazinasteunenberg/Downloads/Test/battle-engine.js:1943:15)
    at process.BattlePokemon.side (/Users/clazinasteunenberg/Downloads/Test/battle-engine.js:157:13)
    at process.EventEmitter.emit (events.js:98:17)
    at handleMessage (child_process.js:318:10)
    at Pipe.channel.onread (child_process.js:345:11)

ReferenceError: potd is not defined
    at Tools.exports.BattleScripts.randomTeam (/Users/clazinasteunenberg/Downloads/Test/data/scripts.js:1522:8)
    at Tools.exports.BattleScripts.getTeam (/Users/clazinasteunenberg/Downloads/Test/data/scripts.js:488:16)
    at new BattleSide (/Users/clazinasteunenberg/Downloads/Test/battle-engine.js:1096:27)
    at Tools.Battle.join (/Users/clazinasteunenberg/Downloads/Test/battle-engine.js:3333:15)
    at Tools.Battle.receive (/Users/clazinasteunenberg/Downloads/Test/battle-engine.js:3390:9)
    at process.BattlePokemon.side (/Users/clazinasteunenberg/Downloads/Test/battle-engine.js:143:12)
    at process.EventEmitter.emit (events.js:98:17)
    at handleMessage (child_process.js:318:10)
    at Pipe.channel.onread (child_process.js:345:11)

Additional information:
message = battle-randombattle-497|join|p1|Meloetta<3V|134
currentRequest = 

Log:
|html|<div class="broadcast-red"><b>The battle crashed</b><br />You can keep playing but it might crash again.</div>
|html|<div class="broadcast-red"><b>The battle crashed</b><br />You can keep playing but it might crash again.</div>
|html|<div class="broadcast-red"><b>The battle crashed</b><br />You can keep playing but it might crash again.</div>
|html|<div class="broadcast-red"><b>The battle crashed</b><br />You can keep playing but it might crash again.</div>
|html|<div class="broadcast-red"><b>The battle crashed</b><br />You can keep playing but it might crash again.</div>
|html|<div class="broadcast-red"><b>The battle crashed</b><br />You can keep playing but it might crash again.</div>
|html|<div class="broadcast-red"><b>The battle crashed</b><br />You can keep playing but it might crash again.</div>
|html|<div class="broadcast-red"><b>The battle crashed</b><br />You can keep playing but it might crash again.</div>
|html|<div class="broadcast-red"><b>The battle crashed</b><br />You can keep playing but it might crash again.</div>
|html|<div class="broadcast-red"><b>The battle crashed</b><br />You can keep playing but it might crash again.</div>
|html|<div class="broadcast-red"><b>The battle crashed</b><br />You can keep playing but it might crash again.</div>
|html|<div class="broadcast-red"><b>The battle crashed</b><br />You can keep playing but it might crash again.</div>
|html|<div class="broadcast-red"><b>The battle crashed</b><br />You can keep playing but it might crash again.</div>
|html|<div class="broadcast-red"><b>The battle crashed</b><br />You can keep playing but it might crash again.</div>
|html|<div class="broadcast-red"><b>The battle crashed</b><br />You can keep playing but it might crash again.</div>
|html|<div class="broadcast-red"><b>The battle crashed</b><br />You can keep playing but it might crash again.</div>
|html|<div class="broadcast-red"><b>The battle crashed</b><br />You can keep playing but it might crash again.</div>
|html|<div class="broadcast-red"><b>The battle crashed</b><br />You can keep playing but it might crash again.</div>
|html|<div class="broadcast-red"><b>The battle crashed</b><br />You can keep playing but it might crash again.</div>
|html|<div class="broadcast-red"><b>The battle crashed</b><br />You can keep playing but it might crash again.</div>
|html|<div class="broadcast-red"><b>The battle crashed</b><br />You can keep playing but it might crash again.</div>
|html|<div class="broadcast-red"><b>The battle crashed</b><br />You can keep playing but it might crash again.</div>
|html|<div class="broadcast-red"><b>The battle crashed</b><br />You can keep playing but it might crash again.</div>
|html|<div class="broadcast-red"><b>The battle crashed</b><br />You can keep playing but it might crash again.</div>
|html|<div class="broadcast-red"><b>The battle crashed</b><br />You can keep playing but it might crash again.</div>
|html|<div class="broadcast-red"><b>The battle crashed</b><br />You can keep playing but it might crash again.</div>
|html|<div class="broadcast-red"><b>The battle crashed</b><br />You can keep playing but it might crash again.</div>
|html|<div class="broadcast-red"><b>The battle crashed</b><br />You can keep playing but it might crash again.</div>
|html|<div class="broadcast-red"><b>The battle crashed</b><br />You can keep playing but it might crash again.</div>
|html|<div class="broadcast-red"><b>The battle crashed</b><br />You can keep playing but it might crash again.</div>
|html|<div class="broadcast-red"><b>The battle crashed</b><br />You can keep playing but it might crash again.</div>
|html|<div class="broadcast-red"><b>The battle crashed</b><br />You can keep playing but it might crash again.</div>
|html|<div class="broadcast-red"><b>The battle crashed</b><br />You can keep playing but it might crash again.</div>
|html|<div class="broadcast-red"><b>The battle crashed</b><br />You can keep playing but it might crash again.</div>
|html|<div class="broadcast-red"><b>The battle crashed</b><br />You can keep playing but it might crash again.</div>
|html|<div class="broadcast-red"><b>The battle crashed</b><br />You can keep playing but it might crash again.</div>
|html|<div class="broadcast-red"><b>The battle crashed</b><br />You can keep playing but it might crash again.</div>
|html|<div class="broadcast-red"><b>The battle crashed</b><br />You can keep playing but it might crash again.</div>
|html|<div class="broadcast-red"><b>The battle crashed</b><br />You can keep playing but it might crash again.</div>
|html|<div class="broadcast-red"><b>The battle crashed</b><br />You can keep playing but it might crash again.</div>
|html|<div class="broadcast-red"><b>The battle crashed</b><br />You can keep playing but it might crash again.</div>
|html|<div class="broadcast-red"><b>The battle crashed</b><br />You can keep playing but it might crash again.</div>
|html|<div class="broadcast-red"><b>The battle crashed</b><br />You can keep playing but it might crash again.</div>
|html|<div class="broadcast-red"><b>The battle crashed</b><br />You can keep playing but it might crash again.</div>
|html|<div class="broadcast-red"><b>The battle crashed</b><br />You can keep playing but it might crash again.</div>
|html|<div class="broadcast-red"><b>The battle crashed</b><br />You can keep playing but it might crash again.</div>
|html|<div class="broadcast-red"><b>The battle crashed</b><br />You can keep playing but it might crash again.</div>
|html|<div class="broadcast-red"><b>The battle crashed</b><br />You can keep playing but it might crash again.</div>
|html|<div class="broadcast-red"><b>The battle crashed</b><br />You can keep playing but it might crash again.</div>
|html|<div class="broadcast-red"><b>The battle crashed</b><br />You can keep playing but it might crash again.</div>
|html|<div class="broadcast-red"><b>The battle crashed</b><br />You can keep playing but it might crash again.</div>
|html|<div class="broadcast-red"><b>The battle crashed</b><br />You can keep playing but it might crash again.</div>
|html|<div class="broadcast-red"><b>The battle crashed</b><br />You can keep playing but it might crash again.</div>
|html|<div class="broadcast-red"><b>The battle crashed</b><br />You can keep playing but it might crash again.</div>
|html|<div class="broadcast-red"><b>The battle crashed</b><br />You can keep playing but it might crash again.</div>
|html|<div class="broadcast-red"><b>The battle crashed</b><br />You can keep playing but it might crash again.</div>
|html|<div class="broadcast-red"><b>The battle crashed</b><br />You can keep playing but it might crash again.</div>
|html|<div class="broadcast-red"><b>The battle crashed</b><br />You can keep playing but it might crash again.</div>
|html|<div class="broadcast-red"><b>The battle crashed</b><br />You can keep playing but it might crash again.</div>
|html|<div class="broadcast-red"><b>The battle crashed</b><br />You can keep playing but it might crash again.</div>
|html|<div class="broadcast-red"><b>The battle crashed</b><br />You can keep playing but it might crash again.</div>
|html|<div class="broadcast-red"><b>The battle crashed</b><br />You can keep playing but it might crash again.</div>
|html|<div class="broadcast-red"><b>The battle crashed</b><br />You can keep playing but it might crash again.</div>
|html|<div class="broadcast-red"><b>The battle crashed</b><br />You can keep playing but it might crash again.</div>
|html|<div class="broadcast-red"><b>The battle crashed</b><br />You can keep playing but it might crash again.</div>
|html|<div class="broadcast-red"><b>The battle crashed</b><br />You can keep playing but it might crash again.</div>
|html|<div class="broadcast-red"><b>The battle crashed</b><br />You can keep playing but it might crash again.</div>
|html|<div class="broadcast-red"><b>The battle crashed</b><br />You can keep playing but it might crash again.</div>
|html|<div class="broadcast-red"><b>The battle crashed</b><br />You can keep playing but it might crash again.</div>
|html|<div class="broadcast-red"><b>The battle crashed</b><br />You can keep playing but it might crash again.</div>
|html|<div class="broadcast-red"><b>The battle crashed</b><br />You can keep playing but it might crash again.</div>
|html|<div class="broadcast-red"><b>The battle crashed</b><br />You can keep playing but it might crash again.</div>
|html|<div class="broadcast-red"><b>The battle crashed</b><br />You can keep playing but it might crash again.</div>
|html|<div class="broadcast-red"><b>The battle crashed</b><br />You can keep playing but it might crash again.</div>
|html|<div class="broadcast-red"><b>The battle crashed</b><br />You can keep playing but it might crash again.</div>
|html|<div class="broadcast-red"><b>The battle crashed</b><br />You can keep playing but it might crash again.</div>
|html|<div class="broadcast-red"><b>The battle crashed</b><br />You can keep playing but it might crash again.</div>
|html|<div class="broadcast-red"><b>The battle crashed</b><br />You can keep playing but it might crash again.</div>
|html|<div class="broadcast-red"><b>The battle crashed</b><br />You can keep playing but it might crash again.</div>
|html|<div class="broadcast-red"><b>The battle crashed</b><br />You can keep playing but it might crash again.</div>
|html|<div class="broadcast-red"><b>The battle crashed</b><br />You can keep playing but it might crash again.</div>
|html|<div class="broadcast-red"><b>The battle crashed</b><br />You can keep playing but it might crash again.</div>
|html|<div class="broadcast-red"><b>The battle crashed</b><br />You can keep playing but it might crash again.</div>
|html|<div class="broadcast-red"><b>The battle crashed</b><br />You can keep playing but it might crash again.</div>
|html|<div class="broadcast-red"><b>The battle crashed</b><br />You can keep playing but it might crash again.</div>
|html|<div class="broadcast-red"><b>The battle crashed</b><br />You can keep playing but it might crash again.</div>
|html|<div class="broadcast-red"><b>The battle crashed</b><br />You can keep playing but it might crash again.</div>
|html|<div class="broadcast-red"><b>The battle crashed</b><br />You can keep playing but it might crash again.</div>
|html|<div class="broadcast-red"><b>The battle crashed</b><br />You can keep playing but it might crash again.</div>
|html|<div class="broadcast-red"><b>The battle crashed</b><br />You can keep playing but it might crash again.</div>
|html|<div class="broadcast-red"><b>The battle crashed</b><br />You can keep playing but it might crash again.</div>
|html|<div class="broadcast-red"><b>The battle crashed</b><br />You can keep playing but it might crash again.</div>
|html|<div class="broadcast-red"><b>The battle crashed</b><br />You can keep playing but it might crash again.</div>
|html|<div class="broadcast-red"><b>The battle crashed</b><br />You can keep playing but it might crash again.</div>
|html|<div class="broadcast-red"><b>The battle crashed</b><br />You can keep playing but it might crash again.</div>
|html|<div class="broadcast-red"><b>The battle crashed</b><br />You can keep playing but it might crash again.</div>
|html|<div class="broadcast-red"><b>The battle crashed</b><br />You can keep playing but it might crash again.</div>
|html|<div class="broadcast-red"><b>The battle crashed</b><br />You can keep playing but it might crash again.</div>
|html|<div class="broadcast-red"><b>The battle crashed</b><br />You can keep playing but it might crash again.</div>
|html|<div class="broadcast-red"><b>The battle crashed</b><br />You can keep playing but it might crash again.</div>
|html|<div class="broadcast-red"><b>The battle crashed</b><br />You can keep playing but it might crash again.</div>
|html|<div class="broadcast-red"><b>The battle crashed</b><br />You can keep playing but it might crash again.</div>
|html|<div class="broadcast-red"><b>The battle crashed</b><br />You can keep playing but it might crash again.</div>
|html|<div class="broadcast-red"><b>The battle crashed</b><br />You can keep playing but it might crash again.</div>
|html|<div class="broadcast-red"><b>The battle crashed</b><br />You can keep playing but it might crash again.</div>
|html|<div class="broadcast-red"><b>The battle crashed</b><br />You can keep playing but it might crash again.</div>
|html|<div class="broadcast-red"><b>The battle crashed</b><br />You can keep playing but it might crash again.</div>
|html|<div class="broadcast-red"><b>The battle crashed</b><br />You can keep playing but it might crash again.</div>
|html|<div class="broadcast-red"><b>The battle crashed</b><br />You can keep playing but it might crash again.</div>
|html|<div class="broadcast-red"><b>The battle crashed</b><br />You can keep playing but it might crash again.</div>
|html|<div class="broadcast-red"><b>The battle crashed</b><br />You can keep playing but it might crash again.</div>
|html|<div class="broadcast-red"><b>The battle crashed</b><br />You can keep playing but it might crash again.</div>
|html|<div class="broadcast-red"><b>The battle crashed</b><br />You can keep playing but it might crash again.</div>
|html|<div class="broadcast-red"><b>The battle crashed</b><br />You can keep playing but it might crash again.</div>
|html|<div class="broadcast-red"><b>The battle crashed</b><br />You can keep playing but it might crash again.</div>
|html|<div class="broadcast-red"><b>The battle crashed</b><br />You can keep playing but it might crash again.</div>
|html|<div class="broadcast-red"><b>The battle crashed</b><br />You can keep playing but it might crash again.</div>

TypeError: Cannot read property 'isActive' of null
    at Tools.Battle.makeRequest (/Users/clazinasteunenberg/Downloads/Test/battle-engine.js:1943:15)
    at process.BattlePokemon.side (/Users/clazinasteunenberg/Downloads/Test/battle-engine.js:157:13)
    at process.EventEmitter.emit (events.js:98:17)
    at handleMessage (child_process.js:318:10)
    at Pipe.channel.onread (child_process.js:345:11)

ReferenceError: potd is not defined
    at Tools.exports.BattleScripts.randomTeam (/Users/clazinasteunenberg/Downloads/Test/data/scripts.js:1522:8)
    at Tools.exports.BattleScripts.getTeam (/Users/clazinasteunenberg/Downloads/Test/data/scripts.js:488:16)
    at new BattleSide (/Users/clazinasteunenberg/Downloads/Test/battle-engine.js:1096:27)
    at Tools.Battle.join (/Users/clazinasteunenberg/Downloads/Test/battle-engine.js:3333:15)
    at Tools.Battle.receive (/Users/clazinasteunenberg/Downloads/Test/battle-engine.js:3390:9)
    at process.BattlePokemon.side (/Users/clazinasteunenberg/Downloads/Test/battle-engine.js:143:12)
    at process.EventEmitter.emit (events.js:98:17)
    at handleMessage (child_process.js:318:10)
    at Pipe.channel.onread (child_process.js:345:11)

Additional information:
message = battle-randombattle-497|join|p1|Meloetta<3V|134
currentRequest = 

Log:
|html|<div class="broadcast-red"><b>The battle crashed</b><br />You can keep playing but it might crash again.</div>
|html|<div class="broadcast-red"><b>The battle crashed</b><br />You can keep playing but it might crash again.</div>
|html|<div class="broadcast-red"><b>The battle crashed</b><br />You can keep playing but it might crash again.</div>
|html|<div class="broadcast-red"><b>The battle crashed</b><br />You can keep playing but it might crash again.</div>
|html|<div class="broadcast-red"><b>The battle crashed</b><br />You can keep playing but it might crash again.</div>
|html|<div class="broadcast-red"><b>The battle crashed</b><br />You can keep playing but it might crash again.</div>
|html|<div class="broadcast-red"><b>The battle crashed</b><br />You can keep playing but it might crash again.</div>
|html|<div class="broadcast-red"><b>The battle crashed</b><br />You can keep playing but it might crash again.</div>
|html|<div class="broadcast-red"><b>The battle crashed</b><br />You can keep playing but it might crash again.</div>
|html|<div class="broadcast-red"><b>The battle crashed</b><br />You can keep playing but it might crash again.</div>
|html|<div class="broadcast-red"><b>The battle crashed</b><br />You can keep playing but it might crash again.</div>
|html|<div class="broadcast-red"><b>The battle crashed</b><br />You can keep playing but it might crash again.</div>
|html|<div class="broadcast-red"><b>The battle crashed</b><br />You can keep playing but it might crash again.</div>
|html|<div class="broadcast-red"><b>The battle crashed</b><br />You can keep playing but it might crash again.</div>
|html|<div class="broadcast-red"><b>The battle crashed</b><br />You can keep playing but it might crash again.</div>
|html|<div class="broadcast-red"><b>The battle crashed</b><br />You can keep playing but it might crash again.</div>
|html|<div class="broadcast-red"><b>The battle crashed</b><br />You can keep playing but it might crash again.</div>
|html|<div class="broadcast-red"><b>The battle crashed</b><br />You can keep playing but it might crash again.</div>
|html|<div class="broadcast-red"><b>The battle crashed</b><br />You can keep playing but it might crash again.</div>
|html|<div class="broadcast-red"><b>The battle crashed</b><br />You can keep playing but it might crash again.</div>
|html|<div class="broadcast-red"><b>The battle crashed</b><br />You can keep playing but it might crash again.</div>
|html|<div class="broadcast-red"><b>The battle crashed</b><br />You can keep playing but it might crash again.</div>
|html|<div class="broadcast-red"><b>The battle crashed</b><br />You can keep playing but it might crash again.</div>
|html|<div class="broadcast-red"><b>The battle crashed</b><br />You can keep playing but it might crash again.</div>
|html|<div class="broadcast-red"><b>The battle crashed</b><br />You can keep playing but it might crash again.</div>
|html|<div class="broadcast-red"><b>The battle crashed</b><br />You can keep playing but it might crash again.</div>
|html|<div class="broadcast-red"><b>The battle crashed</b><br />You can keep playing but it might crash again.</div>
|html|<div class="broadcast-red"><b>The battle crashed</b><br />You can keep playing but it might crash again.</div>
|html|<div class="broadcast-red"><b>The battle crashed</b><br />You can keep playing but it might crash again.</div>
|html|<div class="broadcast-red"><b>The battle crashed</b><br />You can keep playing but it might crash again.</div>
|html|<div class="broadcast-red"><b>The battle crashed</b><br />You can keep playing but it might crash again.</div>
|html|<div class="broadcast-red"><b>The battle crashed</b><br />You can keep playing but it might crash again.</div>
|html|<div class="broadcast-red"><b>The battle crashed</b><br />You can keep playing but it might crash again.</div>
|html|<div class="broadcast-red"><b>The battle crashed</b><br />You can keep playing but it might crash again.</div>
|html|<div class="broadcast-red"><b>The battle crashed</b><br />You can keep playing but it might crash again.</div>
|html|<div class="broadcast-red"><b>The battle crashed</b><br />You can keep playing but it might crash again.</div>
|html|<div class="broadcast-red"><b>The battle crashed</b><br />You can keep playing but it might crash again.</div>
|html|<div class="broadcast-red"><b>The battle crashed</b><br />You can keep playing but it might crash again.</div>
|html|<div class="broadcast-red"><b>The battle crashed</b><br />You can keep playing but it might crash again.</div>
|html|<div class="broadcast-red"><b>The battle crashed</b><br />You can keep playing but it might crash again.</div>
|html|<div class="broadcast-red"><b>The battle crashed</b><br />You can keep playing but it might crash again.</div>
|html|<div class="broadcast-red"><b>The battle crashed</b><br />You can keep playing but it might crash again.</div>
|html|<div class="broadcast-red"><b>The battle crashed</b><br />You can keep playing but it might crash again.</div>
|html|<div class="broadcast-red"><b>The battle crashed</b><br />You can keep playing but it might crash again.</div>
|html|<div class="broadcast-red"><b>The battle crashed</b><br />You can keep playing but it might crash again.</div>
|html|<div class="broadcast-red"><b>The battle crashed</b><br />You can keep playing but it might crash again.</div>
|html|<div class="broadcast-red"><b>The battle crashed</b><br />You can keep playing but it might crash again.</div>
|html|<div class="broadcast-red"><b>The battle crashed</b><br />You can keep playing but it might crash again.</div>
|html|<div class="broadcast-red"><b>The battle crashed</b><br />You can keep playing but it might crash again.</div>
|html|<div class="broadcast-red"><b>The battle crashed</b><br />You can keep playing but it might crash again.</div>
|html|<div class="broadcast-red"><b>The battle crashed</b><br />You can keep playing but it might crash again.</div>
|html|<div class="broadcast-red"><b>The battle crashed</b><br />You can keep playing but it might crash again.</div>
|html|<div class="broadcast-red"><b>The battle crashed</b><br />You can keep playing but it might crash again.</div>
|html|<div class="broadcast-red"><b>The battle crashed</b><br />You can keep playing but it might crash again.</div>
|html|<div class="broadcast-red"><b>The battle crashed</b><br />You can keep playing but it might crash again.</div>
|html|<div class="broadcast-red"><b>The battle crashed</b><br />You can keep playing but it might crash again.</div>
|html|<div class="broadcast-red"><b>The battle crashed</b><br />You can keep playing but it might crash again.</div>
|html|<div class="broadcast-red"><b>The battle crashed</b><br />You can keep playing but it might crash again.</div>
|html|<div class="broadcast-red"><b>The battle crashed</b><br />You can keep playing but it might crash again.</div>
|html|<div class="broadcast-red"><b>The battle crashed</b><br />You can keep playing but it might crash again.</div>
|html|<div class="broadcast-red"><b>The battle crashed</b><br />You can keep playing but it might crash again.</div>
|html|<div class="broadcast-red"><b>The battle crashed</b><br />You can keep playing but it might crash again.</div>
|html|<div class="broadcast-red"><b>The battle crashed</b><br />You can keep playing but it might crash again.</div>
|html|<div class="broadcast-red"><b>The battle crashed</b><br />You can keep playing but it might crash again.</div>
|html|<div class="broadcast-red"><b>The battle crashed</b><br />You can keep playing but it might crash again.</div>
|html|<div class="broadcast-red"><b>The battle crashed</b><br />You can keep playing but it might crash again.</div>
|html|<div class="broadcast-red"><b>The battle crashed</b><br />You can keep playing but it might crash again.</div>
|html|<div class="broadcast-red"><b>The battle crashed</b><br />You can keep playing but it might crash again.</div>
|html|<div class="broadcast-red"><b>The battle crashed</b><br />You can keep playing but it might crash again.</div>
|html|<div class="broadcast-red"><b>The battle crashed</b><br />You can keep playing but it might crash again.</div>
|html|<div class="broadcast-red"><b>The battle crashed</b><br />You can keep playing but it might crash again.</div>
|html|<div class="broadcast-red"><b>The battle crashed</b><br />You can keep playing but it might crash again.</div>
|html|<div class="broadcast-red"><b>The battle crashed</b><br />You can keep playing but it might crash again.</div>
|html|<div class="broadcast-red"><b>The battle crashed</b><br />You can keep playing but it might crash again.</div>
|html|<div class="broadcast-red"><b>The battle crashed</b><br />You can keep playing but it might crash again.</div>
|html|<div class="broadcast-red"><b>The battle crashed</b><br />You can keep playing but it might crash again.</div>
|html|<div class="broadcast-red"><b>The battle crashed</b><br />You can keep playing but it might crash again.</div>
|html|<div class="broadcast-red"><b>The battle crashed</b><br />You can keep playing but it might crash again.</div>
|html|<div class="broadcast-red"><b>The battle crashed</b><br />You can keep playing but it might crash again.</div>
|html|<div class="broadcast-red"><b>The battle crashed</b><br />You can keep playing but it might crash again.</div>
|html|<div class="broadcast-red"><b>The battle crashed</b><br />You can keep playing but it might crash again.</div>
|html|<div class="broadcast-red"><b>The battle crashed</b><br />You can keep playing but it might crash again.</div>
|html|<div class="broadcast-red"><b>The battle crashed</b><br />You can keep playing but it might crash again.</div>
|html|<div class="broadcast-red"><b>The battle crashed</b><br />You can keep playing but it might crash again.</div>
|html|<div class="broadcast-red"><b>The battle crashed</b><br />You can keep playing but it might crash again.</div>
|html|<div class="broadcast-red"><b>The battle crashed</b><br />You can keep playing but it might crash again.</div>
|html|<div class="broadcast-red"><b>The battle crashed</b><br />You can keep playing but it might crash again.</div>
|html|<div class="broadcast-red"><b>The battle crashed</b><br />You can keep playing but it might crash again.</div>
|html|<div class="broadcast-red"><b>The battle crashed</b><br />You can keep playing but it might crash again.</div>
|html|<div class="broadcast-red"><b>The battle crashed</b><br />You can keep playing but it might crash again.</div>
|html|<div class="broadcast-red"><b>The battle crashed</b><br />You can keep playing but it might crash again.</div>
|html|<div class="broadcast-red"><b>The battle crashed</b><br />You can keep playing but it might crash again.</div>
|html|<div class="broadcast-red"><b>The battle crashed</b><br />You can keep playing but it might crash again.</div>
|html|<div class="broadcast-red"><b>The battle crashed</b><br />You can keep playing but it might crash again.</div>
|html|<div class="broadcast-red"><b>The battle crashed</b><br />You can keep playing but it might crash again.</div>
|html|<div class="broadcast-red"><b>The battle crashed</b><br />You can keep playing but it might crash again.</div>
|html|<div class="broadcast-red"><b>The battle crashed</b><br />You can keep playing but it might crash again.</div>
|html|<div class="broadcast-red"><b>The battle crashed</b><br />You can keep playing but it might crash again.</div>
|html|<div class="broadcast-red"><b>The battle crashed</b><br />You can keep playing but it might crash again.</div>
|html|<div class="broadcast-red"><b>The battle crashed</b><br />You can keep playing but it might crash again.</div>
|html|<div class="broadcast-red"><b>The battle crashed</b><br />You can keep playing but it might crash again.</div>
|html|<div class="broadcast-red"><b>The battle crashed</b><br />You can keep playing but it might crash again.</div>
|html|<div class="broadcast-red"><b>The battle crashed</b><br />You can keep playing but it might crash again.</div>
|html|<div class="broadcast-red"><b>The battle crashed</b><br />You can keep playing but it might crash again.</div>
|html|<div class="broadcast-red"><b>The battle crashed</b><br />You can keep playing but it might crash again.</div>
|html|<div class="broadcast-red"><b>The battle crashed</b><br />You can keep playing but it might crash again.</div>
|html|<div class="broadcast-red"><b>The battle crashed</b><br />You can keep playing but it might crash again.</div>
|html|<div class="broadcast-red"><b>The battle crashed</b><br />You can keep playing but it might crash again.</div>
|html|<div class="broadcast-red"><b>The battle crashed</b><br />You can keep playing but it might crash again.</div>
|html|<div class="broadcast-red"><b>The battle crashed</b><br />You can keep playing but it might crash again.</div>
|html|<div class="broadcast-red"><b>The battle crashed</b><br />You can keep playing but it might crash again.</div>
|html|<div class="broadcast-red"><b>The battle crashed</b><br />You can keep playing but it might crash again.</div>
|html|<div class="broadcast-red"><b>The battle crashed</b><br />You can keep playing but it might crash again.</div>
|html|<div class="broadcast-red"><b>The battle crashed</b><br />You can keep playing but it might crash again.</div>
|html|<div class="broadcast-red"><b>The battle crashed</b><br />You can keep playing but it might crash again.</div>
|html|<div class="broadcast-red"><b>The battle crashed</b><br />You can keep playing but it might crash again.</div>
|html|<div class="broadcast-red"><b>The battle crashed</b><br />You can keep playing but it might crash again.</div>
|html|<div class="broadcast-red"><b>The battle crashed</b><br />You can keep playing but it might crash again.</div>

TypeError: Cannot read property 'isActive' of null
    at Tools.Battle.makeRequest (/Users/clazinasteunenberg/Downloads/Test/battle-engine.js:1943:15)
    at process.BattlePokemon.side (/Users/clazinasteunenberg/Downloads/Test/battle-engine.js:157:13)
    at process.EventEmitter.emit (events.js:98:17)
    at handleMessage (child_process.js:318:10)
    at Pipe.channel.onread (child_process.js:345:11)

ReferenceError: potd is not defined
    at Tools.exports.BattleScripts.randomTeam (/Users/clazinasteunenberg/Downloads/Test/data/scripts.js:1522:8)
    at Tools.exports.BattleScripts.getTeam (/Users/clazinasteunenberg/Downloads/Test/data/scripts.js:488:16)
    at new BattleSide (/Users/clazinasteunenberg/Downloads/Test/battle-engine.js:1096:27)
    at Tools.Battle.join (/Users/clazinasteunenberg/Downloads/Test/battle-engine.js:3333:15)
    at Tools.Battle.receive (/Users/clazinasteunenberg/Downloads/Test/battle-engine.js:3390:9)
    at process.BattlePokemon.side (/Users/clazinasteunenberg/Downloads/Test/battle-engine.js:143:12)
    at process.EventEmitter.emit (events.js:98:17)
    at handleMessage (child_process.js:318:10)
    at Pipe.channel.onread (child_process.js:345:11)

Additional information:
message = battle-randombattle-497|join|p1|Meloetta<3V|134
currentRequest = 

Log:
|html|<div class="broadcast-red"><b>The battle crashed</b><br />You can keep playing but it might crash again.</div>
|html|<div class="broadcast-red"><b>The battle crashed</b><br />You can keep playing but it might crash again.</div>
|html|<div class="broadcast-red"><b>The battle crashed</b><br />You can keep playing but it might crash again.</div>
|html|<div class="broadcast-red"><b>The battle crashed</b><br />You can keep playing but it might crash again.</div>
|html|<div class="broadcast-red"><b>The battle crashed</b><br />You can keep playing but it might crash again.</div>
|html|<div class="broadcast-red"><b>The battle crashed</b><br />You can keep playing but it might crash again.</div>
|html|<div class="broadcast-red"><b>The battle crashed</b><br />You can keep playing but it might crash again.</div>
|html|<div class="broadcast-red"><b>The battle crashed</b><br />You can keep playing but it might crash again.</div>
|html|<div class="broadcast-red"><b>The battle crashed</b><br />You can keep playing but it might crash again.</div>
|html|<div class="broadcast-red"><b>The battle crashed</b><br />You can keep playing but it might crash again.</div>
|html|<div class="broadcast-red"><b>The battle crashed</b><br />You can keep playing but it might crash again.</div>
|html|<div class="broadcast-red"><b>The battle crashed</b><br />You can keep playing but it might crash again.</div>
|html|<div class="broadcast-red"><b>The battle crashed</b><br />You can keep playing but it might crash again.</div>
|html|<div class="broadcast-red"><b>The battle crashed</b><br />You can keep playing but it might crash again.</div>
|html|<div class="broadcast-red"><b>The battle crashed</b><br />You can keep playing but it might crash again.</div>
|html|<div class="broadcast-red"><b>The battle crashed</b><br />You can keep playing but it might crash again.</div>
|html|<div class="broadcast-red"><b>The battle crashed</b><br />You can keep playing but it might crash again.</div>
|html|<div class="broadcast-red"><b>The battle crashed</b><br />You can keep playing but it might crash again.</div>
|html|<div class="broadcast-red"><b>The battle crashed</b><br />You can keep playing but it might crash again.</div>
|html|<div class="broadcast-red"><b>The battle crashed</b><br />You can keep playing but it might crash again.</div>
|html|<div class="broadcast-red"><b>The battle crashed</b><br />You can keep playing but it might crash again.</div>
|html|<div class="broadcast-red"><b>The battle crashed</b><br />You can keep playing but it might crash again.</div>
|html|<div class="broadcast-red"><b>The battle crashed</b><br />You can keep playing but it might crash again.</div>
|html|<div class="broadcast-red"><b>The battle crashed</b><br />You can keep playing but it might crash again.</div>
|html|<div class="broadcast-red"><b>The battle crashed</b><br />You can keep playing but it might crash again.</div>
|html|<div class="broadcast-red"><b>The battle crashed</b><br />You can keep playing but it might crash again.</div>
|html|<div class="broadcast-red"><b>The battle crashed</b><br />You can keep playing but it might crash again.</div>
|html|<div class="broadcast-red"><b>The battle crashed</b><br />You can keep playing but it might crash again.</div>
|html|<div class="broadcast-red"><b>The battle crashed</b><br />You can keep playing but it might crash again.</div>
|html|<div class="broadcast-red"><b>The battle crashed</b><br />You can keep playing but it might crash again.</div>
|html|<div class="broadcast-red"><b>The battle crashed</b><br />You can keep playing but it might crash again.</div>
|html|<div class="broadcast-red"><b>The battle crashed</b><br />You can keep playing but it might crash again.</div>
|html|<div class="broadcast-red"><b>The battle crashed</b><br />You can keep playing but it might crash again.</div>
|html|<div class="broadcast-red"><b>The battle crashed</b><br />You can keep playing but it might crash again.</div>
|html|<div class="broadcast-red"><b>The battle crashed</b><br />You can keep playing but it might crash again.</div>
|html|<div class="broadcast-red"><b>The battle crashed</b><br />You can keep playing but it might crash again.</div>
|html|<div class="broadcast-red"><b>The battle crashed</b><br />You can keep playing but it might crash again.</div>
|html|<div class="broadcast-red"><b>The battle crashed</b><br />You can keep playing but it might crash again.</div>
|html|<div class="broadcast-red"><b>The battle crashed</b><br />You can keep playing but it might crash again.</div>
|html|<div class="broadcast-red"><b>The battle crashed</b><br />You can keep playing but it might crash again.</div>
|html|<div class="broadcast-red"><b>The battle crashed</b><br />You can keep playing but it might crash again.</div>
|html|<div class="broadcast-red"><b>The battle crashed</b><br />You can keep playing but it might crash again.</div>
|html|<div class="broadcast-red"><b>The battle crashed</b><br />You can keep playing but it might crash again.</div>
|html|<div class="broadcast-red"><b>The battle crashed</b><br />You can keep playing but it might crash again.</div>
|html|<div class="broadcast-red"><b>The battle crashed</b><br />You can keep playing but it might crash again.</div>
|html|<div class="broadcast-red"><b>The battle crashed</b><br />You can keep playing but it might crash again.</div>
|html|<div class="broadcast-red"><b>The battle crashed</b><br />You can keep playing but it might crash again.</div>
|html|<div class="broadcast-red"><b>The battle crashed</b><br />You can keep playing but it might crash again.</div>
|html|<div class="broadcast-red"><b>The battle crashed</b><br />You can keep playing but it might crash again.</div>
|html|<div class="broadcast-red"><b>The battle crashed</b><br />You can keep playing but it might crash again.</div>
|html|<div class="broadcast-red"><b>The battle crashed</b><br />You can keep playing but it might crash again.</div>
|html|<div class="broadcast-red"><b>The battle crashed</b><br />You can keep playing but it might crash again.</div>
|html|<div class="broadcast-red"><b>The battle crashed</b><br />You can keep playing but it might crash again.</div>
|html|<div class="broadcast-red"><b>The battle crashed</b><br />You can keep playing but it might crash again.</div>
|html|<div class="broadcast-red"><b>The battle crashed</b><br />You can keep playing but it might crash again.</div>
|html|<div class="broadcast-red"><b>The battle crashed</b><br />You can keep playing but it might crash again.</div>
|html|<div class="broadcast-red"><b>The battle crashed</b><br />You can keep playing but it might crash again.</div>
|html|<div class="broadcast-red"><b>The battle crashed</b><br />You can keep playing but it might crash again.</div>
|html|<div class="broadcast-red"><b>The battle crashed</b><br />You can keep playing but it might crash again.</div>
|html|<div class="broadcast-red"><b>The battle crashed</b><br />You can keep playing but it might crash again.</div>
|html|<div class="broadcast-red"><b>The battle crashed</b><br />You can keep playing but it might crash again.</div>
|html|<div class="broadcast-red"><b>The battle crashed</b><br />You can keep playing but it might crash again.</div>
|html|<div class="broadcast-red"><b>The battle crashed</b><br />You can keep playing but it might crash again.</div>
|html|<div class="broadcast-red"><b>The battle crashed</b><br />You can keep playing but it might crash again.</div>
|html|<div class="broadcast-red"><b>The battle crashed</b><br />You can keep playing but it might crash again.</div>
|html|<div class="broadcast-red"><b>The battle crashed</b><br />You can keep playing but it might crash again.</div>
|html|<div class="broadcast-red"><b>The battle crashed</b><br />You can keep playing but it might crash again.</div>
|html|<div class="broadcast-red"><b>The battle crashed</b><br />You can keep playing but it might crash again.</div>
|html|<div class="broadcast-red"><b>The battle crashed</b><br />You can keep playing but it might crash again.</div>
|html|<div class="broadcast-red"><b>The battle crashed</b><br />You can keep playing but it might crash again.</div>
|html|<div class="broadcast-red"><b>The battle crashed</b><br />You can keep playing but it might crash again.</div>
|html|<div class="broadcast-red"><b>The battle crashed</b><br />You can keep playing but it might crash again.</div>
|html|<div class="broadcast-red"><b>The battle crashed</b><br />You can keep playing but it might crash again.</div>
|html|<div class="broadcast-red"><b>The battle crashed</b><br />You can keep playing but it might crash again.</div>
|html|<div class="broadcast-red"><b>The battle crashed</b><br />You can keep playing but it might crash again.</div>
|html|<div class="broadcast-red"><b>The battle crashed</b><br />You can keep playing but it might crash again.</div>
|html|<div class="broadcast-red"><b>The battle crashed</b><br />You can keep playing but it might crash again.</div>
|html|<div class="broadcast-red"><b>The battle crashed</b><br />You can keep playing but it might crash again.</div>
|html|<div class="broadcast-red"><b>The battle crashed</b><br />You can keep playing but it might crash again.</div>
|html|<div class="broadcast-red"><b>The battle crashed</b><br />You can keep playing but it might crash again.</div>
|html|<div class="broadcast-red"><b>The battle crashed</b><br />You can keep playing but it might crash again.</div>
|html|<div class="broadcast-red"><b>The battle crashed</b><br />You can keep playing but it might crash again.</div>
|html|<div class="broadcast-red"><b>The battle crashed</b><br />You can keep playing but it might crash again.</div>
|html|<div class="broadcast-red"><b>The battle crashed</b><br />You can keep playing but it might crash again.</div>
|html|<div class="broadcast-red"><b>The battle crashed</b><br />You can keep playing but it might crash again.</div>
|html|<div class="broadcast-red"><b>The battle crashed</b><br />You can keep playing but it might crash again.</div>
|html|<div class="broadcast-red"><b>The battle crashed</b><br />You can keep playing but it might crash again.</div>
|html|<div class="broadcast-red"><b>The battle crashed</b><br />You can keep playing but it might crash again.</div>
|html|<div class="broadcast-red"><b>The battle crashed</b><br />You can keep playing but it might crash again.</div>
|html|<div class="broadcast-red"><b>The battle crashed</b><br />You can keep playing but it might crash again.</div>
|html|<div class="broadcast-red"><b>The battle crashed</b><br />You can keep playing but it might crash again.</div>
|html|<div class="broadcast-red"><b>The battle crashed</b><br />You can keep playing but it might crash again.</div>
|html|<div class="broadcast-red"><b>The battle crashed</b><br />You can keep playing but it might crash again.</div>
|html|<div class="broadcast-red"><b>The battle crashed</b><br />You can keep playing but it might crash again.</div>
|html|<div class="broadcast-red"><b>The battle crashed</b><br />You can keep playing but it might crash again.</div>
|html|<div class="broadcast-red"><b>The battle crashed</b><br />You can keep playing but it might crash again.</div>
|html|<div class="broadcast-red"><b>The battle crashed</b><br />You can keep playing but it might crash again.</div>
|html|<div class="broadcast-red"><b>The battle crashed</b><br />You can keep playing but it might crash again.</div>
|html|<div class="broadcast-red"><b>The battle crashed</b><br />You can keep playing but it might crash again.</div>
|html|<div class="broadcast-red"><b>The battle crashed</b><br />You can keep playing but it might crash again.</div>
|html|<div class="broadcast-red"><b>The battle crashed</b><br />You can keep playing but it might crash again.</div>
|html|<div class="broadcast-red"><b>The battle crashed</b><br />You can keep playing but it might crash again.</div>
|html|<div class="broadcast-red"><b>The battle crashed</b><br />You can keep playing but it might crash again.</div>
|html|<div class="broadcast-red"><b>The battle crashed</b><br />You can keep playing but it might crash again.</div>
|html|<div class="broadcast-red"><b>The battle crashed</b><br />You can keep playing but it might crash again.</div>
|html|<div class="broadcast-red"><b>The battle crashed</b><br />You can keep playing but it might crash again.</div>
|html|<div class="broadcast-red"><b>The battle crashed</b><br />You can keep playing but it might crash again.</div>
|html|<div class="broadcast-red"><b>The battle crashed</b><br />You can keep playing but it might crash again.</div>
|html|<div class="broadcast-red"><b>The battle crashed</b><br />You can keep playing but it might crash again.</div>
|html|<div class="broadcast-red"><b>The battle crashed</b><br />You can keep playing but it might crash again.</div>
|html|<div class="broadcast-red"><b>The battle crashed</b><br />You can keep playing but it might crash again.</div>
|html|<div class="broadcast-red"><b>The battle crashed</b><br />You can keep playing but it might crash again.</div>
|html|<div class="broadcast-red"><b>The battle crashed</b><br />You can keep playing but it might crash again.</div>
|html|<div class="broadcast-red"><b>The battle crashed</b><br />You can keep playing but it might crash again.</div>
|html|<div class="broadcast-red"><b>The battle crashed</b><br />You can keep playing but it might crash again.</div>
|html|<div class="broadcast-red"><b>The battle crashed</b><br />You can keep playing but it might crash again.</div>
|html|<div class="broadcast-red"><b>The battle crashed</b><br />You can keep playing but it might crash again.</div>
|html|<div class="broadcast-red"><b>The battle crashed</b><br />You can keep playing but it might crash again.</div>
|html|<div class="broadcast-red"><b>The battle crashed</b><br />You can keep playing but it might crash again.</div>

TypeError: Cannot read property 'isActive' of null
    at Tools.Battle.makeRequest (/Users/clazinasteunenberg/Downloads/Test/battle-engine.js:1943:15)
    at process.BattlePokemon.side (/Users/clazinasteunenberg/Downloads/Test/battle-engine.js:157:13)
    at process.EventEmitter.emit (events.js:98:17)
    at handleMessage (child_process.js:318:10)
    at Pipe.channel.onread (child_process.js:345:11)

ReferenceError: potd is not defined
    at Tools.exports.BattleScripts.randomTeam (/Users/clazinasteunenberg/Downloads/Test/data/scripts.js:1522:8)
    at Tools.exports.BattleScripts.getTeam (/Users/clazinasteunenberg/Downloads/Test/data/scripts.js:488:16)
    at new BattleSide (/Users/clazinasteunenberg/Downloads/Test/battle-engine.js:1096:27)
    at Tools.Battle.join (/Users/clazinasteunenberg/Downloads/Test/battle-engine.js:3333:15)
    at Tools.Battle.receive (/Users/clazinasteunenberg/Downloads/Test/battle-engine.js:3390:9)
    at process.BattlePokemon.side (/Users/clazinasteunenberg/Downloads/Test/battle-engine.js:143:12)
    at process.EventEmitter.emit (events.js:98:17)
    at handleMessage (child_process.js:318:10)
    at Pipe.channel.onread (child_process.js:345:11)

Additional information:
message = battle-randombattle-497|join|p1|Meloetta<3V|134
currentRequest = 

Log:
|html|<div class="broadcast-red"><b>The battle crashed</b><br />You can keep playing but it might crash again.</div>
|html|<div class="broadcast-red"><b>The battle crashed</b><br />You can keep playing but it might crash again.</div>
|html|<div class="broadcast-red"><b>The battle crashed</b><br />You can keep playing but it might crash again.</div>
|html|<div class="broadcast-red"><b>The battle crashed</b><br />You can keep playing but it might crash again.</div>
|html|<div class="broadcast-red"><b>The battle crashed</b><br />You can keep playing but it might crash again.</div>
|html|<div class="broadcast-red"><b>The battle crashed</b><br />You can keep playing but it might crash again.</div>
|html|<div class="broadcast-red"><b>The battle crashed</b><br />You can keep playing but it might crash again.</div>
|html|<div class="broadcast-red"><b>The battle crashed</b><br />You can keep playing but it might crash again.</div>
|html|<div class="broadcast-red"><b>The battle crashed</b><br />You can keep playing but it might crash again.</div>
|html|<div class="broadcast-red"><b>The battle crashed</b><br />You can keep playing but it might crash again.</div>
|html|<div class="broadcast-red"><b>The battle crashed</b><br />You can keep playing but it might crash again.</div>
|html|<div class="broadcast-red"><b>The battle crashed</b><br />You can keep playing but it might crash again.</div>
|html|<div class="broadcast-red"><b>The battle crashed</b><br />You can keep playing but it might crash again.</div>
|html|<div class="broadcast-red"><b>The battle crashed</b><br />You can keep playing but it might crash again.</div>
|html|<div class="broadcast-red"><b>The battle crashed</b><br />You can keep playing but it might crash again.</div>
|html|<div class="broadcast-red"><b>The battle crashed</b><br />You can keep playing but it might crash again.</div>
|html|<div class="broadcast-red"><b>The battle crashed</b><br />You can keep playing but it might crash again.</div>
|html|<div class="broadcast-red"><b>The battle crashed</b><br />You can keep playing but it might crash again.</div>
|html|<div class="broadcast-red"><b>The battle crashed</b><br />You can keep playing but it might crash again.</div>
|html|<div class="broadcast-red"><b>The battle crashed</b><br />You can keep playing but it might crash again.</div>
|html|<div class="broadcast-red"><b>The battle crashed</b><br />You can keep playing but it might crash again.</div>
|html|<div class="broadcast-red"><b>The battle crashed</b><br />You can keep playing but it might crash again.</div>
|html|<div class="broadcast-red"><b>The battle crashed</b><br />You can keep playing but it might crash again.</div>
|html|<div class="broadcast-red"><b>The battle crashed</b><br />You can keep playing but it might crash again.</div>
|html|<div class="broadcast-red"><b>The battle crashed</b><br />You can keep playing but it might crash again.</div>
|html|<div class="broadcast-red"><b>The battle crashed</b><br />You can keep playing but it might crash again.</div>
|html|<div class="broadcast-red"><b>The battle crashed</b><br />You can keep playing but it might crash again.</div>
|html|<div class="broadcast-red"><b>The battle crashed</b><br />You can keep playing but it might crash again.</div>
|html|<div class="broadcast-red"><b>The battle crashed</b><br />You can keep playing but it might crash again.</div>
|html|<div class="broadcast-red"><b>The battle crashed</b><br />You can keep playing but it might crash again.</div>
|html|<div class="broadcast-red"><b>The battle crashed</b><br />You can keep playing but it might crash again.</div>
|html|<div class="broadcast-red"><b>The battle crashed</b><br />You can keep playing but it might crash again.</div>
|html|<div class="broadcast-red"><b>The battle crashed</b><br />You can keep playing but it might crash again.</div>
|html|<div class="broadcast-red"><b>The battle crashed</b><br />You can keep playing but it might crash again.</div>
|html|<div class="broadcast-red"><b>The battle crashed</b><br />You can keep playing but it might crash again.</div>
|html|<div class="broadcast-red"><b>The battle crashed</b><br />You can keep playing but it might crash again.</div>
|html|<div class="broadcast-red"><b>The battle crashed</b><br />You can keep playing but it might crash again.</div>
|html|<div class="broadcast-red"><b>The battle crashed</b><br />You can keep playing but it might crash again.</div>
|html|<div class="broadcast-red"><b>The battle crashed</b><br />You can keep playing but it might crash again.</div>
|html|<div class="broadcast-red"><b>The battle crashed</b><br />You can keep playing but it might crash again.</div>
|html|<div class="broadcast-red"><b>The battle crashed</b><br />You can keep playing but it might crash again.</div>
|html|<div class="broadcast-red"><b>The battle crashed</b><br />You can keep playing but it might crash again.</div>
|html|<div class="broadcast-red"><b>The battle crashed</b><br />You can keep playing but it might crash again.</div>
|html|<div class="broadcast-red"><b>The battle crashed</b><br />You can keep playing but it might crash again.</div>
|html|<div class="broadcast-red"><b>The battle crashed</b><br />You can keep playing but it might crash again.</div>
|html|<div class="broadcast-red"><b>The battle crashed</b><br />You can keep playing but it might crash again.</div>
|html|<div class="broadcast-red"><b>The battle crashed</b><br />You can keep playing but it might crash again.</div>
|html|<div class="broadcast-red"><b>The battle crashed</b><br />You can keep playing but it might crash again.</div>
|html|<div class="broadcast-red"><b>The battle crashed</b><br />You can keep playing but it might crash again.</div>
|html|<div class="broadcast-red"><b>The battle crashed</b><br />You can keep playing but it might crash again.</div>
|html|<div class="broadcast-red"><b>The battle crashed</b><br />You can keep playing but it might crash again.</div>
|html|<div class="broadcast-red"><b>The battle crashed</b><br />You can keep playing but it might crash again.</div>
|html|<div class="broadcast-red"><b>The battle crashed</b><br />You can keep playing but it might crash again.</div>
|html|<div class="broadcast-red"><b>The battle crashed</b><br />You can keep playing but it might crash again.</div>
|html|<div class="broadcast-red"><b>The battle crashed</b><br />You can keep playing but it might crash again.</div>
|html|<div class="broadcast-red"><b>The battle crashed</b><br />You can keep playing but it might crash again.</div>
|html|<div class="broadcast-red"><b>The battle crashed</b><br />You can keep playing but it might crash again.</div>
|html|<div class="broadcast-red"><b>The battle crashed</b><br />You can keep playing but it might crash again.</div>
|html|<div class="broadcast-red"><b>The battle crashed</b><br />You can keep playing but it might crash again.</div>
|html|<div class="broadcast-red"><b>The battle crashed</b><br />You can keep playing but it might crash again.</div>
|html|<div class="broadcast-red"><b>The battle crashed</b><br />You can keep playing but it might crash again.</div>
|html|<div class="broadcast-red"><b>The battle crashed</b><br />You can keep playing but it might crash again.</div>
|html|<div class="broadcast-red"><b>The battle crashed</b><br />You can keep playing but it might crash again.</div>
|html|<div class="broadcast-red"><b>The battle crashed</b><br />You can keep playing but it might crash again.</div>
|html|<div class="broadcast-red"><b>The battle crashed</b><br />You can keep playing but it might crash again.</div>
|html|<div class="broadcast-red"><b>The battle crashed</b><br />You can keep playing but it might crash again.</div>
|html|<div class="broadcast-red"><b>The battle crashed</b><br />You can keep playing but it might crash again.</div>
|html|<div class="broadcast-red"><b>The battle crashed</b><br />You can keep playing but it might crash again.</div>
|html|<div class="broadcast-red"><b>The battle crashed</b><br />You can keep playing but it might crash again.</div>
|html|<div class="broadcast-red"><b>The battle crashed</b><br />You can keep playing but it might crash again.</div>
|html|<div class="broadcast-red"><b>The battle crashed</b><br />You can keep playing but it might crash again.</div>
|html|<div class="broadcast-red"><b>The battle crashed</b><br />You can keep playing but it might crash again.</div>
|html|<div class="broadcast-red"><b>The battle crashed</b><br />You can keep playing but it might crash again.</div>
|html|<div class="broadcast-red"><b>The battle crashed</b><br />You can keep playing but it might crash again.</div>
|html|<div class="broadcast-red"><b>The battle crashed</b><br />You can keep playing but it might crash again.</div>
|html|<div class="broadcast-red"><b>The battle crashed</b><br />You can keep playing but it might crash again.</div>
|html|<div class="broadcast-red"><b>The battle crashed</b><br />You can keep playing but it might crash again.</div>
|html|<div class="broadcast-red"><b>The battle crashed</b><br />You can keep playing but it might crash again.</div>
|html|<div class="broadcast-red"><b>The battle crashed</b><br />You can keep playing but it might crash again.</div>
|html|<div class="broadcast-red"><b>The battle crashed</b><br />You can keep playing but it might crash again.</div>
|html|<div class="broadcast-red"><b>The battle crashed</b><br />You can keep playing but it might crash again.</div>
|html|<div class="broadcast-red"><b>The battle crashed</b><br />You can keep playing but it might crash again.</div>
|html|<div class="broadcast-red"><b>The battle crashed</b><br />You can keep playing but it might crash again.</div>
|html|<div class="broadcast-red"><b>The battle crashed</b><br />You can keep playing but it might crash again.</div>
|html|<div class="broadcast-red"><b>The battle crashed</b><br />You can keep playing but it might crash again.</div>
|html|<div class="broadcast-red"><b>The battle crashed</b><br />You can keep playing but it might crash again.</div>
|html|<div class="broadcast-red"><b>The battle crashed</b><br />You can keep playing but it might crash again.</div>
|html|<div class="broadcast-red"><b>The battle crashed</b><br />You can keep playing but it might crash again.</div>
|html|<div class="broadcast-red"><b>The battle crashed</b><br />You can keep playing but it might crash again.</div>
|html|<div class="broadcast-red"><b>The battle crashed</b><br />You can keep playing but it might crash again.</div>
|html|<div class="broadcast-red"><b>The battle crashed</b><br />You can keep playing but it might crash again.</div>
|html|<div class="broadcast-red"><b>The battle crashed</b><br />You can keep playing but it might crash again.</div>
|html|<div class="broadcast-red"><b>The battle crashed</b><br />You can keep playing but it might crash again.</div>
|html|<div class="broadcast-red"><b>The battle crashed</b><br />You can keep playing but it might crash again.</div>
|html|<div class="broadcast-red"><b>The battle crashed</b><br />You can keep playing but it might crash again.</div>
|html|<div class="broadcast-red"><b>The battle crashed</b><br />You can keep playing but it might crash again.</div>
|html|<div class="broadcast-red"><b>The battle crashed</b><br />You can keep playing but it might crash again.</div>
|html|<div class="broadcast-red"><b>The battle crashed</b><br />You can keep playing but it might crash again.</div>
|html|<div class="broadcast-red"><b>The battle crashed</b><br />You can keep playing but it might crash again.</div>
|html|<div class="broadcast-red"><b>The battle crashed</b><br />You can keep playing but it might crash again.</div>
|html|<div class="broadcast-red"><b>The battle crashed</b><br />You can keep playing but it might crash again.</div>
|html|<div class="broadcast-red"><b>The battle crashed</b><br />You can keep playing but it might crash again.</div>
|html|<div class="broadcast-red"><b>The battle crashed</b><br />You can keep playing but it might crash again.</div>
|html|<div class="broadcast-red"><b>The battle crashed</b><br />You can keep playing but it might crash again.</div>
|html|<div class="broadcast-red"><b>The battle crashed</b><br />You can keep playing but it might crash again.</div>
|html|<div class="broadcast-red"><b>The battle crashed</b><br />You can keep playing but it might crash again.</div>
|html|<div class="broadcast-red"><b>The battle crashed</b><br />You can keep playing but it might crash again.</div>
|html|<div class="broadcast-red"><b>The battle crashed</b><br />You can keep playing but it might crash again.</div>
|html|<div class="broadcast-red"><b>The battle crashed</b><br />You can keep playing but it might crash again.</div>
|html|<div class="broadcast-red"><b>The battle crashed</b><br />You can keep playing but it might crash again.</div>
|html|<div class="broadcast-red"><b>The battle crashed</b><br />You can keep playing but it might crash again.</div>
|html|<div class="broadcast-red"><b>The battle crashed</b><br />You can keep playing but it might crash again.</div>
|html|<div class="broadcast-red"><b>The battle crashed</b><br />You can keep playing but it might crash again.</div>
|html|<div class="broadcast-red"><b>The battle crashed</b><br />You can keep playing but it might crash again.</div>
|html|<div class="broadcast-red"><b>The battle crashed</b><br />You can keep playing but it might crash again.</div>
|html|<div class="broadcast-red"><b>The battle crashed</b><br />You can keep playing but it might crash again.</div>
|html|<div class="broadcast-red"><b>The battle crashed</b><br />You can keep playing but it might crash again.</div>
|html|<div class="broadcast-red"><b>The battle crashed</b><br />You can keep playing but it might crash again.</div>
|html|<div class="broadcast-red"><b>The battle crashed</b><br />You can keep playing but it might crash again.</div>
|html|<div class="broadcast-red"><b>The battle crashed</b><br />You can keep playing but it might crash again.</div>

TypeError: Cannot read property 'isActive' of null
    at Tools.Battle.makeRequest (/Users/clazinasteunenberg/Downloads/Test/battle-engine.js:1943:15)
    at process.BattlePokemon.side (/Users/clazinasteunenberg/Downloads/Test/battle-engine.js:157:13)
    at process.EventEmitter.emit (events.js:98:17)
    at handleMessage (child_process.js:318:10)
    at Pipe.channel.onread (child_process.js:345:11)

TypeError: Cannot use 'in' operator to search for 'Rule:potd' in undefined
    at Tools.exports.BattleScripts.randomTeam (/Users/clazinasteunenberg/Downloads/Test/data/scripts.js:1482:38)
    at Tools.exports.BattleScripts.getTeam (/Users/clazinasteunenberg/Downloads/Test/data/scripts.js:494:16)
    at new BattleSide (/Users/clazinasteunenberg/Downloads/Test/battle-engine.js:1096:27)
    at Tools.Battle.join (/Users/clazinasteunenberg/Downloads/Test/battle-engine.js:3333:15)
    at Tools.Battle.receive (/Users/clazinasteunenberg/Downloads/Test/battle-engine.js:3390:9)
    at process.BattlePokemon.side (/Users/clazinasteunenberg/Downloads/Test/battle-engine.js:143:12)
    at process.EventEmitter.emit (events.js:98:17)
    at handleMessage (child_process.js:318:10)
    at Pipe.channel.onread (child_process.js:345:11)

Additional information:
message = battle-randombattle-478|join|p1|E4 GhostKiller|165
currentRequest = 

Log:
|html|<div class="broadcast-red"><b>The battle crashed</b><br />You can keep playing but it might crash again.</div>
|html|<div class="broadcast-red"><b>The battle crashed</b><br />You can keep playing but it might crash again.</div>
|html|<div class="broadcast-red"><b>The battle crashed</b><br />You can keep playing but it might crash again.</div>
|html|<div class="broadcast-red"><b>The battle crashed</b><br />You can keep playing but it might crash again.</div>
|html|<div class="broadcast-red"><b>The battle crashed</b><br />You can keep playing but it might crash again.</div>
|html|<div class="broadcast-red"><b>The battle crashed</b><br />You can keep playing but it might crash again.</div>
|html|<div class="broadcast-red"><b>The battle crashed</b><br />You can keep playing but it might crash again.</div>
|html|<div class="broadcast-red"><b>The battle crashed</b><br />You can keep playing but it might crash again.</div>
|html|<div class="broadcast-red"><b>The battle crashed</b><br />You can keep playing but it might crash again.</div>
|html|<div class="broadcast-red"><b>The battle crashed</b><br />You can keep playing but it might crash again.</div>
|html|<div class="broadcast-red"><b>The battle crashed</b><br />You can keep playing but it might crash again.</div>
|html|<div class="broadcast-red"><b>The battle crashed</b><br />You can keep playing but it might crash again.</div>
|html|<div class="broadcast-red"><b>The battle crashed</b><br />You can keep playing but it might crash again.</div>
|html|<div class="broadcast-red"><b>The battle crashed</b><br />You can keep playing but it might crash again.</div>
|html|<div class="broadcast-red"><b>The battle crashed</b><br />You can keep playing but it might crash again.</div>
|html|<div class="broadcast-red"><b>The battle crashed</b><br />You can keep playing but it might crash again.</div>
|html|<div class="broadcast-red"><b>The battle crashed</b><br />You can keep playing but it might crash again.</div>
|html|<div class="broadcast-red"><b>The battle crashed</b><br />You can keep playing but it might crash again.</div>
|html|<div class="broadcast-red"><b>The battle crashed</b><br />You can keep playing but it might crash again.</div>
|html|<div class="broadcast-red"><b>The battle crashed</b><br />You can keep playing but it might crash again.</div>
|html|<div class="broadcast-red"><b>The battle crashed</b><br />You can keep playing but it might crash again.</div>
|html|<div class="broadcast-red"><b>The battle crashed</b><br />You can keep playing but it might crash again.</div>
|html|<div class="broadcast-red"><b>The battle crashed</b><br />You can keep playing but it might crash again.</div>
|html|<div class="broadcast-red"><b>The battle crashed</b><br />You can keep playing but it might crash again.</div>
|html|<div class="broadcast-red"><b>The battle crashed</b><br />You can keep playing but it might crash again.</div>
|html|<div class="broadcast-red"><b>The battle crashed</b><br />You can keep playing but it might crash again.</div>
|html|<div class="broadcast-red"><b>The battle crashed</b><br />You can keep playing but it might crash again.</div>
|html|<div class="broadcast-red"><b>The battle crashed</b><br />You can keep playing but it might crash again.</div>
|html|<div class="broadcast-red"><b>The battle crashed</b><br />You can keep playing but it might crash again.</div>
|html|<div class="broadcast-red"><b>The battle crashed</b><br />You can keep playing but it might crash again.</div>
|html|<div class="broadcast-red"><b>The battle crashed</b><br />You can keep playing but it might crash again.</div>
|html|<div class="broadcast-red"><b>The battle crashed</b><br />You can keep playing but it might crash again.</div>
|html|<div class="broadcast-red"><b>The battle crashed</b><br />You can keep playing but it might crash again.</div>
|html|<div class="broadcast-red"><b>The battle crashed</b><br />You can keep playing but it might crash again.</div>
|html|<div class="broadcast-red"><b>The battle crashed</b><br />You can keep playing but it might crash again.</div>
|html|<div class="broadcast-red"><b>The battle crashed</b><br />You can keep playing but it might crash again.</div>
|html|<div class="broadcast-red"><b>The battle crashed</b><br />You can keep playing but it might crash again.</div>
|html|<div class="broadcast-red"><b>The battle crashed</b><br />You can keep playing but it might crash again.</div>
|html|<div class="broadcast-red"><b>The battle crashed</b><br />You can keep playing but it might crash again.</div>
|html|<div class="broadcast-red"><b>The battle crashed</b><br />You can keep playing but it might crash again.</div>
|html|<div class="broadcast-red"><b>The battle crashed</b><br />You can keep playing but it might crash again.</div>
|html|<div class="broadcast-red"><b>The battle crashed</b><br />You can keep playing but it might crash again.</div>
|html|<div class="broadcast-red"><b>The battle crashed</b><br />You can keep playing but it might crash again.</div>
|html|<div class="broadcast-red"><b>The battle crashed</b><br />You can keep playing but it might crash again.</div>
|html|<div class="broadcast-red"><b>The battle crashed</b><br />You can keep playing but it might crash again.</div>
|html|<div class="broadcast-red"><b>The battle crashed</b><br />You can keep playing but it might crash again.</div>
|html|<div class="broadcast-red"><b>The battle crashed</b><br />You can keep playing but it might crash again.</div>
|html|<div class="broadcast-red"><b>The battle crashed</b><br />You can keep playing but it might crash again.</div>
|html|<div class="broadcast-red"><b>The battle crashed</b><br />You can keep playing but it might crash again.</div>
|html|<div class="broadcast-red"><b>The battle crashed</b><br />You can keep playing but it might crash again.</div>
|html|<div class="broadcast-red"><b>The battle crashed</b><br />You can keep playing but it might crash again.</div>
|html|<div class="broadcast-red"><b>The battle crashed</b><br />You can keep playing but it might crash again.</div>
|html|<div class="broadcast-red"><b>The battle crashed</b><br />You can keep playing but it might crash again.</div>
|html|<div class="broadcast-red"><b>The battle crashed</b><br />You can keep playing but it might crash again.</div>
|html|<div class="broadcast-red"><b>The battle crashed</b><br />You can keep playing but it might crash again.</div>
|html|<div class="broadcast-red"><b>The battle crashed</b><br />You can keep playing but it might crash again.</div>
|html|<div class="broadcast-red"><b>The battle crashed</b><br />You can keep playing but it might crash again.</div>
|html|<div class="broadcast-red"><b>The battle crashed</b><br />You can keep playing but it might crash again.</div>
|html|<div class="broadcast-red"><b>The battle crashed</b><br />You can keep playing but it might crash again.</div>
|html|<div class="broadcast-red"><b>The battle crashed</b><br />You can keep playing but it might crash again.</div>
|html|<div class="broadcast-red"><b>The battle crashed</b><br />You can keep playing but it might crash again.</div>
|html|<div class="broadcast-red"><b>The battle crashed</b><br />You can keep playing but it might crash again.</div>
|html|<div class="broadcast-red"><b>The battle crashed</b><br />You can keep playing but it might crash again.</div>
|html|<div class="broadcast-red"><b>The battle crashed</b><br />You can keep playing but it might crash again.</div>
|html|<div class="broadcast-red"><b>The battle crashed</b><br />You can keep playing but it might crash again.</div>
|html|<div class="broadcast-red"><b>The battle crashed</b><br />You can keep playing but it might crash again.</div>
|html|<div class="broadcast-red"><b>The battle crashed</b><br />You can keep playing but it might crash again.</div>
|html|<div class="broadcast-red"><b>The battle crashed</b><br />You can keep playing but it might crash again.</div>
|html|<div class="broadcast-red"><b>The battle crashed</b><br />You can keep playing but it might crash again.</div>
|html|<div class="broadcast-red"><b>The battle crashed</b><br />You can keep playing but it might crash again.</div>
|html|<div class="broadcast-red"><b>The battle crashed</b><br />You can keep playing but it might crash again.</div>
|html|<div class="broadcast-red"><b>The battle crashed</b><br />You can keep playing but it might crash again.</div>
|html|<div class="broadcast-red"><b>The battle crashed</b><br />You can keep playing but it might crash again.</div>
|html|<div class="broadcast-red"><b>The battle crashed</b><br />You can keep playing but it might crash again.</div>
|html|<div class="broadcast-red"><b>The battle crashed</b><br />You can keep playing but it might crash again.</div>

TypeError: Cannot read property 'isActive' of null
    at Tools.Battle.makeRequest (/Users/clazinasteunenberg/Downloads/Test/battle-engine.js:1943:15)
    at process.BattlePokemon.side (/Users/clazinasteunenberg/Downloads/Test/battle-engine.js:157:13)
    at process.EventEmitter.emit (events.js:98:17)
    at handleMessage (child_process.js:318:10)
    at Pipe.channel.onread (child_process.js:345:11)

ReferenceError: potd is not defined
    at Tools.exports.BattleScripts.randomTeam (/Users/clazinasteunenberg/Downloads/Test/data/scripts.js:1522:8)
    at Tools.exports.BattleScripts.getTeam (/Users/clazinasteunenberg/Downloads/Test/data/scripts.js:488:16)
    at new BattleSide (/Users/clazinasteunenberg/Downloads/Test/battle-engine.js:1096:27)
    at Tools.Battle.join (/Users/clazinasteunenberg/Downloads/Test/battle-engine.js:3333:15)
    at Tools.Battle.receive (/Users/clazinasteunenberg/Downloads/Test/battle-engine.js:3390:9)
    at process.BattlePokemon.side (/Users/clazinasteunenberg/Downloads/Test/battle-engine.js:143:12)
    at process.EventEmitter.emit (events.js:98:17)
    at handleMessage (child_process.js:318:10)
    at Pipe.channel.onread (child_process.js:345:11)

Additional information:
message = battle-randombattle-497|join|p1|Meloetta<3V|134
currentRequest = 

Log:
|html|<div class="broadcast-red"><b>The battle crashed</b><br />You can keep playing but it might crash again.</div>
|html|<div class="broadcast-red"><b>The battle crashed</b><br />You can keep playing but it might crash again.</div>
|html|<div class="broadcast-red"><b>The battle crashed</b><br />You can keep playing but it might crash again.</div>
|html|<div class="broadcast-red"><b>The battle crashed</b><br />You can keep playing but it might crash again.</div>
|html|<div class="broadcast-red"><b>The battle crashed</b><br />You can keep playing but it might crash again.</div>
|html|<div class="broadcast-red"><b>The battle crashed</b><br />You can keep playing but it might crash again.</div>
|html|<div class="broadcast-red"><b>The battle crashed</b><br />You can keep playing but it might crash again.</div>
|html|<div class="broadcast-red"><b>The battle crashed</b><br />You can keep playing but it might crash again.</div>
|html|<div class="broadcast-red"><b>The battle crashed</b><br />You can keep playing but it might crash again.</div>
|html|<div class="broadcast-red"><b>The battle crashed</b><br />You can keep playing but it might crash again.</div>
|html|<div class="broadcast-red"><b>The battle crashed</b><br />You can keep playing but it might crash again.</div>
|html|<div class="broadcast-red"><b>The battle crashed</b><br />You can keep playing but it might crash again.</div>
|html|<div class="broadcast-red"><b>The battle crashed</b><br />You can keep playing but it might crash again.</div>
|html|<div class="broadcast-red"><b>The battle crashed</b><br />You can keep playing but it might crash again.</div>
|html|<div class="broadcast-red"><b>The battle crashed</b><br />You can keep playing but it might crash again.</div>
|html|<div class="broadcast-red"><b>The battle crashed</b><br />You can keep playing but it might crash again.</div>
|html|<div class="broadcast-red"><b>The battle crashed</b><br />You can keep playing but it might crash again.</div>
|html|<div class="broadcast-red"><b>The battle crashed</b><br />You can keep playing but it might crash again.</div>
|html|<div class="broadcast-red"><b>The battle crashed</b><br />You can keep playing but it might crash again.</div>
|html|<div class="broadcast-red"><b>The battle crashed</b><br />You can keep playing but it might crash again.</div>
|html|<div class="broadcast-red"><b>The battle crashed</b><br />You can keep playing but it might crash again.</div>
|html|<div class="broadcast-red"><b>The battle crashed</b><br />You can keep playing but it might crash again.</div>
|html|<div class="broadcast-red"><b>The battle crashed</b><br />You can keep playing but it might crash again.</div>
|html|<div class="broadcast-red"><b>The battle crashed</b><br />You can keep playing but it might crash again.</div>
|html|<div class="broadcast-red"><b>The battle crashed</b><br />You can keep playing but it might crash again.</div>
|html|<div class="broadcast-red"><b>The battle crashed</b><br />You can keep playing but it might crash again.</div>
|html|<div class="broadcast-red"><b>The battle crashed</b><br />You can keep playing but it might crash again.</div>
|html|<div class="broadcast-red"><b>The battle crashed</b><br />You can keep playing but it might crash again.</div>
|html|<div class="broadcast-red"><b>The battle crashed</b><br />You can keep playing but it might crash again.</div>
|html|<div class="broadcast-red"><b>The battle crashed</b><br />You can keep playing but it might crash again.</div>
|html|<div class="broadcast-red"><b>The battle crashed</b><br />You can keep playing but it might crash again.</div>
|html|<div class="broadcast-red"><b>The battle crashed</b><br />You can keep playing but it might crash again.</div>
|html|<div class="broadcast-red"><b>The battle crashed</b><br />You can keep playing but it might crash again.</div>
|html|<div class="broadcast-red"><b>The battle crashed</b><br />You can keep playing but it might crash again.</div>
|html|<div class="broadcast-red"><b>The battle crashed</b><br />You can keep playing but it might crash again.</div>
|html|<div class="broadcast-red"><b>The battle crashed</b><br />You can keep playing but it might crash again.</div>
|html|<div class="broadcast-red"><b>The battle crashed</b><br />You can keep playing but it might crash again.</div>
|html|<div class="broadcast-red"><b>The battle crashed</b><br />You can keep playing but it might crash again.</div>
|html|<div class="broadcast-red"><b>The battle crashed</b><br />You can keep playing but it might crash again.</div>
|html|<div class="broadcast-red"><b>The battle crashed</b><br />You can keep playing but it might crash again.</div>
|html|<div class="broadcast-red"><b>The battle crashed</b><br />You can keep playing but it might crash again.</div>
|html|<div class="broadcast-red"><b>The battle crashed</b><br />You can keep playing but it might crash again.</div>
|html|<div class="broadcast-red"><b>The battle crashed</b><br />You can keep playing but it might crash again.</div>
|html|<div class="broadcast-red"><b>The battle crashed</b><br />You can keep playing but it might crash again.</div>
|html|<div class="broadcast-red"><b>The battle crashed</b><br />You can keep playing but it might crash again.</div>
|html|<div class="broadcast-red"><b>The battle crashed</b><br />You can keep playing but it might crash again.</div>
|html|<div class="broadcast-red"><b>The battle crashed</b><br />You can keep playing but it might crash again.</div>
|html|<div class="broadcast-red"><b>The battle crashed</b><br />You can keep playing but it might crash again.</div>
|html|<div class="broadcast-red"><b>The battle crashed</b><br />You can keep playing but it might crash again.</div>
|html|<div class="broadcast-red"><b>The battle crashed</b><br />You can keep playing but it might crash again.</div>
|html|<div class="broadcast-red"><b>The battle crashed</b><br />You can keep playing but it might crash again.</div>
|html|<div class="broadcast-red"><b>The battle crashed</b><br />You can keep playing but it might crash again.</div>
|html|<div class="broadcast-red"><b>The battle crashed</b><br />You can keep playing but it might crash again.</div>
|html|<div class="broadcast-red"><b>The battle crashed</b><br />You can keep playing but it might crash again.</div>
|html|<div class="broadcast-red"><b>The battle crashed</b><br />You can keep playing but it might crash again.</div>
|html|<div class="broadcast-red"><b>The battle crashed</b><br />You can keep playing but it might crash again.</div>
|html|<div class="broadcast-red"><b>The battle crashed</b><br />You can keep playing but it might crash again.</div>
|html|<div class="broadcast-red"><b>The battle crashed</b><br />You can keep playing but it might crash again.</div>
|html|<div class="broadcast-red"><b>The battle crashed</b><br />You can keep playing but it might crash again.</div>
|html|<div class="broadcast-red"><b>The battle crashed</b><br />You can keep playing but it might crash again.</div>
|html|<div class="broadcast-red"><b>The battle crashed</b><br />You can keep playing but it might crash again.</div>
|html|<div class="broadcast-red"><b>The battle crashed</b><br />You can keep playing but it might crash again.</div>
|html|<div class="broadcast-red"><b>The battle crashed</b><br />You can keep playing but it might crash again.</div>
|html|<div class="broadcast-red"><b>The battle crashed</b><br />You can keep playing but it might crash again.</div>
|html|<div class="broadcast-red"><b>The battle crashed</b><br />You can keep playing but it might crash again.</div>
|html|<div class="broadcast-red"><b>The battle crashed</b><br />You can keep playing but it might crash again.</div>
|html|<div class="broadcast-red"><b>The battle crashed</b><br />You can keep playing but it might crash again.</div>
|html|<div class="broadcast-red"><b>The battle crashed</b><br />You can keep playing but it might crash again.</div>
|html|<div class="broadcast-red"><b>The battle crashed</b><br />You can keep playing but it might crash again.</div>
|html|<div class="broadcast-red"><b>The battle crashed</b><br />You can keep playing but it might crash again.</div>
|html|<div class="broadcast-red"><b>The battle crashed</b><br />You can keep playing but it might crash again.</div>
|html|<div class="broadcast-red"><b>The battle crashed</b><br />You can keep playing but it might crash again.</div>
|html|<div class="broadcast-red"><b>The battle crashed</b><br />You can keep playing but it might crash again.</div>
|html|<div class="broadcast-red"><b>The battle crashed</b><br />You can keep playing but it might crash again.</div>
|html|<div class="broadcast-red"><b>The battle crashed</b><br />You can keep playing but it might crash again.</div>
|html|<div class="broadcast-red"><b>The battle crashed</b><br />You can keep playing but it might crash again.</div>
|html|<div class="broadcast-red"><b>The battle crashed</b><br />You can keep playing but it might crash again.</div>
|html|<div class="broadcast-red"><b>The battle crashed</b><br />You can keep playing but it might crash again.</div>
|html|<div class="broadcast-red"><b>The battle crashed</b><br />You can keep playing but it might crash again.</div>
|html|<div class="broadcast-red"><b>The battle crashed</b><br />You can keep playing but it might crash again.</div>
|html|<div class="broadcast-red"><b>The battle crashed</b><br />You can keep playing but it might crash again.</div>
|html|<div class="broadcast-red"><b>The battle crashed</b><br />You can keep playing but it might crash again.</div>
|html|<div class="broadcast-red"><b>The battle crashed</b><br />You can keep playing but it might crash again.</div>
|html|<div class="broadcast-red"><b>The battle crashed</b><br />You can keep playing but it might crash again.</div>
|html|<div class="broadcast-red"><b>The battle crashed</b><br />You can keep playing but it might crash again.</div>
|html|<div class="broadcast-red"><b>The battle crashed</b><br />You can keep playing but it might crash again.</div>
|html|<div class="broadcast-red"><b>The battle crashed</b><br />You can keep playing but it might crash again.</div>
|html|<div class="broadcast-red"><b>The battle crashed</b><br />You can keep playing but it might crash again.</div>
|html|<div class="broadcast-red"><b>The battle crashed</b><br />You can keep playing but it might crash again.</div>
|html|<div class="broadcast-red"><b>The battle crashed</b><br />You can keep playing but it might crash again.</div>
|html|<div class="broadcast-red"><b>The battle crashed</b><br />You can keep playing but it might crash again.</div>
|html|<div class="broadcast-red"><b>The battle crashed</b><br />You can keep playing but it might crash again.</div>
|html|<div class="broadcast-red"><b>The battle crashed</b><br />You can keep playing but it might crash again.</div>
|html|<div class="broadcast-red"><b>The battle crashed</b><br />You can keep playing but it might crash again.</div>
|html|<div class="broadcast-red"><b>The battle crashed</b><br />You can keep playing but it might crash again.</div>
|html|<div class="broadcast-red"><b>The battle crashed</b><br />You can keep playing but it might crash again.</div>
|html|<div class="broadcast-red"><b>The battle crashed</b><br />You can keep playing but it might crash again.</div>
|html|<div class="broadcast-red"><b>The battle crashed</b><br />You can keep playing but it might crash again.</div>
|html|<div class="broadcast-red"><b>The battle crashed</b><br />You can keep playing but it might crash again.</div>
|html|<div class="broadcast-red"><b>The battle crashed</b><br />You can keep playing but it might crash again.</div>
|html|<div class="broadcast-red"><b>The battle crashed</b><br />You can keep playing but it might crash again.</div>
|html|<div class="broadcast-red"><b>The battle crashed</b><br />You can keep playing but it might crash again.</div>
|html|<div class="broadcast-red"><b>The battle crashed</b><br />You can keep playing but it might crash again.</div>
|html|<div class="broadcast-red"><b>The battle crashed</b><br />You can keep playing but it might crash again.</div>
|html|<div class="broadcast-red"><b>The battle crashed</b><br />You can keep playing but it might crash again.</div>
|html|<div class="broadcast-red"><b>The battle crashed</b><br />You can keep playing but it might crash again.</div>
|html|<div class="broadcast-red"><b>The battle crashed</b><br />You can keep playing but it might crash again.</div>
|html|<div class="broadcast-red"><b>The battle crashed</b><br />You can keep playing but it might crash again.</div>
|html|<div class="broadcast-red"><b>The battle crashed</b><br />You can keep playing but it might crash again.</div>
|html|<div class="broadcast-red"><b>The battle crashed</b><br />You can keep playing but it might crash again.</div>
|html|<div class="broadcast-red"><b>The battle crashed</b><br />You can keep playing but it might crash again.</div>
|html|<div class="broadcast-red"><b>The battle crashed</b><br />You can keep playing but it might crash again.</div>
|html|<div class="broadcast-red"><b>The battle crashed</b><br />You can keep playing but it might crash again.</div>
|html|<div class="broadcast-red"><b>The battle crashed</b><br />You can keep playing but it might crash again.</div>
|html|<div class="broadcast-red"><b>The battle crashed</b><br />You can keep playing but it might crash again.</div>
|html|<div class="broadcast-red"><b>The battle crashed</b><br />You can keep playing but it might crash again.</div>
|html|<div class="broadcast-red"><b>The battle crashed</b><br />You can keep playing but it might crash again.</div>
|html|<div class="broadcast-red"><b>The battle crashed</b><br />You can keep playing but it might crash again.</div>
|html|<div class="broadcast-red"><b>The battle crashed</b><br />You can keep playing but it might crash again.</div>
|html|<div class="broadcast-red"><b>The battle crashed</b><br />You can keep playing but it might crash again.</div>
|html|<div class="broadcast-red"><b>The battle crashed</b><br />You can keep playing but it might crash again.</div>

TypeError: Cannot read property 'isActive' of null
    at Tools.Battle.makeRequest (/Users/clazinasteunenberg/Downloads/Test/battle-engine.js:1943:15)
    at process.BattlePokemon.side (/Users/clazinasteunenberg/Downloads/Test/battle-engine.js:157:13)
    at process.EventEmitter.emit (events.js:98:17)
    at handleMessage (child_process.js:318:10)
    at Pipe.channel.onread (child_process.js:345:11)

ReferenceError: potd is not defined
    at Tools.exports.BattleScripts.randomTeam (/Users/clazinasteunenberg/Downloads/Test/data/scripts.js:1522:8)
    at Tools.exports.BattleScripts.getTeam (/Users/clazinasteunenberg/Downloads/Test/data/scripts.js:488:16)
    at new BattleSide (/Users/clazinasteunenberg/Downloads/Test/battle-engine.js:1096:27)
    at Tools.Battle.join (/Users/clazinasteunenberg/Downloads/Test/battle-engine.js:3333:15)
    at Tools.Battle.receive (/Users/clazinasteunenberg/Downloads/Test/battle-engine.js:3390:9)
    at process.BattlePokemon.side (/Users/clazinasteunenberg/Downloads/Test/battle-engine.js:143:12)
    at process.EventEmitter.emit (events.js:98:17)
    at handleMessage (child_process.js:318:10)
    at Pipe.channel.onread (child_process.js:345:11)

Additional information:
message = battle-randombattle-497|join|p1|Meloetta<3V|134
currentRequest = 

Log:
|html|<div class="broadcast-red"><b>The battle crashed</b><br />You can keep playing but it might crash again.</div>
|html|<div class="broadcast-red"><b>The battle crashed</b><br />You can keep playing but it might crash again.</div>
|html|<div class="broadcast-red"><b>The battle crashed</b><br />You can keep playing but it might crash again.</div>
|html|<div class="broadcast-red"><b>The battle crashed</b><br />You can keep playing but it might crash again.</div>
|html|<div class="broadcast-red"><b>The battle crashed</b><br />You can keep playing but it might crash again.</div>
|html|<div class="broadcast-red"><b>The battle crashed</b><br />You can keep playing but it might crash again.</div>
|html|<div class="broadcast-red"><b>The battle crashed</b><br />You can keep playing but it might crash again.</div>
|html|<div class="broadcast-red"><b>The battle crashed</b><br />You can keep playing but it might crash again.</div>
|html|<div class="broadcast-red"><b>The battle crashed</b><br />You can keep playing but it might crash again.</div>
|html|<div class="broadcast-red"><b>The battle crashed</b><br />You can keep playing but it might crash again.</div>
|html|<div class="broadcast-red"><b>The battle crashed</b><br />You can keep playing but it might crash again.</div>
|html|<div class="broadcast-red"><b>The battle crashed</b><br />You can keep playing but it might crash again.</div>
|html|<div class="broadcast-red"><b>The battle crashed</b><br />You can keep playing but it might crash again.</div>
|html|<div class="broadcast-red"><b>The battle crashed</b><br />You can keep playing but it might crash again.</div>
|html|<div class="broadcast-red"><b>The battle crashed</b><br />You can keep playing but it might crash again.</div>
|html|<div class="broadcast-red"><b>The battle crashed</b><br />You can keep playing but it might crash again.</div>
|html|<div class="broadcast-red"><b>The battle crashed</b><br />You can keep playing but it might crash again.</div>
|html|<div class="broadcast-red"><b>The battle crashed</b><br />You can keep playing but it might crash again.</div>
|html|<div class="broadcast-red"><b>The battle crashed</b><br />You can keep playing but it might crash again.</div>
|html|<div class="broadcast-red"><b>The battle crashed</b><br />You can keep playing but it might crash again.</div>
|html|<div class="broadcast-red"><b>The battle crashed</b><br />You can keep playing but it might crash again.</div>
|html|<div class="broadcast-red"><b>The battle crashed</b><br />You can keep playing but it might crash again.</div>
|html|<div class="broadcast-red"><b>The battle crashed</b><br />You can keep playing but it might crash again.</div>
|html|<div class="broadcast-red"><b>The battle crashed</b><br />You can keep playing but it might crash again.</div>
|html|<div class="broadcast-red"><b>The battle crashed</b><br />You can keep playing but it might crash again.</div>
|html|<div class="broadcast-red"><b>The battle crashed</b><br />You can keep playing but it might crash again.</div>
|html|<div class="broadcast-red"><b>The battle crashed</b><br />You can keep playing but it might crash again.</div>
|html|<div class="broadcast-red"><b>The battle crashed</b><br />You can keep playing but it might crash again.</div>
|html|<div class="broadcast-red"><b>The battle crashed</b><br />You can keep playing but it might crash again.</div>
|html|<div class="broadcast-red"><b>The battle crashed</b><br />You can keep playing but it might crash again.</div>
|html|<div class="broadcast-red"><b>The battle crashed</b><br />You can keep playing but it might crash again.</div>
|html|<div class="broadcast-red"><b>The battle crashed</b><br />You can keep playing but it might crash again.</div>
|html|<div class="broadcast-red"><b>The battle crashed</b><br />You can keep playing but it might crash again.</div>
|html|<div class="broadcast-red"><b>The battle crashed</b><br />You can keep playing but it might crash again.</div>
|html|<div class="broadcast-red"><b>The battle crashed</b><br />You can keep playing but it might crash again.</div>
|html|<div class="broadcast-red"><b>The battle crashed</b><br />You can keep playing but it might crash again.</div>
|html|<div class="broadcast-red"><b>The battle crashed</b><br />You can keep playing but it might crash again.</div>
|html|<div class="broadcast-red"><b>The battle crashed</b><br />You can keep playing but it might crash again.</div>
|html|<div class="broadcast-red"><b>The battle crashed</b><br />You can keep playing but it might crash again.</div>
|html|<div class="broadcast-red"><b>The battle crashed</b><br />You can keep playing but it might crash again.</div>
|html|<div class="broadcast-red"><b>The battle crashed</b><br />You can keep playing but it might crash again.</div>
|html|<div class="broadcast-red"><b>The battle crashed</b><br />You can keep playing but it might crash again.</div>
|html|<div class="broadcast-red"><b>The battle crashed</b><br />You can keep playing but it might crash again.</div>
|html|<div class="broadcast-red"><b>The battle crashed</b><br />You can keep playing but it might crash again.</div>
|html|<div class="broadcast-red"><b>The battle crashed</b><br />You can keep playing but it might crash again.</div>
|html|<div class="broadcast-red"><b>The battle crashed</b><br />You can keep playing but it might crash again.</div>
|html|<div class="broadcast-red"><b>The battle crashed</b><br />You can keep playing but it might crash again.</div>
|html|<div class="broadcast-red"><b>The battle crashed</b><br />You can keep playing but it might crash again.</div>
|html|<div class="broadcast-red"><b>The battle crashed</b><br />You can keep playing but it might crash again.</div>
|html|<div class="broadcast-red"><b>The battle crashed</b><br />You can keep playing but it might crash again.</div>
|html|<div class="broadcast-red"><b>The battle crashed</b><br />You can keep playing but it might crash again.</div>
|html|<div class="broadcast-red"><b>The battle crashed</b><br />You can keep playing but it might crash again.</div>
|html|<div class="broadcast-red"><b>The battle crashed</b><br />You can keep playing but it might crash again.</div>
|html|<div class="broadcast-red"><b>The battle crashed</b><br />You can keep playing but it might crash again.</div>
|html|<div class="broadcast-red"><b>The battle crashed</b><br />You can keep playing but it might crash again.</div>
|html|<div class="broadcast-red"><b>The battle crashed</b><br />You can keep playing but it might crash again.</div>
|html|<div class="broadcast-red"><b>The battle crashed</b><br />You can keep playing but it might crash again.</div>
|html|<div class="broadcast-red"><b>The battle crashed</b><br />You can keep playing but it might crash again.</div>
|html|<div class="broadcast-red"><b>The battle crashed</b><br />You can keep playing but it might crash again.</div>
|html|<div class="broadcast-red"><b>The battle crashed</b><br />You can keep playing but it might crash again.</div>
|html|<div class="broadcast-red"><b>The battle crashed</b><br />You can keep playing but it might crash again.</div>
|html|<div class="broadcast-red"><b>The battle crashed</b><br />You can keep playing but it might crash again.</div>
|html|<div class="broadcast-red"><b>The battle crashed</b><br />You can keep playing but it might crash again.</div>
|html|<div class="broadcast-red"><b>The battle crashed</b><br />You can keep playing but it might crash again.</div>
|html|<div class="broadcast-red"><b>The battle crashed</b><br />You can keep playing but it might crash again.</div>
|html|<div class="broadcast-red"><b>The battle crashed</b><br />You can keep playing but it might crash again.</div>
|html|<div class="broadcast-red"><b>The battle crashed</b><br />You can keep playing but it might crash again.</div>
|html|<div class="broadcast-red"><b>The battle crashed</b><br />You can keep playing but it might crash again.</div>
|html|<div class="broadcast-red"><b>The battle crashed</b><br />You can keep playing but it might crash again.</div>
|html|<div class="broadcast-red"><b>The battle crashed</b><br />You can keep playing but it might crash again.</div>
|html|<div class="broadcast-red"><b>The battle crashed</b><br />You can keep playing but it might crash again.</div>
|html|<div class="broadcast-red"><b>The battle crashed</b><br />You can keep playing but it might crash again.</div>
|html|<div class="broadcast-red"><b>The battle crashed</b><br />You can keep playing but it might crash again.</div>
|html|<div class="broadcast-red"><b>The battle crashed</b><br />You can keep playing but it might crash again.</div>
|html|<div class="broadcast-red"><b>The battle crashed</b><br />You can keep playing but it might crash again.</div>
|html|<div class="broadcast-red"><b>The battle crashed</b><br />You can keep playing but it might crash again.</div>
|html|<div class="broadcast-red"><b>The battle crashed</b><br />You can keep playing but it might crash again.</div>
|html|<div class="broadcast-red"><b>The battle crashed</b><br />You can keep playing but it might crash again.</div>
|html|<div class="broadcast-red"><b>The battle crashed</b><br />You can keep playing but it might crash again.</div>
|html|<div class="broadcast-red"><b>The battle crashed</b><br />You can keep playing but it might crash again.</div>
|html|<div class="broadcast-red"><b>The battle crashed</b><br />You can keep playing but it might crash again.</div>
|html|<div class="broadcast-red"><b>The battle crashed</b><br />You can keep playing but it might crash again.</div>
|html|<div class="broadcast-red"><b>The battle crashed</b><br />You can keep playing but it might crash again.</div>
|html|<div class="broadcast-red"><b>The battle crashed</b><br />You can keep playing but it might crash again.</div>
|html|<div class="broadcast-red"><b>The battle crashed</b><br />You can keep playing but it might crash again.</div>
|html|<div class="broadcast-red"><b>The battle crashed</b><br />You can keep playing but it might crash again.</div>
|html|<div class="broadcast-red"><b>The battle crashed</b><br />You can keep playing but it might crash again.</div>
|html|<div class="broadcast-red"><b>The battle crashed</b><br />You can keep playing but it might crash again.</div>
|html|<div class="broadcast-red"><b>The battle crashed</b><br />You can keep playing but it might crash again.</div>
|html|<div class="broadcast-red"><b>The battle crashed</b><br />You can keep playing but it might crash again.</div>
|html|<div class="broadcast-red"><b>The battle crashed</b><br />You can keep playing but it might crash again.</div>
|html|<div class="broadcast-red"><b>The battle crashed</b><br />You can keep playing but it might crash again.</div>
|html|<div class="broadcast-red"><b>The battle crashed</b><br />You can keep playing but it might crash again.</div>
|html|<div class="broadcast-red"><b>The battle crashed</b><br />You can keep playing but it might crash again.</div>
|html|<div class="broadcast-red"><b>The battle crashed</b><br />You can keep playing but it might crash again.</div>
|html|<div class="broadcast-red"><b>The battle crashed</b><br />You can keep playing but it might crash again.</div>
|html|<div class="broadcast-red"><b>The battle crashed</b><br />You can keep playing but it might crash again.</div>
|html|<div class="broadcast-red"><b>The battle crashed</b><br />You can keep playing but it might crash again.</div>
|html|<div class="broadcast-red"><b>The battle crashed</b><br />You can keep playing but it might crash again.</div>
|html|<div class="broadcast-red"><b>The battle crashed</b><br />You can keep playing but it might crash again.</div>
|html|<div class="broadcast-red"><b>The battle crashed</b><br />You can keep playing but it might crash again.</div>
|html|<div class="broadcast-red"><b>The battle crashed</b><br />You can keep playing but it might crash again.</div>
|html|<div class="broadcast-red"><b>The battle crashed</b><br />You can keep playing but it might crash again.</div>
|html|<div class="broadcast-red"><b>The battle crashed</b><br />You can keep playing but it might crash again.</div>
|html|<div class="broadcast-red"><b>The battle crashed</b><br />You can keep playing but it might crash again.</div>
|html|<div class="broadcast-red"><b>The battle crashed</b><br />You can keep playing but it might crash again.</div>
|html|<div class="broadcast-red"><b>The battle crashed</b><br />You can keep playing but it might crash again.</div>
|html|<div class="broadcast-red"><b>The battle crashed</b><br />You can keep playing but it might crash again.</div>
|html|<div class="broadcast-red"><b>The battle crashed</b><br />You can keep playing but it might crash again.</div>
|html|<div class="broadcast-red"><b>The battle crashed</b><br />You can keep playing but it might crash again.</div>
|html|<div class="broadcast-red"><b>The battle crashed</b><br />You can keep playing but it might crash again.</div>
|html|<div class="broadcast-red"><b>The battle crashed</b><br />You can keep playing but it might crash again.</div>
|html|<div class="broadcast-red"><b>The battle crashed</b><br />You can keep playing but it might crash again.</div>
|html|<div class="broadcast-red"><b>The battle crashed</b><br />You can keep playing but it might crash again.</div>
|html|<div class="broadcast-red"><b>The battle crashed</b><br />You can keep playing but it might crash again.</div>
|html|<div class="broadcast-red"><b>The battle crashed</b><br />You can keep playing but it might crash again.</div>
|html|<div class="broadcast-red"><b>The battle crashed</b><br />You can keep playing but it might crash again.</div>
|html|<div class="broadcast-red"><b>The battle crashed</b><br />You can keep playing but it might crash again.</div>
|html|<div class="broadcast-red"><b>The battle crashed</b><br />You can keep playing but it might crash again.</div>
|html|<div class="broadcast-red"><b>The battle crashed</b><br />You can keep playing but it might crash again.</div>
|html|<div class="broadcast-red"><b>The battle crashed</b><br />You can keep playing but it might crash again.</div>
|html|<div class="broadcast-red"><b>The battle crashed</b><br />You can keep playing but it might crash again.</div>

TypeError: Cannot read property 'isActive' of null
    at Tools.Battle.makeRequest (/Users/clazinasteunenberg/Downloads/Test/battle-engine.js:1943:15)
    at process.BattlePokemon.side (/Users/clazinasteunenberg/Downloads/Test/battle-engine.js:157:13)
    at process.EventEmitter.emit (events.js:98:17)
    at handleMessage (child_process.js:318:10)
    at Pipe.channel.onread (child_process.js:345:11)

ReferenceError: potd is not defined
    at Tools.exports.BattleScripts.randomTeam (/Users/clazinasteunenberg/Downloads/Test/data/scripts.js:1522:8)
    at Tools.exports.BattleScripts.getTeam (/Users/clazinasteunenberg/Downloads/Test/data/scripts.js:488:16)
    at new BattleSide (/Users/clazinasteunenberg/Downloads/Test/battle-engine.js:1096:27)
    at Tools.Battle.join (/Users/clazinasteunenberg/Downloads/Test/battle-engine.js:3333:15)
    at Tools.Battle.receive (/Users/clazinasteunenberg/Downloads/Test/battle-engine.js:3390:9)
    at process.BattlePokemon.side (/Users/clazinasteunenberg/Downloads/Test/battle-engine.js:143:12)
    at process.EventEmitter.emit (events.js:98:17)
    at handleMessage (child_process.js:318:10)
    at Pipe.channel.onread (child_process.js:345:11)

Additional information:
message = battle-randombattle-497|join|p1|Meloetta<3V|134
currentRequest = 

Log:
|html|<div class="broadcast-red"><b>The battle crashed</b><br />You can keep playing but it might crash again.</div>
|html|<div class="broadcast-red"><b>The battle crashed</b><br />You can keep playing but it might crash again.</div>
|html|<div class="broadcast-red"><b>The battle crashed</b><br />You can keep playing but it might crash again.</div>
|html|<div class="broadcast-red"><b>The battle crashed</b><br />You can keep playing but it might crash again.</div>
|html|<div class="broadcast-red"><b>The battle crashed</b><br />You can keep playing but it might crash again.</div>
|html|<div class="broadcast-red"><b>The battle crashed</b><br />You can keep playing but it might crash again.</div>
|html|<div class="broadcast-red"><b>The battle crashed</b><br />You can keep playing but it might crash again.</div>
|html|<div class="broadcast-red"><b>The battle crashed</b><br />You can keep playing but it might crash again.</div>
|html|<div class="broadcast-red"><b>The battle crashed</b><br />You can keep playing but it might crash again.</div>
|html|<div class="broadcast-red"><b>The battle crashed</b><br />You can keep playing but it might crash again.</div>
|html|<div class="broadcast-red"><b>The battle crashed</b><br />You can keep playing but it might crash again.</div>
|html|<div class="broadcast-red"><b>The battle crashed</b><br />You can keep playing but it might crash again.</div>
|html|<div class="broadcast-red"><b>The battle crashed</b><br />You can keep playing but it might crash again.</div>
|html|<div class="broadcast-red"><b>The battle crashed</b><br />You can keep playing but it might crash again.</div>
|html|<div class="broadcast-red"><b>The battle crashed</b><br />You can keep playing but it might crash again.</div>
|html|<div class="broadcast-red"><b>The battle crashed</b><br />You can keep playing but it might crash again.</div>
|html|<div class="broadcast-red"><b>The battle crashed</b><br />You can keep playing but it might crash again.</div>
|html|<div class="broadcast-red"><b>The battle crashed</b><br />You can keep playing but it might crash again.</div>
|html|<div class="broadcast-red"><b>The battle crashed</b><br />You can keep playing but it might crash again.</div>
|html|<div class="broadcast-red"><b>The battle crashed</b><br />You can keep playing but it might crash again.</div>
|html|<div class="broadcast-red"><b>The battle crashed</b><br />You can keep playing but it might crash again.</div>
|html|<div class="broadcast-red"><b>The battle crashed</b><br />You can keep playing but it might crash again.</div>
|html|<div class="broadcast-red"><b>The battle crashed</b><br />You can keep playing but it might crash again.</div>
|html|<div class="broadcast-red"><b>The battle crashed</b><br />You can keep playing but it might crash again.</div>
|html|<div class="broadcast-red"><b>The battle crashed</b><br />You can keep playing but it might crash again.</div>
|html|<div class="broadcast-red"><b>The battle crashed</b><br />You can keep playing but it might crash again.</div>
|html|<div class="broadcast-red"><b>The battle crashed</b><br />You can keep playing but it might crash again.</div>
|html|<div class="broadcast-red"><b>The battle crashed</b><br />You can keep playing but it might crash again.</div>
|html|<div class="broadcast-red"><b>The battle crashed</b><br />You can keep playing but it might crash again.</div>
|html|<div class="broadcast-red"><b>The battle crashed</b><br />You can keep playing but it might crash again.</div>
|html|<div class="broadcast-red"><b>The battle crashed</b><br />You can keep playing but it might crash again.</div>
|html|<div class="broadcast-red"><b>The battle crashed</b><br />You can keep playing but it might crash again.</div>
|html|<div class="broadcast-red"><b>The battle crashed</b><br />You can keep playing but it might crash again.</div>
|html|<div class="broadcast-red"><b>The battle crashed</b><br />You can keep playing but it might crash again.</div>
|html|<div class="broadcast-red"><b>The battle crashed</b><br />You can keep playing but it might crash again.</div>
|html|<div class="broadcast-red"><b>The battle crashed</b><br />You can keep playing but it might crash again.</div>
|html|<div class="broadcast-red"><b>The battle crashed</b><br />You can keep playing but it might crash again.</div>
|html|<div class="broadcast-red"><b>The battle crashed</b><br />You can keep playing but it might crash again.</div>
|html|<div class="broadcast-red"><b>The battle crashed</b><br />You can keep playing but it might crash again.</div>
|html|<div class="broadcast-red"><b>The battle crashed</b><br />You can keep playing but it might crash again.</div>
|html|<div class="broadcast-red"><b>The battle crashed</b><br />You can keep playing but it might crash again.</div>
|html|<div class="broadcast-red"><b>The battle crashed</b><br />You can keep playing but it might crash again.</div>
|html|<div class="broadcast-red"><b>The battle crashed</b><br />You can keep playing but it might crash again.</div>
|html|<div class="broadcast-red"><b>The battle crashed</b><br />You can keep playing but it might crash again.</div>
|html|<div class="broadcast-red"><b>The battle crashed</b><br />You can keep playing but it might crash again.</div>
|html|<div class="broadcast-red"><b>The battle crashed</b><br />You can keep playing but it might crash again.</div>
|html|<div class="broadcast-red"><b>The battle crashed</b><br />You can keep playing but it might crash again.</div>
|html|<div class="broadcast-red"><b>The battle crashed</b><br />You can keep playing but it might crash again.</div>
|html|<div class="broadcast-red"><b>The battle crashed</b><br />You can keep playing but it might crash again.</div>
|html|<div class="broadcast-red"><b>The battle crashed</b><br />You can keep playing but it might crash again.</div>
|html|<div class="broadcast-red"><b>The battle crashed</b><br />You can keep playing but it might crash again.</div>
|html|<div class="broadcast-red"><b>The battle crashed</b><br />You can keep playing but it might crash again.</div>
|html|<div class="broadcast-red"><b>The battle crashed</b><br />You can keep playing but it might crash again.</div>
|html|<div class="broadcast-red"><b>The battle crashed</b><br />You can keep playing but it might crash again.</div>
|html|<div class="broadcast-red"><b>The battle crashed</b><br />You can keep playing but it might crash again.</div>
|html|<div class="broadcast-red"><b>The battle crashed</b><br />You can keep playing but it might crash again.</div>
|html|<div class="broadcast-red"><b>The battle crashed</b><br />You can keep playing but it might crash again.</div>
|html|<div class="broadcast-red"><b>The battle crashed</b><br />You can keep playing but it might crash again.</div>
|html|<div class="broadcast-red"><b>The battle crashed</b><br />You can keep playing but it might crash again.</div>
|html|<div class="broadcast-red"><b>The battle crashed</b><br />You can keep playing but it might crash again.</div>
|html|<div class="broadcast-red"><b>The battle crashed</b><br />You can keep playing but it might crash again.</div>
|html|<div class="broadcast-red"><b>The battle crashed</b><br />You can keep playing but it might crash again.</div>
|html|<div class="broadcast-red"><b>The battle crashed</b><br />You can keep playing but it might crash again.</div>
|html|<div class="broadcast-red"><b>The battle crashed</b><br />You can keep playing but it might crash again.</div>
|html|<div class="broadcast-red"><b>The battle crashed</b><br />You can keep playing but it might crash again.</div>
|html|<div class="broadcast-red"><b>The battle crashed</b><br />You can keep playing but it might crash again.</div>
|html|<div class="broadcast-red"><b>The battle crashed</b><br />You can keep playing but it might crash again.</div>
|html|<div class="broadcast-red"><b>The battle crashed</b><br />You can keep playing but it might crash again.</div>
|html|<div class="broadcast-red"><b>The battle crashed</b><br />You can keep playing but it might crash again.</div>
|html|<div class="broadcast-red"><b>The battle crashed</b><br />You can keep playing but it might crash again.</div>
|html|<div class="broadcast-red"><b>The battle crashed</b><br />You can keep playing but it might crash again.</div>
|html|<div class="broadcast-red"><b>The battle crashed</b><br />You can keep playing but it might crash again.</div>
|html|<div class="broadcast-red"><b>The battle crashed</b><br />You can keep playing but it might crash again.</div>
|html|<div class="broadcast-red"><b>The battle crashed</b><br />You can keep playing but it might crash again.</div>
|html|<div class="broadcast-red"><b>The battle crashed</b><br />You can keep playing but it might crash again.</div>
|html|<div class="broadcast-red"><b>The battle crashed</b><br />You can keep playing but it might crash again.</div>
|html|<div class="broadcast-red"><b>The battle crashed</b><br />You can keep playing but it might crash again.</div>
|html|<div class="broadcast-red"><b>The battle crashed</b><br />You can keep playing but it might crash again.</div>
|html|<div class="broadcast-red"><b>The battle crashed</b><br />You can keep playing but it might crash again.</div>
|html|<div class="broadcast-red"><b>The battle crashed</b><br />You can keep playing but it might crash again.</div>
|html|<div class="broadcast-red"><b>The battle crashed</b><br />You can keep playing but it might crash again.</div>
|html|<div class="broadcast-red"><b>The battle crashed</b><br />You can keep playing but it might crash again.</div>
|html|<div class="broadcast-red"><b>The battle crashed</b><br />You can keep playing but it might crash again.</div>
|html|<div class="broadcast-red"><b>The battle crashed</b><br />You can keep playing but it might crash again.</div>
|html|<div class="broadcast-red"><b>The battle crashed</b><br />You can keep playing but it might crash again.</div>
|html|<div class="broadcast-red"><b>The battle crashed</b><br />You can keep playing but it might crash again.</div>
|html|<div class="broadcast-red"><b>The battle crashed</b><br />You can keep playing but it might crash again.</div>
|html|<div class="broadcast-red"><b>The battle crashed</b><br />You can keep playing but it might crash again.</div>
|html|<div class="broadcast-red"><b>The battle crashed</b><br />You can keep playing but it might crash again.</div>
|html|<div class="broadcast-red"><b>The battle crashed</b><br />You can keep playing but it might crash again.</div>
|html|<div class="broadcast-red"><b>The battle crashed</b><br />You can keep playing but it might crash again.</div>
|html|<div class="broadcast-red"><b>The battle crashed</b><br />You can keep playing but it might crash again.</div>
|html|<div class="broadcast-red"><b>The battle crashed</b><br />You can keep playing but it might crash again.</div>
|html|<div class="broadcast-red"><b>The battle crashed</b><br />You can keep playing but it might crash again.</div>
|html|<div class="broadcast-red"><b>The battle crashed</b><br />You can keep playing but it might crash again.</div>
|html|<div class="broadcast-red"><b>The battle crashed</b><br />You can keep playing but it might crash again.</div>
|html|<div class="broadcast-red"><b>The battle crashed</b><br />You can keep playing but it might crash again.</div>
|html|<div class="broadcast-red"><b>The battle crashed</b><br />You can keep playing but it might crash again.</div>
|html|<div class="broadcast-red"><b>The battle crashed</b><br />You can keep playing but it might crash again.</div>
|html|<div class="broadcast-red"><b>The battle crashed</b><br />You can keep playing but it might crash again.</div>
|html|<div class="broadcast-red"><b>The battle crashed</b><br />You can keep playing but it might crash again.</div>
|html|<div class="broadcast-red"><b>The battle crashed</b><br />You can keep playing but it might crash again.</div>
|html|<div class="broadcast-red"><b>The battle crashed</b><br />You can keep playing but it might crash again.</div>
|html|<div class="broadcast-red"><b>The battle crashed</b><br />You can keep playing but it might crash again.</div>
|html|<div class="broadcast-red"><b>The battle crashed</b><br />You can keep playing but it might crash again.</div>
|html|<div class="broadcast-red"><b>The battle crashed</b><br />You can keep playing but it might crash again.</div>
|html|<div class="broadcast-red"><b>The battle crashed</b><br />You can keep playing but it might crash again.</div>
|html|<div class="broadcast-red"><b>The battle crashed</b><br />You can keep playing but it might crash again.</div>
|html|<div class="broadcast-red"><b>The battle crashed</b><br />You can keep playing but it might crash again.</div>
|html|<div class="broadcast-red"><b>The battle crashed</b><br />You can keep playing but it might crash again.</div>
|html|<div class="broadcast-red"><b>The battle crashed</b><br />You can keep playing but it might crash again.</div>
|html|<div class="broadcast-red"><b>The battle crashed</b><br />You can keep playing but it might crash again.</div>
|html|<div class="broadcast-red"><b>The battle crashed</b><br />You can keep playing but it might crash again.</div>
|html|<div class="broadcast-red"><b>The battle crashed</b><br />You can keep playing but it might crash again.</div>
|html|<div class="broadcast-red"><b>The battle crashed</b><br />You can keep playing but it might crash again.</div>
|html|<div class="broadcast-red"><b>The battle crashed</b><br />You can keep playing but it might crash again.</div>
|html|<div class="broadcast-red"><b>The battle crashed</b><br />You can keep playing but it might crash again.</div>
|html|<div class="broadcast-red"><b>The battle crashed</b><br />You can keep playing but it might crash again.</div>
|html|<div class="broadcast-red"><b>The battle crashed</b><br />You can keep playing but it might crash again.</div>
|html|<div class="broadcast-red"><b>The battle crashed</b><br />You can keep playing but it might crash again.</div>
|html|<div class="broadcast-red"><b>The battle crashed</b><br />You can keep playing but it might crash again.</div>
|html|<div class="broadcast-red"><b>The battle crashed</b><br />You can keep playing but it might crash again.</div>
|html|<div class="broadcast-red"><b>The battle crashed</b><br />You can keep playing but it might crash again.</div>

TypeError: Cannot read property 'isActive' of null
    at Tools.Battle.makeRequest (/Users/clazinasteunenberg/Downloads/Test/battle-engine.js:1943:15)
    at process.BattlePokemon.side (/Users/clazinasteunenberg/Downloads/Test/battle-engine.js:157:13)
    at process.EventEmitter.emit (events.js:98:17)
    at handleMessage (child_process.js:318:10)
    at Pipe.channel.onread (child_process.js:345:11)

ReferenceError: potd is not defined
    at Tools.exports.BattleScripts.randomTeam (/Users/clazinasteunenberg/Downloads/Test/data/scripts.js:1522:8)
    at Tools.exports.BattleScripts.getTeam (/Users/clazinasteunenberg/Downloads/Test/data/scripts.js:488:16)
    at new BattleSide (/Users/clazinasteunenberg/Downloads/Test/battle-engine.js:1096:27)
    at Tools.Battle.join (/Users/clazinasteunenberg/Downloads/Test/battle-engine.js:3333:15)
    at Tools.Battle.receive (/Users/clazinasteunenberg/Downloads/Test/battle-engine.js:3390:9)
    at process.BattlePokemon.side (/Users/clazinasteunenberg/Downloads/Test/battle-engine.js:143:12)
    at process.EventEmitter.emit (events.js:98:17)
    at handleMessage (child_process.js:318:10)
    at Pipe.channel.onread (child_process.js:345:11)

Additional information:
message = battle-randombattle-497|join|p1|Meloetta<3V|134
currentRequest = 

Log:
|html|<div class="broadcast-red"><b>The battle crashed</b><br />You can keep playing but it might crash again.</div>
|html|<div class="broadcast-red"><b>The battle crashed</b><br />You can keep playing but it might crash again.</div>
|html|<div class="broadcast-red"><b>The battle crashed</b><br />You can keep playing but it might crash again.</div>
|html|<div class="broadcast-red"><b>The battle crashed</b><br />You can keep playing but it might crash again.</div>
|html|<div class="broadcast-red"><b>The battle crashed</b><br />You can keep playing but it might crash again.</div>
|html|<div class="broadcast-red"><b>The battle crashed</b><br />You can keep playing but it might crash again.</div>
|html|<div class="broadcast-red"><b>The battle crashed</b><br />You can keep playing but it might crash again.</div>
|html|<div class="broadcast-red"><b>The battle crashed</b><br />You can keep playing but it might crash again.</div>
|html|<div class="broadcast-red"><b>The battle crashed</b><br />You can keep playing but it might crash again.</div>
|html|<div class="broadcast-red"><b>The battle crashed</b><br />You can keep playing but it might crash again.</div>
|html|<div class="broadcast-red"><b>The battle crashed</b><br />You can keep playing but it might crash again.</div>
|html|<div class="broadcast-red"><b>The battle crashed</b><br />You can keep playing but it might crash again.</div>
|html|<div class="broadcast-red"><b>The battle crashed</b><br />You can keep playing but it might crash again.</div>
|html|<div class="broadcast-red"><b>The battle crashed</b><br />You can keep playing but it might crash again.</div>
|html|<div class="broadcast-red"><b>The battle crashed</b><br />You can keep playing but it might crash again.</div>
|html|<div class="broadcast-red"><b>The battle crashed</b><br />You can keep playing but it might crash again.</div>
|html|<div class="broadcast-red"><b>The battle crashed</b><br />You can keep playing but it might crash again.</div>
|html|<div class="broadcast-red"><b>The battle crashed</b><br />You can keep playing but it might crash again.</div>
|html|<div class="broadcast-red"><b>The battle crashed</b><br />You can keep playing but it might crash again.</div>
|html|<div class="broadcast-red"><b>The battle crashed</b><br />You can keep playing but it might crash again.</div>
|html|<div class="broadcast-red"><b>The battle crashed</b><br />You can keep playing but it might crash again.</div>
|html|<div class="broadcast-red"><b>The battle crashed</b><br />You can keep playing but it might crash again.</div>
|html|<div class="broadcast-red"><b>The battle crashed</b><br />You can keep playing but it might crash again.</div>
|html|<div class="broadcast-red"><b>The battle crashed</b><br />You can keep playing but it might crash again.</div>
|html|<div class="broadcast-red"><b>The battle crashed</b><br />You can keep playing but it might crash again.</div>
|html|<div class="broadcast-red"><b>The battle crashed</b><br />You can keep playing but it might crash again.</div>
|html|<div class="broadcast-red"><b>The battle crashed</b><br />You can keep playing but it might crash again.</div>
|html|<div class="broadcast-red"><b>The battle crashed</b><br />You can keep playing but it might crash again.</div>
|html|<div class="broadcast-red"><b>The battle crashed</b><br />You can keep playing but it might crash again.</div>
|html|<div class="broadcast-red"><b>The battle crashed</b><br />You can keep playing but it might crash again.</div>
|html|<div class="broadcast-red"><b>The battle crashed</b><br />You can keep playing but it might crash again.</div>
|html|<div class="broadcast-red"><b>The battle crashed</b><br />You can keep playing but it might crash again.</div>
|html|<div class="broadcast-red"><b>The battle crashed</b><br />You can keep playing but it might crash again.</div>
|html|<div class="broadcast-red"><b>The battle crashed</b><br />You can keep playing but it might crash again.</div>
|html|<div class="broadcast-red"><b>The battle crashed</b><br />You can keep playing but it might crash again.</div>
|html|<div class="broadcast-red"><b>The battle crashed</b><br />You can keep playing but it might crash again.</div>
|html|<div class="broadcast-red"><b>The battle crashed</b><br />You can keep playing but it might crash again.</div>
|html|<div class="broadcast-red"><b>The battle crashed</b><br />You can keep playing but it might crash again.</div>
|html|<div class="broadcast-red"><b>The battle crashed</b><br />You can keep playing but it might crash again.</div>
|html|<div class="broadcast-red"><b>The battle crashed</b><br />You can keep playing but it might crash again.</div>
|html|<div class="broadcast-red"><b>The battle crashed</b><br />You can keep playing but it might crash again.</div>
|html|<div class="broadcast-red"><b>The battle crashed</b><br />You can keep playing but it might crash again.</div>
|html|<div class="broadcast-red"><b>The battle crashed</b><br />You can keep playing but it might crash again.</div>
|html|<div class="broadcast-red"><b>The battle crashed</b><br />You can keep playing but it might crash again.</div>
|html|<div class="broadcast-red"><b>The battle crashed</b><br />You can keep playing but it might crash again.</div>
|html|<div class="broadcast-red"><b>The battle crashed</b><br />You can keep playing but it might crash again.</div>
|html|<div class="broadcast-red"><b>The battle crashed</b><br />You can keep playing but it might crash again.</div>
|html|<div class="broadcast-red"><b>The battle crashed</b><br />You can keep playing but it might crash again.</div>
|html|<div class="broadcast-red"><b>The battle crashed</b><br />You can keep playing but it might crash again.</div>
|html|<div class="broadcast-red"><b>The battle crashed</b><br />You can keep playing but it might crash again.</div>
|html|<div class="broadcast-red"><b>The battle crashed</b><br />You can keep playing but it might crash again.</div>
|html|<div class="broadcast-red"><b>The battle crashed</b><br />You can keep playing but it might crash again.</div>
|html|<div class="broadcast-red"><b>The battle crashed</b><br />You can keep playing but it might crash again.</div>
|html|<div class="broadcast-red"><b>The battle crashed</b><br />You can keep playing but it might crash again.</div>
|html|<div class="broadcast-red"><b>The battle crashed</b><br />You can keep playing but it might crash again.</div>
|html|<div class="broadcast-red"><b>The battle crashed</b><br />You can keep playing but it might crash again.</div>
|html|<div class="broadcast-red"><b>The battle crashed</b><br />You can keep playing but it might crash again.</div>
|html|<div class="broadcast-red"><b>The battle crashed</b><br />You can keep playing but it might crash again.</div>
|html|<div class="broadcast-red"><b>The battle crashed</b><br />You can keep playing but it might crash again.</div>
|html|<div class="broadcast-red"><b>The battle crashed</b><br />You can keep playing but it might crash again.</div>
|html|<div class="broadcast-red"><b>The battle crashed</b><br />You can keep playing but it might crash again.</div>
|html|<div class="broadcast-red"><b>The battle crashed</b><br />You can keep playing but it might crash again.</div>
|html|<div class="broadcast-red"><b>The battle crashed</b><br />You can keep playing but it might crash again.</div>
|html|<div class="broadcast-red"><b>The battle crashed</b><br />You can keep playing but it might crash again.</div>
|html|<div class="broadcast-red"><b>The battle crashed</b><br />You can keep playing but it might crash again.</div>
|html|<div class="broadcast-red"><b>The battle crashed</b><br />You can keep playing but it might crash again.</div>
|html|<div class="broadcast-red"><b>The battle crashed</b><br />You can keep playing but it might crash again.</div>
|html|<div class="broadcast-red"><b>The battle crashed</b><br />You can keep playing but it might crash again.</div>
|html|<div class="broadcast-red"><b>The battle crashed</b><br />You can keep playing but it might crash again.</div>
|html|<div class="broadcast-red"><b>The battle crashed</b><br />You can keep playing but it might crash again.</div>
|html|<div class="broadcast-red"><b>The battle crashed</b><br />You can keep playing but it might crash again.</div>
|html|<div class="broadcast-red"><b>The battle crashed</b><br />You can keep playing but it might crash again.</div>
|html|<div class="broadcast-red"><b>The battle crashed</b><br />You can keep playing but it might crash again.</div>
|html|<div class="broadcast-red"><b>The battle crashed</b><br />You can keep playing but it might crash again.</div>
|html|<div class="broadcast-red"><b>The battle crashed</b><br />You can keep playing but it might crash again.</div>
|html|<div class="broadcast-red"><b>The battle crashed</b><br />You can keep playing but it might crash again.</div>
|html|<div class="broadcast-red"><b>The battle crashed</b><br />You can keep playing but it might crash again.</div>
|html|<div class="broadcast-red"><b>The battle crashed</b><br />You can keep playing but it might crash again.</div>
|html|<div class="broadcast-red"><b>The battle crashed</b><br />You can keep playing but it might crash again.</div>
|html|<div class="broadcast-red"><b>The battle crashed</b><br />You can keep playing but it might crash again.</div>
|html|<div class="broadcast-red"><b>The battle crashed</b><br />You can keep playing but it might crash again.</div>
|html|<div class="broadcast-red"><b>The battle crashed</b><br />You can keep playing but it might crash again.</div>
|html|<div class="broadcast-red"><b>The battle crashed</b><br />You can keep playing but it might crash again.</div>
|html|<div class="broadcast-red"><b>The battle crashed</b><br />You can keep playing but it might crash again.</div>
|html|<div class="broadcast-red"><b>The battle crashed</b><br />You can keep playing but it might crash again.</div>
|html|<div class="broadcast-red"><b>The battle crashed</b><br />You can keep playing but it might crash again.</div>
|html|<div class="broadcast-red"><b>The battle crashed</b><br />You can keep playing but it might crash again.</div>
|html|<div class="broadcast-red"><b>The battle crashed</b><br />You can keep playing but it might crash again.</div>
|html|<div class="broadcast-red"><b>The battle crashed</b><br />You can keep playing but it might crash again.</div>
|html|<div class="broadcast-red"><b>The battle crashed</b><br />You can keep playing but it might crash again.</div>
|html|<div class="broadcast-red"><b>The battle crashed</b><br />You can keep playing but it might crash again.</div>
|html|<div class="broadcast-red"><b>The battle crashed</b><br />You can keep playing but it might crash again.</div>
|html|<div class="broadcast-red"><b>The battle crashed</b><br />You can keep playing but it might crash again.</div>
|html|<div class="broadcast-red"><b>The battle crashed</b><br />You can keep playing but it might crash again.</div>
|html|<div class="broadcast-red"><b>The battle crashed</b><br />You can keep playing but it might crash again.</div>
|html|<div class="broadcast-red"><b>The battle crashed</b><br />You can keep playing but it might crash again.</div>
|html|<div class="broadcast-red"><b>The battle crashed</b><br />You can keep playing but it might crash again.</div>
|html|<div class="broadcast-red"><b>The battle crashed</b><br />You can keep playing but it might crash again.</div>
|html|<div class="broadcast-red"><b>The battle crashed</b><br />You can keep playing but it might crash again.</div>
|html|<div class="broadcast-red"><b>The battle crashed</b><br />You can keep playing but it might crash again.</div>
|html|<div class="broadcast-red"><b>The battle crashed</b><br />You can keep playing but it might crash again.</div>
|html|<div class="broadcast-red"><b>The battle crashed</b><br />You can keep playing but it might crash again.</div>
|html|<div class="broadcast-red"><b>The battle crashed</b><br />You can keep playing but it might crash again.</div>
|html|<div class="broadcast-red"><b>The battle crashed</b><br />You can keep playing but it might crash again.</div>
|html|<div class="broadcast-red"><b>The battle crashed</b><br />You can keep playing but it might crash again.</div>
|html|<div class="broadcast-red"><b>The battle crashed</b><br />You can keep playing but it might crash again.</div>
|html|<div class="broadcast-red"><b>The battle crashed</b><br />You can keep playing but it might crash again.</div>
|html|<div class="broadcast-red"><b>The battle crashed</b><br />You can keep playing but it might crash again.</div>
|html|<div class="broadcast-red"><b>The battle crashed</b><br />You can keep playing but it might crash again.</div>
|html|<div class="broadcast-red"><b>The battle crashed</b><br />You can keep playing but it might crash again.</div>
|html|<div class="broadcast-red"><b>The battle crashed</b><br />You can keep playing but it might crash again.</div>
|html|<div class="broadcast-red"><b>The battle crashed</b><br />You can keep playing but it might crash again.</div>
|html|<div class="broadcast-red"><b>The battle crashed</b><br />You can keep playing but it might crash again.</div>
|html|<div class="broadcast-red"><b>The battle crashed</b><br />You can keep playing but it might crash again.</div>
|html|<div class="broadcast-red"><b>The battle crashed</b><br />You can keep playing but it might crash again.</div>
|html|<div class="broadcast-red"><b>The battle crashed</b><br />You can keep playing but it might crash again.</div>
|html|<div class="broadcast-red"><b>The battle crashed</b><br />You can keep playing but it might crash again.</div>
|html|<div class="broadcast-red"><b>The battle crashed</b><br />You can keep playing but it might crash again.</div>
|html|<div class="broadcast-red"><b>The battle crashed</b><br />You can keep playing but it might crash again.</div>
|html|<div class="broadcast-red"><b>The battle crashed</b><br />You can keep playing but it might crash again.</div>
|html|<div class="broadcast-red"><b>The battle crashed</b><br />You can keep playing but it might crash again.</div>
|html|<div class="broadcast-red"><b>The battle crashed</b><br />You can keep playing but it might crash again.</div>
|html|<div class="broadcast-red"><b>The battle crashed</b><br />You can keep playing but it might crash again.</div>
|html|<div class="broadcast-red"><b>The battle crashed</b><br />You can keep playing but it might crash again.</div>

TypeError: Cannot read property 'isActive' of null
    at Tools.Battle.makeRequest (/Users/clazinasteunenberg/Downloads/Test/battle-engine.js:1943:15)
    at process.BattlePokemon.side (/Users/clazinasteunenberg/Downloads/Test/battle-engine.js:157:13)
    at process.EventEmitter.emit (events.js:98:17)
    at handleMessage (child_process.js:318:10)
    at Pipe.channel.onread (child_process.js:345:11)

ReferenceError: potd is not defined
    at Tools.exports.BattleScripts.randomTeam (/Users/clazinasteunenberg/Downloads/Test/data/scripts.js:1522:8)
    at Tools.exports.BattleScripts.getTeam (/Users/clazinasteunenberg/Downloads/Test/data/scripts.js:488:16)
    at new BattleSide (/Users/clazinasteunenberg/Downloads/Test/battle-engine.js:1096:27)
    at Tools.Battle.join (/Users/clazinasteunenberg/Downloads/Test/battle-engine.js:3333:15)
    at Tools.Battle.receive (/Users/clazinasteunenberg/Downloads/Test/battle-engine.js:3390:9)
    at process.BattlePokemon.side (/Users/clazinasteunenberg/Downloads/Test/battle-engine.js:143:12)
    at process.EventEmitter.emit (events.js:98:17)
    at handleMessage (child_process.js:318:10)
    at Pipe.channel.onread (child_process.js:345:11)

Additional information:
message = battle-randombattle-497|join|p1|Meloetta<3V|134
currentRequest = 

Log:
|html|<div class="broadcast-red"><b>The battle crashed</b><br />You can keep playing but it might crash again.</div>
|html|<div class="broadcast-red"><b>The battle crashed</b><br />You can keep playing but it might crash again.</div>
|html|<div class="broadcast-red"><b>The battle crashed</b><br />You can keep playing but it might crash again.</div>
|html|<div class="broadcast-red"><b>The battle crashed</b><br />You can keep playing but it might crash again.</div>
|html|<div class="broadcast-red"><b>The battle crashed</b><br />You can keep playing but it might crash again.</div>
|html|<div class="broadcast-red"><b>The battle crashed</b><br />You can keep playing but it might crash again.</div>
|html|<div class="broadcast-red"><b>The battle crashed</b><br />You can keep playing but it might crash again.</div>
|html|<div class="broadcast-red"><b>The battle crashed</b><br />You can keep playing but it might crash again.</div>
|html|<div class="broadcast-red"><b>The battle crashed</b><br />You can keep playing but it might crash again.</div>
|html|<div class="broadcast-red"><b>The battle crashed</b><br />You can keep playing but it might crash again.</div>
|html|<div class="broadcast-red"><b>The battle crashed</b><br />You can keep playing but it might crash again.</div>
|html|<div class="broadcast-red"><b>The battle crashed</b><br />You can keep playing but it might crash again.</div>
|html|<div class="broadcast-red"><b>The battle crashed</b><br />You can keep playing but it might crash again.</div>
|html|<div class="broadcast-red"><b>The battle crashed</b><br />You can keep playing but it might crash again.</div>
|html|<div class="broadcast-red"><b>The battle crashed</b><br />You can keep playing but it might crash again.</div>
|html|<div class="broadcast-red"><b>The battle crashed</b><br />You can keep playing but it might crash again.</div>
|html|<div class="broadcast-red"><b>The battle crashed</b><br />You can keep playing but it might crash again.</div>
|html|<div class="broadcast-red"><b>The battle crashed</b><br />You can keep playing but it might crash again.</div>
|html|<div class="broadcast-red"><b>The battle crashed</b><br />You can keep playing but it might crash again.</div>
|html|<div class="broadcast-red"><b>The battle crashed</b><br />You can keep playing but it might crash again.</div>
|html|<div class="broadcast-red"><b>The battle crashed</b><br />You can keep playing but it might crash again.</div>
|html|<div class="broadcast-red"><b>The battle crashed</b><br />You can keep playing but it might crash again.</div>
|html|<div class="broadcast-red"><b>The battle crashed</b><br />You can keep playing but it might crash again.</div>
|html|<div class="broadcast-red"><b>The battle crashed</b><br />You can keep playing but it might crash again.</div>
|html|<div class="broadcast-red"><b>The battle crashed</b><br />You can keep playing but it might crash again.</div>
|html|<div class="broadcast-red"><b>The battle crashed</b><br />You can keep playing but it might crash again.</div>
|html|<div class="broadcast-red"><b>The battle crashed</b><br />You can keep playing but it might crash again.</div>
|html|<div class="broadcast-red"><b>The battle crashed</b><br />You can keep playing but it might crash again.</div>
|html|<div class="broadcast-red"><b>The battle crashed</b><br />You can keep playing but it might crash again.</div>
|html|<div class="broadcast-red"><b>The battle crashed</b><br />You can keep playing but it might crash again.</div>
|html|<div class="broadcast-red"><b>The battle crashed</b><br />You can keep playing but it might crash again.</div>
|html|<div class="broadcast-red"><b>The battle crashed</b><br />You can keep playing but it might crash again.</div>
|html|<div class="broadcast-red"><b>The battle crashed</b><br />You can keep playing but it might crash again.</div>
|html|<div class="broadcast-red"><b>The battle crashed</b><br />You can keep playing but it might crash again.</div>
|html|<div class="broadcast-red"><b>The battle crashed</b><br />You can keep playing but it might crash again.</div>
|html|<div class="broadcast-red"><b>The battle crashed</b><br />You can keep playing but it might crash again.</div>
|html|<div class="broadcast-red"><b>The battle crashed</b><br />You can keep playing but it might crash again.</div>
|html|<div class="broadcast-red"><b>The battle crashed</b><br />You can keep playing but it might crash again.</div>
|html|<div class="broadcast-red"><b>The battle crashed</b><br />You can keep playing but it might crash again.</div>
|html|<div class="broadcast-red"><b>The battle crashed</b><br />You can keep playing but it might crash again.</div>
|html|<div class="broadcast-red"><b>The battle crashed</b><br />You can keep playing but it might crash again.</div>
|html|<div class="broadcast-red"><b>The battle crashed</b><br />You can keep playing but it might crash again.</div>
|html|<div class="broadcast-red"><b>The battle crashed</b><br />You can keep playing but it might crash again.</div>
|html|<div class="broadcast-red"><b>The battle crashed</b><br />You can keep playing but it might crash again.</div>
|html|<div class="broadcast-red"><b>The battle crashed</b><br />You can keep playing but it might crash again.</div>
|html|<div class="broadcast-red"><b>The battle crashed</b><br />You can keep playing but it might crash again.</div>
|html|<div class="broadcast-red"><b>The battle crashed</b><br />You can keep playing but it might crash again.</div>
|html|<div class="broadcast-red"><b>The battle crashed</b><br />You can keep playing but it might crash again.</div>
|html|<div class="broadcast-red"><b>The battle crashed</b><br />You can keep playing but it might crash again.</div>
|html|<div class="broadcast-red"><b>The battle crashed</b><br />You can keep playing but it might crash again.</div>
|html|<div class="broadcast-red"><b>The battle crashed</b><br />You can keep playing but it might crash again.</div>
|html|<div class="broadcast-red"><b>The battle crashed</b><br />You can keep playing but it might crash again.</div>
|html|<div class="broadcast-red"><b>The battle crashed</b><br />You can keep playing but it might crash again.</div>
|html|<div class="broadcast-red"><b>The battle crashed</b><br />You can keep playing but it might crash again.</div>
|html|<div class="broadcast-red"><b>The battle crashed</b><br />You can keep playing but it might crash again.</div>
|html|<div class="broadcast-red"><b>The battle crashed</b><br />You can keep playing but it might crash again.</div>
|html|<div class="broadcast-red"><b>The battle crashed</b><br />You can keep playing but it might crash again.</div>
|html|<div class="broadcast-red"><b>The battle crashed</b><br />You can keep playing but it might crash again.</div>
|html|<div class="broadcast-red"><b>The battle crashed</b><br />You can keep playing but it might crash again.</div>
|html|<div class="broadcast-red"><b>The battle crashed</b><br />You can keep playing but it might crash again.</div>
|html|<div class="broadcast-red"><b>The battle crashed</b><br />You can keep playing but it might crash again.</div>
|html|<div class="broadcast-red"><b>The battle crashed</b><br />You can keep playing but it might crash again.</div>
|html|<div class="broadcast-red"><b>The battle crashed</b><br />You can keep playing but it might crash again.</div>
|html|<div class="broadcast-red"><b>The battle crashed</b><br />You can keep playing but it might crash again.</div>
|html|<div class="broadcast-red"><b>The battle crashed</b><br />You can keep playing but it might crash again.</div>
|html|<div class="broadcast-red"><b>The battle crashed</b><br />You can keep playing but it might crash again.</div>
|html|<div class="broadcast-red"><b>The battle crashed</b><br />You can keep playing but it might crash again.</div>
|html|<div class="broadcast-red"><b>The battle crashed</b><br />You can keep playing but it might crash again.</div>
|html|<div class="broadcast-red"><b>The battle crashed</b><br />You can keep playing but it might crash again.</div>
|html|<div class="broadcast-red"><b>The battle crashed</b><br />You can keep playing but it might crash again.</div>
|html|<div class="broadcast-red"><b>The battle crashed</b><br />You can keep playing but it might crash again.</div>
|html|<div class="broadcast-red"><b>The battle crashed</b><br />You can keep playing but it might crash again.</div>
|html|<div class="broadcast-red"><b>The battle crashed</b><br />You can keep playing but it might crash again.</div>
|html|<div class="broadcast-red"><b>The battle crashed</b><br />You can keep playing but it might crash again.</div>
|html|<div class="broadcast-red"><b>The battle crashed</b><br />You can keep playing but it might crash again.</div>
|html|<div class="broadcast-red"><b>The battle crashed</b><br />You can keep playing but it might crash again.</div>
|html|<div class="broadcast-red"><b>The battle crashed</b><br />You can keep playing but it might crash again.</div>
|html|<div class="broadcast-red"><b>The battle crashed</b><br />You can keep playing but it might crash again.</div>
|html|<div class="broadcast-red"><b>The battle crashed</b><br />You can keep playing but it might crash again.</div>
|html|<div class="broadcast-red"><b>The battle crashed</b><br />You can keep playing but it might crash again.</div>
|html|<div class="broadcast-red"><b>The battle crashed</b><br />You can keep playing but it might crash again.</div>
|html|<div class="broadcast-red"><b>The battle crashed</b><br />You can keep playing but it might crash again.</div>
|html|<div class="broadcast-red"><b>The battle crashed</b><br />You can keep playing but it might crash again.</div>
|html|<div class="broadcast-red"><b>The battle crashed</b><br />You can keep playing but it might crash again.</div>
|html|<div class="broadcast-red"><b>The battle crashed</b><br />You can keep playing but it might crash again.</div>
|html|<div class="broadcast-red"><b>The battle crashed</b><br />You can keep playing but it might crash again.</div>
|html|<div class="broadcast-red"><b>The battle crashed</b><br />You can keep playing but it might crash again.</div>
|html|<div class="broadcast-red"><b>The battle crashed</b><br />You can keep playing but it might crash again.</div>
|html|<div class="broadcast-red"><b>The battle crashed</b><br />You can keep playing but it might crash again.</div>
|html|<div class="broadcast-red"><b>The battle crashed</b><br />You can keep playing but it might crash again.</div>
|html|<div class="broadcast-red"><b>The battle crashed</b><br />You can keep playing but it might crash again.</div>
|html|<div class="broadcast-red"><b>The battle crashed</b><br />You can keep playing but it might crash again.</div>
|html|<div class="broadcast-red"><b>The battle crashed</b><br />You can keep playing but it might crash again.</div>
|html|<div class="broadcast-red"><b>The battle crashed</b><br />You can keep playing but it might crash again.</div>
|html|<div class="broadcast-red"><b>The battle crashed</b><br />You can keep playing but it might crash again.</div>
|html|<div class="broadcast-red"><b>The battle crashed</b><br />You can keep playing but it might crash again.</div>
|html|<div class="broadcast-red"><b>The battle crashed</b><br />You can keep playing but it might crash again.</div>
|html|<div class="broadcast-red"><b>The battle crashed</b><br />You can keep playing but it might crash again.</div>
|html|<div class="broadcast-red"><b>The battle crashed</b><br />You can keep playing but it might crash again.</div>
|html|<div class="broadcast-red"><b>The battle crashed</b><br />You can keep playing but it might crash again.</div>
|html|<div class="broadcast-red"><b>The battle crashed</b><br />You can keep playing but it might crash again.</div>
|html|<div class="broadcast-red"><b>The battle crashed</b><br />You can keep playing but it might crash again.</div>
|html|<div class="broadcast-red"><b>The battle crashed</b><br />You can keep playing but it might crash again.</div>
|html|<div class="broadcast-red"><b>The battle crashed</b><br />You can keep playing but it might crash again.</div>
|html|<div class="broadcast-red"><b>The battle crashed</b><br />You can keep playing but it might crash again.</div>
|html|<div class="broadcast-red"><b>The battle crashed</b><br />You can keep playing but it might crash again.</div>
|html|<div class="broadcast-red"><b>The battle crashed</b><br />You can keep playing but it might crash again.</div>
|html|<div class="broadcast-red"><b>The battle crashed</b><br />You can keep playing but it might crash again.</div>
|html|<div class="broadcast-red"><b>The battle crashed</b><br />You can keep playing but it might crash again.</div>
|html|<div class="broadcast-red"><b>The battle crashed</b><br />You can keep playing but it might crash again.</div>
|html|<div class="broadcast-red"><b>The battle crashed</b><br />You can keep playing but it might crash again.</div>
|html|<div class="broadcast-red"><b>The battle crashed</b><br />You can keep playing but it might crash again.</div>
|html|<div class="broadcast-red"><b>The battle crashed</b><br />You can keep playing but it might crash again.</div>
|html|<div class="broadcast-red"><b>The battle crashed</b><br />You can keep playing but it might crash again.</div>
|html|<div class="broadcast-red"><b>The battle crashed</b><br />You can keep playing but it might crash again.</div>
|html|<div class="broadcast-red"><b>The battle crashed</b><br />You can keep playing but it might crash again.</div>
|html|<div class="broadcast-red"><b>The battle crashed</b><br />You can keep playing but it might crash again.</div>
|html|<div class="broadcast-red"><b>The battle crashed</b><br />You can keep playing but it might crash again.</div>
|html|<div class="broadcast-red"><b>The battle crashed</b><br />You can keep playing but it might crash again.</div>
|html|<div class="broadcast-red"><b>The battle crashed</b><br />You can keep playing but it might crash again.</div>
|html|<div class="broadcast-red"><b>The battle crashed</b><br />You can keep playing but it might crash again.</div>
|html|<div class="broadcast-red"><b>The battle crashed</b><br />You can keep playing but it might crash again.</div>
|html|<div class="broadcast-red"><b>The battle crashed</b><br />You can keep playing but it might crash again.</div>
|html|<div class="broadcast-red"><b>The battle crashed</b><br />You can keep playing but it might crash again.</div>
|html|<div class="broadcast-red"><b>The battle crashed</b><br />You can keep playing but it might crash again.</div>

TypeError: Cannot read property 'isActive' of null
    at Tools.Battle.makeRequest (/Users/clazinasteunenberg/Downloads/Test/battle-engine.js:1943:15)
    at process.BattlePokemon.side (/Users/clazinasteunenberg/Downloads/Test/battle-engine.js:157:13)
    at process.EventEmitter.emit (events.js:98:17)
    at handleMessage (child_process.js:318:10)
    at Pipe.channel.onread (child_process.js:345:11)

ReferenceError: potd is not defined
    at Tools.exports.BattleScripts.randomTeam (/Users/clazinasteunenberg/Downloads/Test/data/scripts.js:1522:8)
    at Tools.exports.BattleScripts.getTeam (/Users/clazinasteunenberg/Downloads/Test/data/scripts.js:488:16)
    at new BattleSide (/Users/clazinasteunenberg/Downloads/Test/battle-engine.js:1096:27)
    at Tools.Battle.join (/Users/clazinasteunenberg/Downloads/Test/battle-engine.js:3333:15)
    at Tools.Battle.receive (/Users/clazinasteunenberg/Downloads/Test/battle-engine.js:3390:9)
    at process.BattlePokemon.side (/Users/clazinasteunenberg/Downloads/Test/battle-engine.js:143:12)
    at process.EventEmitter.emit (events.js:98:17)
    at handleMessage (child_process.js:318:10)
    at Pipe.channel.onread (child_process.js:345:11)

Additional information:
message = battle-randombattle-497|join|p1|Meloetta<3V|134
currentRequest = 

Log:
|html|<div class="broadcast-red"><b>The battle crashed</b><br />You can keep playing but it might crash again.</div>
|html|<div class="broadcast-red"><b>The battle crashed</b><br />You can keep playing but it might crash again.</div>
|html|<div class="broadcast-red"><b>The battle crashed</b><br />You can keep playing but it might crash again.</div>
|html|<div class="broadcast-red"><b>The battle crashed</b><br />You can keep playing but it might crash again.</div>
|html|<div class="broadcast-red"><b>The battle crashed</b><br />You can keep playing but it might crash again.</div>
|html|<div class="broadcast-red"><b>The battle crashed</b><br />You can keep playing but it might crash again.</div>
|html|<div class="broadcast-red"><b>The battle crashed</b><br />You can keep playing but it might crash again.</div>
|html|<div class="broadcast-red"><b>The battle crashed</b><br />You can keep playing but it might crash again.</div>
|html|<div class="broadcast-red"><b>The battle crashed</b><br />You can keep playing but it might crash again.</div>
|html|<div class="broadcast-red"><b>The battle crashed</b><br />You can keep playing but it might crash again.</div>
|html|<div class="broadcast-red"><b>The battle crashed</b><br />You can keep playing but it might crash again.</div>
|html|<div class="broadcast-red"><b>The battle crashed</b><br />You can keep playing but it might crash again.</div>
|html|<div class="broadcast-red"><b>The battle crashed</b><br />You can keep playing but it might crash again.</div>
|html|<div class="broadcast-red"><b>The battle crashed</b><br />You can keep playing but it might crash again.</div>
|html|<div class="broadcast-red"><b>The battle crashed</b><br />You can keep playing but it might crash again.</div>
|html|<div class="broadcast-red"><b>The battle crashed</b><br />You can keep playing but it might crash again.</div>
|html|<div class="broadcast-red"><b>The battle crashed</b><br />You can keep playing but it might crash again.</div>
|html|<div class="broadcast-red"><b>The battle crashed</b><br />You can keep playing but it might crash again.</div>
|html|<div class="broadcast-red"><b>The battle crashed</b><br />You can keep playing but it might crash again.</div>
|html|<div class="broadcast-red"><b>The battle crashed</b><br />You can keep playing but it might crash again.</div>
|html|<div class="broadcast-red"><b>The battle crashed</b><br />You can keep playing but it might crash again.</div>
|html|<div class="broadcast-red"><b>The battle crashed</b><br />You can keep playing but it might crash again.</div>
|html|<div class="broadcast-red"><b>The battle crashed</b><br />You can keep playing but it might crash again.</div>
|html|<div class="broadcast-red"><b>The battle crashed</b><br />You can keep playing but it might crash again.</div>
|html|<div class="broadcast-red"><b>The battle crashed</b><br />You can keep playing but it might crash again.</div>
|html|<div class="broadcast-red"><b>The battle crashed</b><br />You can keep playing but it might crash again.</div>
|html|<div class="broadcast-red"><b>The battle crashed</b><br />You can keep playing but it might crash again.</div>
|html|<div class="broadcast-red"><b>The battle crashed</b><br />You can keep playing but it might crash again.</div>
|html|<div class="broadcast-red"><b>The battle crashed</b><br />You can keep playing but it might crash again.</div>
|html|<div class="broadcast-red"><b>The battle crashed</b><br />You can keep playing but it might crash again.</div>
|html|<div class="broadcast-red"><b>The battle crashed</b><br />You can keep playing but it might crash again.</div>
|html|<div class="broadcast-red"><b>The battle crashed</b><br />You can keep playing but it might crash again.</div>
|html|<div class="broadcast-red"><b>The battle crashed</b><br />You can keep playing but it might crash again.</div>
|html|<div class="broadcast-red"><b>The battle crashed</b><br />You can keep playing but it might crash again.</div>
|html|<div class="broadcast-red"><b>The battle crashed</b><br />You can keep playing but it might crash again.</div>
|html|<div class="broadcast-red"><b>The battle crashed</b><br />You can keep playing but it might crash again.</div>
|html|<div class="broadcast-red"><b>The battle crashed</b><br />You can keep playing but it might crash again.</div>
|html|<div class="broadcast-red"><b>The battle crashed</b><br />You can keep playing but it might crash again.</div>
|html|<div class="broadcast-red"><b>The battle crashed</b><br />You can keep playing but it might crash again.</div>
|html|<div class="broadcast-red"><b>The battle crashed</b><br />You can keep playing but it might crash again.</div>
|html|<div class="broadcast-red"><b>The battle crashed</b><br />You can keep playing but it might crash again.</div>
|html|<div class="broadcast-red"><b>The battle crashed</b><br />You can keep playing but it might crash again.</div>
|html|<div class="broadcast-red"><b>The battle crashed</b><br />You can keep playing but it might crash again.</div>
|html|<div class="broadcast-red"><b>The battle crashed</b><br />You can keep playing but it might crash again.</div>
|html|<div class="broadcast-red"><b>The battle crashed</b><br />You can keep playing but it might crash again.</div>
|html|<div class="broadcast-red"><b>The battle crashed</b><br />You can keep playing but it might crash again.</div>
|html|<div class="broadcast-red"><b>The battle crashed</b><br />You can keep playing but it might crash again.</div>
|html|<div class="broadcast-red"><b>The battle crashed</b><br />You can keep playing but it might crash again.</div>
|html|<div class="broadcast-red"><b>The battle crashed</b><br />You can keep playing but it might crash again.</div>
|html|<div class="broadcast-red"><b>The battle crashed</b><br />You can keep playing but it might crash again.</div>
|html|<div class="broadcast-red"><b>The battle crashed</b><br />You can keep playing but it might crash again.</div>
|html|<div class="broadcast-red"><b>The battle crashed</b><br />You can keep playing but it might crash again.</div>
|html|<div class="broadcast-red"><b>The battle crashed</b><br />You can keep playing but it might crash again.</div>
|html|<div class="broadcast-red"><b>The battle crashed</b><br />You can keep playing but it might crash again.</div>
|html|<div class="broadcast-red"><b>The battle crashed</b><br />You can keep playing but it might crash again.</div>
|html|<div class="broadcast-red"><b>The battle crashed</b><br />You can keep playing but it might crash again.</div>
|html|<div class="broadcast-red"><b>The battle crashed</b><br />You can keep playing but it might crash again.</div>
|html|<div class="broadcast-red"><b>The battle crashed</b><br />You can keep playing but it might crash again.</div>
|html|<div class="broadcast-red"><b>The battle crashed</b><br />You can keep playing but it might crash again.</div>
|html|<div class="broadcast-red"><b>The battle crashed</b><br />You can keep playing but it might crash again.</div>
|html|<div class="broadcast-red"><b>The battle crashed</b><br />You can keep playing but it might crash again.</div>
|html|<div class="broadcast-red"><b>The battle crashed</b><br />You can keep playing but it might crash again.</div>
|html|<div class="broadcast-red"><b>The battle crashed</b><br />You can keep playing but it might crash again.</div>
|html|<div class="broadcast-red"><b>The battle crashed</b><br />You can keep playing but it might crash again.</div>
|html|<div class="broadcast-red"><b>The battle crashed</b><br />You can keep playing but it might crash again.</div>
|html|<div class="broadcast-red"><b>The battle crashed</b><br />You can keep playing but it might crash again.</div>
|html|<div class="broadcast-red"><b>The battle crashed</b><br />You can keep playing but it might crash again.</div>
|html|<div class="broadcast-red"><b>The battle crashed</b><br />You can keep playing but it might crash again.</div>
|html|<div class="broadcast-red"><b>The battle crashed</b><br />You can keep playing but it might crash again.</div>
|html|<div class="broadcast-red"><b>The battle crashed</b><br />You can keep playing but it might crash again.</div>
|html|<div class="broadcast-red"><b>The battle crashed</b><br />You can keep playing but it might crash again.</div>
|html|<div class="broadcast-red"><b>The battle crashed</b><br />You can keep playing but it might crash again.</div>
|html|<div class="broadcast-red"><b>The battle crashed</b><br />You can keep playing but it might crash again.</div>
|html|<div class="broadcast-red"><b>The battle crashed</b><br />You can keep playing but it might crash again.</div>
|html|<div class="broadcast-red"><b>The battle crashed</b><br />You can keep playing but it might crash again.</div>
|html|<div class="broadcast-red"><b>The battle crashed</b><br />You can keep playing but it might crash again.</div>
|html|<div class="broadcast-red"><b>The battle crashed</b><br />You can keep playing but it might crash again.</div>
|html|<div class="broadcast-red"><b>The battle crashed</b><br />You can keep playing but it might crash again.</div>
|html|<div class="broadcast-red"><b>The battle crashed</b><br />You can keep playing but it might crash again.</div>
|html|<div class="broadcast-red"><b>The battle crashed</b><br />You can keep playing but it might crash again.</div>
|html|<div class="broadcast-red"><b>The battle crashed</b><br />You can keep playing but it might crash again.</div>
|html|<div class="broadcast-red"><b>The battle crashed</b><br />You can keep playing but it might crash again.</div>
|html|<div class="broadcast-red"><b>The battle crashed</b><br />You can keep playing but it might crash again.</div>
|html|<div class="broadcast-red"><b>The battle crashed</b><br />You can keep playing but it might crash again.</div>
|html|<div class="broadcast-red"><b>The battle crashed</b><br />You can keep playing but it might crash again.</div>
|html|<div class="broadcast-red"><b>The battle crashed</b><br />You can keep playing but it might crash again.</div>
|html|<div class="broadcast-red"><b>The battle crashed</b><br />You can keep playing but it might crash again.</div>
|html|<div class="broadcast-red"><b>The battle crashed</b><br />You can keep playing but it might crash again.</div>
|html|<div class="broadcast-red"><b>The battle crashed</b><br />You can keep playing but it might crash again.</div>
|html|<div class="broadcast-red"><b>The battle crashed</b><br />You can keep playing but it might crash again.</div>
|html|<div class="broadcast-red"><b>The battle crashed</b><br />You can keep playing but it might crash again.</div>
|html|<div class="broadcast-red"><b>The battle crashed</b><br />You can keep playing but it might crash again.</div>
|html|<div class="broadcast-red"><b>The battle crashed</b><br />You can keep playing but it might crash again.</div>
|html|<div class="broadcast-red"><b>The battle crashed</b><br />You can keep playing but it might crash again.</div>
|html|<div class="broadcast-red"><b>The battle crashed</b><br />You can keep playing but it might crash again.</div>
|html|<div class="broadcast-red"><b>The battle crashed</b><br />You can keep playing but it might crash again.</div>
|html|<div class="broadcast-red"><b>The battle crashed</b><br />You can keep playing but it might crash again.</div>
|html|<div class="broadcast-red"><b>The battle crashed</b><br />You can keep playing but it might crash again.</div>
|html|<div class="broadcast-red"><b>The battle crashed</b><br />You can keep playing but it might crash again.</div>
|html|<div class="broadcast-red"><b>The battle crashed</b><br />You can keep playing but it might crash again.</div>
|html|<div class="broadcast-red"><b>The battle crashed</b><br />You can keep playing but it might crash again.</div>
|html|<div class="broadcast-red"><b>The battle crashed</b><br />You can keep playing but it might crash again.</div>
|html|<div class="broadcast-red"><b>The battle crashed</b><br />You can keep playing but it might crash again.</div>
|html|<div class="broadcast-red"><b>The battle crashed</b><br />You can keep playing but it might crash again.</div>
|html|<div class="broadcast-red"><b>The battle crashed</b><br />You can keep playing but it might crash again.</div>
|html|<div class="broadcast-red"><b>The battle crashed</b><br />You can keep playing but it might crash again.</div>
|html|<div class="broadcast-red"><b>The battle crashed</b><br />You can keep playing but it might crash again.</div>
|html|<div class="broadcast-red"><b>The battle crashed</b><br />You can keep playing but it might crash again.</div>
|html|<div class="broadcast-red"><b>The battle crashed</b><br />You can keep playing but it might crash again.</div>
|html|<div class="broadcast-red"><b>The battle crashed</b><br />You can keep playing but it might crash again.</div>
|html|<div class="broadcast-red"><b>The battle crashed</b><br />You can keep playing but it might crash again.</div>
|html|<div class="broadcast-red"><b>The battle crashed</b><br />You can keep playing but it might crash again.</div>
|html|<div class="broadcast-red"><b>The battle crashed</b><br />You can keep playing but it might crash again.</div>
|html|<div class="broadcast-red"><b>The battle crashed</b><br />You can keep playing but it might crash again.</div>
|html|<div class="broadcast-red"><b>The battle crashed</b><br />You can keep playing but it might crash again.</div>
|html|<div class="broadcast-red"><b>The battle crashed</b><br />You can keep playing but it might crash again.</div>
|html|<div class="broadcast-red"><b>The battle crashed</b><br />You can keep playing but it might crash again.</div>
|html|<div class="broadcast-red"><b>The battle crashed</b><br />You can keep playing but it might crash again.</div>
|html|<div class="broadcast-red"><b>The battle crashed</b><br />You can keep playing but it might crash again.</div>
|html|<div class="broadcast-red"><b>The battle crashed</b><br />You can keep playing but it might crash again.</div>
|html|<div class="broadcast-red"><b>The battle crashed</b><br />You can keep playing but it might crash again.</div>
|html|<div class="broadcast-red"><b>The battle crashed</b><br />You can keep playing but it might crash again.</div>
|html|<div class="broadcast-red"><b>The battle crashed</b><br />You can keep playing but it might crash again.</div>
|html|<div class="broadcast-red"><b>The battle crashed</b><br />You can keep playing but it might crash again.</div>
|html|<div class="broadcast-red"><b>The battle crashed</b><br />You can keep playing but it might crash again.</div>
|html|<div class="broadcast-red"><b>The battle crashed</b><br />You can keep playing but it might crash again.</div>

TypeError: Cannot read property 'isActive' of null
    at Tools.Battle.makeRequest (/Users/clazinasteunenberg/Downloads/Test/battle-engine.js:1943:15)
    at process.BattlePokemon.side (/Users/clazinasteunenberg/Downloads/Test/battle-engine.js:157:13)
    at process.EventEmitter.emit (events.js:98:17)
    at handleMessage (child_process.js:318:10)
    at Pipe.channel.onread (child_process.js:345:11)

ReferenceError: potd is not defined
    at Tools.exports.BattleScripts.randomTeam (/Users/clazinasteunenberg/Downloads/Test/data/scripts.js:1522:8)
    at Tools.exports.BattleScripts.getTeam (/Users/clazinasteunenberg/Downloads/Test/data/scripts.js:488:16)
    at new BattleSide (/Users/clazinasteunenberg/Downloads/Test/battle-engine.js:1096:27)
    at Tools.Battle.join (/Users/clazinasteunenberg/Downloads/Test/battle-engine.js:3333:15)
    at Tools.Battle.receive (/Users/clazinasteunenberg/Downloads/Test/battle-engine.js:3390:9)
    at process.BattlePokemon.side (/Users/clazinasteunenberg/Downloads/Test/battle-engine.js:143:12)
    at process.EventEmitter.emit (events.js:98:17)
    at handleMessage (child_process.js:318:10)
    at Pipe.channel.onread (child_process.js:345:11)

Additional information:
message = battle-randombattle-497|join|p1|Meloetta<3V|134
currentRequest = 

Log:
|html|<div class="broadcast-red"><b>The battle crashed</b><br />You can keep playing but it might crash again.</div>
|html|<div class="broadcast-red"><b>The battle crashed</b><br />You can keep playing but it might crash again.</div>
|html|<div class="broadcast-red"><b>The battle crashed</b><br />You can keep playing but it might crash again.</div>
|html|<div class="broadcast-red"><b>The battle crashed</b><br />You can keep playing but it might crash again.</div>
|html|<div class="broadcast-red"><b>The battle crashed</b><br />You can keep playing but it might crash again.</div>
|html|<div class="broadcast-red"><b>The battle crashed</b><br />You can keep playing but it might crash again.</div>
|html|<div class="broadcast-red"><b>The battle crashed</b><br />You can keep playing but it might crash again.</div>
|html|<div class="broadcast-red"><b>The battle crashed</b><br />You can keep playing but it might crash again.</div>
|html|<div class="broadcast-red"><b>The battle crashed</b><br />You can keep playing but it might crash again.</div>
|html|<div class="broadcast-red"><b>The battle crashed</b><br />You can keep playing but it might crash again.</div>
|html|<div class="broadcast-red"><b>The battle crashed</b><br />You can keep playing but it might crash again.</div>
|html|<div class="broadcast-red"><b>The battle crashed</b><br />You can keep playing but it might crash again.</div>
|html|<div class="broadcast-red"><b>The battle crashed</b><br />You can keep playing but it might crash again.</div>
|html|<div class="broadcast-red"><b>The battle crashed</b><br />You can keep playing but it might crash again.</div>
|html|<div class="broadcast-red"><b>The battle crashed</b><br />You can keep playing but it might crash again.</div>
|html|<div class="broadcast-red"><b>The battle crashed</b><br />You can keep playing but it might crash again.</div>
|html|<div class="broadcast-red"><b>The battle crashed</b><br />You can keep playing but it might crash again.</div>
|html|<div class="broadcast-red"><b>The battle crashed</b><br />You can keep playing but it might crash again.</div>
|html|<div class="broadcast-red"><b>The battle crashed</b><br />You can keep playing but it might crash again.</div>
|html|<div class="broadcast-red"><b>The battle crashed</b><br />You can keep playing but it might crash again.</div>
|html|<div class="broadcast-red"><b>The battle crashed</b><br />You can keep playing but it might crash again.</div>
|html|<div class="broadcast-red"><b>The battle crashed</b><br />You can keep playing but it might crash again.</div>
|html|<div class="broadcast-red"><b>The battle crashed</b><br />You can keep playing but it might crash again.</div>
|html|<div class="broadcast-red"><b>The battle crashed</b><br />You can keep playing but it might crash again.</div>
|html|<div class="broadcast-red"><b>The battle crashed</b><br />You can keep playing but it might crash again.</div>
|html|<div class="broadcast-red"><b>The battle crashed</b><br />You can keep playing but it might crash again.</div>
|html|<div class="broadcast-red"><b>The battle crashed</b><br />You can keep playing but it might crash again.</div>
|html|<div class="broadcast-red"><b>The battle crashed</b><br />You can keep playing but it might crash again.</div>
|html|<div class="broadcast-red"><b>The battle crashed</b><br />You can keep playing but it might crash again.</div>
|html|<div class="broadcast-red"><b>The battle crashed</b><br />You can keep playing but it might crash again.</div>
|html|<div class="broadcast-red"><b>The battle crashed</b><br />You can keep playing but it might crash again.</div>
|html|<div class="broadcast-red"><b>The battle crashed</b><br />You can keep playing but it might crash again.</div>
|html|<div class="broadcast-red"><b>The battle crashed</b><br />You can keep playing but it might crash again.</div>
|html|<div class="broadcast-red"><b>The battle crashed</b><br />You can keep playing but it might crash again.</div>
|html|<div class="broadcast-red"><b>The battle crashed</b><br />You can keep playing but it might crash again.</div>
|html|<div class="broadcast-red"><b>The battle crashed</b><br />You can keep playing but it might crash again.</div>
|html|<div class="broadcast-red"><b>The battle crashed</b><br />You can keep playing but it might crash again.</div>
|html|<div class="broadcast-red"><b>The battle crashed</b><br />You can keep playing but it might crash again.</div>
|html|<div class="broadcast-red"><b>The battle crashed</b><br />You can keep playing but it might crash again.</div>
|html|<div class="broadcast-red"><b>The battle crashed</b><br />You can keep playing but it might crash again.</div>
|html|<div class="broadcast-red"><b>The battle crashed</b><br />You can keep playing but it might crash again.</div>
|html|<div class="broadcast-red"><b>The battle crashed</b><br />You can keep playing but it might crash again.</div>
|html|<div class="broadcast-red"><b>The battle crashed</b><br />You can keep playing but it might crash again.</div>
|html|<div class="broadcast-red"><b>The battle crashed</b><br />You can keep playing but it might crash again.</div>
|html|<div class="broadcast-red"><b>The battle crashed</b><br />You can keep playing but it might crash again.</div>
|html|<div class="broadcast-red"><b>The battle crashed</b><br />You can keep playing but it might crash again.</div>
|html|<div class="broadcast-red"><b>The battle crashed</b><br />You can keep playing but it might crash again.</div>
|html|<div class="broadcast-red"><b>The battle crashed</b><br />You can keep playing but it might crash again.</div>
|html|<div class="broadcast-red"><b>The battle crashed</b><br />You can keep playing but it might crash again.</div>
|html|<div class="broadcast-red"><b>The battle crashed</b><br />You can keep playing but it might crash again.</div>
|html|<div class="broadcast-red"><b>The battle crashed</b><br />You can keep playing but it might crash again.</div>
|html|<div class="broadcast-red"><b>The battle crashed</b><br />You can keep playing but it might crash again.</div>
|html|<div class="broadcast-red"><b>The battle crashed</b><br />You can keep playing but it might crash again.</div>
|html|<div class="broadcast-red"><b>The battle crashed</b><br />You can keep playing but it might crash again.</div>
|html|<div class="broadcast-red"><b>The battle crashed</b><br />You can keep playing but it might crash again.</div>
|html|<div class="broadcast-red"><b>The battle crashed</b><br />You can keep playing but it might crash again.</div>
|html|<div class="broadcast-red"><b>The battle crashed</b><br />You can keep playing but it might crash again.</div>
|html|<div class="broadcast-red"><b>The battle crashed</b><br />You can keep playing but it might crash again.</div>
|html|<div class="broadcast-red"><b>The battle crashed</b><br />You can keep playing but it might crash again.</div>
|html|<div class="broadcast-red"><b>The battle crashed</b><br />You can keep playing but it might crash again.</div>
|html|<div class="broadcast-red"><b>The battle crashed</b><br />You can keep playing but it might crash again.</div>
|html|<div class="broadcast-red"><b>The battle crashed</b><br />You can keep playing but it might crash again.</div>
|html|<div class="broadcast-red"><b>The battle crashed</b><br />You can keep playing but it might crash again.</div>
|html|<div class="broadcast-red"><b>The battle crashed</b><br />You can keep playing but it might crash again.</div>
|html|<div class="broadcast-red"><b>The battle crashed</b><br />You can keep playing but it might crash again.</div>
|html|<div class="broadcast-red"><b>The battle crashed</b><br />You can keep playing but it might crash again.</div>
|html|<div class="broadcast-red"><b>The battle crashed</b><br />You can keep playing but it might crash again.</div>
|html|<div class="broadcast-red"><b>The battle crashed</b><br />You can keep playing but it might crash again.</div>
|html|<div class="broadcast-red"><b>The battle crashed</b><br />You can keep playing but it might crash again.</div>
|html|<div class="broadcast-red"><b>The battle crashed</b><br />You can keep playing but it might crash again.</div>
|html|<div class="broadcast-red"><b>The battle crashed</b><br />You can keep playing but it might crash again.</div>
|html|<div class="broadcast-red"><b>The battle crashed</b><br />You can keep playing but it might crash again.</div>
|html|<div class="broadcast-red"><b>The battle crashed</b><br />You can keep playing but it might crash again.</div>
|html|<div class="broadcast-red"><b>The battle crashed</b><br />You can keep playing but it might crash again.</div>
|html|<div class="broadcast-red"><b>The battle crashed</b><br />You can keep playing but it might crash again.</div>
|html|<div class="broadcast-red"><b>The battle crashed</b><br />You can keep playing but it might crash again.</div>
|html|<div class="broadcast-red"><b>The battle crashed</b><br />You can keep playing but it might crash again.</div>
|html|<div class="broadcast-red"><b>The battle crashed</b><br />You can keep playing but it might crash again.</div>
|html|<div class="broadcast-red"><b>The battle crashed</b><br />You can keep playing but it might crash again.</div>
|html|<div class="broadcast-red"><b>The battle crashed</b><br />You can keep playing but it might crash again.</div>
|html|<div class="broadcast-red"><b>The battle crashed</b><br />You can keep playing but it might crash again.</div>
|html|<div class="broadcast-red"><b>The battle crashed</b><br />You can keep playing but it might crash again.</div>
|html|<div class="broadcast-red"><b>The battle crashed</b><br />You can keep playing but it might crash again.</div>
|html|<div class="broadcast-red"><b>The battle crashed</b><br />You can keep playing but it might crash again.</div>
|html|<div class="broadcast-red"><b>The battle crashed</b><br />You can keep playing but it might crash again.</div>
|html|<div class="broadcast-red"><b>The battle crashed</b><br />You can keep playing but it might crash again.</div>
|html|<div class="broadcast-red"><b>The battle crashed</b><br />You can keep playing but it might crash again.</div>
|html|<div class="broadcast-red"><b>The battle crashed</b><br />You can keep playing but it might crash again.</div>
|html|<div class="broadcast-red"><b>The battle crashed</b><br />You can keep playing but it might crash again.</div>
|html|<div class="broadcast-red"><b>The battle crashed</b><br />You can keep playing but it might crash again.</div>
|html|<div class="broadcast-red"><b>The battle crashed</b><br />You can keep playing but it might crash again.</div>
|html|<div class="broadcast-red"><b>The battle crashed</b><br />You can keep playing but it might crash again.</div>
|html|<div class="broadcast-red"><b>The battle crashed</b><br />You can keep playing but it might crash again.</div>
|html|<div class="broadcast-red"><b>The battle crashed</b><br />You can keep playing but it might crash again.</div>
|html|<div class="broadcast-red"><b>The battle crashed</b><br />You can keep playing but it might crash again.</div>
|html|<div class="broadcast-red"><b>The battle crashed</b><br />You can keep playing but it might crash again.</div>
|html|<div class="broadcast-red"><b>The battle crashed</b><br />You can keep playing but it might crash again.</div>
|html|<div class="broadcast-red"><b>The battle crashed</b><br />You can keep playing but it might crash again.</div>
|html|<div class="broadcast-red"><b>The battle crashed</b><br />You can keep playing but it might crash again.</div>
|html|<div class="broadcast-red"><b>The battle crashed</b><br />You can keep playing but it might crash again.</div>
|html|<div class="broadcast-red"><b>The battle crashed</b><br />You can keep playing but it might crash again.</div>
|html|<div class="broadcast-red"><b>The battle crashed</b><br />You can keep playing but it might crash again.</div>
|html|<div class="broadcast-red"><b>The battle crashed</b><br />You can keep playing but it might crash again.</div>
|html|<div class="broadcast-red"><b>The battle crashed</b><br />You can keep playing but it might crash again.</div>
|html|<div class="broadcast-red"><b>The battle crashed</b><br />You can keep playing but it might crash again.</div>
|html|<div class="broadcast-red"><b>The battle crashed</b><br />You can keep playing but it might crash again.</div>
|html|<div class="broadcast-red"><b>The battle crashed</b><br />You can keep playing but it might crash again.</div>
|html|<div class="broadcast-red"><b>The battle crashed</b><br />You can keep playing but it might crash again.</div>
|html|<div class="broadcast-red"><b>The battle crashed</b><br />You can keep playing but it might crash again.</div>
|html|<div class="broadcast-red"><b>The battle crashed</b><br />You can keep playing but it might crash again.</div>
|html|<div class="broadcast-red"><b>The battle crashed</b><br />You can keep playing but it might crash again.</div>
|html|<div class="broadcast-red"><b>The battle crashed</b><br />You can keep playing but it might crash again.</div>
|html|<div class="broadcast-red"><b>The battle crashed</b><br />You can keep playing but it might crash again.</div>
|html|<div class="broadcast-red"><b>The battle crashed</b><br />You can keep playing but it might crash again.</div>
|html|<div class="broadcast-red"><b>The battle crashed</b><br />You can keep playing but it might crash again.</div>
|html|<div class="broadcast-red"><b>The battle crashed</b><br />You can keep playing but it might crash again.</div>
|html|<div class="broadcast-red"><b>The battle crashed</b><br />You can keep playing but it might crash again.</div>
|html|<div class="broadcast-red"><b>The battle crashed</b><br />You can keep playing but it might crash again.</div>
|html|<div class="broadcast-red"><b>The battle crashed</b><br />You can keep playing but it might crash again.</div>
|html|<div class="broadcast-red"><b>The battle crashed</b><br />You can keep playing but it might crash again.</div>
|html|<div class="broadcast-red"><b>The battle crashed</b><br />You can keep playing but it might crash again.</div>
|html|<div class="broadcast-red"><b>The battle crashed</b><br />You can keep playing but it might crash again.</div>
|html|<div class="broadcast-red"><b>The battle crashed</b><br />You can keep playing but it might crash again.</div>
|html|<div class="broadcast-red"><b>The battle crashed</b><br />You can keep playing but it might crash again.</div>
|html|<div class="broadcast-red"><b>The battle crashed</b><br />You can keep playing but it might crash again.</div>
|html|<div class="broadcast-red"><b>The battle crashed</b><br />You can keep playing but it might crash again.</div>
|html|<div class="broadcast-red"><b>The battle crashed</b><br />You can keep playing but it might crash again.</div>

TypeError: Cannot read property 'isActive' of null
    at Tools.Battle.makeRequest (/Users/clazinasteunenberg/Downloads/Test/battle-engine.js:1943:15)
    at process.BattlePokemon.side (/Users/clazinasteunenberg/Downloads/Test/battle-engine.js:157:13)
    at process.EventEmitter.emit (events.js:98:17)
    at handleMessage (child_process.js:318:10)
    at Pipe.channel.onread (child_process.js:345:11)

ReferenceError: potd is not defined
    at Tools.exports.BattleScripts.randomTeam (/Users/clazinasteunenberg/Downloads/Test/data/scripts.js:1522:8)
    at Tools.exports.BattleScripts.getTeam (/Users/clazinasteunenberg/Downloads/Test/data/scripts.js:488:16)
    at new BattleSide (/Users/clazinasteunenberg/Downloads/Test/battle-engine.js:1096:27)
    at Tools.Battle.join (/Users/clazinasteunenberg/Downloads/Test/battle-engine.js:3333:15)
    at Tools.Battle.receive (/Users/clazinasteunenberg/Downloads/Test/battle-engine.js:3390:9)
    at process.BattlePokemon.side (/Users/clazinasteunenberg/Downloads/Test/battle-engine.js:143:12)
    at process.EventEmitter.emit (events.js:98:17)
    at handleMessage (child_process.js:318:10)
    at Pipe.channel.onread (child_process.js:345:11)

Additional information:
message = battle-randombattle-497|join|p1|Meloetta<3V|134
currentRequest = 

Log:
|html|<div class="broadcast-red"><b>The battle crashed</b><br />You can keep playing but it might crash again.</div>
|html|<div class="broadcast-red"><b>The battle crashed</b><br />You can keep playing but it might crash again.</div>
|html|<div class="broadcast-red"><b>The battle crashed</b><br />You can keep playing but it might crash again.</div>
|html|<div class="broadcast-red"><b>The battle crashed</b><br />You can keep playing but it might crash again.</div>
|html|<div class="broadcast-red"><b>The battle crashed</b><br />You can keep playing but it might crash again.</div>
|html|<div class="broadcast-red"><b>The battle crashed</b><br />You can keep playing but it might crash again.</div>
|html|<div class="broadcast-red"><b>The battle crashed</b><br />You can keep playing but it might crash again.</div>
|html|<div class="broadcast-red"><b>The battle crashed</b><br />You can keep playing but it might crash again.</div>
|html|<div class="broadcast-red"><b>The battle crashed</b><br />You can keep playing but it might crash again.</div>
|html|<div class="broadcast-red"><b>The battle crashed</b><br />You can keep playing but it might crash again.</div>
|html|<div class="broadcast-red"><b>The battle crashed</b><br />You can keep playing but it might crash again.</div>
|html|<div class="broadcast-red"><b>The battle crashed</b><br />You can keep playing but it might crash again.</div>
|html|<div class="broadcast-red"><b>The battle crashed</b><br />You can keep playing but it might crash again.</div>
|html|<div class="broadcast-red"><b>The battle crashed</b><br />You can keep playing but it might crash again.</div>
|html|<div class="broadcast-red"><b>The battle crashed</b><br />You can keep playing but it might crash again.</div>
|html|<div class="broadcast-red"><b>The battle crashed</b><br />You can keep playing but it might crash again.</div>
|html|<div class="broadcast-red"><b>The battle crashed</b><br />You can keep playing but it might crash again.</div>
|html|<div class="broadcast-red"><b>The battle crashed</b><br />You can keep playing but it might crash again.</div>
|html|<div class="broadcast-red"><b>The battle crashed</b><br />You can keep playing but it might crash again.</div>
|html|<div class="broadcast-red"><b>The battle crashed</b><br />You can keep playing but it might crash again.</div>
|html|<div class="broadcast-red"><b>The battle crashed</b><br />You can keep playing but it might crash again.</div>
|html|<div class="broadcast-red"><b>The battle crashed</b><br />You can keep playing but it might crash again.</div>
|html|<div class="broadcast-red"><b>The battle crashed</b><br />You can keep playing but it might crash again.</div>
|html|<div class="broadcast-red"><b>The battle crashed</b><br />You can keep playing but it might crash again.</div>
|html|<div class="broadcast-red"><b>The battle crashed</b><br />You can keep playing but it might crash again.</div>
|html|<div class="broadcast-red"><b>The battle crashed</b><br />You can keep playing but it might crash again.</div>
|html|<div class="broadcast-red"><b>The battle crashed</b><br />You can keep playing but it might crash again.</div>
|html|<div class="broadcast-red"><b>The battle crashed</b><br />You can keep playing but it might crash again.</div>
|html|<div class="broadcast-red"><b>The battle crashed</b><br />You can keep playing but it might crash again.</div>
|html|<div class="broadcast-red"><b>The battle crashed</b><br />You can keep playing but it might crash again.</div>
|html|<div class="broadcast-red"><b>The battle crashed</b><br />You can keep playing but it might crash again.</div>
|html|<div class="broadcast-red"><b>The battle crashed</b><br />You can keep playing but it might crash again.</div>
|html|<div class="broadcast-red"><b>The battle crashed</b><br />You can keep playing but it might crash again.</div>
|html|<div class="broadcast-red"><b>The battle crashed</b><br />You can keep playing but it might crash again.</div>
|html|<div class="broadcast-red"><b>The battle crashed</b><br />You can keep playing but it might crash again.</div>
|html|<div class="broadcast-red"><b>The battle crashed</b><br />You can keep playing but it might crash again.</div>
|html|<div class="broadcast-red"><b>The battle crashed</b><br />You can keep playing but it might crash again.</div>
|html|<div class="broadcast-red"><b>The battle crashed</b><br />You can keep playing but it might crash again.</div>
|html|<div class="broadcast-red"><b>The battle crashed</b><br />You can keep playing but it might crash again.</div>
|html|<div class="broadcast-red"><b>The battle crashed</b><br />You can keep playing but it might crash again.</div>
|html|<div class="broadcast-red"><b>The battle crashed</b><br />You can keep playing but it might crash again.</div>
|html|<div class="broadcast-red"><b>The battle crashed</b><br />You can keep playing but it might crash again.</div>
|html|<div class="broadcast-red"><b>The battle crashed</b><br />You can keep playing but it might crash again.</div>
|html|<div class="broadcast-red"><b>The battle crashed</b><br />You can keep playing but it might crash again.</div>
|html|<div class="broadcast-red"><b>The battle crashed</b><br />You can keep playing but it might crash again.</div>
|html|<div class="broadcast-red"><b>The battle crashed</b><br />You can keep playing but it might crash again.</div>
|html|<div class="broadcast-red"><b>The battle crashed</b><br />You can keep playing but it might crash again.</div>
|html|<div class="broadcast-red"><b>The battle crashed</b><br />You can keep playing but it might crash again.</div>
|html|<div class="broadcast-red"><b>The battle crashed</b><br />You can keep playing but it might crash again.</div>
|html|<div class="broadcast-red"><b>The battle crashed</b><br />You can keep playing but it might crash again.</div>
|html|<div class="broadcast-red"><b>The battle crashed</b><br />You can keep playing but it might crash again.</div>
|html|<div class="broadcast-red"><b>The battle crashed</b><br />You can keep playing but it might crash again.</div>
|html|<div class="broadcast-red"><b>The battle crashed</b><br />You can keep playing but it might crash again.</div>
|html|<div class="broadcast-red"><b>The battle crashed</b><br />You can keep playing but it might crash again.</div>
|html|<div class="broadcast-red"><b>The battle crashed</b><br />You can keep playing but it might crash again.</div>
|html|<div class="broadcast-red"><b>The battle crashed</b><br />You can keep playing but it might crash again.</div>
|html|<div class="broadcast-red"><b>The battle crashed</b><br />You can keep playing but it might crash again.</div>
|html|<div class="broadcast-red"><b>The battle crashed</b><br />You can keep playing but it might crash again.</div>
|html|<div class="broadcast-red"><b>The battle crashed</b><br />You can keep playing but it might crash again.</div>
|html|<div class="broadcast-red"><b>The battle crashed</b><br />You can keep playing but it might crash again.</div>
|html|<div class="broadcast-red"><b>The battle crashed</b><br />You can keep playing but it might crash again.</div>
|html|<div class="broadcast-red"><b>The battle crashed</b><br />You can keep playing but it might crash again.</div>
|html|<div class="broadcast-red"><b>The battle crashed</b><br />You can keep playing but it might crash again.</div>
|html|<div class="broadcast-red"><b>The battle crashed</b><br />You can keep playing but it might crash again.</div>
|html|<div class="broadcast-red"><b>The battle crashed</b><br />You can keep playing but it might crash again.</div>
|html|<div class="broadcast-red"><b>The battle crashed</b><br />You can keep playing but it might crash again.</div>
|html|<div class="broadcast-red"><b>The battle crashed</b><br />You can keep playing but it might crash again.</div>
|html|<div class="broadcast-red"><b>The battle crashed</b><br />You can keep playing but it might crash again.</div>
|html|<div class="broadcast-red"><b>The battle crashed</b><br />You can keep playing but it might crash again.</div>
|html|<div class="broadcast-red"><b>The battle crashed</b><br />You can keep playing but it might crash again.</div>
|html|<div class="broadcast-red"><b>The battle crashed</b><br />You can keep playing but it might crash again.</div>
|html|<div class="broadcast-red"><b>The battle crashed</b><br />You can keep playing but it might crash again.</div>
|html|<div class="broadcast-red"><b>The battle crashed</b><br />You can keep playing but it might crash again.</div>
|html|<div class="broadcast-red"><b>The battle crashed</b><br />You can keep playing but it might crash again.</div>
|html|<div class="broadcast-red"><b>The battle crashed</b><br />You can keep playing but it might crash again.</div>
|html|<div class="broadcast-red"><b>The battle crashed</b><br />You can keep playing but it might crash again.</div>
|html|<div class="broadcast-red"><b>The battle crashed</b><br />You can keep playing but it might crash again.</div>
|html|<div class="broadcast-red"><b>The battle crashed</b><br />You can keep playing but it might crash again.</div>
|html|<div class="broadcast-red"><b>The battle crashed</b><br />You can keep playing but it might crash again.</div>
|html|<div class="broadcast-red"><b>The battle crashed</b><br />You can keep playing but it might crash again.</div>
|html|<div class="broadcast-red"><b>The battle crashed</b><br />You can keep playing but it might crash again.</div>
|html|<div class="broadcast-red"><b>The battle crashed</b><br />You can keep playing but it might crash again.</div>
|html|<div class="broadcast-red"><b>The battle crashed</b><br />You can keep playing but it might crash again.</div>
|html|<div class="broadcast-red"><b>The battle crashed</b><br />You can keep playing but it might crash again.</div>
|html|<div class="broadcast-red"><b>The battle crashed</b><br />You can keep playing but it might crash again.</div>
|html|<div class="broadcast-red"><b>The battle crashed</b><br />You can keep playing but it might crash again.</div>
|html|<div class="broadcast-red"><b>The battle crashed</b><br />You can keep playing but it might crash again.</div>
|html|<div class="broadcast-red"><b>The battle crashed</b><br />You can keep playing but it might crash again.</div>
|html|<div class="broadcast-red"><b>The battle crashed</b><br />You can keep playing but it might crash again.</div>
|html|<div class="broadcast-red"><b>The battle crashed</b><br />You can keep playing but it might crash again.</div>
|html|<div class="broadcast-red"><b>The battle crashed</b><br />You can keep playing but it might crash again.</div>
|html|<div class="broadcast-red"><b>The battle crashed</b><br />You can keep playing but it might crash again.</div>
|html|<div class="broadcast-red"><b>The battle crashed</b><br />You can keep playing but it might crash again.</div>
|html|<div class="broadcast-red"><b>The battle crashed</b><br />You can keep playing but it might crash again.</div>
|html|<div class="broadcast-red"><b>The battle crashed</b><br />You can keep playing but it might crash again.</div>
|html|<div class="broadcast-red"><b>The battle crashed</b><br />You can keep playing but it might crash again.</div>
|html|<div class="broadcast-red"><b>The battle crashed</b><br />You can keep playing but it might crash again.</div>
|html|<div class="broadcast-red"><b>The battle crashed</b><br />You can keep playing but it might crash again.</div>
|html|<div class="broadcast-red"><b>The battle crashed</b><br />You can keep playing but it might crash again.</div>
|html|<div class="broadcast-red"><b>The battle crashed</b><br />You can keep playing but it might crash again.</div>
|html|<div class="broadcast-red"><b>The battle crashed</b><br />You can keep playing but it might crash again.</div>
|html|<div class="broadcast-red"><b>The battle crashed</b><br />You can keep playing but it might crash again.</div>
|html|<div class="broadcast-red"><b>The battle crashed</b><br />You can keep playing but it might crash again.</div>
|html|<div class="broadcast-red"><b>The battle crashed</b><br />You can keep playing but it might crash again.</div>
|html|<div class="broadcast-red"><b>The battle crashed</b><br />You can keep playing but it might crash again.</div>
|html|<div class="broadcast-red"><b>The battle crashed</b><br />You can keep playing but it might crash again.</div>
|html|<div class="broadcast-red"><b>The battle crashed</b><br />You can keep playing but it might crash again.</div>
|html|<div class="broadcast-red"><b>The battle crashed</b><br />You can keep playing but it might crash again.</div>
|html|<div class="broadcast-red"><b>The battle crashed</b><br />You can keep playing but it might crash again.</div>
|html|<div class="broadcast-red"><b>The battle crashed</b><br />You can keep playing but it might crash again.</div>
|html|<div class="broadcast-red"><b>The battle crashed</b><br />You can keep playing but it might crash again.</div>
|html|<div class="broadcast-red"><b>The battle crashed</b><br />You can keep playing but it might crash again.</div>
|html|<div class="broadcast-red"><b>The battle crashed</b><br />You can keep playing but it might crash again.</div>
|html|<div class="broadcast-red"><b>The battle crashed</b><br />You can keep playing but it might crash again.</div>
|html|<div class="broadcast-red"><b>The battle crashed</b><br />You can keep playing but it might crash again.</div>
|html|<div class="broadcast-red"><b>The battle crashed</b><br />You can keep playing but it might crash again.</div>
|html|<div class="broadcast-red"><b>The battle crashed</b><br />You can keep playing but it might crash again.</div>
|html|<div class="broadcast-red"><b>The battle crashed</b><br />You can keep playing but it might crash again.</div>
|html|<div class="broadcast-red"><b>The battle crashed</b><br />You can keep playing but it might crash again.</div>
|html|<div class="broadcast-red"><b>The battle crashed</b><br />You can keep playing but it might crash again.</div>
|html|<div class="broadcast-red"><b>The battle crashed</b><br />You can keep playing but it might crash again.</div>
|html|<div class="broadcast-red"><b>The battle crashed</b><br />You can keep playing but it might crash again.</div>
|html|<div class="broadcast-red"><b>The battle crashed</b><br />You can keep playing but it might crash again.</div>
|html|<div class="broadcast-red"><b>The battle crashed</b><br />You can keep playing but it might crash again.</div>
|html|<div class="broadcast-red"><b>The battle crashed</b><br />You can keep playing but it might crash again.</div>
|html|<div class="broadcast-red"><b>The battle crashed</b><br />You can keep playing but it might crash again.</div>
|html|<div class="broadcast-red"><b>The battle crashed</b><br />You can keep playing but it might crash again.</div>
|html|<div class="broadcast-red"><b>The battle crashed</b><br />You can keep playing but it might crash again.</div>

TypeError: Cannot read property 'isActive' of null
    at Tools.Battle.makeRequest (/Users/clazinasteunenberg/Downloads/Test/battle-engine.js:1943:15)
    at process.BattlePokemon.side (/Users/clazinasteunenberg/Downloads/Test/battle-engine.js:157:13)
    at process.EventEmitter.emit (events.js:98:17)
    at handleMessage (child_process.js:318:10)
    at Pipe.channel.onread (child_process.js:345:11)

ReferenceError: potd is not defined
    at Tools.exports.BattleScripts.randomTeam (/Users/clazinasteunenberg/Downloads/Test/data/scripts.js:1522:8)
    at Tools.exports.BattleScripts.getTeam (/Users/clazinasteunenberg/Downloads/Test/data/scripts.js:488:16)
    at new BattleSide (/Users/clazinasteunenberg/Downloads/Test/battle-engine.js:1096:27)
    at Tools.Battle.join (/Users/clazinasteunenberg/Downloads/Test/battle-engine.js:3333:15)
    at Tools.Battle.receive (/Users/clazinasteunenberg/Downloads/Test/battle-engine.js:3390:9)
    at process.BattlePokemon.side (/Users/clazinasteunenberg/Downloads/Test/battle-engine.js:143:12)
    at process.EventEmitter.emit (events.js:98:17)
    at handleMessage (child_process.js:318:10)
    at Pipe.channel.onread (child_process.js:345:11)

Additional information:
message = battle-randombattle-497|join|p1|Meloetta<3V|134
currentRequest = 

Log:
|html|<div class="broadcast-red"><b>The battle crashed</b><br />You can keep playing but it might crash again.</div>
|html|<div class="broadcast-red"><b>The battle crashed</b><br />You can keep playing but it might crash again.</div>
|html|<div class="broadcast-red"><b>The battle crashed</b><br />You can keep playing but it might crash again.</div>
|html|<div class="broadcast-red"><b>The battle crashed</b><br />You can keep playing but it might crash again.</div>
|html|<div class="broadcast-red"><b>The battle crashed</b><br />You can keep playing but it might crash again.</div>
|html|<div class="broadcast-red"><b>The battle crashed</b><br />You can keep playing but it might crash again.</div>
|html|<div class="broadcast-red"><b>The battle crashed</b><br />You can keep playing but it might crash again.</div>
|html|<div class="broadcast-red"><b>The battle crashed</b><br />You can keep playing but it might crash again.</div>
|html|<div class="broadcast-red"><b>The battle crashed</b><br />You can keep playing but it might crash again.</div>
|html|<div class="broadcast-red"><b>The battle crashed</b><br />You can keep playing but it might crash again.</div>
|html|<div class="broadcast-red"><b>The battle crashed</b><br />You can keep playing but it might crash again.</div>
|html|<div class="broadcast-red"><b>The battle crashed</b><br />You can keep playing but it might crash again.</div>
|html|<div class="broadcast-red"><b>The battle crashed</b><br />You can keep playing but it might crash again.</div>
|html|<div class="broadcast-red"><b>The battle crashed</b><br />You can keep playing but it might crash again.</div>
|html|<div class="broadcast-red"><b>The battle crashed</b><br />You can keep playing but it might crash again.</div>
|html|<div class="broadcast-red"><b>The battle crashed</b><br />You can keep playing but it might crash again.</div>
|html|<div class="broadcast-red"><b>The battle crashed</b><br />You can keep playing but it might crash again.</div>
|html|<div class="broadcast-red"><b>The battle crashed</b><br />You can keep playing but it might crash again.</div>
|html|<div class="broadcast-red"><b>The battle crashed</b><br />You can keep playing but it might crash again.</div>
|html|<div class="broadcast-red"><b>The battle crashed</b><br />You can keep playing but it might crash again.</div>
|html|<div class="broadcast-red"><b>The battle crashed</b><br />You can keep playing but it might crash again.</div>
|html|<div class="broadcast-red"><b>The battle crashed</b><br />You can keep playing but it might crash again.</div>
|html|<div class="broadcast-red"><b>The battle crashed</b><br />You can keep playing but it might crash again.</div>
|html|<div class="broadcast-red"><b>The battle crashed</b><br />You can keep playing but it might crash again.</div>
|html|<div class="broadcast-red"><b>The battle crashed</b><br />You can keep playing but it might crash again.</div>
|html|<div class="broadcast-red"><b>The battle crashed</b><br />You can keep playing but it might crash again.</div>
|html|<div class="broadcast-red"><b>The battle crashed</b><br />You can keep playing but it might crash again.</div>
|html|<div class="broadcast-red"><b>The battle crashed</b><br />You can keep playing but it might crash again.</div>
|html|<div class="broadcast-red"><b>The battle crashed</b><br />You can keep playing but it might crash again.</div>
|html|<div class="broadcast-red"><b>The battle crashed</b><br />You can keep playing but it might crash again.</div>
|html|<div class="broadcast-red"><b>The battle crashed</b><br />You can keep playing but it might crash again.</div>
|html|<div class="broadcast-red"><b>The battle crashed</b><br />You can keep playing but it might crash again.</div>
|html|<div class="broadcast-red"><b>The battle crashed</b><br />You can keep playing but it might crash again.</div>
|html|<div class="broadcast-red"><b>The battle crashed</b><br />You can keep playing but it might crash again.</div>
|html|<div class="broadcast-red"><b>The battle crashed</b><br />You can keep playing but it might crash again.</div>
|html|<div class="broadcast-red"><b>The battle crashed</b><br />You can keep playing but it might crash again.</div>
|html|<div class="broadcast-red"><b>The battle crashed</b><br />You can keep playing but it might crash again.</div>
|html|<div class="broadcast-red"><b>The battle crashed</b><br />You can keep playing but it might crash again.</div>
|html|<div class="broadcast-red"><b>The battle crashed</b><br />You can keep playing but it might crash again.</div>
|html|<div class="broadcast-red"><b>The battle crashed</b><br />You can keep playing but it might crash again.</div>
|html|<div class="broadcast-red"><b>The battle crashed</b><br />You can keep playing but it might crash again.</div>
|html|<div class="broadcast-red"><b>The battle crashed</b><br />You can keep playing but it might crash again.</div>
|html|<div class="broadcast-red"><b>The battle crashed</b><br />You can keep playing but it might crash again.</div>
|html|<div class="broadcast-red"><b>The battle crashed</b><br />You can keep playing but it might crash again.</div>
|html|<div class="broadcast-red"><b>The battle crashed</b><br />You can keep playing but it might crash again.</div>
|html|<div class="broadcast-red"><b>The battle crashed</b><br />You can keep playing but it might crash again.</div>
|html|<div class="broadcast-red"><b>The battle crashed</b><br />You can keep playing but it might crash again.</div>
|html|<div class="broadcast-red"><b>The battle crashed</b><br />You can keep playing but it might crash again.</div>
|html|<div class="broadcast-red"><b>The battle crashed</b><br />You can keep playing but it might crash again.</div>
|html|<div class="broadcast-red"><b>The battle crashed</b><br />You can keep playing but it might crash again.</div>
|html|<div class="broadcast-red"><b>The battle crashed</b><br />You can keep playing but it might crash again.</div>
|html|<div class="broadcast-red"><b>The battle crashed</b><br />You can keep playing but it might crash again.</div>
|html|<div class="broadcast-red"><b>The battle crashed</b><br />You can keep playing but it might crash again.</div>
|html|<div class="broadcast-red"><b>The battle crashed</b><br />You can keep playing but it might crash again.</div>
|html|<div class="broadcast-red"><b>The battle crashed</b><br />You can keep playing but it might crash again.</div>
|html|<div class="broadcast-red"><b>The battle crashed</b><br />You can keep playing but it might crash again.</div>
|html|<div class="broadcast-red"><b>The battle crashed</b><br />You can keep playing but it might crash again.</div>
|html|<div class="broadcast-red"><b>The battle crashed</b><br />You can keep playing but it might crash again.</div>
|html|<div class="broadcast-red"><b>The battle crashed</b><br />You can keep playing but it might crash again.</div>
|html|<div class="broadcast-red"><b>The battle crashed</b><br />You can keep playing but it might crash again.</div>
|html|<div class="broadcast-red"><b>The battle crashed</b><br />You can keep playing but it might crash again.</div>
|html|<div class="broadcast-red"><b>The battle crashed</b><br />You can keep playing but it might crash again.</div>
|html|<div class="broadcast-red"><b>The battle crashed</b><br />You can keep playing but it might crash again.</div>
|html|<div class="broadcast-red"><b>The battle crashed</b><br />You can keep playing but it might crash again.</div>
|html|<div class="broadcast-red"><b>The battle crashed</b><br />You can keep playing but it might crash again.</div>
|html|<div class="broadcast-red"><b>The battle crashed</b><br />You can keep playing but it might crash again.</div>
|html|<div class="broadcast-red"><b>The battle crashed</b><br />You can keep playing but it might crash again.</div>
|html|<div class="broadcast-red"><b>The battle crashed</b><br />You can keep playing but it might crash again.</div>
|html|<div class="broadcast-red"><b>The battle crashed</b><br />You can keep playing but it might crash again.</div>
|html|<div class="broadcast-red"><b>The battle crashed</b><br />You can keep playing but it might crash again.</div>
|html|<div class="broadcast-red"><b>The battle crashed</b><br />You can keep playing but it might crash again.</div>
|html|<div class="broadcast-red"><b>The battle crashed</b><br />You can keep playing but it might crash again.</div>
|html|<div class="broadcast-red"><b>The battle crashed</b><br />You can keep playing but it might crash again.</div>
|html|<div class="broadcast-red"><b>The battle crashed</b><br />You can keep playing but it might crash again.</div>
|html|<div class="broadcast-red"><b>The battle crashed</b><br />You can keep playing but it might crash again.</div>
|html|<div class="broadcast-red"><b>The battle crashed</b><br />You can keep playing but it might crash again.</div>
|html|<div class="broadcast-red"><b>The battle crashed</b><br />You can keep playing but it might crash again.</div>
|html|<div class="broadcast-red"><b>The battle crashed</b><br />You can keep playing but it might crash again.</div>
|html|<div class="broadcast-red"><b>The battle crashed</b><br />You can keep playing but it might crash again.</div>
|html|<div class="broadcast-red"><b>The battle crashed</b><br />You can keep playing but it might crash again.</div>
|html|<div class="broadcast-red"><b>The battle crashed</b><br />You can keep playing but it might crash again.</div>
|html|<div class="broadcast-red"><b>The battle crashed</b><br />You can keep playing but it might crash again.</div>
|html|<div class="broadcast-red"><b>The battle crashed</b><br />You can keep playing but it might crash again.</div>
|html|<div class="broadcast-red"><b>The battle crashed</b><br />You can keep playing but it might crash again.</div>
|html|<div class="broadcast-red"><b>The battle crashed</b><br />You can keep playing but it might crash again.</div>
|html|<div class="broadcast-red"><b>The battle crashed</b><br />You can keep playing but it might crash again.</div>
|html|<div class="broadcast-red"><b>The battle crashed</b><br />You can keep playing but it might crash again.</div>
|html|<div class="broadcast-red"><b>The battle crashed</b><br />You can keep playing but it might crash again.</div>
|html|<div class="broadcast-red"><b>The battle crashed</b><br />You can keep playing but it might crash again.</div>
|html|<div class="broadcast-red"><b>The battle crashed</b><br />You can keep playing but it might crash again.</div>
|html|<div class="broadcast-red"><b>The battle crashed</b><br />You can keep playing but it might crash again.</div>
|html|<div class="broadcast-red"><b>The battle crashed</b><br />You can keep playing but it might crash again.</div>
|html|<div class="broadcast-red"><b>The battle crashed</b><br />You can keep playing but it might crash again.</div>
|html|<div class="broadcast-red"><b>The battle crashed</b><br />You can keep playing but it might crash again.</div>
|html|<div class="broadcast-red"><b>The battle crashed</b><br />You can keep playing but it might crash again.</div>
|html|<div class="broadcast-red"><b>The battle crashed</b><br />You can keep playing but it might crash again.</div>
|html|<div class="broadcast-red"><b>The battle crashed</b><br />You can keep playing but it might crash again.</div>
|html|<div class="broadcast-red"><b>The battle crashed</b><br />You can keep playing but it might crash again.</div>
|html|<div class="broadcast-red"><b>The battle crashed</b><br />You can keep playing but it might crash again.</div>
|html|<div class="broadcast-red"><b>The battle crashed</b><br />You can keep playing but it might crash again.</div>
|html|<div class="broadcast-red"><b>The battle crashed</b><br />You can keep playing but it might crash again.</div>
|html|<div class="broadcast-red"><b>The battle crashed</b><br />You can keep playing but it might crash again.</div>
|html|<div class="broadcast-red"><b>The battle crashed</b><br />You can keep playing but it might crash again.</div>
|html|<div class="broadcast-red"><b>The battle crashed</b><br />You can keep playing but it might crash again.</div>
|html|<div class="broadcast-red"><b>The battle crashed</b><br />You can keep playing but it might crash again.</div>
|html|<div class="broadcast-red"><b>The battle crashed</b><br />You can keep playing but it might crash again.</div>
|html|<div class="broadcast-red"><b>The battle crashed</b><br />You can keep playing but it might crash again.</div>
|html|<div class="broadcast-red"><b>The battle crashed</b><br />You can keep playing but it might crash again.</div>
|html|<div class="broadcast-red"><b>The battle crashed</b><br />You can keep playing but it might crash again.</div>
|html|<div class="broadcast-red"><b>The battle crashed</b><br />You can keep playing but it might crash again.</div>
|html|<div class="broadcast-red"><b>The battle crashed</b><br />You can keep playing but it might crash again.</div>
|html|<div class="broadcast-red"><b>The battle crashed</b><br />You can keep playing but it might crash again.</div>
|html|<div class="broadcast-red"><b>The battle crashed</b><br />You can keep playing but it might crash again.</div>
|html|<div class="broadcast-red"><b>The battle crashed</b><br />You can keep playing but it might crash again.</div>
|html|<div class="broadcast-red"><b>The battle crashed</b><br />You can keep playing but it might crash again.</div>
|html|<div class="broadcast-red"><b>The battle crashed</b><br />You can keep playing but it might crash again.</div>
|html|<div class="broadcast-red"><b>The battle crashed</b><br />You can keep playing but it might crash again.</div>
|html|<div class="broadcast-red"><b>The battle crashed</b><br />You can keep playing but it might crash again.</div>
|html|<div class="broadcast-red"><b>The battle crashed</b><br />You can keep playing but it might crash again.</div>
|html|<div class="broadcast-red"><b>The battle crashed</b><br />You can keep playing but it might crash again.</div>
|html|<div class="broadcast-red"><b>The battle crashed</b><br />You can keep playing but it might crash again.</div>
|html|<div class="broadcast-red"><b>The battle crashed</b><br />You can keep playing but it might crash again.</div>
|html|<div class="broadcast-red"><b>The battle crashed</b><br />You can keep playing but it might crash again.</div>
|html|<div class="broadcast-red"><b>The battle crashed</b><br />You can keep playing but it might crash again.</div>
|html|<div class="broadcast-red"><b>The battle crashed</b><br />You can keep playing but it might crash again.</div>
|html|<div class="broadcast-red"><b>The battle crashed</b><br />You can keep playing but it might crash again.</div>
|html|<div class="broadcast-red"><b>The battle crashed</b><br />You can keep playing but it might crash again.</div>
|html|<div class="broadcast-red"><b>The battle crashed</b><br />You can keep playing but it might crash again.</div>
|html|<div class="broadcast-red"><b>The battle crashed</b><br />You can keep playing but it might crash again.</div>

TypeError: Cannot read property 'isActive' of null
    at Tools.Battle.makeRequest (/Users/clazinasteunenberg/Downloads/Test/battle-engine.js:1943:15)
    at process.BattlePokemon.side (/Users/clazinasteunenberg/Downloads/Test/battle-engine.js:157:13)
    at process.EventEmitter.emit (events.js:98:17)
    at handleMessage (child_process.js:318:10)
    at Pipe.channel.onread (child_process.js:345:11)

TypeError: Cannot use 'in' operator to search for 'Rule:potd' in undefined
    at Tools.exports.BattleScripts.randomTeam (/Users/clazinasteunenberg/Downloads/Test/data/scripts.js:1482:38)
    at Tools.exports.BattleScripts.getTeam (/Users/clazinasteunenberg/Downloads/Test/data/scripts.js:494:16)
    at new BattleSide (/Users/clazinasteunenberg/Downloads/Test/battle-engine.js:1096:27)
    at Tools.Battle.join (/Users/clazinasteunenberg/Downloads/Test/battle-engine.js:3333:15)
    at Tools.Battle.receive (/Users/clazinasteunenberg/Downloads/Test/battle-engine.js:3390:9)
    at process.BattlePokemon.side (/Users/clazinasteunenberg/Downloads/Test/battle-engine.js:143:12)
    at process.EventEmitter.emit (events.js:98:17)
    at handleMessage (child_process.js:318:10)
    at Pipe.channel.onread (child_process.js:345:11)

Additional information:
message = battle-randombattle-478|join|p1|E4 GhostKiller|165
currentRequest = 

Log:
|html|<div class="broadcast-red"><b>The battle crashed</b><br />You can keep playing but it might crash again.</div>
|html|<div class="broadcast-red"><b>The battle crashed</b><br />You can keep playing but it might crash again.</div>
|html|<div class="broadcast-red"><b>The battle crashed</b><br />You can keep playing but it might crash again.</div>
|html|<div class="broadcast-red"><b>The battle crashed</b><br />You can keep playing but it might crash again.</div>
|html|<div class="broadcast-red"><b>The battle crashed</b><br />You can keep playing but it might crash again.</div>
|html|<div class="broadcast-red"><b>The battle crashed</b><br />You can keep playing but it might crash again.</div>
|html|<div class="broadcast-red"><b>The battle crashed</b><br />You can keep playing but it might crash again.</div>
|html|<div class="broadcast-red"><b>The battle crashed</b><br />You can keep playing but it might crash again.</div>
|html|<div class="broadcast-red"><b>The battle crashed</b><br />You can keep playing but it might crash again.</div>
|html|<div class="broadcast-red"><b>The battle crashed</b><br />You can keep playing but it might crash again.</div>
|html|<div class="broadcast-red"><b>The battle crashed</b><br />You can keep playing but it might crash again.</div>
|html|<div class="broadcast-red"><b>The battle crashed</b><br />You can keep playing but it might crash again.</div>
|html|<div class="broadcast-red"><b>The battle crashed</b><br />You can keep playing but it might crash again.</div>
|html|<div class="broadcast-red"><b>The battle crashed</b><br />You can keep playing but it might crash again.</div>
|html|<div class="broadcast-red"><b>The battle crashed</b><br />You can keep playing but it might crash again.</div>
|html|<div class="broadcast-red"><b>The battle crashed</b><br />You can keep playing but it might crash again.</div>
|html|<div class="broadcast-red"><b>The battle crashed</b><br />You can keep playing but it might crash again.</div>
|html|<div class="broadcast-red"><b>The battle crashed</b><br />You can keep playing but it might crash again.</div>
|html|<div class="broadcast-red"><b>The battle crashed</b><br />You can keep playing but it might crash again.</div>
|html|<div class="broadcast-red"><b>The battle crashed</b><br />You can keep playing but it might crash again.</div>
|html|<div class="broadcast-red"><b>The battle crashed</b><br />You can keep playing but it might crash again.</div>
|html|<div class="broadcast-red"><b>The battle crashed</b><br />You can keep playing but it might crash again.</div>
|html|<div class="broadcast-red"><b>The battle crashed</b><br />You can keep playing but it might crash again.</div>
|html|<div class="broadcast-red"><b>The battle crashed</b><br />You can keep playing but it might crash again.</div>
|html|<div class="broadcast-red"><b>The battle crashed</b><br />You can keep playing but it might crash again.</div>
|html|<div class="broadcast-red"><b>The battle crashed</b><br />You can keep playing but it might crash again.</div>
|html|<div class="broadcast-red"><b>The battle crashed</b><br />You can keep playing but it might crash again.</div>
|html|<div class="broadcast-red"><b>The battle crashed</b><br />You can keep playing but it might crash again.</div>
|html|<div class="broadcast-red"><b>The battle crashed</b><br />You can keep playing but it might crash again.</div>
|html|<div class="broadcast-red"><b>The battle crashed</b><br />You can keep playing but it might crash again.</div>
|html|<div class="broadcast-red"><b>The battle crashed</b><br />You can keep playing but it might crash again.</div>
|html|<div class="broadcast-red"><b>The battle crashed</b><br />You can keep playing but it might crash again.</div>
|html|<div class="broadcast-red"><b>The battle crashed</b><br />You can keep playing but it might crash again.</div>
|html|<div class="broadcast-red"><b>The battle crashed</b><br />You can keep playing but it might crash again.</div>
|html|<div class="broadcast-red"><b>The battle crashed</b><br />You can keep playing but it might crash again.</div>
|html|<div class="broadcast-red"><b>The battle crashed</b><br />You can keep playing but it might crash again.</div>
|html|<div class="broadcast-red"><b>The battle crashed</b><br />You can keep playing but it might crash again.</div>
|html|<div class="broadcast-red"><b>The battle crashed</b><br />You can keep playing but it might crash again.</div>
|html|<div class="broadcast-red"><b>The battle crashed</b><br />You can keep playing but it might crash again.</div>
|html|<div class="broadcast-red"><b>The battle crashed</b><br />You can keep playing but it might crash again.</div>
|html|<div class="broadcast-red"><b>The battle crashed</b><br />You can keep playing but it might crash again.</div>
|html|<div class="broadcast-red"><b>The battle crashed</b><br />You can keep playing but it might crash again.</div>
|html|<div class="broadcast-red"><b>The battle crashed</b><br />You can keep playing but it might crash again.</div>
|html|<div class="broadcast-red"><b>The battle crashed</b><br />You can keep playing but it might crash again.</div>
|html|<div class="broadcast-red"><b>The battle crashed</b><br />You can keep playing but it might crash again.</div>
|html|<div class="broadcast-red"><b>The battle crashed</b><br />You can keep playing but it might crash again.</div>
|html|<div class="broadcast-red"><b>The battle crashed</b><br />You can keep playing but it might crash again.</div>
|html|<div class="broadcast-red"><b>The battle crashed</b><br />You can keep playing but it might crash again.</div>
|html|<div class="broadcast-red"><b>The battle crashed</b><br />You can keep playing but it might crash again.</div>
|html|<div class="broadcast-red"><b>The battle crashed</b><br />You can keep playing but it might crash again.</div>
|html|<div class="broadcast-red"><b>The battle crashed</b><br />You can keep playing but it might crash again.</div>
|html|<div class="broadcast-red"><b>The battle crashed</b><br />You can keep playing but it might crash again.</div>
|html|<div class="broadcast-red"><b>The battle crashed</b><br />You can keep playing but it might crash again.</div>
|html|<div class="broadcast-red"><b>The battle crashed</b><br />You can keep playing but it might crash again.</div>
|html|<div class="broadcast-red"><b>The battle crashed</b><br />You can keep playing but it might crash again.</div>
|html|<div class="broadcast-red"><b>The battle crashed</b><br />You can keep playing but it might crash again.</div>
|html|<div class="broadcast-red"><b>The battle crashed</b><br />You can keep playing but it might crash again.</div>
|html|<div class="broadcast-red"><b>The battle crashed</b><br />You can keep playing but it might crash again.</div>
|html|<div class="broadcast-red"><b>The battle crashed</b><br />You can keep playing but it might crash again.</div>
|html|<div class="broadcast-red"><b>The battle crashed</b><br />You can keep playing but it might crash again.</div>
|html|<div class="broadcast-red"><b>The battle crashed</b><br />You can keep playing but it might crash again.</div>
|html|<div class="broadcast-red"><b>The battle crashed</b><br />You can keep playing but it might crash again.</div>
|html|<div class="broadcast-red"><b>The battle crashed</b><br />You can keep playing but it might crash again.</div>
|html|<div class="broadcast-red"><b>The battle crashed</b><br />You can keep playing but it might crash again.</div>
|html|<div class="broadcast-red"><b>The battle crashed</b><br />You can keep playing but it might crash again.</div>
|html|<div class="broadcast-red"><b>The battle crashed</b><br />You can keep playing but it might crash again.</div>
|html|<div class="broadcast-red"><b>The battle crashed</b><br />You can keep playing but it might crash again.</div>
|html|<div class="broadcast-red"><b>The battle crashed</b><br />You can keep playing but it might crash again.</div>
|html|<div class="broadcast-red"><b>The battle crashed</b><br />You can keep playing but it might crash again.</div>
|html|<div class="broadcast-red"><b>The battle crashed</b><br />You can keep playing but it might crash again.</div>
|html|<div class="broadcast-red"><b>The battle crashed</b><br />You can keep playing but it might crash again.</div>
|html|<div class="broadcast-red"><b>The battle crashed</b><br />You can keep playing but it might crash again.</div>
|html|<div class="broadcast-red"><b>The battle crashed</b><br />You can keep playing but it might crash again.</div>
|html|<div class="broadcast-red"><b>The battle crashed</b><br />You can keep playing but it might crash again.</div>
|html|<div class="broadcast-red"><b>The battle crashed</b><br />You can keep playing but it might crash again.</div>
|html|<div class="broadcast-red"><b>The battle crashed</b><br />You can keep playing but it might crash again.</div>

TypeError: Cannot read property 'isActive' of null
    at Tools.Battle.makeRequest (/Users/clazinasteunenberg/Downloads/Test/battle-engine.js:1943:15)
    at process.BattlePokemon.side (/Users/clazinasteunenberg/Downloads/Test/battle-engine.js:157:13)
    at process.EventEmitter.emit (events.js:98:17)
    at handleMessage (child_process.js:318:10)
    at Pipe.channel.onread (child_process.js:345:11)

ReferenceError: potd is not defined
    at Tools.exports.BattleScripts.randomTeam (/Users/clazinasteunenberg/Downloads/Test/data/scripts.js:1522:8)
    at Tools.exports.BattleScripts.getTeam (/Users/clazinasteunenberg/Downloads/Test/data/scripts.js:488:16)
    at new BattleSide (/Users/clazinasteunenberg/Downloads/Test/battle-engine.js:1096:27)
    at Tools.Battle.join (/Users/clazinasteunenberg/Downloads/Test/battle-engine.js:3333:15)
    at Tools.Battle.receive (/Users/clazinasteunenberg/Downloads/Test/battle-engine.js:3390:9)
    at process.BattlePokemon.side (/Users/clazinasteunenberg/Downloads/Test/battle-engine.js:143:12)
    at process.EventEmitter.emit (events.js:98:17)
    at handleMessage (child_process.js:318:10)
    at Pipe.channel.onread (child_process.js:345:11)

Additional information:
message = battle-randombattle-497|join|p1|Meloetta<3V|134
currentRequest = 

Log:
|html|<div class="broadcast-red"><b>The battle crashed</b><br />You can keep playing but it might crash again.</div>
|html|<div class="broadcast-red"><b>The battle crashed</b><br />You can keep playing but it might crash again.</div>
|html|<div class="broadcast-red"><b>The battle crashed</b><br />You can keep playing but it might crash again.</div>
|html|<div class="broadcast-red"><b>The battle crashed</b><br />You can keep playing but it might crash again.</div>
|html|<div class="broadcast-red"><b>The battle crashed</b><br />You can keep playing but it might crash again.</div>
|html|<div class="broadcast-red"><b>The battle crashed</b><br />You can keep playing but it might crash again.</div>
|html|<div class="broadcast-red"><b>The battle crashed</b><br />You can keep playing but it might crash again.</div>
|html|<div class="broadcast-red"><b>The battle crashed</b><br />You can keep playing but it might crash again.</div>
|html|<div class="broadcast-red"><b>The battle crashed</b><br />You can keep playing but it might crash again.</div>
|html|<div class="broadcast-red"><b>The battle crashed</b><br />You can keep playing but it might crash again.</div>
|html|<div class="broadcast-red"><b>The battle crashed</b><br />You can keep playing but it might crash again.</div>
|html|<div class="broadcast-red"><b>The battle crashed</b><br />You can keep playing but it might crash again.</div>
|html|<div class="broadcast-red"><b>The battle crashed</b><br />You can keep playing but it might crash again.</div>
|html|<div class="broadcast-red"><b>The battle crashed</b><br />You can keep playing but it might crash again.</div>
|html|<div class="broadcast-red"><b>The battle crashed</b><br />You can keep playing but it might crash again.</div>
|html|<div class="broadcast-red"><b>The battle crashed</b><br />You can keep playing but it might crash again.</div>
|html|<div class="broadcast-red"><b>The battle crashed</b><br />You can keep playing but it might crash again.</div>
|html|<div class="broadcast-red"><b>The battle crashed</b><br />You can keep playing but it might crash again.</div>
|html|<div class="broadcast-red"><b>The battle crashed</b><br />You can keep playing but it might crash again.</div>
|html|<div class="broadcast-red"><b>The battle crashed</b><br />You can keep playing but it might crash again.</div>
|html|<div class="broadcast-red"><b>The battle crashed</b><br />You can keep playing but it might crash again.</div>
|html|<div class="broadcast-red"><b>The battle crashed</b><br />You can keep playing but it might crash again.</div>
|html|<div class="broadcast-red"><b>The battle crashed</b><br />You can keep playing but it might crash again.</div>
|html|<div class="broadcast-red"><b>The battle crashed</b><br />You can keep playing but it might crash again.</div>
|html|<div class="broadcast-red"><b>The battle crashed</b><br />You can keep playing but it might crash again.</div>
|html|<div class="broadcast-red"><b>The battle crashed</b><br />You can keep playing but it might crash again.</div>
|html|<div class="broadcast-red"><b>The battle crashed</b><br />You can keep playing but it might crash again.</div>
|html|<div class="broadcast-red"><b>The battle crashed</b><br />You can keep playing but it might crash again.</div>
|html|<div class="broadcast-red"><b>The battle crashed</b><br />You can keep playing but it might crash again.</div>
|html|<div class="broadcast-red"><b>The battle crashed</b><br />You can keep playing but it might crash again.</div>
|html|<div class="broadcast-red"><b>The battle crashed</b><br />You can keep playing but it might crash again.</div>
|html|<div class="broadcast-red"><b>The battle crashed</b><br />You can keep playing but it might crash again.</div>
|html|<div class="broadcast-red"><b>The battle crashed</b><br />You can keep playing but it might crash again.</div>
|html|<div class="broadcast-red"><b>The battle crashed</b><br />You can keep playing but it might crash again.</div>
|html|<div class="broadcast-red"><b>The battle crashed</b><br />You can keep playing but it might crash again.</div>
|html|<div class="broadcast-red"><b>The battle crashed</b><br />You can keep playing but it might crash again.</div>
|html|<div class="broadcast-red"><b>The battle crashed</b><br />You can keep playing but it might crash again.</div>
|html|<div class="broadcast-red"><b>The battle crashed</b><br />You can keep playing but it might crash again.</div>
|html|<div class="broadcast-red"><b>The battle crashed</b><br />You can keep playing but it might crash again.</div>
|html|<div class="broadcast-red"><b>The battle crashed</b><br />You can keep playing but it might crash again.</div>
|html|<div class="broadcast-red"><b>The battle crashed</b><br />You can keep playing but it might crash again.</div>
|html|<div class="broadcast-red"><b>The battle crashed</b><br />You can keep playing but it might crash again.</div>
|html|<div class="broadcast-red"><b>The battle crashed</b><br />You can keep playing but it might crash again.</div>
|html|<div class="broadcast-red"><b>The battle crashed</b><br />You can keep playing but it might crash again.</div>
|html|<div class="broadcast-red"><b>The battle crashed</b><br />You can keep playing but it might crash again.</div>
|html|<div class="broadcast-red"><b>The battle crashed</b><br />You can keep playing but it might crash again.</div>
|html|<div class="broadcast-red"><b>The battle crashed</b><br />You can keep playing but it might crash again.</div>
|html|<div class="broadcast-red"><b>The battle crashed</b><br />You can keep playing but it might crash again.</div>
|html|<div class="broadcast-red"><b>The battle crashed</b><br />You can keep playing but it might crash again.</div>
|html|<div class="broadcast-red"><b>The battle crashed</b><br />You can keep playing but it might crash again.</div>
|html|<div class="broadcast-red"><b>The battle crashed</b><br />You can keep playing but it might crash again.</div>
|html|<div class="broadcast-red"><b>The battle crashed</b><br />You can keep playing but it might crash again.</div>
|html|<div class="broadcast-red"><b>The battle crashed</b><br />You can keep playing but it might crash again.</div>
|html|<div class="broadcast-red"><b>The battle crashed</b><br />You can keep playing but it might crash again.</div>
|html|<div class="broadcast-red"><b>The battle crashed</b><br />You can keep playing but it might crash again.</div>
|html|<div class="broadcast-red"><b>The battle crashed</b><br />You can keep playing but it might crash again.</div>
|html|<div class="broadcast-red"><b>The battle crashed</b><br />You can keep playing but it might crash again.</div>
|html|<div class="broadcast-red"><b>The battle crashed</b><br />You can keep playing but it might crash again.</div>
|html|<div class="broadcast-red"><b>The battle crashed</b><br />You can keep playing but it might crash again.</div>
|html|<div class="broadcast-red"><b>The battle crashed</b><br />You can keep playing but it might crash again.</div>
|html|<div class="broadcast-red"><b>The battle crashed</b><br />You can keep playing but it might crash again.</div>
|html|<div class="broadcast-red"><b>The battle crashed</b><br />You can keep playing but it might crash again.</div>
|html|<div class="broadcast-red"><b>The battle crashed</b><br />You can keep playing but it might crash again.</div>
|html|<div class="broadcast-red"><b>The battle crashed</b><br />You can keep playing but it might crash again.</div>
|html|<div class="broadcast-red"><b>The battle crashed</b><br />You can keep playing but it might crash again.</div>
|html|<div class="broadcast-red"><b>The battle crashed</b><br />You can keep playing but it might crash again.</div>
|html|<div class="broadcast-red"><b>The battle crashed</b><br />You can keep playing but it might crash again.</div>
|html|<div class="broadcast-red"><b>The battle crashed</b><br />You can keep playing but it might crash again.</div>
|html|<div class="broadcast-red"><b>The battle crashed</b><br />You can keep playing but it might crash again.</div>
|html|<div class="broadcast-red"><b>The battle crashed</b><br />You can keep playing but it might crash again.</div>
|html|<div class="broadcast-red"><b>The battle crashed</b><br />You can keep playing but it might crash again.</div>
|html|<div class="broadcast-red"><b>The battle crashed</b><br />You can keep playing but it might crash again.</div>
|html|<div class="broadcast-red"><b>The battle crashed</b><br />You can keep playing but it might crash again.</div>
|html|<div class="broadcast-red"><b>The battle crashed</b><br />You can keep playing but it might crash again.</div>
|html|<div class="broadcast-red"><b>The battle crashed</b><br />You can keep playing but it might crash again.</div>
|html|<div class="broadcast-red"><b>The battle crashed</b><br />You can keep playing but it might crash again.</div>
|html|<div class="broadcast-red"><b>The battle crashed</b><br />You can keep playing but it might crash again.</div>
|html|<div class="broadcast-red"><b>The battle crashed</b><br />You can keep playing but it might crash again.</div>
|html|<div class="broadcast-red"><b>The battle crashed</b><br />You can keep playing but it might crash again.</div>
|html|<div class="broadcast-red"><b>The battle crashed</b><br />You can keep playing but it might crash again.</div>
|html|<div class="broadcast-red"><b>The battle crashed</b><br />You can keep playing but it might crash again.</div>
|html|<div class="broadcast-red"><b>The battle crashed</b><br />You can keep playing but it might crash again.</div>
|html|<div class="broadcast-red"><b>The battle crashed</b><br />You can keep playing but it might crash again.</div>
|html|<div class="broadcast-red"><b>The battle crashed</b><br />You can keep playing but it might crash again.</div>
|html|<div class="broadcast-red"><b>The battle crashed</b><br />You can keep playing but it might crash again.</div>
|html|<div class="broadcast-red"><b>The battle crashed</b><br />You can keep playing but it might crash again.</div>
|html|<div class="broadcast-red"><b>The battle crashed</b><br />You can keep playing but it might crash again.</div>
|html|<div class="broadcast-red"><b>The battle crashed</b><br />You can keep playing but it might crash again.</div>
|html|<div class="broadcast-red"><b>The battle crashed</b><br />You can keep playing but it might crash again.</div>
|html|<div class="broadcast-red"><b>The battle crashed</b><br />You can keep playing but it might crash again.</div>
|html|<div class="broadcast-red"><b>The battle crashed</b><br />You can keep playing but it might crash again.</div>
|html|<div class="broadcast-red"><b>The battle crashed</b><br />You can keep playing but it might crash again.</div>
|html|<div class="broadcast-red"><b>The battle crashed</b><br />You can keep playing but it might crash again.</div>
|html|<div class="broadcast-red"><b>The battle crashed</b><br />You can keep playing but it might crash again.</div>
|html|<div class="broadcast-red"><b>The battle crashed</b><br />You can keep playing but it might crash again.</div>
|html|<div class="broadcast-red"><b>The battle crashed</b><br />You can keep playing but it might crash again.</div>
|html|<div class="broadcast-red"><b>The battle crashed</b><br />You can keep playing but it might crash again.</div>
|html|<div class="broadcast-red"><b>The battle crashed</b><br />You can keep playing but it might crash again.</div>
|html|<div class="broadcast-red"><b>The battle crashed</b><br />You can keep playing but it might crash again.</div>
|html|<div class="broadcast-red"><b>The battle crashed</b><br />You can keep playing but it might crash again.</div>
|html|<div class="broadcast-red"><b>The battle crashed</b><br />You can keep playing but it might crash again.</div>
|html|<div class="broadcast-red"><b>The battle crashed</b><br />You can keep playing but it might crash again.</div>
|html|<div class="broadcast-red"><b>The battle crashed</b><br />You can keep playing but it might crash again.</div>
|html|<div class="broadcast-red"><b>The battle crashed</b><br />You can keep playing but it might crash again.</div>
|html|<div class="broadcast-red"><b>The battle crashed</b><br />You can keep playing but it might crash again.</div>
|html|<div class="broadcast-red"><b>The battle crashed</b><br />You can keep playing but it might crash again.</div>
|html|<div class="broadcast-red"><b>The battle crashed</b><br />You can keep playing but it might crash again.</div>
|html|<div class="broadcast-red"><b>The battle crashed</b><br />You can keep playing but it might crash again.</div>
|html|<div class="broadcast-red"><b>The battle crashed</b><br />You can keep playing but it might crash again.</div>
|html|<div class="broadcast-red"><b>The battle crashed</b><br />You can keep playing but it might crash again.</div>
|html|<div class="broadcast-red"><b>The battle crashed</b><br />You can keep playing but it might crash again.</div>
|html|<div class="broadcast-red"><b>The battle crashed</b><br />You can keep playing but it might crash again.</div>
|html|<div class="broadcast-red"><b>The battle crashed</b><br />You can keep playing but it might crash again.</div>
|html|<div class="broadcast-red"><b>The battle crashed</b><br />You can keep playing but it might crash again.</div>
|html|<div class="broadcast-red"><b>The battle crashed</b><br />You can keep playing but it might crash again.</div>
|html|<div class="broadcast-red"><b>The battle crashed</b><br />You can keep playing but it might crash again.</div>
|html|<div class="broadcast-red"><b>The battle crashed</b><br />You can keep playing but it might crash again.</div>
|html|<div class="broadcast-red"><b>The battle crashed</b><br />You can keep playing but it might crash again.</div>
|html|<div class="broadcast-red"><b>The battle crashed</b><br />You can keep playing but it might crash again.</div>
|html|<div class="broadcast-red"><b>The battle crashed</b><br />You can keep playing but it might crash again.</div>
|html|<div class="broadcast-red"><b>The battle crashed</b><br />You can keep playing but it might crash again.</div>
|html|<div class="broadcast-red"><b>The battle crashed</b><br />You can keep playing but it might crash again.</div>
|html|<div class="broadcast-red"><b>The battle crashed</b><br />You can keep playing but it might crash again.</div>
|html|<div class="broadcast-red"><b>The battle crashed</b><br />You can keep playing but it might crash again.</div>
|html|<div class="broadcast-red"><b>The battle crashed</b><br />You can keep playing but it might crash again.</div>
|html|<div class="broadcast-red"><b>The battle crashed</b><br />You can keep playing but it might crash again.</div>
|html|<div class="broadcast-red"><b>The battle crashed</b><br />You can keep playing but it might crash again.</div>
|html|<div class="broadcast-red"><b>The battle crashed</b><br />You can keep playing but it might crash again.</div>
|html|<div class="broadcast-red"><b>The battle crashed</b><br />You can keep playing but it might crash again.</div>
|html|<div class="broadcast-red"><b>The battle crashed</b><br />You can keep playing but it might crash again.</div>

TypeError: Cannot read property 'isActive' of null
    at Tools.Battle.makeRequest (/Users/clazinasteunenberg/Downloads/Test/battle-engine.js:1943:15)
    at process.BattlePokemon.side (/Users/clazinasteunenberg/Downloads/Test/battle-engine.js:157:13)
    at process.EventEmitter.emit (events.js:98:17)
    at handleMessage (child_process.js:318:10)
    at Pipe.channel.onread (child_process.js:345:11)

ReferenceError: potd is not defined
    at Tools.exports.BattleScripts.randomTeam (/Users/clazinasteunenberg/Downloads/Test/data/scripts.js:1522:8)
    at Tools.exports.BattleScripts.getTeam (/Users/clazinasteunenberg/Downloads/Test/data/scripts.js:488:16)
    at new BattleSide (/Users/clazinasteunenberg/Downloads/Test/battle-engine.js:1096:27)
    at Tools.Battle.join (/Users/clazinasteunenberg/Downloads/Test/battle-engine.js:3333:15)
    at Tools.Battle.receive (/Users/clazinasteunenberg/Downloads/Test/battle-engine.js:3390:9)
    at process.BattlePokemon.side (/Users/clazinasteunenberg/Downloads/Test/battle-engine.js:143:12)
    at process.EventEmitter.emit (events.js:98:17)
    at handleMessage (child_process.js:318:10)
    at Pipe.channel.onread (child_process.js:345:11)

Additional information:
message = battle-randombattle-497|join|p1|Meloetta<3V|134
currentRequest = 

Log:
|html|<div class="broadcast-red"><b>The battle crashed</b><br />You can keep playing but it might crash again.</div>
|html|<div class="broadcast-red"><b>The battle crashed</b><br />You can keep playing but it might crash again.</div>
|html|<div class="broadcast-red"><b>The battle crashed</b><br />You can keep playing but it might crash again.</div>
|html|<div class="broadcast-red"><b>The battle crashed</b><br />You can keep playing but it might crash again.</div>
|html|<div class="broadcast-red"><b>The battle crashed</b><br />You can keep playing but it might crash again.</div>
|html|<div class="broadcast-red"><b>The battle crashed</b><br />You can keep playing but it might crash again.</div>
|html|<div class="broadcast-red"><b>The battle crashed</b><br />You can keep playing but it might crash again.</div>
|html|<div class="broadcast-red"><b>The battle crashed</b><br />You can keep playing but it might crash again.</div>
|html|<div class="broadcast-red"><b>The battle crashed</b><br />You can keep playing but it might crash again.</div>
|html|<div class="broadcast-red"><b>The battle crashed</b><br />You can keep playing but it might crash again.</div>
|html|<div class="broadcast-red"><b>The battle crashed</b><br />You can keep playing but it might crash again.</div>
|html|<div class="broadcast-red"><b>The battle crashed</b><br />You can keep playing but it might crash again.</div>
|html|<div class="broadcast-red"><b>The battle crashed</b><br />You can keep playing but it might crash again.</div>
|html|<div class="broadcast-red"><b>The battle crashed</b><br />You can keep playing but it might crash again.</div>
|html|<div class="broadcast-red"><b>The battle crashed</b><br />You can keep playing but it might crash again.</div>
|html|<div class="broadcast-red"><b>The battle crashed</b><br />You can keep playing but it might crash again.</div>
|html|<div class="broadcast-red"><b>The battle crashed</b><br />You can keep playing but it might crash again.</div>
|html|<div class="broadcast-red"><b>The battle crashed</b><br />You can keep playing but it might crash again.</div>
|html|<div class="broadcast-red"><b>The battle crashed</b><br />You can keep playing but it might crash again.</div>
|html|<div class="broadcast-red"><b>The battle crashed</b><br />You can keep playing but it might crash again.</div>
|html|<div class="broadcast-red"><b>The battle crashed</b><br />You can keep playing but it might crash again.</div>
|html|<div class="broadcast-red"><b>The battle crashed</b><br />You can keep playing but it might crash again.</div>
|html|<div class="broadcast-red"><b>The battle crashed</b><br />You can keep playing but it might crash again.</div>
|html|<div class="broadcast-red"><b>The battle crashed</b><br />You can keep playing but it might crash again.</div>
|html|<div class="broadcast-red"><b>The battle crashed</b><br />You can keep playing but it might crash again.</div>
|html|<div class="broadcast-red"><b>The battle crashed</b><br />You can keep playing but it might crash again.</div>
|html|<div class="broadcast-red"><b>The battle crashed</b><br />You can keep playing but it might crash again.</div>
|html|<div class="broadcast-red"><b>The battle crashed</b><br />You can keep playing but it might crash again.</div>
|html|<div class="broadcast-red"><b>The battle crashed</b><br />You can keep playing but it might crash again.</div>
|html|<div class="broadcast-red"><b>The battle crashed</b><br />You can keep playing but it might crash again.</div>
|html|<div class="broadcast-red"><b>The battle crashed</b><br />You can keep playing but it might crash again.</div>
|html|<div class="broadcast-red"><b>The battle crashed</b><br />You can keep playing but it might crash again.</div>
|html|<div class="broadcast-red"><b>The battle crashed</b><br />You can keep playing but it might crash again.</div>
|html|<div class="broadcast-red"><b>The battle crashed</b><br />You can keep playing but it might crash again.</div>
|html|<div class="broadcast-red"><b>The battle crashed</b><br />You can keep playing but it might crash again.</div>
|html|<div class="broadcast-red"><b>The battle crashed</b><br />You can keep playing but it might crash again.</div>
|html|<div class="broadcast-red"><b>The battle crashed</b><br />You can keep playing but it might crash again.</div>
|html|<div class="broadcast-red"><b>The battle crashed</b><br />You can keep playing but it might crash again.</div>
|html|<div class="broadcast-red"><b>The battle crashed</b><br />You can keep playing but it might crash again.</div>
|html|<div class="broadcast-red"><b>The battle crashed</b><br />You can keep playing but it might crash again.</div>
|html|<div class="broadcast-red"><b>The battle crashed</b><br />You can keep playing but it might crash again.</div>
|html|<div class="broadcast-red"><b>The battle crashed</b><br />You can keep playing but it might crash again.</div>
|html|<div class="broadcast-red"><b>The battle crashed</b><br />You can keep playing but it might crash again.</div>
|html|<div class="broadcast-red"><b>The battle crashed</b><br />You can keep playing but it might crash again.</div>
|html|<div class="broadcast-red"><b>The battle crashed</b><br />You can keep playing but it might crash again.</div>
|html|<div class="broadcast-red"><b>The battle crashed</b><br />You can keep playing but it might crash again.</div>
|html|<div class="broadcast-red"><b>The battle crashed</b><br />You can keep playing but it might crash again.</div>
|html|<div class="broadcast-red"><b>The battle crashed</b><br />You can keep playing but it might crash again.</div>
|html|<div class="broadcast-red"><b>The battle crashed</b><br />You can keep playing but it might crash again.</div>
|html|<div class="broadcast-red"><b>The battle crashed</b><br />You can keep playing but it might crash again.</div>
|html|<div class="broadcast-red"><b>The battle crashed</b><br />You can keep playing but it might crash again.</div>
|html|<div class="broadcast-red"><b>The battle crashed</b><br />You can keep playing but it might crash again.</div>
|html|<div class="broadcast-red"><b>The battle crashed</b><br />You can keep playing but it might crash again.</div>
|html|<div class="broadcast-red"><b>The battle crashed</b><br />You can keep playing but it might crash again.</div>
|html|<div class="broadcast-red"><b>The battle crashed</b><br />You can keep playing but it might crash again.</div>
|html|<div class="broadcast-red"><b>The battle crashed</b><br />You can keep playing but it might crash again.</div>
|html|<div class="broadcast-red"><b>The battle crashed</b><br />You can keep playing but it might crash again.</div>
|html|<div class="broadcast-red"><b>The battle crashed</b><br />You can keep playing but it might crash again.</div>
|html|<div class="broadcast-red"><b>The battle crashed</b><br />You can keep playing but it might crash again.</div>
|html|<div class="broadcast-red"><b>The battle crashed</b><br />You can keep playing but it might crash again.</div>
|html|<div class="broadcast-red"><b>The battle crashed</b><br />You can keep playing but it might crash again.</div>
|html|<div class="broadcast-red"><b>The battle crashed</b><br />You can keep playing but it might crash again.</div>
|html|<div class="broadcast-red"><b>The battle crashed</b><br />You can keep playing but it might crash again.</div>
|html|<div class="broadcast-red"><b>The battle crashed</b><br />You can keep playing but it might crash again.</div>
|html|<div class="broadcast-red"><b>The battle crashed</b><br />You can keep playing but it might crash again.</div>
|html|<div class="broadcast-red"><b>The battle crashed</b><br />You can keep playing but it might crash again.</div>
|html|<div class="broadcast-red"><b>The battle crashed</b><br />You can keep playing but it might crash again.</div>
|html|<div class="broadcast-red"><b>The battle crashed</b><br />You can keep playing but it might crash again.</div>
|html|<div class="broadcast-red"><b>The battle crashed</b><br />You can keep playing but it might crash again.</div>
|html|<div class="broadcast-red"><b>The battle crashed</b><br />You can keep playing but it might crash again.</div>
|html|<div class="broadcast-red"><b>The battle crashed</b><br />You can keep playing but it might crash again.</div>
|html|<div class="broadcast-red"><b>The battle crashed</b><br />You can keep playing but it might crash again.</div>
|html|<div class="broadcast-red"><b>The battle crashed</b><br />You can keep playing but it might crash again.</div>
|html|<div class="broadcast-red"><b>The battle crashed</b><br />You can keep playing but it might crash again.</div>
|html|<div class="broadcast-red"><b>The battle crashed</b><br />You can keep playing but it might crash again.</div>
|html|<div class="broadcast-red"><b>The battle crashed</b><br />You can keep playing but it might crash again.</div>
|html|<div class="broadcast-red"><b>The battle crashed</b><br />You can keep playing but it might crash again.</div>
|html|<div class="broadcast-red"><b>The battle crashed</b><br />You can keep playing but it might crash again.</div>
|html|<div class="broadcast-red"><b>The battle crashed</b><br />You can keep playing but it might crash again.</div>
|html|<div class="broadcast-red"><b>The battle crashed</b><br />You can keep playing but it might crash again.</div>
|html|<div class="broadcast-red"><b>The battle crashed</b><br />You can keep playing but it might crash again.</div>
|html|<div class="broadcast-red"><b>The battle crashed</b><br />You can keep playing but it might crash again.</div>
|html|<div class="broadcast-red"><b>The battle crashed</b><br />You can keep playing but it might crash again.</div>
|html|<div class="broadcast-red"><b>The battle crashed</b><br />You can keep playing but it might crash again.</div>
|html|<div class="broadcast-red"><b>The battle crashed</b><br />You can keep playing but it might crash again.</div>
|html|<div class="broadcast-red"><b>The battle crashed</b><br />You can keep playing but it might crash again.</div>
|html|<div class="broadcast-red"><b>The battle crashed</b><br />You can keep playing but it might crash again.</div>
|html|<div class="broadcast-red"><b>The battle crashed</b><br />You can keep playing but it might crash again.</div>
|html|<div class="broadcast-red"><b>The battle crashed</b><br />You can keep playing but it might crash again.</div>
|html|<div class="broadcast-red"><b>The battle crashed</b><br />You can keep playing but it might crash again.</div>
|html|<div class="broadcast-red"><b>The battle crashed</b><br />You can keep playing but it might crash again.</div>
|html|<div class="broadcast-red"><b>The battle crashed</b><br />You can keep playing but it might crash again.</div>
|html|<div class="broadcast-red"><b>The battle crashed</b><br />You can keep playing but it might crash again.</div>
|html|<div class="broadcast-red"><b>The battle crashed</b><br />You can keep playing but it might crash again.</div>
|html|<div class="broadcast-red"><b>The battle crashed</b><br />You can keep playing but it might crash again.</div>
|html|<div class="broadcast-red"><b>The battle crashed</b><br />You can keep playing but it might crash again.</div>
|html|<div class="broadcast-red"><b>The battle crashed</b><br />You can keep playing but it might crash again.</div>
|html|<div class="broadcast-red"><b>The battle crashed</b><br />You can keep playing but it might crash again.</div>
|html|<div class="broadcast-red"><b>The battle crashed</b><br />You can keep playing but it might crash again.</div>
|html|<div class="broadcast-red"><b>The battle crashed</b><br />You can keep playing but it might crash again.</div>
|html|<div class="broadcast-red"><b>The battle crashed</b><br />You can keep playing but it might crash again.</div>
|html|<div class="broadcast-red"><b>The battle crashed</b><br />You can keep playing but it might crash again.</div>
|html|<div class="broadcast-red"><b>The battle crashed</b><br />You can keep playing but it might crash again.</div>
|html|<div class="broadcast-red"><b>The battle crashed</b><br />You can keep playing but it might crash again.</div>
|html|<div class="broadcast-red"><b>The battle crashed</b><br />You can keep playing but it might crash again.</div>
|html|<div class="broadcast-red"><b>The battle crashed</b><br />You can keep playing but it might crash again.</div>
|html|<div class="broadcast-red"><b>The battle crashed</b><br />You can keep playing but it might crash again.</div>
|html|<div class="broadcast-red"><b>The battle crashed</b><br />You can keep playing but it might crash again.</div>
|html|<div class="broadcast-red"><b>The battle crashed</b><br />You can keep playing but it might crash again.</div>
|html|<div class="broadcast-red"><b>The battle crashed</b><br />You can keep playing but it might crash again.</div>
|html|<div class="broadcast-red"><b>The battle crashed</b><br />You can keep playing but it might crash again.</div>
|html|<div class="broadcast-red"><b>The battle crashed</b><br />You can keep playing but it might crash again.</div>
|html|<div class="broadcast-red"><b>The battle crashed</b><br />You can keep playing but it might crash again.</div>
|html|<div class="broadcast-red"><b>The battle crashed</b><br />You can keep playing but it might crash again.</div>
|html|<div class="broadcast-red"><b>The battle crashed</b><br />You can keep playing but it might crash again.</div>
|html|<div class="broadcast-red"><b>The battle crashed</b><br />You can keep playing but it might crash again.</div>
|html|<div class="broadcast-red"><b>The battle crashed</b><br />You can keep playing but it might crash again.</div>
|html|<div class="broadcast-red"><b>The battle crashed</b><br />You can keep playing but it might crash again.</div>
|html|<div class="broadcast-red"><b>The battle crashed</b><br />You can keep playing but it might crash again.</div>
|html|<div class="broadcast-red"><b>The battle crashed</b><br />You can keep playing but it might crash again.</div>
|html|<div class="broadcast-red"><b>The battle crashed</b><br />You can keep playing but it might crash again.</div>
|html|<div class="broadcast-red"><b>The battle crashed</b><br />You can keep playing but it might crash again.</div>
|html|<div class="broadcast-red"><b>The battle crashed</b><br />You can keep playing but it might crash again.</div>
|html|<div class="broadcast-red"><b>The battle crashed</b><br />You can keep playing but it might crash again.</div>
|html|<div class="broadcast-red"><b>The battle crashed</b><br />You can keep playing but it might crash again.</div>
|html|<div class="broadcast-red"><b>The battle crashed</b><br />You can keep playing but it might crash again.</div>
|html|<div class="broadcast-red"><b>The battle crashed</b><br />You can keep playing but it might crash again.</div>
|html|<div class="broadcast-red"><b>The battle crashed</b><br />You can keep playing but it might crash again.</div>
|html|<div class="broadcast-red"><b>The battle crashed</b><br />You can keep playing but it might crash again.</div>
|html|<div class="broadcast-red"><b>The battle crashed</b><br />You can keep playing but it might crash again.</div>
|html|<div class="broadcast-red"><b>The battle crashed</b><br />You can keep playing but it might crash again.</div>

TypeError: Cannot read property 'isActive' of null
    at Tools.Battle.makeRequest (/Users/clazinasteunenberg/Downloads/Test/battle-engine.js:1943:15)
    at process.BattlePokemon.side (/Users/clazinasteunenberg/Downloads/Test/battle-engine.js:157:13)
    at process.EventEmitter.emit (events.js:98:17)
    at handleMessage (child_process.js:318:10)
    at Pipe.channel.onread (child_process.js:345:11)

ReferenceError: potd is not defined
    at Tools.exports.BattleScripts.randomTeam (/Users/clazinasteunenberg/Downloads/Test/data/scripts.js:1522:8)
    at Tools.exports.BattleScripts.getTeam (/Users/clazinasteunenberg/Downloads/Test/data/scripts.js:488:16)
    at new BattleSide (/Users/clazinasteunenberg/Downloads/Test/battle-engine.js:1096:27)
    at Tools.Battle.join (/Users/clazinasteunenberg/Downloads/Test/battle-engine.js:3333:15)
    at Tools.Battle.receive (/Users/clazinasteunenberg/Downloads/Test/battle-engine.js:3390:9)
    at process.BattlePokemon.side (/Users/clazinasteunenberg/Downloads/Test/battle-engine.js:143:12)
    at process.EventEmitter.emit (events.js:98:17)
    at handleMessage (child_process.js:318:10)
    at Pipe.channel.onread (child_process.js:345:11)

Additional information:
message = battle-randombattle-497|join|p1|Meloetta<3V|134
currentRequest = 

Log:
|html|<div class="broadcast-red"><b>The battle crashed</b><br />You can keep playing but it might crash again.</div>
|html|<div class="broadcast-red"><b>The battle crashed</b><br />You can keep playing but it might crash again.</div>
|html|<div class="broadcast-red"><b>The battle crashed</b><br />You can keep playing but it might crash again.</div>
|html|<div class="broadcast-red"><b>The battle crashed</b><br />You can keep playing but it might crash again.</div>
|html|<div class="broadcast-red"><b>The battle crashed</b><br />You can keep playing but it might crash again.</div>
|html|<div class="broadcast-red"><b>The battle crashed</b><br />You can keep playing but it might crash again.</div>
|html|<div class="broadcast-red"><b>The battle crashed</b><br />You can keep playing but it might crash again.</div>
|html|<div class="broadcast-red"><b>The battle crashed</b><br />You can keep playing but it might crash again.</div>
|html|<div class="broadcast-red"><b>The battle crashed</b><br />You can keep playing but it might crash again.</div>
|html|<div class="broadcast-red"><b>The battle crashed</b><br />You can keep playing but it might crash again.</div>
|html|<div class="broadcast-red"><b>The battle crashed</b><br />You can keep playing but it might crash again.</div>
|html|<div class="broadcast-red"><b>The battle crashed</b><br />You can keep playing but it might crash again.</div>
|html|<div class="broadcast-red"><b>The battle crashed</b><br />You can keep playing but it might crash again.</div>
|html|<div class="broadcast-red"><b>The battle crashed</b><br />You can keep playing but it might crash again.</div>
|html|<div class="broadcast-red"><b>The battle crashed</b><br />You can keep playing but it might crash again.</div>
|html|<div class="broadcast-red"><b>The battle crashed</b><br />You can keep playing but it might crash again.</div>
|html|<div class="broadcast-red"><b>The battle crashed</b><br />You can keep playing but it might crash again.</div>
|html|<div class="broadcast-red"><b>The battle crashed</b><br />You can keep playing but it might crash again.</div>
|html|<div class="broadcast-red"><b>The battle crashed</b><br />You can keep playing but it might crash again.</div>
|html|<div class="broadcast-red"><b>The battle crashed</b><br />You can keep playing but it might crash again.</div>
|html|<div class="broadcast-red"><b>The battle crashed</b><br />You can keep playing but it might crash again.</div>
|html|<div class="broadcast-red"><b>The battle crashed</b><br />You can keep playing but it might crash again.</div>
|html|<div class="broadcast-red"><b>The battle crashed</b><br />You can keep playing but it might crash again.</div>
|html|<div class="broadcast-red"><b>The battle crashed</b><br />You can keep playing but it might crash again.</div>
|html|<div class="broadcast-red"><b>The battle crashed</b><br />You can keep playing but it might crash again.</div>
|html|<div class="broadcast-red"><b>The battle crashed</b><br />You can keep playing but it might crash again.</div>
|html|<div class="broadcast-red"><b>The battle crashed</b><br />You can keep playing but it might crash again.</div>
|html|<div class="broadcast-red"><b>The battle crashed</b><br />You can keep playing but it might crash again.</div>
|html|<div class="broadcast-red"><b>The battle crashed</b><br />You can keep playing but it might crash again.</div>
|html|<div class="broadcast-red"><b>The battle crashed</b><br />You can keep playing but it might crash again.</div>
|html|<div class="broadcast-red"><b>The battle crashed</b><br />You can keep playing but it might crash again.</div>
|html|<div class="broadcast-red"><b>The battle crashed</b><br />You can keep playing but it might crash again.</div>
|html|<div class="broadcast-red"><b>The battle crashed</b><br />You can keep playing but it might crash again.</div>
|html|<div class="broadcast-red"><b>The battle crashed</b><br />You can keep playing but it might crash again.</div>
|html|<div class="broadcast-red"><b>The battle crashed</b><br />You can keep playing but it might crash again.</div>
|html|<div class="broadcast-red"><b>The battle crashed</b><br />You can keep playing but it might crash again.</div>
|html|<div class="broadcast-red"><b>The battle crashed</b><br />You can keep playing but it might crash again.</div>
|html|<div class="broadcast-red"><b>The battle crashed</b><br />You can keep playing but it might crash again.</div>
|html|<div class="broadcast-red"><b>The battle crashed</b><br />You can keep playing but it might crash again.</div>
|html|<div class="broadcast-red"><b>The battle crashed</b><br />You can keep playing but it might crash again.</div>
|html|<div class="broadcast-red"><b>The battle crashed</b><br />You can keep playing but it might crash again.</div>
|html|<div class="broadcast-red"><b>The battle crashed</b><br />You can keep playing but it might crash again.</div>
|html|<div class="broadcast-red"><b>The battle crashed</b><br />You can keep playing but it might crash again.</div>
|html|<div class="broadcast-red"><b>The battle crashed</b><br />You can keep playing but it might crash again.</div>
|html|<div class="broadcast-red"><b>The battle crashed</b><br />You can keep playing but it might crash again.</div>
|html|<div class="broadcast-red"><b>The battle crashed</b><br />You can keep playing but it might crash again.</div>
|html|<div class="broadcast-red"><b>The battle crashed</b><br />You can keep playing but it might crash again.</div>
|html|<div class="broadcast-red"><b>The battle crashed</b><br />You can keep playing but it might crash again.</div>
|html|<div class="broadcast-red"><b>The battle crashed</b><br />You can keep playing but it might crash again.</div>
|html|<div class="broadcast-red"><b>The battle crashed</b><br />You can keep playing but it might crash again.</div>
|html|<div class="broadcast-red"><b>The battle crashed</b><br />You can keep playing but it might crash again.</div>
|html|<div class="broadcast-red"><b>The battle crashed</b><br />You can keep playing but it might crash again.</div>
|html|<div class="broadcast-red"><b>The battle crashed</b><br />You can keep playing but it might crash again.</div>
|html|<div class="broadcast-red"><b>The battle crashed</b><br />You can keep playing but it might crash again.</div>
|html|<div class="broadcast-red"><b>The battle crashed</b><br />You can keep playing but it might crash again.</div>
|html|<div class="broadcast-red"><b>The battle crashed</b><br />You can keep playing but it might crash again.</div>
|html|<div class="broadcast-red"><b>The battle crashed</b><br />You can keep playing but it might crash again.</div>
|html|<div class="broadcast-red"><b>The battle crashed</b><br />You can keep playing but it might crash again.</div>
|html|<div class="broadcast-red"><b>The battle crashed</b><br />You can keep playing but it might crash again.</div>
|html|<div class="broadcast-red"><b>The battle crashed</b><br />You can keep playing but it might crash again.</div>
|html|<div class="broadcast-red"><b>The battle crashed</b><br />You can keep playing but it might crash again.</div>
|html|<div class="broadcast-red"><b>The battle crashed</b><br />You can keep playing but it might crash again.</div>
|html|<div class="broadcast-red"><b>The battle crashed</b><br />You can keep playing but it might crash again.</div>
|html|<div class="broadcast-red"><b>The battle crashed</b><br />You can keep playing but it might crash again.</div>
|html|<div class="broadcast-red"><b>The battle crashed</b><br />You can keep playing but it might crash again.</div>
|html|<div class="broadcast-red"><b>The battle crashed</b><br />You can keep playing but it might crash again.</div>
|html|<div class="broadcast-red"><b>The battle crashed</b><br />You can keep playing but it might crash again.</div>
|html|<div class="broadcast-red"><b>The battle crashed</b><br />You can keep playing but it might crash again.</div>
|html|<div class="broadcast-red"><b>The battle crashed</b><br />You can keep playing but it might crash again.</div>
|html|<div class="broadcast-red"><b>The battle crashed</b><br />You can keep playing but it might crash again.</div>
|html|<div class="broadcast-red"><b>The battle crashed</b><br />You can keep playing but it might crash again.</div>
|html|<div class="broadcast-red"><b>The battle crashed</b><br />You can keep playing but it might crash again.</div>
|html|<div class="broadcast-red"><b>The battle crashed</b><br />You can keep playing but it might crash again.</div>
|html|<div class="broadcast-red"><b>The battle crashed</b><br />You can keep playing but it might crash again.</div>
|html|<div class="broadcast-red"><b>The battle crashed</b><br />You can keep playing but it might crash again.</div>
|html|<div class="broadcast-red"><b>The battle crashed</b><br />You can keep playing but it might crash again.</div>
|html|<div class="broadcast-red"><b>The battle crashed</b><br />You can keep playing but it might crash again.</div>
|html|<div class="broadcast-red"><b>The battle crashed</b><br />You can keep playing but it might crash again.</div>
|html|<div class="broadcast-red"><b>The battle crashed</b><br />You can keep playing but it might crash again.</div>
|html|<div class="broadcast-red"><b>The battle crashed</b><br />You can keep playing but it might crash again.</div>
|html|<div class="broadcast-red"><b>The battle crashed</b><br />You can keep playing but it might crash again.</div>
|html|<div class="broadcast-red"><b>The battle crashed</b><br />You can keep playing but it might crash again.</div>
|html|<div class="broadcast-red"><b>The battle crashed</b><br />You can keep playing but it might crash again.</div>
|html|<div class="broadcast-red"><b>The battle crashed</b><br />You can keep playing but it might crash again.</div>
|html|<div class="broadcast-red"><b>The battle crashed</b><br />You can keep playing but it might crash again.</div>
|html|<div class="broadcast-red"><b>The battle crashed</b><br />You can keep playing but it might crash again.</div>
|html|<div class="broadcast-red"><b>The battle crashed</b><br />You can keep playing but it might crash again.</div>
|html|<div class="broadcast-red"><b>The battle crashed</b><br />You can keep playing but it might crash again.</div>
|html|<div class="broadcast-red"><b>The battle crashed</b><br />You can keep playing but it might crash again.</div>
|html|<div class="broadcast-red"><b>The battle crashed</b><br />You can keep playing but it might crash again.</div>
|html|<div class="broadcast-red"><b>The battle crashed</b><br />You can keep playing but it might crash again.</div>
|html|<div class="broadcast-red"><b>The battle crashed</b><br />You can keep playing but it might crash again.</div>
|html|<div class="broadcast-red"><b>The battle crashed</b><br />You can keep playing but it might crash again.</div>
|html|<div class="broadcast-red"><b>The battle crashed</b><br />You can keep playing but it might crash again.</div>
|html|<div class="broadcast-red"><b>The battle crashed</b><br />You can keep playing but it might crash again.</div>
|html|<div class="broadcast-red"><b>The battle crashed</b><br />You can keep playing but it might crash again.</div>
|html|<div class="broadcast-red"><b>The battle crashed</b><br />You can keep playing but it might crash again.</div>
|html|<div class="broadcast-red"><b>The battle crashed</b><br />You can keep playing but it might crash again.</div>
|html|<div class="broadcast-red"><b>The battle crashed</b><br />You can keep playing but it might crash again.</div>
|html|<div class="broadcast-red"><b>The battle crashed</b><br />You can keep playing but it might crash again.</div>
|html|<div class="broadcast-red"><b>The battle crashed</b><br />You can keep playing but it might crash again.</div>
|html|<div class="broadcast-red"><b>The battle crashed</b><br />You can keep playing but it might crash again.</div>
|html|<div class="broadcast-red"><b>The battle crashed</b><br />You can keep playing but it might crash again.</div>
|html|<div class="broadcast-red"><b>The battle crashed</b><br />You can keep playing but it might crash again.</div>
|html|<div class="broadcast-red"><b>The battle crashed</b><br />You can keep playing but it might crash again.</div>
|html|<div class="broadcast-red"><b>The battle crashed</b><br />You can keep playing but it might crash again.</div>
|html|<div class="broadcast-red"><b>The battle crashed</b><br />You can keep playing but it might crash again.</div>
|html|<div class="broadcast-red"><b>The battle crashed</b><br />You can keep playing but it might crash again.</div>
|html|<div class="broadcast-red"><b>The battle crashed</b><br />You can keep playing but it might crash again.</div>
|html|<div class="broadcast-red"><b>The battle crashed</b><br />You can keep playing but it might crash again.</div>
|html|<div class="broadcast-red"><b>The battle crashed</b><br />You can keep playing but it might crash again.</div>
|html|<div class="broadcast-red"><b>The battle crashed</b><br />You can keep playing but it might crash again.</div>
|html|<div class="broadcast-red"><b>The battle crashed</b><br />You can keep playing but it might crash again.</div>
|html|<div class="broadcast-red"><b>The battle crashed</b><br />You can keep playing but it might crash again.</div>
|html|<div class="broadcast-red"><b>The battle crashed</b><br />You can keep playing but it might crash again.</div>
|html|<div class="broadcast-red"><b>The battle crashed</b><br />You can keep playing but it might crash again.</div>
|html|<div class="broadcast-red"><b>The battle crashed</b><br />You can keep playing but it might crash again.</div>
|html|<div class="broadcast-red"><b>The battle crashed</b><br />You can keep playing but it might crash again.</div>
|html|<div class="broadcast-red"><b>The battle crashed</b><br />You can keep playing but it might crash again.</div>
|html|<div class="broadcast-red"><b>The battle crashed</b><br />You can keep playing but it might crash again.</div>
|html|<div class="broadcast-red"><b>The battle crashed</b><br />You can keep playing but it might crash again.</div>
|html|<div class="broadcast-red"><b>The battle crashed</b><br />You can keep playing but it might crash again.</div>
|html|<div class="broadcast-red"><b>The battle crashed</b><br />You can keep playing but it might crash again.</div>
|html|<div class="broadcast-red"><b>The battle crashed</b><br />You can keep playing but it might crash again.</div>
|html|<div class="broadcast-red"><b>The battle crashed</b><br />You can keep playing but it might crash again.</div>
|html|<div class="broadcast-red"><b>The battle crashed</b><br />You can keep playing but it might crash again.</div>
|html|<div class="broadcast-red"><b>The battle crashed</b><br />You can keep playing but it might crash again.</div>
|html|<div class="broadcast-red"><b>The battle crashed</b><br />You can keep playing but it might crash again.</div>
|html|<div class="broadcast-red"><b>The battle crashed</b><br />You can keep playing but it might crash again.</div>
|html|<div class="broadcast-red"><b>The battle crashed</b><br />You can keep playing but it might crash again.</div>
|html|<div class="broadcast-red"><b>The battle crashed</b><br />You can keep playing but it might crash again.</div>
|html|<div class="broadcast-red"><b>The battle crashed</b><br />You can keep playing but it might crash again.</div>

TypeError: Cannot read property 'isActive' of null
    at Tools.Battle.makeRequest (/Users/clazinasteunenberg/Downloads/Test/battle-engine.js:1943:15)
    at process.BattlePokemon.side (/Users/clazinasteunenberg/Downloads/Test/battle-engine.js:157:13)
    at process.EventEmitter.emit (events.js:98:17)
    at handleMessage (child_process.js:318:10)
    at Pipe.channel.onread (child_process.js:345:11)

ReferenceError: potd is not defined
    at Tools.exports.BattleScripts.randomTeam (/Users/clazinasteunenberg/Downloads/Test/data/scripts.js:1522:8)
    at Tools.exports.BattleScripts.getTeam (/Users/clazinasteunenberg/Downloads/Test/data/scripts.js:488:16)
    at new BattleSide (/Users/clazinasteunenberg/Downloads/Test/battle-engine.js:1096:27)
    at Tools.Battle.join (/Users/clazinasteunenberg/Downloads/Test/battle-engine.js:3333:15)
    at Tools.Battle.receive (/Users/clazinasteunenberg/Downloads/Test/battle-engine.js:3390:9)
    at process.BattlePokemon.side (/Users/clazinasteunenberg/Downloads/Test/battle-engine.js:143:12)
    at process.EventEmitter.emit (events.js:98:17)
    at handleMessage (child_process.js:318:10)
    at Pipe.channel.onread (child_process.js:345:11)

Additional information:
message = battle-randombattle-497|join|p1|Meloetta<3V|134
currentRequest = 

Log:
|html|<div class="broadcast-red"><b>The battle crashed</b><br />You can keep playing but it might crash again.</div>
|html|<div class="broadcast-red"><b>The battle crashed</b><br />You can keep playing but it might crash again.</div>
|html|<div class="broadcast-red"><b>The battle crashed</b><br />You can keep playing but it might crash again.</div>
|html|<div class="broadcast-red"><b>The battle crashed</b><br />You can keep playing but it might crash again.</div>
|html|<div class="broadcast-red"><b>The battle crashed</b><br />You can keep playing but it might crash again.</div>
|html|<div class="broadcast-red"><b>The battle crashed</b><br />You can keep playing but it might crash again.</div>
|html|<div class="broadcast-red"><b>The battle crashed</b><br />You can keep playing but it might crash again.</div>
|html|<div class="broadcast-red"><b>The battle crashed</b><br />You can keep playing but it might crash again.</div>
|html|<div class="broadcast-red"><b>The battle crashed</b><br />You can keep playing but it might crash again.</div>
|html|<div class="broadcast-red"><b>The battle crashed</b><br />You can keep playing but it might crash again.</div>
|html|<div class="broadcast-red"><b>The battle crashed</b><br />You can keep playing but it might crash again.</div>
|html|<div class="broadcast-red"><b>The battle crashed</b><br />You can keep playing but it might crash again.</div>
|html|<div class="broadcast-red"><b>The battle crashed</b><br />You can keep playing but it might crash again.</div>
|html|<div class="broadcast-red"><b>The battle crashed</b><br />You can keep playing but it might crash again.</div>
|html|<div class="broadcast-red"><b>The battle crashed</b><br />You can keep playing but it might crash again.</div>
|html|<div class="broadcast-red"><b>The battle crashed</b><br />You can keep playing but it might crash again.</div>
|html|<div class="broadcast-red"><b>The battle crashed</b><br />You can keep playing but it might crash again.</div>
|html|<div class="broadcast-red"><b>The battle crashed</b><br />You can keep playing but it might crash again.</div>
|html|<div class="broadcast-red"><b>The battle crashed</b><br />You can keep playing but it might crash again.</div>
|html|<div class="broadcast-red"><b>The battle crashed</b><br />You can keep playing but it might crash again.</div>
|html|<div class="broadcast-red"><b>The battle crashed</b><br />You can keep playing but it might crash again.</div>
|html|<div class="broadcast-red"><b>The battle crashed</b><br />You can keep playing but it might crash again.</div>
|html|<div class="broadcast-red"><b>The battle crashed</b><br />You can keep playing but it might crash again.</div>
|html|<div class="broadcast-red"><b>The battle crashed</b><br />You can keep playing but it might crash again.</div>
|html|<div class="broadcast-red"><b>The battle crashed</b><br />You can keep playing but it might crash again.</div>
|html|<div class="broadcast-red"><b>The battle crashed</b><br />You can keep playing but it might crash again.</div>
|html|<div class="broadcast-red"><b>The battle crashed</b><br />You can keep playing but it might crash again.</div>
|html|<div class="broadcast-red"><b>The battle crashed</b><br />You can keep playing but it might crash again.</div>
|html|<div class="broadcast-red"><b>The battle crashed</b><br />You can keep playing but it might crash again.</div>
|html|<div class="broadcast-red"><b>The battle crashed</b><br />You can keep playing but it might crash again.</div>
|html|<div class="broadcast-red"><b>The battle crashed</b><br />You can keep playing but it might crash again.</div>
|html|<div class="broadcast-red"><b>The battle crashed</b><br />You can keep playing but it might crash again.</div>
|html|<div class="broadcast-red"><b>The battle crashed</b><br />You can keep playing but it might crash again.</div>
|html|<div class="broadcast-red"><b>The battle crashed</b><br />You can keep playing but it might crash again.</div>
|html|<div class="broadcast-red"><b>The battle crashed</b><br />You can keep playing but it might crash again.</div>
|html|<div class="broadcast-red"><b>The battle crashed</b><br />You can keep playing but it might crash again.</div>
|html|<div class="broadcast-red"><b>The battle crashed</b><br />You can keep playing but it might crash again.</div>
|html|<div class="broadcast-red"><b>The battle crashed</b><br />You can keep playing but it might crash again.</div>
|html|<div class="broadcast-red"><b>The battle crashed</b><br />You can keep playing but it might crash again.</div>
|html|<div class="broadcast-red"><b>The battle crashed</b><br />You can keep playing but it might crash again.</div>
|html|<div class="broadcast-red"><b>The battle crashed</b><br />You can keep playing but it might crash again.</div>
|html|<div class="broadcast-red"><b>The battle crashed</b><br />You can keep playing but it might crash again.</div>
|html|<div class="broadcast-red"><b>The battle crashed</b><br />You can keep playing but it might crash again.</div>
|html|<div class="broadcast-red"><b>The battle crashed</b><br />You can keep playing but it might crash again.</div>
|html|<div class="broadcast-red"><b>The battle crashed</b><br />You can keep playing but it might crash again.</div>
|html|<div class="broadcast-red"><b>The battle crashed</b><br />You can keep playing but it might crash again.</div>
|html|<div class="broadcast-red"><b>The battle crashed</b><br />You can keep playing but it might crash again.</div>
|html|<div class="broadcast-red"><b>The battle crashed</b><br />You can keep playing but it might crash again.</div>
|html|<div class="broadcast-red"><b>The battle crashed</b><br />You can keep playing but it might crash again.</div>
|html|<div class="broadcast-red"><b>The battle crashed</b><br />You can keep playing but it might crash again.</div>
|html|<div class="broadcast-red"><b>The battle crashed</b><br />You can keep playing but it might crash again.</div>
|html|<div class="broadcast-red"><b>The battle crashed</b><br />You can keep playing but it might crash again.</div>
|html|<div class="broadcast-red"><b>The battle crashed</b><br />You can keep playing but it might crash again.</div>
|html|<div class="broadcast-red"><b>The battle crashed</b><br />You can keep playing but it might crash again.</div>
|html|<div class="broadcast-red"><b>The battle crashed</b><br />You can keep playing but it might crash again.</div>
|html|<div class="broadcast-red"><b>The battle crashed</b><br />You can keep playing but it might crash again.</div>
|html|<div class="broadcast-red"><b>The battle crashed</b><br />You can keep playing but it might crash again.</div>
|html|<div class="broadcast-red"><b>The battle crashed</b><br />You can keep playing but it might crash again.</div>
|html|<div class="broadcast-red"><b>The battle crashed</b><br />You can keep playing but it might crash again.</div>
|html|<div class="broadcast-red"><b>The battle crashed</b><br />You can keep playing but it might crash again.</div>
|html|<div class="broadcast-red"><b>The battle crashed</b><br />You can keep playing but it might crash again.</div>
|html|<div class="broadcast-red"><b>The battle crashed</b><br />You can keep playing but it might crash again.</div>
|html|<div class="broadcast-red"><b>The battle crashed</b><br />You can keep playing but it might crash again.</div>
|html|<div class="broadcast-red"><b>The battle crashed</b><br />You can keep playing but it might crash again.</div>
|html|<div class="broadcast-red"><b>The battle crashed</b><br />You can keep playing but it might crash again.</div>
|html|<div class="broadcast-red"><b>The battle crashed</b><br />You can keep playing but it might crash again.</div>
|html|<div class="broadcast-red"><b>The battle crashed</b><br />You can keep playing but it might crash again.</div>
|html|<div class="broadcast-red"><b>The battle crashed</b><br />You can keep playing but it might crash again.</div>
|html|<div class="broadcast-red"><b>The battle crashed</b><br />You can keep playing but it might crash again.</div>
|html|<div class="broadcast-red"><b>The battle crashed</b><br />You can keep playing but it might crash again.</div>
|html|<div class="broadcast-red"><b>The battle crashed</b><br />You can keep playing but it might crash again.</div>
|html|<div class="broadcast-red"><b>The battle crashed</b><br />You can keep playing but it might crash again.</div>
|html|<div class="broadcast-red"><b>The battle crashed</b><br />You can keep playing but it might crash again.</div>
|html|<div class="broadcast-red"><b>The battle crashed</b><br />You can keep playing but it might crash again.</div>
|html|<div class="broadcast-red"><b>The battle crashed</b><br />You can keep playing but it might crash again.</div>
|html|<div class="broadcast-red"><b>The battle crashed</b><br />You can keep playing but it might crash again.</div>
|html|<div class="broadcast-red"><b>The battle crashed</b><br />You can keep playing but it might crash again.</div>
|html|<div class="broadcast-red"><b>The battle crashed</b><br />You can keep playing but it might crash again.</div>
|html|<div class="broadcast-red"><b>The battle crashed</b><br />You can keep playing but it might crash again.</div>
|html|<div class="broadcast-red"><b>The battle crashed</b><br />You can keep playing but it might crash again.</div>
|html|<div class="broadcast-red"><b>The battle crashed</b><br />You can keep playing but it might crash again.</div>
|html|<div class="broadcast-red"><b>The battle crashed</b><br />You can keep playing but it might crash again.</div>
|html|<div class="broadcast-red"><b>The battle crashed</b><br />You can keep playing but it might crash again.</div>
|html|<div class="broadcast-red"><b>The battle crashed</b><br />You can keep playing but it might crash again.</div>
|html|<div class="broadcast-red"><b>The battle crashed</b><br />You can keep playing but it might crash again.</div>
|html|<div class="broadcast-red"><b>The battle crashed</b><br />You can keep playing but it might crash again.</div>
|html|<div class="broadcast-red"><b>The battle crashed</b><br />You can keep playing but it might crash again.</div>
|html|<div class="broadcast-red"><b>The battle crashed</b><br />You can keep playing but it might crash again.</div>
|html|<div class="broadcast-red"><b>The battle crashed</b><br />You can keep playing but it might crash again.</div>
|html|<div class="broadcast-red"><b>The battle crashed</b><br />You can keep playing but it might crash again.</div>
|html|<div class="broadcast-red"><b>The battle crashed</b><br />You can keep playing but it might crash again.</div>
|html|<div class="broadcast-red"><b>The battle crashed</b><br />You can keep playing but it might crash again.</div>
|html|<div class="broadcast-red"><b>The battle crashed</b><br />You can keep playing but it might crash again.</div>
|html|<div class="broadcast-red"><b>The battle crashed</b><br />You can keep playing but it might crash again.</div>
|html|<div class="broadcast-red"><b>The battle crashed</b><br />You can keep playing but it might crash again.</div>
|html|<div class="broadcast-red"><b>The battle crashed</b><br />You can keep playing but it might crash again.</div>
|html|<div class="broadcast-red"><b>The battle crashed</b><br />You can keep playing but it might crash again.</div>
|html|<div class="broadcast-red"><b>The battle crashed</b><br />You can keep playing but it might crash again.</div>
|html|<div class="broadcast-red"><b>The battle crashed</b><br />You can keep playing but it might crash again.</div>
|html|<div class="broadcast-red"><b>The battle crashed</b><br />You can keep playing but it might crash again.</div>
|html|<div class="broadcast-red"><b>The battle crashed</b><br />You can keep playing but it might crash again.</div>
|html|<div class="broadcast-red"><b>The battle crashed</b><br />You can keep playing but it might crash again.</div>
|html|<div class="broadcast-red"><b>The battle crashed</b><br />You can keep playing but it might crash again.</div>
|html|<div class="broadcast-red"><b>The battle crashed</b><br />You can keep playing but it might crash again.</div>
|html|<div class="broadcast-red"><b>The battle crashed</b><br />You can keep playing but it might crash again.</div>
|html|<div class="broadcast-red"><b>The battle crashed</b><br />You can keep playing but it might crash again.</div>
|html|<div class="broadcast-red"><b>The battle crashed</b><br />You can keep playing but it might crash again.</div>
|html|<div class="broadcast-red"><b>The battle crashed</b><br />You can keep playing but it might crash again.</div>
|html|<div class="broadcast-red"><b>The battle crashed</b><br />You can keep playing but it might crash again.</div>
|html|<div class="broadcast-red"><b>The battle crashed</b><br />You can keep playing but it might crash again.</div>
|html|<div class="broadcast-red"><b>The battle crashed</b><br />You can keep playing but it might crash again.</div>
|html|<div class="broadcast-red"><b>The battle crashed</b><br />You can keep playing but it might crash again.</div>
|html|<div class="broadcast-red"><b>The battle crashed</b><br />You can keep playing but it might crash again.</div>
|html|<div class="broadcast-red"><b>The battle crashed</b><br />You can keep playing but it might crash again.</div>
|html|<div class="broadcast-red"><b>The battle crashed</b><br />You can keep playing but it might crash again.</div>
|html|<div class="broadcast-red"><b>The battle crashed</b><br />You can keep playing but it might crash again.</div>
|html|<div class="broadcast-red"><b>The battle crashed</b><br />You can keep playing but it might crash again.</div>
|html|<div class="broadcast-red"><b>The battle crashed</b><br />You can keep playing but it might crash again.</div>
|html|<div class="broadcast-red"><b>The battle crashed</b><br />You can keep playing but it might crash again.</div>
|html|<div class="broadcast-red"><b>The battle crashed</b><br />You can keep playing but it might crash again.</div>
|html|<div class="broadcast-red"><b>The battle crashed</b><br />You can keep playing but it might crash again.</div>
|html|<div class="broadcast-red"><b>The battle crashed</b><br />You can keep playing but it might crash again.</div>
|html|<div class="broadcast-red"><b>The battle crashed</b><br />You can keep playing but it might crash again.</div>
|html|<div class="broadcast-red"><b>The battle crashed</b><br />You can keep playing but it might crash again.</div>
|html|<div class="broadcast-red"><b>The battle crashed</b><br />You can keep playing but it might crash again.</div>
|html|<div class="broadcast-red"><b>The battle crashed</b><br />You can keep playing but it might crash again.</div>
|html|<div class="broadcast-red"><b>The battle crashed</b><br />You can keep playing but it might crash again.</div>
|html|<div class="broadcast-red"><b>The battle crashed</b><br />You can keep playing but it might crash again.</div>
|html|<div class="broadcast-red"><b>The battle crashed</b><br />You can keep playing but it might crash again.</div>
|html|<div class="broadcast-red"><b>The battle crashed</b><br />You can keep playing but it might crash again.</div>
|html|<div class="broadcast-red"><b>The battle crashed</b><br />You can keep playing but it might crash again.</div>
|html|<div class="broadcast-red"><b>The battle crashed</b><br />You can keep playing but it might crash again.</div>
|html|<div class="broadcast-red"><b>The battle crashed</b><br />You can keep playing but it might crash again.</div>

TypeError: Cannot read property 'isActive' of null
    at Tools.Battle.makeRequest (/Users/clazinasteunenberg/Downloads/Test/battle-engine.js:1943:15)
    at process.BattlePokemon.side (/Users/clazinasteunenberg/Downloads/Test/battle-engine.js:157:13)
    at process.EventEmitter.emit (events.js:98:17)
    at handleMessage (child_process.js:318:10)
    at Pipe.channel.onread (child_process.js:345:11)

TypeError: Cannot use 'in' operator to search for 'Rule:potd' in undefined
    at Tools.exports.BattleScripts.randomTeam (/Users/clazinasteunenberg/Downloads/Test/data/scripts.js:1482:38)
    at Tools.exports.BattleScripts.getTeam (/Users/clazinasteunenberg/Downloads/Test/data/scripts.js:494:16)
    at new BattleSide (/Users/clazinasteunenberg/Downloads/Test/battle-engine.js:1096:27)
    at Tools.Battle.join (/Users/clazinasteunenberg/Downloads/Test/battle-engine.js:3333:15)
    at Tools.Battle.receive (/Users/clazinasteunenberg/Downloads/Test/battle-engine.js:3390:9)
    at process.BattlePokemon.side (/Users/clazinasteunenberg/Downloads/Test/battle-engine.js:143:12)
    at process.EventEmitter.emit (events.js:98:17)
    at handleMessage (child_process.js:318:10)
    at Pipe.channel.onread (child_process.js:345:11)

Additional information:
message = battle-randombattle-478|join|p1|E4 GhostKiller|165
currentRequest = 

Log:
|html|<div class="broadcast-red"><b>The battle crashed</b><br />You can keep playing but it might crash again.</div>
|html|<div class="broadcast-red"><b>The battle crashed</b><br />You can keep playing but it might crash again.</div>
|html|<div class="broadcast-red"><b>The battle crashed</b><br />You can keep playing but it might crash again.</div>
|html|<div class="broadcast-red"><b>The battle crashed</b><br />You can keep playing but it might crash again.</div>
|html|<div class="broadcast-red"><b>The battle crashed</b><br />You can keep playing but it might crash again.</div>
|html|<div class="broadcast-red"><b>The battle crashed</b><br />You can keep playing but it might crash again.</div>
|html|<div class="broadcast-red"><b>The battle crashed</b><br />You can keep playing but it might crash again.</div>
|html|<div class="broadcast-red"><b>The battle crashed</b><br />You can keep playing but it might crash again.</div>
|html|<div class="broadcast-red"><b>The battle crashed</b><br />You can keep playing but it might crash again.</div>
|html|<div class="broadcast-red"><b>The battle crashed</b><br />You can keep playing but it might crash again.</div>
|html|<div class="broadcast-red"><b>The battle crashed</b><br />You can keep playing but it might crash again.</div>
|html|<div class="broadcast-red"><b>The battle crashed</b><br />You can keep playing but it might crash again.</div>
|html|<div class="broadcast-red"><b>The battle crashed</b><br />You can keep playing but it might crash again.</div>
|html|<div class="broadcast-red"><b>The battle crashed</b><br />You can keep playing but it might crash again.</div>
|html|<div class="broadcast-red"><b>The battle crashed</b><br />You can keep playing but it might crash again.</div>
|html|<div class="broadcast-red"><b>The battle crashed</b><br />You can keep playing but it might crash again.</div>
|html|<div class="broadcast-red"><b>The battle crashed</b><br />You can keep playing but it might crash again.</div>
|html|<div class="broadcast-red"><b>The battle crashed</b><br />You can keep playing but it might crash again.</div>
|html|<div class="broadcast-red"><b>The battle crashed</b><br />You can keep playing but it might crash again.</div>
|html|<div class="broadcast-red"><b>The battle crashed</b><br />You can keep playing but it might crash again.</div>
|html|<div class="broadcast-red"><b>The battle crashed</b><br />You can keep playing but it might crash again.</div>
|html|<div class="broadcast-red"><b>The battle crashed</b><br />You can keep playing but it might crash again.</div>
|html|<div class="broadcast-red"><b>The battle crashed</b><br />You can keep playing but it might crash again.</div>
|html|<div class="broadcast-red"><b>The battle crashed</b><br />You can keep playing but it might crash again.</div>
|html|<div class="broadcast-red"><b>The battle crashed</b><br />You can keep playing but it might crash again.</div>
|html|<div class="broadcast-red"><b>The battle crashed</b><br />You can keep playing but it might crash again.</div>
|html|<div class="broadcast-red"><b>The battle crashed</b><br />You can keep playing but it might crash again.</div>
|html|<div class="broadcast-red"><b>The battle crashed</b><br />You can keep playing but it might crash again.</div>
|html|<div class="broadcast-red"><b>The battle crashed</b><br />You can keep playing but it might crash again.</div>
|html|<div class="broadcast-red"><b>The battle crashed</b><br />You can keep playing but it might crash again.</div>
|html|<div class="broadcast-red"><b>The battle crashed</b><br />You can keep playing but it might crash again.</div>
|html|<div class="broadcast-red"><b>The battle crashed</b><br />You can keep playing but it might crash again.</div>
|html|<div class="broadcast-red"><b>The battle crashed</b><br />You can keep playing but it might crash again.</div>
|html|<div class="broadcast-red"><b>The battle crashed</b><br />You can keep playing but it might crash again.</div>
|html|<div class="broadcast-red"><b>The battle crashed</b><br />You can keep playing but it might crash again.</div>
|html|<div class="broadcast-red"><b>The battle crashed</b><br />You can keep playing but it might crash again.</div>
|html|<div class="broadcast-red"><b>The battle crashed</b><br />You can keep playing but it might crash again.</div>
|html|<div class="broadcast-red"><b>The battle crashed</b><br />You can keep playing but it might crash again.</div>
|html|<div class="broadcast-red"><b>The battle crashed</b><br />You can keep playing but it might crash again.</div>
|html|<div class="broadcast-red"><b>The battle crashed</b><br />You can keep playing but it might crash again.</div>
|html|<div class="broadcast-red"><b>The battle crashed</b><br />You can keep playing but it might crash again.</div>
|html|<div class="broadcast-red"><b>The battle crashed</b><br />You can keep playing but it might crash again.</div>
|html|<div class="broadcast-red"><b>The battle crashed</b><br />You can keep playing but it might crash again.</div>
|html|<div class="broadcast-red"><b>The battle crashed</b><br />You can keep playing but it might crash again.</div>
|html|<div class="broadcast-red"><b>The battle crashed</b><br />You can keep playing but it might crash again.</div>
|html|<div class="broadcast-red"><b>The battle crashed</b><br />You can keep playing but it might crash again.</div>
|html|<div class="broadcast-red"><b>The battle crashed</b><br />You can keep playing but it might crash again.</div>
|html|<div class="broadcast-red"><b>The battle crashed</b><br />You can keep playing but it might crash again.</div>
|html|<div class="broadcast-red"><b>The battle crashed</b><br />You can keep playing but it might crash again.</div>
|html|<div class="broadcast-red"><b>The battle crashed</b><br />You can keep playing but it might crash again.</div>
|html|<div class="broadcast-red"><b>The battle crashed</b><br />You can keep playing but it might crash again.</div>
|html|<div class="broadcast-red"><b>The battle crashed</b><br />You can keep playing but it might crash again.</div>
|html|<div class="broadcast-red"><b>The battle crashed</b><br />You can keep playing but it might crash again.</div>
|html|<div class="broadcast-red"><b>The battle crashed</b><br />You can keep playing but it might crash again.</div>
|html|<div class="broadcast-red"><b>The battle crashed</b><br />You can keep playing but it might crash again.</div>
|html|<div class="broadcast-red"><b>The battle crashed</b><br />You can keep playing but it might crash again.</div>
|html|<div class="broadcast-red"><b>The battle crashed</b><br />You can keep playing but it might crash again.</div>
|html|<div class="broadcast-red"><b>The battle crashed</b><br />You can keep playing but it might crash again.</div>
|html|<div class="broadcast-red"><b>The battle crashed</b><br />You can keep playing but it might crash again.</div>
|html|<div class="broadcast-red"><b>The battle crashed</b><br />You can keep playing but it might crash again.</div>
|html|<div class="broadcast-red"><b>The battle crashed</b><br />You can keep playing but it might crash again.</div>
|html|<div class="broadcast-red"><b>The battle crashed</b><br />You can keep playing but it might crash again.</div>
|html|<div class="broadcast-red"><b>The battle crashed</b><br />You can keep playing but it might crash again.</div>
|html|<div class="broadcast-red"><b>The battle crashed</b><br />You can keep playing but it might crash again.</div>
|html|<div class="broadcast-red"><b>The battle crashed</b><br />You can keep playing but it might crash again.</div>
|html|<div class="broadcast-red"><b>The battle crashed</b><br />You can keep playing but it might crash again.</div>
|html|<div class="broadcast-red"><b>The battle crashed</b><br />You can keep playing but it might crash again.</div>
|html|<div class="broadcast-red"><b>The battle crashed</b><br />You can keep playing but it might crash again.</div>
|html|<div class="broadcast-red"><b>The battle crashed</b><br />You can keep playing but it might crash again.</div>
|html|<div class="broadcast-red"><b>The battle crashed</b><br />You can keep playing but it might crash again.</div>
|html|<div class="broadcast-red"><b>The battle crashed</b><br />You can keep playing but it might crash again.</div>
|html|<div class="broadcast-red"><b>The battle crashed</b><br />You can keep playing but it might crash again.</div>
|html|<div class="broadcast-red"><b>The battle crashed</b><br />You can keep playing but it might crash again.</div>
|html|<div class="broadcast-red"><b>The battle crashed</b><br />You can keep playing but it might crash again.</div>
|html|<div class="broadcast-red"><b>The battle crashed</b><br />You can keep playing but it might crash again.</div>
|html|<div class="broadcast-red"><b>The battle crashed</b><br />You can keep playing but it might crash again.</div>
|html|<div class="broadcast-red"><b>The battle crashed</b><br />You can keep playing but it might crash again.</div>

TypeError: Cannot read property 'isActive' of null
    at Tools.Battle.makeRequest (/Users/clazinasteunenberg/Downloads/Test/battle-engine.js:1943:15)
    at process.BattlePokemon.side (/Users/clazinasteunenberg/Downloads/Test/battle-engine.js:157:13)
    at process.EventEmitter.emit (events.js:98:17)
    at handleMessage (child_process.js:318:10)
    at Pipe.channel.onread (child_process.js:345:11)

TypeError: Cannot use 'in' operator to search for 'Rule:potd' in undefined
    at Tools.exports.BattleScripts.randomTeam (/Users/clazinasteunenberg/Downloads/Test/data/scripts.js:1482:38)
    at Tools.exports.BattleScripts.getTeam (/Users/clazinasteunenberg/Downloads/Test/data/scripts.js:494:16)
    at new BattleSide (/Users/clazinasteunenberg/Downloads/Test/battle-engine.js:1096:27)
    at Tools.Battle.join (/Users/clazinasteunenberg/Downloads/Test/battle-engine.js:3333:15)
    at Tools.Battle.receive (/Users/clazinasteunenberg/Downloads/Test/battle-engine.js:3390:9)
    at process.BattlePokemon.side (/Users/clazinasteunenberg/Downloads/Test/battle-engine.js:143:12)
    at process.EventEmitter.emit (events.js:98:17)
    at handleMessage (child_process.js:318:10)
    at Pipe.channel.onread (child_process.js:345:11)

Additional information:
message = battle-randombattle-478|join|p1|E4 GhostKiller|165
currentRequest = 

Log:
|html|<div class="broadcast-red"><b>The battle crashed</b><br />You can keep playing but it might crash again.</div>
|html|<div class="broadcast-red"><b>The battle crashed</b><br />You can keep playing but it might crash again.</div>
|html|<div class="broadcast-red"><b>The battle crashed</b><br />You can keep playing but it might crash again.</div>
|html|<div class="broadcast-red"><b>The battle crashed</b><br />You can keep playing but it might crash again.</div>
|html|<div class="broadcast-red"><b>The battle crashed</b><br />You can keep playing but it might crash again.</div>
|html|<div class="broadcast-red"><b>The battle crashed</b><br />You can keep playing but it might crash again.</div>
|html|<div class="broadcast-red"><b>The battle crashed</b><br />You can keep playing but it might crash again.</div>
|html|<div class="broadcast-red"><b>The battle crashed</b><br />You can keep playing but it might crash again.</div>
|html|<div class="broadcast-red"><b>The battle crashed</b><br />You can keep playing but it might crash again.</div>
|html|<div class="broadcast-red"><b>The battle crashed</b><br />You can keep playing but it might crash again.</div>
|html|<div class="broadcast-red"><b>The battle crashed</b><br />You can keep playing but it might crash again.</div>
|html|<div class="broadcast-red"><b>The battle crashed</b><br />You can keep playing but it might crash again.</div>
|html|<div class="broadcast-red"><b>The battle crashed</b><br />You can keep playing but it might crash again.</div>
|html|<div class="broadcast-red"><b>The battle crashed</b><br />You can keep playing but it might crash again.</div>
|html|<div class="broadcast-red"><b>The battle crashed</b><br />You can keep playing but it might crash again.</div>
|html|<div class="broadcast-red"><b>The battle crashed</b><br />You can keep playing but it might crash again.</div>
|html|<div class="broadcast-red"><b>The battle crashed</b><br />You can keep playing but it might crash again.</div>
|html|<div class="broadcast-red"><b>The battle crashed</b><br />You can keep playing but it might crash again.</div>
|html|<div class="broadcast-red"><b>The battle crashed</b><br />You can keep playing but it might crash again.</div>
|html|<div class="broadcast-red"><b>The battle crashed</b><br />You can keep playing but it might crash again.</div>
|html|<div class="broadcast-red"><b>The battle crashed</b><br />You can keep playing but it might crash again.</div>
|html|<div class="broadcast-red"><b>The battle crashed</b><br />You can keep playing but it might crash again.</div>
|html|<div class="broadcast-red"><b>The battle crashed</b><br />You can keep playing but it might crash again.</div>
|html|<div class="broadcast-red"><b>The battle crashed</b><br />You can keep playing but it might crash again.</div>
|html|<div class="broadcast-red"><b>The battle crashed</b><br />You can keep playing but it might crash again.</div>
|html|<div class="broadcast-red"><b>The battle crashed</b><br />You can keep playing but it might crash again.</div>
|html|<div class="broadcast-red"><b>The battle crashed</b><br />You can keep playing but it might crash again.</div>
|html|<div class="broadcast-red"><b>The battle crashed</b><br />You can keep playing but it might crash again.</div>
|html|<div class="broadcast-red"><b>The battle crashed</b><br />You can keep playing but it might crash again.</div>
|html|<div class="broadcast-red"><b>The battle crashed</b><br />You can keep playing but it might crash again.</div>
|html|<div class="broadcast-red"><b>The battle crashed</b><br />You can keep playing but it might crash again.</div>
|html|<div class="broadcast-red"><b>The battle crashed</b><br />You can keep playing but it might crash again.</div>
|html|<div class="broadcast-red"><b>The battle crashed</b><br />You can keep playing but it might crash again.</div>
|html|<div class="broadcast-red"><b>The battle crashed</b><br />You can keep playing but it might crash again.</div>
|html|<div class="broadcast-red"><b>The battle crashed</b><br />You can keep playing but it might crash again.</div>
|html|<div class="broadcast-red"><b>The battle crashed</b><br />You can keep playing but it might crash again.</div>
|html|<div class="broadcast-red"><b>The battle crashed</b><br />You can keep playing but it might crash again.</div>
|html|<div class="broadcast-red"><b>The battle crashed</b><br />You can keep playing but it might crash again.</div>
|html|<div class="broadcast-red"><b>The battle crashed</b><br />You can keep playing but it might crash again.</div>
|html|<div class="broadcast-red"><b>The battle crashed</b><br />You can keep playing but it might crash again.</div>
|html|<div class="broadcast-red"><b>The battle crashed</b><br />You can keep playing but it might crash again.</div>
|html|<div class="broadcast-red"><b>The battle crashed</b><br />You can keep playing but it might crash again.</div>
|html|<div class="broadcast-red"><b>The battle crashed</b><br />You can keep playing but it might crash again.</div>
|html|<div class="broadcast-red"><b>The battle crashed</b><br />You can keep playing but it might crash again.</div>
|html|<div class="broadcast-red"><b>The battle crashed</b><br />You can keep playing but it might crash again.</div>
|html|<div class="broadcast-red"><b>The battle crashed</b><br />You can keep playing but it might crash again.</div>
|html|<div class="broadcast-red"><b>The battle crashed</b><br />You can keep playing but it might crash again.</div>
|html|<div class="broadcast-red"><b>The battle crashed</b><br />You can keep playing but it might crash again.</div>
|html|<div class="broadcast-red"><b>The battle crashed</b><br />You can keep playing but it might crash again.</div>
|html|<div class="broadcast-red"><b>The battle crashed</b><br />You can keep playing but it might crash again.</div>
|html|<div class="broadcast-red"><b>The battle crashed</b><br />You can keep playing but it might crash again.</div>
|html|<div class="broadcast-red"><b>The battle crashed</b><br />You can keep playing but it might crash again.</div>
|html|<div class="broadcast-red"><b>The battle crashed</b><br />You can keep playing but it might crash again.</div>
|html|<div class="broadcast-red"><b>The battle crashed</b><br />You can keep playing but it might crash again.</div>
|html|<div class="broadcast-red"><b>The battle crashed</b><br />You can keep playing but it might crash again.</div>
|html|<div class="broadcast-red"><b>The battle crashed</b><br />You can keep playing but it might crash again.</div>
|html|<div class="broadcast-red"><b>The battle crashed</b><br />You can keep playing but it might crash again.</div>
|html|<div class="broadcast-red"><b>The battle crashed</b><br />You can keep playing but it might crash again.</div>
|html|<div class="broadcast-red"><b>The battle crashed</b><br />You can keep playing but it might crash again.</div>
|html|<div class="broadcast-red"><b>The battle crashed</b><br />You can keep playing but it might crash again.</div>
|html|<div class="broadcast-red"><b>The battle crashed</b><br />You can keep playing but it might crash again.</div>
|html|<div class="broadcast-red"><b>The battle crashed</b><br />You can keep playing but it might crash again.</div>
|html|<div class="broadcast-red"><b>The battle crashed</b><br />You can keep playing but it might crash again.</div>
|html|<div class="broadcast-red"><b>The battle crashed</b><br />You can keep playing but it might crash again.</div>
|html|<div class="broadcast-red"><b>The battle crashed</b><br />You can keep playing but it might crash again.</div>
|html|<div class="broadcast-red"><b>The battle crashed</b><br />You can keep playing but it might crash again.</div>
|html|<div class="broadcast-red"><b>The battle crashed</b><br />You can keep playing but it might crash again.</div>
|html|<div class="broadcast-red"><b>The battle crashed</b><br />You can keep playing but it might crash again.</div>
|html|<div class="broadcast-red"><b>The battle crashed</b><br />You can keep playing but it might crash again.</div>
|html|<div class="broadcast-red"><b>The battle crashed</b><br />You can keep playing but it might crash again.</div>
|html|<div class="broadcast-red"><b>The battle crashed</b><br />You can keep playing but it might crash again.</div>
|html|<div class="broadcast-red"><b>The battle crashed</b><br />You can keep playing but it might crash again.</div>
|html|<div class="broadcast-red"><b>The battle crashed</b><br />You can keep playing but it might crash again.</div>
|html|<div class="broadcast-red"><b>The battle crashed</b><br />You can keep playing but it might crash again.</div>
|html|<div class="broadcast-red"><b>The battle crashed</b><br />You can keep playing but it might crash again.</div>
|html|<div class="broadcast-red"><b>The battle crashed</b><br />You can keep playing but it might crash again.</div>
|html|<div class="broadcast-red"><b>The battle crashed</b><br />You can keep playing but it might crash again.</div>
|html|<div class="broadcast-red"><b>The battle crashed</b><br />You can keep playing but it might crash again.</div>

TypeError: Cannot read property 'isActive' of null
    at Tools.Battle.makeRequest (/Users/clazinasteunenberg/Downloads/Test/battle-engine.js:1943:15)
    at process.BattlePokemon.side (/Users/clazinasteunenberg/Downloads/Test/battle-engine.js:157:13)
    at process.EventEmitter.emit (events.js:98:17)
    at handleMessage (child_process.js:318:10)
    at Pipe.channel.onread (child_process.js:345:11)

ReferenceError: potd is not defined
    at Tools.exports.BattleScripts.randomTeam (/Users/clazinasteunenberg/Downloads/Test/data/scripts.js:1522:8)
    at Tools.exports.BattleScripts.getTeam (/Users/clazinasteunenberg/Downloads/Test/data/scripts.js:488:16)
    at new BattleSide (/Users/clazinasteunenberg/Downloads/Test/battle-engine.js:1096:27)
    at Tools.Battle.join (/Users/clazinasteunenberg/Downloads/Test/battle-engine.js:3333:15)
    at Tools.Battle.receive (/Users/clazinasteunenberg/Downloads/Test/battle-engine.js:3390:9)
    at process.BattlePokemon.side (/Users/clazinasteunenberg/Downloads/Test/battle-engine.js:143:12)
    at process.EventEmitter.emit (events.js:98:17)
    at handleMessage (child_process.js:318:10)
    at Pipe.channel.onread (child_process.js:345:11)

Additional information:
message = battle-randombattle-494|join|p1|Grizzlajoe|109
currentRequest = 

Log:
|html|<div class="broadcast-red"><b>The battle crashed</b><br />You can keep playing but it might crash again.</div>
|html|<div class="broadcast-red"><b>The battle crashed</b><br />You can keep playing but it might crash again.</div>
|html|<div class="broadcast-red"><b>The battle crashed</b><br />You can keep playing but it might crash again.</div>
|html|<div class="broadcast-red"><b>The battle crashed</b><br />You can keep playing but it might crash again.</div>
|html|<div class="broadcast-red"><b>The battle crashed</b><br />You can keep playing but it might crash again.</div>
|html|<div class="broadcast-red"><b>The battle crashed</b><br />You can keep playing but it might crash again.</div>
|html|<div class="broadcast-red"><b>The battle crashed</b><br />You can keep playing but it might crash again.</div>
|html|<div class="broadcast-red"><b>The battle crashed</b><br />You can keep playing but it might crash again.</div>
|html|<div class="broadcast-red"><b>The battle crashed</b><br />You can keep playing but it might crash again.</div>
|html|<div class="broadcast-red"><b>The battle crashed</b><br />You can keep playing but it might crash again.</div>
|html|<div class="broadcast-red"><b>The battle crashed</b><br />You can keep playing but it might crash again.</div>
|html|<div class="broadcast-red"><b>The battle crashed</b><br />You can keep playing but it might crash again.</div>
|html|<div class="broadcast-red"><b>The battle crashed</b><br />You can keep playing but it might crash again.</div>
|html|<div class="broadcast-red"><b>The battle crashed</b><br />You can keep playing but it might crash again.</div>
|html|<div class="broadcast-red"><b>The battle crashed</b><br />You can keep playing but it might crash again.</div>
|html|<div class="broadcast-red"><b>The battle crashed</b><br />You can keep playing but it might crash again.</div>
|html|<div class="broadcast-red"><b>The battle crashed</b><br />You can keep playing but it might crash again.</div>
|html|<div class="broadcast-red"><b>The battle crashed</b><br />You can keep playing but it might crash again.</div>

TypeError: Cannot read property 'isActive' of null
    at Tools.Battle.makeRequest (/Users/clazinasteunenberg/Downloads/Test/battle-engine.js:1943:15)
    at process.BattlePokemon.side (/Users/clazinasteunenberg/Downloads/Test/battle-engine.js:157:13)
    at process.EventEmitter.emit (events.js:98:17)
    at handleMessage (child_process.js:318:10)
    at Pipe.channel.onread (child_process.js:345:11)

TypeError: Cannot use 'in' operator to search for 'Rule:potd' in undefined
    at Tools.exports.BattleScripts.randomTeam (/Users/clazinasteunenberg/Downloads/Test/data/scripts.js:1482:38)
    at Tools.exports.BattleScripts.getTeam (/Users/clazinasteunenberg/Downloads/Test/data/scripts.js:494:16)
    at new BattleSide (/Users/clazinasteunenberg/Downloads/Test/battle-engine.js:1096:27)
    at Tools.Battle.join (/Users/clazinasteunenberg/Downloads/Test/battle-engine.js:3333:15)
    at Tools.Battle.receive (/Users/clazinasteunenberg/Downloads/Test/battle-engine.js:3390:9)
    at process.BattlePokemon.side (/Users/clazinasteunenberg/Downloads/Test/battle-engine.js:143:12)
    at process.EventEmitter.emit (events.js:98:17)
    at handleMessage (child_process.js:318:10)
    at Pipe.channel.onread (child_process.js:345:11)

Additional information:
message = battle-randombattle-478|join|p1|E4 GhostKiller|165
currentRequest = 

Log:
|html|<div class="broadcast-red"><b>The battle crashed</b><br />You can keep playing but it might crash again.</div>
|html|<div class="broadcast-red"><b>The battle crashed</b><br />You can keep playing but it might crash again.</div>
|html|<div class="broadcast-red"><b>The battle crashed</b><br />You can keep playing but it might crash again.</div>
|html|<div class="broadcast-red"><b>The battle crashed</b><br />You can keep playing but it might crash again.</div>
|html|<div class="broadcast-red"><b>The battle crashed</b><br />You can keep playing but it might crash again.</div>
|html|<div class="broadcast-red"><b>The battle crashed</b><br />You can keep playing but it might crash again.</div>
|html|<div class="broadcast-red"><b>The battle crashed</b><br />You can keep playing but it might crash again.</div>
|html|<div class="broadcast-red"><b>The battle crashed</b><br />You can keep playing but it might crash again.</div>
|html|<div class="broadcast-red"><b>The battle crashed</b><br />You can keep playing but it might crash again.</div>
|html|<div class="broadcast-red"><b>The battle crashed</b><br />You can keep playing but it might crash again.</div>
|html|<div class="broadcast-red"><b>The battle crashed</b><br />You can keep playing but it might crash again.</div>
|html|<div class="broadcast-red"><b>The battle crashed</b><br />You can keep playing but it might crash again.</div>
|html|<div class="broadcast-red"><b>The battle crashed</b><br />You can keep playing but it might crash again.</div>
|html|<div class="broadcast-red"><b>The battle crashed</b><br />You can keep playing but it might crash again.</div>
|html|<div class="broadcast-red"><b>The battle crashed</b><br />You can keep playing but it might crash again.</div>
|html|<div class="broadcast-red"><b>The battle crashed</b><br />You can keep playing but it might crash again.</div>
|html|<div class="broadcast-red"><b>The battle crashed</b><br />You can keep playing but it might crash again.</div>
|html|<div class="broadcast-red"><b>The battle crashed</b><br />You can keep playing but it might crash again.</div>
|html|<div class="broadcast-red"><b>The battle crashed</b><br />You can keep playing but it might crash again.</div>
|html|<div class="broadcast-red"><b>The battle crashed</b><br />You can keep playing but it might crash again.</div>
|html|<div class="broadcast-red"><b>The battle crashed</b><br />You can keep playing but it might crash again.</div>
|html|<div class="broadcast-red"><b>The battle crashed</b><br />You can keep playing but it might crash again.</div>
|html|<div class="broadcast-red"><b>The battle crashed</b><br />You can keep playing but it might crash again.</div>
|html|<div class="broadcast-red"><b>The battle crashed</b><br />You can keep playing but it might crash again.</div>
|html|<div class="broadcast-red"><b>The battle crashed</b><br />You can keep playing but it might crash again.</div>
|html|<div class="broadcast-red"><b>The battle crashed</b><br />You can keep playing but it might crash again.</div>
|html|<div class="broadcast-red"><b>The battle crashed</b><br />You can keep playing but it might crash again.</div>
|html|<div class="broadcast-red"><b>The battle crashed</b><br />You can keep playing but it might crash again.</div>
|html|<div class="broadcast-red"><b>The battle crashed</b><br />You can keep playing but it might crash again.</div>
|html|<div class="broadcast-red"><b>The battle crashed</b><br />You can keep playing but it might crash again.</div>
|html|<div class="broadcast-red"><b>The battle crashed</b><br />You can keep playing but it might crash again.</div>
|html|<div class="broadcast-red"><b>The battle crashed</b><br />You can keep playing but it might crash again.</div>
|html|<div class="broadcast-red"><b>The battle crashed</b><br />You can keep playing but it might crash again.</div>
|html|<div class="broadcast-red"><b>The battle crashed</b><br />You can keep playing but it might crash again.</div>
|html|<div class="broadcast-red"><b>The battle crashed</b><br />You can keep playing but it might crash again.</div>
|html|<div class="broadcast-red"><b>The battle crashed</b><br />You can keep playing but it might crash again.</div>
|html|<div class="broadcast-red"><b>The battle crashed</b><br />You can keep playing but it might crash again.</div>
|html|<div class="broadcast-red"><b>The battle crashed</b><br />You can keep playing but it might crash again.</div>
|html|<div class="broadcast-red"><b>The battle crashed</b><br />You can keep playing but it might crash again.</div>
|html|<div class="broadcast-red"><b>The battle crashed</b><br />You can keep playing but it might crash again.</div>
|html|<div class="broadcast-red"><b>The battle crashed</b><br />You can keep playing but it might crash again.</div>
|html|<div class="broadcast-red"><b>The battle crashed</b><br />You can keep playing but it might crash again.</div>
|html|<div class="broadcast-red"><b>The battle crashed</b><br />You can keep playing but it might crash again.</div>
|html|<div class="broadcast-red"><b>The battle crashed</b><br />You can keep playing but it might crash again.</div>
|html|<div class="broadcast-red"><b>The battle crashed</b><br />You can keep playing but it might crash again.</div>
|html|<div class="broadcast-red"><b>The battle crashed</b><br />You can keep playing but it might crash again.</div>
|html|<div class="broadcast-red"><b>The battle crashed</b><br />You can keep playing but it might crash again.</div>
|html|<div class="broadcast-red"><b>The battle crashed</b><br />You can keep playing but it might crash again.</div>
|html|<div class="broadcast-red"><b>The battle crashed</b><br />You can keep playing but it might crash again.</div>
|html|<div class="broadcast-red"><b>The battle crashed</b><br />You can keep playing but it might crash again.</div>
|html|<div class="broadcast-red"><b>The battle crashed</b><br />You can keep playing but it might crash again.</div>
|html|<div class="broadcast-red"><b>The battle crashed</b><br />You can keep playing but it might crash again.</div>
|html|<div class="broadcast-red"><b>The battle crashed</b><br />You can keep playing but it might crash again.</div>
|html|<div class="broadcast-red"><b>The battle crashed</b><br />You can keep playing but it might crash again.</div>
|html|<div class="broadcast-red"><b>The battle crashed</b><br />You can keep playing but it might crash again.</div>
|html|<div class="broadcast-red"><b>The battle crashed</b><br />You can keep playing but it might crash again.</div>
|html|<div class="broadcast-red"><b>The battle crashed</b><br />You can keep playing but it might crash again.</div>
|html|<div class="broadcast-red"><b>The battle crashed</b><br />You can keep playing but it might crash again.</div>
|html|<div class="broadcast-red"><b>The battle crashed</b><br />You can keep playing but it might crash again.</div>
|html|<div class="broadcast-red"><b>The battle crashed</b><br />You can keep playing but it might crash again.</div>
|html|<div class="broadcast-red"><b>The battle crashed</b><br />You can keep playing but it might crash again.</div>
|html|<div class="broadcast-red"><b>The battle crashed</b><br />You can keep playing but it might crash again.</div>
|html|<div class="broadcast-red"><b>The battle crashed</b><br />You can keep playing but it might crash again.</div>
|html|<div class="broadcast-red"><b>The battle crashed</b><br />You can keep playing but it might crash again.</div>
|html|<div class="broadcast-red"><b>The battle crashed</b><br />You can keep playing but it might crash again.</div>
|html|<div class="broadcast-red"><b>The battle crashed</b><br />You can keep playing but it might crash again.</div>
|html|<div class="broadcast-red"><b>The battle crashed</b><br />You can keep playing but it might crash again.</div>
|html|<div class="broadcast-red"><b>The battle crashed</b><br />You can keep playing but it might crash again.</div>
|html|<div class="broadcast-red"><b>The battle crashed</b><br />You can keep playing but it might crash again.</div>
|html|<div class="broadcast-red"><b>The battle crashed</b><br />You can keep playing but it might crash again.</div>
|html|<div class="broadcast-red"><b>The battle crashed</b><br />You can keep playing but it might crash again.</div>
|html|<div class="broadcast-red"><b>The battle crashed</b><br />You can keep playing but it might crash again.</div>
|html|<div class="broadcast-red"><b>The battle crashed</b><br />You can keep playing but it might crash again.</div>
|html|<div class="broadcast-red"><b>The battle crashed</b><br />You can keep playing but it might crash again.</div>
|html|<div class="broadcast-red"><b>The battle crashed</b><br />You can keep playing but it might crash again.</div>
|html|<div class="broadcast-red"><b>The battle crashed</b><br />You can keep playing but it might crash again.</div>
|html|<div class="broadcast-red"><b>The battle crashed</b><br />You can keep playing but it might crash again.</div>
|html|<div class="broadcast-red"><b>The battle crashed</b><br />You can keep playing but it might crash again.</div>
|html|<div class="broadcast-red"><b>The battle crashed</b><br />You can keep playing but it might crash again.</div>

TypeError: Cannot read property 'isActive' of null
    at Tools.Battle.makeRequest (/Users/clazinasteunenberg/Downloads/Test/battle-engine.js:1943:15)
    at process.BattlePokemon.side (/Users/clazinasteunenberg/Downloads/Test/battle-engine.js:157:13)
    at process.EventEmitter.emit (events.js:98:17)
    at handleMessage (child_process.js:318:10)
    at Pipe.channel.onread (child_process.js:345:11)

ReferenceError: potd is not defined
    at Tools.exports.BattleScripts.randomTeam (/Users/clazinasteunenberg/Downloads/Test/data/scripts.js:1522:8)
    at Tools.exports.BattleScripts.getTeam (/Users/clazinasteunenberg/Downloads/Test/data/scripts.js:488:16)
    at new BattleSide (/Users/clazinasteunenberg/Downloads/Test/battle-engine.js:1096:27)
    at Tools.Battle.join (/Users/clazinasteunenberg/Downloads/Test/battle-engine.js:3333:15)
    at Tools.Battle.receive (/Users/clazinasteunenberg/Downloads/Test/battle-engine.js:3390:9)
    at process.BattlePokemon.side (/Users/clazinasteunenberg/Downloads/Test/battle-engine.js:143:12)
    at process.EventEmitter.emit (events.js:98:17)
    at handleMessage (child_process.js:318:10)
    at Pipe.channel.onread (child_process.js:345:11)

Additional information:
message = battle-randombattle-497|join|p1|Meloetta<3V|134
currentRequest = 

Log:
|html|<div class="broadcast-red"><b>The battle crashed</b><br />You can keep playing but it might crash again.</div>
|html|<div class="broadcast-red"><b>The battle crashed</b><br />You can keep playing but it might crash again.</div>
|html|<div class="broadcast-red"><b>The battle crashed</b><br />You can keep playing but it might crash again.</div>
|html|<div class="broadcast-red"><b>The battle crashed</b><br />You can keep playing but it might crash again.</div>
|html|<div class="broadcast-red"><b>The battle crashed</b><br />You can keep playing but it might crash again.</div>
|html|<div class="broadcast-red"><b>The battle crashed</b><br />You can keep playing but it might crash again.</div>
|html|<div class="broadcast-red"><b>The battle crashed</b><br />You can keep playing but it might crash again.</div>
|html|<div class="broadcast-red"><b>The battle crashed</b><br />You can keep playing but it might crash again.</div>
|html|<div class="broadcast-red"><b>The battle crashed</b><br />You can keep playing but it might crash again.</div>
|html|<div class="broadcast-red"><b>The battle crashed</b><br />You can keep playing but it might crash again.</div>
|html|<div class="broadcast-red"><b>The battle crashed</b><br />You can keep playing but it might crash again.</div>
|html|<div class="broadcast-red"><b>The battle crashed</b><br />You can keep playing but it might crash again.</div>
|html|<div class="broadcast-red"><b>The battle crashed</b><br />You can keep playing but it might crash again.</div>
|html|<div class="broadcast-red"><b>The battle crashed</b><br />You can keep playing but it might crash again.</div>
|html|<div class="broadcast-red"><b>The battle crashed</b><br />You can keep playing but it might crash again.</div>
|html|<div class="broadcast-red"><b>The battle crashed</b><br />You can keep playing but it might crash again.</div>
|html|<div class="broadcast-red"><b>The battle crashed</b><br />You can keep playing but it might crash again.</div>
|html|<div class="broadcast-red"><b>The battle crashed</b><br />You can keep playing but it might crash again.</div>
|html|<div class="broadcast-red"><b>The battle crashed</b><br />You can keep playing but it might crash again.</div>
|html|<div class="broadcast-red"><b>The battle crashed</b><br />You can keep playing but it might crash again.</div>
|html|<div class="broadcast-red"><b>The battle crashed</b><br />You can keep playing but it might crash again.</div>
|html|<div class="broadcast-red"><b>The battle crashed</b><br />You can keep playing but it might crash again.</div>
|html|<div class="broadcast-red"><b>The battle crashed</b><br />You can keep playing but it might crash again.</div>
|html|<div class="broadcast-red"><b>The battle crashed</b><br />You can keep playing but it might crash again.</div>
|html|<div class="broadcast-red"><b>The battle crashed</b><br />You can keep playing but it might crash again.</div>
|html|<div class="broadcast-red"><b>The battle crashed</b><br />You can keep playing but it might crash again.</div>
|html|<div class="broadcast-red"><b>The battle crashed</b><br />You can keep playing but it might crash again.</div>
|html|<div class="broadcast-red"><b>The battle crashed</b><br />You can keep playing but it might crash again.</div>
|html|<div class="broadcast-red"><b>The battle crashed</b><br />You can keep playing but it might crash again.</div>
|html|<div class="broadcast-red"><b>The battle crashed</b><br />You can keep playing but it might crash again.</div>
|html|<div class="broadcast-red"><b>The battle crashed</b><br />You can keep playing but it might crash again.</div>
|html|<div class="broadcast-red"><b>The battle crashed</b><br />You can keep playing but it might crash again.</div>
|html|<div class="broadcast-red"><b>The battle crashed</b><br />You can keep playing but it might crash again.</div>
|html|<div class="broadcast-red"><b>The battle crashed</b><br />You can keep playing but it might crash again.</div>
|html|<div class="broadcast-red"><b>The battle crashed</b><br />You can keep playing but it might crash again.</div>
|html|<div class="broadcast-red"><b>The battle crashed</b><br />You can keep playing but it might crash again.</div>
|html|<div class="broadcast-red"><b>The battle crashed</b><br />You can keep playing but it might crash again.</div>
|html|<div class="broadcast-red"><b>The battle crashed</b><br />You can keep playing but it might crash again.</div>
|html|<div class="broadcast-red"><b>The battle crashed</b><br />You can keep playing but it might crash again.</div>
|html|<div class="broadcast-red"><b>The battle crashed</b><br />You can keep playing but it might crash again.</div>
|html|<div class="broadcast-red"><b>The battle crashed</b><br />You can keep playing but it might crash again.</div>
|html|<div class="broadcast-red"><b>The battle crashed</b><br />You can keep playing but it might crash again.</div>
|html|<div class="broadcast-red"><b>The battle crashed</b><br />You can keep playing but it might crash again.</div>
|html|<div class="broadcast-red"><b>The battle crashed</b><br />You can keep playing but it might crash again.</div>
|html|<div class="broadcast-red"><b>The battle crashed</b><br />You can keep playing but it might crash again.</div>
|html|<div class="broadcast-red"><b>The battle crashed</b><br />You can keep playing but it might crash again.</div>
|html|<div class="broadcast-red"><b>The battle crashed</b><br />You can keep playing but it might crash again.</div>
|html|<div class="broadcast-red"><b>The battle crashed</b><br />You can keep playing but it might crash again.</div>
|html|<div class="broadcast-red"><b>The battle crashed</b><br />You can keep playing but it might crash again.</div>
|html|<div class="broadcast-red"><b>The battle crashed</b><br />You can keep playing but it might crash again.</div>
|html|<div class="broadcast-red"><b>The battle crashed</b><br />You can keep playing but it might crash again.</div>
|html|<div class="broadcast-red"><b>The battle crashed</b><br />You can keep playing but it might crash again.</div>
|html|<div class="broadcast-red"><b>The battle crashed</b><br />You can keep playing but it might crash again.</div>
|html|<div class="broadcast-red"><b>The battle crashed</b><br />You can keep playing but it might crash again.</div>
|html|<div class="broadcast-red"><b>The battle crashed</b><br />You can keep playing but it might crash again.</div>
|html|<div class="broadcast-red"><b>The battle crashed</b><br />You can keep playing but it might crash again.</div>
|html|<div class="broadcast-red"><b>The battle crashed</b><br />You can keep playing but it might crash again.</div>
|html|<div class="broadcast-red"><b>The battle crashed</b><br />You can keep playing but it might crash again.</div>
|html|<div class="broadcast-red"><b>The battle crashed</b><br />You can keep playing but it might crash again.</div>
|html|<div class="broadcast-red"><b>The battle crashed</b><br />You can keep playing but it might crash again.</div>
|html|<div class="broadcast-red"><b>The battle crashed</b><br />You can keep playing but it might crash again.</div>
|html|<div class="broadcast-red"><b>The battle crashed</b><br />You can keep playing but it might crash again.</div>
|html|<div class="broadcast-red"><b>The battle crashed</b><br />You can keep playing but it might crash again.</div>
|html|<div class="broadcast-red"><b>The battle crashed</b><br />You can keep playing but it might crash again.</div>
|html|<div class="broadcast-red"><b>The battle crashed</b><br />You can keep playing but it might crash again.</div>
|html|<div class="broadcast-red"><b>The battle crashed</b><br />You can keep playing but it might crash again.</div>
|html|<div class="broadcast-red"><b>The battle crashed</b><br />You can keep playing but it might crash again.</div>
|html|<div class="broadcast-red"><b>The battle crashed</b><br />You can keep playing but it might crash again.</div>
|html|<div class="broadcast-red"><b>The battle crashed</b><br />You can keep playing but it might crash again.</div>
|html|<div class="broadcast-red"><b>The battle crashed</b><br />You can keep playing but it might crash again.</div>
|html|<div class="broadcast-red"><b>The battle crashed</b><br />You can keep playing but it might crash again.</div>
|html|<div class="broadcast-red"><b>The battle crashed</b><br />You can keep playing but it might crash again.</div>
|html|<div class="broadcast-red"><b>The battle crashed</b><br />You can keep playing but it might crash again.</div>
|html|<div class="broadcast-red"><b>The battle crashed</b><br />You can keep playing but it might crash again.</div>
|html|<div class="broadcast-red"><b>The battle crashed</b><br />You can keep playing but it might crash again.</div>
|html|<div class="broadcast-red"><b>The battle crashed</b><br />You can keep playing but it might crash again.</div>
|html|<div class="broadcast-red"><b>The battle crashed</b><br />You can keep playing but it might crash again.</div>
|html|<div class="broadcast-red"><b>The battle crashed</b><br />You can keep playing but it might crash again.</div>
|html|<div class="broadcast-red"><b>The battle crashed</b><br />You can keep playing but it might crash again.</div>
|html|<div class="broadcast-red"><b>The battle crashed</b><br />You can keep playing but it might crash again.</div>
|html|<div class="broadcast-red"><b>The battle crashed</b><br />You can keep playing but it might crash again.</div>
|html|<div class="broadcast-red"><b>The battle crashed</b><br />You can keep playing but it might crash again.</div>
|html|<div class="broadcast-red"><b>The battle crashed</b><br />You can keep playing but it might crash again.</div>
|html|<div class="broadcast-red"><b>The battle crashed</b><br />You can keep playing but it might crash again.</div>
|html|<div class="broadcast-red"><b>The battle crashed</b><br />You can keep playing but it might crash again.</div>
|html|<div class="broadcast-red"><b>The battle crashed</b><br />You can keep playing but it might crash again.</div>
|html|<div class="broadcast-red"><b>The battle crashed</b><br />You can keep playing but it might crash again.</div>
|html|<div class="broadcast-red"><b>The battle crashed</b><br />You can keep playing but it might crash again.</div>
|html|<div class="broadcast-red"><b>The battle crashed</b><br />You can keep playing but it might crash again.</div>
|html|<div class="broadcast-red"><b>The battle crashed</b><br />You can keep playing but it might crash again.</div>
|html|<div class="broadcast-red"><b>The battle crashed</b><br />You can keep playing but it might crash again.</div>
|html|<div class="broadcast-red"><b>The battle crashed</b><br />You can keep playing but it might crash again.</div>
|html|<div class="broadcast-red"><b>The battle crashed</b><br />You can keep playing but it might crash again.</div>
|html|<div class="broadcast-red"><b>The battle crashed</b><br />You can keep playing but it might crash again.</div>
|html|<div class="broadcast-red"><b>The battle crashed</b><br />You can keep playing but it might crash again.</div>
|html|<div class="broadcast-red"><b>The battle crashed</b><br />You can keep playing but it might crash again.</div>
|html|<div class="broadcast-red"><b>The battle crashed</b><br />You can keep playing but it might crash again.</div>
|html|<div class="broadcast-red"><b>The battle crashed</b><br />You can keep playing but it might crash again.</div>
|html|<div class="broadcast-red"><b>The battle crashed</b><br />You can keep playing but it might crash again.</div>
|html|<div class="broadcast-red"><b>The battle crashed</b><br />You can keep playing but it might crash again.</div>
|html|<div class="broadcast-red"><b>The battle crashed</b><br />You can keep playing but it might crash again.</div>
|html|<div class="broadcast-red"><b>The battle crashed</b><br />You can keep playing but it might crash again.</div>
|html|<div class="broadcast-red"><b>The battle crashed</b><br />You can keep playing but it might crash again.</div>
|html|<div class="broadcast-red"><b>The battle crashed</b><br />You can keep playing but it might crash again.</div>
|html|<div class="broadcast-red"><b>The battle crashed</b><br />You can keep playing but it might crash again.</div>
|html|<div class="broadcast-red"><b>The battle crashed</b><br />You can keep playing but it might crash again.</div>
|html|<div class="broadcast-red"><b>The battle crashed</b><br />You can keep playing but it might crash again.</div>
|html|<div class="broadcast-red"><b>The battle crashed</b><br />You can keep playing but it might crash again.</div>
|html|<div class="broadcast-red"><b>The battle crashed</b><br />You can keep playing but it might crash again.</div>
|html|<div class="broadcast-red"><b>The battle crashed</b><br />You can keep playing but it might crash again.</div>
|html|<div class="broadcast-red"><b>The battle crashed</b><br />You can keep playing but it might crash again.</div>
|html|<div class="broadcast-red"><b>The battle crashed</b><br />You can keep playing but it might crash again.</div>
|html|<div class="broadcast-red"><b>The battle crashed</b><br />You can keep playing but it might crash again.</div>
|html|<div class="broadcast-red"><b>The battle crashed</b><br />You can keep playing but it might crash again.</div>
|html|<div class="broadcast-red"><b>The battle crashed</b><br />You can keep playing but it might crash again.</div>
|html|<div class="broadcast-red"><b>The battle crashed</b><br />You can keep playing but it might crash again.</div>
|html|<div class="broadcast-red"><b>The battle crashed</b><br />You can keep playing but it might crash again.</div>
|html|<div class="broadcast-red"><b>The battle crashed</b><br />You can keep playing but it might crash again.</div>
|html|<div class="broadcast-red"><b>The battle crashed</b><br />You can keep playing but it might crash again.</div>
|html|<div class="broadcast-red"><b>The battle crashed</b><br />You can keep playing but it might crash again.</div>
|html|<div class="broadcast-red"><b>The battle crashed</b><br />You can keep playing but it might crash again.</div>
|html|<div class="broadcast-red"><b>The battle crashed</b><br />You can keep playing but it might crash again.</div>
|html|<div class="broadcast-red"><b>The battle crashed</b><br />You can keep playing but it might crash again.</div>
|html|<div class="broadcast-red"><b>The battle crashed</b><br />You can keep playing but it might crash again.</div>
|html|<div class="broadcast-red"><b>The battle crashed</b><br />You can keep playing but it might crash again.</div>
|html|<div class="broadcast-red"><b>The battle crashed</b><br />You can keep playing but it might crash again.</div>
|html|<div class="broadcast-red"><b>The battle crashed</b><br />You can keep playing but it might crash again.</div>
|html|<div class="broadcast-red"><b>The battle crashed</b><br />You can keep playing but it might crash again.</div>
|html|<div class="broadcast-red"><b>The battle crashed</b><br />You can keep playing but it might crash again.</div>
|html|<div class="broadcast-red"><b>The battle crashed</b><br />You can keep playing but it might crash again.</div>
|html|<div class="broadcast-red"><b>The battle crashed</b><br />You can keep playing but it might crash again.</div>
|html|<div class="broadcast-red"><b>The battle crashed</b><br />You can keep playing but it might crash again.</div>
|html|<div class="broadcast-red"><b>The battle crashed</b><br />You can keep playing but it might crash again.</div>
|html|<div class="broadcast-red"><b>The battle crashed</b><br />You can keep playing but it might crash again.</div>

TypeError: Cannot read property 'isActive' of null
    at Tools.Battle.makeRequest (/Users/clazinasteunenberg/Downloads/Test/battle-engine.js:1943:15)
    at process.BattlePokemon.side (/Users/clazinasteunenberg/Downloads/Test/battle-engine.js:157:13)
    at process.EventEmitter.emit (events.js:98:17)
    at handleMessage (child_process.js:318:10)
    at Pipe.channel.onread (child_process.js:345:11)

ReferenceError: potd is not defined
    at Tools.exports.BattleScripts.randomTeam (/Users/clazinasteunenberg/Downloads/Test/data/scripts.js:1522:8)
    at Tools.exports.BattleScripts.getTeam (/Users/clazinasteunenberg/Downloads/Test/data/scripts.js:488:16)
    at new BattleSide (/Users/clazinasteunenberg/Downloads/Test/battle-engine.js:1096:27)
    at Tools.Battle.join (/Users/clazinasteunenberg/Downloads/Test/battle-engine.js:3333:15)
    at Tools.Battle.receive (/Users/clazinasteunenberg/Downloads/Test/battle-engine.js:3390:9)
    at process.BattlePokemon.side (/Users/clazinasteunenberg/Downloads/Test/battle-engine.js:143:12)
    at process.EventEmitter.emit (events.js:98:17)
    at handleMessage (child_process.js:318:10)
    at Pipe.channel.onread (child_process.js:345:11)

Additional information:
message = battle-randombattle-497|join|p1|Meloetta<3V|134
currentRequest = 

Log:
|html|<div class="broadcast-red"><b>The battle crashed</b><br />You can keep playing but it might crash again.</div>
|html|<div class="broadcast-red"><b>The battle crashed</b><br />You can keep playing but it might crash again.</div>
|html|<div class="broadcast-red"><b>The battle crashed</b><br />You can keep playing but it might crash again.</div>
|html|<div class="broadcast-red"><b>The battle crashed</b><br />You can keep playing but it might crash again.</div>
|html|<div class="broadcast-red"><b>The battle crashed</b><br />You can keep playing but it might crash again.</div>
|html|<div class="broadcast-red"><b>The battle crashed</b><br />You can keep playing but it might crash again.</div>
|html|<div class="broadcast-red"><b>The battle crashed</b><br />You can keep playing but it might crash again.</div>
|html|<div class="broadcast-red"><b>The battle crashed</b><br />You can keep playing but it might crash again.</div>
|html|<div class="broadcast-red"><b>The battle crashed</b><br />You can keep playing but it might crash again.</div>
|html|<div class="broadcast-red"><b>The battle crashed</b><br />You can keep playing but it might crash again.</div>
|html|<div class="broadcast-red"><b>The battle crashed</b><br />You can keep playing but it might crash again.</div>
|html|<div class="broadcast-red"><b>The battle crashed</b><br />You can keep playing but it might crash again.</div>
|html|<div class="broadcast-red"><b>The battle crashed</b><br />You can keep playing but it might crash again.</div>
|html|<div class="broadcast-red"><b>The battle crashed</b><br />You can keep playing but it might crash again.</div>
|html|<div class="broadcast-red"><b>The battle crashed</b><br />You can keep playing but it might crash again.</div>
|html|<div class="broadcast-red"><b>The battle crashed</b><br />You can keep playing but it might crash again.</div>
|html|<div class="broadcast-red"><b>The battle crashed</b><br />You can keep playing but it might crash again.</div>
|html|<div class="broadcast-red"><b>The battle crashed</b><br />You can keep playing but it might crash again.</div>
|html|<div class="broadcast-red"><b>The battle crashed</b><br />You can keep playing but it might crash again.</div>
|html|<div class="broadcast-red"><b>The battle crashed</b><br />You can keep playing but it might crash again.</div>
|html|<div class="broadcast-red"><b>The battle crashed</b><br />You can keep playing but it might crash again.</div>
|html|<div class="broadcast-red"><b>The battle crashed</b><br />You can keep playing but it might crash again.</div>
|html|<div class="broadcast-red"><b>The battle crashed</b><br />You can keep playing but it might crash again.</div>
|html|<div class="broadcast-red"><b>The battle crashed</b><br />You can keep playing but it might crash again.</div>
|html|<div class="broadcast-red"><b>The battle crashed</b><br />You can keep playing but it might crash again.</div>
|html|<div class="broadcast-red"><b>The battle crashed</b><br />You can keep playing but it might crash again.</div>
|html|<div class="broadcast-red"><b>The battle crashed</b><br />You can keep playing but it might crash again.</div>
|html|<div class="broadcast-red"><b>The battle crashed</b><br />You can keep playing but it might crash again.</div>
|html|<div class="broadcast-red"><b>The battle crashed</b><br />You can keep playing but it might crash again.</div>
|html|<div class="broadcast-red"><b>The battle crashed</b><br />You can keep playing but it might crash again.</div>
|html|<div class="broadcast-red"><b>The battle crashed</b><br />You can keep playing but it might crash again.</div>
|html|<div class="broadcast-red"><b>The battle crashed</b><br />You can keep playing but it might crash again.</div>
|html|<div class="broadcast-red"><b>The battle crashed</b><br />You can keep playing but it might crash again.</div>
|html|<div class="broadcast-red"><b>The battle crashed</b><br />You can keep playing but it might crash again.</div>
|html|<div class="broadcast-red"><b>The battle crashed</b><br />You can keep playing but it might crash again.</div>
|html|<div class="broadcast-red"><b>The battle crashed</b><br />You can keep playing but it might crash again.</div>
|html|<div class="broadcast-red"><b>The battle crashed</b><br />You can keep playing but it might crash again.</div>
|html|<div class="broadcast-red"><b>The battle crashed</b><br />You can keep playing but it might crash again.</div>
|html|<div class="broadcast-red"><b>The battle crashed</b><br />You can keep playing but it might crash again.</div>
|html|<div class="broadcast-red"><b>The battle crashed</b><br />You can keep playing but it might crash again.</div>
|html|<div class="broadcast-red"><b>The battle crashed</b><br />You can keep playing but it might crash again.</div>
|html|<div class="broadcast-red"><b>The battle crashed</b><br />You can keep playing but it might crash again.</div>
|html|<div class="broadcast-red"><b>The battle crashed</b><br />You can keep playing but it might crash again.</div>
|html|<div class="broadcast-red"><b>The battle crashed</b><br />You can keep playing but it might crash again.</div>
|html|<div class="broadcast-red"><b>The battle crashed</b><br />You can keep playing but it might crash again.</div>
|html|<div class="broadcast-red"><b>The battle crashed</b><br />You can keep playing but it might crash again.</div>
|html|<div class="broadcast-red"><b>The battle crashed</b><br />You can keep playing but it might crash again.</div>
|html|<div class="broadcast-red"><b>The battle crashed</b><br />You can keep playing but it might crash again.</div>
|html|<div class="broadcast-red"><b>The battle crashed</b><br />You can keep playing but it might crash again.</div>
|html|<div class="broadcast-red"><b>The battle crashed</b><br />You can keep playing but it might crash again.</div>
|html|<div class="broadcast-red"><b>The battle crashed</b><br />You can keep playing but it might crash again.</div>
|html|<div class="broadcast-red"><b>The battle crashed</b><br />You can keep playing but it might crash again.</div>
|html|<div class="broadcast-red"><b>The battle crashed</b><br />You can keep playing but it might crash again.</div>
|html|<div class="broadcast-red"><b>The battle crashed</b><br />You can keep playing but it might crash again.</div>
|html|<div class="broadcast-red"><b>The battle crashed</b><br />You can keep playing but it might crash again.</div>
|html|<div class="broadcast-red"><b>The battle crashed</b><br />You can keep playing but it might crash again.</div>
|html|<div class="broadcast-red"><b>The battle crashed</b><br />You can keep playing but it might crash again.</div>
|html|<div class="broadcast-red"><b>The battle crashed</b><br />You can keep playing but it might crash again.</div>
|html|<div class="broadcast-red"><b>The battle crashed</b><br />You can keep playing but it might crash again.</div>
|html|<div class="broadcast-red"><b>The battle crashed</b><br />You can keep playing but it might crash again.</div>
|html|<div class="broadcast-red"><b>The battle crashed</b><br />You can keep playing but it might crash again.</div>
|html|<div class="broadcast-red"><b>The battle crashed</b><br />You can keep playing but it might crash again.</div>
|html|<div class="broadcast-red"><b>The battle crashed</b><br />You can keep playing but it might crash again.</div>
|html|<div class="broadcast-red"><b>The battle crashed</b><br />You can keep playing but it might crash again.</div>
|html|<div class="broadcast-red"><b>The battle crashed</b><br />You can keep playing but it might crash again.</div>
|html|<div class="broadcast-red"><b>The battle crashed</b><br />You can keep playing but it might crash again.</div>
|html|<div class="broadcast-red"><b>The battle crashed</b><br />You can keep playing but it might crash again.</div>
|html|<div class="broadcast-red"><b>The battle crashed</b><br />You can keep playing but it might crash again.</div>
|html|<div class="broadcast-red"><b>The battle crashed</b><br />You can keep playing but it might crash again.</div>
|html|<div class="broadcast-red"><b>The battle crashed</b><br />You can keep playing but it might crash again.</div>
|html|<div class="broadcast-red"><b>The battle crashed</b><br />You can keep playing but it might crash again.</div>
|html|<div class="broadcast-red"><b>The battle crashed</b><br />You can keep playing but it might crash again.</div>
|html|<div class="broadcast-red"><b>The battle crashed</b><br />You can keep playing but it might crash again.</div>
|html|<div class="broadcast-red"><b>The battle crashed</b><br />You can keep playing but it might crash again.</div>
|html|<div class="broadcast-red"><b>The battle crashed</b><br />You can keep playing but it might crash again.</div>
|html|<div class="broadcast-red"><b>The battle crashed</b><br />You can keep playing but it might crash again.</div>
|html|<div class="broadcast-red"><b>The battle crashed</b><br />You can keep playing but it might crash again.</div>
|html|<div class="broadcast-red"><b>The battle crashed</b><br />You can keep playing but it might crash again.</div>
|html|<div class="broadcast-red"><b>The battle crashed</b><br />You can keep playing but it might crash again.</div>
|html|<div class="broadcast-red"><b>The battle crashed</b><br />You can keep playing but it might crash again.</div>
|html|<div class="broadcast-red"><b>The battle crashed</b><br />You can keep playing but it might crash again.</div>
|html|<div class="broadcast-red"><b>The battle crashed</b><br />You can keep playing but it might crash again.</div>
|html|<div class="broadcast-red"><b>The battle crashed</b><br />You can keep playing but it might crash again.</div>
|html|<div class="broadcast-red"><b>The battle crashed</b><br />You can keep playing but it might crash again.</div>
|html|<div class="broadcast-red"><b>The battle crashed</b><br />You can keep playing but it might crash again.</div>
|html|<div class="broadcast-red"><b>The battle crashed</b><br />You can keep playing but it might crash again.</div>
|html|<div class="broadcast-red"><b>The battle crashed</b><br />You can keep playing but it might crash again.</div>
|html|<div class="broadcast-red"><b>The battle crashed</b><br />You can keep playing but it might crash again.</div>
|html|<div class="broadcast-red"><b>The battle crashed</b><br />You can keep playing but it might crash again.</div>
|html|<div class="broadcast-red"><b>The battle crashed</b><br />You can keep playing but it might crash again.</div>
|html|<div class="broadcast-red"><b>The battle crashed</b><br />You can keep playing but it might crash again.</div>
|html|<div class="broadcast-red"><b>The battle crashed</b><br />You can keep playing but it might crash again.</div>
|html|<div class="broadcast-red"><b>The battle crashed</b><br />You can keep playing but it might crash again.</div>
|html|<div class="broadcast-red"><b>The battle crashed</b><br />You can keep playing but it might crash again.</div>
|html|<div class="broadcast-red"><b>The battle crashed</b><br />You can keep playing but it might crash again.</div>
|html|<div class="broadcast-red"><b>The battle crashed</b><br />You can keep playing but it might crash again.</div>
|html|<div class="broadcast-red"><b>The battle crashed</b><br />You can keep playing but it might crash again.</div>
|html|<div class="broadcast-red"><b>The battle crashed</b><br />You can keep playing but it might crash again.</div>
|html|<div class="broadcast-red"><b>The battle crashed</b><br />You can keep playing but it might crash again.</div>
|html|<div class="broadcast-red"><b>The battle crashed</b><br />You can keep playing but it might crash again.</div>
|html|<div class="broadcast-red"><b>The battle crashed</b><br />You can keep playing but it might crash again.</div>
|html|<div class="broadcast-red"><b>The battle crashed</b><br />You can keep playing but it might crash again.</div>
|html|<div class="broadcast-red"><b>The battle crashed</b><br />You can keep playing but it might crash again.</div>
|html|<div class="broadcast-red"><b>The battle crashed</b><br />You can keep playing but it might crash again.</div>
|html|<div class="broadcast-red"><b>The battle crashed</b><br />You can keep playing but it might crash again.</div>
|html|<div class="broadcast-red"><b>The battle crashed</b><br />You can keep playing but it might crash again.</div>
|html|<div class="broadcast-red"><b>The battle crashed</b><br />You can keep playing but it might crash again.</div>
|html|<div class="broadcast-red"><b>The battle crashed</b><br />You can keep playing but it might crash again.</div>
|html|<div class="broadcast-red"><b>The battle crashed</b><br />You can keep playing but it might crash again.</div>
|html|<div class="broadcast-red"><b>The battle crashed</b><br />You can keep playing but it might crash again.</div>
|html|<div class="broadcast-red"><b>The battle crashed</b><br />You can keep playing but it might crash again.</div>
|html|<div class="broadcast-red"><b>The battle crashed</b><br />You can keep playing but it might crash again.</div>
|html|<div class="broadcast-red"><b>The battle crashed</b><br />You can keep playing but it might crash again.</div>
|html|<div class="broadcast-red"><b>The battle crashed</b><br />You can keep playing but it might crash again.</div>
|html|<div class="broadcast-red"><b>The battle crashed</b><br />You can keep playing but it might crash again.</div>
|html|<div class="broadcast-red"><b>The battle crashed</b><br />You can keep playing but it might crash again.</div>
|html|<div class="broadcast-red"><b>The battle crashed</b><br />You can keep playing but it might crash again.</div>
|html|<div class="broadcast-red"><b>The battle crashed</b><br />You can keep playing but it might crash again.</div>
|html|<div class="broadcast-red"><b>The battle crashed</b><br />You can keep playing but it might crash again.</div>
|html|<div class="broadcast-red"><b>The battle crashed</b><br />You can keep playing but it might crash again.</div>
|html|<div class="broadcast-red"><b>The battle crashed</b><br />You can keep playing but it might crash again.</div>
|html|<div class="broadcast-red"><b>The battle crashed</b><br />You can keep playing but it might crash again.</div>
|html|<div class="broadcast-red"><b>The battle crashed</b><br />You can keep playing but it might crash again.</div>
|html|<div class="broadcast-red"><b>The battle crashed</b><br />You can keep playing but it might crash again.</div>
|html|<div class="broadcast-red"><b>The battle crashed</b><br />You can keep playing but it might crash again.</div>
|html|<div class="broadcast-red"><b>The battle crashed</b><br />You can keep playing but it might crash again.</div>
|html|<div class="broadcast-red"><b>The battle crashed</b><br />You can keep playing but it might crash again.</div>
|html|<div class="broadcast-red"><b>The battle crashed</b><br />You can keep playing but it might crash again.</div>
|html|<div class="broadcast-red"><b>The battle crashed</b><br />You can keep playing but it might crash again.</div>
|html|<div class="broadcast-red"><b>The battle crashed</b><br />You can keep playing but it might crash again.</div>
|html|<div class="broadcast-red"><b>The battle crashed</b><br />You can keep playing but it might crash again.</div>
|html|<div class="broadcast-red"><b>The battle crashed</b><br />You can keep playing but it might crash again.</div>
|html|<div class="broadcast-red"><b>The battle crashed</b><br />You can keep playing but it might crash again.</div>
|html|<div class="broadcast-red"><b>The battle crashed</b><br />You can keep playing but it might crash again.</div>
|html|<div class="broadcast-red"><b>The battle crashed</b><br />You can keep playing but it might crash again.</div>

TypeError: Cannot read property 'isActive' of null
    at Tools.Battle.makeRequest (/Users/clazinasteunenberg/Downloads/Test/battle-engine.js:1943:15)
    at process.BattlePokemon.side (/Users/clazinasteunenberg/Downloads/Test/battle-engine.js:157:13)
    at process.EventEmitter.emit (events.js:98:17)
    at handleMessage (child_process.js:318:10)
    at Pipe.channel.onread (child_process.js:345:11)

ReferenceError: potd is not defined
    at Tools.exports.BattleScripts.randomTeam (/Users/clazinasteunenberg/Downloads/Test/data/scripts.js:1522:8)
    at Tools.exports.BattleScripts.getTeam (/Users/clazinasteunenberg/Downloads/Test/data/scripts.js:488:16)
    at new BattleSide (/Users/clazinasteunenberg/Downloads/Test/battle-engine.js:1096:27)
    at Tools.Battle.join (/Users/clazinasteunenberg/Downloads/Test/battle-engine.js:3333:15)
    at Tools.Battle.receive (/Users/clazinasteunenberg/Downloads/Test/battle-engine.js:3390:9)
    at process.BattlePokemon.side (/Users/clazinasteunenberg/Downloads/Test/battle-engine.js:143:12)
    at process.EventEmitter.emit (events.js:98:17)
    at handleMessage (child_process.js:318:10)
    at Pipe.channel.onread (child_process.js:345:11)

Additional information:
message = battle-randombattle-497|join|p1|Meloetta<3V|134
currentRequest = 

Log:
|html|<div class="broadcast-red"><b>The battle crashed</b><br />You can keep playing but it might crash again.</div>
|html|<div class="broadcast-red"><b>The battle crashed</b><br />You can keep playing but it might crash again.</div>
|html|<div class="broadcast-red"><b>The battle crashed</b><br />You can keep playing but it might crash again.</div>
|html|<div class="broadcast-red"><b>The battle crashed</b><br />You can keep playing but it might crash again.</div>
|html|<div class="broadcast-red"><b>The battle crashed</b><br />You can keep playing but it might crash again.</div>
|html|<div class="broadcast-red"><b>The battle crashed</b><br />You can keep playing but it might crash again.</div>
|html|<div class="broadcast-red"><b>The battle crashed</b><br />You can keep playing but it might crash again.</div>
|html|<div class="broadcast-red"><b>The battle crashed</b><br />You can keep playing but it might crash again.</div>
|html|<div class="broadcast-red"><b>The battle crashed</b><br />You can keep playing but it might crash again.</div>
|html|<div class="broadcast-red"><b>The battle crashed</b><br />You can keep playing but it might crash again.</div>
|html|<div class="broadcast-red"><b>The battle crashed</b><br />You can keep playing but it might crash again.</div>
|html|<div class="broadcast-red"><b>The battle crashed</b><br />You can keep playing but it might crash again.</div>
|html|<div class="broadcast-red"><b>The battle crashed</b><br />You can keep playing but it might crash again.</div>
|html|<div class="broadcast-red"><b>The battle crashed</b><br />You can keep playing but it might crash again.</div>
|html|<div class="broadcast-red"><b>The battle crashed</b><br />You can keep playing but it might crash again.</div>
|html|<div class="broadcast-red"><b>The battle crashed</b><br />You can keep playing but it might crash again.</div>
|html|<div class="broadcast-red"><b>The battle crashed</b><br />You can keep playing but it might crash again.</div>
|html|<div class="broadcast-red"><b>The battle crashed</b><br />You can keep playing but it might crash again.</div>
|html|<div class="broadcast-red"><b>The battle crashed</b><br />You can keep playing but it might crash again.</div>
|html|<div class="broadcast-red"><b>The battle crashed</b><br />You can keep playing but it might crash again.</div>
|html|<div class="broadcast-red"><b>The battle crashed</b><br />You can keep playing but it might crash again.</div>
|html|<div class="broadcast-red"><b>The battle crashed</b><br />You can keep playing but it might crash again.</div>
|html|<div class="broadcast-red"><b>The battle crashed</b><br />You can keep playing but it might crash again.</div>
|html|<div class="broadcast-red"><b>The battle crashed</b><br />You can keep playing but it might crash again.</div>
|html|<div class="broadcast-red"><b>The battle crashed</b><br />You can keep playing but it might crash again.</div>
|html|<div class="broadcast-red"><b>The battle crashed</b><br />You can keep playing but it might crash again.</div>
|html|<div class="broadcast-red"><b>The battle crashed</b><br />You can keep playing but it might crash again.</div>
|html|<div class="broadcast-red"><b>The battle crashed</b><br />You can keep playing but it might crash again.</div>
|html|<div class="broadcast-red"><b>The battle crashed</b><br />You can keep playing but it might crash again.</div>
|html|<div class="broadcast-red"><b>The battle crashed</b><br />You can keep playing but it might crash again.</div>
|html|<div class="broadcast-red"><b>The battle crashed</b><br />You can keep playing but it might crash again.</div>
|html|<div class="broadcast-red"><b>The battle crashed</b><br />You can keep playing but it might crash again.</div>
|html|<div class="broadcast-red"><b>The battle crashed</b><br />You can keep playing but it might crash again.</div>
|html|<div class="broadcast-red"><b>The battle crashed</b><br />You can keep playing but it might crash again.</div>
|html|<div class="broadcast-red"><b>The battle crashed</b><br />You can keep playing but it might crash again.</div>
|html|<div class="broadcast-red"><b>The battle crashed</b><br />You can keep playing but it might crash again.</div>
|html|<div class="broadcast-red"><b>The battle crashed</b><br />You can keep playing but it might crash again.</div>
|html|<div class="broadcast-red"><b>The battle crashed</b><br />You can keep playing but it might crash again.</div>
|html|<div class="broadcast-red"><b>The battle crashed</b><br />You can keep playing but it might crash again.</div>
|html|<div class="broadcast-red"><b>The battle crashed</b><br />You can keep playing but it might crash again.</div>
|html|<div class="broadcast-red"><b>The battle crashed</b><br />You can keep playing but it might crash again.</div>
|html|<div class="broadcast-red"><b>The battle crashed</b><br />You can keep playing but it might crash again.</div>
|html|<div class="broadcast-red"><b>The battle crashed</b><br />You can keep playing but it might crash again.</div>
|html|<div class="broadcast-red"><b>The battle crashed</b><br />You can keep playing but it might crash again.</div>
|html|<div class="broadcast-red"><b>The battle crashed</b><br />You can keep playing but it might crash again.</div>
|html|<div class="broadcast-red"><b>The battle crashed</b><br />You can keep playing but it might crash again.</div>
|html|<div class="broadcast-red"><b>The battle crashed</b><br />You can keep playing but it might crash again.</div>
|html|<div class="broadcast-red"><b>The battle crashed</b><br />You can keep playing but it might crash again.</div>
|html|<div class="broadcast-red"><b>The battle crashed</b><br />You can keep playing but it might crash again.</div>
|html|<div class="broadcast-red"><b>The battle crashed</b><br />You can keep playing but it might crash again.</div>
|html|<div class="broadcast-red"><b>The battle crashed</b><br />You can keep playing but it might crash again.</div>
|html|<div class="broadcast-red"><b>The battle crashed</b><br />You can keep playing but it might crash again.</div>
|html|<div class="broadcast-red"><b>The battle crashed</b><br />You can keep playing but it might crash again.</div>
|html|<div class="broadcast-red"><b>The battle crashed</b><br />You can keep playing but it might crash again.</div>
|html|<div class="broadcast-red"><b>The battle crashed</b><br />You can keep playing but it might crash again.</div>
|html|<div class="broadcast-red"><b>The battle crashed</b><br />You can keep playing but it might crash again.</div>
|html|<div class="broadcast-red"><b>The battle crashed</b><br />You can keep playing but it might crash again.</div>
|html|<div class="broadcast-red"><b>The battle crashed</b><br />You can keep playing but it might crash again.</div>
|html|<div class="broadcast-red"><b>The battle crashed</b><br />You can keep playing but it might crash again.</div>
|html|<div class="broadcast-red"><b>The battle crashed</b><br />You can keep playing but it might crash again.</div>
|html|<div class="broadcast-red"><b>The battle crashed</b><br />You can keep playing but it might crash again.</div>
|html|<div class="broadcast-red"><b>The battle crashed</b><br />You can keep playing but it might crash again.</div>
|html|<div class="broadcast-red"><b>The battle crashed</b><br />You can keep playing but it might crash again.</div>
|html|<div class="broadcast-red"><b>The battle crashed</b><br />You can keep playing but it might crash again.</div>
|html|<div class="broadcast-red"><b>The battle crashed</b><br />You can keep playing but it might crash again.</div>
|html|<div class="broadcast-red"><b>The battle crashed</b><br />You can keep playing but it might crash again.</div>
|html|<div class="broadcast-red"><b>The battle crashed</b><br />You can keep playing but it might crash again.</div>
|html|<div class="broadcast-red"><b>The battle crashed</b><br />You can keep playing but it might crash again.</div>
|html|<div class="broadcast-red"><b>The battle crashed</b><br />You can keep playing but it might crash again.</div>
|html|<div class="broadcast-red"><b>The battle crashed</b><br />You can keep playing but it might crash again.</div>
|html|<div class="broadcast-red"><b>The battle crashed</b><br />You can keep playing but it might crash again.</div>
|html|<div class="broadcast-red"><b>The battle crashed</b><br />You can keep playing but it might crash again.</div>
|html|<div class="broadcast-red"><b>The battle crashed</b><br />You can keep playing but it might crash again.</div>
|html|<div class="broadcast-red"><b>The battle crashed</b><br />You can keep playing but it might crash again.</div>
|html|<div class="broadcast-red"><b>The battle crashed</b><br />You can keep playing but it might crash again.</div>
|html|<div class="broadcast-red"><b>The battle crashed</b><br />You can keep playing but it might crash again.</div>
|html|<div class="broadcast-red"><b>The battle crashed</b><br />You can keep playing but it might crash again.</div>
|html|<div class="broadcast-red"><b>The battle crashed</b><br />You can keep playing but it might crash again.</div>
|html|<div class="broadcast-red"><b>The battle crashed</b><br />You can keep playing but it might crash again.</div>
|html|<div class="broadcast-red"><b>The battle crashed</b><br />You can keep playing but it might crash again.</div>
|html|<div class="broadcast-red"><b>The battle crashed</b><br />You can keep playing but it might crash again.</div>
|html|<div class="broadcast-red"><b>The battle crashed</b><br />You can keep playing but it might crash again.</div>
|html|<div class="broadcast-red"><b>The battle crashed</b><br />You can keep playing but it might crash again.</div>
|html|<div class="broadcast-red"><b>The battle crashed</b><br />You can keep playing but it might crash again.</div>
|html|<div class="broadcast-red"><b>The battle crashed</b><br />You can keep playing but it might crash again.</div>
|html|<div class="broadcast-red"><b>The battle crashed</b><br />You can keep playing but it might crash again.</div>
|html|<div class="broadcast-red"><b>The battle crashed</b><br />You can keep playing but it might crash again.</div>
|html|<div class="broadcast-red"><b>The battle crashed</b><br />You can keep playing but it might crash again.</div>
|html|<div class="broadcast-red"><b>The battle crashed</b><br />You can keep playing but it might crash again.</div>
|html|<div class="broadcast-red"><b>The battle crashed</b><br />You can keep playing but it might crash again.</div>
|html|<div class="broadcast-red"><b>The battle crashed</b><br />You can keep playing but it might crash again.</div>
|html|<div class="broadcast-red"><b>The battle crashed</b><br />You can keep playing but it might crash again.</div>
|html|<div class="broadcast-red"><b>The battle crashed</b><br />You can keep playing but it might crash again.</div>
|html|<div class="broadcast-red"><b>The battle crashed</b><br />You can keep playing but it might crash again.</div>
|html|<div class="broadcast-red"><b>The battle crashed</b><br />You can keep playing but it might crash again.</div>
|html|<div class="broadcast-red"><b>The battle crashed</b><br />You can keep playing but it might crash again.</div>
|html|<div class="broadcast-red"><b>The battle crashed</b><br />You can keep playing but it might crash again.</div>
|html|<div class="broadcast-red"><b>The battle crashed</b><br />You can keep playing but it might crash again.</div>
|html|<div class="broadcast-red"><b>The battle crashed</b><br />You can keep playing but it might crash again.</div>
|html|<div class="broadcast-red"><b>The battle crashed</b><br />You can keep playing but it might crash again.</div>
|html|<div class="broadcast-red"><b>The battle crashed</b><br />You can keep playing but it might crash again.</div>
|html|<div class="broadcast-red"><b>The battle crashed</b><br />You can keep playing but it might crash again.</div>
|html|<div class="broadcast-red"><b>The battle crashed</b><br />You can keep playing but it might crash again.</div>
|html|<div class="broadcast-red"><b>The battle crashed</b><br />You can keep playing but it might crash again.</div>
|html|<div class="broadcast-red"><b>The battle crashed</b><br />You can keep playing but it might crash again.</div>
|html|<div class="broadcast-red"><b>The battle crashed</b><br />You can keep playing but it might crash again.</div>
|html|<div class="broadcast-red"><b>The battle crashed</b><br />You can keep playing but it might crash again.</div>
|html|<div class="broadcast-red"><b>The battle crashed</b><br />You can keep playing but it might crash again.</div>
|html|<div class="broadcast-red"><b>The battle crashed</b><br />You can keep playing but it might crash again.</div>
|html|<div class="broadcast-red"><b>The battle crashed</b><br />You can keep playing but it might crash again.</div>
|html|<div class="broadcast-red"><b>The battle crashed</b><br />You can keep playing but it might crash again.</div>
|html|<div class="broadcast-red"><b>The battle crashed</b><br />You can keep playing but it might crash again.</div>
|html|<div class="broadcast-red"><b>The battle crashed</b><br />You can keep playing but it might crash again.</div>
|html|<div class="broadcast-red"><b>The battle crashed</b><br />You can keep playing but it might crash again.</div>
|html|<div class="broadcast-red"><b>The battle crashed</b><br />You can keep playing but it might crash again.</div>
|html|<div class="broadcast-red"><b>The battle crashed</b><br />You can keep playing but it might crash again.</div>
|html|<div class="broadcast-red"><b>The battle crashed</b><br />You can keep playing but it might crash again.</div>
|html|<div class="broadcast-red"><b>The battle crashed</b><br />You can keep playing but it might crash again.</div>
|html|<div class="broadcast-red"><b>The battle crashed</b><br />You can keep playing but it might crash again.</div>
|html|<div class="broadcast-red"><b>The battle crashed</b><br />You can keep playing but it might crash again.</div>
|html|<div class="broadcast-red"><b>The battle crashed</b><br />You can keep playing but it might crash again.</div>
|html|<div class="broadcast-red"><b>The battle crashed</b><br />You can keep playing but it might crash again.</div>
|html|<div class="broadcast-red"><b>The battle crashed</b><br />You can keep playing but it might crash again.</div>
|html|<div class="broadcast-red"><b>The battle crashed</b><br />You can keep playing but it might crash again.</div>
|html|<div class="broadcast-red"><b>The battle crashed</b><br />You can keep playing but it might crash again.</div>
|html|<div class="broadcast-red"><b>The battle crashed</b><br />You can keep playing but it might crash again.</div>
|html|<div class="broadcast-red"><b>The battle crashed</b><br />You can keep playing but it might crash again.</div>
|html|<div class="broadcast-red"><b>The battle crashed</b><br />You can keep playing but it might crash again.</div>
|html|<div class="broadcast-red"><b>The battle crashed</b><br />You can keep playing but it might crash again.</div>
|html|<div class="broadcast-red"><b>The battle crashed</b><br />You can keep playing but it might crash again.</div>
|html|<div class="broadcast-red"><b>The battle crashed</b><br />You can keep playing but it might crash again.</div>
|html|<div class="broadcast-red"><b>The battle crashed</b><br />You can keep playing but it might crash again.</div>
|html|<div class="broadcast-red"><b>The battle crashed</b><br />You can keep playing but it might crash again.</div>
|html|<div class="broadcast-red"><b>The battle crashed</b><br />You can keep playing but it might crash again.</div>
|html|<div class="broadcast-red"><b>The battle crashed</b><br />You can keep playing but it might crash again.</div>
|html|<div class="broadcast-red"><b>The battle crashed</b><br />You can keep playing but it might crash again.</div>

TypeError: Cannot read property 'isActive' of null
    at Tools.Battle.makeRequest (/Users/clazinasteunenberg/Downloads/Test/battle-engine.js:1943:15)
    at process.BattlePokemon.side (/Users/clazinasteunenberg/Downloads/Test/battle-engine.js:157:13)
    at process.EventEmitter.emit (events.js:98:17)
    at handleMessage (child_process.js:318:10)
    at Pipe.channel.onread (child_process.js:345:11)

ReferenceError: potd is not defined
    at Tools.exports.BattleScripts.randomTeam (/Users/clazinasteunenberg/Downloads/Test/data/scripts.js:1522:8)
    at Tools.exports.BattleScripts.getTeam (/Users/clazinasteunenberg/Downloads/Test/data/scripts.js:488:16)
    at new BattleSide (/Users/clazinasteunenberg/Downloads/Test/battle-engine.js:1096:27)
    at Tools.Battle.join (/Users/clazinasteunenberg/Downloads/Test/battle-engine.js:3333:15)
    at Tools.Battle.receive (/Users/clazinasteunenberg/Downloads/Test/battle-engine.js:3390:9)
    at process.BattlePokemon.side (/Users/clazinasteunenberg/Downloads/Test/battle-engine.js:143:12)
    at process.EventEmitter.emit (events.js:98:17)
    at handleMessage (child_process.js:318:10)
    at Pipe.channel.onread (child_process.js:345:11)

Additional information:
message = battle-randombattle-497|join|p1|Meloetta<3V|134
currentRequest = 

Log:
|html|<div class="broadcast-red"><b>The battle crashed</b><br />You can keep playing but it might crash again.</div>
|html|<div class="broadcast-red"><b>The battle crashed</b><br />You can keep playing but it might crash again.</div>
|html|<div class="broadcast-red"><b>The battle crashed</b><br />You can keep playing but it might crash again.</div>
|html|<div class="broadcast-red"><b>The battle crashed</b><br />You can keep playing but it might crash again.</div>
|html|<div class="broadcast-red"><b>The battle crashed</b><br />You can keep playing but it might crash again.</div>
|html|<div class="broadcast-red"><b>The battle crashed</b><br />You can keep playing but it might crash again.</div>
|html|<div class="broadcast-red"><b>The battle crashed</b><br />You can keep playing but it might crash again.</div>
|html|<div class="broadcast-red"><b>The battle crashed</b><br />You can keep playing but it might crash again.</div>
|html|<div class="broadcast-red"><b>The battle crashed</b><br />You can keep playing but it might crash again.</div>
|html|<div class="broadcast-red"><b>The battle crashed</b><br />You can keep playing but it might crash again.</div>
|html|<div class="broadcast-red"><b>The battle crashed</b><br />You can keep playing but it might crash again.</div>
|html|<div class="broadcast-red"><b>The battle crashed</b><br />You can keep playing but it might crash again.</div>
|html|<div class="broadcast-red"><b>The battle crashed</b><br />You can keep playing but it might crash again.</div>
|html|<div class="broadcast-red"><b>The battle crashed</b><br />You can keep playing but it might crash again.</div>
|html|<div class="broadcast-red"><b>The battle crashed</b><br />You can keep playing but it might crash again.</div>
|html|<div class="broadcast-red"><b>The battle crashed</b><br />You can keep playing but it might crash again.</div>
|html|<div class="broadcast-red"><b>The battle crashed</b><br />You can keep playing but it might crash again.</div>
|html|<div class="broadcast-red"><b>The battle crashed</b><br />You can keep playing but it might crash again.</div>
|html|<div class="broadcast-red"><b>The battle crashed</b><br />You can keep playing but it might crash again.</div>
|html|<div class="broadcast-red"><b>The battle crashed</b><br />You can keep playing but it might crash again.</div>
|html|<div class="broadcast-red"><b>The battle crashed</b><br />You can keep playing but it might crash again.</div>
|html|<div class="broadcast-red"><b>The battle crashed</b><br />You can keep playing but it might crash again.</div>
|html|<div class="broadcast-red"><b>The battle crashed</b><br />You can keep playing but it might crash again.</div>
|html|<div class="broadcast-red"><b>The battle crashed</b><br />You can keep playing but it might crash again.</div>
|html|<div class="broadcast-red"><b>The battle crashed</b><br />You can keep playing but it might crash again.</div>
|html|<div class="broadcast-red"><b>The battle crashed</b><br />You can keep playing but it might crash again.</div>
|html|<div class="broadcast-red"><b>The battle crashed</b><br />You can keep playing but it might crash again.</div>
|html|<div class="broadcast-red"><b>The battle crashed</b><br />You can keep playing but it might crash again.</div>
|html|<div class="broadcast-red"><b>The battle crashed</b><br />You can keep playing but it might crash again.</div>
|html|<div class="broadcast-red"><b>The battle crashed</b><br />You can keep playing but it might crash again.</div>
|html|<div class="broadcast-red"><b>The battle crashed</b><br />You can keep playing but it might crash again.</div>
|html|<div class="broadcast-red"><b>The battle crashed</b><br />You can keep playing but it might crash again.</div>
|html|<div class="broadcast-red"><b>The battle crashed</b><br />You can keep playing but it might crash again.</div>
|html|<div class="broadcast-red"><b>The battle crashed</b><br />You can keep playing but it might crash again.</div>
|html|<div class="broadcast-red"><b>The battle crashed</b><br />You can keep playing but it might crash again.</div>
|html|<div class="broadcast-red"><b>The battle crashed</b><br />You can keep playing but it might crash again.</div>
|html|<div class="broadcast-red"><b>The battle crashed</b><br />You can keep playing but it might crash again.</div>
|html|<div class="broadcast-red"><b>The battle crashed</b><br />You can keep playing but it might crash again.</div>
|html|<div class="broadcast-red"><b>The battle crashed</b><br />You can keep playing but it might crash again.</div>
|html|<div class="broadcast-red"><b>The battle crashed</b><br />You can keep playing but it might crash again.</div>
|html|<div class="broadcast-red"><b>The battle crashed</b><br />You can keep playing but it might crash again.</div>
|html|<div class="broadcast-red"><b>The battle crashed</b><br />You can keep playing but it might crash again.</div>
|html|<div class="broadcast-red"><b>The battle crashed</b><br />You can keep playing but it might crash again.</div>
|html|<div class="broadcast-red"><b>The battle crashed</b><br />You can keep playing but it might crash again.</div>
|html|<div class="broadcast-red"><b>The battle crashed</b><br />You can keep playing but it might crash again.</div>
|html|<div class="broadcast-red"><b>The battle crashed</b><br />You can keep playing but it might crash again.</div>
|html|<div class="broadcast-red"><b>The battle crashed</b><br />You can keep playing but it might crash again.</div>
|html|<div class="broadcast-red"><b>The battle crashed</b><br />You can keep playing but it might crash again.</div>
|html|<div class="broadcast-red"><b>The battle crashed</b><br />You can keep playing but it might crash again.</div>
|html|<div class="broadcast-red"><b>The battle crashed</b><br />You can keep playing but it might crash again.</div>
|html|<div class="broadcast-red"><b>The battle crashed</b><br />You can keep playing but it might crash again.</div>
|html|<div class="broadcast-red"><b>The battle crashed</b><br />You can keep playing but it might crash again.</div>
|html|<div class="broadcast-red"><b>The battle crashed</b><br />You can keep playing but it might crash again.</div>
|html|<div class="broadcast-red"><b>The battle crashed</b><br />You can keep playing but it might crash again.</div>
|html|<div class="broadcast-red"><b>The battle crashed</b><br />You can keep playing but it might crash again.</div>
|html|<div class="broadcast-red"><b>The battle crashed</b><br />You can keep playing but it might crash again.</div>
|html|<div class="broadcast-red"><b>The battle crashed</b><br />You can keep playing but it might crash again.</div>
|html|<div class="broadcast-red"><b>The battle crashed</b><br />You can keep playing but it might crash again.</div>
|html|<div class="broadcast-red"><b>The battle crashed</b><br />You can keep playing but it might crash again.</div>
|html|<div class="broadcast-red"><b>The battle crashed</b><br />You can keep playing but it might crash again.</div>
|html|<div class="broadcast-red"><b>The battle crashed</b><br />You can keep playing but it might crash again.</div>
|html|<div class="broadcast-red"><b>The battle crashed</b><br />You can keep playing but it might crash again.</div>
|html|<div class="broadcast-red"><b>The battle crashed</b><br />You can keep playing but it might crash again.</div>
|html|<div class="broadcast-red"><b>The battle crashed</b><br />You can keep playing but it might crash again.</div>
|html|<div class="broadcast-red"><b>The battle crashed</b><br />You can keep playing but it might crash again.</div>
|html|<div class="broadcast-red"><b>The battle crashed</b><br />You can keep playing but it might crash again.</div>
|html|<div class="broadcast-red"><b>The battle crashed</b><br />You can keep playing but it might crash again.</div>
|html|<div class="broadcast-red"><b>The battle crashed</b><br />You can keep playing but it might crash again.</div>
|html|<div class="broadcast-red"><b>The battle crashed</b><br />You can keep playing but it might crash again.</div>
|html|<div class="broadcast-red"><b>The battle crashed</b><br />You can keep playing but it might crash again.</div>
|html|<div class="broadcast-red"><b>The battle crashed</b><br />You can keep playing but it might crash again.</div>
|html|<div class="broadcast-red"><b>The battle crashed</b><br />You can keep playing but it might crash again.</div>
|html|<div class="broadcast-red"><b>The battle crashed</b><br />You can keep playing but it might crash again.</div>
|html|<div class="broadcast-red"><b>The battle crashed</b><br />You can keep playing but it might crash again.</div>
|html|<div class="broadcast-red"><b>The battle crashed</b><br />You can keep playing but it might crash again.</div>
|html|<div class="broadcast-red"><b>The battle crashed</b><br />You can keep playing but it might crash again.</div>
|html|<div class="broadcast-red"><b>The battle crashed</b><br />You can keep playing but it might crash again.</div>
|html|<div class="broadcast-red"><b>The battle crashed</b><br />You can keep playing but it might crash again.</div>
|html|<div class="broadcast-red"><b>The battle crashed</b><br />You can keep playing but it might crash again.</div>
|html|<div class="broadcast-red"><b>The battle crashed</b><br />You can keep playing but it might crash again.</div>
|html|<div class="broadcast-red"><b>The battle crashed</b><br />You can keep playing but it might crash again.</div>
|html|<div class="broadcast-red"><b>The battle crashed</b><br />You can keep playing but it might crash again.</div>
|html|<div class="broadcast-red"><b>The battle crashed</b><br />You can keep playing but it might crash again.</div>
|html|<div class="broadcast-red"><b>The battle crashed</b><br />You can keep playing but it might crash again.</div>
|html|<div class="broadcast-red"><b>The battle crashed</b><br />You can keep playing but it might crash again.</div>
|html|<div class="broadcast-red"><b>The battle crashed</b><br />You can keep playing but it might crash again.</div>
|html|<div class="broadcast-red"><b>The battle crashed</b><br />You can keep playing but it might crash again.</div>
|html|<div class="broadcast-red"><b>The battle crashed</b><br />You can keep playing but it might crash again.</div>
|html|<div class="broadcast-red"><b>The battle crashed</b><br />You can keep playing but it might crash again.</div>
|html|<div class="broadcast-red"><b>The battle crashed</b><br />You can keep playing but it might crash again.</div>
|html|<div class="broadcast-red"><b>The battle crashed</b><br />You can keep playing but it might crash again.</div>
|html|<div class="broadcast-red"><b>The battle crashed</b><br />You can keep playing but it might crash again.</div>
|html|<div class="broadcast-red"><b>The battle crashed</b><br />You can keep playing but it might crash again.</div>
|html|<div class="broadcast-red"><b>The battle crashed</b><br />You can keep playing but it might crash again.</div>
|html|<div class="broadcast-red"><b>The battle crashed</b><br />You can keep playing but it might crash again.</div>
|html|<div class="broadcast-red"><b>The battle crashed</b><br />You can keep playing but it might crash again.</div>
|html|<div class="broadcast-red"><b>The battle crashed</b><br />You can keep playing but it might crash again.</div>
|html|<div class="broadcast-red"><b>The battle crashed</b><br />You can keep playing but it might crash again.</div>
|html|<div class="broadcast-red"><b>The battle crashed</b><br />You can keep playing but it might crash again.</div>
|html|<div class="broadcast-red"><b>The battle crashed</b><br />You can keep playing but it might crash again.</div>
|html|<div class="broadcast-red"><b>The battle crashed</b><br />You can keep playing but it might crash again.</div>
|html|<div class="broadcast-red"><b>The battle crashed</b><br />You can keep playing but it might crash again.</div>
|html|<div class="broadcast-red"><b>The battle crashed</b><br />You can keep playing but it might crash again.</div>
|html|<div class="broadcast-red"><b>The battle crashed</b><br />You can keep playing but it might crash again.</div>
|html|<div class="broadcast-red"><b>The battle crashed</b><br />You can keep playing but it might crash again.</div>
|html|<div class="broadcast-red"><b>The battle crashed</b><br />You can keep playing but it might crash again.</div>
|html|<div class="broadcast-red"><b>The battle crashed</b><br />You can keep playing but it might crash again.</div>
|html|<div class="broadcast-red"><b>The battle crashed</b><br />You can keep playing but it might crash again.</div>
|html|<div class="broadcast-red"><b>The battle crashed</b><br />You can keep playing but it might crash again.</div>
|html|<div class="broadcast-red"><b>The battle crashed</b><br />You can keep playing but it might crash again.</div>
|html|<div class="broadcast-red"><b>The battle crashed</b><br />You can keep playing but it might crash again.</div>
|html|<div class="broadcast-red"><b>The battle crashed</b><br />You can keep playing but it might crash again.</div>
|html|<div class="broadcast-red"><b>The battle crashed</b><br />You can keep playing but it might crash again.</div>
|html|<div class="broadcast-red"><b>The battle crashed</b><br />You can keep playing but it might crash again.</div>
|html|<div class="broadcast-red"><b>The battle crashed</b><br />You can keep playing but it might crash again.</div>
|html|<div class="broadcast-red"><b>The battle crashed</b><br />You can keep playing but it might crash again.</div>
|html|<div class="broadcast-red"><b>The battle crashed</b><br />You can keep playing but it might crash again.</div>
|html|<div class="broadcast-red"><b>The battle crashed</b><br />You can keep playing but it might crash again.</div>
|html|<div class="broadcast-red"><b>The battle crashed</b><br />You can keep playing but it might crash again.</div>
|html|<div class="broadcast-red"><b>The battle crashed</b><br />You can keep playing but it might crash again.</div>
|html|<div class="broadcast-red"><b>The battle crashed</b><br />You can keep playing but it might crash again.</div>
|html|<div class="broadcast-red"><b>The battle crashed</b><br />You can keep playing but it might crash again.</div>
|html|<div class="broadcast-red"><b>The battle crashed</b><br />You can keep playing but it might crash again.</div>
|html|<div class="broadcast-red"><b>The battle crashed</b><br />You can keep playing but it might crash again.</div>
|html|<div class="broadcast-red"><b>The battle crashed</b><br />You can keep playing but it might crash again.</div>
|html|<div class="broadcast-red"><b>The battle crashed</b><br />You can keep playing but it might crash again.</div>
|html|<div class="broadcast-red"><b>The battle crashed</b><br />You can keep playing but it might crash again.</div>
|html|<div class="broadcast-red"><b>The battle crashed</b><br />You can keep playing but it might crash again.</div>
|html|<div class="broadcast-red"><b>The battle crashed</b><br />You can keep playing but it might crash again.</div>
|html|<div class="broadcast-red"><b>The battle crashed</b><br />You can keep playing but it might crash again.</div>
|html|<div class="broadcast-red"><b>The battle crashed</b><br />You can keep playing but it might crash again.</div>
|html|<div class="broadcast-red"><b>The battle crashed</b><br />You can keep playing but it might crash again.</div>
|html|<div class="broadcast-red"><b>The battle crashed</b><br />You can keep playing but it might crash again.</div>
|html|<div class="broadcast-red"><b>The battle crashed</b><br />You can keep playing but it might crash again.</div>
|html|<div class="broadcast-red"><b>The battle crashed</b><br />You can keep playing but it might crash again.</div>
|html|<div class="broadcast-red"><b>The battle crashed</b><br />You can keep playing but it might crash again.</div>
|html|<div class="broadcast-red"><b>The battle crashed</b><br />You can keep playing but it might crash again.</div>

TypeError: Cannot read property 'isActive' of null
    at Tools.Battle.makeRequest (/Users/clazinasteunenberg/Downloads/Test/battle-engine.js:1943:15)
    at process.BattlePokemon.side (/Users/clazinasteunenberg/Downloads/Test/battle-engine.js:157:13)
    at process.EventEmitter.emit (events.js:98:17)
    at handleMessage (child_process.js:318:10)
    at Pipe.channel.onread (child_process.js:345:11)

ReferenceError: potd is not defined
    at Tools.exports.BattleScripts.randomTeam (/Users/clazinasteunenberg/Downloads/Test/data/scripts.js:1522:8)
    at Tools.exports.BattleScripts.getTeam (/Users/clazinasteunenberg/Downloads/Test/data/scripts.js:488:16)
    at new BattleSide (/Users/clazinasteunenberg/Downloads/Test/battle-engine.js:1096:27)
    at Tools.Battle.join (/Users/clazinasteunenberg/Downloads/Test/battle-engine.js:3333:15)
    at Tools.Battle.receive (/Users/clazinasteunenberg/Downloads/Test/battle-engine.js:3390:9)
    at process.BattlePokemon.side (/Users/clazinasteunenberg/Downloads/Test/battle-engine.js:143:12)
    at process.EventEmitter.emit (events.js:98:17)
    at handleMessage (child_process.js:318:10)
    at Pipe.channel.onread (child_process.js:345:11)

Additional information:
message = battle-randombattle-497|join|p1|Meloetta<3V|134
currentRequest = 

Log:
|html|<div class="broadcast-red"><b>The battle crashed</b><br />You can keep playing but it might crash again.</div>
|html|<div class="broadcast-red"><b>The battle crashed</b><br />You can keep playing but it might crash again.</div>
|html|<div class="broadcast-red"><b>The battle crashed</b><br />You can keep playing but it might crash again.</div>
|html|<div class="broadcast-red"><b>The battle crashed</b><br />You can keep playing but it might crash again.</div>
|html|<div class="broadcast-red"><b>The battle crashed</b><br />You can keep playing but it might crash again.</div>
|html|<div class="broadcast-red"><b>The battle crashed</b><br />You can keep playing but it might crash again.</div>
|html|<div class="broadcast-red"><b>The battle crashed</b><br />You can keep playing but it might crash again.</div>
|html|<div class="broadcast-red"><b>The battle crashed</b><br />You can keep playing but it might crash again.</div>
|html|<div class="broadcast-red"><b>The battle crashed</b><br />You can keep playing but it might crash again.</div>
|html|<div class="broadcast-red"><b>The battle crashed</b><br />You can keep playing but it might crash again.</div>
|html|<div class="broadcast-red"><b>The battle crashed</b><br />You can keep playing but it might crash again.</div>
|html|<div class="broadcast-red"><b>The battle crashed</b><br />You can keep playing but it might crash again.</div>
|html|<div class="broadcast-red"><b>The battle crashed</b><br />You can keep playing but it might crash again.</div>
|html|<div class="broadcast-red"><b>The battle crashed</b><br />You can keep playing but it might crash again.</div>
|html|<div class="broadcast-red"><b>The battle crashed</b><br />You can keep playing but it might crash again.</div>
|html|<div class="broadcast-red"><b>The battle crashed</b><br />You can keep playing but it might crash again.</div>
|html|<div class="broadcast-red"><b>The battle crashed</b><br />You can keep playing but it might crash again.</div>
|html|<div class="broadcast-red"><b>The battle crashed</b><br />You can keep playing but it might crash again.</div>
|html|<div class="broadcast-red"><b>The battle crashed</b><br />You can keep playing but it might crash again.</div>
|html|<div class="broadcast-red"><b>The battle crashed</b><br />You can keep playing but it might crash again.</div>
|html|<div class="broadcast-red"><b>The battle crashed</b><br />You can keep playing but it might crash again.</div>
|html|<div class="broadcast-red"><b>The battle crashed</b><br />You can keep playing but it might crash again.</div>
|html|<div class="broadcast-red"><b>The battle crashed</b><br />You can keep playing but it might crash again.</div>
|html|<div class="broadcast-red"><b>The battle crashed</b><br />You can keep playing but it might crash again.</div>
|html|<div class="broadcast-red"><b>The battle crashed</b><br />You can keep playing but it might crash again.</div>
|html|<div class="broadcast-red"><b>The battle crashed</b><br />You can keep playing but it might crash again.</div>
|html|<div class="broadcast-red"><b>The battle crashed</b><br />You can keep playing but it might crash again.</div>
|html|<div class="broadcast-red"><b>The battle crashed</b><br />You can keep playing but it might crash again.</div>
|html|<div class="broadcast-red"><b>The battle crashed</b><br />You can keep playing but it might crash again.</div>
|html|<div class="broadcast-red"><b>The battle crashed</b><br />You can keep playing but it might crash again.</div>
|html|<div class="broadcast-red"><b>The battle crashed</b><br />You can keep playing but it might crash again.</div>
|html|<div class="broadcast-red"><b>The battle crashed</b><br />You can keep playing but it might crash again.</div>
|html|<div class="broadcast-red"><b>The battle crashed</b><br />You can keep playing but it might crash again.</div>
|html|<div class="broadcast-red"><b>The battle crashed</b><br />You can keep playing but it might crash again.</div>
|html|<div class="broadcast-red"><b>The battle crashed</b><br />You can keep playing but it might crash again.</div>
|html|<div class="broadcast-red"><b>The battle crashed</b><br />You can keep playing but it might crash again.</div>
|html|<div class="broadcast-red"><b>The battle crashed</b><br />You can keep playing but it might crash again.</div>
|html|<div class="broadcast-red"><b>The battle crashed</b><br />You can keep playing but it might crash again.</div>
|html|<div class="broadcast-red"><b>The battle crashed</b><br />You can keep playing but it might crash again.</div>
|html|<div class="broadcast-red"><b>The battle crashed</b><br />You can keep playing but it might crash again.</div>
|html|<div class="broadcast-red"><b>The battle crashed</b><br />You can keep playing but it might crash again.</div>
|html|<div class="broadcast-red"><b>The battle crashed</b><br />You can keep playing but it might crash again.</div>
|html|<div class="broadcast-red"><b>The battle crashed</b><br />You can keep playing but it might crash again.</div>
|html|<div class="broadcast-red"><b>The battle crashed</b><br />You can keep playing but it might crash again.</div>
|html|<div class="broadcast-red"><b>The battle crashed</b><br />You can keep playing but it might crash again.</div>
|html|<div class="broadcast-red"><b>The battle crashed</b><br />You can keep playing but it might crash again.</div>
|html|<div class="broadcast-red"><b>The battle crashed</b><br />You can keep playing but it might crash again.</div>
|html|<div class="broadcast-red"><b>The battle crashed</b><br />You can keep playing but it might crash again.</div>
|html|<div class="broadcast-red"><b>The battle crashed</b><br />You can keep playing but it might crash again.</div>
|html|<div class="broadcast-red"><b>The battle crashed</b><br />You can keep playing but it might crash again.</div>
|html|<div class="broadcast-red"><b>The battle crashed</b><br />You can keep playing but it might crash again.</div>
|html|<div class="broadcast-red"><b>The battle crashed</b><br />You can keep playing but it might crash again.</div>
|html|<div class="broadcast-red"><b>The battle crashed</b><br />You can keep playing but it might crash again.</div>
|html|<div class="broadcast-red"><b>The battle crashed</b><br />You can keep playing but it might crash again.</div>
|html|<div class="broadcast-red"><b>The battle crashed</b><br />You can keep playing but it might crash again.</div>
|html|<div class="broadcast-red"><b>The battle crashed</b><br />You can keep playing but it might crash again.</div>
|html|<div class="broadcast-red"><b>The battle crashed</b><br />You can keep playing but it might crash again.</div>
|html|<div class="broadcast-red"><b>The battle crashed</b><br />You can keep playing but it might crash again.</div>
|html|<div class="broadcast-red"><b>The battle crashed</b><br />You can keep playing but it might crash again.</div>
|html|<div class="broadcast-red"><b>The battle crashed</b><br />You can keep playing but it might crash again.</div>
|html|<div class="broadcast-red"><b>The battle crashed</b><br />You can keep playing but it might crash again.</div>
|html|<div class="broadcast-red"><b>The battle crashed</b><br />You can keep playing but it might crash again.</div>
|html|<div class="broadcast-red"><b>The battle crashed</b><br />You can keep playing but it might crash again.</div>
|html|<div class="broadcast-red"><b>The battle crashed</b><br />You can keep playing but it might crash again.</div>
|html|<div class="broadcast-red"><b>The battle crashed</b><br />You can keep playing but it might crash again.</div>
|html|<div class="broadcast-red"><b>The battle crashed</b><br />You can keep playing but it might crash again.</div>
|html|<div class="broadcast-red"><b>The battle crashed</b><br />You can keep playing but it might crash again.</div>
|html|<div class="broadcast-red"><b>The battle crashed</b><br />You can keep playing but it might crash again.</div>
|html|<div class="broadcast-red"><b>The battle crashed</b><br />You can keep playing but it might crash again.</div>
|html|<div class="broadcast-red"><b>The battle crashed</b><br />You can keep playing but it might crash again.</div>
|html|<div class="broadcast-red"><b>The battle crashed</b><br />You can keep playing but it might crash again.</div>
|html|<div class="broadcast-red"><b>The battle crashed</b><br />You can keep playing but it might crash again.</div>
|html|<div class="broadcast-red"><b>The battle crashed</b><br />You can keep playing but it might crash again.</div>
|html|<div class="broadcast-red"><b>The battle crashed</b><br />You can keep playing but it might crash again.</div>
|html|<div class="broadcast-red"><b>The battle crashed</b><br />You can keep playing but it might crash again.</div>
|html|<div class="broadcast-red"><b>The battle crashed</b><br />You can keep playing but it might crash again.</div>
|html|<div class="broadcast-red"><b>The battle crashed</b><br />You can keep playing but it might crash again.</div>
|html|<div class="broadcast-red"><b>The battle crashed</b><br />You can keep playing but it might crash again.</div>
|html|<div class="broadcast-red"><b>The battle crashed</b><br />You can keep playing but it might crash again.</div>
|html|<div class="broadcast-red"><b>The battle crashed</b><br />You can keep playing but it might crash again.</div>
|html|<div class="broadcast-red"><b>The battle crashed</b><br />You can keep playing but it might crash again.</div>
|html|<div class="broadcast-red"><b>The battle crashed</b><br />You can keep playing but it might crash again.</div>
|html|<div class="broadcast-red"><b>The battle crashed</b><br />You can keep playing but it might crash again.</div>
|html|<div class="broadcast-red"><b>The battle crashed</b><br />You can keep playing but it might crash again.</div>
|html|<div class="broadcast-red"><b>The battle crashed</b><br />You can keep playing but it might crash again.</div>
|html|<div class="broadcast-red"><b>The battle crashed</b><br />You can keep playing but it might crash again.</div>
|html|<div class="broadcast-red"><b>The battle crashed</b><br />You can keep playing but it might crash again.</div>
|html|<div class="broadcast-red"><b>The battle crashed</b><br />You can keep playing but it might crash again.</div>
|html|<div class="broadcast-red"><b>The battle crashed</b><br />You can keep playing but it might crash again.</div>
|html|<div class="broadcast-red"><b>The battle crashed</b><br />You can keep playing but it might crash again.</div>
|html|<div class="broadcast-red"><b>The battle crashed</b><br />You can keep playing but it might crash again.</div>
|html|<div class="broadcast-red"><b>The battle crashed</b><br />You can keep playing but it might crash again.</div>
|html|<div class="broadcast-red"><b>The battle crashed</b><br />You can keep playing but it might crash again.</div>
|html|<div class="broadcast-red"><b>The battle crashed</b><br />You can keep playing but it might crash again.</div>
|html|<div class="broadcast-red"><b>The battle crashed</b><br />You can keep playing but it might crash again.</div>
|html|<div class="broadcast-red"><b>The battle crashed</b><br />You can keep playing but it might crash again.</div>
|html|<div class="broadcast-red"><b>The battle crashed</b><br />You can keep playing but it might crash again.</div>
|html|<div class="broadcast-red"><b>The battle crashed</b><br />You can keep playing but it might crash again.</div>
|html|<div class="broadcast-red"><b>The battle crashed</b><br />You can keep playing but it might crash again.</div>
|html|<div class="broadcast-red"><b>The battle crashed</b><br />You can keep playing but it might crash again.</div>
|html|<div class="broadcast-red"><b>The battle crashed</b><br />You can keep playing but it might crash again.</div>
|html|<div class="broadcast-red"><b>The battle crashed</b><br />You can keep playing but it might crash again.</div>
|html|<div class="broadcast-red"><b>The battle crashed</b><br />You can keep playing but it might crash again.</div>
|html|<div class="broadcast-red"><b>The battle crashed</b><br />You can keep playing but it might crash again.</div>
|html|<div class="broadcast-red"><b>The battle crashed</b><br />You can keep playing but it might crash again.</div>
|html|<div class="broadcast-red"><b>The battle crashed</b><br />You can keep playing but it might crash again.</div>
|html|<div class="broadcast-red"><b>The battle crashed</b><br />You can keep playing but it might crash again.</div>
|html|<div class="broadcast-red"><b>The battle crashed</b><br />You can keep playing but it might crash again.</div>
|html|<div class="broadcast-red"><b>The battle crashed</b><br />You can keep playing but it might crash again.</div>
|html|<div class="broadcast-red"><b>The battle crashed</b><br />You can keep playing but it might crash again.</div>
|html|<div class="broadcast-red"><b>The battle crashed</b><br />You can keep playing but it might crash again.</div>
|html|<div class="broadcast-red"><b>The battle crashed</b><br />You can keep playing but it might crash again.</div>
|html|<div class="broadcast-red"><b>The battle crashed</b><br />You can keep playing but it might crash again.</div>
|html|<div class="broadcast-red"><b>The battle crashed</b><br />You can keep playing but it might crash again.</div>
|html|<div class="broadcast-red"><b>The battle crashed</b><br />You can keep playing but it might crash again.</div>
|html|<div class="broadcast-red"><b>The battle crashed</b><br />You can keep playing but it might crash again.</div>
|html|<div class="broadcast-red"><b>The battle crashed</b><br />You can keep playing but it might crash again.</div>
|html|<div class="broadcast-red"><b>The battle crashed</b><br />You can keep playing but it might crash again.</div>
|html|<div class="broadcast-red"><b>The battle crashed</b><br />You can keep playing but it might crash again.</div>
|html|<div class="broadcast-red"><b>The battle crashed</b><br />You can keep playing but it might crash again.</div>
|html|<div class="broadcast-red"><b>The battle crashed</b><br />You can keep playing but it might crash again.</div>
|html|<div class="broadcast-red"><b>The battle crashed</b><br />You can keep playing but it might crash again.</div>
|html|<div class="broadcast-red"><b>The battle crashed</b><br />You can keep playing but it might crash again.</div>
|html|<div class="broadcast-red"><b>The battle crashed</b><br />You can keep playing but it might crash again.</div>
|html|<div class="broadcast-red"><b>The battle crashed</b><br />You can keep playing but it might crash again.</div>
|html|<div class="broadcast-red"><b>The battle crashed</b><br />You can keep playing but it might crash again.</div>
|html|<div class="broadcast-red"><b>The battle crashed</b><br />You can keep playing but it might crash again.</div>
|html|<div class="broadcast-red"><b>The battle crashed</b><br />You can keep playing but it might crash again.</div>
|html|<div class="broadcast-red"><b>The battle crashed</b><br />You can keep playing but it might crash again.</div>
|html|<div class="broadcast-red"><b>The battle crashed</b><br />You can keep playing but it might crash again.</div>
|html|<div class="broadcast-red"><b>The battle crashed</b><br />You can keep playing but it might crash again.</div>
|html|<div class="broadcast-red"><b>The battle crashed</b><br />You can keep playing but it might crash again.</div>
|html|<div class="broadcast-red"><b>The battle crashed</b><br />You can keep playing but it might crash again.</div>
|html|<div class="broadcast-red"><b>The battle crashed</b><br />You can keep playing but it might crash again.</div>
|html|<div class="broadcast-red"><b>The battle crashed</b><br />You can keep playing but it might crash again.</div>
|html|<div class="broadcast-red"><b>The battle crashed</b><br />You can keep playing but it might crash again.</div>
|html|<div class="broadcast-red"><b>The battle crashed</b><br />You can keep playing but it might crash again.</div>
|html|<div class="broadcast-red"><b>The battle crashed</b><br />You can keep playing but it might crash again.</div>

TypeError: Cannot read property 'isActive' of null
    at Tools.Battle.makeRequest (/Users/clazinasteunenberg/Downloads/Test/battle-engine.js:1943:15)
    at process.BattlePokemon.side (/Users/clazinasteunenberg/Downloads/Test/battle-engine.js:157:13)
    at process.EventEmitter.emit (events.js:98:17)
    at handleMessage (child_process.js:318:10)
    at Pipe.channel.onread (child_process.js:345:11)

ReferenceError: potd is not defined
    at Tools.exports.BattleScripts.randomTeam (/Users/clazinasteunenberg/Downloads/Test/data/scripts.js:1522:8)
    at Tools.exports.BattleScripts.getTeam (/Users/clazinasteunenberg/Downloads/Test/data/scripts.js:488:16)
    at new BattleSide (/Users/clazinasteunenberg/Downloads/Test/battle-engine.js:1096:27)
    at Tools.Battle.join (/Users/clazinasteunenberg/Downloads/Test/battle-engine.js:3333:15)
    at Tools.Battle.receive (/Users/clazinasteunenberg/Downloads/Test/battle-engine.js:3390:9)
    at process.BattlePokemon.side (/Users/clazinasteunenberg/Downloads/Test/battle-engine.js:143:12)
    at process.EventEmitter.emit (events.js:98:17)
    at handleMessage (child_process.js:318:10)
    at Pipe.channel.onread (child_process.js:345:11)

Additional information:
message = battle-randombattle-497|join|p1|Meloetta<3V|134
currentRequest = 

Log:
|html|<div class="broadcast-red"><b>The battle crashed</b><br />You can keep playing but it might crash again.</div>
|html|<div class="broadcast-red"><b>The battle crashed</b><br />You can keep playing but it might crash again.</div>
|html|<div class="broadcast-red"><b>The battle crashed</b><br />You can keep playing but it might crash again.</div>
|html|<div class="broadcast-red"><b>The battle crashed</b><br />You can keep playing but it might crash again.</div>
|html|<div class="broadcast-red"><b>The battle crashed</b><br />You can keep playing but it might crash again.</div>
|html|<div class="broadcast-red"><b>The battle crashed</b><br />You can keep playing but it might crash again.</div>
|html|<div class="broadcast-red"><b>The battle crashed</b><br />You can keep playing but it might crash again.</div>
|html|<div class="broadcast-red"><b>The battle crashed</b><br />You can keep playing but it might crash again.</div>
|html|<div class="broadcast-red"><b>The battle crashed</b><br />You can keep playing but it might crash again.</div>
|html|<div class="broadcast-red"><b>The battle crashed</b><br />You can keep playing but it might crash again.</div>
|html|<div class="broadcast-red"><b>The battle crashed</b><br />You can keep playing but it might crash again.</div>
|html|<div class="broadcast-red"><b>The battle crashed</b><br />You can keep playing but it might crash again.</div>
|html|<div class="broadcast-red"><b>The battle crashed</b><br />You can keep playing but it might crash again.</div>
|html|<div class="broadcast-red"><b>The battle crashed</b><br />You can keep playing but it might crash again.</div>
|html|<div class="broadcast-red"><b>The battle crashed</b><br />You can keep playing but it might crash again.</div>
|html|<div class="broadcast-red"><b>The battle crashed</b><br />You can keep playing but it might crash again.</div>
|html|<div class="broadcast-red"><b>The battle crashed</b><br />You can keep playing but it might crash again.</div>
|html|<div class="broadcast-red"><b>The battle crashed</b><br />You can keep playing but it might crash again.</div>
|html|<div class="broadcast-red"><b>The battle crashed</b><br />You can keep playing but it might crash again.</div>
|html|<div class="broadcast-red"><b>The battle crashed</b><br />You can keep playing but it might crash again.</div>
|html|<div class="broadcast-red"><b>The battle crashed</b><br />You can keep playing but it might crash again.</div>
|html|<div class="broadcast-red"><b>The battle crashed</b><br />You can keep playing but it might crash again.</div>
|html|<div class="broadcast-red"><b>The battle crashed</b><br />You can keep playing but it might crash again.</div>
|html|<div class="broadcast-red"><b>The battle crashed</b><br />You can keep playing but it might crash again.</div>
|html|<div class="broadcast-red"><b>The battle crashed</b><br />You can keep playing but it might crash again.</div>
|html|<div class="broadcast-red"><b>The battle crashed</b><br />You can keep playing but it might crash again.</div>
|html|<div class="broadcast-red"><b>The battle crashed</b><br />You can keep playing but it might crash again.</div>
|html|<div class="broadcast-red"><b>The battle crashed</b><br />You can keep playing but it might crash again.</div>
|html|<div class="broadcast-red"><b>The battle crashed</b><br />You can keep playing but it might crash again.</div>
|html|<div class="broadcast-red"><b>The battle crashed</b><br />You can keep playing but it might crash again.</div>
|html|<div class="broadcast-red"><b>The battle crashed</b><br />You can keep playing but it might crash again.</div>
|html|<div class="broadcast-red"><b>The battle crashed</b><br />You can keep playing but it might crash again.</div>
|html|<div class="broadcast-red"><b>The battle crashed</b><br />You can keep playing but it might crash again.</div>
|html|<div class="broadcast-red"><b>The battle crashed</b><br />You can keep playing but it might crash again.</div>
|html|<div class="broadcast-red"><b>The battle crashed</b><br />You can keep playing but it might crash again.</div>
|html|<div class="broadcast-red"><b>The battle crashed</b><br />You can keep playing but it might crash again.</div>
|html|<div class="broadcast-red"><b>The battle crashed</b><br />You can keep playing but it might crash again.</div>
|html|<div class="broadcast-red"><b>The battle crashed</b><br />You can keep playing but it might crash again.</div>
|html|<div class="broadcast-red"><b>The battle crashed</b><br />You can keep playing but it might crash again.</div>
|html|<div class="broadcast-red"><b>The battle crashed</b><br />You can keep playing but it might crash again.</div>
|html|<div class="broadcast-red"><b>The battle crashed</b><br />You can keep playing but it might crash again.</div>
|html|<div class="broadcast-red"><b>The battle crashed</b><br />You can keep playing but it might crash again.</div>
|html|<div class="broadcast-red"><b>The battle crashed</b><br />You can keep playing but it might crash again.</div>
|html|<div class="broadcast-red"><b>The battle crashed</b><br />You can keep playing but it might crash again.</div>
|html|<div class="broadcast-red"><b>The battle crashed</b><br />You can keep playing but it might crash again.</div>
|html|<div class="broadcast-red"><b>The battle crashed</b><br />You can keep playing but it might crash again.</div>
|html|<div class="broadcast-red"><b>The battle crashed</b><br />You can keep playing but it might crash again.</div>
|html|<div class="broadcast-red"><b>The battle crashed</b><br />You can keep playing but it might crash again.</div>
|html|<div class="broadcast-red"><b>The battle crashed</b><br />You can keep playing but it might crash again.</div>
|html|<div class="broadcast-red"><b>The battle crashed</b><br />You can keep playing but it might crash again.</div>
|html|<div class="broadcast-red"><b>The battle crashed</b><br />You can keep playing but it might crash again.</div>
|html|<div class="broadcast-red"><b>The battle crashed</b><br />You can keep playing but it might crash again.</div>
|html|<div class="broadcast-red"><b>The battle crashed</b><br />You can keep playing but it might crash again.</div>
|html|<div class="broadcast-red"><b>The battle crashed</b><br />You can keep playing but it might crash again.</div>
|html|<div class="broadcast-red"><b>The battle crashed</b><br />You can keep playing but it might crash again.</div>
|html|<div class="broadcast-red"><b>The battle crashed</b><br />You can keep playing but it might crash again.</div>
|html|<div class="broadcast-red"><b>The battle crashed</b><br />You can keep playing but it might crash again.</div>
|html|<div class="broadcast-red"><b>The battle crashed</b><br />You can keep playing but it might crash again.</div>
|html|<div class="broadcast-red"><b>The battle crashed</b><br />You can keep playing but it might crash again.</div>
|html|<div class="broadcast-red"><b>The battle crashed</b><br />You can keep playing but it might crash again.</div>
|html|<div class="broadcast-red"><b>The battle crashed</b><br />You can keep playing but it might crash again.</div>
|html|<div class="broadcast-red"><b>The battle crashed</b><br />You can keep playing but it might crash again.</div>
|html|<div class="broadcast-red"><b>The battle crashed</b><br />You can keep playing but it might crash again.</div>
|html|<div class="broadcast-red"><b>The battle crashed</b><br />You can keep playing but it might crash again.</div>
|html|<div class="broadcast-red"><b>The battle crashed</b><br />You can keep playing but it might crash again.</div>
|html|<div class="broadcast-red"><b>The battle crashed</b><br />You can keep playing but it might crash again.</div>
|html|<div class="broadcast-red"><b>The battle crashed</b><br />You can keep playing but it might crash again.</div>
|html|<div class="broadcast-red"><b>The battle crashed</b><br />You can keep playing but it might crash again.</div>
|html|<div class="broadcast-red"><b>The battle crashed</b><br />You can keep playing but it might crash again.</div>
|html|<div class="broadcast-red"><b>The battle crashed</b><br />You can keep playing but it might crash again.</div>
|html|<div class="broadcast-red"><b>The battle crashed</b><br />You can keep playing but it might crash again.</div>
|html|<div class="broadcast-red"><b>The battle crashed</b><br />You can keep playing but it might crash again.</div>
|html|<div class="broadcast-red"><b>The battle crashed</b><br />You can keep playing but it might crash again.</div>
|html|<div class="broadcast-red"><b>The battle crashed</b><br />You can keep playing but it might crash again.</div>
|html|<div class="broadcast-red"><b>The battle crashed</b><br />You can keep playing but it might crash again.</div>
|html|<div class="broadcast-red"><b>The battle crashed</b><br />You can keep playing but it might crash again.</div>
|html|<div class="broadcast-red"><b>The battle crashed</b><br />You can keep playing but it might crash again.</div>
|html|<div class="broadcast-red"><b>The battle crashed</b><br />You can keep playing but it might crash again.</div>
|html|<div class="broadcast-red"><b>The battle crashed</b><br />You can keep playing but it might crash again.</div>
|html|<div class="broadcast-red"><b>The battle crashed</b><br />You can keep playing but it might crash again.</div>
|html|<div class="broadcast-red"><b>The battle crashed</b><br />You can keep playing but it might crash again.</div>
|html|<div class="broadcast-red"><b>The battle crashed</b><br />You can keep playing but it might crash again.</div>
|html|<div class="broadcast-red"><b>The battle crashed</b><br />You can keep playing but it might crash again.</div>
|html|<div class="broadcast-red"><b>The battle crashed</b><br />You can keep playing but it might crash again.</div>
|html|<div class="broadcast-red"><b>The battle crashed</b><br />You can keep playing but it might crash again.</div>
|html|<div class="broadcast-red"><b>The battle crashed</b><br />You can keep playing but it might crash again.</div>
|html|<div class="broadcast-red"><b>The battle crashed</b><br />You can keep playing but it might crash again.</div>
|html|<div class="broadcast-red"><b>The battle crashed</b><br />You can keep playing but it might crash again.</div>
|html|<div class="broadcast-red"><b>The battle crashed</b><br />You can keep playing but it might crash again.</div>
|html|<div class="broadcast-red"><b>The battle crashed</b><br />You can keep playing but it might crash again.</div>
|html|<div class="broadcast-red"><b>The battle crashed</b><br />You can keep playing but it might crash again.</div>
|html|<div class="broadcast-red"><b>The battle crashed</b><br />You can keep playing but it might crash again.</div>
|html|<div class="broadcast-red"><b>The battle crashed</b><br />You can keep playing but it might crash again.</div>
|html|<div class="broadcast-red"><b>The battle crashed</b><br />You can keep playing but it might crash again.</div>
|html|<div class="broadcast-red"><b>The battle crashed</b><br />You can keep playing but it might crash again.</div>
|html|<div class="broadcast-red"><b>The battle crashed</b><br />You can keep playing but it might crash again.</div>
|html|<div class="broadcast-red"><b>The battle crashed</b><br />You can keep playing but it might crash again.</div>
|html|<div class="broadcast-red"><b>The battle crashed</b><br />You can keep playing but it might crash again.</div>
|html|<div class="broadcast-red"><b>The battle crashed</b><br />You can keep playing but it might crash again.</div>
|html|<div class="broadcast-red"><b>The battle crashed</b><br />You can keep playing but it might crash again.</div>
|html|<div class="broadcast-red"><b>The battle crashed</b><br />You can keep playing but it might crash again.</div>
|html|<div class="broadcast-red"><b>The battle crashed</b><br />You can keep playing but it might crash again.</div>
|html|<div class="broadcast-red"><b>The battle crashed</b><br />You can keep playing but it might crash again.</div>
|html|<div class="broadcast-red"><b>The battle crashed</b><br />You can keep playing but it might crash again.</div>
|html|<div class="broadcast-red"><b>The battle crashed</b><br />You can keep playing but it might crash again.</div>
|html|<div class="broadcast-red"><b>The battle crashed</b><br />You can keep playing but it might crash again.</div>
|html|<div class="broadcast-red"><b>The battle crashed</b><br />You can keep playing but it might crash again.</div>
|html|<div class="broadcast-red"><b>The battle crashed</b><br />You can keep playing but it might crash again.</div>
|html|<div class="broadcast-red"><b>The battle crashed</b><br />You can keep playing but it might crash again.</div>
|html|<div class="broadcast-red"><b>The battle crashed</b><br />You can keep playing but it might crash again.</div>
|html|<div class="broadcast-red"><b>The battle crashed</b><br />You can keep playing but it might crash again.</div>
|html|<div class="broadcast-red"><b>The battle crashed</b><br />You can keep playing but it might crash again.</div>
|html|<div class="broadcast-red"><b>The battle crashed</b><br />You can keep playing but it might crash again.</div>
|html|<div class="broadcast-red"><b>The battle crashed</b><br />You can keep playing but it might crash again.</div>
|html|<div class="broadcast-red"><b>The battle crashed</b><br />You can keep playing but it might crash again.</div>
|html|<div class="broadcast-red"><b>The battle crashed</b><br />You can keep playing but it might crash again.</div>
|html|<div class="broadcast-red"><b>The battle crashed</b><br />You can keep playing but it might crash again.</div>
|html|<div class="broadcast-red"><b>The battle crashed</b><br />You can keep playing but it might crash again.</div>
|html|<div class="broadcast-red"><b>The battle crashed</b><br />You can keep playing but it might crash again.</div>
|html|<div class="broadcast-red"><b>The battle crashed</b><br />You can keep playing but it might crash again.</div>
|html|<div class="broadcast-red"><b>The battle crashed</b><br />You can keep playing but it might crash again.</div>
|html|<div class="broadcast-red"><b>The battle crashed</b><br />You can keep playing but it might crash again.</div>
|html|<div class="broadcast-red"><b>The battle crashed</b><br />You can keep playing but it might crash again.</div>
|html|<div class="broadcast-red"><b>The battle crashed</b><br />You can keep playing but it might crash again.</div>
|html|<div class="broadcast-red"><b>The battle crashed</b><br />You can keep playing but it might crash again.</div>
|html|<div class="broadcast-red"><b>The battle crashed</b><br />You can keep playing but it might crash again.</div>
|html|<div class="broadcast-red"><b>The battle crashed</b><br />You can keep playing but it might crash again.</div>
|html|<div class="broadcast-red"><b>The battle crashed</b><br />You can keep playing but it might crash again.</div>
|html|<div class="broadcast-red"><b>The battle crashed</b><br />You can keep playing but it might crash again.</div>
|html|<div class="broadcast-red"><b>The battle crashed</b><br />You can keep playing but it might crash again.</div>
|html|<div class="broadcast-red"><b>The battle crashed</b><br />You can keep playing but it might crash again.</div>
|html|<div class="broadcast-red"><b>The battle crashed</b><br />You can keep playing but it might crash again.</div>
|html|<div class="broadcast-red"><b>The battle crashed</b><br />You can keep playing but it might crash again.</div>
|html|<div class="broadcast-red"><b>The battle crashed</b><br />You can keep playing but it might crash again.</div>
|html|<div class="broadcast-red"><b>The battle crashed</b><br />You can keep playing but it might crash again.</div>
|html|<div class="broadcast-red"><b>The battle crashed</b><br />You can keep playing but it might crash again.</div>
|html|<div class="broadcast-red"><b>The battle crashed</b><br />You can keep playing but it might crash again.</div>
|html|<div class="broadcast-red"><b>The battle crashed</b><br />You can keep playing but it might crash again.</div>
|html|<div class="broadcast-red"><b>The battle crashed</b><br />You can keep playing but it might crash again.</div>

TypeError: Cannot read property 'isActive' of null
    at Tools.Battle.makeRequest (/Users/clazinasteunenberg/Downloads/Test/battle-engine.js:1943:15)
    at process.BattlePokemon.side (/Users/clazinasteunenberg/Downloads/Test/battle-engine.js:157:13)
    at process.EventEmitter.emit (events.js:98:17)
    at handleMessage (child_process.js:318:10)
    at Pipe.channel.onread (child_process.js:345:11)

ReferenceError: potd is not defined
    at Tools.exports.BattleScripts.randomTeam (/Users/clazinasteunenberg/Downloads/Test/data/scripts.js:1522:8)
    at Tools.exports.BattleScripts.getTeam (/Users/clazinasteunenberg/Downloads/Test/data/scripts.js:488:16)
    at new BattleSide (/Users/clazinasteunenberg/Downloads/Test/battle-engine.js:1096:27)
    at Tools.Battle.join (/Users/clazinasteunenberg/Downloads/Test/battle-engine.js:3333:15)
    at Tools.Battle.receive (/Users/clazinasteunenberg/Downloads/Test/battle-engine.js:3390:9)
    at process.BattlePokemon.side (/Users/clazinasteunenberg/Downloads/Test/battle-engine.js:143:12)
    at process.EventEmitter.emit (events.js:98:17)
    at handleMessage (child_process.js:318:10)
    at Pipe.channel.onread (child_process.js:345:11)

Additional information:
message = battle-randombattle-497|join|p1|Meloetta<3V|134
currentRequest = 

Log:
|html|<div class="broadcast-red"><b>The battle crashed</b><br />You can keep playing but it might crash again.</div>
|html|<div class="broadcast-red"><b>The battle crashed</b><br />You can keep playing but it might crash again.</div>
|html|<div class="broadcast-red"><b>The battle crashed</b><br />You can keep playing but it might crash again.</div>
|html|<div class="broadcast-red"><b>The battle crashed</b><br />You can keep playing but it might crash again.</div>
|html|<div class="broadcast-red"><b>The battle crashed</b><br />You can keep playing but it might crash again.</div>
|html|<div class="broadcast-red"><b>The battle crashed</b><br />You can keep playing but it might crash again.</div>
|html|<div class="broadcast-red"><b>The battle crashed</b><br />You can keep playing but it might crash again.</div>
|html|<div class="broadcast-red"><b>The battle crashed</b><br />You can keep playing but it might crash again.</div>
|html|<div class="broadcast-red"><b>The battle crashed</b><br />You can keep playing but it might crash again.</div>
|html|<div class="broadcast-red"><b>The battle crashed</b><br />You can keep playing but it might crash again.</div>
|html|<div class="broadcast-red"><b>The battle crashed</b><br />You can keep playing but it might crash again.</div>
|html|<div class="broadcast-red"><b>The battle crashed</b><br />You can keep playing but it might crash again.</div>
|html|<div class="broadcast-red"><b>The battle crashed</b><br />You can keep playing but it might crash again.</div>
|html|<div class="broadcast-red"><b>The battle crashed</b><br />You can keep playing but it might crash again.</div>
|html|<div class="broadcast-red"><b>The battle crashed</b><br />You can keep playing but it might crash again.</div>
|html|<div class="broadcast-red"><b>The battle crashed</b><br />You can keep playing but it might crash again.</div>
|html|<div class="broadcast-red"><b>The battle crashed</b><br />You can keep playing but it might crash again.</div>
|html|<div class="broadcast-red"><b>The battle crashed</b><br />You can keep playing but it might crash again.</div>
|html|<div class="broadcast-red"><b>The battle crashed</b><br />You can keep playing but it might crash again.</div>
|html|<div class="broadcast-red"><b>The battle crashed</b><br />You can keep playing but it might crash again.</div>
|html|<div class="broadcast-red"><b>The battle crashed</b><br />You can keep playing but it might crash again.</div>
|html|<div class="broadcast-red"><b>The battle crashed</b><br />You can keep playing but it might crash again.</div>
|html|<div class="broadcast-red"><b>The battle crashed</b><br />You can keep playing but it might crash again.</div>
|html|<div class="broadcast-red"><b>The battle crashed</b><br />You can keep playing but it might crash again.</div>
|html|<div class="broadcast-red"><b>The battle crashed</b><br />You can keep playing but it might crash again.</div>
|html|<div class="broadcast-red"><b>The battle crashed</b><br />You can keep playing but it might crash again.</div>
|html|<div class="broadcast-red"><b>The battle crashed</b><br />You can keep playing but it might crash again.</div>
|html|<div class="broadcast-red"><b>The battle crashed</b><br />You can keep playing but it might crash again.</div>
|html|<div class="broadcast-red"><b>The battle crashed</b><br />You can keep playing but it might crash again.</div>
|html|<div class="broadcast-red"><b>The battle crashed</b><br />You can keep playing but it might crash again.</div>
|html|<div class="broadcast-red"><b>The battle crashed</b><br />You can keep playing but it might crash again.</div>
|html|<div class="broadcast-red"><b>The battle crashed</b><br />You can keep playing but it might crash again.</div>
|html|<div class="broadcast-red"><b>The battle crashed</b><br />You can keep playing but it might crash again.</div>
|html|<div class="broadcast-red"><b>The battle crashed</b><br />You can keep playing but it might crash again.</div>
|html|<div class="broadcast-red"><b>The battle crashed</b><br />You can keep playing but it might crash again.</div>
|html|<div class="broadcast-red"><b>The battle crashed</b><br />You can keep playing but it might crash again.</div>
|html|<div class="broadcast-red"><b>The battle crashed</b><br />You can keep playing but it might crash again.</div>
|html|<div class="broadcast-red"><b>The battle crashed</b><br />You can keep playing but it might crash again.</div>
|html|<div class="broadcast-red"><b>The battle crashed</b><br />You can keep playing but it might crash again.</div>
|html|<div class="broadcast-red"><b>The battle crashed</b><br />You can keep playing but it might crash again.</div>
|html|<div class="broadcast-red"><b>The battle crashed</b><br />You can keep playing but it might crash again.</div>
|html|<div class="broadcast-red"><b>The battle crashed</b><br />You can keep playing but it might crash again.</div>
|html|<div class="broadcast-red"><b>The battle crashed</b><br />You can keep playing but it might crash again.</div>
|html|<div class="broadcast-red"><b>The battle crashed</b><br />You can keep playing but it might crash again.</div>
|html|<div class="broadcast-red"><b>The battle crashed</b><br />You can keep playing but it might crash again.</div>
|html|<div class="broadcast-red"><b>The battle crashed</b><br />You can keep playing but it might crash again.</div>
|html|<div class="broadcast-red"><b>The battle crashed</b><br />You can keep playing but it might crash again.</div>
|html|<div class="broadcast-red"><b>The battle crashed</b><br />You can keep playing but it might crash again.</div>
|html|<div class="broadcast-red"><b>The battle crashed</b><br />You can keep playing but it might crash again.</div>
|html|<div class="broadcast-red"><b>The battle crashed</b><br />You can keep playing but it might crash again.</div>
|html|<div class="broadcast-red"><b>The battle crashed</b><br />You can keep playing but it might crash again.</div>
|html|<div class="broadcast-red"><b>The battle crashed</b><br />You can keep playing but it might crash again.</div>
|html|<div class="broadcast-red"><b>The battle crashed</b><br />You can keep playing but it might crash again.</div>
|html|<div class="broadcast-red"><b>The battle crashed</b><br />You can keep playing but it might crash again.</div>
|html|<div class="broadcast-red"><b>The battle crashed</b><br />You can keep playing but it might crash again.</div>
|html|<div class="broadcast-red"><b>The battle crashed</b><br />You can keep playing but it might crash again.</div>
|html|<div class="broadcast-red"><b>The battle crashed</b><br />You can keep playing but it might crash again.</div>
|html|<div class="broadcast-red"><b>The battle crashed</b><br />You can keep playing but it might crash again.</div>
|html|<div class="broadcast-red"><b>The battle crashed</b><br />You can keep playing but it might crash again.</div>
|html|<div class="broadcast-red"><b>The battle crashed</b><br />You can keep playing but it might crash again.</div>
|html|<div class="broadcast-red"><b>The battle crashed</b><br />You can keep playing but it might crash again.</div>
|html|<div class="broadcast-red"><b>The battle crashed</b><br />You can keep playing but it might crash again.</div>
|html|<div class="broadcast-red"><b>The battle crashed</b><br />You can keep playing but it might crash again.</div>
|html|<div class="broadcast-red"><b>The battle crashed</b><br />You can keep playing but it might crash again.</div>
|html|<div class="broadcast-red"><b>The battle crashed</b><br />You can keep playing but it might crash again.</div>
|html|<div class="broadcast-red"><b>The battle crashed</b><br />You can keep playing but it might crash again.</div>
|html|<div class="broadcast-red"><b>The battle crashed</b><br />You can keep playing but it might crash again.</div>
|html|<div class="broadcast-red"><b>The battle crashed</b><br />You can keep playing but it might crash again.</div>
|html|<div class="broadcast-red"><b>The battle crashed</b><br />You can keep playing but it might crash again.</div>
|html|<div class="broadcast-red"><b>The battle crashed</b><br />You can keep playing but it might crash again.</div>
|html|<div class="broadcast-red"><b>The battle crashed</b><br />You can keep playing but it might crash again.</div>
|html|<div class="broadcast-red"><b>The battle crashed</b><br />You can keep playing but it might crash again.</div>
|html|<div class="broadcast-red"><b>The battle crashed</b><br />You can keep playing but it might crash again.</div>
|html|<div class="broadcast-red"><b>The battle crashed</b><br />You can keep playing but it might crash again.</div>
|html|<div class="broadcast-red"><b>The battle crashed</b><br />You can keep playing but it might crash again.</div>
|html|<div class="broadcast-red"><b>The battle crashed</b><br />You can keep playing but it might crash again.</div>
|html|<div class="broadcast-red"><b>The battle crashed</b><br />You can keep playing but it might crash again.</div>
|html|<div class="broadcast-red"><b>The battle crashed</b><br />You can keep playing but it might crash again.</div>
|html|<div class="broadcast-red"><b>The battle crashed</b><br />You can keep playing but it might crash again.</div>
|html|<div class="broadcast-red"><b>The battle crashed</b><br />You can keep playing but it might crash again.</div>
|html|<div class="broadcast-red"><b>The battle crashed</b><br />You can keep playing but it might crash again.</div>
|html|<div class="broadcast-red"><b>The battle crashed</b><br />You can keep playing but it might crash again.</div>
|html|<div class="broadcast-red"><b>The battle crashed</b><br />You can keep playing but it might crash again.</div>
|html|<div class="broadcast-red"><b>The battle crashed</b><br />You can keep playing but it might crash again.</div>
|html|<div class="broadcast-red"><b>The battle crashed</b><br />You can keep playing but it might crash again.</div>
|html|<div class="broadcast-red"><b>The battle crashed</b><br />You can keep playing but it might crash again.</div>
|html|<div class="broadcast-red"><b>The battle crashed</b><br />You can keep playing but it might crash again.</div>
|html|<div class="broadcast-red"><b>The battle crashed</b><br />You can keep playing but it might crash again.</div>
|html|<div class="broadcast-red"><b>The battle crashed</b><br />You can keep playing but it might crash again.</div>
|html|<div class="broadcast-red"><b>The battle crashed</b><br />You can keep playing but it might crash again.</div>
|html|<div class="broadcast-red"><b>The battle crashed</b><br />You can keep playing but it might crash again.</div>
|html|<div class="broadcast-red"><b>The battle crashed</b><br />You can keep playing but it might crash again.</div>
|html|<div class="broadcast-red"><b>The battle crashed</b><br />You can keep playing but it might crash again.</div>
|html|<div class="broadcast-red"><b>The battle crashed</b><br />You can keep playing but it might crash again.</div>
|html|<div class="broadcast-red"><b>The battle crashed</b><br />You can keep playing but it might crash again.</div>
|html|<div class="broadcast-red"><b>The battle crashed</b><br />You can keep playing but it might crash again.</div>
|html|<div class="broadcast-red"><b>The battle crashed</b><br />You can keep playing but it might crash again.</div>
|html|<div class="broadcast-red"><b>The battle crashed</b><br />You can keep playing but it might crash again.</div>
|html|<div class="broadcast-red"><b>The battle crashed</b><br />You can keep playing but it might crash again.</div>
|html|<div class="broadcast-red"><b>The battle crashed</b><br />You can keep playing but it might crash again.</div>
|html|<div class="broadcast-red"><b>The battle crashed</b><br />You can keep playing but it might crash again.</div>
|html|<div class="broadcast-red"><b>The battle crashed</b><br />You can keep playing but it might crash again.</div>
|html|<div class="broadcast-red"><b>The battle crashed</b><br />You can keep playing but it might crash again.</div>
|html|<div class="broadcast-red"><b>The battle crashed</b><br />You can keep playing but it might crash again.</div>
|html|<div class="broadcast-red"><b>The battle crashed</b><br />You can keep playing but it might crash again.</div>
|html|<div class="broadcast-red"><b>The battle crashed</b><br />You can keep playing but it might crash again.</div>
|html|<div class="broadcast-red"><b>The battle crashed</b><br />You can keep playing but it might crash again.</div>
|html|<div class="broadcast-red"><b>The battle crashed</b><br />You can keep playing but it might crash again.</div>
|html|<div class="broadcast-red"><b>The battle crashed</b><br />You can keep playing but it might crash again.</div>
|html|<div class="broadcast-red"><b>The battle crashed</b><br />You can keep playing but it might crash again.</div>
|html|<div class="broadcast-red"><b>The battle crashed</b><br />You can keep playing but it might crash again.</div>
|html|<div class="broadcast-red"><b>The battle crashed</b><br />You can keep playing but it might crash again.</div>
|html|<div class="broadcast-red"><b>The battle crashed</b><br />You can keep playing but it might crash again.</div>
|html|<div class="broadcast-red"><b>The battle crashed</b><br />You can keep playing but it might crash again.</div>
|html|<div class="broadcast-red"><b>The battle crashed</b><br />You can keep playing but it might crash again.</div>
|html|<div class="broadcast-red"><b>The battle crashed</b><br />You can keep playing but it might crash again.</div>
|html|<div class="broadcast-red"><b>The battle crashed</b><br />You can keep playing but it might crash again.</div>
|html|<div class="broadcast-red"><b>The battle crashed</b><br />You can keep playing but it might crash again.</div>
|html|<div class="broadcast-red"><b>The battle crashed</b><br />You can keep playing but it might crash again.</div>
|html|<div class="broadcast-red"><b>The battle crashed</b><br />You can keep playing but it might crash again.</div>
|html|<div class="broadcast-red"><b>The battle crashed</b><br />You can keep playing but it might crash again.</div>
|html|<div class="broadcast-red"><b>The battle crashed</b><br />You can keep playing but it might crash again.</div>
|html|<div class="broadcast-red"><b>The battle crashed</b><br />You can keep playing but it might crash again.</div>
|html|<div class="broadcast-red"><b>The battle crashed</b><br />You can keep playing but it might crash again.</div>
|html|<div class="broadcast-red"><b>The battle crashed</b><br />You can keep playing but it might crash again.</div>
|html|<div class="broadcast-red"><b>The battle crashed</b><br />You can keep playing but it might crash again.</div>
|html|<div class="broadcast-red"><b>The battle crashed</b><br />You can keep playing but it might crash again.</div>
|html|<div class="broadcast-red"><b>The battle crashed</b><br />You can keep playing but it might crash again.</div>
|html|<div class="broadcast-red"><b>The battle crashed</b><br />You can keep playing but it might crash again.</div>
|html|<div class="broadcast-red"><b>The battle crashed</b><br />You can keep playing but it might crash again.</div>
|html|<div class="broadcast-red"><b>The battle crashed</b><br />You can keep playing but it might crash again.</div>
|html|<div class="broadcast-red"><b>The battle crashed</b><br />You can keep playing but it might crash again.</div>
|html|<div class="broadcast-red"><b>The battle crashed</b><br />You can keep playing but it might crash again.</div>
|html|<div class="broadcast-red"><b>The battle crashed</b><br />You can keep playing but it might crash again.</div>
|html|<div class="broadcast-red"><b>The battle crashed</b><br />You can keep playing but it might crash again.</div>
|html|<div class="broadcast-red"><b>The battle crashed</b><br />You can keep playing but it might crash again.</div>
|html|<div class="broadcast-red"><b>The battle crashed</b><br />You can keep playing but it might crash again.</div>
|html|<div class="broadcast-red"><b>The battle crashed</b><br />You can keep playing but it might crash again.</div>
|html|<div class="broadcast-red"><b>The battle crashed</b><br />You can keep playing but it might crash again.</div>
|html|<div class="broadcast-red"><b>The battle crashed</b><br />You can keep playing but it might crash again.</div>

TypeError: Cannot read property 'isActive' of null
    at Tools.Battle.makeRequest (/Users/clazinasteunenberg/Downloads/Test/battle-engine.js:1943:15)
    at process.BattlePokemon.side (/Users/clazinasteunenberg/Downloads/Test/battle-engine.js:157:13)
    at process.EventEmitter.emit (events.js:98:17)
    at handleMessage (child_process.js:318:10)
    at Pipe.channel.onread (child_process.js:345:11)

ReferenceError: potd is not defined
    at Tools.exports.BattleScripts.randomTeam (/Users/clazinasteunenberg/Downloads/Test/data/scripts.js:1522:8)
    at Tools.exports.BattleScripts.getTeam (/Users/clazinasteunenberg/Downloads/Test/data/scripts.js:488:16)
    at new BattleSide (/Users/clazinasteunenberg/Downloads/Test/battle-engine.js:1096:27)
    at Tools.Battle.join (/Users/clazinasteunenberg/Downloads/Test/battle-engine.js:3333:15)
    at Tools.Battle.receive (/Users/clazinasteunenberg/Downloads/Test/battle-engine.js:3390:9)
    at process.BattlePokemon.side (/Users/clazinasteunenberg/Downloads/Test/battle-engine.js:143:12)
    at process.EventEmitter.emit (events.js:98:17)
    at handleMessage (child_process.js:318:10)
    at Pipe.channel.onread (child_process.js:345:11)

Additional information:
message = battle-randombattle-497|join|p1|Meloetta<3V|134
currentRequest = 

Log:
|html|<div class="broadcast-red"><b>The battle crashed</b><br />You can keep playing but it might crash again.</div>
|html|<div class="broadcast-red"><b>The battle crashed</b><br />You can keep playing but it might crash again.</div>
|html|<div class="broadcast-red"><b>The battle crashed</b><br />You can keep playing but it might crash again.</div>
|html|<div class="broadcast-red"><b>The battle crashed</b><br />You can keep playing but it might crash again.</div>
|html|<div class="broadcast-red"><b>The battle crashed</b><br />You can keep playing but it might crash again.</div>
|html|<div class="broadcast-red"><b>The battle crashed</b><br />You can keep playing but it might crash again.</div>
|html|<div class="broadcast-red"><b>The battle crashed</b><br />You can keep playing but it might crash again.</div>
|html|<div class="broadcast-red"><b>The battle crashed</b><br />You can keep playing but it might crash again.</div>
|html|<div class="broadcast-red"><b>The battle crashed</b><br />You can keep playing but it might crash again.</div>
|html|<div class="broadcast-red"><b>The battle crashed</b><br />You can keep playing but it might crash again.</div>
|html|<div class="broadcast-red"><b>The battle crashed</b><br />You can keep playing but it might crash again.</div>
|html|<div class="broadcast-red"><b>The battle crashed</b><br />You can keep playing but it might crash again.</div>
|html|<div class="broadcast-red"><b>The battle crashed</b><br />You can keep playing but it might crash again.</div>
|html|<div class="broadcast-red"><b>The battle crashed</b><br />You can keep playing but it might crash again.</div>
|html|<div class="broadcast-red"><b>The battle crashed</b><br />You can keep playing but it might crash again.</div>
|html|<div class="broadcast-red"><b>The battle crashed</b><br />You can keep playing but it might crash again.</div>
|html|<div class="broadcast-red"><b>The battle crashed</b><br />You can keep playing but it might crash again.</div>
|html|<div class="broadcast-red"><b>The battle crashed</b><br />You can keep playing but it might crash again.</div>
|html|<div class="broadcast-red"><b>The battle crashed</b><br />You can keep playing but it might crash again.</div>
|html|<div class="broadcast-red"><b>The battle crashed</b><br />You can keep playing but it might crash again.</div>
|html|<div class="broadcast-red"><b>The battle crashed</b><br />You can keep playing but it might crash again.</div>
|html|<div class="broadcast-red"><b>The battle crashed</b><br />You can keep playing but it might crash again.</div>
|html|<div class="broadcast-red"><b>The battle crashed</b><br />You can keep playing but it might crash again.</div>
|html|<div class="broadcast-red"><b>The battle crashed</b><br />You can keep playing but it might crash again.</div>
|html|<div class="broadcast-red"><b>The battle crashed</b><br />You can keep playing but it might crash again.</div>
|html|<div class="broadcast-red"><b>The battle crashed</b><br />You can keep playing but it might crash again.</div>
|html|<div class="broadcast-red"><b>The battle crashed</b><br />You can keep playing but it might crash again.</div>
|html|<div class="broadcast-red"><b>The battle crashed</b><br />You can keep playing but it might crash again.</div>
|html|<div class="broadcast-red"><b>The battle crashed</b><br />You can keep playing but it might crash again.</div>
|html|<div class="broadcast-red"><b>The battle crashed</b><br />You can keep playing but it might crash again.</div>
|html|<div class="broadcast-red"><b>The battle crashed</b><br />You can keep playing but it might crash again.</div>
|html|<div class="broadcast-red"><b>The battle crashed</b><br />You can keep playing but it might crash again.</div>
|html|<div class="broadcast-red"><b>The battle crashed</b><br />You can keep playing but it might crash again.</div>
|html|<div class="broadcast-red"><b>The battle crashed</b><br />You can keep playing but it might crash again.</div>
|html|<div class="broadcast-red"><b>The battle crashed</b><br />You can keep playing but it might crash again.</div>
|html|<div class="broadcast-red"><b>The battle crashed</b><br />You can keep playing but it might crash again.</div>
|html|<div class="broadcast-red"><b>The battle crashed</b><br />You can keep playing but it might crash again.</div>
|html|<div class="broadcast-red"><b>The battle crashed</b><br />You can keep playing but it might crash again.</div>
|html|<div class="broadcast-red"><b>The battle crashed</b><br />You can keep playing but it might crash again.</div>
|html|<div class="broadcast-red"><b>The battle crashed</b><br />You can keep playing but it might crash again.</div>
|html|<div class="broadcast-red"><b>The battle crashed</b><br />You can keep playing but it might crash again.</div>
|html|<div class="broadcast-red"><b>The battle crashed</b><br />You can keep playing but it might crash again.</div>
|html|<div class="broadcast-red"><b>The battle crashed</b><br />You can keep playing but it might crash again.</div>
|html|<div class="broadcast-red"><b>The battle crashed</b><br />You can keep playing but it might crash again.</div>
|html|<div class="broadcast-red"><b>The battle crashed</b><br />You can keep playing but it might crash again.</div>
|html|<div class="broadcast-red"><b>The battle crashed</b><br />You can keep playing but it might crash again.</div>
|html|<div class="broadcast-red"><b>The battle crashed</b><br />You can keep playing but it might crash again.</div>
|html|<div class="broadcast-red"><b>The battle crashed</b><br />You can keep playing but it might crash again.</div>
|html|<div class="broadcast-red"><b>The battle crashed</b><br />You can keep playing but it might crash again.</div>
|html|<div class="broadcast-red"><b>The battle crashed</b><br />You can keep playing but it might crash again.</div>
|html|<div class="broadcast-red"><b>The battle crashed</b><br />You can keep playing but it might crash again.</div>
|html|<div class="broadcast-red"><b>The battle crashed</b><br />You can keep playing but it might crash again.</div>
|html|<div class="broadcast-red"><b>The battle crashed</b><br />You can keep playing but it might crash again.</div>
|html|<div class="broadcast-red"><b>The battle crashed</b><br />You can keep playing but it might crash again.</div>
|html|<div class="broadcast-red"><b>The battle crashed</b><br />You can keep playing but it might crash again.</div>
|html|<div class="broadcast-red"><b>The battle crashed</b><br />You can keep playing but it might crash again.</div>
|html|<div class="broadcast-red"><b>The battle crashed</b><br />You can keep playing but it might crash again.</div>
|html|<div class="broadcast-red"><b>The battle crashed</b><br />You can keep playing but it might crash again.</div>
|html|<div class="broadcast-red"><b>The battle crashed</b><br />You can keep playing but it might crash again.</div>
|html|<div class="broadcast-red"><b>The battle crashed</b><br />You can keep playing but it might crash again.</div>
|html|<div class="broadcast-red"><b>The battle crashed</b><br />You can keep playing but it might crash again.</div>
|html|<div class="broadcast-red"><b>The battle crashed</b><br />You can keep playing but it might crash again.</div>
|html|<div class="broadcast-red"><b>The battle crashed</b><br />You can keep playing but it might crash again.</div>
|html|<div class="broadcast-red"><b>The battle crashed</b><br />You can keep playing but it might crash again.</div>
|html|<div class="broadcast-red"><b>The battle crashed</b><br />You can keep playing but it might crash again.</div>
|html|<div class="broadcast-red"><b>The battle crashed</b><br />You can keep playing but it might crash again.</div>
|html|<div class="broadcast-red"><b>The battle crashed</b><br />You can keep playing but it might crash again.</div>
|html|<div class="broadcast-red"><b>The battle crashed</b><br />You can keep playing but it might crash again.</div>
|html|<div class="broadcast-red"><b>The battle crashed</b><br />You can keep playing but it might crash again.</div>
|html|<div class="broadcast-red"><b>The battle crashed</b><br />You can keep playing but it might crash again.</div>
|html|<div class="broadcast-red"><b>The battle crashed</b><br />You can keep playing but it might crash again.</div>
|html|<div class="broadcast-red"><b>The battle crashed</b><br />You can keep playing but it might crash again.</div>
|html|<div class="broadcast-red"><b>The battle crashed</b><br />You can keep playing but it might crash again.</div>
|html|<div class="broadcast-red"><b>The battle crashed</b><br />You can keep playing but it might crash again.</div>
|html|<div class="broadcast-red"><b>The battle crashed</b><br />You can keep playing but it might crash again.</div>
|html|<div class="broadcast-red"><b>The battle crashed</b><br />You can keep playing but it might crash again.</div>
|html|<div class="broadcast-red"><b>The battle crashed</b><br />You can keep playing but it might crash again.</div>
|html|<div class="broadcast-red"><b>The battle crashed</b><br />You can keep playing but it might crash again.</div>
|html|<div class="broadcast-red"><b>The battle crashed</b><br />You can keep playing but it might crash again.</div>
|html|<div class="broadcast-red"><b>The battle crashed</b><br />You can keep playing but it might crash again.</div>
|html|<div class="broadcast-red"><b>The battle crashed</b><br />You can keep playing but it might crash again.</div>
|html|<div class="broadcast-red"><b>The battle crashed</b><br />You can keep playing but it might crash again.</div>
|html|<div class="broadcast-red"><b>The battle crashed</b><br />You can keep playing but it might crash again.</div>
|html|<div class="broadcast-red"><b>The battle crashed</b><br />You can keep playing but it might crash again.</div>
|html|<div class="broadcast-red"><b>The battle crashed</b><br />You can keep playing but it might crash again.</div>
|html|<div class="broadcast-red"><b>The battle crashed</b><br />You can keep playing but it might crash again.</div>
|html|<div class="broadcast-red"><b>The battle crashed</b><br />You can keep playing but it might crash again.</div>
|html|<div class="broadcast-red"><b>The battle crashed</b><br />You can keep playing but it might crash again.</div>
|html|<div class="broadcast-red"><b>The battle crashed</b><br />You can keep playing but it might crash again.</div>
|html|<div class="broadcast-red"><b>The battle crashed</b><br />You can keep playing but it might crash again.</div>
|html|<div class="broadcast-red"><b>The battle crashed</b><br />You can keep playing but it might crash again.</div>
|html|<div class="broadcast-red"><b>The battle crashed</b><br />You can keep playing but it might crash again.</div>
|html|<div class="broadcast-red"><b>The battle crashed</b><br />You can keep playing but it might crash again.</div>
|html|<div class="broadcast-red"><b>The battle crashed</b><br />You can keep playing but it might crash again.</div>
|html|<div class="broadcast-red"><b>The battle crashed</b><br />You can keep playing but it might crash again.</div>
|html|<div class="broadcast-red"><b>The battle crashed</b><br />You can keep playing but it might crash again.</div>
|html|<div class="broadcast-red"><b>The battle crashed</b><br />You can keep playing but it might crash again.</div>
|html|<div class="broadcast-red"><b>The battle crashed</b><br />You can keep playing but it might crash again.</div>
|html|<div class="broadcast-red"><b>The battle crashed</b><br />You can keep playing but it might crash again.</div>
|html|<div class="broadcast-red"><b>The battle crashed</b><br />You can keep playing but it might crash again.</div>
|html|<div class="broadcast-red"><b>The battle crashed</b><br />You can keep playing but it might crash again.</div>
|html|<div class="broadcast-red"><b>The battle crashed</b><br />You can keep playing but it might crash again.</div>
|html|<div class="broadcast-red"><b>The battle crashed</b><br />You can keep playing but it might crash again.</div>
|html|<div class="broadcast-red"><b>The battle crashed</b><br />You can keep playing but it might crash again.</div>
|html|<div class="broadcast-red"><b>The battle crashed</b><br />You can keep playing but it might crash again.</div>
|html|<div class="broadcast-red"><b>The battle crashed</b><br />You can keep playing but it might crash again.</div>
|html|<div class="broadcast-red"><b>The battle crashed</b><br />You can keep playing but it might crash again.</div>
|html|<div class="broadcast-red"><b>The battle crashed</b><br />You can keep playing but it might crash again.</div>
|html|<div class="broadcast-red"><b>The battle crashed</b><br />You can keep playing but it might crash again.</div>
|html|<div class="broadcast-red"><b>The battle crashed</b><br />You can keep playing but it might crash again.</div>
|html|<div class="broadcast-red"><b>The battle crashed</b><br />You can keep playing but it might crash again.</div>
|html|<div class="broadcast-red"><b>The battle crashed</b><br />You can keep playing but it might crash again.</div>
|html|<div class="broadcast-red"><b>The battle crashed</b><br />You can keep playing but it might crash again.</div>
|html|<div class="broadcast-red"><b>The battle crashed</b><br />You can keep playing but it might crash again.</div>
|html|<div class="broadcast-red"><b>The battle crashed</b><br />You can keep playing but it might crash again.</div>
|html|<div class="broadcast-red"><b>The battle crashed</b><br />You can keep playing but it might crash again.</div>
|html|<div class="broadcast-red"><b>The battle crashed</b><br />You can keep playing but it might crash again.</div>
|html|<div class="broadcast-red"><b>The battle crashed</b><br />You can keep playing but it might crash again.</div>
|html|<div class="broadcast-red"><b>The battle crashed</b><br />You can keep playing but it might crash again.</div>
|html|<div class="broadcast-red"><b>The battle crashed</b><br />You can keep playing but it might crash again.</div>
|html|<div class="broadcast-red"><b>The battle crashed</b><br />You can keep playing but it might crash again.</div>
|html|<div class="broadcast-red"><b>The battle crashed</b><br />You can keep playing but it might crash again.</div>
|html|<div class="broadcast-red"><b>The battle crashed</b><br />You can keep playing but it might crash again.</div>
|html|<div class="broadcast-red"><b>The battle crashed</b><br />You can keep playing but it might crash again.</div>
|html|<div class="broadcast-red"><b>The battle crashed</b><br />You can keep playing but it might crash again.</div>
|html|<div class="broadcast-red"><b>The battle crashed</b><br />You can keep playing but it might crash again.</div>
|html|<div class="broadcast-red"><b>The battle crashed</b><br />You can keep playing but it might crash again.</div>
|html|<div class="broadcast-red"><b>The battle crashed</b><br />You can keep playing but it might crash again.</div>
|html|<div class="broadcast-red"><b>The battle crashed</b><br />You can keep playing but it might crash again.</div>
|html|<div class="broadcast-red"><b>The battle crashed</b><br />You can keep playing but it might crash again.</div>
|html|<div class="broadcast-red"><b>The battle crashed</b><br />You can keep playing but it might crash again.</div>
|html|<div class="broadcast-red"><b>The battle crashed</b><br />You can keep playing but it might crash again.</div>
|html|<div class="broadcast-red"><b>The battle crashed</b><br />You can keep playing but it might crash again.</div>
|html|<div class="broadcast-red"><b>The battle crashed</b><br />You can keep playing but it might crash again.</div>
|html|<div class="broadcast-red"><b>The battle crashed</b><br />You can keep playing but it might crash again.</div>
|html|<div class="broadcast-red"><b>The battle crashed</b><br />You can keep playing but it might crash again.</div>
|html|<div class="broadcast-red"><b>The battle crashed</b><br />You can keep playing but it might crash again.</div>
|html|<div class="broadcast-red"><b>The battle crashed</b><br />You can keep playing but it might crash again.</div>
|html|<div class="broadcast-red"><b>The battle crashed</b><br />You can keep playing but it might crash again.</div>
|html|<div class="broadcast-red"><b>The battle crashed</b><br />You can keep playing but it might crash again.</div>
|html|<div class="broadcast-red"><b>The battle crashed</b><br />You can keep playing but it might crash again.</div>

TypeError: Cannot read property 'isActive' of null
    at Tools.Battle.makeRequest (/Users/clazinasteunenberg/Downloads/Test/battle-engine.js:1943:15)
    at process.BattlePokemon.side (/Users/clazinasteunenberg/Downloads/Test/battle-engine.js:157:13)
    at process.EventEmitter.emit (events.js:98:17)
    at handleMessage (child_process.js:318:10)
    at Pipe.channel.onread (child_process.js:345:11)

ReferenceError: potd is not defined
    at Tools.exports.BattleScripts.randomTeam (/Users/clazinasteunenberg/Downloads/Test/data/scripts.js:1522:8)
    at Tools.exports.BattleScripts.getTeam (/Users/clazinasteunenberg/Downloads/Test/data/scripts.js:488:16)
    at new BattleSide (/Users/clazinasteunenberg/Downloads/Test/battle-engine.js:1096:27)
    at Tools.Battle.join (/Users/clazinasteunenberg/Downloads/Test/battle-engine.js:3333:15)
    at Tools.Battle.receive (/Users/clazinasteunenberg/Downloads/Test/battle-engine.js:3390:9)
    at process.BattlePokemon.side (/Users/clazinasteunenberg/Downloads/Test/battle-engine.js:143:12)
    at process.EventEmitter.emit (events.js:98:17)
    at handleMessage (child_process.js:318:10)
    at Pipe.channel.onread (child_process.js:345:11)

Additional information:
message = battle-randombattle-497|join|p1|Meloetta<3V|134
currentRequest = 

Log:
|html|<div class="broadcast-red"><b>The battle crashed</b><br />You can keep playing but it might crash again.</div>
|html|<div class="broadcast-red"><b>The battle crashed</b><br />You can keep playing but it might crash again.</div>
|html|<div class="broadcast-red"><b>The battle crashed</b><br />You can keep playing but it might crash again.</div>
|html|<div class="broadcast-red"><b>The battle crashed</b><br />You can keep playing but it might crash again.</div>
|html|<div class="broadcast-red"><b>The battle crashed</b><br />You can keep playing but it might crash again.</div>
|html|<div class="broadcast-red"><b>The battle crashed</b><br />You can keep playing but it might crash again.</div>
|html|<div class="broadcast-red"><b>The battle crashed</b><br />You can keep playing but it might crash again.</div>
|html|<div class="broadcast-red"><b>The battle crashed</b><br />You can keep playing but it might crash again.</div>
|html|<div class="broadcast-red"><b>The battle crashed</b><br />You can keep playing but it might crash again.</div>
|html|<div class="broadcast-red"><b>The battle crashed</b><br />You can keep playing but it might crash again.</div>
|html|<div class="broadcast-red"><b>The battle crashed</b><br />You can keep playing but it might crash again.</div>
|html|<div class="broadcast-red"><b>The battle crashed</b><br />You can keep playing but it might crash again.</div>
|html|<div class="broadcast-red"><b>The battle crashed</b><br />You can keep playing but it might crash again.</div>
|html|<div class="broadcast-red"><b>The battle crashed</b><br />You can keep playing but it might crash again.</div>
|html|<div class="broadcast-red"><b>The battle crashed</b><br />You can keep playing but it might crash again.</div>
|html|<div class="broadcast-red"><b>The battle crashed</b><br />You can keep playing but it might crash again.</div>
|html|<div class="broadcast-red"><b>The battle crashed</b><br />You can keep playing but it might crash again.</div>
|html|<div class="broadcast-red"><b>The battle crashed</b><br />You can keep playing but it might crash again.</div>
|html|<div class="broadcast-red"><b>The battle crashed</b><br />You can keep playing but it might crash again.</div>
|html|<div class="broadcast-red"><b>The battle crashed</b><br />You can keep playing but it might crash again.</div>
|html|<div class="broadcast-red"><b>The battle crashed</b><br />You can keep playing but it might crash again.</div>
|html|<div class="broadcast-red"><b>The battle crashed</b><br />You can keep playing but it might crash again.</div>
|html|<div class="broadcast-red"><b>The battle crashed</b><br />You can keep playing but it might crash again.</div>
|html|<div class="broadcast-red"><b>The battle crashed</b><br />You can keep playing but it might crash again.</div>
|html|<div class="broadcast-red"><b>The battle crashed</b><br />You can keep playing but it might crash again.</div>
|html|<div class="broadcast-red"><b>The battle crashed</b><br />You can keep playing but it might crash again.</div>
|html|<div class="broadcast-red"><b>The battle crashed</b><br />You can keep playing but it might crash again.</div>
|html|<div class="broadcast-red"><b>The battle crashed</b><br />You can keep playing but it might crash again.</div>
|html|<div class="broadcast-red"><b>The battle crashed</b><br />You can keep playing but it might crash again.</div>
|html|<div class="broadcast-red"><b>The battle crashed</b><br />You can keep playing but it might crash again.</div>
|html|<div class="broadcast-red"><b>The battle crashed</b><br />You can keep playing but it might crash again.</div>
|html|<div class="broadcast-red"><b>The battle crashed</b><br />You can keep playing but it might crash again.</div>
|html|<div class="broadcast-red"><b>The battle crashed</b><br />You can keep playing but it might crash again.</div>
|html|<div class="broadcast-red"><b>The battle crashed</b><br />You can keep playing but it might crash again.</div>
|html|<div class="broadcast-red"><b>The battle crashed</b><br />You can keep playing but it might crash again.</div>
|html|<div class="broadcast-red"><b>The battle crashed</b><br />You can keep playing but it might crash again.</div>
|html|<div class="broadcast-red"><b>The battle crashed</b><br />You can keep playing but it might crash again.</div>
|html|<div class="broadcast-red"><b>The battle crashed</b><br />You can keep playing but it might crash again.</div>
|html|<div class="broadcast-red"><b>The battle crashed</b><br />You can keep playing but it might crash again.</div>
|html|<div class="broadcast-red"><b>The battle crashed</b><br />You can keep playing but it might crash again.</div>
|html|<div class="broadcast-red"><b>The battle crashed</b><br />You can keep playing but it might crash again.</div>
|html|<div class="broadcast-red"><b>The battle crashed</b><br />You can keep playing but it might crash again.</div>
|html|<div class="broadcast-red"><b>The battle crashed</b><br />You can keep playing but it might crash again.</div>
|html|<div class="broadcast-red"><b>The battle crashed</b><br />You can keep playing but it might crash again.</div>
|html|<div class="broadcast-red"><b>The battle crashed</b><br />You can keep playing but it might crash again.</div>
|html|<div class="broadcast-red"><b>The battle crashed</b><br />You can keep playing but it might crash again.</div>
|html|<div class="broadcast-red"><b>The battle crashed</b><br />You can keep playing but it might crash again.</div>
|html|<div class="broadcast-red"><b>The battle crashed</b><br />You can keep playing but it might crash again.</div>
|html|<div class="broadcast-red"><b>The battle crashed</b><br />You can keep playing but it might crash again.</div>
|html|<div class="broadcast-red"><b>The battle crashed</b><br />You can keep playing but it might crash again.</div>
|html|<div class="broadcast-red"><b>The battle crashed</b><br />You can keep playing but it might crash again.</div>
|html|<div class="broadcast-red"><b>The battle crashed</b><br />You can keep playing but it might crash again.</div>
|html|<div class="broadcast-red"><b>The battle crashed</b><br />You can keep playing but it might crash again.</div>
|html|<div class="broadcast-red"><b>The battle crashed</b><br />You can keep playing but it might crash again.</div>
|html|<div class="broadcast-red"><b>The battle crashed</b><br />You can keep playing but it might crash again.</div>
|html|<div class="broadcast-red"><b>The battle crashed</b><br />You can keep playing but it might crash again.</div>
|html|<div class="broadcast-red"><b>The battle crashed</b><br />You can keep playing but it might crash again.</div>
|html|<div class="broadcast-red"><b>The battle crashed</b><br />You can keep playing but it might crash again.</div>
|html|<div class="broadcast-red"><b>The battle crashed</b><br />You can keep playing but it might crash again.</div>
|html|<div class="broadcast-red"><b>The battle crashed</b><br />You can keep playing but it might crash again.</div>
|html|<div class="broadcast-red"><b>The battle crashed</b><br />You can keep playing but it might crash again.</div>
|html|<div class="broadcast-red"><b>The battle crashed</b><br />You can keep playing but it might crash again.</div>
|html|<div class="broadcast-red"><b>The battle crashed</b><br />You can keep playing but it might crash again.</div>
|html|<div class="broadcast-red"><b>The battle crashed</b><br />You can keep playing but it might crash again.</div>
|html|<div class="broadcast-red"><b>The battle crashed</b><br />You can keep playing but it might crash again.</div>
|html|<div class="broadcast-red"><b>The battle crashed</b><br />You can keep playing but it might crash again.</div>
|html|<div class="broadcast-red"><b>The battle crashed</b><br />You can keep playing but it might crash again.</div>
|html|<div class="broadcast-red"><b>The battle crashed</b><br />You can keep playing but it might crash again.</div>
|html|<div class="broadcast-red"><b>The battle crashed</b><br />You can keep playing but it might crash again.</div>
|html|<div class="broadcast-red"><b>The battle crashed</b><br />You can keep playing but it might crash again.</div>
|html|<div class="broadcast-red"><b>The battle crashed</b><br />You can keep playing but it might crash again.</div>
|html|<div class="broadcast-red"><b>The battle crashed</b><br />You can keep playing but it might crash again.</div>
|html|<div class="broadcast-red"><b>The battle crashed</b><br />You can keep playing but it might crash again.</div>
|html|<div class="broadcast-red"><b>The battle crashed</b><br />You can keep playing but it might crash again.</div>
|html|<div class="broadcast-red"><b>The battle crashed</b><br />You can keep playing but it might crash again.</div>
|html|<div class="broadcast-red"><b>The battle crashed</b><br />You can keep playing but it might crash again.</div>
|html|<div class="broadcast-red"><b>The battle crashed</b><br />You can keep playing but it might crash again.</div>
|html|<div class="broadcast-red"><b>The battle crashed</b><br />You can keep playing but it might crash again.</div>
|html|<div class="broadcast-red"><b>The battle crashed</b><br />You can keep playing but it might crash again.</div>
|html|<div class="broadcast-red"><b>The battle crashed</b><br />You can keep playing but it might crash again.</div>
|html|<div class="broadcast-red"><b>The battle crashed</b><br />You can keep playing but it might crash again.</div>
|html|<div class="broadcast-red"><b>The battle crashed</b><br />You can keep playing but it might crash again.</div>
|html|<div class="broadcast-red"><b>The battle crashed</b><br />You can keep playing but it might crash again.</div>
|html|<div class="broadcast-red"><b>The battle crashed</b><br />You can keep playing but it might crash again.</div>
|html|<div class="broadcast-red"><b>The battle crashed</b><br />You can keep playing but it might crash again.</div>
|html|<div class="broadcast-red"><b>The battle crashed</b><br />You can keep playing but it might crash again.</div>
|html|<div class="broadcast-red"><b>The battle crashed</b><br />You can keep playing but it might crash again.</div>
|html|<div class="broadcast-red"><b>The battle crashed</b><br />You can keep playing but it might crash again.</div>
|html|<div class="broadcast-red"><b>The battle crashed</b><br />You can keep playing but it might crash again.</div>
|html|<div class="broadcast-red"><b>The battle crashed</b><br />You can keep playing but it might crash again.</div>
|html|<div class="broadcast-red"><b>The battle crashed</b><br />You can keep playing but it might crash again.</div>
|html|<div class="broadcast-red"><b>The battle crashed</b><br />You can keep playing but it might crash again.</div>
|html|<div class="broadcast-red"><b>The battle crashed</b><br />You can keep playing but it might crash again.</div>
|html|<div class="broadcast-red"><b>The battle crashed</b><br />You can keep playing but it might crash again.</div>
|html|<div class="broadcast-red"><b>The battle crashed</b><br />You can keep playing but it might crash again.</div>
|html|<div class="broadcast-red"><b>The battle crashed</b><br />You can keep playing but it might crash again.</div>
|html|<div class="broadcast-red"><b>The battle crashed</b><br />You can keep playing but it might crash again.</div>
|html|<div class="broadcast-red"><b>The battle crashed</b><br />You can keep playing but it might crash again.</div>
|html|<div class="broadcast-red"><b>The battle crashed</b><br />You can keep playing but it might crash again.</div>
|html|<div class="broadcast-red"><b>The battle crashed</b><br />You can keep playing but it might crash again.</div>
|html|<div class="broadcast-red"><b>The battle crashed</b><br />You can keep playing but it might crash again.</div>
|html|<div class="broadcast-red"><b>The battle crashed</b><br />You can keep playing but it might crash again.</div>
|html|<div class="broadcast-red"><b>The battle crashed</b><br />You can keep playing but it might crash again.</div>
|html|<div class="broadcast-red"><b>The battle crashed</b><br />You can keep playing but it might crash again.</div>
|html|<div class="broadcast-red"><b>The battle crashed</b><br />You can keep playing but it might crash again.</div>
|html|<div class="broadcast-red"><b>The battle crashed</b><br />You can keep playing but it might crash again.</div>
|html|<div class="broadcast-red"><b>The battle crashed</b><br />You can keep playing but it might crash again.</div>
|html|<div class="broadcast-red"><b>The battle crashed</b><br />You can keep playing but it might crash again.</div>
|html|<div class="broadcast-red"><b>The battle crashed</b><br />You can keep playing but it might crash again.</div>
|html|<div class="broadcast-red"><b>The battle crashed</b><br />You can keep playing but it might crash again.</div>
|html|<div class="broadcast-red"><b>The battle crashed</b><br />You can keep playing but it might crash again.</div>
|html|<div class="broadcast-red"><b>The battle crashed</b><br />You can keep playing but it might crash again.</div>
|html|<div class="broadcast-red"><b>The battle crashed</b><br />You can keep playing but it might crash again.</div>
|html|<div class="broadcast-red"><b>The battle crashed</b><br />You can keep playing but it might crash again.</div>
|html|<div class="broadcast-red"><b>The battle crashed</b><br />You can keep playing but it might crash again.</div>
|html|<div class="broadcast-red"><b>The battle crashed</b><br />You can keep playing but it might crash again.</div>
|html|<div class="broadcast-red"><b>The battle crashed</b><br />You can keep playing but it might crash again.</div>
|html|<div class="broadcast-red"><b>The battle crashed</b><br />You can keep playing but it might crash again.</div>
|html|<div class="broadcast-red"><b>The battle crashed</b><br />You can keep playing but it might crash again.</div>
|html|<div class="broadcast-red"><b>The battle crashed</b><br />You can keep playing but it might crash again.</div>
|html|<div class="broadcast-red"><b>The battle crashed</b><br />You can keep playing but it might crash again.</div>
|html|<div class="broadcast-red"><b>The battle crashed</b><br />You can keep playing but it might crash again.</div>
|html|<div class="broadcast-red"><b>The battle crashed</b><br />You can keep playing but it might crash again.</div>
|html|<div class="broadcast-red"><b>The battle crashed</b><br />You can keep playing but it might crash again.</div>
|html|<div class="broadcast-red"><b>The battle crashed</b><br />You can keep playing but it might crash again.</div>
|html|<div class="broadcast-red"><b>The battle crashed</b><br />You can keep playing but it might crash again.</div>
|html|<div class="broadcast-red"><b>The battle crashed</b><br />You can keep playing but it might crash again.</div>
|html|<div class="broadcast-red"><b>The battle crashed</b><br />You can keep playing but it might crash again.</div>
|html|<div class="broadcast-red"><b>The battle crashed</b><br />You can keep playing but it might crash again.</div>
|html|<div class="broadcast-red"><b>The battle crashed</b><br />You can keep playing but it might crash again.</div>
|html|<div class="broadcast-red"><b>The battle crashed</b><br />You can keep playing but it might crash again.</div>
|html|<div class="broadcast-red"><b>The battle crashed</b><br />You can keep playing but it might crash again.</div>
|html|<div class="broadcast-red"><b>The battle crashed</b><br />You can keep playing but it might crash again.</div>
|html|<div class="broadcast-red"><b>The battle crashed</b><br />You can keep playing but it might crash again.</div>
|html|<div class="broadcast-red"><b>The battle crashed</b><br />You can keep playing but it might crash again.</div>
|html|<div class="broadcast-red"><b>The battle crashed</b><br />You can keep playing but it might crash again.</div>
|html|<div class="broadcast-red"><b>The battle crashed</b><br />You can keep playing but it might crash again.</div>
|html|<div class="broadcast-red"><b>The battle crashed</b><br />You can keep playing but it might crash again.</div>
|html|<div class="broadcast-red"><b>The battle crashed</b><br />You can keep playing but it might crash again.</div>
|html|<div class="broadcast-red"><b>The battle crashed</b><br />You can keep playing but it might crash again.</div>
|html|<div class="broadcast-red"><b>The battle crashed</b><br />You can keep playing but it might crash again.</div>
|html|<div class="broadcast-red"><b>The battle crashed</b><br />You can keep playing but it might crash again.</div>

TypeError: Cannot read property 'isActive' of null
    at Tools.Battle.makeRequest (/Users/clazinasteunenberg/Downloads/Test/battle-engine.js:1943:15)
    at process.BattlePokemon.side (/Users/clazinasteunenberg/Downloads/Test/battle-engine.js:157:13)
    at process.EventEmitter.emit (events.js:98:17)
    at handleMessage (child_process.js:318:10)
    at Pipe.channel.onread (child_process.js:345:11)

ReferenceError: potd is not defined
    at Tools.exports.BattleScripts.randomTeam (/Users/clazinasteunenberg/Downloads/Test/data/scripts.js:1522:8)
    at Tools.exports.BattleScripts.getTeam (/Users/clazinasteunenberg/Downloads/Test/data/scripts.js:488:16)
    at new BattleSide (/Users/clazinasteunenberg/Downloads/Test/battle-engine.js:1096:27)
    at Tools.Battle.join (/Users/clazinasteunenberg/Downloads/Test/battle-engine.js:3333:15)
    at Tools.Battle.receive (/Users/clazinasteunenberg/Downloads/Test/battle-engine.js:3390:9)
    at process.BattlePokemon.side (/Users/clazinasteunenberg/Downloads/Test/battle-engine.js:143:12)
    at process.EventEmitter.emit (events.js:98:17)
    at handleMessage (child_process.js:318:10)
    at Pipe.channel.onread (child_process.js:345:11)

Additional information:
message = battle-randombattle-497|join|p1|Meloetta<3V|134
currentRequest = 

Log:
|html|<div class="broadcast-red"><b>The battle crashed</b><br />You can keep playing but it might crash again.</div>
|html|<div class="broadcast-red"><b>The battle crashed</b><br />You can keep playing but it might crash again.</div>
|html|<div class="broadcast-red"><b>The battle crashed</b><br />You can keep playing but it might crash again.</div>
|html|<div class="broadcast-red"><b>The battle crashed</b><br />You can keep playing but it might crash again.</div>
|html|<div class="broadcast-red"><b>The battle crashed</b><br />You can keep playing but it might crash again.</div>
|html|<div class="broadcast-red"><b>The battle crashed</b><br />You can keep playing but it might crash again.</div>
|html|<div class="broadcast-red"><b>The battle crashed</b><br />You can keep playing but it might crash again.</div>
|html|<div class="broadcast-red"><b>The battle crashed</b><br />You can keep playing but it might crash again.</div>
|html|<div class="broadcast-red"><b>The battle crashed</b><br />You can keep playing but it might crash again.</div>
|html|<div class="broadcast-red"><b>The battle crashed</b><br />You can keep playing but it might crash again.</div>
|html|<div class="broadcast-red"><b>The battle crashed</b><br />You can keep playing but it might crash again.</div>
|html|<div class="broadcast-red"><b>The battle crashed</b><br />You can keep playing but it might crash again.</div>
|html|<div class="broadcast-red"><b>The battle crashed</b><br />You can keep playing but it might crash again.</div>
|html|<div class="broadcast-red"><b>The battle crashed</b><br />You can keep playing but it might crash again.</div>
|html|<div class="broadcast-red"><b>The battle crashed</b><br />You can keep playing but it might crash again.</div>
|html|<div class="broadcast-red"><b>The battle crashed</b><br />You can keep playing but it might crash again.</div>
|html|<div class="broadcast-red"><b>The battle crashed</b><br />You can keep playing but it might crash again.</div>
|html|<div class="broadcast-red"><b>The battle crashed</b><br />You can keep playing but it might crash again.</div>
|html|<div class="broadcast-red"><b>The battle crashed</b><br />You can keep playing but it might crash again.</div>
|html|<div class="broadcast-red"><b>The battle crashed</b><br />You can keep playing but it might crash again.</div>
|html|<div class="broadcast-red"><b>The battle crashed</b><br />You can keep playing but it might crash again.</div>
|html|<div class="broadcast-red"><b>The battle crashed</b><br />You can keep playing but it might crash again.</div>
|html|<div class="broadcast-red"><b>The battle crashed</b><br />You can keep playing but it might crash again.</div>
|html|<div class="broadcast-red"><b>The battle crashed</b><br />You can keep playing but it might crash again.</div>
|html|<div class="broadcast-red"><b>The battle crashed</b><br />You can keep playing but it might crash again.</div>
|html|<div class="broadcast-red"><b>The battle crashed</b><br />You can keep playing but it might crash again.</div>
|html|<div class="broadcast-red"><b>The battle crashed</b><br />You can keep playing but it might crash again.</div>
|html|<div class="broadcast-red"><b>The battle crashed</b><br />You can keep playing but it might crash again.</div>
|html|<div class="broadcast-red"><b>The battle crashed</b><br />You can keep playing but it might crash again.</div>
|html|<div class="broadcast-red"><b>The battle crashed</b><br />You can keep playing but it might crash again.</div>
|html|<div class="broadcast-red"><b>The battle crashed</b><br />You can keep playing but it might crash again.</div>
|html|<div class="broadcast-red"><b>The battle crashed</b><br />You can keep playing but it might crash again.</div>
|html|<div class="broadcast-red"><b>The battle crashed</b><br />You can keep playing but it might crash again.</div>
|html|<div class="broadcast-red"><b>The battle crashed</b><br />You can keep playing but it might crash again.</div>
|html|<div class="broadcast-red"><b>The battle crashed</b><br />You can keep playing but it might crash again.</div>
|html|<div class="broadcast-red"><b>The battle crashed</b><br />You can keep playing but it might crash again.</div>
|html|<div class="broadcast-red"><b>The battle crashed</b><br />You can keep playing but it might crash again.</div>
|html|<div class="broadcast-red"><b>The battle crashed</b><br />You can keep playing but it might crash again.</div>
|html|<div class="broadcast-red"><b>The battle crashed</b><br />You can keep playing but it might crash again.</div>
|html|<div class="broadcast-red"><b>The battle crashed</b><br />You can keep playing but it might crash again.</div>
|html|<div class="broadcast-red"><b>The battle crashed</b><br />You can keep playing but it might crash again.</div>
|html|<div class="broadcast-red"><b>The battle crashed</b><br />You can keep playing but it might crash again.</div>
|html|<div class="broadcast-red"><b>The battle crashed</b><br />You can keep playing but it might crash again.</div>
|html|<div class="broadcast-red"><b>The battle crashed</b><br />You can keep playing but it might crash again.</div>
|html|<div class="broadcast-red"><b>The battle crashed</b><br />You can keep playing but it might crash again.</div>
|html|<div class="broadcast-red"><b>The battle crashed</b><br />You can keep playing but it might crash again.</div>
|html|<div class="broadcast-red"><b>The battle crashed</b><br />You can keep playing but it might crash again.</div>
|html|<div class="broadcast-red"><b>The battle crashed</b><br />You can keep playing but it might crash again.</div>
|html|<div class="broadcast-red"><b>The battle crashed</b><br />You can keep playing but it might crash again.</div>
|html|<div class="broadcast-red"><b>The battle crashed</b><br />You can keep playing but it might crash again.</div>
|html|<div class="broadcast-red"><b>The battle crashed</b><br />You can keep playing but it might crash again.</div>
|html|<div class="broadcast-red"><b>The battle crashed</b><br />You can keep playing but it might crash again.</div>
|html|<div class="broadcast-red"><b>The battle crashed</b><br />You can keep playing but it might crash again.</div>
|html|<div class="broadcast-red"><b>The battle crashed</b><br />You can keep playing but it might crash again.</div>
|html|<div class="broadcast-red"><b>The battle crashed</b><br />You can keep playing but it might crash again.</div>
|html|<div class="broadcast-red"><b>The battle crashed</b><br />You can keep playing but it might crash again.</div>
|html|<div class="broadcast-red"><b>The battle crashed</b><br />You can keep playing but it might crash again.</div>
|html|<div class="broadcast-red"><b>The battle crashed</b><br />You can keep playing but it might crash again.</div>
|html|<div class="broadcast-red"><b>The battle crashed</b><br />You can keep playing but it might crash again.</div>
|html|<div class="broadcast-red"><b>The battle crashed</b><br />You can keep playing but it might crash again.</div>
|html|<div class="broadcast-red"><b>The battle crashed</b><br />You can keep playing but it might crash again.</div>
|html|<div class="broadcast-red"><b>The battle crashed</b><br />You can keep playing but it might crash again.</div>
|html|<div class="broadcast-red"><b>The battle crashed</b><br />You can keep playing but it might crash again.</div>
|html|<div class="broadcast-red"><b>The battle crashed</b><br />You can keep playing but it might crash again.</div>
|html|<div class="broadcast-red"><b>The battle crashed</b><br />You can keep playing but it might crash again.</div>
|html|<div class="broadcast-red"><b>The battle crashed</b><br />You can keep playing but it might crash again.</div>
|html|<div class="broadcast-red"><b>The battle crashed</b><br />You can keep playing but it might crash again.</div>
|html|<div class="broadcast-red"><b>The battle crashed</b><br />You can keep playing but it might crash again.</div>
|html|<div class="broadcast-red"><b>The battle crashed</b><br />You can keep playing but it might crash again.</div>
|html|<div class="broadcast-red"><b>The battle crashed</b><br />You can keep playing but it might crash again.</div>
|html|<div class="broadcast-red"><b>The battle crashed</b><br />You can keep playing but it might crash again.</div>
|html|<div class="broadcast-red"><b>The battle crashed</b><br />You can keep playing but it might crash again.</div>
|html|<div class="broadcast-red"><b>The battle crashed</b><br />You can keep playing but it might crash again.</div>
|html|<div class="broadcast-red"><b>The battle crashed</b><br />You can keep playing but it might crash again.</div>
|html|<div class="broadcast-red"><b>The battle crashed</b><br />You can keep playing but it might crash again.</div>
|html|<div class="broadcast-red"><b>The battle crashed</b><br />You can keep playing but it might crash again.</div>
|html|<div class="broadcast-red"><b>The battle crashed</b><br />You can keep playing but it might crash again.</div>
|html|<div class="broadcast-red"><b>The battle crashed</b><br />You can keep playing but it might crash again.</div>
|html|<div class="broadcast-red"><b>The battle crashed</b><br />You can keep playing but it might crash again.</div>
|html|<div class="broadcast-red"><b>The battle crashed</b><br />You can keep playing but it might crash again.</div>
|html|<div class="broadcast-red"><b>The battle crashed</b><br />You can keep playing but it might crash again.</div>
|html|<div class="broadcast-red"><b>The battle crashed</b><br />You can keep playing but it might crash again.</div>
|html|<div class="broadcast-red"><b>The battle crashed</b><br />You can keep playing but it might crash again.</div>
|html|<div class="broadcast-red"><b>The battle crashed</b><br />You can keep playing but it might crash again.</div>
|html|<div class="broadcast-red"><b>The battle crashed</b><br />You can keep playing but it might crash again.</div>
|html|<div class="broadcast-red"><b>The battle crashed</b><br />You can keep playing but it might crash again.</div>
|html|<div class="broadcast-red"><b>The battle crashed</b><br />You can keep playing but it might crash again.</div>
|html|<div class="broadcast-red"><b>The battle crashed</b><br />You can keep playing but it might crash again.</div>
|html|<div class="broadcast-red"><b>The battle crashed</b><br />You can keep playing but it might crash again.</div>
|html|<div class="broadcast-red"><b>The battle crashed</b><br />You can keep playing but it might crash again.</div>
|html|<div class="broadcast-red"><b>The battle crashed</b><br />You can keep playing but it might crash again.</div>
|html|<div class="broadcast-red"><b>The battle crashed</b><br />You can keep playing but it might crash again.</div>
|html|<div class="broadcast-red"><b>The battle crashed</b><br />You can keep playing but it might crash again.</div>
|html|<div class="broadcast-red"><b>The battle crashed</b><br />You can keep playing but it might crash again.</div>
|html|<div class="broadcast-red"><b>The battle crashed</b><br />You can keep playing but it might crash again.</div>
|html|<div class="broadcast-red"><b>The battle crashed</b><br />You can keep playing but it might crash again.</div>
|html|<div class="broadcast-red"><b>The battle crashed</b><br />You can keep playing but it might crash again.</div>
|html|<div class="broadcast-red"><b>The battle crashed</b><br />You can keep playing but it might crash again.</div>
|html|<div class="broadcast-red"><b>The battle crashed</b><br />You can keep playing but it might crash again.</div>
|html|<div class="broadcast-red"><b>The battle crashed</b><br />You can keep playing but it might crash again.</div>
|html|<div class="broadcast-red"><b>The battle crashed</b><br />You can keep playing but it might crash again.</div>
|html|<div class="broadcast-red"><b>The battle crashed</b><br />You can keep playing but it might crash again.</div>
|html|<div class="broadcast-red"><b>The battle crashed</b><br />You can keep playing but it might crash again.</div>
|html|<div class="broadcast-red"><b>The battle crashed</b><br />You can keep playing but it might crash again.</div>
|html|<div class="broadcast-red"><b>The battle crashed</b><br />You can keep playing but it might crash again.</div>
|html|<div class="broadcast-red"><b>The battle crashed</b><br />You can keep playing but it might crash again.</div>
|html|<div class="broadcast-red"><b>The battle crashed</b><br />You can keep playing but it might crash again.</div>
|html|<div class="broadcast-red"><b>The battle crashed</b><br />You can keep playing but it might crash again.</div>
|html|<div class="broadcast-red"><b>The battle crashed</b><br />You can keep playing but it might crash again.</div>
|html|<div class="broadcast-red"><b>The battle crashed</b><br />You can keep playing but it might crash again.</div>
|html|<div class="broadcast-red"><b>The battle crashed</b><br />You can keep playing but it might crash again.</div>
|html|<div class="broadcast-red"><b>The battle crashed</b><br />You can keep playing but it might crash again.</div>
|html|<div class="broadcast-red"><b>The battle crashed</b><br />You can keep playing but it might crash again.</div>
|html|<div class="broadcast-red"><b>The battle crashed</b><br />You can keep playing but it might crash again.</div>
|html|<div class="broadcast-red"><b>The battle crashed</b><br />You can keep playing but it might crash again.</div>
|html|<div class="broadcast-red"><b>The battle crashed</b><br />You can keep playing but it might crash again.</div>
|html|<div class="broadcast-red"><b>The battle crashed</b><br />You can keep playing but it might crash again.</div>
|html|<div class="broadcast-red"><b>The battle crashed</b><br />You can keep playing but it might crash again.</div>
|html|<div class="broadcast-red"><b>The battle crashed</b><br />You can keep playing but it might crash again.</div>
|html|<div class="broadcast-red"><b>The battle crashed</b><br />You can keep playing but it might crash again.</div>
|html|<div class="broadcast-red"><b>The battle crashed</b><br />You can keep playing but it might crash again.</div>
|html|<div class="broadcast-red"><b>The battle crashed</b><br />You can keep playing but it might crash again.</div>
|html|<div class="broadcast-red"><b>The battle crashed</b><br />You can keep playing but it might crash again.</div>
|html|<div class="broadcast-red"><b>The battle crashed</b><br />You can keep playing but it might crash again.</div>
|html|<div class="broadcast-red"><b>The battle crashed</b><br />You can keep playing but it might crash again.</div>
|html|<div class="broadcast-red"><b>The battle crashed</b><br />You can keep playing but it might crash again.</div>
|html|<div class="broadcast-red"><b>The battle crashed</b><br />You can keep playing but it might crash again.</div>
|html|<div class="broadcast-red"><b>The battle crashed</b><br />You can keep playing but it might crash again.</div>
|html|<div class="broadcast-red"><b>The battle crashed</b><br />You can keep playing but it might crash again.</div>
|html|<div class="broadcast-red"><b>The battle crashed</b><br />You can keep playing but it might crash again.</div>
|html|<div class="broadcast-red"><b>The battle crashed</b><br />You can keep playing but it might crash again.</div>
|html|<div class="broadcast-red"><b>The battle crashed</b><br />You can keep playing but it might crash again.</div>
|html|<div class="broadcast-red"><b>The battle crashed</b><br />You can keep playing but it might crash again.</div>
|html|<div class="broadcast-red"><b>The battle crashed</b><br />You can keep playing but it might crash again.</div>
|html|<div class="broadcast-red"><b>The battle crashed</b><br />You can keep playing but it might crash again.</div>
|html|<div class="broadcast-red"><b>The battle crashed</b><br />You can keep playing but it might crash again.</div>
|html|<div class="broadcast-red"><b>The battle crashed</b><br />You can keep playing but it might crash again.</div>
|html|<div class="broadcast-red"><b>The battle crashed</b><br />You can keep playing but it might crash again.</div>
|html|<div class="broadcast-red"><b>The battle crashed</b><br />You can keep playing but it might crash again.</div>
|html|<div class="broadcast-red"><b>The battle crashed</b><br />You can keep playing but it might crash again.</div>
|html|<div class="broadcast-red"><b>The battle crashed</b><br />You can keep playing but it might crash again.</div>
|html|<div class="broadcast-red"><b>The battle crashed</b><br />You can keep playing but it might crash again.</div>
|html|<div class="broadcast-red"><b>The battle crashed</b><br />You can keep playing but it might crash again.</div>

TypeError: Cannot read property 'isActive' of null
    at Tools.Battle.makeRequest (/Users/clazinasteunenberg/Downloads/Test/battle-engine.js:1943:15)
    at process.BattlePokemon.side (/Users/clazinasteunenberg/Downloads/Test/battle-engine.js:157:13)
    at process.EventEmitter.emit (events.js:98:17)
    at handleMessage (child_process.js:318:10)
    at Pipe.channel.onread (child_process.js:345:11)

ReferenceError: potd is not defined
    at Tools.exports.BattleScripts.randomTeam (/Users/clazinasteunenberg/Downloads/Test/data/scripts.js:1522:8)
    at Tools.exports.BattleScripts.getTeam (/Users/clazinasteunenberg/Downloads/Test/data/scripts.js:488:16)
    at new BattleSide (/Users/clazinasteunenberg/Downloads/Test/battle-engine.js:1096:27)
    at Tools.Battle.join (/Users/clazinasteunenberg/Downloads/Test/battle-engine.js:3333:15)
    at Tools.Battle.receive (/Users/clazinasteunenberg/Downloads/Test/battle-engine.js:3390:9)
    at process.BattlePokemon.side (/Users/clazinasteunenberg/Downloads/Test/battle-engine.js:143:12)
    at process.EventEmitter.emit (events.js:98:17)
    at handleMessage (child_process.js:318:10)
    at Pipe.channel.onread (child_process.js:345:11)

Additional information:
message = battle-randombattle-497|join|p1|Meloetta<3V|134
currentRequest = 

Log:
|html|<div class="broadcast-red"><b>The battle crashed</b><br />You can keep playing but it might crash again.</div>
|html|<div class="broadcast-red"><b>The battle crashed</b><br />You can keep playing but it might crash again.</div>
|html|<div class="broadcast-red"><b>The battle crashed</b><br />You can keep playing but it might crash again.</div>
|html|<div class="broadcast-red"><b>The battle crashed</b><br />You can keep playing but it might crash again.</div>
|html|<div class="broadcast-red"><b>The battle crashed</b><br />You can keep playing but it might crash again.</div>
|html|<div class="broadcast-red"><b>The battle crashed</b><br />You can keep playing but it might crash again.</div>
|html|<div class="broadcast-red"><b>The battle crashed</b><br />You can keep playing but it might crash again.</div>
|html|<div class="broadcast-red"><b>The battle crashed</b><br />You can keep playing but it might crash again.</div>
|html|<div class="broadcast-red"><b>The battle crashed</b><br />You can keep playing but it might crash again.</div>
|html|<div class="broadcast-red"><b>The battle crashed</b><br />You can keep playing but it might crash again.</div>
|html|<div class="broadcast-red"><b>The battle crashed</b><br />You can keep playing but it might crash again.</div>
|html|<div class="broadcast-red"><b>The battle crashed</b><br />You can keep playing but it might crash again.</div>
|html|<div class="broadcast-red"><b>The battle crashed</b><br />You can keep playing but it might crash again.</div>
|html|<div class="broadcast-red"><b>The battle crashed</b><br />You can keep playing but it might crash again.</div>
|html|<div class="broadcast-red"><b>The battle crashed</b><br />You can keep playing but it might crash again.</div>
|html|<div class="broadcast-red"><b>The battle crashed</b><br />You can keep playing but it might crash again.</div>
|html|<div class="broadcast-red"><b>The battle crashed</b><br />You can keep playing but it might crash again.</div>
|html|<div class="broadcast-red"><b>The battle crashed</b><br />You can keep playing but it might crash again.</div>
|html|<div class="broadcast-red"><b>The battle crashed</b><br />You can keep playing but it might crash again.</div>
|html|<div class="broadcast-red"><b>The battle crashed</b><br />You can keep playing but it might crash again.</div>
|html|<div class="broadcast-red"><b>The battle crashed</b><br />You can keep playing but it might crash again.</div>
|html|<div class="broadcast-red"><b>The battle crashed</b><br />You can keep playing but it might crash again.</div>
|html|<div class="broadcast-red"><b>The battle crashed</b><br />You can keep playing but it might crash again.</div>
|html|<div class="broadcast-red"><b>The battle crashed</b><br />You can keep playing but it might crash again.</div>
|html|<div class="broadcast-red"><b>The battle crashed</b><br />You can keep playing but it might crash again.</div>
|html|<div class="broadcast-red"><b>The battle crashed</b><br />You can keep playing but it might crash again.</div>
|html|<div class="broadcast-red"><b>The battle crashed</b><br />You can keep playing but it might crash again.</div>
|html|<div class="broadcast-red"><b>The battle crashed</b><br />You can keep playing but it might crash again.</div>
|html|<div class="broadcast-red"><b>The battle crashed</b><br />You can keep playing but it might crash again.</div>
|html|<div class="broadcast-red"><b>The battle crashed</b><br />You can keep playing but it might crash again.</div>
|html|<div class="broadcast-red"><b>The battle crashed</b><br />You can keep playing but it might crash again.</div>
|html|<div class="broadcast-red"><b>The battle crashed</b><br />You can keep playing but it might crash again.</div>
|html|<div class="broadcast-red"><b>The battle crashed</b><br />You can keep playing but it might crash again.</div>
|html|<div class="broadcast-red"><b>The battle crashed</b><br />You can keep playing but it might crash again.</div>
|html|<div class="broadcast-red"><b>The battle crashed</b><br />You can keep playing but it might crash again.</div>
|html|<div class="broadcast-red"><b>The battle crashed</b><br />You can keep playing but it might crash again.</div>
|html|<div class="broadcast-red"><b>The battle crashed</b><br />You can keep playing but it might crash again.</div>
|html|<div class="broadcast-red"><b>The battle crashed</b><br />You can keep playing but it might crash again.</div>
|html|<div class="broadcast-red"><b>The battle crashed</b><br />You can keep playing but it might crash again.</div>
|html|<div class="broadcast-red"><b>The battle crashed</b><br />You can keep playing but it might crash again.</div>
|html|<div class="broadcast-red"><b>The battle crashed</b><br />You can keep playing but it might crash again.</div>
|html|<div class="broadcast-red"><b>The battle crashed</b><br />You can keep playing but it might crash again.</div>
|html|<div class="broadcast-red"><b>The battle crashed</b><br />You can keep playing but it might crash again.</div>
|html|<div class="broadcast-red"><b>The battle crashed</b><br />You can keep playing but it might crash again.</div>
|html|<div class="broadcast-red"><b>The battle crashed</b><br />You can keep playing but it might crash again.</div>
|html|<div class="broadcast-red"><b>The battle crashed</b><br />You can keep playing but it might crash again.</div>
|html|<div class="broadcast-red"><b>The battle crashed</b><br />You can keep playing but it might crash again.</div>
|html|<div class="broadcast-red"><b>The battle crashed</b><br />You can keep playing but it might crash again.</div>
|html|<div class="broadcast-red"><b>The battle crashed</b><br />You can keep playing but it might crash again.</div>
|html|<div class="broadcast-red"><b>The battle crashed</b><br />You can keep playing but it might crash again.</div>
|html|<div class="broadcast-red"><b>The battle crashed</b><br />You can keep playing but it might crash again.</div>
|html|<div class="broadcast-red"><b>The battle crashed</b><br />You can keep playing but it might crash again.</div>
|html|<div class="broadcast-red"><b>The battle crashed</b><br />You can keep playing but it might crash again.</div>
|html|<div class="broadcast-red"><b>The battle crashed</b><br />You can keep playing but it might crash again.</div>
|html|<div class="broadcast-red"><b>The battle crashed</b><br />You can keep playing but it might crash again.</div>
|html|<div class="broadcast-red"><b>The battle crashed</b><br />You can keep playing but it might crash again.</div>
|html|<div class="broadcast-red"><b>The battle crashed</b><br />You can keep playing but it might crash again.</div>
|html|<div class="broadcast-red"><b>The battle crashed</b><br />You can keep playing but it might crash again.</div>
|html|<div class="broadcast-red"><b>The battle crashed</b><br />You can keep playing but it might crash again.</div>
|html|<div class="broadcast-red"><b>The battle crashed</b><br />You can keep playing but it might crash again.</div>
|html|<div class="broadcast-red"><b>The battle crashed</b><br />You can keep playing but it might crash again.</div>
|html|<div class="broadcast-red"><b>The battle crashed</b><br />You can keep playing but it might crash again.</div>
|html|<div class="broadcast-red"><b>The battle crashed</b><br />You can keep playing but it might crash again.</div>
|html|<div class="broadcast-red"><b>The battle crashed</b><br />You can keep playing but it might crash again.</div>
|html|<div class="broadcast-red"><b>The battle crashed</b><br />You can keep playing but it might crash again.</div>
|html|<div class="broadcast-red"><b>The battle crashed</b><br />You can keep playing but it might crash again.</div>
|html|<div class="broadcast-red"><b>The battle crashed</b><br />You can keep playing but it might crash again.</div>
|html|<div class="broadcast-red"><b>The battle crashed</b><br />You can keep playing but it might crash again.</div>
|html|<div class="broadcast-red"><b>The battle crashed</b><br />You can keep playing but it might crash again.</div>
|html|<div class="broadcast-red"><b>The battle crashed</b><br />You can keep playing but it might crash again.</div>
|html|<div class="broadcast-red"><b>The battle crashed</b><br />You can keep playing but it might crash again.</div>
|html|<div class="broadcast-red"><b>The battle crashed</b><br />You can keep playing but it might crash again.</div>
|html|<div class="broadcast-red"><b>The battle crashed</b><br />You can keep playing but it might crash again.</div>
|html|<div class="broadcast-red"><b>The battle crashed</b><br />You can keep playing but it might crash again.</div>
|html|<div class="broadcast-red"><b>The battle crashed</b><br />You can keep playing but it might crash again.</div>
|html|<div class="broadcast-red"><b>The battle crashed</b><br />You can keep playing but it might crash again.</div>
|html|<div class="broadcast-red"><b>The battle crashed</b><br />You can keep playing but it might crash again.</div>
|html|<div class="broadcast-red"><b>The battle crashed</b><br />You can keep playing but it might crash again.</div>
|html|<div class="broadcast-red"><b>The battle crashed</b><br />You can keep playing but it might crash again.</div>
|html|<div class="broadcast-red"><b>The battle crashed</b><br />You can keep playing but it might crash again.</div>
|html|<div class="broadcast-red"><b>The battle crashed</b><br />You can keep playing but it might crash again.</div>
|html|<div class="broadcast-red"><b>The battle crashed</b><br />You can keep playing but it might crash again.</div>
|html|<div class="broadcast-red"><b>The battle crashed</b><br />You can keep playing but it might crash again.</div>
|html|<div class="broadcast-red"><b>The battle crashed</b><br />You can keep playing but it might crash again.</div>
|html|<div class="broadcast-red"><b>The battle crashed</b><br />You can keep playing but it might crash again.</div>
|html|<div class="broadcast-red"><b>The battle crashed</b><br />You can keep playing but it might crash again.</div>
|html|<div class="broadcast-red"><b>The battle crashed</b><br />You can keep playing but it might crash again.</div>
|html|<div class="broadcast-red"><b>The battle crashed</b><br />You can keep playing but it might crash again.</div>
|html|<div class="broadcast-red"><b>The battle crashed</b><br />You can keep playing but it might crash again.</div>
|html|<div class="broadcast-red"><b>The battle crashed</b><br />You can keep playing but it might crash again.</div>
|html|<div class="broadcast-red"><b>The battle crashed</b><br />You can keep playing but it might crash again.</div>
|html|<div class="broadcast-red"><b>The battle crashed</b><br />You can keep playing but it might crash again.</div>
|html|<div class="broadcast-red"><b>The battle crashed</b><br />You can keep playing but it might crash again.</div>
|html|<div class="broadcast-red"><b>The battle crashed</b><br />You can keep playing but it might crash again.</div>
|html|<div class="broadcast-red"><b>The battle crashed</b><br />You can keep playing but it might crash again.</div>
|html|<div class="broadcast-red"><b>The battle crashed</b><br />You can keep playing but it might crash again.</div>
|html|<div class="broadcast-red"><b>The battle crashed</b><br />You can keep playing but it might crash again.</div>
|html|<div class="broadcast-red"><b>The battle crashed</b><br />You can keep playing but it might crash again.</div>
|html|<div class="broadcast-red"><b>The battle crashed</b><br />You can keep playing but it might crash again.</div>
|html|<div class="broadcast-red"><b>The battle crashed</b><br />You can keep playing but it might crash again.</div>
|html|<div class="broadcast-red"><b>The battle crashed</b><br />You can keep playing but it might crash again.</div>
|html|<div class="broadcast-red"><b>The battle crashed</b><br />You can keep playing but it might crash again.</div>
|html|<div class="broadcast-red"><b>The battle crashed</b><br />You can keep playing but it might crash again.</div>
|html|<div class="broadcast-red"><b>The battle crashed</b><br />You can keep playing but it might crash again.</div>
|html|<div class="broadcast-red"><b>The battle crashed</b><br />You can keep playing but it might crash again.</div>
|html|<div class="broadcast-red"><b>The battle crashed</b><br />You can keep playing but it might crash again.</div>
|html|<div class="broadcast-red"><b>The battle crashed</b><br />You can keep playing but it might crash again.</div>
|html|<div class="broadcast-red"><b>The battle crashed</b><br />You can keep playing but it might crash again.</div>
|html|<div class="broadcast-red"><b>The battle crashed</b><br />You can keep playing but it might crash again.</div>
|html|<div class="broadcast-red"><b>The battle crashed</b><br />You can keep playing but it might crash again.</div>
|html|<div class="broadcast-red"><b>The battle crashed</b><br />You can keep playing but it might crash again.</div>
|html|<div class="broadcast-red"><b>The battle crashed</b><br />You can keep playing but it might crash again.</div>
|html|<div class="broadcast-red"><b>The battle crashed</b><br />You can keep playing but it might crash again.</div>
|html|<div class="broadcast-red"><b>The battle crashed</b><br />You can keep playing but it might crash again.</div>
|html|<div class="broadcast-red"><b>The battle crashed</b><br />You can keep playing but it might crash again.</div>
|html|<div class="broadcast-red"><b>The battle crashed</b><br />You can keep playing but it might crash again.</div>
|html|<div class="broadcast-red"><b>The battle crashed</b><br />You can keep playing but it might crash again.</div>
|html|<div class="broadcast-red"><b>The battle crashed</b><br />You can keep playing but it might crash again.</div>
|html|<div class="broadcast-red"><b>The battle crashed</b><br />You can keep playing but it might crash again.</div>
|html|<div class="broadcast-red"><b>The battle crashed</b><br />You can keep playing but it might crash again.</div>
|html|<div class="broadcast-red"><b>The battle crashed</b><br />You can keep playing but it might crash again.</div>
|html|<div class="broadcast-red"><b>The battle crashed</b><br />You can keep playing but it might crash again.</div>
|html|<div class="broadcast-red"><b>The battle crashed</b><br />You can keep playing but it might crash again.</div>
|html|<div class="broadcast-red"><b>The battle crashed</b><br />You can keep playing but it might crash again.</div>
|html|<div class="broadcast-red"><b>The battle crashed</b><br />You can keep playing but it might crash again.</div>
|html|<div class="broadcast-red"><b>The battle crashed</b><br />You can keep playing but it might crash again.</div>
|html|<div class="broadcast-red"><b>The battle crashed</b><br />You can keep playing but it might crash again.</div>
|html|<div class="broadcast-red"><b>The battle crashed</b><br />You can keep playing but it might crash again.</div>
|html|<div class="broadcast-red"><b>The battle crashed</b><br />You can keep playing but it might crash again.</div>
|html|<div class="broadcast-red"><b>The battle crashed</b><br />You can keep playing but it might crash again.</div>
|html|<div class="broadcast-red"><b>The battle crashed</b><br />You can keep playing but it might crash again.</div>
|html|<div class="broadcast-red"><b>The battle crashed</b><br />You can keep playing but it might crash again.</div>
|html|<div class="broadcast-red"><b>The battle crashed</b><br />You can keep playing but it might crash again.</div>
|html|<div class="broadcast-red"><b>The battle crashed</b><br />You can keep playing but it might crash again.</div>
|html|<div class="broadcast-red"><b>The battle crashed</b><br />You can keep playing but it might crash again.</div>
|html|<div class="broadcast-red"><b>The battle crashed</b><br />You can keep playing but it might crash again.</div>
|html|<div class="broadcast-red"><b>The battle crashed</b><br />You can keep playing but it might crash again.</div>
|html|<div class="broadcast-red"><b>The battle crashed</b><br />You can keep playing but it might crash again.</div>
|html|<div class="broadcast-red"><b>The battle crashed</b><br />You can keep playing but it might crash again.</div>
|html|<div class="broadcast-red"><b>The battle crashed</b><br />You can keep playing but it might crash again.</div>
|html|<div class="broadcast-red"><b>The battle crashed</b><br />You can keep playing but it might crash again.</div>
|html|<div class="broadcast-red"><b>The battle crashed</b><br />You can keep playing but it might crash again.</div>
|html|<div class="broadcast-red"><b>The battle crashed</b><br />You can keep playing but it might crash again.</div>
|html|<div class="broadcast-red"><b>The battle crashed</b><br />You can keep playing but it might crash again.</div>

TypeError: Cannot read property 'isActive' of null
    at Tools.Battle.makeRequest (/Users/clazinasteunenberg/Downloads/Test/battle-engine.js:1943:15)
    at process.BattlePokemon.side (/Users/clazinasteunenberg/Downloads/Test/battle-engine.js:157:13)
    at process.EventEmitter.emit (events.js:98:17)
    at handleMessage (child_process.js:318:10)
    at Pipe.channel.onread (child_process.js:345:11)

ReferenceError: potd is not defined
    at Tools.exports.BattleScripts.randomTeam (/Users/clazinasteunenberg/Downloads/Test/data/scripts.js:1522:8)
    at Tools.exports.BattleScripts.getTeam (/Users/clazinasteunenberg/Downloads/Test/data/scripts.js:488:16)
    at new BattleSide (/Users/clazinasteunenberg/Downloads/Test/battle-engine.js:1096:27)
    at Tools.Battle.join (/Users/clazinasteunenberg/Downloads/Test/battle-engine.js:3333:15)
    at Tools.Battle.receive (/Users/clazinasteunenberg/Downloads/Test/battle-engine.js:3390:9)
    at process.BattlePokemon.side (/Users/clazinasteunenberg/Downloads/Test/battle-engine.js:143:12)
    at process.EventEmitter.emit (events.js:98:17)
    at handleMessage (child_process.js:318:10)
    at Pipe.channel.onread (child_process.js:345:11)

Additional information:
message = battle-randombattle-497|join|p1|Meloetta<3V|134
currentRequest = 

Log:
|html|<div class="broadcast-red"><b>The battle crashed</b><br />You can keep playing but it might crash again.</div>
|html|<div class="broadcast-red"><b>The battle crashed</b><br />You can keep playing but it might crash again.</div>
|html|<div class="broadcast-red"><b>The battle crashed</b><br />You can keep playing but it might crash again.</div>
|html|<div class="broadcast-red"><b>The battle crashed</b><br />You can keep playing but it might crash again.</div>
|html|<div class="broadcast-red"><b>The battle crashed</b><br />You can keep playing but it might crash again.</div>
|html|<div class="broadcast-red"><b>The battle crashed</b><br />You can keep playing but it might crash again.</div>
|html|<div class="broadcast-red"><b>The battle crashed</b><br />You can keep playing but it might crash again.</div>
|html|<div class="broadcast-red"><b>The battle crashed</b><br />You can keep playing but it might crash again.</div>
|html|<div class="broadcast-red"><b>The battle crashed</b><br />You can keep playing but it might crash again.</div>
|html|<div class="broadcast-red"><b>The battle crashed</b><br />You can keep playing but it might crash again.</div>
|html|<div class="broadcast-red"><b>The battle crashed</b><br />You can keep playing but it might crash again.</div>
|html|<div class="broadcast-red"><b>The battle crashed</b><br />You can keep playing but it might crash again.</div>
|html|<div class="broadcast-red"><b>The battle crashed</b><br />You can keep playing but it might crash again.</div>
|html|<div class="broadcast-red"><b>The battle crashed</b><br />You can keep playing but it might crash again.</div>
|html|<div class="broadcast-red"><b>The battle crashed</b><br />You can keep playing but it might crash again.</div>
|html|<div class="broadcast-red"><b>The battle crashed</b><br />You can keep playing but it might crash again.</div>
|html|<div class="broadcast-red"><b>The battle crashed</b><br />You can keep playing but it might crash again.</div>
|html|<div class="broadcast-red"><b>The battle crashed</b><br />You can keep playing but it might crash again.</div>
|html|<div class="broadcast-red"><b>The battle crashed</b><br />You can keep playing but it might crash again.</div>
|html|<div class="broadcast-red"><b>The battle crashed</b><br />You can keep playing but it might crash again.</div>
|html|<div class="broadcast-red"><b>The battle crashed</b><br />You can keep playing but it might crash again.</div>
|html|<div class="broadcast-red"><b>The battle crashed</b><br />You can keep playing but it might crash again.</div>
|html|<div class="broadcast-red"><b>The battle crashed</b><br />You can keep playing but it might crash again.</div>
|html|<div class="broadcast-red"><b>The battle crashed</b><br />You can keep playing but it might crash again.</div>
|html|<div class="broadcast-red"><b>The battle crashed</b><br />You can keep playing but it might crash again.</div>
|html|<div class="broadcast-red"><b>The battle crashed</b><br />You can keep playing but it might crash again.</div>
|html|<div class="broadcast-red"><b>The battle crashed</b><br />You can keep playing but it might crash again.</div>
|html|<div class="broadcast-red"><b>The battle crashed</b><br />You can keep playing but it might crash again.</div>
|html|<div class="broadcast-red"><b>The battle crashed</b><br />You can keep playing but it might crash again.</div>
|html|<div class="broadcast-red"><b>The battle crashed</b><br />You can keep playing but it might crash again.</div>
|html|<div class="broadcast-red"><b>The battle crashed</b><br />You can keep playing but it might crash again.</div>
|html|<div class="broadcast-red"><b>The battle crashed</b><br />You can keep playing but it might crash again.</div>
|html|<div class="broadcast-red"><b>The battle crashed</b><br />You can keep playing but it might crash again.</div>
|html|<div class="broadcast-red"><b>The battle crashed</b><br />You can keep playing but it might crash again.</div>
|html|<div class="broadcast-red"><b>The battle crashed</b><br />You can keep playing but it might crash again.</div>
|html|<div class="broadcast-red"><b>The battle crashed</b><br />You can keep playing but it might crash again.</div>
|html|<div class="broadcast-red"><b>The battle crashed</b><br />You can keep playing but it might crash again.</div>
|html|<div class="broadcast-red"><b>The battle crashed</b><br />You can keep playing but it might crash again.</div>
|html|<div class="broadcast-red"><b>The battle crashed</b><br />You can keep playing but it might crash again.</div>
|html|<div class="broadcast-red"><b>The battle crashed</b><br />You can keep playing but it might crash again.</div>
|html|<div class="broadcast-red"><b>The battle crashed</b><br />You can keep playing but it might crash again.</div>
|html|<div class="broadcast-red"><b>The battle crashed</b><br />You can keep playing but it might crash again.</div>
|html|<div class="broadcast-red"><b>The battle crashed</b><br />You can keep playing but it might crash again.</div>
|html|<div class="broadcast-red"><b>The battle crashed</b><br />You can keep playing but it might crash again.</div>
|html|<div class="broadcast-red"><b>The battle crashed</b><br />You can keep playing but it might crash again.</div>
|html|<div class="broadcast-red"><b>The battle crashed</b><br />You can keep playing but it might crash again.</div>
|html|<div class="broadcast-red"><b>The battle crashed</b><br />You can keep playing but it might crash again.</div>
|html|<div class="broadcast-red"><b>The battle crashed</b><br />You can keep playing but it might crash again.</div>
|html|<div class="broadcast-red"><b>The battle crashed</b><br />You can keep playing but it might crash again.</div>
|html|<div class="broadcast-red"><b>The battle crashed</b><br />You can keep playing but it might crash again.</div>
|html|<div class="broadcast-red"><b>The battle crashed</b><br />You can keep playing but it might crash again.</div>
|html|<div class="broadcast-red"><b>The battle crashed</b><br />You can keep playing but it might crash again.</div>
|html|<div class="broadcast-red"><b>The battle crashed</b><br />You can keep playing but it might crash again.</div>
|html|<div class="broadcast-red"><b>The battle crashed</b><br />You can keep playing but it might crash again.</div>
|html|<div class="broadcast-red"><b>The battle crashed</b><br />You can keep playing but it might crash again.</div>
|html|<div class="broadcast-red"><b>The battle crashed</b><br />You can keep playing but it might crash again.</div>
|html|<div class="broadcast-red"><b>The battle crashed</b><br />You can keep playing but it might crash again.</div>
|html|<div class="broadcast-red"><b>The battle crashed</b><br />You can keep playing but it might crash again.</div>
|html|<div class="broadcast-red"><b>The battle crashed</b><br />You can keep playing but it might crash again.</div>
|html|<div class="broadcast-red"><b>The battle crashed</b><br />You can keep playing but it might crash again.</div>
|html|<div class="broadcast-red"><b>The battle crashed</b><br />You can keep playing but it might crash again.</div>
|html|<div class="broadcast-red"><b>The battle crashed</b><br />You can keep playing but it might crash again.</div>
|html|<div class="broadcast-red"><b>The battle crashed</b><br />You can keep playing but it might crash again.</div>
|html|<div class="broadcast-red"><b>The battle crashed</b><br />You can keep playing but it might crash again.</div>
|html|<div class="broadcast-red"><b>The battle crashed</b><br />You can keep playing but it might crash again.</div>
|html|<div class="broadcast-red"><b>The battle crashed</b><br />You can keep playing but it might crash again.</div>
|html|<div class="broadcast-red"><b>The battle crashed</b><br />You can keep playing but it might crash again.</div>
|html|<div class="broadcast-red"><b>The battle crashed</b><br />You can keep playing but it might crash again.</div>
|html|<div class="broadcast-red"><b>The battle crashed</b><br />You can keep playing but it might crash again.</div>
|html|<div class="broadcast-red"><b>The battle crashed</b><br />You can keep playing but it might crash again.</div>
|html|<div class="broadcast-red"><b>The battle crashed</b><br />You can keep playing but it might crash again.</div>
|html|<div class="broadcast-red"><b>The battle crashed</b><br />You can keep playing but it might crash again.</div>
|html|<div class="broadcast-red"><b>The battle crashed</b><br />You can keep playing but it might crash again.</div>
|html|<div class="broadcast-red"><b>The battle crashed</b><br />You can keep playing but it might crash again.</div>
|html|<div class="broadcast-red"><b>The battle crashed</b><br />You can keep playing but it might crash again.</div>
|html|<div class="broadcast-red"><b>The battle crashed</b><br />You can keep playing but it might crash again.</div>
|html|<div class="broadcast-red"><b>The battle crashed</b><br />You can keep playing but it might crash again.</div>
|html|<div class="broadcast-red"><b>The battle crashed</b><br />You can keep playing but it might crash again.</div>
|html|<div class="broadcast-red"><b>The battle crashed</b><br />You can keep playing but it might crash again.</div>
|html|<div class="broadcast-red"><b>The battle crashed</b><br />You can keep playing but it might crash again.</div>
|html|<div class="broadcast-red"><b>The battle crashed</b><br />You can keep playing but it might crash again.</div>
|html|<div class="broadcast-red"><b>The battle crashed</b><br />You can keep playing but it might crash again.</div>
|html|<div class="broadcast-red"><b>The battle crashed</b><br />You can keep playing but it might crash again.</div>
|html|<div class="broadcast-red"><b>The battle crashed</b><br />You can keep playing but it might crash again.</div>
|html|<div class="broadcast-red"><b>The battle crashed</b><br />You can keep playing but it might crash again.</div>
|html|<div class="broadcast-red"><b>The battle crashed</b><br />You can keep playing but it might crash again.</div>
|html|<div class="broadcast-red"><b>The battle crashed</b><br />You can keep playing but it might crash again.</div>
|html|<div class="broadcast-red"><b>The battle crashed</b><br />You can keep playing but it might crash again.</div>
|html|<div class="broadcast-red"><b>The battle crashed</b><br />You can keep playing but it might crash again.</div>
|html|<div class="broadcast-red"><b>The battle crashed</b><br />You can keep playing but it might crash again.</div>
|html|<div class="broadcast-red"><b>The battle crashed</b><br />You can keep playing but it might crash again.</div>
|html|<div class="broadcast-red"><b>The battle crashed</b><br />You can keep playing but it might crash again.</div>
|html|<div class="broadcast-red"><b>The battle crashed</b><br />You can keep playing but it might crash again.</div>
|html|<div class="broadcast-red"><b>The battle crashed</b><br />You can keep playing but it might crash again.</div>
|html|<div class="broadcast-red"><b>The battle crashed</b><br />You can keep playing but it might crash again.</div>
|html|<div class="broadcast-red"><b>The battle crashed</b><br />You can keep playing but it might crash again.</div>
|html|<div class="broadcast-red"><b>The battle crashed</b><br />You can keep playing but it might crash again.</div>
|html|<div class="broadcast-red"><b>The battle crashed</b><br />You can keep playing but it might crash again.</div>
|html|<div class="broadcast-red"><b>The battle crashed</b><br />You can keep playing but it might crash again.</div>
|html|<div class="broadcast-red"><b>The battle crashed</b><br />You can keep playing but it might crash again.</div>
|html|<div class="broadcast-red"><b>The battle crashed</b><br />You can keep playing but it might crash again.</div>
|html|<div class="broadcast-red"><b>The battle crashed</b><br />You can keep playing but it might crash again.</div>
|html|<div class="broadcast-red"><b>The battle crashed</b><br />You can keep playing but it might crash again.</div>
|html|<div class="broadcast-red"><b>The battle crashed</b><br />You can keep playing but it might crash again.</div>
|html|<div class="broadcast-red"><b>The battle crashed</b><br />You can keep playing but it might crash again.</div>
|html|<div class="broadcast-red"><b>The battle crashed</b><br />You can keep playing but it might crash again.</div>
|html|<div class="broadcast-red"><b>The battle crashed</b><br />You can keep playing but it might crash again.</div>
|html|<div class="broadcast-red"><b>The battle crashed</b><br />You can keep playing but it might crash again.</div>
|html|<div class="broadcast-red"><b>The battle crashed</b><br />You can keep playing but it might crash again.</div>
|html|<div class="broadcast-red"><b>The battle crashed</b><br />You can keep playing but it might crash again.</div>
|html|<div class="broadcast-red"><b>The battle crashed</b><br />You can keep playing but it might crash again.</div>
|html|<div class="broadcast-red"><b>The battle crashed</b><br />You can keep playing but it might crash again.</div>
|html|<div class="broadcast-red"><b>The battle crashed</b><br />You can keep playing but it might crash again.</div>
|html|<div class="broadcast-red"><b>The battle crashed</b><br />You can keep playing but it might crash again.</div>
|html|<div class="broadcast-red"><b>The battle crashed</b><br />You can keep playing but it might crash again.</div>
|html|<div class="broadcast-red"><b>The battle crashed</b><br />You can keep playing but it might crash again.</div>
|html|<div class="broadcast-red"><b>The battle crashed</b><br />You can keep playing but it might crash again.</div>
|html|<div class="broadcast-red"><b>The battle crashed</b><br />You can keep playing but it might crash again.</div>
|html|<div class="broadcast-red"><b>The battle crashed</b><br />You can keep playing but it might crash again.</div>
|html|<div class="broadcast-red"><b>The battle crashed</b><br />You can keep playing but it might crash again.</div>
|html|<div class="broadcast-red"><b>The battle crashed</b><br />You can keep playing but it might crash again.</div>
|html|<div class="broadcast-red"><b>The battle crashed</b><br />You can keep playing but it might crash again.</div>
|html|<div class="broadcast-red"><b>The battle crashed</b><br />You can keep playing but it might crash again.</div>
|html|<div class="broadcast-red"><b>The battle crashed</b><br />You can keep playing but it might crash again.</div>
|html|<div class="broadcast-red"><b>The battle crashed</b><br />You can keep playing but it might crash again.</div>
|html|<div class="broadcast-red"><b>The battle crashed</b><br />You can keep playing but it might crash again.</div>
|html|<div class="broadcast-red"><b>The battle crashed</b><br />You can keep playing but it might crash again.</div>
|html|<div class="broadcast-red"><b>The battle crashed</b><br />You can keep playing but it might crash again.</div>
|html|<div class="broadcast-red"><b>The battle crashed</b><br />You can keep playing but it might crash again.</div>
|html|<div class="broadcast-red"><b>The battle crashed</b><br />You can keep playing but it might crash again.</div>
|html|<div class="broadcast-red"><b>The battle crashed</b><br />You can keep playing but it might crash again.</div>
|html|<div class="broadcast-red"><b>The battle crashed</b><br />You can keep playing but it might crash again.</div>
|html|<div class="broadcast-red"><b>The battle crashed</b><br />You can keep playing but it might crash again.</div>
|html|<div class="broadcast-red"><b>The battle crashed</b><br />You can keep playing but it might crash again.</div>
|html|<div class="broadcast-red"><b>The battle crashed</b><br />You can keep playing but it might crash again.</div>
|html|<div class="broadcast-red"><b>The battle crashed</b><br />You can keep playing but it might crash again.</div>
|html|<div class="broadcast-red"><b>The battle crashed</b><br />You can keep playing but it might crash again.</div>
|html|<div class="broadcast-red"><b>The battle crashed</b><br />You can keep playing but it might crash again.</div>
|html|<div class="broadcast-red"><b>The battle crashed</b><br />You can keep playing but it might crash again.</div>
|html|<div class="broadcast-red"><b>The battle crashed</b><br />You can keep playing but it might crash again.</div>
|html|<div class="broadcast-red"><b>The battle crashed</b><br />You can keep playing but it might crash again.</div>
|html|<div class="broadcast-red"><b>The battle crashed</b><br />You can keep playing but it might crash again.</div>
|html|<div class="broadcast-red"><b>The battle crashed</b><br />You can keep playing but it might crash again.</div>
|html|<div class="broadcast-red"><b>The battle crashed</b><br />You can keep playing but it might crash again.</div>
|html|<div class="broadcast-red"><b>The battle crashed</b><br />You can keep playing but it might crash again.</div>

TypeError: Cannot read property 'isActive' of null
    at Tools.Battle.makeRequest (/Users/clazinasteunenberg/Downloads/Test/battle-engine.js:1943:15)
    at process.BattlePokemon.side (/Users/clazinasteunenberg/Downloads/Test/battle-engine.js:157:13)
    at process.EventEmitter.emit (events.js:98:17)
    at handleMessage (child_process.js:318:10)
    at Pipe.channel.onread (child_process.js:345:11)

ReferenceError: potd is not defined
    at Tools.exports.BattleScripts.randomTeam (/Users/clazinasteunenberg/Downloads/Test/data/scripts.js:1522:8)
    at Tools.exports.BattleScripts.getTeam (/Users/clazinasteunenberg/Downloads/Test/data/scripts.js:488:16)
    at new BattleSide (/Users/clazinasteunenberg/Downloads/Test/battle-engine.js:1096:27)
    at Tools.Battle.join (/Users/clazinasteunenberg/Downloads/Test/battle-engine.js:3333:15)
    at Tools.Battle.receive (/Users/clazinasteunenberg/Downloads/Test/battle-engine.js:3390:9)
    at process.BattlePokemon.side (/Users/clazinasteunenberg/Downloads/Test/battle-engine.js:143:12)
    at process.EventEmitter.emit (events.js:98:17)
    at handleMessage (child_process.js:318:10)
    at Pipe.channel.onread (child_process.js:345:11)

Additional information:
message = battle-randombattle-497|join|p1|Meloetta<3V|134
currentRequest = 

Log:
|html|<div class="broadcast-red"><b>The battle crashed</b><br />You can keep playing but it might crash again.</div>
|html|<div class="broadcast-red"><b>The battle crashed</b><br />You can keep playing but it might crash again.</div>
|html|<div class="broadcast-red"><b>The battle crashed</b><br />You can keep playing but it might crash again.</div>
|html|<div class="broadcast-red"><b>The battle crashed</b><br />You can keep playing but it might crash again.</div>
|html|<div class="broadcast-red"><b>The battle crashed</b><br />You can keep playing but it might crash again.</div>
|html|<div class="broadcast-red"><b>The battle crashed</b><br />You can keep playing but it might crash again.</div>
|html|<div class="broadcast-red"><b>The battle crashed</b><br />You can keep playing but it might crash again.</div>
|html|<div class="broadcast-red"><b>The battle crashed</b><br />You can keep playing but it might crash again.</div>
|html|<div class="broadcast-red"><b>The battle crashed</b><br />You can keep playing but it might crash again.</div>
|html|<div class="broadcast-red"><b>The battle crashed</b><br />You can keep playing but it might crash again.</div>
|html|<div class="broadcast-red"><b>The battle crashed</b><br />You can keep playing but it might crash again.</div>
|html|<div class="broadcast-red"><b>The battle crashed</b><br />You can keep playing but it might crash again.</div>
|html|<div class="broadcast-red"><b>The battle crashed</b><br />You can keep playing but it might crash again.</div>
|html|<div class="broadcast-red"><b>The battle crashed</b><br />You can keep playing but it might crash again.</div>
|html|<div class="broadcast-red"><b>The battle crashed</b><br />You can keep playing but it might crash again.</div>
|html|<div class="broadcast-red"><b>The battle crashed</b><br />You can keep playing but it might crash again.</div>
|html|<div class="broadcast-red"><b>The battle crashed</b><br />You can keep playing but it might crash again.</div>
|html|<div class="broadcast-red"><b>The battle crashed</b><br />You can keep playing but it might crash again.</div>
|html|<div class="broadcast-red"><b>The battle crashed</b><br />You can keep playing but it might crash again.</div>
|html|<div class="broadcast-red"><b>The battle crashed</b><br />You can keep playing but it might crash again.</div>
|html|<div class="broadcast-red"><b>The battle crashed</b><br />You can keep playing but it might crash again.</div>
|html|<div class="broadcast-red"><b>The battle crashed</b><br />You can keep playing but it might crash again.</div>
|html|<div class="broadcast-red"><b>The battle crashed</b><br />You can keep playing but it might crash again.</div>
|html|<div class="broadcast-red"><b>The battle crashed</b><br />You can keep playing but it might crash again.</div>
|html|<div class="broadcast-red"><b>The battle crashed</b><br />You can keep playing but it might crash again.</div>
|html|<div class="broadcast-red"><b>The battle crashed</b><br />You can keep playing but it might crash again.</div>
|html|<div class="broadcast-red"><b>The battle crashed</b><br />You can keep playing but it might crash again.</div>
|html|<div class="broadcast-red"><b>The battle crashed</b><br />You can keep playing but it might crash again.</div>
|html|<div class="broadcast-red"><b>The battle crashed</b><br />You can keep playing but it might crash again.</div>
|html|<div class="broadcast-red"><b>The battle crashed</b><br />You can keep playing but it might crash again.</div>
|html|<div class="broadcast-red"><b>The battle crashed</b><br />You can keep playing but it might crash again.</div>
|html|<div class="broadcast-red"><b>The battle crashed</b><br />You can keep playing but it might crash again.</div>
|html|<div class="broadcast-red"><b>The battle crashed</b><br />You can keep playing but it might crash again.</div>
|html|<div class="broadcast-red"><b>The battle crashed</b><br />You can keep playing but it might crash again.</div>
|html|<div class="broadcast-red"><b>The battle crashed</b><br />You can keep playing but it might crash again.</div>
|html|<div class="broadcast-red"><b>The battle crashed</b><br />You can keep playing but it might crash again.</div>
|html|<div class="broadcast-red"><b>The battle crashed</b><br />You can keep playing but it might crash again.</div>
|html|<div class="broadcast-red"><b>The battle crashed</b><br />You can keep playing but it might crash again.</div>
|html|<div class="broadcast-red"><b>The battle crashed</b><br />You can keep playing but it might crash again.</div>
|html|<div class="broadcast-red"><b>The battle crashed</b><br />You can keep playing but it might crash again.</div>
|html|<div class="broadcast-red"><b>The battle crashed</b><br />You can keep playing but it might crash again.</div>
|html|<div class="broadcast-red"><b>The battle crashed</b><br />You can keep playing but it might crash again.</div>
|html|<div class="broadcast-red"><b>The battle crashed</b><br />You can keep playing but it might crash again.</div>
|html|<div class="broadcast-red"><b>The battle crashed</b><br />You can keep playing but it might crash again.</div>
|html|<div class="broadcast-red"><b>The battle crashed</b><br />You can keep playing but it might crash again.</div>
|html|<div class="broadcast-red"><b>The battle crashed</b><br />You can keep playing but it might crash again.</div>
|html|<div class="broadcast-red"><b>The battle crashed</b><br />You can keep playing but it might crash again.</div>
|html|<div class="broadcast-red"><b>The battle crashed</b><br />You can keep playing but it might crash again.</div>
|html|<div class="broadcast-red"><b>The battle crashed</b><br />You can keep playing but it might crash again.</div>
|html|<div class="broadcast-red"><b>The battle crashed</b><br />You can keep playing but it might crash again.</div>
|html|<div class="broadcast-red"><b>The battle crashed</b><br />You can keep playing but it might crash again.</div>
|html|<div class="broadcast-red"><b>The battle crashed</b><br />You can keep playing but it might crash again.</div>
|html|<div class="broadcast-red"><b>The battle crashed</b><br />You can keep playing but it might crash again.</div>
|html|<div class="broadcast-red"><b>The battle crashed</b><br />You can keep playing but it might crash again.</div>
|html|<div class="broadcast-red"><b>The battle crashed</b><br />You can keep playing but it might crash again.</div>
|html|<div class="broadcast-red"><b>The battle crashed</b><br />You can keep playing but it might crash again.</div>
|html|<div class="broadcast-red"><b>The battle crashed</b><br />You can keep playing but it might crash again.</div>
|html|<div class="broadcast-red"><b>The battle crashed</b><br />You can keep playing but it might crash again.</div>
|html|<div class="broadcast-red"><b>The battle crashed</b><br />You can keep playing but it might crash again.</div>
|html|<div class="broadcast-red"><b>The battle crashed</b><br />You can keep playing but it might crash again.</div>
|html|<div class="broadcast-red"><b>The battle crashed</b><br />You can keep playing but it might crash again.</div>
|html|<div class="broadcast-red"><b>The battle crashed</b><br />You can keep playing but it might crash again.</div>
|html|<div class="broadcast-red"><b>The battle crashed</b><br />You can keep playing but it might crash again.</div>
|html|<div class="broadcast-red"><b>The battle crashed</b><br />You can keep playing but it might crash again.</div>
|html|<div class="broadcast-red"><b>The battle crashed</b><br />You can keep playing but it might crash again.</div>
|html|<div class="broadcast-red"><b>The battle crashed</b><br />You can keep playing but it might crash again.</div>
|html|<div class="broadcast-red"><b>The battle crashed</b><br />You can keep playing but it might crash again.</div>
|html|<div class="broadcast-red"><b>The battle crashed</b><br />You can keep playing but it might crash again.</div>
|html|<div class="broadcast-red"><b>The battle crashed</b><br />You can keep playing but it might crash again.</div>
|html|<div class="broadcast-red"><b>The battle crashed</b><br />You can keep playing but it might crash again.</div>
|html|<div class="broadcast-red"><b>The battle crashed</b><br />You can keep playing but it might crash again.</div>
|html|<div class="broadcast-red"><b>The battle crashed</b><br />You can keep playing but it might crash again.</div>
|html|<div class="broadcast-red"><b>The battle crashed</b><br />You can keep playing but it might crash again.</div>
|html|<div class="broadcast-red"><b>The battle crashed</b><br />You can keep playing but it might crash again.</div>
|html|<div class="broadcast-red"><b>The battle crashed</b><br />You can keep playing but it might crash again.</div>
|html|<div class="broadcast-red"><b>The battle crashed</b><br />You can keep playing but it might crash again.</div>
|html|<div class="broadcast-red"><b>The battle crashed</b><br />You can keep playing but it might crash again.</div>
|html|<div class="broadcast-red"><b>The battle crashed</b><br />You can keep playing but it might crash again.</div>
|html|<div class="broadcast-red"><b>The battle crashed</b><br />You can keep playing but it might crash again.</div>
|html|<div class="broadcast-red"><b>The battle crashed</b><br />You can keep playing but it might crash again.</div>
|html|<div class="broadcast-red"><b>The battle crashed</b><br />You can keep playing but it might crash again.</div>
|html|<div class="broadcast-red"><b>The battle crashed</b><br />You can keep playing but it might crash again.</div>
|html|<div class="broadcast-red"><b>The battle crashed</b><br />You can keep playing but it might crash again.</div>
|html|<div class="broadcast-red"><b>The battle crashed</b><br />You can keep playing but it might crash again.</div>
|html|<div class="broadcast-red"><b>The battle crashed</b><br />You can keep playing but it might crash again.</div>
|html|<div class="broadcast-red"><b>The battle crashed</b><br />You can keep playing but it might crash again.</div>
|html|<div class="broadcast-red"><b>The battle crashed</b><br />You can keep playing but it might crash again.</div>
|html|<div class="broadcast-red"><b>The battle crashed</b><br />You can keep playing but it might crash again.</div>
|html|<div class="broadcast-red"><b>The battle crashed</b><br />You can keep playing but it might crash again.</div>
|html|<div class="broadcast-red"><b>The battle crashed</b><br />You can keep playing but it might crash again.</div>
|html|<div class="broadcast-red"><b>The battle crashed</b><br />You can keep playing but it might crash again.</div>
|html|<div class="broadcast-red"><b>The battle crashed</b><br />You can keep playing but it might crash again.</div>
|html|<div class="broadcast-red"><b>The battle crashed</b><br />You can keep playing but it might crash again.</div>
|html|<div class="broadcast-red"><b>The battle crashed</b><br />You can keep playing but it might crash again.</div>
|html|<div class="broadcast-red"><b>The battle crashed</b><br />You can keep playing but it might crash again.</div>
|html|<div class="broadcast-red"><b>The battle crashed</b><br />You can keep playing but it might crash again.</div>
|html|<div class="broadcast-red"><b>The battle crashed</b><br />You can keep playing but it might crash again.</div>
|html|<div class="broadcast-red"><b>The battle crashed</b><br />You can keep playing but it might crash again.</div>
|html|<div class="broadcast-red"><b>The battle crashed</b><br />You can keep playing but it might crash again.</div>
|html|<div class="broadcast-red"><b>The battle crashed</b><br />You can keep playing but it might crash again.</div>
|html|<div class="broadcast-red"><b>The battle crashed</b><br />You can keep playing but it might crash again.</div>
|html|<div class="broadcast-red"><b>The battle crashed</b><br />You can keep playing but it might crash again.</div>
|html|<div class="broadcast-red"><b>The battle crashed</b><br />You can keep playing but it might crash again.</div>
|html|<div class="broadcast-red"><b>The battle crashed</b><br />You can keep playing but it might crash again.</div>
|html|<div class="broadcast-red"><b>The battle crashed</b><br />You can keep playing but it might crash again.</div>
|html|<div class="broadcast-red"><b>The battle crashed</b><br />You can keep playing but it might crash again.</div>
|html|<div class="broadcast-red"><b>The battle crashed</b><br />You can keep playing but it might crash again.</div>
|html|<div class="broadcast-red"><b>The battle crashed</b><br />You can keep playing but it might crash again.</div>
|html|<div class="broadcast-red"><b>The battle crashed</b><br />You can keep playing but it might crash again.</div>
|html|<div class="broadcast-red"><b>The battle crashed</b><br />You can keep playing but it might crash again.</div>
|html|<div class="broadcast-red"><b>The battle crashed</b><br />You can keep playing but it might crash again.</div>
|html|<div class="broadcast-red"><b>The battle crashed</b><br />You can keep playing but it might crash again.</div>
|html|<div class="broadcast-red"><b>The battle crashed</b><br />You can keep playing but it might crash again.</div>
|html|<div class="broadcast-red"><b>The battle crashed</b><br />You can keep playing but it might crash again.</div>
|html|<div class="broadcast-red"><b>The battle crashed</b><br />You can keep playing but it might crash again.</div>
|html|<div class="broadcast-red"><b>The battle crashed</b><br />You can keep playing but it might crash again.</div>
|html|<div class="broadcast-red"><b>The battle crashed</b><br />You can keep playing but it might crash again.</div>
|html|<div class="broadcast-red"><b>The battle crashed</b><br />You can keep playing but it might crash again.</div>
|html|<div class="broadcast-red"><b>The battle crashed</b><br />You can keep playing but it might crash again.</div>
|html|<div class="broadcast-red"><b>The battle crashed</b><br />You can keep playing but it might crash again.</div>
|html|<div class="broadcast-red"><b>The battle crashed</b><br />You can keep playing but it might crash again.</div>
|html|<div class="broadcast-red"><b>The battle crashed</b><br />You can keep playing but it might crash again.</div>
|html|<div class="broadcast-red"><b>The battle crashed</b><br />You can keep playing but it might crash again.</div>
|html|<div class="broadcast-red"><b>The battle crashed</b><br />You can keep playing but it might crash again.</div>
|html|<div class="broadcast-red"><b>The battle crashed</b><br />You can keep playing but it might crash again.</div>
|html|<div class="broadcast-red"><b>The battle crashed</b><br />You can keep playing but it might crash again.</div>
|html|<div class="broadcast-red"><b>The battle crashed</b><br />You can keep playing but it might crash again.</div>
|html|<div class="broadcast-red"><b>The battle crashed</b><br />You can keep playing but it might crash again.</div>
|html|<div class="broadcast-red"><b>The battle crashed</b><br />You can keep playing but it might crash again.</div>
|html|<div class="broadcast-red"><b>The battle crashed</b><br />You can keep playing but it might crash again.</div>
|html|<div class="broadcast-red"><b>The battle crashed</b><br />You can keep playing but it might crash again.</div>
|html|<div class="broadcast-red"><b>The battle crashed</b><br />You can keep playing but it might crash again.</div>
|html|<div class="broadcast-red"><b>The battle crashed</b><br />You can keep playing but it might crash again.</div>
|html|<div class="broadcast-red"><b>The battle crashed</b><br />You can keep playing but it might crash again.</div>
|html|<div class="broadcast-red"><b>The battle crashed</b><br />You can keep playing but it might crash again.</div>
|html|<div class="broadcast-red"><b>The battle crashed</b><br />You can keep playing but it might crash again.</div>
|html|<div class="broadcast-red"><b>The battle crashed</b><br />You can keep playing but it might crash again.</div>
|html|<div class="broadcast-red"><b>The battle crashed</b><br />You can keep playing but it might crash again.</div>
|html|<div class="broadcast-red"><b>The battle crashed</b><br />You can keep playing but it might crash again.</div>
|html|<div class="broadcast-red"><b>The battle crashed</b><br />You can keep playing but it might crash again.</div>
|html|<div class="broadcast-red"><b>The battle crashed</b><br />You can keep playing but it might crash again.</div>
|html|<div class="broadcast-red"><b>The battle crashed</b><br />You can keep playing but it might crash again.</div>
|html|<div class="broadcast-red"><b>The battle crashed</b><br />You can keep playing but it might crash again.</div>
|html|<div class="broadcast-red"><b>The battle crashed</b><br />You can keep playing but it might crash again.</div>
|html|<div class="broadcast-red"><b>The battle crashed</b><br />You can keep playing but it might crash again.</div>
|html|<div class="broadcast-red"><b>The battle crashed</b><br />You can keep playing but it might crash again.</div>

TypeError: Cannot read property 'isActive' of null
    at Tools.Battle.makeRequest (/Users/clazinasteunenberg/Downloads/Test/battle-engine.js:1943:15)
    at process.BattlePokemon.side (/Users/clazinasteunenberg/Downloads/Test/battle-engine.js:157:13)
    at process.EventEmitter.emit (events.js:98:17)
    at handleMessage (child_process.js:318:10)
    at Pipe.channel.onread (child_process.js:345:11)

ReferenceError: potd is not defined
    at Tools.exports.BattleScripts.randomTeam (/Users/clazinasteunenberg/Downloads/Test/data/scripts.js:1522:8)
    at Tools.exports.BattleScripts.getTeam (/Users/clazinasteunenberg/Downloads/Test/data/scripts.js:488:16)
    at new BattleSide (/Users/clazinasteunenberg/Downloads/Test/battle-engine.js:1096:27)
    at Tools.Battle.join (/Users/clazinasteunenberg/Downloads/Test/battle-engine.js:3333:15)
    at Tools.Battle.receive (/Users/clazinasteunenberg/Downloads/Test/battle-engine.js:3390:9)
    at process.BattlePokemon.side (/Users/clazinasteunenberg/Downloads/Test/battle-engine.js:143:12)
    at process.EventEmitter.emit (events.js:98:17)
    at handleMessage (child_process.js:318:10)
    at Pipe.channel.onread (child_process.js:345:11)

Additional information:
message = battle-randombattle-491|join|p1|Grizzlajoe|109
currentRequest = 

Log:
|html|<div class="broadcast-red"><b>The battle crashed</b><br />You can keep playing but it might crash again.</div>
|html|<div class="broadcast-red"><b>The battle crashed</b><br />You can keep playing but it might crash again.</div>
|html|<div class="broadcast-red"><b>The battle crashed</b><br />You can keep playing but it might crash again.</div>
|html|<div class="broadcast-red"><b>The battle crashed</b><br />You can keep playing but it might crash again.</div>

TypeError: Cannot read property 'isActive' of null
    at Tools.Battle.makeRequest (/Users/clazinasteunenberg/Downloads/Test/battle-engine.js:1943:15)
    at process.BattlePokemon.side (/Users/clazinasteunenberg/Downloads/Test/battle-engine.js:157:13)
    at process.EventEmitter.emit (events.js:98:17)
    at handleMessage (child_process.js:318:10)
    at Pipe.channel.onread (child_process.js:345:11)

ReferenceError: potd is not defined
    at Tools.exports.BattleScripts.randomTeam (/Users/clazinasteunenberg/Downloads/Test/data/scripts.js:1522:8)
    at Tools.exports.BattleScripts.getTeam (/Users/clazinasteunenberg/Downloads/Test/data/scripts.js:488:16)
    at new BattleSide (/Users/clazinasteunenberg/Downloads/Test/battle-engine.js:1096:27)
    at Tools.Battle.join (/Users/clazinasteunenberg/Downloads/Test/battle-engine.js:3333:15)
    at Tools.Battle.receive (/Users/clazinasteunenberg/Downloads/Test/battle-engine.js:3390:9)
    at process.BattlePokemon.side (/Users/clazinasteunenberg/Downloads/Test/battle-engine.js:143:12)
    at process.EventEmitter.emit (events.js:98:17)
    at handleMessage (child_process.js:318:10)
    at Pipe.channel.onread (child_process.js:345:11)

Additional information:
message = battle-randombattle-497|join|p1|Meloetta<3V|134
currentRequest = 

Log:
|html|<div class="broadcast-red"><b>The battle crashed</b><br />You can keep playing but it might crash again.</div>
|html|<div class="broadcast-red"><b>The battle crashed</b><br />You can keep playing but it might crash again.</div>
|html|<div class="broadcast-red"><b>The battle crashed</b><br />You can keep playing but it might crash again.</div>
|html|<div class="broadcast-red"><b>The battle crashed</b><br />You can keep playing but it might crash again.</div>
|html|<div class="broadcast-red"><b>The battle crashed</b><br />You can keep playing but it might crash again.</div>
|html|<div class="broadcast-red"><b>The battle crashed</b><br />You can keep playing but it might crash again.</div>
|html|<div class="broadcast-red"><b>The battle crashed</b><br />You can keep playing but it might crash again.</div>
|html|<div class="broadcast-red"><b>The battle crashed</b><br />You can keep playing but it might crash again.</div>
|html|<div class="broadcast-red"><b>The battle crashed</b><br />You can keep playing but it might crash again.</div>
|html|<div class="broadcast-red"><b>The battle crashed</b><br />You can keep playing but it might crash again.</div>
|html|<div class="broadcast-red"><b>The battle crashed</b><br />You can keep playing but it might crash again.</div>
|html|<div class="broadcast-red"><b>The battle crashed</b><br />You can keep playing but it might crash again.</div>
|html|<div class="broadcast-red"><b>The battle crashed</b><br />You can keep playing but it might crash again.</div>
|html|<div class="broadcast-red"><b>The battle crashed</b><br />You can keep playing but it might crash again.</div>
|html|<div class="broadcast-red"><b>The battle crashed</b><br />You can keep playing but it might crash again.</div>
|html|<div class="broadcast-red"><b>The battle crashed</b><br />You can keep playing but it might crash again.</div>
|html|<div class="broadcast-red"><b>The battle crashed</b><br />You can keep playing but it might crash again.</div>
|html|<div class="broadcast-red"><b>The battle crashed</b><br />You can keep playing but it might crash again.</div>
|html|<div class="broadcast-red"><b>The battle crashed</b><br />You can keep playing but it might crash again.</div>
|html|<div class="broadcast-red"><b>The battle crashed</b><br />You can keep playing but it might crash again.</div>
|html|<div class="broadcast-red"><b>The battle crashed</b><br />You can keep playing but it might crash again.</div>
|html|<div class="broadcast-red"><b>The battle crashed</b><br />You can keep playing but it might crash again.</div>
|html|<div class="broadcast-red"><b>The battle crashed</b><br />You can keep playing but it might crash again.</div>
|html|<div class="broadcast-red"><b>The battle crashed</b><br />You can keep playing but it might crash again.</div>
|html|<div class="broadcast-red"><b>The battle crashed</b><br />You can keep playing but it might crash again.</div>
|html|<div class="broadcast-red"><b>The battle crashed</b><br />You can keep playing but it might crash again.</div>
|html|<div class="broadcast-red"><b>The battle crashed</b><br />You can keep playing but it might crash again.</div>
|html|<div class="broadcast-red"><b>The battle crashed</b><br />You can keep playing but it might crash again.</div>
|html|<div class="broadcast-red"><b>The battle crashed</b><br />You can keep playing but it might crash again.</div>
|html|<div class="broadcast-red"><b>The battle crashed</b><br />You can keep playing but it might crash again.</div>
|html|<div class="broadcast-red"><b>The battle crashed</b><br />You can keep playing but it might crash again.</div>
|html|<div class="broadcast-red"><b>The battle crashed</b><br />You can keep playing but it might crash again.</div>
|html|<div class="broadcast-red"><b>The battle crashed</b><br />You can keep playing but it might crash again.</div>
|html|<div class="broadcast-red"><b>The battle crashed</b><br />You can keep playing but it might crash again.</div>
|html|<div class="broadcast-red"><b>The battle crashed</b><br />You can keep playing but it might crash again.</div>
|html|<div class="broadcast-red"><b>The battle crashed</b><br />You can keep playing but it might crash again.</div>
|html|<div class="broadcast-red"><b>The battle crashed</b><br />You can keep playing but it might crash again.</div>
|html|<div class="broadcast-red"><b>The battle crashed</b><br />You can keep playing but it might crash again.</div>
|html|<div class="broadcast-red"><b>The battle crashed</b><br />You can keep playing but it might crash again.</div>
|html|<div class="broadcast-red"><b>The battle crashed</b><br />You can keep playing but it might crash again.</div>
|html|<div class="broadcast-red"><b>The battle crashed</b><br />You can keep playing but it might crash again.</div>
|html|<div class="broadcast-red"><b>The battle crashed</b><br />You can keep playing but it might crash again.</div>
|html|<div class="broadcast-red"><b>The battle crashed</b><br />You can keep playing but it might crash again.</div>
|html|<div class="broadcast-red"><b>The battle crashed</b><br />You can keep playing but it might crash again.</div>
|html|<div class="broadcast-red"><b>The battle crashed</b><br />You can keep playing but it might crash again.</div>
|html|<div class="broadcast-red"><b>The battle crashed</b><br />You can keep playing but it might crash again.</div>
|html|<div class="broadcast-red"><b>The battle crashed</b><br />You can keep playing but it might crash again.</div>
|html|<div class="broadcast-red"><b>The battle crashed</b><br />You can keep playing but it might crash again.</div>
|html|<div class="broadcast-red"><b>The battle crashed</b><br />You can keep playing but it might crash again.</div>
|html|<div class="broadcast-red"><b>The battle crashed</b><br />You can keep playing but it might crash again.</div>
|html|<div class="broadcast-red"><b>The battle crashed</b><br />You can keep playing but it might crash again.</div>
|html|<div class="broadcast-red"><b>The battle crashed</b><br />You can keep playing but it might crash again.</div>
|html|<div class="broadcast-red"><b>The battle crashed</b><br />You can keep playing but it might crash again.</div>
|html|<div class="broadcast-red"><b>The battle crashed</b><br />You can keep playing but it might crash again.</div>
|html|<div class="broadcast-red"><b>The battle crashed</b><br />You can keep playing but it might crash again.</div>
|html|<div class="broadcast-red"><b>The battle crashed</b><br />You can keep playing but it might crash again.</div>
|html|<div class="broadcast-red"><b>The battle crashed</b><br />You can keep playing but it might crash again.</div>
|html|<div class="broadcast-red"><b>The battle crashed</b><br />You can keep playing but it might crash again.</div>
|html|<div class="broadcast-red"><b>The battle crashed</b><br />You can keep playing but it might crash again.</div>
|html|<div class="broadcast-red"><b>The battle crashed</b><br />You can keep playing but it might crash again.</div>
|html|<div class="broadcast-red"><b>The battle crashed</b><br />You can keep playing but it might crash again.</div>
|html|<div class="broadcast-red"><b>The battle crashed</b><br />You can keep playing but it might crash again.</div>
|html|<div class="broadcast-red"><b>The battle crashed</b><br />You can keep playing but it might crash again.</div>
|html|<div class="broadcast-red"><b>The battle crashed</b><br />You can keep playing but it might crash again.</div>
|html|<div class="broadcast-red"><b>The battle crashed</b><br />You can keep playing but it might crash again.</div>
|html|<div class="broadcast-red"><b>The battle crashed</b><br />You can keep playing but it might crash again.</div>
|html|<div class="broadcast-red"><b>The battle crashed</b><br />You can keep playing but it might crash again.</div>
|html|<div class="broadcast-red"><b>The battle crashed</b><br />You can keep playing but it might crash again.</div>
|html|<div class="broadcast-red"><b>The battle crashed</b><br />You can keep playing but it might crash again.</div>
|html|<div class="broadcast-red"><b>The battle crashed</b><br />You can keep playing but it might crash again.</div>
|html|<div class="broadcast-red"><b>The battle crashed</b><br />You can keep playing but it might crash again.</div>
|html|<div class="broadcast-red"><b>The battle crashed</b><br />You can keep playing but it might crash again.</div>
|html|<div class="broadcast-red"><b>The battle crashed</b><br />You can keep playing but it might crash again.</div>
|html|<div class="broadcast-red"><b>The battle crashed</b><br />You can keep playing but it might crash again.</div>
|html|<div class="broadcast-red"><b>The battle crashed</b><br />You can keep playing but it might crash again.</div>
|html|<div class="broadcast-red"><b>The battle crashed</b><br />You can keep playing but it might crash again.</div>
|html|<div class="broadcast-red"><b>The battle crashed</b><br />You can keep playing but it might crash again.</div>
|html|<div class="broadcast-red"><b>The battle crashed</b><br />You can keep playing but it might crash again.</div>
|html|<div class="broadcast-red"><b>The battle crashed</b><br />You can keep playing but it might crash again.</div>
|html|<div class="broadcast-red"><b>The battle crashed</b><br />You can keep playing but it might crash again.</div>
|html|<div class="broadcast-red"><b>The battle crashed</b><br />You can keep playing but it might crash again.</div>
|html|<div class="broadcast-red"><b>The battle crashed</b><br />You can keep playing but it might crash again.</div>
|html|<div class="broadcast-red"><b>The battle crashed</b><br />You can keep playing but it might crash again.</div>
|html|<div class="broadcast-red"><b>The battle crashed</b><br />You can keep playing but it might crash again.</div>
|html|<div class="broadcast-red"><b>The battle crashed</b><br />You can keep playing but it might crash again.</div>
|html|<div class="broadcast-red"><b>The battle crashed</b><br />You can keep playing but it might crash again.</div>
|html|<div class="broadcast-red"><b>The battle crashed</b><br />You can keep playing but it might crash again.</div>
|html|<div class="broadcast-red"><b>The battle crashed</b><br />You can keep playing but it might crash again.</div>
|html|<div class="broadcast-red"><b>The battle crashed</b><br />You can keep playing but it might crash again.</div>
|html|<div class="broadcast-red"><b>The battle crashed</b><br />You can keep playing but it might crash again.</div>
|html|<div class="broadcast-red"><b>The battle crashed</b><br />You can keep playing but it might crash again.</div>
|html|<div class="broadcast-red"><b>The battle crashed</b><br />You can keep playing but it might crash again.</div>
|html|<div class="broadcast-red"><b>The battle crashed</b><br />You can keep playing but it might crash again.</div>
|html|<div class="broadcast-red"><b>The battle crashed</b><br />You can keep playing but it might crash again.</div>
|html|<div class="broadcast-red"><b>The battle crashed</b><br />You can keep playing but it might crash again.</div>
|html|<div class="broadcast-red"><b>The battle crashed</b><br />You can keep playing but it might crash again.</div>
|html|<div class="broadcast-red"><b>The battle crashed</b><br />You can keep playing but it might crash again.</div>
|html|<div class="broadcast-red"><b>The battle crashed</b><br />You can keep playing but it might crash again.</div>
|html|<div class="broadcast-red"><b>The battle crashed</b><br />You can keep playing but it might crash again.</div>
|html|<div class="broadcast-red"><b>The battle crashed</b><br />You can keep playing but it might crash again.</div>
|html|<div class="broadcast-red"><b>The battle crashed</b><br />You can keep playing but it might crash again.</div>
|html|<div class="broadcast-red"><b>The battle crashed</b><br />You can keep playing but it might crash again.</div>
|html|<div class="broadcast-red"><b>The battle crashed</b><br />You can keep playing but it might crash again.</div>
|html|<div class="broadcast-red"><b>The battle crashed</b><br />You can keep playing but it might crash again.</div>
|html|<div class="broadcast-red"><b>The battle crashed</b><br />You can keep playing but it might crash again.</div>
|html|<div class="broadcast-red"><b>The battle crashed</b><br />You can keep playing but it might crash again.</div>
|html|<div class="broadcast-red"><b>The battle crashed</b><br />You can keep playing but it might crash again.</div>
|html|<div class="broadcast-red"><b>The battle crashed</b><br />You can keep playing but it might crash again.</div>
|html|<div class="broadcast-red"><b>The battle crashed</b><br />You can keep playing but it might crash again.</div>
|html|<div class="broadcast-red"><b>The battle crashed</b><br />You can keep playing but it might crash again.</div>
|html|<div class="broadcast-red"><b>The battle crashed</b><br />You can keep playing but it might crash again.</div>
|html|<div class="broadcast-red"><b>The battle crashed</b><br />You can keep playing but it might crash again.</div>
|html|<div class="broadcast-red"><b>The battle crashed</b><br />You can keep playing but it might crash again.</div>
|html|<div class="broadcast-red"><b>The battle crashed</b><br />You can keep playing but it might crash again.</div>
|html|<div class="broadcast-red"><b>The battle crashed</b><br />You can keep playing but it might crash again.</div>
|html|<div class="broadcast-red"><b>The battle crashed</b><br />You can keep playing but it might crash again.</div>
|html|<div class="broadcast-red"><b>The battle crashed</b><br />You can keep playing but it might crash again.</div>
|html|<div class="broadcast-red"><b>The battle crashed</b><br />You can keep playing but it might crash again.</div>
|html|<div class="broadcast-red"><b>The battle crashed</b><br />You can keep playing but it might crash again.</div>
|html|<div class="broadcast-red"><b>The battle crashed</b><br />You can keep playing but it might crash again.</div>
|html|<div class="broadcast-red"><b>The battle crashed</b><br />You can keep playing but it might crash again.</div>
|html|<div class="broadcast-red"><b>The battle crashed</b><br />You can keep playing but it might crash again.</div>
|html|<div class="broadcast-red"><b>The battle crashed</b><br />You can keep playing but it might crash again.</div>
|html|<div class="broadcast-red"><b>The battle crashed</b><br />You can keep playing but it might crash again.</div>
|html|<div class="broadcast-red"><b>The battle crashed</b><br />You can keep playing but it might crash again.</div>
|html|<div class="broadcast-red"><b>The battle crashed</b><br />You can keep playing but it might crash again.</div>
|html|<div class="broadcast-red"><b>The battle crashed</b><br />You can keep playing but it might crash again.</div>
|html|<div class="broadcast-red"><b>The battle crashed</b><br />You can keep playing but it might crash again.</div>
|html|<div class="broadcast-red"><b>The battle crashed</b><br />You can keep playing but it might crash again.</div>
|html|<div class="broadcast-red"><b>The battle crashed</b><br />You can keep playing but it might crash again.</div>
|html|<div class="broadcast-red"><b>The battle crashed</b><br />You can keep playing but it might crash again.</div>
|html|<div class="broadcast-red"><b>The battle crashed</b><br />You can keep playing but it might crash again.</div>
|html|<div class="broadcast-red"><b>The battle crashed</b><br />You can keep playing but it might crash again.</div>
|html|<div class="broadcast-red"><b>The battle crashed</b><br />You can keep playing but it might crash again.</div>
|html|<div class="broadcast-red"><b>The battle crashed</b><br />You can keep playing but it might crash again.</div>
|html|<div class="broadcast-red"><b>The battle crashed</b><br />You can keep playing but it might crash again.</div>
|html|<div class="broadcast-red"><b>The battle crashed</b><br />You can keep playing but it might crash again.</div>
|html|<div class="broadcast-red"><b>The battle crashed</b><br />You can keep playing but it might crash again.</div>
|html|<div class="broadcast-red"><b>The battle crashed</b><br />You can keep playing but it might crash again.</div>
|html|<div class="broadcast-red"><b>The battle crashed</b><br />You can keep playing but it might crash again.</div>
|html|<div class="broadcast-red"><b>The battle crashed</b><br />You can keep playing but it might crash again.</div>
|html|<div class="broadcast-red"><b>The battle crashed</b><br />You can keep playing but it might crash again.</div>
|html|<div class="broadcast-red"><b>The battle crashed</b><br />You can keep playing but it might crash again.</div>
|html|<div class="broadcast-red"><b>The battle crashed</b><br />You can keep playing but it might crash again.</div>
|html|<div class="broadcast-red"><b>The battle crashed</b><br />You can keep playing but it might crash again.</div>
|html|<div class="broadcast-red"><b>The battle crashed</b><br />You can keep playing but it might crash again.</div>
|html|<div class="broadcast-red"><b>The battle crashed</b><br />You can keep playing but it might crash again.</div>

TypeError: Cannot read property 'isActive' of null
    at Tools.Battle.makeRequest (/Users/clazinasteunenberg/Downloads/Test/battle-engine.js:1943:15)
    at process.BattlePokemon.side (/Users/clazinasteunenberg/Downloads/Test/battle-engine.js:157:13)
    at process.EventEmitter.emit (events.js:98:17)
    at handleMessage (child_process.js:318:10)
    at Pipe.channel.onread (child_process.js:345:11)

ReferenceError: potd is not defined
    at Tools.exports.BattleScripts.randomTeam (/Users/clazinasteunenberg/Downloads/Test/data/scripts.js:1522:8)
    at Tools.exports.BattleScripts.getTeam (/Users/clazinasteunenberg/Downloads/Test/data/scripts.js:488:16)
    at new BattleSide (/Users/clazinasteunenberg/Downloads/Test/battle-engine.js:1096:27)
    at Tools.Battle.join (/Users/clazinasteunenberg/Downloads/Test/battle-engine.js:3333:15)
    at Tools.Battle.receive (/Users/clazinasteunenberg/Downloads/Test/battle-engine.js:3390:9)
    at process.BattlePokemon.side (/Users/clazinasteunenberg/Downloads/Test/battle-engine.js:143:12)
    at process.EventEmitter.emit (events.js:98:17)
    at handleMessage (child_process.js:318:10)
    at Pipe.channel.onread (child_process.js:345:11)

Additional information:
message = battle-randombattle-497|join|p1|Meloetta<3V|134
currentRequest = 

Log:
|html|<div class="broadcast-red"><b>The battle crashed</b><br />You can keep playing but it might crash again.</div>
|html|<div class="broadcast-red"><b>The battle crashed</b><br />You can keep playing but it might crash again.</div>
|html|<div class="broadcast-red"><b>The battle crashed</b><br />You can keep playing but it might crash again.</div>
|html|<div class="broadcast-red"><b>The battle crashed</b><br />You can keep playing but it might crash again.</div>
|html|<div class="broadcast-red"><b>The battle crashed</b><br />You can keep playing but it might crash again.</div>
|html|<div class="broadcast-red"><b>The battle crashed</b><br />You can keep playing but it might crash again.</div>
|html|<div class="broadcast-red"><b>The battle crashed</b><br />You can keep playing but it might crash again.</div>
|html|<div class="broadcast-red"><b>The battle crashed</b><br />You can keep playing but it might crash again.</div>
|html|<div class="broadcast-red"><b>The battle crashed</b><br />You can keep playing but it might crash again.</div>
|html|<div class="broadcast-red"><b>The battle crashed</b><br />You can keep playing but it might crash again.</div>
|html|<div class="broadcast-red"><b>The battle crashed</b><br />You can keep playing but it might crash again.</div>
|html|<div class="broadcast-red"><b>The battle crashed</b><br />You can keep playing but it might crash again.</div>
|html|<div class="broadcast-red"><b>The battle crashed</b><br />You can keep playing but it might crash again.</div>
|html|<div class="broadcast-red"><b>The battle crashed</b><br />You can keep playing but it might crash again.</div>
|html|<div class="broadcast-red"><b>The battle crashed</b><br />You can keep playing but it might crash again.</div>
|html|<div class="broadcast-red"><b>The battle crashed</b><br />You can keep playing but it might crash again.</div>
|html|<div class="broadcast-red"><b>The battle crashed</b><br />You can keep playing but it might crash again.</div>
|html|<div class="broadcast-red"><b>The battle crashed</b><br />You can keep playing but it might crash again.</div>
|html|<div class="broadcast-red"><b>The battle crashed</b><br />You can keep playing but it might crash again.</div>
|html|<div class="broadcast-red"><b>The battle crashed</b><br />You can keep playing but it might crash again.</div>
|html|<div class="broadcast-red"><b>The battle crashed</b><br />You can keep playing but it might crash again.</div>
|html|<div class="broadcast-red"><b>The battle crashed</b><br />You can keep playing but it might crash again.</div>
|html|<div class="broadcast-red"><b>The battle crashed</b><br />You can keep playing but it might crash again.</div>
|html|<div class="broadcast-red"><b>The battle crashed</b><br />You can keep playing but it might crash again.</div>
|html|<div class="broadcast-red"><b>The battle crashed</b><br />You can keep playing but it might crash again.</div>
|html|<div class="broadcast-red"><b>The battle crashed</b><br />You can keep playing but it might crash again.</div>
|html|<div class="broadcast-red"><b>The battle crashed</b><br />You can keep playing but it might crash again.</div>
|html|<div class="broadcast-red"><b>The battle crashed</b><br />You can keep playing but it might crash again.</div>
|html|<div class="broadcast-red"><b>The battle crashed</b><br />You can keep playing but it might crash again.</div>
|html|<div class="broadcast-red"><b>The battle crashed</b><br />You can keep playing but it might crash again.</div>
|html|<div class="broadcast-red"><b>The battle crashed</b><br />You can keep playing but it might crash again.</div>
|html|<div class="broadcast-red"><b>The battle crashed</b><br />You can keep playing but it might crash again.</div>
|html|<div class="broadcast-red"><b>The battle crashed</b><br />You can keep playing but it might crash again.</div>
|html|<div class="broadcast-red"><b>The battle crashed</b><br />You can keep playing but it might crash again.</div>
|html|<div class="broadcast-red"><b>The battle crashed</b><br />You can keep playing but it might crash again.</div>
|html|<div class="broadcast-red"><b>The battle crashed</b><br />You can keep playing but it might crash again.</div>
|html|<div class="broadcast-red"><b>The battle crashed</b><br />You can keep playing but it might crash again.</div>
|html|<div class="broadcast-red"><b>The battle crashed</b><br />You can keep playing but it might crash again.</div>
|html|<div class="broadcast-red"><b>The battle crashed</b><br />You can keep playing but it might crash again.</div>
|html|<div class="broadcast-red"><b>The battle crashed</b><br />You can keep playing but it might crash again.</div>
|html|<div class="broadcast-red"><b>The battle crashed</b><br />You can keep playing but it might crash again.</div>
|html|<div class="broadcast-red"><b>The battle crashed</b><br />You can keep playing but it might crash again.</div>
|html|<div class="broadcast-red"><b>The battle crashed</b><br />You can keep playing but it might crash again.</div>
|html|<div class="broadcast-red"><b>The battle crashed</b><br />You can keep playing but it might crash again.</div>
|html|<div class="broadcast-red"><b>The battle crashed</b><br />You can keep playing but it might crash again.</div>
|html|<div class="broadcast-red"><b>The battle crashed</b><br />You can keep playing but it might crash again.</div>
|html|<div class="broadcast-red"><b>The battle crashed</b><br />You can keep playing but it might crash again.</div>
|html|<div class="broadcast-red"><b>The battle crashed</b><br />You can keep playing but it might crash again.</div>
|html|<div class="broadcast-red"><b>The battle crashed</b><br />You can keep playing but it might crash again.</div>
|html|<div class="broadcast-red"><b>The battle crashed</b><br />You can keep playing but it might crash again.</div>
|html|<div class="broadcast-red"><b>The battle crashed</b><br />You can keep playing but it might crash again.</div>
|html|<div class="broadcast-red"><b>The battle crashed</b><br />You can keep playing but it might crash again.</div>
|html|<div class="broadcast-red"><b>The battle crashed</b><br />You can keep playing but it might crash again.</div>
|html|<div class="broadcast-red"><b>The battle crashed</b><br />You can keep playing but it might crash again.</div>
|html|<div class="broadcast-red"><b>The battle crashed</b><br />You can keep playing but it might crash again.</div>
|html|<div class="broadcast-red"><b>The battle crashed</b><br />You can keep playing but it might crash again.</div>
|html|<div class="broadcast-red"><b>The battle crashed</b><br />You can keep playing but it might crash again.</div>
|html|<div class="broadcast-red"><b>The battle crashed</b><br />You can keep playing but it might crash again.</div>
|html|<div class="broadcast-red"><b>The battle crashed</b><br />You can keep playing but it might crash again.</div>
|html|<div class="broadcast-red"><b>The battle crashed</b><br />You can keep playing but it might crash again.</div>
|html|<div class="broadcast-red"><b>The battle crashed</b><br />You can keep playing but it might crash again.</div>
|html|<div class="broadcast-red"><b>The battle crashed</b><br />You can keep playing but it might crash again.</div>
|html|<div class="broadcast-red"><b>The battle crashed</b><br />You can keep playing but it might crash again.</div>
|html|<div class="broadcast-red"><b>The battle crashed</b><br />You can keep playing but it might crash again.</div>
|html|<div class="broadcast-red"><b>The battle crashed</b><br />You can keep playing but it might crash again.</div>
|html|<div class="broadcast-red"><b>The battle crashed</b><br />You can keep playing but it might crash again.</div>
|html|<div class="broadcast-red"><b>The battle crashed</b><br />You can keep playing but it might crash again.</div>
|html|<div class="broadcast-red"><b>The battle crashed</b><br />You can keep playing but it might crash again.</div>
|html|<div class="broadcast-red"><b>The battle crashed</b><br />You can keep playing but it might crash again.</div>
|html|<div class="broadcast-red"><b>The battle crashed</b><br />You can keep playing but it might crash again.</div>
|html|<div class="broadcast-red"><b>The battle crashed</b><br />You can keep playing but it might crash again.</div>
|html|<div class="broadcast-red"><b>The battle crashed</b><br />You can keep playing but it might crash again.</div>
|html|<div class="broadcast-red"><b>The battle crashed</b><br />You can keep playing but it might crash again.</div>
|html|<div class="broadcast-red"><b>The battle crashed</b><br />You can keep playing but it might crash again.</div>
|html|<div class="broadcast-red"><b>The battle crashed</b><br />You can keep playing but it might crash again.</div>
|html|<div class="broadcast-red"><b>The battle crashed</b><br />You can keep playing but it might crash again.</div>
|html|<div class="broadcast-red"><b>The battle crashed</b><br />You can keep playing but it might crash again.</div>
|html|<div class="broadcast-red"><b>The battle crashed</b><br />You can keep playing but it might crash again.</div>
|html|<div class="broadcast-red"><b>The battle crashed</b><br />You can keep playing but it might crash again.</div>
|html|<div class="broadcast-red"><b>The battle crashed</b><br />You can keep playing but it might crash again.</div>
|html|<div class="broadcast-red"><b>The battle crashed</b><br />You can keep playing but it might crash again.</div>
|html|<div class="broadcast-red"><b>The battle crashed</b><br />You can keep playing but it might crash again.</div>
|html|<div class="broadcast-red"><b>The battle crashed</b><br />You can keep playing but it might crash again.</div>
|html|<div class="broadcast-red"><b>The battle crashed</b><br />You can keep playing but it might crash again.</div>
|html|<div class="broadcast-red"><b>The battle crashed</b><br />You can keep playing but it might crash again.</div>
|html|<div class="broadcast-red"><b>The battle crashed</b><br />You can keep playing but it might crash again.</div>
|html|<div class="broadcast-red"><b>The battle crashed</b><br />You can keep playing but it might crash again.</div>
|html|<div class="broadcast-red"><b>The battle crashed</b><br />You can keep playing but it might crash again.</div>
|html|<div class="broadcast-red"><b>The battle crashed</b><br />You can keep playing but it might crash again.</div>
|html|<div class="broadcast-red"><b>The battle crashed</b><br />You can keep playing but it might crash again.</div>
|html|<div class="broadcast-red"><b>The battle crashed</b><br />You can keep playing but it might crash again.</div>
|html|<div class="broadcast-red"><b>The battle crashed</b><br />You can keep playing but it might crash again.</div>
|html|<div class="broadcast-red"><b>The battle crashed</b><br />You can keep playing but it might crash again.</div>
|html|<div class="broadcast-red"><b>The battle crashed</b><br />You can keep playing but it might crash again.</div>
|html|<div class="broadcast-red"><b>The battle crashed</b><br />You can keep playing but it might crash again.</div>
|html|<div class="broadcast-red"><b>The battle crashed</b><br />You can keep playing but it might crash again.</div>
|html|<div class="broadcast-red"><b>The battle crashed</b><br />You can keep playing but it might crash again.</div>
|html|<div class="broadcast-red"><b>The battle crashed</b><br />You can keep playing but it might crash again.</div>
|html|<div class="broadcast-red"><b>The battle crashed</b><br />You can keep playing but it might crash again.</div>
|html|<div class="broadcast-red"><b>The battle crashed</b><br />You can keep playing but it might crash again.</div>
|html|<div class="broadcast-red"><b>The battle crashed</b><br />You can keep playing but it might crash again.</div>
|html|<div class="broadcast-red"><b>The battle crashed</b><br />You can keep playing but it might crash again.</div>
|html|<div class="broadcast-red"><b>The battle crashed</b><br />You can keep playing but it might crash again.</div>
|html|<div class="broadcast-red"><b>The battle crashed</b><br />You can keep playing but it might crash again.</div>
|html|<div class="broadcast-red"><b>The battle crashed</b><br />You can keep playing but it might crash again.</div>
|html|<div class="broadcast-red"><b>The battle crashed</b><br />You can keep playing but it might crash again.</div>
|html|<div class="broadcast-red"><b>The battle crashed</b><br />You can keep playing but it might crash again.</div>
|html|<div class="broadcast-red"><b>The battle crashed</b><br />You can keep playing but it might crash again.</div>
|html|<div class="broadcast-red"><b>The battle crashed</b><br />You can keep playing but it might crash again.</div>
|html|<div class="broadcast-red"><b>The battle crashed</b><br />You can keep playing but it might crash again.</div>
|html|<div class="broadcast-red"><b>The battle crashed</b><br />You can keep playing but it might crash again.</div>
|html|<div class="broadcast-red"><b>The battle crashed</b><br />You can keep playing but it might crash again.</div>
|html|<div class="broadcast-red"><b>The battle crashed</b><br />You can keep playing but it might crash again.</div>
|html|<div class="broadcast-red"><b>The battle crashed</b><br />You can keep playing but it might crash again.</div>
|html|<div class="broadcast-red"><b>The battle crashed</b><br />You can keep playing but it might crash again.</div>
|html|<div class="broadcast-red"><b>The battle crashed</b><br />You can keep playing but it might crash again.</div>
|html|<div class="broadcast-red"><b>The battle crashed</b><br />You can keep playing but it might crash again.</div>
|html|<div class="broadcast-red"><b>The battle crashed</b><br />You can keep playing but it might crash again.</div>
|html|<div class="broadcast-red"><b>The battle crashed</b><br />You can keep playing but it might crash again.</div>
|html|<div class="broadcast-red"><b>The battle crashed</b><br />You can keep playing but it might crash again.</div>
|html|<div class="broadcast-red"><b>The battle crashed</b><br />You can keep playing but it might crash again.</div>
|html|<div class="broadcast-red"><b>The battle crashed</b><br />You can keep playing but it might crash again.</div>
|html|<div class="broadcast-red"><b>The battle crashed</b><br />You can keep playing but it might crash again.</div>
|html|<div class="broadcast-red"><b>The battle crashed</b><br />You can keep playing but it might crash again.</div>
|html|<div class="broadcast-red"><b>The battle crashed</b><br />You can keep playing but it might crash again.</div>
|html|<div class="broadcast-red"><b>The battle crashed</b><br />You can keep playing but it might crash again.</div>
|html|<div class="broadcast-red"><b>The battle crashed</b><br />You can keep playing but it might crash again.</div>
|html|<div class="broadcast-red"><b>The battle crashed</b><br />You can keep playing but it might crash again.</div>
|html|<div class="broadcast-red"><b>The battle crashed</b><br />You can keep playing but it might crash again.</div>
|html|<div class="broadcast-red"><b>The battle crashed</b><br />You can keep playing but it might crash again.</div>
|html|<div class="broadcast-red"><b>The battle crashed</b><br />You can keep playing but it might crash again.</div>
|html|<div class="broadcast-red"><b>The battle crashed</b><br />You can keep playing but it might crash again.</div>
|html|<div class="broadcast-red"><b>The battle crashed</b><br />You can keep playing but it might crash again.</div>
|html|<div class="broadcast-red"><b>The battle crashed</b><br />You can keep playing but it might crash again.</div>
|html|<div class="broadcast-red"><b>The battle crashed</b><br />You can keep playing but it might crash again.</div>
|html|<div class="broadcast-red"><b>The battle crashed</b><br />You can keep playing but it might crash again.</div>
|html|<div class="broadcast-red"><b>The battle crashed</b><br />You can keep playing but it might crash again.</div>
|html|<div class="broadcast-red"><b>The battle crashed</b><br />You can keep playing but it might crash again.</div>
|html|<div class="broadcast-red"><b>The battle crashed</b><br />You can keep playing but it might crash again.</div>
|html|<div class="broadcast-red"><b>The battle crashed</b><br />You can keep playing but it might crash again.</div>
|html|<div class="broadcast-red"><b>The battle crashed</b><br />You can keep playing but it might crash again.</div>
|html|<div class="broadcast-red"><b>The battle crashed</b><br />You can keep playing but it might crash again.</div>
|html|<div class="broadcast-red"><b>The battle crashed</b><br />You can keep playing but it might crash again.</div>
|html|<div class="broadcast-red"><b>The battle crashed</b><br />You can keep playing but it might crash again.</div>
|html|<div class="broadcast-red"><b>The battle crashed</b><br />You can keep playing but it might crash again.</div>
|html|<div class="broadcast-red"><b>The battle crashed</b><br />You can keep playing but it might crash again.</div>
|html|<div class="broadcast-red"><b>The battle crashed</b><br />You can keep playing but it might crash again.</div>
|html|<div class="broadcast-red"><b>The battle crashed</b><br />You can keep playing but it might crash again.</div>

TypeError: Cannot read property 'isActive' of null
    at Tools.Battle.makeRequest (/Users/clazinasteunenberg/Downloads/Test/battle-engine.js:1943:15)
    at process.BattlePokemon.side (/Users/clazinasteunenberg/Downloads/Test/battle-engine.js:157:13)
    at process.EventEmitter.emit (events.js:98:17)
    at handleMessage (child_process.js:318:10)
    at Pipe.channel.onread (child_process.js:345:11)

ReferenceError: potd is not defined
    at Tools.exports.BattleScripts.randomTeam (/Users/clazinasteunenberg/Downloads/Test/data/scripts.js:1522:8)
    at Tools.exports.BattleScripts.getTeam (/Users/clazinasteunenberg/Downloads/Test/data/scripts.js:488:16)
    at new BattleSide (/Users/clazinasteunenberg/Downloads/Test/battle-engine.js:1096:27)
    at Tools.Battle.join (/Users/clazinasteunenberg/Downloads/Test/battle-engine.js:3333:15)
    at Tools.Battle.receive (/Users/clazinasteunenberg/Downloads/Test/battle-engine.js:3390:9)
    at process.BattlePokemon.side (/Users/clazinasteunenberg/Downloads/Test/battle-engine.js:143:12)
    at process.EventEmitter.emit (events.js:98:17)
    at handleMessage (child_process.js:318:10)
    at Pipe.channel.onread (child_process.js:345:11)

Additional information:
message = battle-randombattle-497|join|p1|Meloetta<3V|134
currentRequest = 

Log:
|html|<div class="broadcast-red"><b>The battle crashed</b><br />You can keep playing but it might crash again.</div>
|html|<div class="broadcast-red"><b>The battle crashed</b><br />You can keep playing but it might crash again.</div>
|html|<div class="broadcast-red"><b>The battle crashed</b><br />You can keep playing but it might crash again.</div>
|html|<div class="broadcast-red"><b>The battle crashed</b><br />You can keep playing but it might crash again.</div>
|html|<div class="broadcast-red"><b>The battle crashed</b><br />You can keep playing but it might crash again.</div>
|html|<div class="broadcast-red"><b>The battle crashed</b><br />You can keep playing but it might crash again.</div>
|html|<div class="broadcast-red"><b>The battle crashed</b><br />You can keep playing but it might crash again.</div>
|html|<div class="broadcast-red"><b>The battle crashed</b><br />You can keep playing but it might crash again.</div>
|html|<div class="broadcast-red"><b>The battle crashed</b><br />You can keep playing but it might crash again.</div>
|html|<div class="broadcast-red"><b>The battle crashed</b><br />You can keep playing but it might crash again.</div>
|html|<div class="broadcast-red"><b>The battle crashed</b><br />You can keep playing but it might crash again.</div>
|html|<div class="broadcast-red"><b>The battle crashed</b><br />You can keep playing but it might crash again.</div>
|html|<div class="broadcast-red"><b>The battle crashed</b><br />You can keep playing but it might crash again.</div>
|html|<div class="broadcast-red"><b>The battle crashed</b><br />You can keep playing but it might crash again.</div>
|html|<div class="broadcast-red"><b>The battle crashed</b><br />You can keep playing but it might crash again.</div>
|html|<div class="broadcast-red"><b>The battle crashed</b><br />You can keep playing but it might crash again.</div>
|html|<div class="broadcast-red"><b>The battle crashed</b><br />You can keep playing but it might crash again.</div>
|html|<div class="broadcast-red"><b>The battle crashed</b><br />You can keep playing but it might crash again.</div>
|html|<div class="broadcast-red"><b>The battle crashed</b><br />You can keep playing but it might crash again.</div>
|html|<div class="broadcast-red"><b>The battle crashed</b><br />You can keep playing but it might crash again.</div>
|html|<div class="broadcast-red"><b>The battle crashed</b><br />You can keep playing but it might crash again.</div>
|html|<div class="broadcast-red"><b>The battle crashed</b><br />You can keep playing but it might crash again.</div>
|html|<div class="broadcast-red"><b>The battle crashed</b><br />You can keep playing but it might crash again.</div>
|html|<div class="broadcast-red"><b>The battle crashed</b><br />You can keep playing but it might crash again.</div>
|html|<div class="broadcast-red"><b>The battle crashed</b><br />You can keep playing but it might crash again.</div>
|html|<div class="broadcast-red"><b>The battle crashed</b><br />You can keep playing but it might crash again.</div>
|html|<div class="broadcast-red"><b>The battle crashed</b><br />You can keep playing but it might crash again.</div>
|html|<div class="broadcast-red"><b>The battle crashed</b><br />You can keep playing but it might crash again.</div>
|html|<div class="broadcast-red"><b>The battle crashed</b><br />You can keep playing but it might crash again.</div>
|html|<div class="broadcast-red"><b>The battle crashed</b><br />You can keep playing but it might crash again.</div>
|html|<div class="broadcast-red"><b>The battle crashed</b><br />You can keep playing but it might crash again.</div>
|html|<div class="broadcast-red"><b>The battle crashed</b><br />You can keep playing but it might crash again.</div>
|html|<div class="broadcast-red"><b>The battle crashed</b><br />You can keep playing but it might crash again.</div>
|html|<div class="broadcast-red"><b>The battle crashed</b><br />You can keep playing but it might crash again.</div>
|html|<div class="broadcast-red"><b>The battle crashed</b><br />You can keep playing but it might crash again.</div>
|html|<div class="broadcast-red"><b>The battle crashed</b><br />You can keep playing but it might crash again.</div>
|html|<div class="broadcast-red"><b>The battle crashed</b><br />You can keep playing but it might crash again.</div>
|html|<div class="broadcast-red"><b>The battle crashed</b><br />You can keep playing but it might crash again.</div>
|html|<div class="broadcast-red"><b>The battle crashed</b><br />You can keep playing but it might crash again.</div>
|html|<div class="broadcast-red"><b>The battle crashed</b><br />You can keep playing but it might crash again.</div>
|html|<div class="broadcast-red"><b>The battle crashed</b><br />You can keep playing but it might crash again.</div>
|html|<div class="broadcast-red"><b>The battle crashed</b><br />You can keep playing but it might crash again.</div>
|html|<div class="broadcast-red"><b>The battle crashed</b><br />You can keep playing but it might crash again.</div>
|html|<div class="broadcast-red"><b>The battle crashed</b><br />You can keep playing but it might crash again.</div>
|html|<div class="broadcast-red"><b>The battle crashed</b><br />You can keep playing but it might crash again.</div>
|html|<div class="broadcast-red"><b>The battle crashed</b><br />You can keep playing but it might crash again.</div>
|html|<div class="broadcast-red"><b>The battle crashed</b><br />You can keep playing but it might crash again.</div>
|html|<div class="broadcast-red"><b>The battle crashed</b><br />You can keep playing but it might crash again.</div>
|html|<div class="broadcast-red"><b>The battle crashed</b><br />You can keep playing but it might crash again.</div>
|html|<div class="broadcast-red"><b>The battle crashed</b><br />You can keep playing but it might crash again.</div>
|html|<div class="broadcast-red"><b>The battle crashed</b><br />You can keep playing but it might crash again.</div>
|html|<div class="broadcast-red"><b>The battle crashed</b><br />You can keep playing but it might crash again.</div>
|html|<div class="broadcast-red"><b>The battle crashed</b><br />You can keep playing but it might crash again.</div>
|html|<div class="broadcast-red"><b>The battle crashed</b><br />You can keep playing but it might crash again.</div>
|html|<div class="broadcast-red"><b>The battle crashed</b><br />You can keep playing but it might crash again.</div>
|html|<div class="broadcast-red"><b>The battle crashed</b><br />You can keep playing but it might crash again.</div>
|html|<div class="broadcast-red"><b>The battle crashed</b><br />You can keep playing but it might crash again.</div>
|html|<div class="broadcast-red"><b>The battle crashed</b><br />You can keep playing but it might crash again.</div>
|html|<div class="broadcast-red"><b>The battle crashed</b><br />You can keep playing but it might crash again.</div>
|html|<div class="broadcast-red"><b>The battle crashed</b><br />You can keep playing but it might crash again.</div>
|html|<div class="broadcast-red"><b>The battle crashed</b><br />You can keep playing but it might crash again.</div>
|html|<div class="broadcast-red"><b>The battle crashed</b><br />You can keep playing but it might crash again.</div>
|html|<div class="broadcast-red"><b>The battle crashed</b><br />You can keep playing but it might crash again.</div>
|html|<div class="broadcast-red"><b>The battle crashed</b><br />You can keep playing but it might crash again.</div>
|html|<div class="broadcast-red"><b>The battle crashed</b><br />You can keep playing but it might crash again.</div>
|html|<div class="broadcast-red"><b>The battle crashed</b><br />You can keep playing but it might crash again.</div>
|html|<div class="broadcast-red"><b>The battle crashed</b><br />You can keep playing but it might crash again.</div>
|html|<div class="broadcast-red"><b>The battle crashed</b><br />You can keep playing but it might crash again.</div>
|html|<div class="broadcast-red"><b>The battle crashed</b><br />You can keep playing but it might crash again.</div>
|html|<div class="broadcast-red"><b>The battle crashed</b><br />You can keep playing but it might crash again.</div>
|html|<div class="broadcast-red"><b>The battle crashed</b><br />You can keep playing but it might crash again.</div>
|html|<div class="broadcast-red"><b>The battle crashed</b><br />You can keep playing but it might crash again.</div>
|html|<div class="broadcast-red"><b>The battle crashed</b><br />You can keep playing but it might crash again.</div>
|html|<div class="broadcast-red"><b>The battle crashed</b><br />You can keep playing but it might crash again.</div>
|html|<div class="broadcast-red"><b>The battle crashed</b><br />You can keep playing but it might crash again.</div>
|html|<div class="broadcast-red"><b>The battle crashed</b><br />You can keep playing but it might crash again.</div>
|html|<div class="broadcast-red"><b>The battle crashed</b><br />You can keep playing but it might crash again.</div>
|html|<div class="broadcast-red"><b>The battle crashed</b><br />You can keep playing but it might crash again.</div>
|html|<div class="broadcast-red"><b>The battle crashed</b><br />You can keep playing but it might crash again.</div>
|html|<div class="broadcast-red"><b>The battle crashed</b><br />You can keep playing but it might crash again.</div>
|html|<div class="broadcast-red"><b>The battle crashed</b><br />You can keep playing but it might crash again.</div>
|html|<div class="broadcast-red"><b>The battle crashed</b><br />You can keep playing but it might crash again.</div>
|html|<div class="broadcast-red"><b>The battle crashed</b><br />You can keep playing but it might crash again.</div>
|html|<div class="broadcast-red"><b>The battle crashed</b><br />You can keep playing but it might crash again.</div>
|html|<div class="broadcast-red"><b>The battle crashed</b><br />You can keep playing but it might crash again.</div>
|html|<div class="broadcast-red"><b>The battle crashed</b><br />You can keep playing but it might crash again.</div>
|html|<div class="broadcast-red"><b>The battle crashed</b><br />You can keep playing but it might crash again.</div>
|html|<div class="broadcast-red"><b>The battle crashed</b><br />You can keep playing but it might crash again.</div>
|html|<div class="broadcast-red"><b>The battle crashed</b><br />You can keep playing but it might crash again.</div>
|html|<div class="broadcast-red"><b>The battle crashed</b><br />You can keep playing but it might crash again.</div>
|html|<div class="broadcast-red"><b>The battle crashed</b><br />You can keep playing but it might crash again.</div>
|html|<div class="broadcast-red"><b>The battle crashed</b><br />You can keep playing but it might crash again.</div>
|html|<div class="broadcast-red"><b>The battle crashed</b><br />You can keep playing but it might crash again.</div>
|html|<div class="broadcast-red"><b>The battle crashed</b><br />You can keep playing but it might crash again.</div>
|html|<div class="broadcast-red"><b>The battle crashed</b><br />You can keep playing but it might crash again.</div>
|html|<div class="broadcast-red"><b>The battle crashed</b><br />You can keep playing but it might crash again.</div>
|html|<div class="broadcast-red"><b>The battle crashed</b><br />You can keep playing but it might crash again.</div>
|html|<div class="broadcast-red"><b>The battle crashed</b><br />You can keep playing but it might crash again.</div>
|html|<div class="broadcast-red"><b>The battle crashed</b><br />You can keep playing but it might crash again.</div>
|html|<div class="broadcast-red"><b>The battle crashed</b><br />You can keep playing but it might crash again.</div>
|html|<div class="broadcast-red"><b>The battle crashed</b><br />You can keep playing but it might crash again.</div>
|html|<div class="broadcast-red"><b>The battle crashed</b><br />You can keep playing but it might crash again.</div>
|html|<div class="broadcast-red"><b>The battle crashed</b><br />You can keep playing but it might crash again.</div>
|html|<div class="broadcast-red"><b>The battle crashed</b><br />You can keep playing but it might crash again.</div>
|html|<div class="broadcast-red"><b>The battle crashed</b><br />You can keep playing but it might crash again.</div>
|html|<div class="broadcast-red"><b>The battle crashed</b><br />You can keep playing but it might crash again.</div>
|html|<div class="broadcast-red"><b>The battle crashed</b><br />You can keep playing but it might crash again.</div>
|html|<div class="broadcast-red"><b>The battle crashed</b><br />You can keep playing but it might crash again.</div>
|html|<div class="broadcast-red"><b>The battle crashed</b><br />You can keep playing but it might crash again.</div>
|html|<div class="broadcast-red"><b>The battle crashed</b><br />You can keep playing but it might crash again.</div>
|html|<div class="broadcast-red"><b>The battle crashed</b><br />You can keep playing but it might crash again.</div>
|html|<div class="broadcast-red"><b>The battle crashed</b><br />You can keep playing but it might crash again.</div>
|html|<div class="broadcast-red"><b>The battle crashed</b><br />You can keep playing but it might crash again.</div>
|html|<div class="broadcast-red"><b>The battle crashed</b><br />You can keep playing but it might crash again.</div>
|html|<div class="broadcast-red"><b>The battle crashed</b><br />You can keep playing but it might crash again.</div>
|html|<div class="broadcast-red"><b>The battle crashed</b><br />You can keep playing but it might crash again.</div>
|html|<div class="broadcast-red"><b>The battle crashed</b><br />You can keep playing but it might crash again.</div>
|html|<div class="broadcast-red"><b>The battle crashed</b><br />You can keep playing but it might crash again.</div>
|html|<div class="broadcast-red"><b>The battle crashed</b><br />You can keep playing but it might crash again.</div>
|html|<div class="broadcast-red"><b>The battle crashed</b><br />You can keep playing but it might crash again.</div>
|html|<div class="broadcast-red"><b>The battle crashed</b><br />You can keep playing but it might crash again.</div>
|html|<div class="broadcast-red"><b>The battle crashed</b><br />You can keep playing but it might crash again.</div>
|html|<div class="broadcast-red"><b>The battle crashed</b><br />You can keep playing but it might crash again.</div>
|html|<div class="broadcast-red"><b>The battle crashed</b><br />You can keep playing but it might crash again.</div>
|html|<div class="broadcast-red"><b>The battle crashed</b><br />You can keep playing but it might crash again.</div>
|html|<div class="broadcast-red"><b>The battle crashed</b><br />You can keep playing but it might crash again.</div>
|html|<div class="broadcast-red"><b>The battle crashed</b><br />You can keep playing but it might crash again.</div>
|html|<div class="broadcast-red"><b>The battle crashed</b><br />You can keep playing but it might crash again.</div>
|html|<div class="broadcast-red"><b>The battle crashed</b><br />You can keep playing but it might crash again.</div>
|html|<div class="broadcast-red"><b>The battle crashed</b><br />You can keep playing but it might crash again.</div>
|html|<div class="broadcast-red"><b>The battle crashed</b><br />You can keep playing but it might crash again.</div>
|html|<div class="broadcast-red"><b>The battle crashed</b><br />You can keep playing but it might crash again.</div>
|html|<div class="broadcast-red"><b>The battle crashed</b><br />You can keep playing but it might crash again.</div>
|html|<div class="broadcast-red"><b>The battle crashed</b><br />You can keep playing but it might crash again.</div>
|html|<div class="broadcast-red"><b>The battle crashed</b><br />You can keep playing but it might crash again.</div>
|html|<div class="broadcast-red"><b>The battle crashed</b><br />You can keep playing but it might crash again.</div>
|html|<div class="broadcast-red"><b>The battle crashed</b><br />You can keep playing but it might crash again.</div>
|html|<div class="broadcast-red"><b>The battle crashed</b><br />You can keep playing but it might crash again.</div>
|html|<div class="broadcast-red"><b>The battle crashed</b><br />You can keep playing but it might crash again.</div>
|html|<div class="broadcast-red"><b>The battle crashed</b><br />You can keep playing but it might crash again.</div>
|html|<div class="broadcast-red"><b>The battle crashed</b><br />You can keep playing but it might crash again.</div>
|html|<div class="broadcast-red"><b>The battle crashed</b><br />You can keep playing but it might crash again.</div>
|html|<div class="broadcast-red"><b>The battle crashed</b><br />You can keep playing but it might crash again.</div>
|html|<div class="broadcast-red"><b>The battle crashed</b><br />You can keep playing but it might crash again.</div>
|html|<div class="broadcast-red"><b>The battle crashed</b><br />You can keep playing but it might crash again.</div>
|html|<div class="broadcast-red"><b>The battle crashed</b><br />You can keep playing but it might crash again.</div>
|html|<div class="broadcast-red"><b>The battle crashed</b><br />You can keep playing but it might crash again.</div>
|html|<div class="broadcast-red"><b>The battle crashed</b><br />You can keep playing but it might crash again.</div>
|html|<div class="broadcast-red"><b>The battle crashed</b><br />You can keep playing but it might crash again.</div>

TypeError: Cannot read property 'isActive' of null
    at Tools.Battle.makeRequest (/Users/clazinasteunenberg/Downloads/Test/battle-engine.js:1943:15)
    at process.BattlePokemon.side (/Users/clazinasteunenberg/Downloads/Test/battle-engine.js:157:13)
    at process.EventEmitter.emit (events.js:98:17)
    at handleMessage (child_process.js:318:10)
    at Pipe.channel.onread (child_process.js:345:11)

ReferenceError: potd is not defined
    at Tools.exports.BattleScripts.randomTeam (/Users/clazinasteunenberg/Downloads/Test/data/scripts.js:1522:8)
    at Tools.exports.BattleScripts.getTeam (/Users/clazinasteunenberg/Downloads/Test/data/scripts.js:488:16)
    at new BattleSide (/Users/clazinasteunenberg/Downloads/Test/battle-engine.js:1096:27)
    at Tools.Battle.join (/Users/clazinasteunenberg/Downloads/Test/battle-engine.js:3333:15)
    at Tools.Battle.receive (/Users/clazinasteunenberg/Downloads/Test/battle-engine.js:3390:9)
    at process.BattlePokemon.side (/Users/clazinasteunenberg/Downloads/Test/battle-engine.js:143:12)
    at process.EventEmitter.emit (events.js:98:17)
    at handleMessage (child_process.js:318:10)
    at Pipe.channel.onread (child_process.js:345:11)

Additional information:
message = battle-randombattle-494|join|p1|Grizzlajoe|109
currentRequest = 

Log:
|html|<div class="broadcast-red"><b>The battle crashed</b><br />You can keep playing but it might crash again.</div>
|html|<div class="broadcast-red"><b>The battle crashed</b><br />You can keep playing but it might crash again.</div>
|html|<div class="broadcast-red"><b>The battle crashed</b><br />You can keep playing but it might crash again.</div>
|html|<div class="broadcast-red"><b>The battle crashed</b><br />You can keep playing but it might crash again.</div>
|html|<div class="broadcast-red"><b>The battle crashed</b><br />You can keep playing but it might crash again.</div>
|html|<div class="broadcast-red"><b>The battle crashed</b><br />You can keep playing but it might crash again.</div>
|html|<div class="broadcast-red"><b>The battle crashed</b><br />You can keep playing but it might crash again.</div>
|html|<div class="broadcast-red"><b>The battle crashed</b><br />You can keep playing but it might crash again.</div>
|html|<div class="broadcast-red"><b>The battle crashed</b><br />You can keep playing but it might crash again.</div>
|html|<div class="broadcast-red"><b>The battle crashed</b><br />You can keep playing but it might crash again.</div>
|html|<div class="broadcast-red"><b>The battle crashed</b><br />You can keep playing but it might crash again.</div>
|html|<div class="broadcast-red"><b>The battle crashed</b><br />You can keep playing but it might crash again.</div>
|html|<div class="broadcast-red"><b>The battle crashed</b><br />You can keep playing but it might crash again.</div>
|html|<div class="broadcast-red"><b>The battle crashed</b><br />You can keep playing but it might crash again.</div>
|html|<div class="broadcast-red"><b>The battle crashed</b><br />You can keep playing but it might crash again.</div>
|html|<div class="broadcast-red"><b>The battle crashed</b><br />You can keep playing but it might crash again.</div>
|html|<div class="broadcast-red"><b>The battle crashed</b><br />You can keep playing but it might crash again.</div>
|html|<div class="broadcast-red"><b>The battle crashed</b><br />You can keep playing but it might crash again.</div>
|html|<div class="broadcast-red"><b>The battle crashed</b><br />You can keep playing but it might crash again.</div>

TypeError: Cannot read property 'isActive' of null
    at Tools.Battle.makeRequest (/Users/clazinasteunenberg/Downloads/Test/battle-engine.js:1943:15)
    at process.BattlePokemon.side (/Users/clazinasteunenberg/Downloads/Test/battle-engine.js:157:13)
    at process.EventEmitter.emit (events.js:98:17)
    at handleMessage (child_process.js:318:10)
    at Pipe.channel.onread (child_process.js:345:11)

ReferenceError: potd is not defined
    at Tools.exports.BattleScripts.randomTeam (/Users/clazinasteunenberg/Downloads/Test/data/scripts.js:1522:8)
    at Tools.exports.BattleScripts.getTeam (/Users/clazinasteunenberg/Downloads/Test/data/scripts.js:488:16)
    at new BattleSide (/Users/clazinasteunenberg/Downloads/Test/battle-engine.js:1096:27)
    at Tools.Battle.join (/Users/clazinasteunenberg/Downloads/Test/battle-engine.js:3333:15)
    at Tools.Battle.receive (/Users/clazinasteunenberg/Downloads/Test/battle-engine.js:3390:9)
    at process.BattlePokemon.side (/Users/clazinasteunenberg/Downloads/Test/battle-engine.js:143:12)
    at process.EventEmitter.emit (events.js:98:17)
    at handleMessage (child_process.js:318:10)
    at Pipe.channel.onread (child_process.js:345:11)

Additional information:
message = battle-randombattle-494|join|p1|Grizzlajoe|109
currentRequest = 

Log:
|html|<div class="broadcast-red"><b>The battle crashed</b><br />You can keep playing but it might crash again.</div>
|html|<div class="broadcast-red"><b>The battle crashed</b><br />You can keep playing but it might crash again.</div>
|html|<div class="broadcast-red"><b>The battle crashed</b><br />You can keep playing but it might crash again.</div>
|html|<div class="broadcast-red"><b>The battle crashed</b><br />You can keep playing but it might crash again.</div>
|html|<div class="broadcast-red"><b>The battle crashed</b><br />You can keep playing but it might crash again.</div>
|html|<div class="broadcast-red"><b>The battle crashed</b><br />You can keep playing but it might crash again.</div>
|html|<div class="broadcast-red"><b>The battle crashed</b><br />You can keep playing but it might crash again.</div>
|html|<div class="broadcast-red"><b>The battle crashed</b><br />You can keep playing but it might crash again.</div>
|html|<div class="broadcast-red"><b>The battle crashed</b><br />You can keep playing but it might crash again.</div>
|html|<div class="broadcast-red"><b>The battle crashed</b><br />You can keep playing but it might crash again.</div>
|html|<div class="broadcast-red"><b>The battle crashed</b><br />You can keep playing but it might crash again.</div>
|html|<div class="broadcast-red"><b>The battle crashed</b><br />You can keep playing but it might crash again.</div>
|html|<div class="broadcast-red"><b>The battle crashed</b><br />You can keep playing but it might crash again.</div>
|html|<div class="broadcast-red"><b>The battle crashed</b><br />You can keep playing but it might crash again.</div>
|html|<div class="broadcast-red"><b>The battle crashed</b><br />You can keep playing but it might crash again.</div>
|html|<div class="broadcast-red"><b>The battle crashed</b><br />You can keep playing but it might crash again.</div>
|html|<div class="broadcast-red"><b>The battle crashed</b><br />You can keep playing but it might crash again.</div>
|html|<div class="broadcast-red"><b>The battle crashed</b><br />You can keep playing but it might crash again.</div>
|html|<div class="broadcast-red"><b>The battle crashed</b><br />You can keep playing but it might crash again.</div>
|html|<div class="broadcast-red"><b>The battle crashed</b><br />You can keep playing but it might crash again.</div>

TypeError: Cannot read property 'isActive' of null
    at Tools.Battle.makeRequest (/Users/clazinasteunenberg/Downloads/Test/battle-engine.js:1943:15)
    at process.BattlePokemon.side (/Users/clazinasteunenberg/Downloads/Test/battle-engine.js:157:13)
    at process.EventEmitter.emit (events.js:98:17)
    at handleMessage (child_process.js:318:10)
    at Pipe.channel.onread (child_process.js:345:11)

ReferenceError: potd is not defined
    at Tools.exports.BattleScripts.randomTeam (/Users/clazinasteunenberg/Downloads/Test/data/scripts.js:1522:8)
    at Tools.exports.BattleScripts.getTeam (/Users/clazinasteunenberg/Downloads/Test/data/scripts.js:488:16)
    at new BattleSide (/Users/clazinasteunenberg/Downloads/Test/battle-engine.js:1096:27)
    at Tools.Battle.join (/Users/clazinasteunenberg/Downloads/Test/battle-engine.js:3333:15)
    at Tools.Battle.receive (/Users/clazinasteunenberg/Downloads/Test/battle-engine.js:3390:9)
    at process.BattlePokemon.side (/Users/clazinasteunenberg/Downloads/Test/battle-engine.js:143:12)
    at process.EventEmitter.emit (events.js:98:17)
    at handleMessage (child_process.js:318:10)
    at Pipe.channel.onread (child_process.js:345:11)

Additional information:
message = battle-randombattle-494|join|p1|Grizzlajoe|109
currentRequest = 

Log:
|html|<div class="broadcast-red"><b>The battle crashed</b><br />You can keep playing but it might crash again.</div>
|html|<div class="broadcast-red"><b>The battle crashed</b><br />You can keep playing but it might crash again.</div>
|html|<div class="broadcast-red"><b>The battle crashed</b><br />You can keep playing but it might crash again.</div>
|html|<div class="broadcast-red"><b>The battle crashed</b><br />You can keep playing but it might crash again.</div>
|html|<div class="broadcast-red"><b>The battle crashed</b><br />You can keep playing but it might crash again.</div>
|html|<div class="broadcast-red"><b>The battle crashed</b><br />You can keep playing but it might crash again.</div>
|html|<div class="broadcast-red"><b>The battle crashed</b><br />You can keep playing but it might crash again.</div>
|html|<div class="broadcast-red"><b>The battle crashed</b><br />You can keep playing but it might crash again.</div>
|html|<div class="broadcast-red"><b>The battle crashed</b><br />You can keep playing but it might crash again.</div>
|html|<div class="broadcast-red"><b>The battle crashed</b><br />You can keep playing but it might crash again.</div>
|html|<div class="broadcast-red"><b>The battle crashed</b><br />You can keep playing but it might crash again.</div>
|html|<div class="broadcast-red"><b>The battle crashed</b><br />You can keep playing but it might crash again.</div>
|html|<div class="broadcast-red"><b>The battle crashed</b><br />You can keep playing but it might crash again.</div>
|html|<div class="broadcast-red"><b>The battle crashed</b><br />You can keep playing but it might crash again.</div>
|html|<div class="broadcast-red"><b>The battle crashed</b><br />You can keep playing but it might crash again.</div>
|html|<div class="broadcast-red"><b>The battle crashed</b><br />You can keep playing but it might crash again.</div>
|html|<div class="broadcast-red"><b>The battle crashed</b><br />You can keep playing but it might crash again.</div>
|html|<div class="broadcast-red"><b>The battle crashed</b><br />You can keep playing but it might crash again.</div>
|html|<div class="broadcast-red"><b>The battle crashed</b><br />You can keep playing but it might crash again.</div>
|html|<div class="broadcast-red"><b>The battle crashed</b><br />You can keep playing but it might crash again.</div>
|html|<div class="broadcast-red"><b>The battle crashed</b><br />You can keep playing but it might crash again.</div>

TypeError: Cannot read property 'isActive' of null
    at Tools.Battle.makeRequest (/Users/clazinasteunenberg/Downloads/Test/battle-engine.js:1943:15)
    at process.BattlePokemon.side (/Users/clazinasteunenberg/Downloads/Test/battle-engine.js:157:13)
    at process.EventEmitter.emit (events.js:98:17)
    at handleMessage (child_process.js:318:10)
    at Pipe.channel.onread (child_process.js:345:11)

ReferenceError: potd is not defined
    at Tools.exports.BattleScripts.randomTeam (/Users/clazinasteunenberg/Downloads/Test/data/scripts.js:1522:8)
    at Tools.exports.BattleScripts.getTeam (/Users/clazinasteunenberg/Downloads/Test/data/scripts.js:488:16)
    at new BattleSide (/Users/clazinasteunenberg/Downloads/Test/battle-engine.js:1096:27)
    at Tools.Battle.join (/Users/clazinasteunenberg/Downloads/Test/battle-engine.js:3333:15)
    at Tools.Battle.receive (/Users/clazinasteunenberg/Downloads/Test/battle-engine.js:3390:9)
    at process.BattlePokemon.side (/Users/clazinasteunenberg/Downloads/Test/battle-engine.js:143:12)
    at process.EventEmitter.emit (events.js:98:17)
    at handleMessage (child_process.js:318:10)
    at Pipe.channel.onread (child_process.js:345:11)

Additional information:
message = battle-randombattle-494|join|p1|Grizzlajoe|109
currentRequest = 

Log:
|html|<div class="broadcast-red"><b>The battle crashed</b><br />You can keep playing but it might crash again.</div>
|html|<div class="broadcast-red"><b>The battle crashed</b><br />You can keep playing but it might crash again.</div>
|html|<div class="broadcast-red"><b>The battle crashed</b><br />You can keep playing but it might crash again.</div>
|html|<div class="broadcast-red"><b>The battle crashed</b><br />You can keep playing but it might crash again.</div>
|html|<div class="broadcast-red"><b>The battle crashed</b><br />You can keep playing but it might crash again.</div>
|html|<div class="broadcast-red"><b>The battle crashed</b><br />You can keep playing but it might crash again.</div>
|html|<div class="broadcast-red"><b>The battle crashed</b><br />You can keep playing but it might crash again.</div>
|html|<div class="broadcast-red"><b>The battle crashed</b><br />You can keep playing but it might crash again.</div>
|html|<div class="broadcast-red"><b>The battle crashed</b><br />You can keep playing but it might crash again.</div>
|html|<div class="broadcast-red"><b>The battle crashed</b><br />You can keep playing but it might crash again.</div>
|html|<div class="broadcast-red"><b>The battle crashed</b><br />You can keep playing but it might crash again.</div>
|html|<div class="broadcast-red"><b>The battle crashed</b><br />You can keep playing but it might crash again.</div>
|html|<div class="broadcast-red"><b>The battle crashed</b><br />You can keep playing but it might crash again.</div>
|html|<div class="broadcast-red"><b>The battle crashed</b><br />You can keep playing but it might crash again.</div>
|html|<div class="broadcast-red"><b>The battle crashed</b><br />You can keep playing but it might crash again.</div>
|html|<div class="broadcast-red"><b>The battle crashed</b><br />You can keep playing but it might crash again.</div>
|html|<div class="broadcast-red"><b>The battle crashed</b><br />You can keep playing but it might crash again.</div>
|html|<div class="broadcast-red"><b>The battle crashed</b><br />You can keep playing but it might crash again.</div>
|html|<div class="broadcast-red"><b>The battle crashed</b><br />You can keep playing but it might crash again.</div>
|html|<div class="broadcast-red"><b>The battle crashed</b><br />You can keep playing but it might crash again.</div>
|html|<div class="broadcast-red"><b>The battle crashed</b><br />You can keep playing but it might crash again.</div>
|html|<div class="broadcast-red"><b>The battle crashed</b><br />You can keep playing but it might crash again.</div>

TypeError: Cannot read property 'isActive' of null
    at Tools.Battle.makeRequest (/Users/clazinasteunenberg/Downloads/Test/battle-engine.js:1943:15)
    at process.BattlePokemon.side (/Users/clazinasteunenberg/Downloads/Test/battle-engine.js:157:13)
    at process.EventEmitter.emit (events.js:98:17)
    at handleMessage (child_process.js:318:10)
    at Pipe.channel.onread (child_process.js:345:11)

ReferenceError: potd is not defined
    at Tools.exports.BattleScripts.randomTeam (/Users/clazinasteunenberg/Downloads/Test/data/scripts.js:1522:8)
    at Tools.exports.BattleScripts.getTeam (/Users/clazinasteunenberg/Downloads/Test/data/scripts.js:488:16)
    at new BattleSide (/Users/clazinasteunenberg/Downloads/Test/battle-engine.js:1096:27)
    at Tools.Battle.join (/Users/clazinasteunenberg/Downloads/Test/battle-engine.js:3333:15)
    at Tools.Battle.receive (/Users/clazinasteunenberg/Downloads/Test/battle-engine.js:3390:9)
    at process.BattlePokemon.side (/Users/clazinasteunenberg/Downloads/Test/battle-engine.js:143:12)
    at process.EventEmitter.emit (events.js:98:17)
    at handleMessage (child_process.js:318:10)
    at Pipe.channel.onread (child_process.js:345:11)

Additional information:
message = battle-randombattle-497|join|p1|Meloetta<3V|134
currentRequest = 

Log:
|html|<div class="broadcast-red"><b>The battle crashed</b><br />You can keep playing but it might crash again.</div>
|html|<div class="broadcast-red"><b>The battle crashed</b><br />You can keep playing but it might crash again.</div>
|html|<div class="broadcast-red"><b>The battle crashed</b><br />You can keep playing but it might crash again.</div>
|html|<div class="broadcast-red"><b>The battle crashed</b><br />You can keep playing but it might crash again.</div>
|html|<div class="broadcast-red"><b>The battle crashed</b><br />You can keep playing but it might crash again.</div>
|html|<div class="broadcast-red"><b>The battle crashed</b><br />You can keep playing but it might crash again.</div>
|html|<div class="broadcast-red"><b>The battle crashed</b><br />You can keep playing but it might crash again.</div>
|html|<div class="broadcast-red"><b>The battle crashed</b><br />You can keep playing but it might crash again.</div>
|html|<div class="broadcast-red"><b>The battle crashed</b><br />You can keep playing but it might crash again.</div>
|html|<div class="broadcast-red"><b>The battle crashed</b><br />You can keep playing but it might crash again.</div>
|html|<div class="broadcast-red"><b>The battle crashed</b><br />You can keep playing but it might crash again.</div>
|html|<div class="broadcast-red"><b>The battle crashed</b><br />You can keep playing but it might crash again.</div>
|html|<div class="broadcast-red"><b>The battle crashed</b><br />You can keep playing but it might crash again.</div>
|html|<div class="broadcast-red"><b>The battle crashed</b><br />You can keep playing but it might crash again.</div>
|html|<div class="broadcast-red"><b>The battle crashed</b><br />You can keep playing but it might crash again.</div>
|html|<div class="broadcast-red"><b>The battle crashed</b><br />You can keep playing but it might crash again.</div>
|html|<div class="broadcast-red"><b>The battle crashed</b><br />You can keep playing but it might crash again.</div>
|html|<div class="broadcast-red"><b>The battle crashed</b><br />You can keep playing but it might crash again.</div>
|html|<div class="broadcast-red"><b>The battle crashed</b><br />You can keep playing but it might crash again.</div>
|html|<div class="broadcast-red"><b>The battle crashed</b><br />You can keep playing but it might crash again.</div>
|html|<div class="broadcast-red"><b>The battle crashed</b><br />You can keep playing but it might crash again.</div>
|html|<div class="broadcast-red"><b>The battle crashed</b><br />You can keep playing but it might crash again.</div>
|html|<div class="broadcast-red"><b>The battle crashed</b><br />You can keep playing but it might crash again.</div>
|html|<div class="broadcast-red"><b>The battle crashed</b><br />You can keep playing but it might crash again.</div>
|html|<div class="broadcast-red"><b>The battle crashed</b><br />You can keep playing but it might crash again.</div>
|html|<div class="broadcast-red"><b>The battle crashed</b><br />You can keep playing but it might crash again.</div>
|html|<div class="broadcast-red"><b>The battle crashed</b><br />You can keep playing but it might crash again.</div>
|html|<div class="broadcast-red"><b>The battle crashed</b><br />You can keep playing but it might crash again.</div>
|html|<div class="broadcast-red"><b>The battle crashed</b><br />You can keep playing but it might crash again.</div>
|html|<div class="broadcast-red"><b>The battle crashed</b><br />You can keep playing but it might crash again.</div>
|html|<div class="broadcast-red"><b>The battle crashed</b><br />You can keep playing but it might crash again.</div>
|html|<div class="broadcast-red"><b>The battle crashed</b><br />You can keep playing but it might crash again.</div>
|html|<div class="broadcast-red"><b>The battle crashed</b><br />You can keep playing but it might crash again.</div>
|html|<div class="broadcast-red"><b>The battle crashed</b><br />You can keep playing but it might crash again.</div>
|html|<div class="broadcast-red"><b>The battle crashed</b><br />You can keep playing but it might crash again.</div>
|html|<div class="broadcast-red"><b>The battle crashed</b><br />You can keep playing but it might crash again.</div>
|html|<div class="broadcast-red"><b>The battle crashed</b><br />You can keep playing but it might crash again.</div>
|html|<div class="broadcast-red"><b>The battle crashed</b><br />You can keep playing but it might crash again.</div>
|html|<div class="broadcast-red"><b>The battle crashed</b><br />You can keep playing but it might crash again.</div>
|html|<div class="broadcast-red"><b>The battle crashed</b><br />You can keep playing but it might crash again.</div>
|html|<div class="broadcast-red"><b>The battle crashed</b><br />You can keep playing but it might crash again.</div>
|html|<div class="broadcast-red"><b>The battle crashed</b><br />You can keep playing but it might crash again.</div>
|html|<div class="broadcast-red"><b>The battle crashed</b><br />You can keep playing but it might crash again.</div>
|html|<div class="broadcast-red"><b>The battle crashed</b><br />You can keep playing but it might crash again.</div>
|html|<div class="broadcast-red"><b>The battle crashed</b><br />You can keep playing but it might crash again.</div>
|html|<div class="broadcast-red"><b>The battle crashed</b><br />You can keep playing but it might crash again.</div>
|html|<div class="broadcast-red"><b>The battle crashed</b><br />You can keep playing but it might crash again.</div>
|html|<div class="broadcast-red"><b>The battle crashed</b><br />You can keep playing but it might crash again.</div>
|html|<div class="broadcast-red"><b>The battle crashed</b><br />You can keep playing but it might crash again.</div>
|html|<div class="broadcast-red"><b>The battle crashed</b><br />You can keep playing but it might crash again.</div>
|html|<div class="broadcast-red"><b>The battle crashed</b><br />You can keep playing but it might crash again.</div>
|html|<div class="broadcast-red"><b>The battle crashed</b><br />You can keep playing but it might crash again.</div>
|html|<div class="broadcast-red"><b>The battle crashed</b><br />You can keep playing but it might crash again.</div>
|html|<div class="broadcast-red"><b>The battle crashed</b><br />You can keep playing but it might crash again.</div>
|html|<div class="broadcast-red"><b>The battle crashed</b><br />You can keep playing but it might crash again.</div>
|html|<div class="broadcast-red"><b>The battle crashed</b><br />You can keep playing but it might crash again.</div>
|html|<div class="broadcast-red"><b>The battle crashed</b><br />You can keep playing but it might crash again.</div>
|html|<div class="broadcast-red"><b>The battle crashed</b><br />You can keep playing but it might crash again.</div>
|html|<div class="broadcast-red"><b>The battle crashed</b><br />You can keep playing but it might crash again.</div>
|html|<div class="broadcast-red"><b>The battle crashed</b><br />You can keep playing but it might crash again.</div>
|html|<div class="broadcast-red"><b>The battle crashed</b><br />You can keep playing but it might crash again.</div>
|html|<div class="broadcast-red"><b>The battle crashed</b><br />You can keep playing but it might crash again.</div>
|html|<div class="broadcast-red"><b>The battle crashed</b><br />You can keep playing but it might crash again.</div>
|html|<div class="broadcast-red"><b>The battle crashed</b><br />You can keep playing but it might crash again.</div>
|html|<div class="broadcast-red"><b>The battle crashed</b><br />You can keep playing but it might crash again.</div>
|html|<div class="broadcast-red"><b>The battle crashed</b><br />You can keep playing but it might crash again.</div>
|html|<div class="broadcast-red"><b>The battle crashed</b><br />You can keep playing but it might crash again.</div>
|html|<div class="broadcast-red"><b>The battle crashed</b><br />You can keep playing but it might crash again.</div>
|html|<div class="broadcast-red"><b>The battle crashed</b><br />You can keep playing but it might crash again.</div>
|html|<div class="broadcast-red"><b>The battle crashed</b><br />You can keep playing but it might crash again.</div>
|html|<div class="broadcast-red"><b>The battle crashed</b><br />You can keep playing but it might crash again.</div>
|html|<div class="broadcast-red"><b>The battle crashed</b><br />You can keep playing but it might crash again.</div>
|html|<div class="broadcast-red"><b>The battle crashed</b><br />You can keep playing but it might crash again.</div>
|html|<div class="broadcast-red"><b>The battle crashed</b><br />You can keep playing but it might crash again.</div>
|html|<div class="broadcast-red"><b>The battle crashed</b><br />You can keep playing but it might crash again.</div>
|html|<div class="broadcast-red"><b>The battle crashed</b><br />You can keep playing but it might crash again.</div>
|html|<div class="broadcast-red"><b>The battle crashed</b><br />You can keep playing but it might crash again.</div>
|html|<div class="broadcast-red"><b>The battle crashed</b><br />You can keep playing but it might crash again.</div>
|html|<div class="broadcast-red"><b>The battle crashed</b><br />You can keep playing but it might crash again.</div>
|html|<div class="broadcast-red"><b>The battle crashed</b><br />You can keep playing but it might crash again.</div>
|html|<div class="broadcast-red"><b>The battle crashed</b><br />You can keep playing but it might crash again.</div>
|html|<div class="broadcast-red"><b>The battle crashed</b><br />You can keep playing but it might crash again.</div>
|html|<div class="broadcast-red"><b>The battle crashed</b><br />You can keep playing but it might crash again.</div>
|html|<div class="broadcast-red"><b>The battle crashed</b><br />You can keep playing but it might crash again.</div>
|html|<div class="broadcast-red"><b>The battle crashed</b><br />You can keep playing but it might crash again.</div>
|html|<div class="broadcast-red"><b>The battle crashed</b><br />You can keep playing but it might crash again.</div>
|html|<div class="broadcast-red"><b>The battle crashed</b><br />You can keep playing but it might crash again.</div>
|html|<div class="broadcast-red"><b>The battle crashed</b><br />You can keep playing but it might crash again.</div>
|html|<div class="broadcast-red"><b>The battle crashed</b><br />You can keep playing but it might crash again.</div>
|html|<div class="broadcast-red"><b>The battle crashed</b><br />You can keep playing but it might crash again.</div>
|html|<div class="broadcast-red"><b>The battle crashed</b><br />You can keep playing but it might crash again.</div>
|html|<div class="broadcast-red"><b>The battle crashed</b><br />You can keep playing but it might crash again.</div>
|html|<div class="broadcast-red"><b>The battle crashed</b><br />You can keep playing but it might crash again.</div>
|html|<div class="broadcast-red"><b>The battle crashed</b><br />You can keep playing but it might crash again.</div>
|html|<div class="broadcast-red"><b>The battle crashed</b><br />You can keep playing but it might crash again.</div>
|html|<div class="broadcast-red"><b>The battle crashed</b><br />You can keep playing but it might crash again.</div>
|html|<div class="broadcast-red"><b>The battle crashed</b><br />You can keep playing but it might crash again.</div>
|html|<div class="broadcast-red"><b>The battle crashed</b><br />You can keep playing but it might crash again.</div>
|html|<div class="broadcast-red"><b>The battle crashed</b><br />You can keep playing but it might crash again.</div>
|html|<div class="broadcast-red"><b>The battle crashed</b><br />You can keep playing but it might crash again.</div>
|html|<div class="broadcast-red"><b>The battle crashed</b><br />You can keep playing but it might crash again.</div>
|html|<div class="broadcast-red"><b>The battle crashed</b><br />You can keep playing but it might crash again.</div>
|html|<div class="broadcast-red"><b>The battle crashed</b><br />You can keep playing but it might crash again.</div>
|html|<div class="broadcast-red"><b>The battle crashed</b><br />You can keep playing but it might crash again.</div>
|html|<div class="broadcast-red"><b>The battle crashed</b><br />You can keep playing but it might crash again.</div>
|html|<div class="broadcast-red"><b>The battle crashed</b><br />You can keep playing but it might crash again.</div>
|html|<div class="broadcast-red"><b>The battle crashed</b><br />You can keep playing but it might crash again.</div>
|html|<div class="broadcast-red"><b>The battle crashed</b><br />You can keep playing but it might crash again.</div>
|html|<div class="broadcast-red"><b>The battle crashed</b><br />You can keep playing but it might crash again.</div>
|html|<div class="broadcast-red"><b>The battle crashed</b><br />You can keep playing but it might crash again.</div>
|html|<div class="broadcast-red"><b>The battle crashed</b><br />You can keep playing but it might crash again.</div>
|html|<div class="broadcast-red"><b>The battle crashed</b><br />You can keep playing but it might crash again.</div>
|html|<div class="broadcast-red"><b>The battle crashed</b><br />You can keep playing but it might crash again.</div>
|html|<div class="broadcast-red"><b>The battle crashed</b><br />You can keep playing but it might crash again.</div>
|html|<div class="broadcast-red"><b>The battle crashed</b><br />You can keep playing but it might crash again.</div>
|html|<div class="broadcast-red"><b>The battle crashed</b><br />You can keep playing but it might crash again.</div>
|html|<div class="broadcast-red"><b>The battle crashed</b><br />You can keep playing but it might crash again.</div>
|html|<div class="broadcast-red"><b>The battle crashed</b><br />You can keep playing but it might crash again.</div>
|html|<div class="broadcast-red"><b>The battle crashed</b><br />You can keep playing but it might crash again.</div>
|html|<div class="broadcast-red"><b>The battle crashed</b><br />You can keep playing but it might crash again.</div>
|html|<div class="broadcast-red"><b>The battle crashed</b><br />You can keep playing but it might crash again.</div>
|html|<div class="broadcast-red"><b>The battle crashed</b><br />You can keep playing but it might crash again.</div>
|html|<div class="broadcast-red"><b>The battle crashed</b><br />You can keep playing but it might crash again.</div>
|html|<div class="broadcast-red"><b>The battle crashed</b><br />You can keep playing but it might crash again.</div>
|html|<div class="broadcast-red"><b>The battle crashed</b><br />You can keep playing but it might crash again.</div>
|html|<div class="broadcast-red"><b>The battle crashed</b><br />You can keep playing but it might crash again.</div>
|html|<div class="broadcast-red"><b>The battle crashed</b><br />You can keep playing but it might crash again.</div>
|html|<div class="broadcast-red"><b>The battle crashed</b><br />You can keep playing but it might crash again.</div>
|html|<div class="broadcast-red"><b>The battle crashed</b><br />You can keep playing but it might crash again.</div>
|html|<div class="broadcast-red"><b>The battle crashed</b><br />You can keep playing but it might crash again.</div>
|html|<div class="broadcast-red"><b>The battle crashed</b><br />You can keep playing but it might crash again.</div>
|html|<div class="broadcast-red"><b>The battle crashed</b><br />You can keep playing but it might crash again.</div>
|html|<div class="broadcast-red"><b>The battle crashed</b><br />You can keep playing but it might crash again.</div>
|html|<div class="broadcast-red"><b>The battle crashed</b><br />You can keep playing but it might crash again.</div>
|html|<div class="broadcast-red"><b>The battle crashed</b><br />You can keep playing but it might crash again.</div>
|html|<div class="broadcast-red"><b>The battle crashed</b><br />You can keep playing but it might crash again.</div>
|html|<div class="broadcast-red"><b>The battle crashed</b><br />You can keep playing but it might crash again.</div>
|html|<div class="broadcast-red"><b>The battle crashed</b><br />You can keep playing but it might crash again.</div>
|html|<div class="broadcast-red"><b>The battle crashed</b><br />You can keep playing but it might crash again.</div>
|html|<div class="broadcast-red"><b>The battle crashed</b><br />You can keep playing but it might crash again.</div>
|html|<div class="broadcast-red"><b>The battle crashed</b><br />You can keep playing but it might crash again.</div>
|html|<div class="broadcast-red"><b>The battle crashed</b><br />You can keep playing but it might crash again.</div>
|html|<div class="broadcast-red"><b>The battle crashed</b><br />You can keep playing but it might crash again.</div>
|html|<div class="broadcast-red"><b>The battle crashed</b><br />You can keep playing but it might crash again.</div>
|html|<div class="broadcast-red"><b>The battle crashed</b><br />You can keep playing but it might crash again.</div>
|html|<div class="broadcast-red"><b>The battle crashed</b><br />You can keep playing but it might crash again.</div>
|html|<div class="broadcast-red"><b>The battle crashed</b><br />You can keep playing but it might crash again.</div>
|html|<div class="broadcast-red"><b>The battle crashed</b><br />You can keep playing but it might crash again.</div>
|html|<div class="broadcast-red"><b>The battle crashed</b><br />You can keep playing but it might crash again.</div>
|html|<div class="broadcast-red"><b>The battle crashed</b><br />You can keep playing but it might crash again.</div>

TypeError: Cannot read property 'isActive' of null
    at Tools.Battle.makeRequest (/Users/clazinasteunenberg/Downloads/Test/battle-engine.js:1943:15)
    at process.BattlePokemon.side (/Users/clazinasteunenberg/Downloads/Test/battle-engine.js:157:13)
    at process.EventEmitter.emit (events.js:98:17)
    at handleMessage (child_process.js:318:10)
    at Pipe.channel.onread (child_process.js:345:11)

ReferenceError: potd is not defined
    at Tools.exports.BattleScripts.randomTeam (/Users/clazinasteunenberg/Downloads/Test/data/scripts.js:1522:8)
    at Tools.exports.BattleScripts.getTeam (/Users/clazinasteunenberg/Downloads/Test/data/scripts.js:488:16)
    at new BattleSide (/Users/clazinasteunenberg/Downloads/Test/battle-engine.js:1096:27)
    at Tools.Battle.join (/Users/clazinasteunenberg/Downloads/Test/battle-engine.js:3333:15)
    at Tools.Battle.receive (/Users/clazinasteunenberg/Downloads/Test/battle-engine.js:3390:9)
    at process.BattlePokemon.side (/Users/clazinasteunenberg/Downloads/Test/battle-engine.js:143:12)
    at process.EventEmitter.emit (events.js:98:17)
    at handleMessage (child_process.js:318:10)
    at Pipe.channel.onread (child_process.js:345:11)

Additional information:
message = battle-randombattle-497|join|p1|Meloetta<3V|134
currentRequest = 

Log:
|html|<div class="broadcast-red"><b>The battle crashed</b><br />You can keep playing but it might crash again.</div>
|html|<div class="broadcast-red"><b>The battle crashed</b><br />You can keep playing but it might crash again.</div>
|html|<div class="broadcast-red"><b>The battle crashed</b><br />You can keep playing but it might crash again.</div>
|html|<div class="broadcast-red"><b>The battle crashed</b><br />You can keep playing but it might crash again.</div>
|html|<div class="broadcast-red"><b>The battle crashed</b><br />You can keep playing but it might crash again.</div>
|html|<div class="broadcast-red"><b>The battle crashed</b><br />You can keep playing but it might crash again.</div>
|html|<div class="broadcast-red"><b>The battle crashed</b><br />You can keep playing but it might crash again.</div>
|html|<div class="broadcast-red"><b>The battle crashed</b><br />You can keep playing but it might crash again.</div>
|html|<div class="broadcast-red"><b>The battle crashed</b><br />You can keep playing but it might crash again.</div>
|html|<div class="broadcast-red"><b>The battle crashed</b><br />You can keep playing but it might crash again.</div>
|html|<div class="broadcast-red"><b>The battle crashed</b><br />You can keep playing but it might crash again.</div>
|html|<div class="broadcast-red"><b>The battle crashed</b><br />You can keep playing but it might crash again.</div>
|html|<div class="broadcast-red"><b>The battle crashed</b><br />You can keep playing but it might crash again.</div>
|html|<div class="broadcast-red"><b>The battle crashed</b><br />You can keep playing but it might crash again.</div>
|html|<div class="broadcast-red"><b>The battle crashed</b><br />You can keep playing but it might crash again.</div>
|html|<div class="broadcast-red"><b>The battle crashed</b><br />You can keep playing but it might crash again.</div>
|html|<div class="broadcast-red"><b>The battle crashed</b><br />You can keep playing but it might crash again.</div>
|html|<div class="broadcast-red"><b>The battle crashed</b><br />You can keep playing but it might crash again.</div>
|html|<div class="broadcast-red"><b>The battle crashed</b><br />You can keep playing but it might crash again.</div>
|html|<div class="broadcast-red"><b>The battle crashed</b><br />You can keep playing but it might crash again.</div>
|html|<div class="broadcast-red"><b>The battle crashed</b><br />You can keep playing but it might crash again.</div>
|html|<div class="broadcast-red"><b>The battle crashed</b><br />You can keep playing but it might crash again.</div>
|html|<div class="broadcast-red"><b>The battle crashed</b><br />You can keep playing but it might crash again.</div>
|html|<div class="broadcast-red"><b>The battle crashed</b><br />You can keep playing but it might crash again.</div>
|html|<div class="broadcast-red"><b>The battle crashed</b><br />You can keep playing but it might crash again.</div>
|html|<div class="broadcast-red"><b>The battle crashed</b><br />You can keep playing but it might crash again.</div>
|html|<div class="broadcast-red"><b>The battle crashed</b><br />You can keep playing but it might crash again.</div>
|html|<div class="broadcast-red"><b>The battle crashed</b><br />You can keep playing but it might crash again.</div>
|html|<div class="broadcast-red"><b>The battle crashed</b><br />You can keep playing but it might crash again.</div>
|html|<div class="broadcast-red"><b>The battle crashed</b><br />You can keep playing but it might crash again.</div>
|html|<div class="broadcast-red"><b>The battle crashed</b><br />You can keep playing but it might crash again.</div>
|html|<div class="broadcast-red"><b>The battle crashed</b><br />You can keep playing but it might crash again.</div>
|html|<div class="broadcast-red"><b>The battle crashed</b><br />You can keep playing but it might crash again.</div>
|html|<div class="broadcast-red"><b>The battle crashed</b><br />You can keep playing but it might crash again.</div>
|html|<div class="broadcast-red"><b>The battle crashed</b><br />You can keep playing but it might crash again.</div>
|html|<div class="broadcast-red"><b>The battle crashed</b><br />You can keep playing but it might crash again.</div>
|html|<div class="broadcast-red"><b>The battle crashed</b><br />You can keep playing but it might crash again.</div>
|html|<div class="broadcast-red"><b>The battle crashed</b><br />You can keep playing but it might crash again.</div>
|html|<div class="broadcast-red"><b>The battle crashed</b><br />You can keep playing but it might crash again.</div>
|html|<div class="broadcast-red"><b>The battle crashed</b><br />You can keep playing but it might crash again.</div>
|html|<div class="broadcast-red"><b>The battle crashed</b><br />You can keep playing but it might crash again.</div>
|html|<div class="broadcast-red"><b>The battle crashed</b><br />You can keep playing but it might crash again.</div>
|html|<div class="broadcast-red"><b>The battle crashed</b><br />You can keep playing but it might crash again.</div>
|html|<div class="broadcast-red"><b>The battle crashed</b><br />You can keep playing but it might crash again.</div>
|html|<div class="broadcast-red"><b>The battle crashed</b><br />You can keep playing but it might crash again.</div>
|html|<div class="broadcast-red"><b>The battle crashed</b><br />You can keep playing but it might crash again.</div>
|html|<div class="broadcast-red"><b>The battle crashed</b><br />You can keep playing but it might crash again.</div>
|html|<div class="broadcast-red"><b>The battle crashed</b><br />You can keep playing but it might crash again.</div>
|html|<div class="broadcast-red"><b>The battle crashed</b><br />You can keep playing but it might crash again.</div>
|html|<div class="broadcast-red"><b>The battle crashed</b><br />You can keep playing but it might crash again.</div>
|html|<div class="broadcast-red"><b>The battle crashed</b><br />You can keep playing but it might crash again.</div>
|html|<div class="broadcast-red"><b>The battle crashed</b><br />You can keep playing but it might crash again.</div>
|html|<div class="broadcast-red"><b>The battle crashed</b><br />You can keep playing but it might crash again.</div>
|html|<div class="broadcast-red"><b>The battle crashed</b><br />You can keep playing but it might crash again.</div>
|html|<div class="broadcast-red"><b>The battle crashed</b><br />You can keep playing but it might crash again.</div>
|html|<div class="broadcast-red"><b>The battle crashed</b><br />You can keep playing but it might crash again.</div>
|html|<div class="broadcast-red"><b>The battle crashed</b><br />You can keep playing but it might crash again.</div>
|html|<div class="broadcast-red"><b>The battle crashed</b><br />You can keep playing but it might crash again.</div>
|html|<div class="broadcast-red"><b>The battle crashed</b><br />You can keep playing but it might crash again.</div>
|html|<div class="broadcast-red"><b>The battle crashed</b><br />You can keep playing but it might crash again.</div>
|html|<div class="broadcast-red"><b>The battle crashed</b><br />You can keep playing but it might crash again.</div>
|html|<div class="broadcast-red"><b>The battle crashed</b><br />You can keep playing but it might crash again.</div>
|html|<div class="broadcast-red"><b>The battle crashed</b><br />You can keep playing but it might crash again.</div>
|html|<div class="broadcast-red"><b>The battle crashed</b><br />You can keep playing but it might crash again.</div>
|html|<div class="broadcast-red"><b>The battle crashed</b><br />You can keep playing but it might crash again.</div>
|html|<div class="broadcast-red"><b>The battle crashed</b><br />You can keep playing but it might crash again.</div>
|html|<div class="broadcast-red"><b>The battle crashed</b><br />You can keep playing but it might crash again.</div>
|html|<div class="broadcast-red"><b>The battle crashed</b><br />You can keep playing but it might crash again.</div>
|html|<div class="broadcast-red"><b>The battle crashed</b><br />You can keep playing but it might crash again.</div>
|html|<div class="broadcast-red"><b>The battle crashed</b><br />You can keep playing but it might crash again.</div>
|html|<div class="broadcast-red"><b>The battle crashed</b><br />You can keep playing but it might crash again.</div>
|html|<div class="broadcast-red"><b>The battle crashed</b><br />You can keep playing but it might crash again.</div>
|html|<div class="broadcast-red"><b>The battle crashed</b><br />You can keep playing but it might crash again.</div>
|html|<div class="broadcast-red"><b>The battle crashed</b><br />You can keep playing but it might crash again.</div>
|html|<div class="broadcast-red"><b>The battle crashed</b><br />You can keep playing but it might crash again.</div>
|html|<div class="broadcast-red"><b>The battle crashed</b><br />You can keep playing but it might crash again.</div>
|html|<div class="broadcast-red"><b>The battle crashed</b><br />You can keep playing but it might crash again.</div>
|html|<div class="broadcast-red"><b>The battle crashed</b><br />You can keep playing but it might crash again.</div>
|html|<div class="broadcast-red"><b>The battle crashed</b><br />You can keep playing but it might crash again.</div>
|html|<div class="broadcast-red"><b>The battle crashed</b><br />You can keep playing but it might crash again.</div>
|html|<div class="broadcast-red"><b>The battle crashed</b><br />You can keep playing but it might crash again.</div>
|html|<div class="broadcast-red"><b>The battle crashed</b><br />You can keep playing but it might crash again.</div>
|html|<div class="broadcast-red"><b>The battle crashed</b><br />You can keep playing but it might crash again.</div>
|html|<div class="broadcast-red"><b>The battle crashed</b><br />You can keep playing but it might crash again.</div>
|html|<div class="broadcast-red"><b>The battle crashed</b><br />You can keep playing but it might crash again.</div>
|html|<div class="broadcast-red"><b>The battle crashed</b><br />You can keep playing but it might crash again.</div>
|html|<div class="broadcast-red"><b>The battle crashed</b><br />You can keep playing but it might crash again.</div>
|html|<div class="broadcast-red"><b>The battle crashed</b><br />You can keep playing but it might crash again.</div>
|html|<div class="broadcast-red"><b>The battle crashed</b><br />You can keep playing but it might crash again.</div>
|html|<div class="broadcast-red"><b>The battle crashed</b><br />You can keep playing but it might crash again.</div>
|html|<div class="broadcast-red"><b>The battle crashed</b><br />You can keep playing but it might crash again.</div>
|html|<div class="broadcast-red"><b>The battle crashed</b><br />You can keep playing but it might crash again.</div>
|html|<div class="broadcast-red"><b>The battle crashed</b><br />You can keep playing but it might crash again.</div>
|html|<div class="broadcast-red"><b>The battle crashed</b><br />You can keep playing but it might crash again.</div>
|html|<div class="broadcast-red"><b>The battle crashed</b><br />You can keep playing but it might crash again.</div>
|html|<div class="broadcast-red"><b>The battle crashed</b><br />You can keep playing but it might crash again.</div>
|html|<div class="broadcast-red"><b>The battle crashed</b><br />You can keep playing but it might crash again.</div>
|html|<div class="broadcast-red"><b>The battle crashed</b><br />You can keep playing but it might crash again.</div>
|html|<div class="broadcast-red"><b>The battle crashed</b><br />You can keep playing but it might crash again.</div>
|html|<div class="broadcast-red"><b>The battle crashed</b><br />You can keep playing but it might crash again.</div>
|html|<div class="broadcast-red"><b>The battle crashed</b><br />You can keep playing but it might crash again.</div>
|html|<div class="broadcast-red"><b>The battle crashed</b><br />You can keep playing but it might crash again.</div>
|html|<div class="broadcast-red"><b>The battle crashed</b><br />You can keep playing but it might crash again.</div>
|html|<div class="broadcast-red"><b>The battle crashed</b><br />You can keep playing but it might crash again.</div>
|html|<div class="broadcast-red"><b>The battle crashed</b><br />You can keep playing but it might crash again.</div>
|html|<div class="broadcast-red"><b>The battle crashed</b><br />You can keep playing but it might crash again.</div>
|html|<div class="broadcast-red"><b>The battle crashed</b><br />You can keep playing but it might crash again.</div>
|html|<div class="broadcast-red"><b>The battle crashed</b><br />You can keep playing but it might crash again.</div>
|html|<div class="broadcast-red"><b>The battle crashed</b><br />You can keep playing but it might crash again.</div>
|html|<div class="broadcast-red"><b>The battle crashed</b><br />You can keep playing but it might crash again.</div>
|html|<div class="broadcast-red"><b>The battle crashed</b><br />You can keep playing but it might crash again.</div>
|html|<div class="broadcast-red"><b>The battle crashed</b><br />You can keep playing but it might crash again.</div>
|html|<div class="broadcast-red"><b>The battle crashed</b><br />You can keep playing but it might crash again.</div>
|html|<div class="broadcast-red"><b>The battle crashed</b><br />You can keep playing but it might crash again.</div>
|html|<div class="broadcast-red"><b>The battle crashed</b><br />You can keep playing but it might crash again.</div>
|html|<div class="broadcast-red"><b>The battle crashed</b><br />You can keep playing but it might crash again.</div>
|html|<div class="broadcast-red"><b>The battle crashed</b><br />You can keep playing but it might crash again.</div>
|html|<div class="broadcast-red"><b>The battle crashed</b><br />You can keep playing but it might crash again.</div>
|html|<div class="broadcast-red"><b>The battle crashed</b><br />You can keep playing but it might crash again.</div>
|html|<div class="broadcast-red"><b>The battle crashed</b><br />You can keep playing but it might crash again.</div>
|html|<div class="broadcast-red"><b>The battle crashed</b><br />You can keep playing but it might crash again.</div>
|html|<div class="broadcast-red"><b>The battle crashed</b><br />You can keep playing but it might crash again.</div>
|html|<div class="broadcast-red"><b>The battle crashed</b><br />You can keep playing but it might crash again.</div>
|html|<div class="broadcast-red"><b>The battle crashed</b><br />You can keep playing but it might crash again.</div>
|html|<div class="broadcast-red"><b>The battle crashed</b><br />You can keep playing but it might crash again.</div>
|html|<div class="broadcast-red"><b>The battle crashed</b><br />You can keep playing but it might crash again.</div>
|html|<div class="broadcast-red"><b>The battle crashed</b><br />You can keep playing but it might crash again.</div>
|html|<div class="broadcast-red"><b>The battle crashed</b><br />You can keep playing but it might crash again.</div>
|html|<div class="broadcast-red"><b>The battle crashed</b><br />You can keep playing but it might crash again.</div>
|html|<div class="broadcast-red"><b>The battle crashed</b><br />You can keep playing but it might crash again.</div>
|html|<div class="broadcast-red"><b>The battle crashed</b><br />You can keep playing but it might crash again.</div>
|html|<div class="broadcast-red"><b>The battle crashed</b><br />You can keep playing but it might crash again.</div>
|html|<div class="broadcast-red"><b>The battle crashed</b><br />You can keep playing but it might crash again.</div>
|html|<div class="broadcast-red"><b>The battle crashed</b><br />You can keep playing but it might crash again.</div>
|html|<div class="broadcast-red"><b>The battle crashed</b><br />You can keep playing but it might crash again.</div>
|html|<div class="broadcast-red"><b>The battle crashed</b><br />You can keep playing but it might crash again.</div>
|html|<div class="broadcast-red"><b>The battle crashed</b><br />You can keep playing but it might crash again.</div>
|html|<div class="broadcast-red"><b>The battle crashed</b><br />You can keep playing but it might crash again.</div>
|html|<div class="broadcast-red"><b>The battle crashed</b><br />You can keep playing but it might crash again.</div>
|html|<div class="broadcast-red"><b>The battle crashed</b><br />You can keep playing but it might crash again.</div>
|html|<div class="broadcast-red"><b>The battle crashed</b><br />You can keep playing but it might crash again.</div>
|html|<div class="broadcast-red"><b>The battle crashed</b><br />You can keep playing but it might crash again.</div>
|html|<div class="broadcast-red"><b>The battle crashed</b><br />You can keep playing but it might crash again.</div>
|html|<div class="broadcast-red"><b>The battle crashed</b><br />You can keep playing but it might crash again.</div>
|html|<div class="broadcast-red"><b>The battle crashed</b><br />You can keep playing but it might crash again.</div>
|html|<div class="broadcast-red"><b>The battle crashed</b><br />You can keep playing but it might crash again.</div>
|html|<div class="broadcast-red"><b>The battle crashed</b><br />You can keep playing but it might crash again.</div>
|html|<div class="broadcast-red"><b>The battle crashed</b><br />You can keep playing but it might crash again.</div>
|html|<div class="broadcast-red"><b>The battle crashed</b><br />You can keep playing but it might crash again.</div>
|html|<div class="broadcast-red"><b>The battle crashed</b><br />You can keep playing but it might crash again.</div>
|html|<div class="broadcast-red"><b>The battle crashed</b><br />You can keep playing but it might crash again.</div>

TypeError: Cannot read property 'isActive' of null
    at Tools.Battle.makeRequest (/Users/clazinasteunenberg/Downloads/Test/battle-engine.js:1943:15)
    at process.BattlePokemon.side (/Users/clazinasteunenberg/Downloads/Test/battle-engine.js:157:13)
    at process.EventEmitter.emit (events.js:98:17)
    at handleMessage (child_process.js:318:10)
    at Pipe.channel.onread (child_process.js:345:11)

ReferenceError: potd is not defined
    at Tools.exports.BattleScripts.randomTeam (/Users/clazinasteunenberg/Downloads/Test/data/scripts.js:1522:8)
    at Tools.exports.BattleScripts.getTeam (/Users/clazinasteunenberg/Downloads/Test/data/scripts.js:488:16)
    at new BattleSide (/Users/clazinasteunenberg/Downloads/Test/battle-engine.js:1096:27)
    at Tools.Battle.join (/Users/clazinasteunenberg/Downloads/Test/battle-engine.js:3333:15)
    at Tools.Battle.receive (/Users/clazinasteunenberg/Downloads/Test/battle-engine.js:3390:9)
    at process.BattlePokemon.side (/Users/clazinasteunenberg/Downloads/Test/battle-engine.js:143:12)
    at process.EventEmitter.emit (events.js:98:17)
    at handleMessage (child_process.js:318:10)
    at Pipe.channel.onread (child_process.js:345:11)

Additional information:
message = battle-randombattle-497|join|p1|Meloetta<3V|134
currentRequest = 

Log:
|html|<div class="broadcast-red"><b>The battle crashed</b><br />You can keep playing but it might crash again.</div>
|html|<div class="broadcast-red"><b>The battle crashed</b><br />You can keep playing but it might crash again.</div>
|html|<div class="broadcast-red"><b>The battle crashed</b><br />You can keep playing but it might crash again.</div>
|html|<div class="broadcast-red"><b>The battle crashed</b><br />You can keep playing but it might crash again.</div>
|html|<div class="broadcast-red"><b>The battle crashed</b><br />You can keep playing but it might crash again.</div>
|html|<div class="broadcast-red"><b>The battle crashed</b><br />You can keep playing but it might crash again.</div>
|html|<div class="broadcast-red"><b>The battle crashed</b><br />You can keep playing but it might crash again.</div>
|html|<div class="broadcast-red"><b>The battle crashed</b><br />You can keep playing but it might crash again.</div>
|html|<div class="broadcast-red"><b>The battle crashed</b><br />You can keep playing but it might crash again.</div>
|html|<div class="broadcast-red"><b>The battle crashed</b><br />You can keep playing but it might crash again.</div>
|html|<div class="broadcast-red"><b>The battle crashed</b><br />You can keep playing but it might crash again.</div>
|html|<div class="broadcast-red"><b>The battle crashed</b><br />You can keep playing but it might crash again.</div>
|html|<div class="broadcast-red"><b>The battle crashed</b><br />You can keep playing but it might crash again.</div>
|html|<div class="broadcast-red"><b>The battle crashed</b><br />You can keep playing but it might crash again.</div>
|html|<div class="broadcast-red"><b>The battle crashed</b><br />You can keep playing but it might crash again.</div>
|html|<div class="broadcast-red"><b>The battle crashed</b><br />You can keep playing but it might crash again.</div>
|html|<div class="broadcast-red"><b>The battle crashed</b><br />You can keep playing but it might crash again.</div>
|html|<div class="broadcast-red"><b>The battle crashed</b><br />You can keep playing but it might crash again.</div>
|html|<div class="broadcast-red"><b>The battle crashed</b><br />You can keep playing but it might crash again.</div>
|html|<div class="broadcast-red"><b>The battle crashed</b><br />You can keep playing but it might crash again.</div>
|html|<div class="broadcast-red"><b>The battle crashed</b><br />You can keep playing but it might crash again.</div>
|html|<div class="broadcast-red"><b>The battle crashed</b><br />You can keep playing but it might crash again.</div>
|html|<div class="broadcast-red"><b>The battle crashed</b><br />You can keep playing but it might crash again.</div>
|html|<div class="broadcast-red"><b>The battle crashed</b><br />You can keep playing but it might crash again.</div>
|html|<div class="broadcast-red"><b>The battle crashed</b><br />You can keep playing but it might crash again.</div>
|html|<div class="broadcast-red"><b>The battle crashed</b><br />You can keep playing but it might crash again.</div>
|html|<div class="broadcast-red"><b>The battle crashed</b><br />You can keep playing but it might crash again.</div>
|html|<div class="broadcast-red"><b>The battle crashed</b><br />You can keep playing but it might crash again.</div>
|html|<div class="broadcast-red"><b>The battle crashed</b><br />You can keep playing but it might crash again.</div>
|html|<div class="broadcast-red"><b>The battle crashed</b><br />You can keep playing but it might crash again.</div>
|html|<div class="broadcast-red"><b>The battle crashed</b><br />You can keep playing but it might crash again.</div>
|html|<div class="broadcast-red"><b>The battle crashed</b><br />You can keep playing but it might crash again.</div>
|html|<div class="broadcast-red"><b>The battle crashed</b><br />You can keep playing but it might crash again.</div>
|html|<div class="broadcast-red"><b>The battle crashed</b><br />You can keep playing but it might crash again.</div>
|html|<div class="broadcast-red"><b>The battle crashed</b><br />You can keep playing but it might crash again.</div>
|html|<div class="broadcast-red"><b>The battle crashed</b><br />You can keep playing but it might crash again.</div>
|html|<div class="broadcast-red"><b>The battle crashed</b><br />You can keep playing but it might crash again.</div>
|html|<div class="broadcast-red"><b>The battle crashed</b><br />You can keep playing but it might crash again.</div>
|html|<div class="broadcast-red"><b>The battle crashed</b><br />You can keep playing but it might crash again.</div>
|html|<div class="broadcast-red"><b>The battle crashed</b><br />You can keep playing but it might crash again.</div>
|html|<div class="broadcast-red"><b>The battle crashed</b><br />You can keep playing but it might crash again.</div>
|html|<div class="broadcast-red"><b>The battle crashed</b><br />You can keep playing but it might crash again.</div>
|html|<div class="broadcast-red"><b>The battle crashed</b><br />You can keep playing but it might crash again.</div>
|html|<div class="broadcast-red"><b>The battle crashed</b><br />You can keep playing but it might crash again.</div>
|html|<div class="broadcast-red"><b>The battle crashed</b><br />You can keep playing but it might crash again.</div>
|html|<div class="broadcast-red"><b>The battle crashed</b><br />You can keep playing but it might crash again.</div>
|html|<div class="broadcast-red"><b>The battle crashed</b><br />You can keep playing but it might crash again.</div>
|html|<div class="broadcast-red"><b>The battle crashed</b><br />You can keep playing but it might crash again.</div>
|html|<div class="broadcast-red"><b>The battle crashed</b><br />You can keep playing but it might crash again.</div>
|html|<div class="broadcast-red"><b>The battle crashed</b><br />You can keep playing but it might crash again.</div>
|html|<div class="broadcast-red"><b>The battle crashed</b><br />You can keep playing but it might crash again.</div>
|html|<div class="broadcast-red"><b>The battle crashed</b><br />You can keep playing but it might crash again.</div>
|html|<div class="broadcast-red"><b>The battle crashed</b><br />You can keep playing but it might crash again.</div>
|html|<div class="broadcast-red"><b>The battle crashed</b><br />You can keep playing but it might crash again.</div>
|html|<div class="broadcast-red"><b>The battle crashed</b><br />You can keep playing but it might crash again.</div>
|html|<div class="broadcast-red"><b>The battle crashed</b><br />You can keep playing but it might crash again.</div>
|html|<div class="broadcast-red"><b>The battle crashed</b><br />You can keep playing but it might crash again.</div>
|html|<div class="broadcast-red"><b>The battle crashed</b><br />You can keep playing but it might crash again.</div>
|html|<div class="broadcast-red"><b>The battle crashed</b><br />You can keep playing but it might crash again.</div>
|html|<div class="broadcast-red"><b>The battle crashed</b><br />You can keep playing but it might crash again.</div>
|html|<div class="broadcast-red"><b>The battle crashed</b><br />You can keep playing but it might crash again.</div>
|html|<div class="broadcast-red"><b>The battle crashed</b><br />You can keep playing but it might crash again.</div>
|html|<div class="broadcast-red"><b>The battle crashed</b><br />You can keep playing but it might crash again.</div>
|html|<div class="broadcast-red"><b>The battle crashed</b><br />You can keep playing but it might crash again.</div>
|html|<div class="broadcast-red"><b>The battle crashed</b><br />You can keep playing but it might crash again.</div>
|html|<div class="broadcast-red"><b>The battle crashed</b><br />You can keep playing but it might crash again.</div>
|html|<div class="broadcast-red"><b>The battle crashed</b><br />You can keep playing but it might crash again.</div>
|html|<div class="broadcast-red"><b>The battle crashed</b><br />You can keep playing but it might crash again.</div>
|html|<div class="broadcast-red"><b>The battle crashed</b><br />You can keep playing but it might crash again.</div>
|html|<div class="broadcast-red"><b>The battle crashed</b><br />You can keep playing but it might crash again.</div>
|html|<div class="broadcast-red"><b>The battle crashed</b><br />You can keep playing but it might crash again.</div>
|html|<div class="broadcast-red"><b>The battle crashed</b><br />You can keep playing but it might crash again.</div>
|html|<div class="broadcast-red"><b>The battle crashed</b><br />You can keep playing but it might crash again.</div>
|html|<div class="broadcast-red"><b>The battle crashed</b><br />You can keep playing but it might crash again.</div>
|html|<div class="broadcast-red"><b>The battle crashed</b><br />You can keep playing but it might crash again.</div>
|html|<div class="broadcast-red"><b>The battle crashed</b><br />You can keep playing but it might crash again.</div>
|html|<div class="broadcast-red"><b>The battle crashed</b><br />You can keep playing but it might crash again.</div>
|html|<div class="broadcast-red"><b>The battle crashed</b><br />You can keep playing but it might crash again.</div>
|html|<div class="broadcast-red"><b>The battle crashed</b><br />You can keep playing but it might crash again.</div>
|html|<div class="broadcast-red"><b>The battle crashed</b><br />You can keep playing but it might crash again.</div>
|html|<div class="broadcast-red"><b>The battle crashed</b><br />You can keep playing but it might crash again.</div>
|html|<div class="broadcast-red"><b>The battle crashed</b><br />You can keep playing but it might crash again.</div>
|html|<div class="broadcast-red"><b>The battle crashed</b><br />You can keep playing but it might crash again.</div>
|html|<div class="broadcast-red"><b>The battle crashed</b><br />You can keep playing but it might crash again.</div>
|html|<div class="broadcast-red"><b>The battle crashed</b><br />You can keep playing but it might crash again.</div>
|html|<div class="broadcast-red"><b>The battle crashed</b><br />You can keep playing but it might crash again.</div>
|html|<div class="broadcast-red"><b>The battle crashed</b><br />You can keep playing but it might crash again.</div>
|html|<div class="broadcast-red"><b>The battle crashed</b><br />You can keep playing but it might crash again.</div>
|html|<div class="broadcast-red"><b>The battle crashed</b><br />You can keep playing but it might crash again.</div>
|html|<div class="broadcast-red"><b>The battle crashed</b><br />You can keep playing but it might crash again.</div>
|html|<div class="broadcast-red"><b>The battle crashed</b><br />You can keep playing but it might crash again.</div>
|html|<div class="broadcast-red"><b>The battle crashed</b><br />You can keep playing but it might crash again.</div>
|html|<div class="broadcast-red"><b>The battle crashed</b><br />You can keep playing but it might crash again.</div>
|html|<div class="broadcast-red"><b>The battle crashed</b><br />You can keep playing but it might crash again.</div>
|html|<div class="broadcast-red"><b>The battle crashed</b><br />You can keep playing but it might crash again.</div>
|html|<div class="broadcast-red"><b>The battle crashed</b><br />You can keep playing but it might crash again.</div>
|html|<div class="broadcast-red"><b>The battle crashed</b><br />You can keep playing but it might crash again.</div>
|html|<div class="broadcast-red"><b>The battle crashed</b><br />You can keep playing but it might crash again.</div>
|html|<div class="broadcast-red"><b>The battle crashed</b><br />You can keep playing but it might crash again.</div>
|html|<div class="broadcast-red"><b>The battle crashed</b><br />You can keep playing but it might crash again.</div>
|html|<div class="broadcast-red"><b>The battle crashed</b><br />You can keep playing but it might crash again.</div>
|html|<div class="broadcast-red"><b>The battle crashed</b><br />You can keep playing but it might crash again.</div>
|html|<div class="broadcast-red"><b>The battle crashed</b><br />You can keep playing but it might crash again.</div>
|html|<div class="broadcast-red"><b>The battle crashed</b><br />You can keep playing but it might crash again.</div>
|html|<div class="broadcast-red"><b>The battle crashed</b><br />You can keep playing but it might crash again.</div>
|html|<div class="broadcast-red"><b>The battle crashed</b><br />You can keep playing but it might crash again.</div>
|html|<div class="broadcast-red"><b>The battle crashed</b><br />You can keep playing but it might crash again.</div>
|html|<div class="broadcast-red"><b>The battle crashed</b><br />You can keep playing but it might crash again.</div>
|html|<div class="broadcast-red"><b>The battle crashed</b><br />You can keep playing but it might crash again.</div>
|html|<div class="broadcast-red"><b>The battle crashed</b><br />You can keep playing but it might crash again.</div>
|html|<div class="broadcast-red"><b>The battle crashed</b><br />You can keep playing but it might crash again.</div>
|html|<div class="broadcast-red"><b>The battle crashed</b><br />You can keep playing but it might crash again.</div>
|html|<div class="broadcast-red"><b>The battle crashed</b><br />You can keep playing but it might crash again.</div>
|html|<div class="broadcast-red"><b>The battle crashed</b><br />You can keep playing but it might crash again.</div>
|html|<div class="broadcast-red"><b>The battle crashed</b><br />You can keep playing but it might crash again.</div>
|html|<div class="broadcast-red"><b>The battle crashed</b><br />You can keep playing but it might crash again.</div>
|html|<div class="broadcast-red"><b>The battle crashed</b><br />You can keep playing but it might crash again.</div>
|html|<div class="broadcast-red"><b>The battle crashed</b><br />You can keep playing but it might crash again.</div>
|html|<div class="broadcast-red"><b>The battle crashed</b><br />You can keep playing but it might crash again.</div>
|html|<div class="broadcast-red"><b>The battle crashed</b><br />You can keep playing but it might crash again.</div>
|html|<div class="broadcast-red"><b>The battle crashed</b><br />You can keep playing but it might crash again.</div>
|html|<div class="broadcast-red"><b>The battle crashed</b><br />You can keep playing but it might crash again.</div>
|html|<div class="broadcast-red"><b>The battle crashed</b><br />You can keep playing but it might crash again.</div>
|html|<div class="broadcast-red"><b>The battle crashed</b><br />You can keep playing but it might crash again.</div>
|html|<div class="broadcast-red"><b>The battle crashed</b><br />You can keep playing but it might crash again.</div>
|html|<div class="broadcast-red"><b>The battle crashed</b><br />You can keep playing but it might crash again.</div>
|html|<div class="broadcast-red"><b>The battle crashed</b><br />You can keep playing but it might crash again.</div>
|html|<div class="broadcast-red"><b>The battle crashed</b><br />You can keep playing but it might crash again.</div>
|html|<div class="broadcast-red"><b>The battle crashed</b><br />You can keep playing but it might crash again.</div>
|html|<div class="broadcast-red"><b>The battle crashed</b><br />You can keep playing but it might crash again.</div>
|html|<div class="broadcast-red"><b>The battle crashed</b><br />You can keep playing but it might crash again.</div>
|html|<div class="broadcast-red"><b>The battle crashed</b><br />You can keep playing but it might crash again.</div>
|html|<div class="broadcast-red"><b>The battle crashed</b><br />You can keep playing but it might crash again.</div>
|html|<div class="broadcast-red"><b>The battle crashed</b><br />You can keep playing but it might crash again.</div>
|html|<div class="broadcast-red"><b>The battle crashed</b><br />You can keep playing but it might crash again.</div>
|html|<div class="broadcast-red"><b>The battle crashed</b><br />You can keep playing but it might crash again.</div>
|html|<div class="broadcast-red"><b>The battle crashed</b><br />You can keep playing but it might crash again.</div>
|html|<div class="broadcast-red"><b>The battle crashed</b><br />You can keep playing but it might crash again.</div>
|html|<div class="broadcast-red"><b>The battle crashed</b><br />You can keep playing but it might crash again.</div>
|html|<div class="broadcast-red"><b>The battle crashed</b><br />You can keep playing but it might crash again.</div>
|html|<div class="broadcast-red"><b>The battle crashed</b><br />You can keep playing but it might crash again.</div>
|html|<div class="broadcast-red"><b>The battle crashed</b><br />You can keep playing but it might crash again.</div>
|html|<div class="broadcast-red"><b>The battle crashed</b><br />You can keep playing but it might crash again.</div>
|html|<div class="broadcast-red"><b>The battle crashed</b><br />You can keep playing but it might crash again.</div>
|html|<div class="broadcast-red"><b>The battle crashed</b><br />You can keep playing but it might crash again.</div>
|html|<div class="broadcast-red"><b>The battle crashed</b><br />You can keep playing but it might crash again.</div>
|html|<div class="broadcast-red"><b>The battle crashed</b><br />You can keep playing but it might crash again.</div>
|html|<div class="broadcast-red"><b>The battle crashed</b><br />You can keep playing but it might crash again.</div>
|html|<div class="broadcast-red"><b>The battle crashed</b><br />You can keep playing but it might crash again.</div>
|html|<div class="broadcast-red"><b>The battle crashed</b><br />You can keep playing but it might crash again.</div>
|html|<div class="broadcast-red"><b>The battle crashed</b><br />You can keep playing but it might crash again.</div>
|html|<div class="broadcast-red"><b>The battle crashed</b><br />You can keep playing but it might crash again.</div>

TypeError: Cannot read property 'isActive' of null
    at Tools.Battle.makeRequest (/Users/clazinasteunenberg/Downloads/Test/battle-engine.js:1943:15)
    at process.BattlePokemon.side (/Users/clazinasteunenberg/Downloads/Test/battle-engine.js:157:13)
    at process.EventEmitter.emit (events.js:98:17)
    at handleMessage (child_process.js:318:10)
    at Pipe.channel.onread (child_process.js:345:11)

ReferenceError: potd is not defined
    at Tools.exports.BattleScripts.randomTeam (/Users/clazinasteunenberg/Downloads/Test/data/scripts.js:1522:8)
    at Tools.exports.BattleScripts.getTeam (/Users/clazinasteunenberg/Downloads/Test/data/scripts.js:488:16)
    at new BattleSide (/Users/clazinasteunenberg/Downloads/Test/battle-engine.js:1096:27)
    at Tools.Battle.join (/Users/clazinasteunenberg/Downloads/Test/battle-engine.js:3333:15)
    at Tools.Battle.receive (/Users/clazinasteunenberg/Downloads/Test/battle-engine.js:3390:9)
    at process.BattlePokemon.side (/Users/clazinasteunenberg/Downloads/Test/battle-engine.js:143:12)
    at process.EventEmitter.emit (events.js:98:17)
    at handleMessage (child_process.js:318:10)
    at Pipe.channel.onread (child_process.js:345:11)

Additional information:
message = battle-randombattle-497|join|p1|Meloetta<3V|134
currentRequest = 

Log:
|html|<div class="broadcast-red"><b>The battle crashed</b><br />You can keep playing but it might crash again.</div>
|html|<div class="broadcast-red"><b>The battle crashed</b><br />You can keep playing but it might crash again.</div>
|html|<div class="broadcast-red"><b>The battle crashed</b><br />You can keep playing but it might crash again.</div>
|html|<div class="broadcast-red"><b>The battle crashed</b><br />You can keep playing but it might crash again.</div>
|html|<div class="broadcast-red"><b>The battle crashed</b><br />You can keep playing but it might crash again.</div>
|html|<div class="broadcast-red"><b>The battle crashed</b><br />You can keep playing but it might crash again.</div>
|html|<div class="broadcast-red"><b>The battle crashed</b><br />You can keep playing but it might crash again.</div>
|html|<div class="broadcast-red"><b>The battle crashed</b><br />You can keep playing but it might crash again.</div>
|html|<div class="broadcast-red"><b>The battle crashed</b><br />You can keep playing but it might crash again.</div>
|html|<div class="broadcast-red"><b>The battle crashed</b><br />You can keep playing but it might crash again.</div>
|html|<div class="broadcast-red"><b>The battle crashed</b><br />You can keep playing but it might crash again.</div>
|html|<div class="broadcast-red"><b>The battle crashed</b><br />You can keep playing but it might crash again.</div>
|html|<div class="broadcast-red"><b>The battle crashed</b><br />You can keep playing but it might crash again.</div>
|html|<div class="broadcast-red"><b>The battle crashed</b><br />You can keep playing but it might crash again.</div>
|html|<div class="broadcast-red"><b>The battle crashed</b><br />You can keep playing but it might crash again.</div>
|html|<div class="broadcast-red"><b>The battle crashed</b><br />You can keep playing but it might crash again.</div>
|html|<div class="broadcast-red"><b>The battle crashed</b><br />You can keep playing but it might crash again.</div>
|html|<div class="broadcast-red"><b>The battle crashed</b><br />You can keep playing but it might crash again.</div>
|html|<div class="broadcast-red"><b>The battle crashed</b><br />You can keep playing but it might crash again.</div>
|html|<div class="broadcast-red"><b>The battle crashed</b><br />You can keep playing but it might crash again.</div>
|html|<div class="broadcast-red"><b>The battle crashed</b><br />You can keep playing but it might crash again.</div>
|html|<div class="broadcast-red"><b>The battle crashed</b><br />You can keep playing but it might crash again.</div>
|html|<div class="broadcast-red"><b>The battle crashed</b><br />You can keep playing but it might crash again.</div>
|html|<div class="broadcast-red"><b>The battle crashed</b><br />You can keep playing but it might crash again.</div>
|html|<div class="broadcast-red"><b>The battle crashed</b><br />You can keep playing but it might crash again.</div>
|html|<div class="broadcast-red"><b>The battle crashed</b><br />You can keep playing but it might crash again.</div>
|html|<div class="broadcast-red"><b>The battle crashed</b><br />You can keep playing but it might crash again.</div>
|html|<div class="broadcast-red"><b>The battle crashed</b><br />You can keep playing but it might crash again.</div>
|html|<div class="broadcast-red"><b>The battle crashed</b><br />You can keep playing but it might crash again.</div>
|html|<div class="broadcast-red"><b>The battle crashed</b><br />You can keep playing but it might crash again.</div>
|html|<div class="broadcast-red"><b>The battle crashed</b><br />You can keep playing but it might crash again.</div>
|html|<div class="broadcast-red"><b>The battle crashed</b><br />You can keep playing but it might crash again.</div>
|html|<div class="broadcast-red"><b>The battle crashed</b><br />You can keep playing but it might crash again.</div>
|html|<div class="broadcast-red"><b>The battle crashed</b><br />You can keep playing but it might crash again.</div>
|html|<div class="broadcast-red"><b>The battle crashed</b><br />You can keep playing but it might crash again.</div>
|html|<div class="broadcast-red"><b>The battle crashed</b><br />You can keep playing but it might crash again.</div>
|html|<div class="broadcast-red"><b>The battle crashed</b><br />You can keep playing but it might crash again.</div>
|html|<div class="broadcast-red"><b>The battle crashed</b><br />You can keep playing but it might crash again.</div>
|html|<div class="broadcast-red"><b>The battle crashed</b><br />You can keep playing but it might crash again.</div>
|html|<div class="broadcast-red"><b>The battle crashed</b><br />You can keep playing but it might crash again.</div>
|html|<div class="broadcast-red"><b>The battle crashed</b><br />You can keep playing but it might crash again.</div>
|html|<div class="broadcast-red"><b>The battle crashed</b><br />You can keep playing but it might crash again.</div>
|html|<div class="broadcast-red"><b>The battle crashed</b><br />You can keep playing but it might crash again.</div>
|html|<div class="broadcast-red"><b>The battle crashed</b><br />You can keep playing but it might crash again.</div>
|html|<div class="broadcast-red"><b>The battle crashed</b><br />You can keep playing but it might crash again.</div>
|html|<div class="broadcast-red"><b>The battle crashed</b><br />You can keep playing but it might crash again.</div>
|html|<div class="broadcast-red"><b>The battle crashed</b><br />You can keep playing but it might crash again.</div>
|html|<div class="broadcast-red"><b>The battle crashed</b><br />You can keep playing but it might crash again.</div>
|html|<div class="broadcast-red"><b>The battle crashed</b><br />You can keep playing but it might crash again.</div>
|html|<div class="broadcast-red"><b>The battle crashed</b><br />You can keep playing but it might crash again.</div>
|html|<div class="broadcast-red"><b>The battle crashed</b><br />You can keep playing but it might crash again.</div>
|html|<div class="broadcast-red"><b>The battle crashed</b><br />You can keep playing but it might crash again.</div>
|html|<div class="broadcast-red"><b>The battle crashed</b><br />You can keep playing but it might crash again.</div>
|html|<div class="broadcast-red"><b>The battle crashed</b><br />You can keep playing but it might crash again.</div>
|html|<div class="broadcast-red"><b>The battle crashed</b><br />You can keep playing but it might crash again.</div>
|html|<div class="broadcast-red"><b>The battle crashed</b><br />You can keep playing but it might crash again.</div>
|html|<div class="broadcast-red"><b>The battle crashed</b><br />You can keep playing but it might crash again.</div>
|html|<div class="broadcast-red"><b>The battle crashed</b><br />You can keep playing but it might crash again.</div>
|html|<div class="broadcast-red"><b>The battle crashed</b><br />You can keep playing but it might crash again.</div>
|html|<div class="broadcast-red"><b>The battle crashed</b><br />You can keep playing but it might crash again.</div>
|html|<div class="broadcast-red"><b>The battle crashed</b><br />You can keep playing but it might crash again.</div>
|html|<div class="broadcast-red"><b>The battle crashed</b><br />You can keep playing but it might crash again.</div>
|html|<div class="broadcast-red"><b>The battle crashed</b><br />You can keep playing but it might crash again.</div>
|html|<div class="broadcast-red"><b>The battle crashed</b><br />You can keep playing but it might crash again.</div>
|html|<div class="broadcast-red"><b>The battle crashed</b><br />You can keep playing but it might crash again.</div>
|html|<div class="broadcast-red"><b>The battle crashed</b><br />You can keep playing but it might crash again.</div>
|html|<div class="broadcast-red"><b>The battle crashed</b><br />You can keep playing but it might crash again.</div>
|html|<div class="broadcast-red"><b>The battle crashed</b><br />You can keep playing but it might crash again.</div>
|html|<div class="broadcast-red"><b>The battle crashed</b><br />You can keep playing but it might crash again.</div>
|html|<div class="broadcast-red"><b>The battle crashed</b><br />You can keep playing but it might crash again.</div>
|html|<div class="broadcast-red"><b>The battle crashed</b><br />You can keep playing but it might crash again.</div>
|html|<div class="broadcast-red"><b>The battle crashed</b><br />You can keep playing but it might crash again.</div>
|html|<div class="broadcast-red"><b>The battle crashed</b><br />You can keep playing but it might crash again.</div>
|html|<div class="broadcast-red"><b>The battle crashed</b><br />You can keep playing but it might crash again.</div>
|html|<div class="broadcast-red"><b>The battle crashed</b><br />You can keep playing but it might crash again.</div>
|html|<div class="broadcast-red"><b>The battle crashed</b><br />You can keep playing but it might crash again.</div>
|html|<div class="broadcast-red"><b>The battle crashed</b><br />You can keep playing but it might crash again.</div>
|html|<div class="broadcast-red"><b>The battle crashed</b><br />You can keep playing but it might crash again.</div>
|html|<div class="broadcast-red"><b>The battle crashed</b><br />You can keep playing but it might crash again.</div>
|html|<div class="broadcast-red"><b>The battle crashed</b><br />You can keep playing but it might crash again.</div>
|html|<div class="broadcast-red"><b>The battle crashed</b><br />You can keep playing but it might crash again.</div>
|html|<div class="broadcast-red"><b>The battle crashed</b><br />You can keep playing but it might crash again.</div>
|html|<div class="broadcast-red"><b>The battle crashed</b><br />You can keep playing but it might crash again.</div>
|html|<div class="broadcast-red"><b>The battle crashed</b><br />You can keep playing but it might crash again.</div>
|html|<div class="broadcast-red"><b>The battle crashed</b><br />You can keep playing but it might crash again.</div>
|html|<div class="broadcast-red"><b>The battle crashed</b><br />You can keep playing but it might crash again.</div>
|html|<div class="broadcast-red"><b>The battle crashed</b><br />You can keep playing but it might crash again.</div>
|html|<div class="broadcast-red"><b>The battle crashed</b><br />You can keep playing but it might crash again.</div>
|html|<div class="broadcast-red"><b>The battle crashed</b><br />You can keep playing but it might crash again.</div>
|html|<div class="broadcast-red"><b>The battle crashed</b><br />You can keep playing but it might crash again.</div>
|html|<div class="broadcast-red"><b>The battle crashed</b><br />You can keep playing but it might crash again.</div>
|html|<div class="broadcast-red"><b>The battle crashed</b><br />You can keep playing but it might crash again.</div>
|html|<div class="broadcast-red"><b>The battle crashed</b><br />You can keep playing but it might crash again.</div>
|html|<div class="broadcast-red"><b>The battle crashed</b><br />You can keep playing but it might crash again.</div>
|html|<div class="broadcast-red"><b>The battle crashed</b><br />You can keep playing but it might crash again.</div>
|html|<div class="broadcast-red"><b>The battle crashed</b><br />You can keep playing but it might crash again.</div>
|html|<div class="broadcast-red"><b>The battle crashed</b><br />You can keep playing but it might crash again.</div>
|html|<div class="broadcast-red"><b>The battle crashed</b><br />You can keep playing but it might crash again.</div>
|html|<div class="broadcast-red"><b>The battle crashed</b><br />You can keep playing but it might crash again.</div>
|html|<div class="broadcast-red"><b>The battle crashed</b><br />You can keep playing but it might crash again.</div>
|html|<div class="broadcast-red"><b>The battle crashed</b><br />You can keep playing but it might crash again.</div>
|html|<div class="broadcast-red"><b>The battle crashed</b><br />You can keep playing but it might crash again.</div>
|html|<div class="broadcast-red"><b>The battle crashed</b><br />You can keep playing but it might crash again.</div>
|html|<div class="broadcast-red"><b>The battle crashed</b><br />You can keep playing but it might crash again.</div>
|html|<div class="broadcast-red"><b>The battle crashed</b><br />You can keep playing but it might crash again.</div>
|html|<div class="broadcast-red"><b>The battle crashed</b><br />You can keep playing but it might crash again.</div>
|html|<div class="broadcast-red"><b>The battle crashed</b><br />You can keep playing but it might crash again.</div>
|html|<div class="broadcast-red"><b>The battle crashed</b><br />You can keep playing but it might crash again.</div>
|html|<div class="broadcast-red"><b>The battle crashed</b><br />You can keep playing but it might crash again.</div>
|html|<div class="broadcast-red"><b>The battle crashed</b><br />You can keep playing but it might crash again.</div>
|html|<div class="broadcast-red"><b>The battle crashed</b><br />You can keep playing but it might crash again.</div>
|html|<div class="broadcast-red"><b>The battle crashed</b><br />You can keep playing but it might crash again.</div>
|html|<div class="broadcast-red"><b>The battle crashed</b><br />You can keep playing but it might crash again.</div>
|html|<div class="broadcast-red"><b>The battle crashed</b><br />You can keep playing but it might crash again.</div>
|html|<div class="broadcast-red"><b>The battle crashed</b><br />You can keep playing but it might crash again.</div>
|html|<div class="broadcast-red"><b>The battle crashed</b><br />You can keep playing but it might crash again.</div>
|html|<div class="broadcast-red"><b>The battle crashed</b><br />You can keep playing but it might crash again.</div>
|html|<div class="broadcast-red"><b>The battle crashed</b><br />You can keep playing but it might crash again.</div>
|html|<div class="broadcast-red"><b>The battle crashed</b><br />You can keep playing but it might crash again.</div>
|html|<div class="broadcast-red"><b>The battle crashed</b><br />You can keep playing but it might crash again.</div>
|html|<div class="broadcast-red"><b>The battle crashed</b><br />You can keep playing but it might crash again.</div>
|html|<div class="broadcast-red"><b>The battle crashed</b><br />You can keep playing but it might crash again.</div>
|html|<div class="broadcast-red"><b>The battle crashed</b><br />You can keep playing but it might crash again.</div>
|html|<div class="broadcast-red"><b>The battle crashed</b><br />You can keep playing but it might crash again.</div>
|html|<div class="broadcast-red"><b>The battle crashed</b><br />You can keep playing but it might crash again.</div>
|html|<div class="broadcast-red"><b>The battle crashed</b><br />You can keep playing but it might crash again.</div>
|html|<div class="broadcast-red"><b>The battle crashed</b><br />You can keep playing but it might crash again.</div>
|html|<div class="broadcast-red"><b>The battle crashed</b><br />You can keep playing but it might crash again.</div>
|html|<div class="broadcast-red"><b>The battle crashed</b><br />You can keep playing but it might crash again.</div>
|html|<div class="broadcast-red"><b>The battle crashed</b><br />You can keep playing but it might crash again.</div>
|html|<div class="broadcast-red"><b>The battle crashed</b><br />You can keep playing but it might crash again.</div>
|html|<div class="broadcast-red"><b>The battle crashed</b><br />You can keep playing but it might crash again.</div>
|html|<div class="broadcast-red"><b>The battle crashed</b><br />You can keep playing but it might crash again.</div>
|html|<div class="broadcast-red"><b>The battle crashed</b><br />You can keep playing but it might crash again.</div>
|html|<div class="broadcast-red"><b>The battle crashed</b><br />You can keep playing but it might crash again.</div>
|html|<div class="broadcast-red"><b>The battle crashed</b><br />You can keep playing but it might crash again.</div>
|html|<div class="broadcast-red"><b>The battle crashed</b><br />You can keep playing but it might crash again.</div>
|html|<div class="broadcast-red"><b>The battle crashed</b><br />You can keep playing but it might crash again.</div>
|html|<div class="broadcast-red"><b>The battle crashed</b><br />You can keep playing but it might crash again.</div>
|html|<div class="broadcast-red"><b>The battle crashed</b><br />You can keep playing but it might crash again.</div>
|html|<div class="broadcast-red"><b>The battle crashed</b><br />You can keep playing but it might crash again.</div>
|html|<div class="broadcast-red"><b>The battle crashed</b><br />You can keep playing but it might crash again.</div>
|html|<div class="broadcast-red"><b>The battle crashed</b><br />You can keep playing but it might crash again.</div>
|html|<div class="broadcast-red"><b>The battle crashed</b><br />You can keep playing but it might crash again.</div>
|html|<div class="broadcast-red"><b>The battle crashed</b><br />You can keep playing but it might crash again.</div>
|html|<div class="broadcast-red"><b>The battle crashed</b><br />You can keep playing but it might crash again.</div>
|html|<div class="broadcast-red"><b>The battle crashed</b><br />You can keep playing but it might crash again.</div>
|html|<div class="broadcast-red"><b>The battle crashed</b><br />You can keep playing but it might crash again.</div>
|html|<div class="broadcast-red"><b>The battle crashed</b><br />You can keep playing but it might crash again.</div>
|html|<div class="broadcast-red"><b>The battle crashed</b><br />You can keep playing but it might crash again.</div>
|html|<div class="broadcast-red"><b>The battle crashed</b><br />You can keep playing but it might crash again.</div>
|html|<div class="broadcast-red"><b>The battle crashed</b><br />You can keep playing but it might crash again.</div>
|html|<div class="broadcast-red"><b>The battle crashed</b><br />You can keep playing but it might crash again.</div>

TypeError: Cannot read property 'isActive' of null
    at Tools.Battle.makeRequest (/Users/clazinasteunenberg/Downloads/Test/battle-engine.js:1943:15)
    at process.BattlePokemon.side (/Users/clazinasteunenberg/Downloads/Test/battle-engine.js:157:13)
    at process.EventEmitter.emit (events.js:98:17)
    at handleMessage (child_process.js:318:10)
    at Pipe.channel.onread (child_process.js:345:11)

ReferenceError: potd is not defined
    at Tools.exports.BattleScripts.randomTeam (/Users/clazinasteunenberg/Downloads/Test/data/scripts.js:1522:8)
    at Tools.exports.BattleScripts.getTeam (/Users/clazinasteunenberg/Downloads/Test/data/scripts.js:488:16)
    at new BattleSide (/Users/clazinasteunenberg/Downloads/Test/battle-engine.js:1096:27)
    at Tools.Battle.join (/Users/clazinasteunenberg/Downloads/Test/battle-engine.js:3333:15)
    at Tools.Battle.receive (/Users/clazinasteunenberg/Downloads/Test/battle-engine.js:3390:9)
    at process.BattlePokemon.side (/Users/clazinasteunenberg/Downloads/Test/battle-engine.js:143:12)
    at process.EventEmitter.emit (events.js:98:17)
    at handleMessage (child_process.js:318:10)
    at Pipe.channel.onread (child_process.js:345:11)

Additional information:
message = battle-randombattle-494|join|p1|Grizzlajoe|109
currentRequest = 

Log:
|html|<div class="broadcast-red"><b>The battle crashed</b><br />You can keep playing but it might crash again.</div>
|html|<div class="broadcast-red"><b>The battle crashed</b><br />You can keep playing but it might crash again.</div>
|html|<div class="broadcast-red"><b>The battle crashed</b><br />You can keep playing but it might crash again.</div>
|html|<div class="broadcast-red"><b>The battle crashed</b><br />You can keep playing but it might crash again.</div>
|html|<div class="broadcast-red"><b>The battle crashed</b><br />You can keep playing but it might crash again.</div>
|html|<div class="broadcast-red"><b>The battle crashed</b><br />You can keep playing but it might crash again.</div>
|html|<div class="broadcast-red"><b>The battle crashed</b><br />You can keep playing but it might crash again.</div>
|html|<div class="broadcast-red"><b>The battle crashed</b><br />You can keep playing but it might crash again.</div>
|html|<div class="broadcast-red"><b>The battle crashed</b><br />You can keep playing but it might crash again.</div>
|html|<div class="broadcast-red"><b>The battle crashed</b><br />You can keep playing but it might crash again.</div>
|html|<div class="broadcast-red"><b>The battle crashed</b><br />You can keep playing but it might crash again.</div>
|html|<div class="broadcast-red"><b>The battle crashed</b><br />You can keep playing but it might crash again.</div>
|html|<div class="broadcast-red"><b>The battle crashed</b><br />You can keep playing but it might crash again.</div>
|html|<div class="broadcast-red"><b>The battle crashed</b><br />You can keep playing but it might crash again.</div>
|html|<div class="broadcast-red"><b>The battle crashed</b><br />You can keep playing but it might crash again.</div>
|html|<div class="broadcast-red"><b>The battle crashed</b><br />You can keep playing but it might crash again.</div>
|html|<div class="broadcast-red"><b>The battle crashed</b><br />You can keep playing but it might crash again.</div>
|html|<div class="broadcast-red"><b>The battle crashed</b><br />You can keep playing but it might crash again.</div>
|html|<div class="broadcast-red"><b>The battle crashed</b><br />You can keep playing but it might crash again.</div>
|html|<div class="broadcast-red"><b>The battle crashed</b><br />You can keep playing but it might crash again.</div>
|html|<div class="broadcast-red"><b>The battle crashed</b><br />You can keep playing but it might crash again.</div>
|html|<div class="broadcast-red"><b>The battle crashed</b><br />You can keep playing but it might crash again.</div>
|html|<div class="broadcast-red"><b>The battle crashed</b><br />You can keep playing but it might crash again.</div>

TypeError: Cannot read property 'isActive' of null
    at Tools.Battle.makeRequest (/Users/clazinasteunenberg/Downloads/Test/battle-engine.js:1943:15)
    at process.BattlePokemon.side (/Users/clazinasteunenberg/Downloads/Test/battle-engine.js:157:13)
    at process.EventEmitter.emit (events.js:98:17)
    at handleMessage (child_process.js:318:10)
    at Pipe.channel.onread (child_process.js:345:11)

ReferenceError: potd is not defined
    at Tools.exports.BattleScripts.randomTeam (/Users/clazinasteunenberg/Downloads/Test/data/scripts.js:1522:8)
    at Tools.exports.BattleScripts.getTeam (/Users/clazinasteunenberg/Downloads/Test/data/scripts.js:488:16)
    at new BattleSide (/Users/clazinasteunenberg/Downloads/Test/battle-engine.js:1096:27)
    at Tools.Battle.join (/Users/clazinasteunenberg/Downloads/Test/battle-engine.js:3333:15)
    at Tools.Battle.receive (/Users/clazinasteunenberg/Downloads/Test/battle-engine.js:3390:9)
    at process.BattlePokemon.side (/Users/clazinasteunenberg/Downloads/Test/battle-engine.js:143:12)
    at process.EventEmitter.emit (events.js:98:17)
    at handleMessage (child_process.js:318:10)
    at Pipe.channel.onread (child_process.js:345:11)

Additional information:
message = battle-randombattle-497|join|p1|Meloetta<3V|134
currentRequest = 

Log:
|html|<div class="broadcast-red"><b>The battle crashed</b><br />You can keep playing but it might crash again.</div>
|html|<div class="broadcast-red"><b>The battle crashed</b><br />You can keep playing but it might crash again.</div>
|html|<div class="broadcast-red"><b>The battle crashed</b><br />You can keep playing but it might crash again.</div>
|html|<div class="broadcast-red"><b>The battle crashed</b><br />You can keep playing but it might crash again.</div>
|html|<div class="broadcast-red"><b>The battle crashed</b><br />You can keep playing but it might crash again.</div>
|html|<div class="broadcast-red"><b>The battle crashed</b><br />You can keep playing but it might crash again.</div>
|html|<div class="broadcast-red"><b>The battle crashed</b><br />You can keep playing but it might crash again.</div>
|html|<div class="broadcast-red"><b>The battle crashed</b><br />You can keep playing but it might crash again.</div>
|html|<div class="broadcast-red"><b>The battle crashed</b><br />You can keep playing but it might crash again.</div>
|html|<div class="broadcast-red"><b>The battle crashed</b><br />You can keep playing but it might crash again.</div>
|html|<div class="broadcast-red"><b>The battle crashed</b><br />You can keep playing but it might crash again.</div>
|html|<div class="broadcast-red"><b>The battle crashed</b><br />You can keep playing but it might crash again.</div>
|html|<div class="broadcast-red"><b>The battle crashed</b><br />You can keep playing but it might crash again.</div>
|html|<div class="broadcast-red"><b>The battle crashed</b><br />You can keep playing but it might crash again.</div>
|html|<div class="broadcast-red"><b>The battle crashed</b><br />You can keep playing but it might crash again.</div>
|html|<div class="broadcast-red"><b>The battle crashed</b><br />You can keep playing but it might crash again.</div>
|html|<div class="broadcast-red"><b>The battle crashed</b><br />You can keep playing but it might crash again.</div>
|html|<div class="broadcast-red"><b>The battle crashed</b><br />You can keep playing but it might crash again.</div>
|html|<div class="broadcast-red"><b>The battle crashed</b><br />You can keep playing but it might crash again.</div>
|html|<div class="broadcast-red"><b>The battle crashed</b><br />You can keep playing but it might crash again.</div>
|html|<div class="broadcast-red"><b>The battle crashed</b><br />You can keep playing but it might crash again.</div>
|html|<div class="broadcast-red"><b>The battle crashed</b><br />You can keep playing but it might crash again.</div>
|html|<div class="broadcast-red"><b>The battle crashed</b><br />You can keep playing but it might crash again.</div>
|html|<div class="broadcast-red"><b>The battle crashed</b><br />You can keep playing but it might crash again.</div>
|html|<div class="broadcast-red"><b>The battle crashed</b><br />You can keep playing but it might crash again.</div>
|html|<div class="broadcast-red"><b>The battle crashed</b><br />You can keep playing but it might crash again.</div>
|html|<div class="broadcast-red"><b>The battle crashed</b><br />You can keep playing but it might crash again.</div>
|html|<div class="broadcast-red"><b>The battle crashed</b><br />You can keep playing but it might crash again.</div>
|html|<div class="broadcast-red"><b>The battle crashed</b><br />You can keep playing but it might crash again.</div>
|html|<div class="broadcast-red"><b>The battle crashed</b><br />You can keep playing but it might crash again.</div>
|html|<div class="broadcast-red"><b>The battle crashed</b><br />You can keep playing but it might crash again.</div>
|html|<div class="broadcast-red"><b>The battle crashed</b><br />You can keep playing but it might crash again.</div>
|html|<div class="broadcast-red"><b>The battle crashed</b><br />You can keep playing but it might crash again.</div>
|html|<div class="broadcast-red"><b>The battle crashed</b><br />You can keep playing but it might crash again.</div>
|html|<div class="broadcast-red"><b>The battle crashed</b><br />You can keep playing but it might crash again.</div>
|html|<div class="broadcast-red"><b>The battle crashed</b><br />You can keep playing but it might crash again.</div>
|html|<div class="broadcast-red"><b>The battle crashed</b><br />You can keep playing but it might crash again.</div>
|html|<div class="broadcast-red"><b>The battle crashed</b><br />You can keep playing but it might crash again.</div>
|html|<div class="broadcast-red"><b>The battle crashed</b><br />You can keep playing but it might crash again.</div>
|html|<div class="broadcast-red"><b>The battle crashed</b><br />You can keep playing but it might crash again.</div>
|html|<div class="broadcast-red"><b>The battle crashed</b><br />You can keep playing but it might crash again.</div>
|html|<div class="broadcast-red"><b>The battle crashed</b><br />You can keep playing but it might crash again.</div>
|html|<div class="broadcast-red"><b>The battle crashed</b><br />You can keep playing but it might crash again.</div>
|html|<div class="broadcast-red"><b>The battle crashed</b><br />You can keep playing but it might crash again.</div>
|html|<div class="broadcast-red"><b>The battle crashed</b><br />You can keep playing but it might crash again.</div>
|html|<div class="broadcast-red"><b>The battle crashed</b><br />You can keep playing but it might crash again.</div>
|html|<div class="broadcast-red"><b>The battle crashed</b><br />You can keep playing but it might crash again.</div>
|html|<div class="broadcast-red"><b>The battle crashed</b><br />You can keep playing but it might crash again.</div>
|html|<div class="broadcast-red"><b>The battle crashed</b><br />You can keep playing but it might crash again.</div>
|html|<div class="broadcast-red"><b>The battle crashed</b><br />You can keep playing but it might crash again.</div>
|html|<div class="broadcast-red"><b>The battle crashed</b><br />You can keep playing but it might crash again.</div>
|html|<div class="broadcast-red"><b>The battle crashed</b><br />You can keep playing but it might crash again.</div>
|html|<div class="broadcast-red"><b>The battle crashed</b><br />You can keep playing but it might crash again.</div>
|html|<div class="broadcast-red"><b>The battle crashed</b><br />You can keep playing but it might crash again.</div>
|html|<div class="broadcast-red"><b>The battle crashed</b><br />You can keep playing but it might crash again.</div>
|html|<div class="broadcast-red"><b>The battle crashed</b><br />You can keep playing but it might crash again.</div>
|html|<div class="broadcast-red"><b>The battle crashed</b><br />You can keep playing but it might crash again.</div>
|html|<div class="broadcast-red"><b>The battle crashed</b><br />You can keep playing but it might crash again.</div>
|html|<div class="broadcast-red"><b>The battle crashed</b><br />You can keep playing but it might crash again.</div>
|html|<div class="broadcast-red"><b>The battle crashed</b><br />You can keep playing but it might crash again.</div>
|html|<div class="broadcast-red"><b>The battle crashed</b><br />You can keep playing but it might crash again.</div>
|html|<div class="broadcast-red"><b>The battle crashed</b><br />You can keep playing but it might crash again.</div>
|html|<div class="broadcast-red"><b>The battle crashed</b><br />You can keep playing but it might crash again.</div>
|html|<div class="broadcast-red"><b>The battle crashed</b><br />You can keep playing but it might crash again.</div>
|html|<div class="broadcast-red"><b>The battle crashed</b><br />You can keep playing but it might crash again.</div>
|html|<div class="broadcast-red"><b>The battle crashed</b><br />You can keep playing but it might crash again.</div>
|html|<div class="broadcast-red"><b>The battle crashed</b><br />You can keep playing but it might crash again.</div>
|html|<div class="broadcast-red"><b>The battle crashed</b><br />You can keep playing but it might crash again.</div>
|html|<div class="broadcast-red"><b>The battle crashed</b><br />You can keep playing but it might crash again.</div>
|html|<div class="broadcast-red"><b>The battle crashed</b><br />You can keep playing but it might crash again.</div>
|html|<div class="broadcast-red"><b>The battle crashed</b><br />You can keep playing but it might crash again.</div>
|html|<div class="broadcast-red"><b>The battle crashed</b><br />You can keep playing but it might crash again.</div>
|html|<div class="broadcast-red"><b>The battle crashed</b><br />You can keep playing but it might crash again.</div>
|html|<div class="broadcast-red"><b>The battle crashed</b><br />You can keep playing but it might crash again.</div>
|html|<div class="broadcast-red"><b>The battle crashed</b><br />You can keep playing but it might crash again.</div>
|html|<div class="broadcast-red"><b>The battle crashed</b><br />You can keep playing but it might crash again.</div>
|html|<div class="broadcast-red"><b>The battle crashed</b><br />You can keep playing but it might crash again.</div>
|html|<div class="broadcast-red"><b>The battle crashed</b><br />You can keep playing but it might crash again.</div>
|html|<div class="broadcast-red"><b>The battle crashed</b><br />You can keep playing but it might crash again.</div>
|html|<div class="broadcast-red"><b>The battle crashed</b><br />You can keep playing but it might crash again.</div>
|html|<div class="broadcast-red"><b>The battle crashed</b><br />You can keep playing but it might crash again.</div>
|html|<div class="broadcast-red"><b>The battle crashed</b><br />You can keep playing but it might crash again.</div>
|html|<div class="broadcast-red"><b>The battle crashed</b><br />You can keep playing but it might crash again.</div>
|html|<div class="broadcast-red"><b>The battle crashed</b><br />You can keep playing but it might crash again.</div>
|html|<div class="broadcast-red"><b>The battle crashed</b><br />You can keep playing but it might crash again.</div>
|html|<div class="broadcast-red"><b>The battle crashed</b><br />You can keep playing but it might crash again.</div>
|html|<div class="broadcast-red"><b>The battle crashed</b><br />You can keep playing but it might crash again.</div>
|html|<div class="broadcast-red"><b>The battle crashed</b><br />You can keep playing but it might crash again.</div>
|html|<div class="broadcast-red"><b>The battle crashed</b><br />You can keep playing but it might crash again.</div>
|html|<div class="broadcast-red"><b>The battle crashed</b><br />You can keep playing but it might crash again.</div>
|html|<div class="broadcast-red"><b>The battle crashed</b><br />You can keep playing but it might crash again.</div>
|html|<div class="broadcast-red"><b>The battle crashed</b><br />You can keep playing but it might crash again.</div>
|html|<div class="broadcast-red"><b>The battle crashed</b><br />You can keep playing but it might crash again.</div>
|html|<div class="broadcast-red"><b>The battle crashed</b><br />You can keep playing but it might crash again.</div>
|html|<div class="broadcast-red"><b>The battle crashed</b><br />You can keep playing but it might crash again.</div>
|html|<div class="broadcast-red"><b>The battle crashed</b><br />You can keep playing but it might crash again.</div>
|html|<div class="broadcast-red"><b>The battle crashed</b><br />You can keep playing but it might crash again.</div>
|html|<div class="broadcast-red"><b>The battle crashed</b><br />You can keep playing but it might crash again.</div>
|html|<div class="broadcast-red"><b>The battle crashed</b><br />You can keep playing but it might crash again.</div>
|html|<div class="broadcast-red"><b>The battle crashed</b><br />You can keep playing but it might crash again.</div>
|html|<div class="broadcast-red"><b>The battle crashed</b><br />You can keep playing but it might crash again.</div>
|html|<div class="broadcast-red"><b>The battle crashed</b><br />You can keep playing but it might crash again.</div>
|html|<div class="broadcast-red"><b>The battle crashed</b><br />You can keep playing but it might crash again.</div>
|html|<div class="broadcast-red"><b>The battle crashed</b><br />You can keep playing but it might crash again.</div>
|html|<div class="broadcast-red"><b>The battle crashed</b><br />You can keep playing but it might crash again.</div>
|html|<div class="broadcast-red"><b>The battle crashed</b><br />You can keep playing but it might crash again.</div>
|html|<div class="broadcast-red"><b>The battle crashed</b><br />You can keep playing but it might crash again.</div>
|html|<div class="broadcast-red"><b>The battle crashed</b><br />You can keep playing but it might crash again.</div>
|html|<div class="broadcast-red"><b>The battle crashed</b><br />You can keep playing but it might crash again.</div>
|html|<div class="broadcast-red"><b>The battle crashed</b><br />You can keep playing but it might crash again.</div>
|html|<div class="broadcast-red"><b>The battle crashed</b><br />You can keep playing but it might crash again.</div>
|html|<div class="broadcast-red"><b>The battle crashed</b><br />You can keep playing but it might crash again.</div>
|html|<div class="broadcast-red"><b>The battle crashed</b><br />You can keep playing but it might crash again.</div>
|html|<div class="broadcast-red"><b>The battle crashed</b><br />You can keep playing but it might crash again.</div>
|html|<div class="broadcast-red"><b>The battle crashed</b><br />You can keep playing but it might crash again.</div>
|html|<div class="broadcast-red"><b>The battle crashed</b><br />You can keep playing but it might crash again.</div>
|html|<div class="broadcast-red"><b>The battle crashed</b><br />You can keep playing but it might crash again.</div>
|html|<div class="broadcast-red"><b>The battle crashed</b><br />You can keep playing but it might crash again.</div>
|html|<div class="broadcast-red"><b>The battle crashed</b><br />You can keep playing but it might crash again.</div>
|html|<div class="broadcast-red"><b>The battle crashed</b><br />You can keep playing but it might crash again.</div>
|html|<div class="broadcast-red"><b>The battle crashed</b><br />You can keep playing but it might crash again.</div>
|html|<div class="broadcast-red"><b>The battle crashed</b><br />You can keep playing but it might crash again.</div>
|html|<div class="broadcast-red"><b>The battle crashed</b><br />You can keep playing but it might crash again.</div>
|html|<div class="broadcast-red"><b>The battle crashed</b><br />You can keep playing but it might crash again.</div>
|html|<div class="broadcast-red"><b>The battle crashed</b><br />You can keep playing but it might crash again.</div>
|html|<div class="broadcast-red"><b>The battle crashed</b><br />You can keep playing but it might crash again.</div>
|html|<div class="broadcast-red"><b>The battle crashed</b><br />You can keep playing but it might crash again.</div>
|html|<div class="broadcast-red"><b>The battle crashed</b><br />You can keep playing but it might crash again.</div>
|html|<div class="broadcast-red"><b>The battle crashed</b><br />You can keep playing but it might crash again.</div>
|html|<div class="broadcast-red"><b>The battle crashed</b><br />You can keep playing but it might crash again.</div>
|html|<div class="broadcast-red"><b>The battle crashed</b><br />You can keep playing but it might crash again.</div>
|html|<div class="broadcast-red"><b>The battle crashed</b><br />You can keep playing but it might crash again.</div>
|html|<div class="broadcast-red"><b>The battle crashed</b><br />You can keep playing but it might crash again.</div>
|html|<div class="broadcast-red"><b>The battle crashed</b><br />You can keep playing but it might crash again.</div>
|html|<div class="broadcast-red"><b>The battle crashed</b><br />You can keep playing but it might crash again.</div>
|html|<div class="broadcast-red"><b>The battle crashed</b><br />You can keep playing but it might crash again.</div>
|html|<div class="broadcast-red"><b>The battle crashed</b><br />You can keep playing but it might crash again.</div>
|html|<div class="broadcast-red"><b>The battle crashed</b><br />You can keep playing but it might crash again.</div>
|html|<div class="broadcast-red"><b>The battle crashed</b><br />You can keep playing but it might crash again.</div>
|html|<div class="broadcast-red"><b>The battle crashed</b><br />You can keep playing but it might crash again.</div>
|html|<div class="broadcast-red"><b>The battle crashed</b><br />You can keep playing but it might crash again.</div>
|html|<div class="broadcast-red"><b>The battle crashed</b><br />You can keep playing but it might crash again.</div>
|html|<div class="broadcast-red"><b>The battle crashed</b><br />You can keep playing but it might crash again.</div>
|html|<div class="broadcast-red"><b>The battle crashed</b><br />You can keep playing but it might crash again.</div>
|html|<div class="broadcast-red"><b>The battle crashed</b><br />You can keep playing but it might crash again.</div>
|html|<div class="broadcast-red"><b>The battle crashed</b><br />You can keep playing but it might crash again.</div>
|html|<div class="broadcast-red"><b>The battle crashed</b><br />You can keep playing but it might crash again.</div>
|html|<div class="broadcast-red"><b>The battle crashed</b><br />You can keep playing but it might crash again.</div>
|html|<div class="broadcast-red"><b>The battle crashed</b><br />You can keep playing but it might crash again.</div>
|html|<div class="broadcast-red"><b>The battle crashed</b><br />You can keep playing but it might crash again.</div>
|html|<div class="broadcast-red"><b>The battle crashed</b><br />You can keep playing but it might crash again.</div>
|html|<div class="broadcast-red"><b>The battle crashed</b><br />You can keep playing but it might crash again.</div>
|html|<div class="broadcast-red"><b>The battle crashed</b><br />You can keep playing but it might crash again.</div>
|html|<div class="broadcast-red"><b>The battle crashed</b><br />You can keep playing but it might crash again.</div>

TypeError: Cannot read property 'isActive' of null
    at Tools.Battle.makeRequest (/Users/clazinasteunenberg/Downloads/Test/battle-engine.js:1943:15)
    at process.BattlePokemon.side (/Users/clazinasteunenberg/Downloads/Test/battle-engine.js:157:13)
    at process.EventEmitter.emit (events.js:98:17)
    at handleMessage (child_process.js:318:10)
    at Pipe.channel.onread (child_process.js:345:11)

ReferenceError: potd is not defined
    at Tools.exports.BattleScripts.randomTeam (/Users/clazinasteunenberg/Downloads/Test/data/scripts.js:1522:8)
    at Tools.exports.BattleScripts.getTeam (/Users/clazinasteunenberg/Downloads/Test/data/scripts.js:488:16)
    at new BattleSide (/Users/clazinasteunenberg/Downloads/Test/battle-engine.js:1096:27)
    at Tools.Battle.join (/Users/clazinasteunenberg/Downloads/Test/battle-engine.js:3333:15)
    at Tools.Battle.receive (/Users/clazinasteunenberg/Downloads/Test/battle-engine.js:3390:9)
    at process.BattlePokemon.side (/Users/clazinasteunenberg/Downloads/Test/battle-engine.js:143:12)
    at process.EventEmitter.emit (events.js:98:17)
    at handleMessage (child_process.js:318:10)
    at Pipe.channel.onread (child_process.js:345:11)

Additional information:
message = battle-randombattle-497|join|p1|Meloetta<3V|134
currentRequest = 

Log:
|html|<div class="broadcast-red"><b>The battle crashed</b><br />You can keep playing but it might crash again.</div>
|html|<div class="broadcast-red"><b>The battle crashed</b><br />You can keep playing but it might crash again.</div>
|html|<div class="broadcast-red"><b>The battle crashed</b><br />You can keep playing but it might crash again.</div>
|html|<div class="broadcast-red"><b>The battle crashed</b><br />You can keep playing but it might crash again.</div>
|html|<div class="broadcast-red"><b>The battle crashed</b><br />You can keep playing but it might crash again.</div>
|html|<div class="broadcast-red"><b>The battle crashed</b><br />You can keep playing but it might crash again.</div>
|html|<div class="broadcast-red"><b>The battle crashed</b><br />You can keep playing but it might crash again.</div>
|html|<div class="broadcast-red"><b>The battle crashed</b><br />You can keep playing but it might crash again.</div>
|html|<div class="broadcast-red"><b>The battle crashed</b><br />You can keep playing but it might crash again.</div>
|html|<div class="broadcast-red"><b>The battle crashed</b><br />You can keep playing but it might crash again.</div>
|html|<div class="broadcast-red"><b>The battle crashed</b><br />You can keep playing but it might crash again.</div>
|html|<div class="broadcast-red"><b>The battle crashed</b><br />You can keep playing but it might crash again.</div>
|html|<div class="broadcast-red"><b>The battle crashed</b><br />You can keep playing but it might crash again.</div>
|html|<div class="broadcast-red"><b>The battle crashed</b><br />You can keep playing but it might crash again.</div>
|html|<div class="broadcast-red"><b>The battle crashed</b><br />You can keep playing but it might crash again.</div>
|html|<div class="broadcast-red"><b>The battle crashed</b><br />You can keep playing but it might crash again.</div>
|html|<div class="broadcast-red"><b>The battle crashed</b><br />You can keep playing but it might crash again.</div>
|html|<div class="broadcast-red"><b>The battle crashed</b><br />You can keep playing but it might crash again.</div>
|html|<div class="broadcast-red"><b>The battle crashed</b><br />You can keep playing but it might crash again.</div>
|html|<div class="broadcast-red"><b>The battle crashed</b><br />You can keep playing but it might crash again.</div>
|html|<div class="broadcast-red"><b>The battle crashed</b><br />You can keep playing but it might crash again.</div>
|html|<div class="broadcast-red"><b>The battle crashed</b><br />You can keep playing but it might crash again.</div>
|html|<div class="broadcast-red"><b>The battle crashed</b><br />You can keep playing but it might crash again.</div>
|html|<div class="broadcast-red"><b>The battle crashed</b><br />You can keep playing but it might crash again.</div>
|html|<div class="broadcast-red"><b>The battle crashed</b><br />You can keep playing but it might crash again.</div>
|html|<div class="broadcast-red"><b>The battle crashed</b><br />You can keep playing but it might crash again.</div>
|html|<div class="broadcast-red"><b>The battle crashed</b><br />You can keep playing but it might crash again.</div>
|html|<div class="broadcast-red"><b>The battle crashed</b><br />You can keep playing but it might crash again.</div>
|html|<div class="broadcast-red"><b>The battle crashed</b><br />You can keep playing but it might crash again.</div>
|html|<div class="broadcast-red"><b>The battle crashed</b><br />You can keep playing but it might crash again.</div>
|html|<div class="broadcast-red"><b>The battle crashed</b><br />You can keep playing but it might crash again.</div>
|html|<div class="broadcast-red"><b>The battle crashed</b><br />You can keep playing but it might crash again.</div>
|html|<div class="broadcast-red"><b>The battle crashed</b><br />You can keep playing but it might crash again.</div>
|html|<div class="broadcast-red"><b>The battle crashed</b><br />You can keep playing but it might crash again.</div>
|html|<div class="broadcast-red"><b>The battle crashed</b><br />You can keep playing but it might crash again.</div>
|html|<div class="broadcast-red"><b>The battle crashed</b><br />You can keep playing but it might crash again.</div>
|html|<div class="broadcast-red"><b>The battle crashed</b><br />You can keep playing but it might crash again.</div>
|html|<div class="broadcast-red"><b>The battle crashed</b><br />You can keep playing but it might crash again.</div>
|html|<div class="broadcast-red"><b>The battle crashed</b><br />You can keep playing but it might crash again.</div>
|html|<div class="broadcast-red"><b>The battle crashed</b><br />You can keep playing but it might crash again.</div>
|html|<div class="broadcast-red"><b>The battle crashed</b><br />You can keep playing but it might crash again.</div>
|html|<div class="broadcast-red"><b>The battle crashed</b><br />You can keep playing but it might crash again.</div>
|html|<div class="broadcast-red"><b>The battle crashed</b><br />You can keep playing but it might crash again.</div>
|html|<div class="broadcast-red"><b>The battle crashed</b><br />You can keep playing but it might crash again.</div>
|html|<div class="broadcast-red"><b>The battle crashed</b><br />You can keep playing but it might crash again.</div>
|html|<div class="broadcast-red"><b>The battle crashed</b><br />You can keep playing but it might crash again.</div>
|html|<div class="broadcast-red"><b>The battle crashed</b><br />You can keep playing but it might crash again.</div>
|html|<div class="broadcast-red"><b>The battle crashed</b><br />You can keep playing but it might crash again.</div>
|html|<div class="broadcast-red"><b>The battle crashed</b><br />You can keep playing but it might crash again.</div>
|html|<div class="broadcast-red"><b>The battle crashed</b><br />You can keep playing but it might crash again.</div>
|html|<div class="broadcast-red"><b>The battle crashed</b><br />You can keep playing but it might crash again.</div>
|html|<div class="broadcast-red"><b>The battle crashed</b><br />You can keep playing but it might crash again.</div>
|html|<div class="broadcast-red"><b>The battle crashed</b><br />You can keep playing but it might crash again.</div>
|html|<div class="broadcast-red"><b>The battle crashed</b><br />You can keep playing but it might crash again.</div>
|html|<div class="broadcast-red"><b>The battle crashed</b><br />You can keep playing but it might crash again.</div>
|html|<div class="broadcast-red"><b>The battle crashed</b><br />You can keep playing but it might crash again.</div>
|html|<div class="broadcast-red"><b>The battle crashed</b><br />You can keep playing but it might crash again.</div>
|html|<div class="broadcast-red"><b>The battle crashed</b><br />You can keep playing but it might crash again.</div>
|html|<div class="broadcast-red"><b>The battle crashed</b><br />You can keep playing but it might crash again.</div>
|html|<div class="broadcast-red"><b>The battle crashed</b><br />You can keep playing but it might crash again.</div>
|html|<div class="broadcast-red"><b>The battle crashed</b><br />You can keep playing but it might crash again.</div>
|html|<div class="broadcast-red"><b>The battle crashed</b><br />You can keep playing but it might crash again.</div>
|html|<div class="broadcast-red"><b>The battle crashed</b><br />You can keep playing but it might crash again.</div>
|html|<div class="broadcast-red"><b>The battle crashed</b><br />You can keep playing but it might crash again.</div>
|html|<div class="broadcast-red"><b>The battle crashed</b><br />You can keep playing but it might crash again.</div>
|html|<div class="broadcast-red"><b>The battle crashed</b><br />You can keep playing but it might crash again.</div>
|html|<div class="broadcast-red"><b>The battle crashed</b><br />You can keep playing but it might crash again.</div>
|html|<div class="broadcast-red"><b>The battle crashed</b><br />You can keep playing but it might crash again.</div>
|html|<div class="broadcast-red"><b>The battle crashed</b><br />You can keep playing but it might crash again.</div>
|html|<div class="broadcast-red"><b>The battle crashed</b><br />You can keep playing but it might crash again.</div>
|html|<div class="broadcast-red"><b>The battle crashed</b><br />You can keep playing but it might crash again.</div>
|html|<div class="broadcast-red"><b>The battle crashed</b><br />You can keep playing but it might crash again.</div>
|html|<div class="broadcast-red"><b>The battle crashed</b><br />You can keep playing but it might crash again.</div>
|html|<div class="broadcast-red"><b>The battle crashed</b><br />You can keep playing but it might crash again.</div>
|html|<div class="broadcast-red"><b>The battle crashed</b><br />You can keep playing but it might crash again.</div>
|html|<div class="broadcast-red"><b>The battle crashed</b><br />You can keep playing but it might crash again.</div>
|html|<div class="broadcast-red"><b>The battle crashed</b><br />You can keep playing but it might crash again.</div>
|html|<div class="broadcast-red"><b>The battle crashed</b><br />You can keep playing but it might crash again.</div>
|html|<div class="broadcast-red"><b>The battle crashed</b><br />You can keep playing but it might crash again.</div>
|html|<div class="broadcast-red"><b>The battle crashed</b><br />You can keep playing but it might crash again.</div>
|html|<div class="broadcast-red"><b>The battle crashed</b><br />You can keep playing but it might crash again.</div>
|html|<div class="broadcast-red"><b>The battle crashed</b><br />You can keep playing but it might crash again.</div>
|html|<div class="broadcast-red"><b>The battle crashed</b><br />You can keep playing but it might crash again.</div>
|html|<div class="broadcast-red"><b>The battle crashed</b><br />You can keep playing but it might crash again.</div>
|html|<div class="broadcast-red"><b>The battle crashed</b><br />You can keep playing but it might crash again.</div>
|html|<div class="broadcast-red"><b>The battle crashed</b><br />You can keep playing but it might crash again.</div>
|html|<div class="broadcast-red"><b>The battle crashed</b><br />You can keep playing but it might crash again.</div>
|html|<div class="broadcast-red"><b>The battle crashed</b><br />You can keep playing but it might crash again.</div>
|html|<div class="broadcast-red"><b>The battle crashed</b><br />You can keep playing but it might crash again.</div>
|html|<div class="broadcast-red"><b>The battle crashed</b><br />You can keep playing but it might crash again.</div>
|html|<div class="broadcast-red"><b>The battle crashed</b><br />You can keep playing but it might crash again.</div>
|html|<div class="broadcast-red"><b>The battle crashed</b><br />You can keep playing but it might crash again.</div>
|html|<div class="broadcast-red"><b>The battle crashed</b><br />You can keep playing but it might crash again.</div>
|html|<div class="broadcast-red"><b>The battle crashed</b><br />You can keep playing but it might crash again.</div>
|html|<div class="broadcast-red"><b>The battle crashed</b><br />You can keep playing but it might crash again.</div>
|html|<div class="broadcast-red"><b>The battle crashed</b><br />You can keep playing but it might crash again.</div>
|html|<div class="broadcast-red"><b>The battle crashed</b><br />You can keep playing but it might crash again.</div>
|html|<div class="broadcast-red"><b>The battle crashed</b><br />You can keep playing but it might crash again.</div>
|html|<div class="broadcast-red"><b>The battle crashed</b><br />You can keep playing but it might crash again.</div>
|html|<div class="broadcast-red"><b>The battle crashed</b><br />You can keep playing but it might crash again.</div>
|html|<div class="broadcast-red"><b>The battle crashed</b><br />You can keep playing but it might crash again.</div>
|html|<div class="broadcast-red"><b>The battle crashed</b><br />You can keep playing but it might crash again.</div>
|html|<div class="broadcast-red"><b>The battle crashed</b><br />You can keep playing but it might crash again.</div>
|html|<div class="broadcast-red"><b>The battle crashed</b><br />You can keep playing but it might crash again.</div>
|html|<div class="broadcast-red"><b>The battle crashed</b><br />You can keep playing but it might crash again.</div>
|html|<div class="broadcast-red"><b>The battle crashed</b><br />You can keep playing but it might crash again.</div>
|html|<div class="broadcast-red"><b>The battle crashed</b><br />You can keep playing but it might crash again.</div>
|html|<div class="broadcast-red"><b>The battle crashed</b><br />You can keep playing but it might crash again.</div>
|html|<div class="broadcast-red"><b>The battle crashed</b><br />You can keep playing but it might crash again.</div>
|html|<div class="broadcast-red"><b>The battle crashed</b><br />You can keep playing but it might crash again.</div>
|html|<div class="broadcast-red"><b>The battle crashed</b><br />You can keep playing but it might crash again.</div>
|html|<div class="broadcast-red"><b>The battle crashed</b><br />You can keep playing but it might crash again.</div>
|html|<div class="broadcast-red"><b>The battle crashed</b><br />You can keep playing but it might crash again.</div>
|html|<div class="broadcast-red"><b>The battle crashed</b><br />You can keep playing but it might crash again.</div>
|html|<div class="broadcast-red"><b>The battle crashed</b><br />You can keep playing but it might crash again.</div>
|html|<div class="broadcast-red"><b>The battle crashed</b><br />You can keep playing but it might crash again.</div>
|html|<div class="broadcast-red"><b>The battle crashed</b><br />You can keep playing but it might crash again.</div>
|html|<div class="broadcast-red"><b>The battle crashed</b><br />You can keep playing but it might crash again.</div>
|html|<div class="broadcast-red"><b>The battle crashed</b><br />You can keep playing but it might crash again.</div>
|html|<div class="broadcast-red"><b>The battle crashed</b><br />You can keep playing but it might crash again.</div>
|html|<div class="broadcast-red"><b>The battle crashed</b><br />You can keep playing but it might crash again.</div>
|html|<div class="broadcast-red"><b>The battle crashed</b><br />You can keep playing but it might crash again.</div>
|html|<div class="broadcast-red"><b>The battle crashed</b><br />You can keep playing but it might crash again.</div>
|html|<div class="broadcast-red"><b>The battle crashed</b><br />You can keep playing but it might crash again.</div>
|html|<div class="broadcast-red"><b>The battle crashed</b><br />You can keep playing but it might crash again.</div>
|html|<div class="broadcast-red"><b>The battle crashed</b><br />You can keep playing but it might crash again.</div>
|html|<div class="broadcast-red"><b>The battle crashed</b><br />You can keep playing but it might crash again.</div>
|html|<div class="broadcast-red"><b>The battle crashed</b><br />You can keep playing but it might crash again.</div>
|html|<div class="broadcast-red"><b>The battle crashed</b><br />You can keep playing but it might crash again.</div>
|html|<div class="broadcast-red"><b>The battle crashed</b><br />You can keep playing but it might crash again.</div>
|html|<div class="broadcast-red"><b>The battle crashed</b><br />You can keep playing but it might crash again.</div>
|html|<div class="broadcast-red"><b>The battle crashed</b><br />You can keep playing but it might crash again.</div>
|html|<div class="broadcast-red"><b>The battle crashed</b><br />You can keep playing but it might crash again.</div>
|html|<div class="broadcast-red"><b>The battle crashed</b><br />You can keep playing but it might crash again.</div>
|html|<div class="broadcast-red"><b>The battle crashed</b><br />You can keep playing but it might crash again.</div>
|html|<div class="broadcast-red"><b>The battle crashed</b><br />You can keep playing but it might crash again.</div>
|html|<div class="broadcast-red"><b>The battle crashed</b><br />You can keep playing but it might crash again.</div>
|html|<div class="broadcast-red"><b>The battle crashed</b><br />You can keep playing but it might crash again.</div>
|html|<div class="broadcast-red"><b>The battle crashed</b><br />You can keep playing but it might crash again.</div>
|html|<div class="broadcast-red"><b>The battle crashed</b><br />You can keep playing but it might crash again.</div>
|html|<div class="broadcast-red"><b>The battle crashed</b><br />You can keep playing but it might crash again.</div>
|html|<div class="broadcast-red"><b>The battle crashed</b><br />You can keep playing but it might crash again.</div>
|html|<div class="broadcast-red"><b>The battle crashed</b><br />You can keep playing but it might crash again.</div>
|html|<div class="broadcast-red"><b>The battle crashed</b><br />You can keep playing but it might crash again.</div>
|html|<div class="broadcast-red"><b>The battle crashed</b><br />You can keep playing but it might crash again.</div>
|html|<div class="broadcast-red"><b>The battle crashed</b><br />You can keep playing but it might crash again.</div>
|html|<div class="broadcast-red"><b>The battle crashed</b><br />You can keep playing but it might crash again.</div>
|html|<div class="broadcast-red"><b>The battle crashed</b><br />You can keep playing but it might crash again.</div>
|html|<div class="broadcast-red"><b>The battle crashed</b><br />You can keep playing but it might crash again.</div>
|html|<div class="broadcast-red"><b>The battle crashed</b><br />You can keep playing but it might crash again.</div>
|html|<div class="broadcast-red"><b>The battle crashed</b><br />You can keep playing but it might crash again.</div>
|html|<div class="broadcast-red"><b>The battle crashed</b><br />You can keep playing but it might crash again.</div>
|html|<div class="broadcast-red"><b>The battle crashed</b><br />You can keep playing but it might crash again.</div>
|html|<div class="broadcast-red"><b>The battle crashed</b><br />You can keep playing but it might crash again.</div>
|html|<div class="broadcast-red"><b>The battle crashed</b><br />You can keep playing but it might crash again.</div>

TypeError: Cannot read property 'isActive' of null
    at Tools.Battle.makeRequest (/Users/clazinasteunenberg/Downloads/Test/battle-engine.js:1943:15)
    at process.BattlePokemon.side (/Users/clazinasteunenberg/Downloads/Test/battle-engine.js:157:13)
    at process.EventEmitter.emit (events.js:98:17)
    at handleMessage (child_process.js:318:10)
    at Pipe.channel.onread (child_process.js:345:11)

ReferenceError: potd is not defined
    at Tools.exports.BattleScripts.randomTeam (/Users/clazinasteunenberg/Downloads/Test/data/scripts.js:1522:8)
    at Tools.exports.BattleScripts.getTeam (/Users/clazinasteunenberg/Downloads/Test/data/scripts.js:488:16)
    at new BattleSide (/Users/clazinasteunenberg/Downloads/Test/battle-engine.js:1096:27)
    at Tools.Battle.join (/Users/clazinasteunenberg/Downloads/Test/battle-engine.js:3333:15)
    at Tools.Battle.receive (/Users/clazinasteunenberg/Downloads/Test/battle-engine.js:3390:9)
    at process.BattlePokemon.side (/Users/clazinasteunenberg/Downloads/Test/battle-engine.js:143:12)
    at process.EventEmitter.emit (events.js:98:17)
    at handleMessage (child_process.js:318:10)
    at Pipe.channel.onread (child_process.js:345:11)

Additional information:
message = battle-randombattle-497|join|p1|Meloetta<3V|134
currentRequest = 

Log:
|html|<div class="broadcast-red"><b>The battle crashed</b><br />You can keep playing but it might crash again.</div>
|html|<div class="broadcast-red"><b>The battle crashed</b><br />You can keep playing but it might crash again.</div>
|html|<div class="broadcast-red"><b>The battle crashed</b><br />You can keep playing but it might crash again.</div>
|html|<div class="broadcast-red"><b>The battle crashed</b><br />You can keep playing but it might crash again.</div>
|html|<div class="broadcast-red"><b>The battle crashed</b><br />You can keep playing but it might crash again.</div>
|html|<div class="broadcast-red"><b>The battle crashed</b><br />You can keep playing but it might crash again.</div>
|html|<div class="broadcast-red"><b>The battle crashed</b><br />You can keep playing but it might crash again.</div>
|html|<div class="broadcast-red"><b>The battle crashed</b><br />You can keep playing but it might crash again.</div>
|html|<div class="broadcast-red"><b>The battle crashed</b><br />You can keep playing but it might crash again.</div>
|html|<div class="broadcast-red"><b>The battle crashed</b><br />You can keep playing but it might crash again.</div>
|html|<div class="broadcast-red"><b>The battle crashed</b><br />You can keep playing but it might crash again.</div>
|html|<div class="broadcast-red"><b>The battle crashed</b><br />You can keep playing but it might crash again.</div>
|html|<div class="broadcast-red"><b>The battle crashed</b><br />You can keep playing but it might crash again.</div>
|html|<div class="broadcast-red"><b>The battle crashed</b><br />You can keep playing but it might crash again.</div>
|html|<div class="broadcast-red"><b>The battle crashed</b><br />You can keep playing but it might crash again.</div>
|html|<div class="broadcast-red"><b>The battle crashed</b><br />You can keep playing but it might crash again.</div>
|html|<div class="broadcast-red"><b>The battle crashed</b><br />You can keep playing but it might crash again.</div>
|html|<div class="broadcast-red"><b>The battle crashed</b><br />You can keep playing but it might crash again.</div>
|html|<div class="broadcast-red"><b>The battle crashed</b><br />You can keep playing but it might crash again.</div>
|html|<div class="broadcast-red"><b>The battle crashed</b><br />You can keep playing but it might crash again.</div>
|html|<div class="broadcast-red"><b>The battle crashed</b><br />You can keep playing but it might crash again.</div>
|html|<div class="broadcast-red"><b>The battle crashed</b><br />You can keep playing but it might crash again.</div>
|html|<div class="broadcast-red"><b>The battle crashed</b><br />You can keep playing but it might crash again.</div>
|html|<div class="broadcast-red"><b>The battle crashed</b><br />You can keep playing but it might crash again.</div>
|html|<div class="broadcast-red"><b>The battle crashed</b><br />You can keep playing but it might crash again.</div>
|html|<div class="broadcast-red"><b>The battle crashed</b><br />You can keep playing but it might crash again.</div>
|html|<div class="broadcast-red"><b>The battle crashed</b><br />You can keep playing but it might crash again.</div>
|html|<div class="broadcast-red"><b>The battle crashed</b><br />You can keep playing but it might crash again.</div>
|html|<div class="broadcast-red"><b>The battle crashed</b><br />You can keep playing but it might crash again.</div>
|html|<div class="broadcast-red"><b>The battle crashed</b><br />You can keep playing but it might crash again.</div>
|html|<div class="broadcast-red"><b>The battle crashed</b><br />You can keep playing but it might crash again.</div>
|html|<div class="broadcast-red"><b>The battle crashed</b><br />You can keep playing but it might crash again.</div>
|html|<div class="broadcast-red"><b>The battle crashed</b><br />You can keep playing but it might crash again.</div>
|html|<div class="broadcast-red"><b>The battle crashed</b><br />You can keep playing but it might crash again.</div>
|html|<div class="broadcast-red"><b>The battle crashed</b><br />You can keep playing but it might crash again.</div>
|html|<div class="broadcast-red"><b>The battle crashed</b><br />You can keep playing but it might crash again.</div>
|html|<div class="broadcast-red"><b>The battle crashed</b><br />You can keep playing but it might crash again.</div>
|html|<div class="broadcast-red"><b>The battle crashed</b><br />You can keep playing but it might crash again.</div>
|html|<div class="broadcast-red"><b>The battle crashed</b><br />You can keep playing but it might crash again.</div>
|html|<div class="broadcast-red"><b>The battle crashed</b><br />You can keep playing but it might crash again.</div>
|html|<div class="broadcast-red"><b>The battle crashed</b><br />You can keep playing but it might crash again.</div>
|html|<div class="broadcast-red"><b>The battle crashed</b><br />You can keep playing but it might crash again.</div>
|html|<div class="broadcast-red"><b>The battle crashed</b><br />You can keep playing but it might crash again.</div>
|html|<div class="broadcast-red"><b>The battle crashed</b><br />You can keep playing but it might crash again.</div>
|html|<div class="broadcast-red"><b>The battle crashed</b><br />You can keep playing but it might crash again.</div>
|html|<div class="broadcast-red"><b>The battle crashed</b><br />You can keep playing but it might crash again.</div>
|html|<div class="broadcast-red"><b>The battle crashed</b><br />You can keep playing but it might crash again.</div>
|html|<div class="broadcast-red"><b>The battle crashed</b><br />You can keep playing but it might crash again.</div>
|html|<div class="broadcast-red"><b>The battle crashed</b><br />You can keep playing but it might crash again.</div>
|html|<div class="broadcast-red"><b>The battle crashed</b><br />You can keep playing but it might crash again.</div>
|html|<div class="broadcast-red"><b>The battle crashed</b><br />You can keep playing but it might crash again.</div>
|html|<div class="broadcast-red"><b>The battle crashed</b><br />You can keep playing but it might crash again.</div>
|html|<div class="broadcast-red"><b>The battle crashed</b><br />You can keep playing but it might crash again.</div>
|html|<div class="broadcast-red"><b>The battle crashed</b><br />You can keep playing but it might crash again.</div>
|html|<div class="broadcast-red"><b>The battle crashed</b><br />You can keep playing but it might crash again.</div>
|html|<div class="broadcast-red"><b>The battle crashed</b><br />You can keep playing but it might crash again.</div>
|html|<div class="broadcast-red"><b>The battle crashed</b><br />You can keep playing but it might crash again.</div>
|html|<div class="broadcast-red"><b>The battle crashed</b><br />You can keep playing but it might crash again.</div>
|html|<div class="broadcast-red"><b>The battle crashed</b><br />You can keep playing but it might crash again.</div>
|html|<div class="broadcast-red"><b>The battle crashed</b><br />You can keep playing but it might crash again.</div>
|html|<div class="broadcast-red"><b>The battle crashed</b><br />You can keep playing but it might crash again.</div>
|html|<div class="broadcast-red"><b>The battle crashed</b><br />You can keep playing but it might crash again.</div>
|html|<div class="broadcast-red"><b>The battle crashed</b><br />You can keep playing but it might crash again.</div>
|html|<div class="broadcast-red"><b>The battle crashed</b><br />You can keep playing but it might crash again.</div>
|html|<div class="broadcast-red"><b>The battle crashed</b><br />You can keep playing but it might crash again.</div>
|html|<div class="broadcast-red"><b>The battle crashed</b><br />You can keep playing but it might crash again.</div>
|html|<div class="broadcast-red"><b>The battle crashed</b><br />You can keep playing but it might crash again.</div>
|html|<div class="broadcast-red"><b>The battle crashed</b><br />You can keep playing but it might crash again.</div>
|html|<div class="broadcast-red"><b>The battle crashed</b><br />You can keep playing but it might crash again.</div>
|html|<div class="broadcast-red"><b>The battle crashed</b><br />You can keep playing but it might crash again.</div>
|html|<div class="broadcast-red"><b>The battle crashed</b><br />You can keep playing but it might crash again.</div>
|html|<div class="broadcast-red"><b>The battle crashed</b><br />You can keep playing but it might crash again.</div>
|html|<div class="broadcast-red"><b>The battle crashed</b><br />You can keep playing but it might crash again.</div>
|html|<div class="broadcast-red"><b>The battle crashed</b><br />You can keep playing but it might crash again.</div>
|html|<div class="broadcast-red"><b>The battle crashed</b><br />You can keep playing but it might crash again.</div>
|html|<div class="broadcast-red"><b>The battle crashed</b><br />You can keep playing but it might crash again.</div>
|html|<div class="broadcast-red"><b>The battle crashed</b><br />You can keep playing but it might crash again.</div>
|html|<div class="broadcast-red"><b>The battle crashed</b><br />You can keep playing but it might crash again.</div>
|html|<div class="broadcast-red"><b>The battle crashed</b><br />You can keep playing but it might crash again.</div>
|html|<div class="broadcast-red"><b>The battle crashed</b><br />You can keep playing but it might crash again.</div>
|html|<div class="broadcast-red"><b>The battle crashed</b><br />You can keep playing but it might crash again.</div>
|html|<div class="broadcast-red"><b>The battle crashed</b><br />You can keep playing but it might crash again.</div>
|html|<div class="broadcast-red"><b>The battle crashed</b><br />You can keep playing but it might crash again.</div>
|html|<div class="broadcast-red"><b>The battle crashed</b><br />You can keep playing but it might crash again.</div>
|html|<div class="broadcast-red"><b>The battle crashed</b><br />You can keep playing but it might crash again.</div>
|html|<div class="broadcast-red"><b>The battle crashed</b><br />You can keep playing but it might crash again.</div>
|html|<div class="broadcast-red"><b>The battle crashed</b><br />You can keep playing but it might crash again.</div>
|html|<div class="broadcast-red"><b>The battle crashed</b><br />You can keep playing but it might crash again.</div>
|html|<div class="broadcast-red"><b>The battle crashed</b><br />You can keep playing but it might crash again.</div>
|html|<div class="broadcast-red"><b>The battle crashed</b><br />You can keep playing but it might crash again.</div>
|html|<div class="broadcast-red"><b>The battle crashed</b><br />You can keep playing but it might crash again.</div>
|html|<div class="broadcast-red"><b>The battle crashed</b><br />You can keep playing but it might crash again.</div>
|html|<div class="broadcast-red"><b>The battle crashed</b><br />You can keep playing but it might crash again.</div>
|html|<div class="broadcast-red"><b>The battle crashed</b><br />You can keep playing but it might crash again.</div>
|html|<div class="broadcast-red"><b>The battle crashed</b><br />You can keep playing but it might crash again.</div>
|html|<div class="broadcast-red"><b>The battle crashed</b><br />You can keep playing but it might crash again.</div>
|html|<div class="broadcast-red"><b>The battle crashed</b><br />You can keep playing but it might crash again.</div>
|html|<div class="broadcast-red"><b>The battle crashed</b><br />You can keep playing but it might crash again.</div>
|html|<div class="broadcast-red"><b>The battle crashed</b><br />You can keep playing but it might crash again.</div>
|html|<div class="broadcast-red"><b>The battle crashed</b><br />You can keep playing but it might crash again.</div>
|html|<div class="broadcast-red"><b>The battle crashed</b><br />You can keep playing but it might crash again.</div>
|html|<div class="broadcast-red"><b>The battle crashed</b><br />You can keep playing but it might crash again.</div>
|html|<div class="broadcast-red"><b>The battle crashed</b><br />You can keep playing but it might crash again.</div>
|html|<div class="broadcast-red"><b>The battle crashed</b><br />You can keep playing but it might crash again.</div>
|html|<div class="broadcast-red"><b>The battle crashed</b><br />You can keep playing but it might crash again.</div>
|html|<div class="broadcast-red"><b>The battle crashed</b><br />You can keep playing but it might crash again.</div>
|html|<div class="broadcast-red"><b>The battle crashed</b><br />You can keep playing but it might crash again.</div>
|html|<div class="broadcast-red"><b>The battle crashed</b><br />You can keep playing but it might crash again.</div>
|html|<div class="broadcast-red"><b>The battle crashed</b><br />You can keep playing but it might crash again.</div>
|html|<div class="broadcast-red"><b>The battle crashed</b><br />You can keep playing but it might crash again.</div>
|html|<div class="broadcast-red"><b>The battle crashed</b><br />You can keep playing but it might crash again.</div>
|html|<div class="broadcast-red"><b>The battle crashed</b><br />You can keep playing but it might crash again.</div>
|html|<div class="broadcast-red"><b>The battle crashed</b><br />You can keep playing but it might crash again.</div>
|html|<div class="broadcast-red"><b>The battle crashed</b><br />You can keep playing but it might crash again.</div>
|html|<div class="broadcast-red"><b>The battle crashed</b><br />You can keep playing but it might crash again.</div>
|html|<div class="broadcast-red"><b>The battle crashed</b><br />You can keep playing but it might crash again.</div>
|html|<div class="broadcast-red"><b>The battle crashed</b><br />You can keep playing but it might crash again.</div>
|html|<div class="broadcast-red"><b>The battle crashed</b><br />You can keep playing but it might crash again.</div>
|html|<div class="broadcast-red"><b>The battle crashed</b><br />You can keep playing but it might crash again.</div>
|html|<div class="broadcast-red"><b>The battle crashed</b><br />You can keep playing but it might crash again.</div>
|html|<div class="broadcast-red"><b>The battle crashed</b><br />You can keep playing but it might crash again.</div>
|html|<div class="broadcast-red"><b>The battle crashed</b><br />You can keep playing but it might crash again.</div>
|html|<div class="broadcast-red"><b>The battle crashed</b><br />You can keep playing but it might crash again.</div>
|html|<div class="broadcast-red"><b>The battle crashed</b><br />You can keep playing but it might crash again.</div>
|html|<div class="broadcast-red"><b>The battle crashed</b><br />You can keep playing but it might crash again.</div>
|html|<div class="broadcast-red"><b>The battle crashed</b><br />You can keep playing but it might crash again.</div>
|html|<div class="broadcast-red"><b>The battle crashed</b><br />You can keep playing but it might crash again.</div>
|html|<div class="broadcast-red"><b>The battle crashed</b><br />You can keep playing but it might crash again.</div>
|html|<div class="broadcast-red"><b>The battle crashed</b><br />You can keep playing but it might crash again.</div>
|html|<div class="broadcast-red"><b>The battle crashed</b><br />You can keep playing but it might crash again.</div>
|html|<div class="broadcast-red"><b>The battle crashed</b><br />You can keep playing but it might crash again.</div>
|html|<div class="broadcast-red"><b>The battle crashed</b><br />You can keep playing but it might crash again.</div>
|html|<div class="broadcast-red"><b>The battle crashed</b><br />You can keep playing but it might crash again.</div>
|html|<div class="broadcast-red"><b>The battle crashed</b><br />You can keep playing but it might crash again.</div>
|html|<div class="broadcast-red"><b>The battle crashed</b><br />You can keep playing but it might crash again.</div>
|html|<div class="broadcast-red"><b>The battle crashed</b><br />You can keep playing but it might crash again.</div>
|html|<div class="broadcast-red"><b>The battle crashed</b><br />You can keep playing but it might crash again.</div>
|html|<div class="broadcast-red"><b>The battle crashed</b><br />You can keep playing but it might crash again.</div>
|html|<div class="broadcast-red"><b>The battle crashed</b><br />You can keep playing but it might crash again.</div>
|html|<div class="broadcast-red"><b>The battle crashed</b><br />You can keep playing but it might crash again.</div>
|html|<div class="broadcast-red"><b>The battle crashed</b><br />You can keep playing but it might crash again.</div>
|html|<div class="broadcast-red"><b>The battle crashed</b><br />You can keep playing but it might crash again.</div>
|html|<div class="broadcast-red"><b>The battle crashed</b><br />You can keep playing but it might crash again.</div>
|html|<div class="broadcast-red"><b>The battle crashed</b><br />You can keep playing but it might crash again.</div>
|html|<div class="broadcast-red"><b>The battle crashed</b><br />You can keep playing but it might crash again.</div>
|html|<div class="broadcast-red"><b>The battle crashed</b><br />You can keep playing but it might crash again.</div>
|html|<div class="broadcast-red"><b>The battle crashed</b><br />You can keep playing but it might crash again.</div>
|html|<div class="broadcast-red"><b>The battle crashed</b><br />You can keep playing but it might crash again.</div>
|html|<div class="broadcast-red"><b>The battle crashed</b><br />You can keep playing but it might crash again.</div>
|html|<div class="broadcast-red"><b>The battle crashed</b><br />You can keep playing but it might crash again.</div>
|html|<div class="broadcast-red"><b>The battle crashed</b><br />You can keep playing but it might crash again.</div>
|html|<div class="broadcast-red"><b>The battle crashed</b><br />You can keep playing but it might crash again.</div>
|html|<div class="broadcast-red"><b>The battle crashed</b><br />You can keep playing but it might crash again.</div>
|html|<div class="broadcast-red"><b>The battle crashed</b><br />You can keep playing but it might crash again.</div>
|html|<div class="broadcast-red"><b>The battle crashed</b><br />You can keep playing but it might crash again.</div>
|html|<div class="broadcast-red"><b>The battle crashed</b><br />You can keep playing but it might crash again.</div>

TypeError: Cannot read property 'isActive' of null
    at Tools.Battle.makeRequest (/Users/clazinasteunenberg/Downloads/Test/battle-engine.js:1943:15)
    at process.BattlePokemon.side (/Users/clazinasteunenberg/Downloads/Test/battle-engine.js:157:13)
    at process.EventEmitter.emit (events.js:98:17)
    at handleMessage (child_process.js:318:10)
    at Pipe.channel.onread (child_process.js:345:11)

TypeError: Cannot read property '0' of undefined
    at BattleRoom.win (/Users/clazinasteunenberg/Downloads/Test/rooms.js:538:33)
    at Simulator.receive (/Users/clazinasteunenberg/Downloads/Test/simulator.js:154:14)
    at ChildProcess.<anonymous> (/Users/clazinasteunenberg/Downloads/Test/simulator.js:23:9)
    at ChildProcess.EventEmitter.emit (events.js:98:17)
    at handleMessage (child_process.js:318:10)
    at Pipe.channel.onread (child_process.js:345:11)

SyntaxError: Unexpected identifier
    at Module._compile (module.js:439:25)
    at Object.Module._extensions..js (module.js:474:10)
    at Module.load (module.js:356:32)
    at Function.Module._load (module.js:312:12)
    at Module.require (module.js:364:17)
    at require (module.js:380:17)
    at Object.<anonymous> (/Users/clazinasteunenberg/Downloads/Test/command-parser.js:368:22)
    at Module._compile (module.js:456:26)
    at Object.Module._extensions..js (module.js:474:10)
    at Module.load (module.js:356:32)

Additional information:
user = snaquaza
ip = 127.0.0.1
roomid = 
message = |/hotpatch chat

SyntaxError: Unexpected identifier
    at Module._compile (module.js:439:25)
    at Object.Module._extensions..js (module.js:474:10)
    at Module.load (module.js:356:32)
    at Function.Module._load (module.js:312:12)
    at Module.require (module.js:364:17)
    at require (module.js:380:17)
    at Object.<anonymous> (/Users/clazinasteunenberg/Downloads/Test/command-parser.js:368:22)
    at Module._compile (module.js:456:26)
    at Object.Module._extensions..js (module.js:474:10)
    at Module.load (module.js:356:32)

Additional information:
user = snaquaza
ip = 127.0.0.1
roomid = 
message = |/hotpatch chat

SyntaxError: Unexpected identifier
    at Module._compile (module.js:439:25)
    at Object.Module._extensions..js (module.js:474:10)
    at Module.load (module.js:356:32)
    at Function.Module._load (module.js:312:12)
    at Module.require (module.js:364:17)
    at require (module.js:380:17)
    at Object.<anonymous> (/Users/clazinasteunenberg/Downloads/Test/command-parser.js:368:22)
    at Module._compile (module.js:456:26)
    at Object.Module._extensions..js (module.js:474:10)
    at Module.load (module.js:356:32)

Additional information:
user = snaquaza
ip = 127.0.0.1
roomid = 
message = |/hotpatch chat

TypeError: Cannot read property '0' of undefined
    at BattleRoom.win (/Users/clazinasteunenberg/Downloads/Test/rooms.js:538:33)
    at Simulator.receive (/Users/clazinasteunenberg/Downloads/Test/simulator.js:154:14)
    at ChildProcess.<anonymous> (/Users/clazinasteunenberg/Downloads/Test/simulator.js:23:9)
    at ChildProcess.EventEmitter.emit (events.js:98:17)
    at handleMessage (child_process.js:318:10)
    at Pipe.channel.onread (child_process.js:345:11)

TypeError: Cannot read property '0' of undefined
    at BattleRoom.win (/Users/clazinasteunenberg/Downloads/Test/rooms.js:538:33)
    at Simulator.receive (/Users/clazinasteunenberg/Downloads/Test/simulator.js:154:14)
    at ChildProcess.<anonymous> (/Users/clazinasteunenberg/Downloads/Test/simulator.js:23:9)
    at ChildProcess.EventEmitter.emit (events.js:98:17)
    at handleMessage (child_process.js:318:10)
    at Pipe.channel.onread (child_process.js:345:11)

TypeError: Cannot read property '0' of undefined
    at BattleRoom.win (/Users/clazinasteunenberg/Downloads/Test/rooms.js:538:33)
    at Simulator.receive (/Users/clazinasteunenberg/Downloads/Test/simulator.js:154:14)
    at ChildProcess.<anonymous> (/Users/clazinasteunenberg/Downloads/Test/simulator.js:23:9)
    at ChildProcess.EventEmitter.emit (events.js:98:17)
    at handleMessage (child_process.js:318:10)
    at Pipe.channel.onread (child_process.js:345:11)

TypeError: Cannot read property '0' of undefined
    at BattleRoom.win (/Users/clazinasteunenberg/Downloads/Test/rooms.js:538:33)
    at Simulator.receive (/Users/clazinasteunenberg/Downloads/Test/simulator.js:154:14)
    at ChildProcess.<anonymous> (/Users/clazinasteunenberg/Downloads/Test/simulator.js:23:9)
    at ChildProcess.EventEmitter.emit (events.js:98:17)
    at handleMessage (child_process.js:318:10)
    at Pipe.channel.onread (child_process.js:345:11)

TypeError: Cannot read property '0' of undefined
    at BattleRoom.win (/Users/clazinasteunenberg/Downloads/Test/rooms.js:538:33)
    at Simulator.receive (/Users/clazinasteunenberg/Downloads/Test/simulator.js:154:14)
    at ChildProcess.<anonymous> (/Users/clazinasteunenberg/Downloads/Test/simulator.js:23:9)
    at ChildProcess.EventEmitter.emit (events.js:98:17)
    at handleMessage (child_process.js:318:10)
    at Pipe.channel.onread (child_process.js:345:11)

ReferenceError: name is not defined
    at Tools.exports.BattleFormats.bluntmons.validateSet (/Users/clazinasteunenberg/Downloads/Test/data/formats.js:1094:47)
    at Tools.module.exports.Tools.validateSet (/Users/clazinasteunenberg/Downloads/Test/tools.js:1008:50)
    at Tools.module.exports.Tools.validateTeam (/Users/clazinasteunenberg/Downloads/Test/tools.js:713:27)
    at GlobalRoom.searchBattle (/Users/clazinasteunenberg/Downloads/Test/rooms.js:235:24)
    at Object.exports.commands.search (/Users/clazinasteunenberg/Downloads/Test/commands.js:1947:17)
    at Object.exports.parse (/Users/clazinasteunenberg/Downloads/Test/command-parser.js:192:31)
    at ChatRoom.chat (/Users/clazinasteunenberg/Downloads/Test/rooms.js:1429:27)
    at User.processChatQueue (/Users/clazinasteunenberg/Downloads/Test/users.js:1042:13)
    at Timer.listOnTimeout [as ontimeout] (timers.js:110:15)

ReferenceError: name is not defined
    at Tools.exports.BattleFormats.bluntmons.validateSet (/Users/clazinasteunenberg/Downloads/Test/data/formats.js:1094:47)
    at Tools.module.exports.Tools.validateSet (/Users/clazinasteunenberg/Downloads/Test/tools.js:1008:50)
    at Tools.module.exports.Tools.validateTeam (/Users/clazinasteunenberg/Downloads/Test/tools.js:713:27)
    at Object.exports.commands.challenge (/Users/clazinasteunenberg/Downloads/Test/commands.js:1964:24)
    at Object.exports.parse (/Users/clazinasteunenberg/Downloads/Test/command-parser.js:192:31)
    at ChatRoom.chat (/Users/clazinasteunenberg/Downloads/Test/rooms.js:1429:27)
    at User.processChatQueue (/Users/clazinasteunenberg/Downloads/Test/users.js:1042:13)
    at Timer.listOnTimeout [as ontimeout] (timers.js:110:15)

ReferenceError: name is not defined
    at Tools.exports.BattleFormats.bluntmons.validateSet (/Users/clazinasteunenberg/Downloads/Test/data/formats.js:1094:47)
    at Tools.module.exports.Tools.validateSet (/Users/clazinasteunenberg/Downloads/Test/tools.js:1008:50)
    at Tools.module.exports.Tools.validateTeam (/Users/clazinasteunenberg/Downloads/Test/tools.js:713:27)
    at GlobalRoom.searchBattle (/Users/clazinasteunenberg/Downloads/Test/rooms.js:235:24)
    at Object.exports.commands.search (/Users/clazinasteunenberg/Downloads/Test/commands.js:1947:17)
    at Object.exports.parse (/Users/clazinasteunenberg/Downloads/Test/command-parser.js:192:31)
    at ChatRoom.chat (/Users/clazinasteunenberg/Downloads/Test/rooms.js:1429:27)
    at User.processChatQueue (/Users/clazinasteunenberg/Downloads/Test/users.js:1042:13)
    at Timer.listOnTimeout [as ontimeout] (timers.js:110:15)

ReferenceError: name is not defined
    at Tools.exports.BattleFormats.bluntmons.validateSet (/Users/clazinasteunenberg/Downloads/Test/data/formats.js:1094:47)
    at Tools.module.exports.Tools.validateSet (/Users/clazinasteunenberg/Downloads/Test/tools.js:1008:50)
    at Tools.module.exports.Tools.validateTeam (/Users/clazinasteunenberg/Downloads/Test/tools.js:713:27)
    at GlobalRoom.searchBattle (/Users/clazinasteunenberg/Downloads/Test/rooms.js:235:24)
    at Object.exports.commands.search (/Users/clazinasteunenberg/Downloads/Test/commands.js:1947:17)
    at Object.exports.parse (/Users/clazinasteunenberg/Downloads/Test/command-parser.js:192:31)
    at ChatRoom.chat (/Users/clazinasteunenberg/Downloads/Test/rooms.js:1429:27)
    at User.processChatQueue (/Users/clazinasteunenberg/Downloads/Test/users.js:1042:13)
    at Timer.listOnTimeout [as ontimeout] (timers.js:110:15)

ReferenceError: name is not defined
    at Tools.exports.BattleFormats.bluntmons.validateSet (/Users/clazinasteunenberg/Downloads/Test/data/formats.js:1094:47)
    at Tools.module.exports.Tools.validateSet (/Users/clazinasteunenberg/Downloads/Test/tools.js:1008:50)
    at Tools.module.exports.Tools.validateTeam (/Users/clazinasteunenberg/Downloads/Test/tools.js:713:27)
    at GlobalRoom.searchBattle (/Users/clazinasteunenberg/Downloads/Test/rooms.js:235:24)
    at Object.exports.commands.search (/Users/clazinasteunenberg/Downloads/Test/commands.js:1947:17)
    at Object.exports.parse (/Users/clazinasteunenberg/Downloads/Test/command-parser.js:192:31)
    at ChatRoom.chat (/Users/clazinasteunenberg/Downloads/Test/rooms.js:1429:27)
    at User.processChatQueue (/Users/clazinasteunenberg/Downloads/Test/users.js:1042:13)
    at Timer.listOnTimeout [as ontimeout] (timers.js:110:15)

ReferenceError: name is not defined
    at Tools.exports.BattleFormats.bluntmons.validateSet (/Users/clazinasteunenberg/Downloads/Test/data/formats.js:1094:47)
    at Tools.module.exports.Tools.validateSet (/Users/clazinasteunenberg/Downloads/Test/tools.js:1008:50)
    at Tools.module.exports.Tools.validateTeam (/Users/clazinasteunenberg/Downloads/Test/tools.js:713:27)
    at Object.exports.commands.challenge (/Users/clazinasteunenberg/Downloads/Test/commands.js:1964:24)
    at Object.exports.parse (/Users/clazinasteunenberg/Downloads/Test/command-parser.js:192:31)
    at ChatRoom.chat (/Users/clazinasteunenberg/Downloads/Test/rooms.js:1429:27)
    at User.processChatQueue (/Users/clazinasteunenberg/Downloads/Test/users.js:1042:13)
    at Timer.listOnTimeout [as ontimeout] (timers.js:110:15)

TypeError: Cannot read property '0' of undefined
    at BattleRoom.win (/Users/clazinasteunenberg/Downloads/Test/rooms.js:538:33)
    at Simulator.receive (/Users/clazinasteunenberg/Downloads/Test/simulator.js:154:14)
    at ChildProcess.<anonymous> (/Users/clazinasteunenberg/Downloads/Test/simulator.js:23:9)
    at ChildProcess.EventEmitter.emit (events.js:98:17)
    at handleMessage (child_process.js:318:10)
    at Pipe.channel.onread (child_process.js:345:11)

SyntaxError: Unexpected token :
    at Module._compile (module.js:439:25)
    at Object.Module._extensions..js (module.js:474:10)
    at Module.load (module.js:356:32)
    at Function.Module._load (module.js:312:12)
    at Module.require (module.js:364:17)
    at require (module.js:380:17)
    at Object.<anonymous> (/Users/clazinasteunenberg/Downloads/Test/command-parser.js:368:22)
    at Module._compile (module.js:456:26)
    at Object.Module._extensions..js (module.js:474:10)
    at Module.load (module.js:356:32)

Additional information:
user = snaquaza
ip = 127.0.0.1
roomid = 
message = |/hotpatch chat

ReferenceError: remove is not defined
    at null._onTimeout (/Users/clazinasteunenberg/Downloads/Test/config/mafia.js:57:4)
    at Timer.listOnTimeout [as ontimeout] (timers.js:110:15)

ReferenceError: remove is not defined
    at null._onTimeout (/Users/clazinasteunenberg/Downloads/Test/config/mafia.js:57:4)
    at Timer.listOnTimeout [as ontimeout] (timers.js:110:15)

ReferenceError: remove is not defined
    at null._onTimeout (/Users/clazinasteunenberg/Downloads/Test/config/mafia.js:57:4)
    at Timer.listOnTimeout [as ontimeout] (timers.js:110:15)

TypeError: Cannot read property '0' of undefined
    at BattleRoom.win (/Users/clazinasteunenberg/Downloads/Test/rooms.js:539:33)
    at Simulator.receive (/Users/clazinasteunenberg/Downloads/Test/simulator.js:154:14)
    at ChildProcess.<anonymous> (/Users/clazinasteunenberg/Downloads/Test/simulator.js:23:9)
    at ChildProcess.EventEmitter.emit (events.js:98:17)
    at handleMessage (child_process.js:318:10)
    at Pipe.channel.onread (child_process.js:345:11)

SyntaxError: Unexpected string
    at Module._compile (module.js:439:25)
    at Object.Module._extensions..js (module.js:474:10)
    at Module.load (module.js:356:32)
    at Function.Module._load (module.js:312:12)
    at Module.require (module.js:364:17)
    at require (module.js:380:17)
    at Object.<anonymous> (/Users/clazinasteunenberg/Downloads/Test/command-parser.js:381:22)
    at Module._compile (module.js:456:26)
    at Object.Module._extensions..js (module.js:474:10)
    at Module.load (module.js:356:32)

Additional information:
user = snaquaza
ip = 127.0.0.1
roomid = 
message = |/hotpatch chat

SyntaxError: Unexpected string
    at Module._compile (module.js:439:25)
    at Object.Module._extensions..js (module.js:474:10)
    at Module.load (module.js:356:32)
    at Function.Module._load (module.js:312:12)
    at Module.require (module.js:364:17)
    at require (module.js:380:17)
    at Object.<anonymous> (/Users/clazinasteunenberg/Downloads/Test/command-parser.js:381:22)
    at Module._compile (module.js:456:26)
    at Object.Module._extensions..js (module.js:474:10)
    at Module.load (module.js:356:32)

Additional information:
user = snaquaza
ip = 127.0.0.1
roomid = 
message = |/hotpatch chat

TypeError: Object glaceon3v has no method 'prepBattle'
    at Object.exports.commands.challenge (/Users/clazinasteunenberg/Downloads/Test/commands.js:2181:13)
    at Object.exports.parse (/Users/clazinasteunenberg/Downloads/Test/command-parser.js:194:31)
    at ChatRoom.chat (/Users/clazinasteunenberg/Downloads/Test/rooms.js:1434:27)
    at User.processChatQueue (/Users/clazinasteunenberg/Downloads/Test/users.js:1049:13)
    at Timer.listOnTimeout [as ontimeout] (timers.js:110:15)

ReferenceError: Data is not defined
    at tour.reset.tour.(anonymous function).status [as _onTimeout] (/Users/clazinasteunenberg/Downloads/Test/commands.js:18:38)
    at Timer.listOnTimeout [as ontimeout] (timers.js:110:15)

TypeError: Cannot read property '0' of undefined
    at BattleRoom.win (/Users/clazinasteunenberg/Downloads/Test/rooms.js:617:33)
    at Simulator.receive (/Users/clazinasteunenberg/Downloads/Test/simulator.js:154:14)
    at ChildProcess.<anonymous> (/Users/clazinasteunenberg/Downloads/Test/simulator.js:23:9)
    at ChildProcess.EventEmitter.emit (events.js:98:17)
    at handleMessage (child_process.js:318:10)
    at Pipe.channel.onread (child_process.js:345:11)

TypeError: Cannot read property '0' of undefined
    at BattleRoom.win (/Users/clazinasteunenberg/Downloads/Test/rooms.js:617:33)
    at Simulator.receive (/Users/clazinasteunenberg/Downloads/Test/simulator.js:154:14)
    at ChildProcess.<anonymous> (/Users/clazinasteunenberg/Downloads/Test/simulator.js:23:9)
    at ChildProcess.EventEmitter.emit (events.js:98:17)
    at handleMessage (child_process.js:318:10)
    at Pipe.channel.onread (child_process.js:345:11)

TypeError: Cannot read property '0' of undefined
    at BattleRoom.win (/Users/clazinasteunenberg/Downloads/Test/rooms.js:617:33)
    at Simulator.receive (/Users/clazinasteunenberg/Downloads/Test/simulator.js:154:14)
    at ChildProcess.<anonymous> (/Users/clazinasteunenberg/Downloads/Test/simulator.js:23:9)
    at ChildProcess.EventEmitter.emit (events.js:98:17)
    at handleMessage (child_process.js:318:10)
    at Pipe.channel.onread (child_process.js:345:11)

TypeError: Cannot read property '0' of undefined
    at BattleRoom.win (/Users/clazinasteunenberg/Downloads/Test/rooms.js:617:33)
    at Simulator.receive (/Users/clazinasteunenberg/Downloads/Test/simulator.js:154:14)
    at ChildProcess.<anonymous> (/Users/clazinasteunenberg/Downloads/Test/simulator.js:23:9)
    at ChildProcess.EventEmitter.emit (events.js:98:17)
    at handleMessage (child_process.js:318:10)
    at Pipe.channel.onread (child_process.js:345:11)

TypeError: Cannot read property '0' of undefined
    at BattleRoom.win (/Users/clazinasteunenberg/Downloads/Test/rooms.js:617:33)
    at Simulator.receive (/Users/clazinasteunenberg/Downloads/Test/simulator.js:154:14)
    at ChildProcess.<anonymous> (/Users/clazinasteunenberg/Downloads/Test/simulator.js:23:9)
    at ChildProcess.EventEmitter.emit (events.js:98:17)
    at handleMessage (child_process.js:318:10)
    at Pipe.channel.onread (child_process.js:345:11)

TypeError: Cannot read property '0' of undefined
    at BattleRoom.win (/Users/clazinasteunenberg/Downloads/Test/rooms.js:617:33)
    at Simulator.receive (/Users/clazinasteunenberg/Downloads/Test/simulator.js:154:14)
    at ChildProcess.<anonymous> (/Users/clazinasteunenberg/Downloads/Test/simulator.js:23:9)
    at ChildProcess.EventEmitter.emit (events.js:98:17)
    at handleMessage (child_process.js:318:10)
    at Pipe.channel.onread (child_process.js:345:11)

TypeError: Cannot read property '0' of undefined
    at BattleRoom.win (/Users/clazinasteunenberg/Downloads/Test/rooms.js:617:33)
    at Simulator.receive (/Users/clazinasteunenberg/Downloads/Test/simulator.js:154:14)
    at ChildProcess.<anonymous> (/Users/clazinasteunenberg/Downloads/Test/simulator.js:23:9)
    at ChildProcess.EventEmitter.emit (events.js:98:17)
    at handleMessage (child_process.js:318:10)
    at Pipe.channel.onread (child_process.js:345:11)

TypeError: Cannot read property 'auth' of undefined
    at User.getIdentity (/Users/clazinasteunenberg/Downloads/Test/users.js:243:11)
    at ChatRoom.onJoin (/Users/clazinasteunenberg/Downloads/Test/rooms.js:1382:24)
    at User.joinRoom (/Users/clazinasteunenberg/Downloads/Test/users.js:939:10)
    at Object.exports.commands.join (/Users/clazinasteunenberg/Downloads/Test/commands.js:1096:13)
    at Object.exports.parse (/Users/clazinasteunenberg/Downloads/Test/command-parser.js:194:31)
    at ChatRoom.chat (/Users/clazinasteunenberg/Downloads/Test/rooms.js:1461:27)
    at User.chat (/Users/clazinasteunenberg/Downloads/Test/users.js:1122:9)
    at SockJSConnection.<anonymous> (/Users/clazinasteunenberg/Downloads/Test/app.js:513:14)
    at SockJSConnection.EventEmitter.emit (events.js:95:17)
    at Session.didMessage (/Users/clazinasteunenberg/Downloads/Test/node_modules/sockjs/lib/transport.js:212:25)

Additional information:
user = snaquaza
ip = 127.0.0.1
roomid = 
message = |/join avatars

TypeError: Cannot read property '0' of undefined
    at BattleRoom.win (/Users/clazinasteunenberg/Downloads/Test/rooms.js:617:33)
    at Simulator.receive (/Users/clazinasteunenberg/Downloads/Test/simulator.js:154:14)
    at ChildProcess.<anonymous> (/Users/clazinasteunenberg/Downloads/Test/simulator.js:23:9)
    at ChildProcess.EventEmitter.emit (events.js:98:17)
    at handleMessage (child_process.js:318:10)
    at Pipe.channel.onread (child_process.js:345:11)

TypeError: Cannot read property 'length' of undefined
    at Tools.exports.BattleFormats.puremeta.validateSet (/Users/clazinasteunenberg/Downloads/Test/data/formats.js:1095:40)
    at Tools.module.exports.Tools.validateSet (/Users/clazinasteunenberg/Downloads/Test/tools.js:1011:50)
    at Tools.module.exports.Tools.validateTeam (/Users/clazinasteunenberg/Downloads/Test/tools.js:716:27)
    at User.prepBattle (/Users/clazinasteunenberg/Downloads/Test/users.js:1008:24)
    at GlobalRoom.searchBattle (/Users/clazinasteunenberg/Downloads/Test/rooms.js:269:13)
    at Object.exports.commands.search (/Users/clazinasteunenberg/Downloads/Test/commands.js:2165:17)
    at Object.exports.parse (/Users/clazinasteunenberg/Downloads/Test/command-parser.js:194:31)
    at ChatRoom.chat (/Users/clazinasteunenberg/Downloads/Test/rooms.js:1461:27)
    at User.processChatQueue (/Users/clazinasteunenberg/Downloads/Test/users.js:1136:13)
    at Timer.listOnTimeout [as ontimeout] (timers.js:110:15)

TypeError: Cannot read property 'length' of undefined
    at Tools.exports.BattleFormats.puremeta.validateSet (/Users/clazinasteunenberg/Downloads/Test/data/formats.js:1095:40)
    at Tools.module.exports.Tools.validateSet (/Users/clazinasteunenberg/Downloads/Test/tools.js:1011:50)
    at Tools.module.exports.Tools.validateTeam (/Users/clazinasteunenberg/Downloads/Test/tools.js:716:27)
    at User.prepBattle (/Users/clazinasteunenberg/Downloads/Test/users.js:1008:24)
    at GlobalRoom.searchBattle (/Users/clazinasteunenberg/Downloads/Test/rooms.js:269:13)
    at Object.exports.commands.search (/Users/clazinasteunenberg/Downloads/Test/commands.js:2165:17)
    at Object.exports.parse (/Users/clazinasteunenberg/Downloads/Test/command-parser.js:194:31)
    at ChatRoom.chat (/Users/clazinasteunenberg/Downloads/Test/rooms.js:1461:27)
    at User.processChatQueue (/Users/clazinasteunenberg/Downloads/Test/users.js:1136:13)
    at Timer.listOnTimeout [as ontimeout] (timers.js:110:15)

TypeError: Cannot read property 'length' of undefined
    at Tools.exports.BattleFormats.puremeta.validateSet (/Users/clazinasteunenberg/Downloads/Test/data/formats.js:1076:40)
    at Tools.module.exports.Tools.validateSet (/Users/clazinasteunenberg/Downloads/Test/tools.js:1011:50)
    at Tools.module.exports.Tools.validateTeam (/Users/clazinasteunenberg/Downloads/Test/tools.js:716:27)
    at User.prepBattle (/Users/clazinasteunenberg/Downloads/Test/users.js:1008:24)
    at GlobalRoom.searchBattle (/Users/clazinasteunenberg/Downloads/Test/rooms.js:269:13)
    at Object.exports.commands.search (/Users/clazinasteunenberg/Downloads/Test/commands.js:2165:17)
    at Object.exports.parse (/Users/clazinasteunenberg/Downloads/Test/command-parser.js:194:31)
    at ChatRoom.chat (/Users/clazinasteunenberg/Downloads/Test/rooms.js:1461:27)
    at User.processChatQueue (/Users/clazinasteunenberg/Downloads/Test/users.js:1136:13)
    at Timer.listOnTimeout [as ontimeout] (timers.js:110:15)

TypeError: Cannot read property 'length' of undefined
    at Tools.exports.BattleFormats.puremeta.validateSet (/Users/clazinasteunenberg/Downloads/Test/data/formats.js:1076:40)
    at Tools.module.exports.Tools.validateSet (/Users/clazinasteunenberg/Downloads/Test/tools.js:1011:50)
    at Tools.module.exports.Tools.validateTeam (/Users/clazinasteunenberg/Downloads/Test/tools.js:716:27)
    at User.prepBattle (/Users/clazinasteunenberg/Downloads/Test/users.js:1008:24)
    at GlobalRoom.searchBattle (/Users/clazinasteunenberg/Downloads/Test/rooms.js:269:13)
    at Object.exports.commands.search (/Users/clazinasteunenberg/Downloads/Test/commands.js:2165:17)
    at Object.exports.parse (/Users/clazinasteunenberg/Downloads/Test/command-parser.js:194:31)
    at ChatRoom.chat (/Users/clazinasteunenberg/Downloads/Test/rooms.js:1461:27)
    at User.processChatQueue (/Users/clazinasteunenberg/Downloads/Test/users.js:1136:13)
    at Timer.listOnTimeout [as ontimeout] (timers.js:110:15)

TypeError: Cannot read property 'length' of undefined
    at Tools.exports.BattleFormats.puremeta.validateSet (/Users/clazinasteunenberg/Downloads/Test/data/formats.js:1076:40)
    at Tools.module.exports.Tools.validateSet (/Users/clazinasteunenberg/Downloads/Test/tools.js:1011:50)
    at Tools.module.exports.Tools.validateTeam (/Users/clazinasteunenberg/Downloads/Test/tools.js:716:27)
    at User.prepBattle (/Users/clazinasteunenberg/Downloads/Test/users.js:1008:24)
    at GlobalRoom.searchBattle (/Users/clazinasteunenberg/Downloads/Test/rooms.js:269:13)
    at Object.exports.commands.search (/Users/clazinasteunenberg/Downloads/Test/commands.js:2165:17)
    at Object.exports.parse (/Users/clazinasteunenberg/Downloads/Test/command-parser.js:194:31)
    at ChatRoom.chat (/Users/clazinasteunenberg/Downloads/Test/rooms.js:1461:27)
    at User.processChatQueue (/Users/clazinasteunenberg/Downloads/Test/users.js:1136:13)
    at Timer.listOnTimeout [as ontimeout] (timers.js:110:15)

TypeError: Cannot read property 'length' of undefined
    at Tools.exports.BattleFormats.puremeta.validateSet (/Users/clazinasteunenberg/Downloads/Test/data/formats.js:1032:40)
    at Tools.module.exports.Tools.validateSet (/Users/clazinasteunenberg/Downloads/Test/tools.js:1011:50)
    at Tools.module.exports.Tools.validateTeam (/Users/clazinasteunenberg/Downloads/Test/tools.js:716:27)
    at User.prepBattle (/Users/clazinasteunenberg/Downloads/Test/users.js:1008:24)
    at GlobalRoom.searchBattle (/Users/clazinasteunenberg/Downloads/Test/rooms.js:269:13)
    at Object.exports.commands.search (/Users/clazinasteunenberg/Downloads/Test/commands.js:2165:17)
    at Object.exports.parse (/Users/clazinasteunenberg/Downloads/Test/command-parser.js:194:31)
    at ChatRoom.chat (/Users/clazinasteunenberg/Downloads/Test/rooms.js:1461:27)
    at User.processChatQueue (/Users/clazinasteunenberg/Downloads/Test/users.js:1136:13)
    at Timer.listOnTimeout [as ontimeout] (timers.js:110:15)

TypeError: Object #<Object> has no method 'sendreply'
    at Object.exports.commands.invisiban (/Users/clazinasteunenberg/Downloads/Test/commands.js:1528:16)
    at Object.exports.parse (/Users/clazinasteunenberg/Downloads/Test/command-parser.js:194:31)
    at ChatRoom.chat (/Users/clazinasteunenberg/Downloads/Test/rooms.js:1461:27)
    at User.processChatQueue (/Users/clazinasteunenberg/Downloads/Test/users.js:1136:13)
    at Timer.listOnTimeout [as ontimeout] (timers.js:110:15)

TypeError: Object #<Object> has no method 'sendreply'
    at Object.exports.commands.invisiban (/Users/clazinasteunenberg/Downloads/Test/commands.js:1528:16)
    at Object.exports.parse (/Users/clazinasteunenberg/Downloads/Test/command-parser.js:194:31)
    at ChatRoom.chat (/Users/clazinasteunenberg/Downloads/Test/rooms.js:1461:27)
    at User.chat (/Users/clazinasteunenberg/Downloads/Test/users.js:1122:9)
    at SockJSConnection.<anonymous> (/Users/clazinasteunenberg/Downloads/Test/app.js:513:14)
    at SockJSConnection.EventEmitter.emit (events.js:95:17)
    at Session.didMessage (/Users/clazinasteunenberg/Downloads/Test/node_modules/sockjs/lib/transport.js:212:25)
    at WebSocketReceiver.didMessage (/Users/clazinasteunenberg/Downloads/Test/node_modules/sockjs/lib/trans-websocket.js:102:40)
    at /Users/clazinasteunenberg/Downloads/Test/node_modules/sockjs/lib/trans-websocket.js:75:22
    at null.<anonymous> (/Users/clazinasteunenberg/Downloads/Test/node_modules/sockjs/node_modules/faye-websocket/lib/faye/websocket/api/event_target.js:41:7)

Additional information:
user = zyphirex
ip = 68.40.166.230
roomid = 
message = |/invisiban sop

TypeError: Object #<Object> has no method 'sendreply'
    at Object.exports.commands.invisiban (/Users/clazinasteunenberg/Downloads/Test/commands.js:1528:16)
    at Object.exports.parse (/Users/clazinasteunenberg/Downloads/Test/command-parser.js:194:31)
    at ChatRoom.chat (/Users/clazinasteunenberg/Downloads/Test/rooms.js:1461:27)
    at User.chat (/Users/clazinasteunenberg/Downloads/Test/users.js:1122:9)
    at SockJSConnection.<anonymous> (/Users/clazinasteunenberg/Downloads/Test/app.js:513:14)
    at SockJSConnection.EventEmitter.emit (events.js:95:17)
    at Session.didMessage (/Users/clazinasteunenberg/Downloads/Test/node_modules/sockjs/lib/transport.js:212:25)
    at WebSocketReceiver.didMessage (/Users/clazinasteunenberg/Downloads/Test/node_modules/sockjs/lib/trans-websocket.js:102:40)
    at /Users/clazinasteunenberg/Downloads/Test/node_modules/sockjs/lib/trans-websocket.js:75:22
    at null.<anonymous> (/Users/clazinasteunenberg/Downloads/Test/node_modules/sockjs/node_modules/faye-websocket/lib/faye/websocket/api/event_target.js:41:7)

Additional information:
user = zyphirex
ip = 68.40.166.230
roomid = 
message = |/invisiban sop

TypeError: Object #<Object> has no method 'sendreply'
    at Object.exports.commands.invisiban (/Users/clazinasteunenberg/Downloads/Test/commands.js:1528:16)
    at Object.exports.parse (/Users/clazinasteunenberg/Downloads/Test/command-parser.js:194:31)
    at ChatRoom.chat (/Users/clazinasteunenberg/Downloads/Test/rooms.js:1461:27)
    at User.chat (/Users/clazinasteunenberg/Downloads/Test/users.js:1122:9)
    at SockJSConnection.<anonymous> (/Users/clazinasteunenberg/Downloads/Test/app.js:513:14)
    at SockJSConnection.EventEmitter.emit (events.js:95:17)
    at Session.didMessage (/Users/clazinasteunenberg/Downloads/Test/node_modules/sockjs/lib/transport.js:212:25)
    at WebSocketReceiver.didMessage (/Users/clazinasteunenberg/Downloads/Test/node_modules/sockjs/lib/trans-websocket.js:102:40)
    at /Users/clazinasteunenberg/Downloads/Test/node_modules/sockjs/lib/trans-websocket.js:75:22
    at null.<anonymous> (/Users/clazinasteunenberg/Downloads/Test/node_modules/sockjs/node_modules/faye-websocket/lib/faye/websocket/api/event_target.js:41:7)

Additional information:
user = firehound
ip = 127.0.0.1
roomid = 
message = |/invisiban SOP

TypeError: Cannot read property '0' of undefined
    at BattleRoom.win (/Users/clazinasteunenberg/Downloads/Test/rooms.js:617:33)
    at Simulator.receive (/Users/clazinasteunenberg/Downloads/Test/simulator.js:154:14)
    at ChildProcess.<anonymous> (/Users/clazinasteunenberg/Downloads/Test/simulator.js:23:9)
    at ChildProcess.EventEmitter.emit (events.js:98:17)
    at handleMessage (child_process.js:318:10)
    at Pipe.channel.onread (child_process.js:345:11)

TypeError: Cannot call method 'validateTeam' of undefined
    at Tools.module.exports.Tools.validateTeam (/Users/clazinasteunenberg/Downloads/Test/tools.js:695:28)
    at User.prepBattle (/Users/clazinasteunenberg/Downloads/Test/users.js:1008:24)
    at Object.exports.commands.challenge (/Users/clazinasteunenberg/Downloads/Test/commands.js:2212:13)
    at Object.exports.parse (/Users/clazinasteunenberg/Downloads/Test/command-parser.js:194:31)
    at ChatRoom.chat (/Users/clazinasteunenberg/Downloads/Test/rooms.js:1461:27)
    at User.processChatQueue (/Users/clazinasteunenberg/Downloads/Test/users.js:1136:13)
    at Timer.listOnTimeout [as ontimeout] (timers.js:110:15)

TypeError: Cannot call method 'validateTeam' of undefined
    at Tools.module.exports.Tools.validateTeam (/Users/clazinasteunenberg/Downloads/Test/tools.js:695:28)
    at User.prepBattle (/Users/clazinasteunenberg/Downloads/Test/users.js:1008:24)
    at GlobalRoom.searchBattle (/Users/clazinasteunenberg/Downloads/Test/rooms.js:269:13)
    at Object.exports.commands.search (/Users/clazinasteunenberg/Downloads/Test/commands.js:2205:17)
    at Object.exports.parse (/Users/clazinasteunenberg/Downloads/Test/command-parser.js:194:31)
    at ChatRoom.chat (/Users/clazinasteunenberg/Downloads/Test/rooms.js:1461:27)
    at User.processChatQueue (/Users/clazinasteunenberg/Downloads/Test/users.js:1136:13)
    at Timer.listOnTimeout [as ontimeout] (timers.js:110:15)

TypeError: Cannot set property 'auth' of undefined
    at Object.exports.commands.roomowner (/Users/clazinasteunenberg/Downloads/Test/commands.js:934:54)
    at Object.exports.parse (/Users/clazinasteunenberg/Downloads/Test/command-parser.js:194:31)
    at ChatRoom.chat (/Users/clazinasteunenberg/Downloads/Test/rooms.js:1461:27)
    at User.chat (/Users/clazinasteunenberg/Downloads/Test/users.js:1122:9)
    at SockJSConnection.<anonymous> (/Users/clazinasteunenberg/Downloads/Test/app.js:513:14)
    at SockJSConnection.EventEmitter.emit (events.js:95:17)
    at Session.didMessage (/Users/clazinasteunenberg/Downloads/Test/node_modules/sockjs/lib/transport.js:212:25)
    at WebSocketReceiver.didMessage (/Users/clazinasteunenberg/Downloads/Test/node_modules/sockjs/lib/trans-websocket.js:102:40)
    at /Users/clazinasteunenberg/Downloads/Test/node_modules/sockjs/lib/trans-websocket.js:75:22
    at null.<anonymous> (/Users/clazinasteunenberg/Downloads/Test/node_modules/sockjs/node_modules/faye-websocket/lib/faye/websocket/api/event_target.js:41:7)

Additional information:
user = snaquaza
ip = 127.0.0.1
roomid = 
message = |/roomowner Snaquaza

TypeError: Cannot read property '0' of undefined
    at BattleRoom.win (/Users/clazinasteunenberg/Downloads/Test/rooms.js:617:33)
    at Simulator.receive (/Users/clazinasteunenberg/Downloads/Test/simulator.js:154:14)
    at ChildProcess.<anonymous> (/Users/clazinasteunenberg/Downloads/Test/simulator.js:23:9)
    at ChildProcess.EventEmitter.emit (events.js:98:17)
    at handleMessage (child_process.js:318:10)
    at Pipe.channel.onread (child_process.js:345:11)

TypeError: Cannot read property 'status' of undefined
    at Object.exports.commands.j (/Users/clazinasteunenberg/Downloads/Test/commands.js:320:20)
    at Object.exports.parse (/Users/clazinasteunenberg/Downloads/Test/command-parser.js:194:31)
    at ChatRoom.chat (/Users/clazinasteunenberg/Downloads/Test/rooms.js:1461:27)
    at User.chat (/Users/clazinasteunenberg/Downloads/Test/users.js:1122:9)
    at SockJSConnection.<anonymous> (/Users/clazinasteunenberg/Downloads/Test/app.js:513:14)
    at SockJSConnection.EventEmitter.emit (events.js:95:17)
    at Session.didMessage (/Users/clazinasteunenberg/Downloads/Test/node_modules/sockjs/lib/transport.js:212:25)
    at WebSocketReceiver.didMessage (/Users/clazinasteunenberg/Downloads/Test/node_modules/sockjs/lib/trans-websocket.js:102:40)
    at /Users/clazinasteunenberg/Downloads/Test/node_modules/sockjs/lib/trans-websocket.js:75:22
    at null.<anonymous> (/Users/clazinasteunenberg/Downloads/Test/node_modules/sockjs/node_modules/faye-websocket/lib/faye/websocket/api/event_target.js:41:7)

Additional information:
user = desokoro
ip = 68.192.248.96
roomid = mafia
message = mafia|/j

TypeError: Cannot read property 'status' of undefined
    at Object.exports.commands.j (/Users/clazinasteunenberg/Downloads/Test/commands.js:320:20)
    at Object.exports.parse (/Users/clazinasteunenberg/Downloads/Test/command-parser.js:194:31)
    at ChatRoom.chat (/Users/clazinasteunenberg/Downloads/Test/rooms.js:1461:27)
    at User.chat (/Users/clazinasteunenberg/Downloads/Test/users.js:1122:9)
    at SockJSConnection.<anonymous> (/Users/clazinasteunenberg/Downloads/Test/app.js:513:14)
    at SockJSConnection.EventEmitter.emit (events.js:95:17)
    at Session.didMessage (/Users/clazinasteunenberg/Downloads/Test/node_modules/sockjs/lib/transport.js:212:25)
    at WebSocketReceiver.didMessage (/Users/clazinasteunenberg/Downloads/Test/node_modules/sockjs/lib/trans-websocket.js:102:40)
    at /Users/clazinasteunenberg/Downloads/Test/node_modules/sockjs/lib/trans-websocket.js:75:22
    at null.<anonymous> (/Users/clazinasteunenberg/Downloads/Test/node_modules/sockjs/node_modules/faye-websocket/lib/faye/websocket/api/event_target.js:41:7)

Additional information:
user = desokoro
ip = 68.192.248.96
roomid = mafia
message = mafia|/j

TypeError: Cannot read property 'status' of undefined
    at Object.exports.commands.j (/Users/clazinasteunenberg/Downloads/Test/commands.js:320:20)
    at Object.exports.parse (/Users/clazinasteunenberg/Downloads/Test/command-parser.js:194:31)
    at ChatRoom.chat (/Users/clazinasteunenberg/Downloads/Test/rooms.js:1461:27)
    at User.chat (/Users/clazinasteunenberg/Downloads/Test/users.js:1122:9)
    at SockJSConnection.<anonymous> (/Users/clazinasteunenberg/Downloads/Test/app.js:513:14)
    at SockJSConnection.EventEmitter.emit (events.js:95:17)
    at Session.didMessage (/Users/clazinasteunenberg/Downloads/Test/node_modules/sockjs/lib/transport.js:212:25)
    at WebSocketReceiver.didMessage (/Users/clazinasteunenberg/Downloads/Test/node_modules/sockjs/lib/trans-websocket.js:102:40)
    at /Users/clazinasteunenberg/Downloads/Test/node_modules/sockjs/lib/trans-websocket.js:75:22
    at null.<anonymous> (/Users/clazinasteunenberg/Downloads/Test/node_modules/sockjs/node_modules/faye-websocket/lib/faye/websocket/api/event_target.js:41:7)

Additional information:
user = desokoro
ip = 68.192.248.96
roomid = mafia
message = mafia|/j

TypeError: Cannot read property 'status' of undefined
    at Object.exports.commands.remind (/Users/clazinasteunenberg/Downloads/Test/commands.js:453:20)
    at Object.exports.parse (/Users/clazinasteunenberg/Downloads/Test/command-parser.js:194:31)
    at ChatRoom.chat (/Users/clazinasteunenberg/Downloads/Test/rooms.js:1461:27)
    at User.chat (/Users/clazinasteunenberg/Downloads/Test/users.js:1122:9)
    at SockJSConnection.<anonymous> (/Users/clazinasteunenberg/Downloads/Test/app.js:513:14)
    at SockJSConnection.EventEmitter.emit (events.js:95:17)
    at Session.didMessage (/Users/clazinasteunenberg/Downloads/Test/node_modules/sockjs/lib/transport.js:212:25)
    at WebSocketReceiver.didMessage (/Users/clazinasteunenberg/Downloads/Test/node_modules/sockjs/lib/trans-websocket.js:102:40)
    at /Users/clazinasteunenberg/Downloads/Test/node_modules/sockjs/lib/trans-websocket.js:75:22
    at null.<anonymous> (/Users/clazinasteunenberg/Downloads/Test/node_modules/sockjs/node_modules/faye-websocket/lib/faye/websocket/api/event_target.js:41:7)

Additional information:
user = zyphirex
ip = 68.40.166.230
roomid = spam
message = spam|/remind

TypeError: Cannot read property 'status' of undefined
    at Object.exports.commands.remind (/Users/clazinasteunenberg/Downloads/Test/commands.js:453:20)
    at Object.exports.parse (/Users/clazinasteunenberg/Downloads/Test/command-parser.js:194:31)
    at ChatRoom.chat (/Users/clazinasteunenberg/Downloads/Test/rooms.js:1461:27)
    at User.chat (/Users/clazinasteunenberg/Downloads/Test/users.js:1122:9)
    at SockJSConnection.<anonymous> (/Users/clazinasteunenberg/Downloads/Test/app.js:513:14)
    at SockJSConnection.EventEmitter.emit (events.js:95:17)
    at Session.didMessage (/Users/clazinasteunenberg/Downloads/Test/node_modules/sockjs/lib/transport.js:212:25)
    at WebSocketReceiver.didMessage (/Users/clazinasteunenberg/Downloads/Test/node_modules/sockjs/lib/trans-websocket.js:102:40)
    at /Users/clazinasteunenberg/Downloads/Test/node_modules/sockjs/lib/trans-websocket.js:75:22
    at null.<anonymous> (/Users/clazinasteunenberg/Downloads/Test/node_modules/sockjs/node_modules/faye-websocket/lib/faye/websocket/api/event_target.js:41:7)

Additional information:
user = zyphirex
ip = 68.40.166.230
roomid = spam
message = spam|/remind

TypeError: Cannot read property 'status' of undefined
    at Object.exports.commands.tour (/Users/clazinasteunenberg/Downloads/Test/commands.js:232:20)
    at Object.exports.parse (/Users/clazinasteunenberg/Downloads/Test/command-parser.js:194:31)
    at ChatRoom.chat (/Users/clazinasteunenberg/Downloads/Test/rooms.js:1461:27)
    at User.chat (/Users/clazinasteunenberg/Downloads/Test/users.js:1122:9)
    at SockJSConnection.<anonymous> (/Users/clazinasteunenberg/Downloads/Test/app.js:513:14)
    at SockJSConnection.EventEmitter.emit (events.js:95:17)
    at Session.didMessage (/Users/clazinasteunenberg/Downloads/Test/node_modules/sockjs/lib/transport.js:212:25)
    at WebSocketReceiver.didMessage (/Users/clazinasteunenberg/Downloads/Test/node_modules/sockjs/lib/trans-websocket.js:102:40)
    at /Users/clazinasteunenberg/Downloads/Test/node_modules/sockjs/lib/trans-websocket.js:75:22
    at null.<anonymous> (/Users/clazinasteunenberg/Downloads/Test/node_modules/sockjs/node_modules/faye-websocket/lib/faye/websocket/api/event_target.js:41:7)

Additional information:
user = zyphirex
ip = 68.40.166.230
roomid = spam
message = spam|/tour ou, 3

TypeError: Cannot read property 'status' of undefined
    at Object.exports.commands.endtour (/Users/clazinasteunenberg/Downloads/Test/commands.js:271:20)
    at Object.exports.parse (/Users/clazinasteunenberg/Downloads/Test/command-parser.js:194:31)
    at ChatRoom.chat (/Users/clazinasteunenberg/Downloads/Test/rooms.js:1461:27)
    at User.chat (/Users/clazinasteunenberg/Downloads/Test/users.js:1122:9)
    at SockJSConnection.<anonymous> (/Users/clazinasteunenberg/Downloads/Test/app.js:513:14)
    at SockJSConnection.EventEmitter.emit (events.js:95:17)
    at Session.didMessage (/Users/clazinasteunenberg/Downloads/Test/node_modules/sockjs/lib/transport.js:212:25)
    at WebSocketReceiver.didMessage (/Users/clazinasteunenberg/Downloads/Test/node_modules/sockjs/lib/trans-websocket.js:102:40)
    at /Users/clazinasteunenberg/Downloads/Test/node_modules/sockjs/lib/trans-websocket.js:75:22
    at null.<anonymous> (/Users/clazinasteunenberg/Downloads/Test/node_modules/sockjs/node_modules/faye-websocket/lib/faye/websocket/api/event_target.js:41:7)

Additional information:
user = zyphirex
ip = 68.40.166.230
roomid = spam
message = spam|/endtour

TypeError: Cannot read property 'status' of undefined
    at Object.exports.commands.tour (/Users/clazinasteunenberg/Downloads/Test/commands.js:232:20)
    at Object.exports.parse (/Users/clazinasteunenberg/Downloads/Test/command-parser.js:194:31)
    at ChatRoom.chat (/Users/clazinasteunenberg/Downloads/Test/rooms.js:1461:27)
    at User.chat (/Users/clazinasteunenberg/Downloads/Test/users.js:1122:9)
    at SockJSConnection.<anonymous> (/Users/clazinasteunenberg/Downloads/Test/app.js:513:14)
    at SockJSConnection.EventEmitter.emit (events.js:95:17)
    at Session.didMessage (/Users/clazinasteunenberg/Downloads/Test/node_modules/sockjs/lib/transport.js:212:25)
    at WebSocketReceiver.didMessage (/Users/clazinasteunenberg/Downloads/Test/node_modules/sockjs/lib/trans-websocket.js:102:40)
    at /Users/clazinasteunenberg/Downloads/Test/node_modules/sockjs/lib/trans-websocket.js:75:22
    at null.<anonymous> (/Users/clazinasteunenberg/Downloads/Test/node_modules/sockjs/node_modules/faye-websocket/lib/faye/websocket/api/event_target.js:41:7)

Additional information:
user = zyphirex
ip = 68.40.166.230
roomid = spam
message = spam|/tour

TypeError: Cannot read property 'status' of undefined
    at Object.exports.commands.tour (/Users/clazinasteunenberg/Downloads/Test/commands.js:232:20)
    at Object.exports.parse (/Users/clazinasteunenberg/Downloads/Test/command-parser.js:194:31)
    at ChatRoom.chat (/Users/clazinasteunenberg/Downloads/Test/rooms.js:1461:27)
    at User.chat (/Users/clazinasteunenberg/Downloads/Test/users.js:1122:9)
    at SockJSConnection.<anonymous> (/Users/clazinasteunenberg/Downloads/Test/app.js:513:14)
    at SockJSConnection.EventEmitter.emit (events.js:95:17)
    at Session.didMessage (/Users/clazinasteunenberg/Downloads/Test/node_modules/sockjs/lib/transport.js:212:25)
    at WebSocketReceiver.didMessage (/Users/clazinasteunenberg/Downloads/Test/node_modules/sockjs/lib/trans-websocket.js:102:40)
    at /Users/clazinasteunenberg/Downloads/Test/node_modules/sockjs/lib/trans-websocket.js:75:22
    at null.<anonymous> (/Users/clazinasteunenberg/Downloads/Test/node_modules/sockjs/node_modules/faye-websocket/lib/faye/websocket/api/event_target.js:41:7)

Additional information:
user = zyphirex
ip = 68.40.166.230
roomid = spam
message = spam|/tour

TypeError: Cannot read property 'status' of undefined
    at Object.exports.commands.tour (/Users/clazinasteunenberg/Downloads/Test/commands.js:232:20)
    at Object.exports.parse (/Users/clazinasteunenberg/Downloads/Test/command-parser.js:194:31)
    at ChatRoom.chat (/Users/clazinasteunenberg/Downloads/Test/rooms.js:1461:27)
    at User.chat (/Users/clazinasteunenberg/Downloads/Test/users.js:1122:9)
    at SockJSConnection.<anonymous> (/Users/clazinasteunenberg/Downloads/Test/app.js:513:14)
    at SockJSConnection.EventEmitter.emit (events.js:95:17)
    at Session.didMessage (/Users/clazinasteunenberg/Downloads/Test/node_modules/sockjs/lib/transport.js:212:25)
    at WebSocketReceiver.didMessage (/Users/clazinasteunenberg/Downloads/Test/node_modules/sockjs/lib/trans-websocket.js:102:40)
    at /Users/clazinasteunenberg/Downloads/Test/node_modules/sockjs/lib/trans-websocket.js:75:22
    at null.<anonymous> (/Users/clazinasteunenberg/Downloads/Test/node_modules/sockjs/node_modules/faye-websocket/lib/faye/websocket/api/event_target.js:41:7)

Additional information:
user = zyphirex
ip = 68.40.166.230
roomid = spam
message = spam|/tour

TypeError: Cannot read property 'status' of undefined
    at Object.exports.commands.tour (/Users/clazinasteunenberg/Downloads/Test/commands.js:232:20)
    at Object.exports.parse (/Users/clazinasteunenberg/Downloads/Test/command-parser.js:194:31)
    at ChatRoom.chat (/Users/clazinasteunenberg/Downloads/Test/rooms.js:1461:27)
    at User.processChatQueue (/Users/clazinasteunenberg/Downloads/Test/users.js:1136:13)
    at Timer.listOnTimeout [as ontimeout] (timers.js:110:15)

TypeError: Cannot read property '0' of undefined
    at BattleRoom.win (/Users/clazinasteunenberg/Downloads/Test/rooms.js:617:33)
    at Simulator.receive (/Users/clazinasteunenberg/Downloads/Test/simulator.js:154:14)
    at ChildProcess.<anonymous> (/Users/clazinasteunenberg/Downloads/Test/simulator.js:23:9)
    at ChildProcess.EventEmitter.emit (events.js:98:17)
    at handleMessage (child_process.js:318:10)
    at Pipe.channel.onread (child_process.js:345:11)

TypeError: Cannot read property '0' of undefined
    at BattleRoom.win (/Users/clazinasteunenberg/Downloads/Test/rooms.js:617:33)
    at Simulator.receive (/Users/clazinasteunenberg/Downloads/Test/simulator.js:154:14)
    at ChildProcess.<anonymous> (/Users/clazinasteunenberg/Downloads/Test/simulator.js:23:9)
    at ChildProcess.EventEmitter.emit (events.js:98:17)
    at handleMessage (child_process.js:318:10)
    at Pipe.channel.onread (child_process.js:345:11)

TypeError: Cannot read property '0' of undefined
    at BattleRoom.win (/Users/clazinasteunenberg/Downloads/Test/rooms.js:617:33)
    at Simulator.receive (/Users/clazinasteunenberg/Downloads/Test/simulator.js:154:14)
    at ChildProcess.<anonymous> (/Users/clazinasteunenberg/Downloads/Test/simulator.js:23:9)
    at ChildProcess.EventEmitter.emit (events.js:98:17)
    at handleMessage (child_process.js:318:10)
    at Pipe.channel.onread (child_process.js:345:11)

TypeError: Cannot read property '0' of undefined
    at BattleRoom.win (/Users/clazinasteunenberg/Downloads/Test/rooms.js:617:33)
    at Simulator.receive (/Users/clazinasteunenberg/Downloads/Test/simulator.js:154:14)
    at ChildProcess.<anonymous> (/Users/clazinasteunenberg/Downloads/Test/simulator.js:23:9)
    at ChildProcess.EventEmitter.emit (events.js:98:17)
    at handleMessage (child_process.js:318:10)
    at Pipe.channel.onread (child_process.js:345:11)
